$ python iron_run.py <ignite-xdna worktree> yolow_vocab_detect.py <container> <GPTQ model> <FP32 cut model> <vocabulary: person, bus, window, road sign, shoe> <guides> assets/bus.jpg
replaced: {'/model.12/attn/': ['/model.12/attn/Reshape_output_0'], '/model.15/attn/': ['/model.15/attn/Reshape_output_0'], '/model.18/attn/': ['/model.18/attn/Reshape_output_0'], '/model.21/attn/': ['/model.21/attn/Reshape_output_0']}
container: 12 detections
    person     0.901  x   52.0 y  399.9 w  190.9 h  505.4
    person     0.873  x  665.0 y  381.2 w  144.4 h  495.6
    person     0.838  x  220.7 y  402.2 w  121.0 h  458.5
    shoe       0.790  x  174.4 y  852.2 w   70.3 h   46.3
    bus        0.685  x   17.7 y  125.6 w  787.5 h  630.4
    person     0.514  x    0.0 y  538.6 w   76.4 h  337.9
    shoe       0.489  x  669.0 y  823.4 w   71.8 h   52.5
    road sign  0.447  x   -0.0 y  324.0 w   39.7 h   48.3
    road sign  0.438  x  424.7 y  150.8 w  109.2 h   43.2
    shoe       0.387  x   52.3 y  851.2 w   52.4 h   50.0
    road sign  0.376  x  446.2 y  169.9 w   80.2 h   24.5
    road sign  0.312  x   -0.0 y  255.7 w   33.1 h   69.1
ort-xint8: 12 detections
    person     0.901  x   52.0 y  399.9 w  190.9 h  505.4
    person     0.873  x  665.0 y  381.2 w  144.4 h  495.6
    person     0.838  x  220.7 y  402.2 w  121.0 h  458.5
    shoe       0.790  x  174.4 y  852.2 w   70.3 h   46.3
    bus        0.685  x   17.7 y  125.6 w  787.5 h  630.4
    person     0.514  x    0.0 y  538.6 w   76.4 h  337.9
    shoe       0.489  x  669.0 y  823.4 w   71.8 h   52.5
    road sign  0.447  x   -0.0 y  324.0 w   39.7 h   48.3
    road sign  0.438  x  424.7 y  150.8 w  109.2 h   43.2
    shoe       0.387  x   52.3 y  851.2 w   52.4 h   50.0
    road sign  0.376  x  446.2 y  169.9 w   80.2 h   24.5
    road sign  0.312  x   -0.0 y  255.7 w   33.1 h   69.1
ort-fp32: 8 detections
    person     0.903  x  668.4 y  392.7 w  141.4 h  484.7
    person     0.899  x   50.1 y  397.7 w  196.1 h  505.3
    person     0.892  x  222.0 y  406.5 w  123.3 h  451.6
    bus        0.880  x   23.8 y  231.2 w  779.4 h  511.4
    person     0.711  x    0.6 y  545.4 w   78.7 h  329.1
    shoe       0.380  x  174.5 y  851.9 w   71.4 h   46.1
    shoe       0.313  x  669.6 y  822.3 w   71.3 h   55.5
    shoe       0.301  x   52.0 y  850.0 w   54.7 h   50.3
container heads IDENTICAL to ort-xint8; detections identical
