$ python iron_run.py <ignite-xdna worktree> yolow_pipeline_npu_check.py <scratch>/yolow/yolow_gptqcv2.ignite models/yolow_text_encoder.onnx models/yolow_text.npz assets/bus.jpg --frames 50  (YoloWorldPipeline: numpy ingress, set_classes, native ingress timing; not a sitting)
ignite_xdna from <ignite-xdna worktree>\src\ignite_xdna\__init__.py
open with 5 classes: 565 ms
numpy ingress, ['person', 'bus', 'window', 'road sign', 'shoe']: 12 detections
    person       0.901  x   52.0 y  399.9 w  190.9 h  505.4
    person       0.873  x  665.0 y  381.2 w  144.4 h  495.6
    person       0.838  x  220.7 y  402.2 w  121.0 h  458.5
    shoe         0.790  x  174.4 y  852.2 w   70.3 h   46.3
    bus          0.685  x   17.7 y  125.6 w  787.5 h  630.4
    person       0.514  x    0.0 y  538.6 w   76.4 h  337.9
    shoe         0.489  x  669.0 y  823.4 w   71.8 h   52.5
    road sign    0.447  x   -0.0 y  324.0 w   39.7 h   48.3
    road sign    0.438  x  424.7 y  150.8 w  109.2 h   43.2
    shoe         0.387  x   52.3 y  851.2 w   52.4 h   50.0
    road sign    0.376  x  446.2 y  169.9 w   80.2 h   24.5
    road sign    0.312  x   -0.0 y  255.7 w   33.1 h   69.1
set_classes(6) on the open session: 90.1 ms
numpy ingress, ['backpack', 'wheel', 'hat', 'glasses', 'jacket', 'street lamp']: 3 detections
    glasses      0.425  x  260.9 y  433.7 w   52.1 h   20.0
    street lamp  0.323  x  179.4 y  304.0 w  102.2 h  252.4
    jacket       0.282  x   57.5 y  458.3 w  146.3 h  245.2
native ingress, ['person', 'bus', 'window', 'road sign', 'shoe']: 12 detections
    person       0.905  x  662.3 y  382.5 w  147.1 h  491.4
    person       0.866  x   52.4 y  398.6 w  190.6 h  506.8
    person       0.850  x  220.8 y  399.6 w  120.7 h  454.7
    shoe         0.768  x  174.8 y  851.7 w   71.5 h   45.5
    bus          0.715  x   -4.9 y   80.7 w  810.1 h  675.3
    road sign    0.591  x  424.7 y  150.1 w  109.4 h   45.7
    person       0.576  x    1.7 y  540.6 w   84.4 h  346.5
    road sign    0.567  x   -0.9 y  324.0 w   40.6 h   57.1
    shoe         0.537  x   49.2 y  851.7 w   57.1 h   46.8
    road sign    0.447  x   -0.0 y  254.9 w   33.6 h   70.7
    shoe         0.427  x  670.2 y  823.5 w   71.5 h   54.0
    shoe         0.253  x  255.6 y  820.9 w   36.9 h   37.7
native ingress, 50 frames, means: preprocess 0.608, npu_forward 28.248 (dispatch 18.673, host 8.673, readback 0.878), postprocess 10.913, glass-to-glass 39.770 ms
