RESEARCH_PLATFORM {"machine": "Desktop 2", "cpu": "AMD Ryzen 7 8700G w/ Radeon 780M Graphics", "os": "Windows-11-10.0.26200-SP0", "ram_bytes": 33381138432, "source_sha256": {"tools/research_process.py": "ffeb1857f190b482eed101b5f5a928f455de26bfa61d23f78a2eacec08e2663e", "tools/quant_calib_alphabet.py": "2dc0b2878c564853f340880209a425dfcf63b8536b2b8e9fd32344daade58d37", "tools/xint8_arithmetic_probe.py": "6aa3df08b9870c3c2264b868459d7ffbac3070dddc1349d7c6f3f480075f7041", "scripts/research-lowlevel.sh": "3455ad7933697936487712665505c216891865c6deada647302785f6e37020bd", "scripts/research-iron.sh": "4c863a262646ddab39b5005006ba8e03809895e6386c6310e2fd9d0a9e9609ee", "kernels/memory_placement/probe.py": "e8d990169ad6091fa1b53852e9f61eff495b5def72d35165a5c5cf1759e38898", "kernels/memory_placement/memory_kernels.cc": "182e7af7071a1e851afb4a7ca266069c489aea1fbaaa85eca129708daeba5ba6", "scripts/research-matrix.sh": "739254171629deae822b0ad7dabc875aee19ace56dde77d3e8aab61663f97516", "kernels/memory_placement/gemm.py": "17c905ad66110d3346bbf0db898dfc6b780df59fae1dfb0c1747057ce1e5844e", "kernels/memory_placement/gemm_placement.cc": "f21acf7250b12914ea30cc1f77613239dfa18421a85a1b9a5199017dd916278a", "tools/research_summary.py": "0c00dcceef07053d06731b41a1f1ed58d3ba4ea09f82497de354ce9cef17da20", "tools/research_toolchain.py": "f0a126a24ae213acfaa43460cfd9def0c86d9cb70cfee0228aa271688467b314"}, "commit": "c64609fbf8a9e23a6ffa34d5416ec2624b2f8cda", "command": ["python", "tools/bf16_engine_vs_oracle.py", "--qdq", "models/sesr_m7_xint8.onnx", "--fp32", "models/sesr_m7_fp32.onnx", "--input-npy", "scratch/bf16_vs_oracle/baby.npy", "--input-npy", "scratch/bf16_vs_oracle/bird.npy", "--input-npy", "scratch/bf16_vs_oracle/butterfly.npy", "--input-npy", "scratch/bf16_vs_oracle/head.npy", "--input-npy", "scratch/bf16_vs_oracle/woman.npy", "--seed", "0"], "seconds_limit": 1500.0, "rss_gib_limit": 8, "checks_only": true, "free_ram_bytes": 17869873152}
BF16_VS_ORACLE_SETUP {"fp32": "sesr_m7_fp32.onnx", "inputs": ["scratch/bf16_vs_oracle/baby.npy sha256 3eaee93d4f2dbd0c", "scratch/bf16_vs_oracle/bird.npy sha256 87eef22872843c7d", "scratch/bf16_vs_oracle/butterfly.npy sha256 414acd4987325738", "scratch/bf16_vs_oracle/head.npy sha256 2a51baf4bf9b4fd1", "scratch/bf16_vs_oracle/woman.npy sha256 22f2db7f22e10697", "seeded integers [-128,127], seed 0"], "mac_model": "aligned", "mac_model_in_force": "aligned", "machine": "DESKTOP-CBL5NUA", "modules": {"src/ignite_xdna/compiler/engine_bf16_emulator.py": "9f4fe7c72fdb1b67", "src/ignite_xdna/compiler/engine_schedule_bf16.py": "4b0cc3091bc044fe", "src/ignite_xdna/compiler/graph_reference_bf16.py": "7dec197ba5f0e555", "tools/bf16_engine_vs_oracle.py": "e70ad6084c9fddaa", "tools/w8a16_oracle.py": "872cd9e8cd0a4b23"}, "qdq": "sesr_m7_xint8.onnx", "schedule_background": "0x7fc0"}
HOST_TIMELINE {"elapsed_seconds": 3.656, "tree_rss_bytes": 191496192, "foreign_peers": []}
HOST_TIMELINE {"elapsed_seconds": 7.203, "tree_rss_bytes": 200273920, "foreign_peers": []}
HOST_TIMELINE {"elapsed_seconds": 10.765, "tree_rss_bytes": 207503360, "foreign_peers": []}
HOST_TIMELINE {"elapsed_seconds": 14.343, "tree_rss_bytes": 212635648, "foreign_peers": []}
HOST_TIMELINE {"elapsed_seconds": 18.046, "tree_rss_bytes": 218505216, "foreign_peers": []}
HOST_TIMELINE {"elapsed_seconds": 21.625, "tree_rss_bytes": 224579584, "foreign_peers": []}
HOST_TIMELINE {"elapsed_seconds": 25.187, "tree_rss_bytes": 226828288, "foreign_peers": []}
HOST_TIMELINE {"elapsed_seconds": 28.718, "tree_rss_bytes": 228614144, "foreign_peers": []}
HOST_TIMELINE {"elapsed_seconds": 32.375, "tree_rss_bytes": 246247424, "foreign_peers": []}
HOST_TIMELINE {"elapsed_seconds": 36.031, "tree_rss_bytes": 238559232, "foreign_peers": []}
HOST_TIMELINE {"elapsed_seconds": 39.703, "tree_rss_bytes": 240037888, "foreign_peers": []}
HOST_TIMELINE {"elapsed_seconds": 43.359, "tree_rss_bytes": 241152000, "foreign_peers": []}
HOST_TIMELINE {"elapsed_seconds": 47.015, "tree_rss_bytes": 238096384, "foreign_peers": []}
HOST_TIMELINE {"elapsed_seconds": 50.625, "tree_rss_bytes": 239628288, "foreign_peers": []}
HOST_TIMELINE {"elapsed_seconds": 54.265, "tree_rss_bytes": 238469120, "foreign_peers": []}
HOST_TIMELINE {"elapsed_seconds": 57.937, "tree_rss_bytes": 240869376, "foreign_peers": []}
HOST_TIMELINE {"elapsed_seconds": 62.015, "tree_rss_bytes": 241242112, "foreign_peers": []}
HOST_TIMELINE {"elapsed_seconds": 65.687, "tree_rss_bytes": 242417664, "foreign_peers": []}
HOST_TIMELINE {"elapsed_seconds": 69.312, "tree_rss_bytes": 242831360, "foreign_peers": []}
HOST_TIMELINE {"elapsed_seconds": 73.046, "tree_rss_bytes": 243343360, "foreign_peers": []}
HOST_TIMELINE {"elapsed_seconds": 76.734, "tree_rss_bytes": 242831360, "foreign_peers": []}
HOST_TIMELINE {"elapsed_seconds": 80.328, "tree_rss_bytes": 243216384, "foreign_peers": []}
HOST_TIMELINE {"elapsed_seconds": 83.937, "tree_rss_bytes": 243216384, "foreign_peers": []}
HOST_TIMELINE {"elapsed_seconds": 87.531, "tree_rss_bytes": 243232768, "foreign_peers": []}
HOST_TIMELINE {"elapsed_seconds": 91.203, "tree_rss_bytes": 326025216, "foreign_peers": []}
HOST_TIMELINE {"elapsed_seconds": 94.765, "tree_rss_bytes": 334368768, "foreign_peers": []}
HOST_TIMELINE {"elapsed_seconds": 98.562, "tree_rss_bytes": 341065728, "foreign_peers": []}
HOST_TIMELINE {"elapsed_seconds": 102.25, "tree_rss_bytes": 346357760, "foreign_peers": []}
HOST_TIMELINE {"elapsed_seconds": 105.796, "tree_rss_bytes": 352198656, "foreign_peers": []}
HOST_TIMELINE {"elapsed_seconds": 109.531, "tree_rss_bytes": 358957056, "foreign_peers": []}
HOST_TIMELINE {"elapsed_seconds": 113.187, "tree_rss_bytes": 362196992, "foreign_peers": []}
HOST_TIMELINE {"elapsed_seconds": 117.421, "tree_rss_bytes": 314298368, "foreign_peers": []}
HOST_TIMELINE {"elapsed_seconds": 121.015, "tree_rss_bytes": 320643072, "foreign_peers": []}
HOST_TIMELINE {"elapsed_seconds": 124.953, "tree_rss_bytes": 322670592, "foreign_peers": []}
HOST_TIMELINE {"elapsed_seconds": 128.578, "tree_rss_bytes": 323518464, "foreign_peers": []}
HOST_TIMELINE {"elapsed_seconds": 132.343, "tree_rss_bytes": 344739840, "foreign_peers": []}
HOST_TIMELINE {"elapsed_seconds": 136.296, "tree_rss_bytes": 322072576, "foreign_peers": []}
HOST_TIMELINE {"elapsed_seconds": 140.187, "tree_rss_bytes": 324079616, "foreign_peers": []}
HOST_TIMELINE {"elapsed_seconds": 143.89, "tree_rss_bytes": 322703360, "foreign_peers": []}
HOST_TIMELINE {"elapsed_seconds": 147.531, "tree_rss_bytes": 324145152, "foreign_peers": []}
HOST_TIMELINE {"elapsed_seconds": 151.218, "tree_rss_bytes": 312586240, "foreign_peers": []}
HOST_TIMELINE {"elapsed_seconds": 154.906, "tree_rss_bytes": 312963072, "foreign_peers": []}
HOST_TIMELINE {"elapsed_seconds": 158.875, "tree_rss_bytes": 313450496, "foreign_peers": []}
HOST_TIMELINE {"elapsed_seconds": 162.687, "tree_rss_bytes": 313016320, "foreign_peers": []}
HOST_TIMELINE {"elapsed_seconds": 166.765, "tree_rss_bytes": 313245696, "foreign_peers": []}
HOST_TIMELINE {"elapsed_seconds": 170.421, "tree_rss_bytes": 313651200, "foreign_peers": []}
HOST_TIMELINE {"elapsed_seconds": 174.187, "tree_rss_bytes": 313221120, "foreign_peers": []}
HOST_TIMELINE {"elapsed_seconds": 177.984, "tree_rss_bytes": 279932928, "foreign_peers": []}
HOST_TIMELINE {"elapsed_seconds": 181.812, "tree_rss_bytes": 342376448, "foreign_peers": []}
HOST_TIMELINE {"elapsed_seconds": 185.468, "tree_rss_bytes": 348803072, "foreign_peers": []}
HOST_TIMELINE {"elapsed_seconds": 189.125, "tree_rss_bytes": 355188736, "foreign_peers": []}
HOST_TIMELINE {"elapsed_seconds": 192.703, "tree_rss_bytes": 361140224, "foreign_peers": []}
HOST_TIMELINE {"elapsed_seconds": 196.281, "tree_rss_bytes": 367587328, "foreign_peers": []}
HOST_TIMELINE {"elapsed_seconds": 199.984, "tree_rss_bytes": 372383744, "foreign_peers": []}
HOST_TIMELINE {"elapsed_seconds": 203.703, "tree_rss_bytes": 375529472, "foreign_peers": []}
HOST_TIMELINE {"elapsed_seconds": 207.531, "tree_rss_bytes": 328712192, "foreign_peers": []}
HOST_TIMELINE {"elapsed_seconds": 210.953, "tree_rss_bytes": 334905344, "foreign_peers": []}
HOST_TIMELINE {"elapsed_seconds": 214.593, "tree_rss_bytes": 336195584, "foreign_peers": []}
HOST_TIMELINE {"elapsed_seconds": 218.093, "tree_rss_bytes": 337420288, "foreign_peers": []}
HOST_TIMELINE {"elapsed_seconds": 221.546, "tree_rss_bytes": 333463552, "foreign_peers": []}
HOST_TIMELINE {"elapsed_seconds": 225.031, "tree_rss_bytes": 335974400, "foreign_peers": []}
HOST_TIMELINE {"elapsed_seconds": 228.578, "tree_rss_bytes": 337174528, "foreign_peers": []}
HOST_TIMELINE {"elapsed_seconds": 232.171, "tree_rss_bytes": 335720448, "foreign_peers": []}
HOST_TIMELINE {"elapsed_seconds": 235.687, "tree_rss_bytes": 337301504, "foreign_peers": []}
HOST_TIMELINE {"elapsed_seconds": 239.296, "tree_rss_bytes": 325931008, "foreign_peers": []}
HOST_TIMELINE {"elapsed_seconds": 242.75, "tree_rss_bytes": 326234112, "foreign_peers": []}
HOST_TIMELINE {"elapsed_seconds": 246.281, "tree_rss_bytes": 325648384, "foreign_peers": []}
HOST_TIMELINE {"elapsed_seconds": 249.812, "tree_rss_bytes": 326344704, "foreign_peers": []}
HOST_TIMELINE {"elapsed_seconds": 253.203, "tree_rss_bytes": 326193152, "foreign_peers": []}
HOST_TIMELINE {"elapsed_seconds": 256.718, "tree_rss_bytes": 326578176, "foreign_peers": []}
HOST_TIMELINE {"elapsed_seconds": 260.14, "tree_rss_bytes": 327274496, "foreign_peers": []}
HOST_TIMELINE {"elapsed_seconds": 263.656, "tree_rss_bytes": 326451200, "foreign_peers": []}
HOST_TIMELINE {"elapsed_seconds": 267.203, "tree_rss_bytes": 339709952, "foreign_peers": []}
HOST_TIMELINE {"elapsed_seconds": 270.781, "tree_rss_bytes": 349413376, "foreign_peers": []}
HOST_TIMELINE {"elapsed_seconds": 274.312, "tree_rss_bytes": 355647488, "foreign_peers": []}
HOST_TIMELINE {"elapsed_seconds": 277.687, "tree_rss_bytes": 360673280, "foreign_peers": []}
HOST_TIMELINE {"elapsed_seconds": 281.281, "tree_rss_bytes": 367325184, "foreign_peers": []}
HOST_TIMELINE {"elapsed_seconds": 284.687, "tree_rss_bytes": 372801536, "foreign_peers": []}
HOST_TIMELINE {"elapsed_seconds": 288.125, "tree_rss_bytes": 375824384, "foreign_peers": []}
HOST_TIMELINE {"elapsed_seconds": 291.562, "tree_rss_bytes": 327503872, "foreign_peers": []}
HOST_TIMELINE {"elapsed_seconds": 295.046, "tree_rss_bytes": 346005504, "foreign_peers": []}
HOST_TIMELINE {"elapsed_seconds": 298.562, "tree_rss_bytes": 335421440, "foreign_peers": []}
HOST_TIMELINE {"elapsed_seconds": 301.921, "tree_rss_bytes": 336846848, "foreign_peers": []}
HOST_TIMELINE {"elapsed_seconds": 305.453, "tree_rss_bytes": 338690048, "foreign_peers": []}
HOST_TIMELINE {"elapsed_seconds": 309.0, "tree_rss_bytes": 335110144, "foreign_peers": []}
HOST_TIMELINE {"elapsed_seconds": 312.359, "tree_rss_bytes": 337063936, "foreign_peers": []}
HOST_TIMELINE {"elapsed_seconds": 315.89, "tree_rss_bytes": 336134144, "foreign_peers": []}
HOST_TIMELINE {"elapsed_seconds": 319.406, "tree_rss_bytes": 337510400, "foreign_peers": []}
HOST_TIMELINE {"elapsed_seconds": 322.968, "tree_rss_bytes": 326422528, "foreign_peers": []}
HOST_TIMELINE {"elapsed_seconds": 326.578, "tree_rss_bytes": 326864896, "foreign_peers": []}
HOST_TIMELINE {"elapsed_seconds": 330.125, "tree_rss_bytes": 326717440, "foreign_peers": []}
HOST_TIMELINE {"elapsed_seconds": 333.593, "tree_rss_bytes": 327335936, "foreign_peers": []}
HOST_TIMELINE {"elapsed_seconds": 337.14, "tree_rss_bytes": 326881280, "foreign_peers": []}
HOST_TIMELINE {"elapsed_seconds": 340.687, "tree_rss_bytes": 327884800, "foreign_peers": []}
HOST_TIMELINE {"elapsed_seconds": 344.234, "tree_rss_bytes": 327266304, "foreign_peers": []}
HOST_TIMELINE {"elapsed_seconds": 347.765, "tree_rss_bytes": 327282688, "foreign_peers": []}
HOST_TIMELINE {"elapsed_seconds": 351.343, "tree_rss_bytes": 341626880, "foreign_peers": []}
HOST_TIMELINE {"elapsed_seconds": 354.875, "tree_rss_bytes": 349872128, "foreign_peers": []}
HOST_TIMELINE {"elapsed_seconds": 358.39, "tree_rss_bytes": 356425728, "foreign_peers": []}
HOST_TIMELINE {"elapsed_seconds": 361.781, "tree_rss_bytes": 362057728, "foreign_peers": []}
HOST_TIMELINE {"elapsed_seconds": 365.328, "tree_rss_bytes": 368558080, "foreign_peers": []}
HOST_TIMELINE {"elapsed_seconds": 368.812, "tree_rss_bytes": 373731328, "foreign_peers": []}
HOST_TIMELINE {"elapsed_seconds": 372.281, "tree_rss_bytes": 376848384, "foreign_peers": []}
HOST_TIMELINE {"elapsed_seconds": 375.718, "tree_rss_bytes": 378634240, "foreign_peers": []}
HOST_TIMELINE {"elapsed_seconds": 379.171, "tree_rss_bytes": 335478784, "foreign_peers": []}
HOST_TIMELINE {"elapsed_seconds": 382.781, "tree_rss_bytes": 336515072, "foreign_peers": []}
HOST_TIMELINE {"elapsed_seconds": 386.203, "tree_rss_bytes": 338501632, "foreign_peers": []}
HOST_TIMELINE {"elapsed_seconds": 389.734, "tree_rss_bytes": 339644416, "foreign_peers": []}
HOST_TIMELINE {"elapsed_seconds": 393.296, "tree_rss_bytes": 336797696, "foreign_peers": []}
HOST_TIMELINE {"elapsed_seconds": 396.843, "tree_rss_bytes": 338853888, "foreign_peers": []}
HOST_TIMELINE {"elapsed_seconds": 400.328, "tree_rss_bytes": 338436096, "foreign_peers": []}
HOST_TIMELINE {"elapsed_seconds": 403.765, "tree_rss_bytes": 339578880, "foreign_peers": []}
HOST_TIMELINE {"elapsed_seconds": 407.296, "tree_rss_bytes": 327835648, "foreign_peers": []}
HOST_TIMELINE {"elapsed_seconds": 410.843, "tree_rss_bytes": 328761344, "foreign_peers": []}
HOST_TIMELINE {"elapsed_seconds": 414.359, "tree_rss_bytes": 326135808, "foreign_peers": []}
HOST_TIMELINE {"elapsed_seconds": 417.875, "tree_rss_bytes": 328458240, "foreign_peers": []}
HOST_TIMELINE {"elapsed_seconds": 421.296, "tree_rss_bytes": 325607424, "foreign_peers": []}
HOST_TIMELINE {"elapsed_seconds": 424.703, "tree_rss_bytes": 327868416, "foreign_peers": []}
HOST_TIMELINE {"elapsed_seconds": 428.062, "tree_rss_bytes": 327303168, "foreign_peers": []}
HOST_TIMELINE {"elapsed_seconds": 431.546, "tree_rss_bytes": 328941568, "foreign_peers": []}
HOST_TIMELINE {"elapsed_seconds": 435.046, "tree_rss_bytes": 339034112, "foreign_peers": []}
HOST_TIMELINE {"elapsed_seconds": 438.5, "tree_rss_bytes": 347283456, "foreign_peers": []}
HOST_TIMELINE {"elapsed_seconds": 442.031, "tree_rss_bytes": 353673216, "foreign_peers": []}
HOST_TIMELINE {"elapsed_seconds": 445.546, "tree_rss_bytes": 359116800, "foreign_peers": []}
HOST_TIMELINE {"elapsed_seconds": 448.984, "tree_rss_bytes": 365072384, "foreign_peers": []}
HOST_TIMELINE {"elapsed_seconds": 452.5, "tree_rss_bytes": 372367360, "foreign_peers": []}
HOST_TIMELINE {"elapsed_seconds": 455.875, "tree_rss_bytes": 374276096, "foreign_peers": []}
HOST_TIMELINE {"elapsed_seconds": 459.328, "tree_rss_bytes": 376774656, "foreign_peers": []}
HOST_TIMELINE {"elapsed_seconds": 462.734, "tree_rss_bytes": 333008896, "foreign_peers": []}
HOST_TIMELINE {"elapsed_seconds": 466.312, "tree_rss_bytes": 339148800, "foreign_peers": []}
HOST_TIMELINE {"elapsed_seconds": 469.75, "tree_rss_bytes": 335609856, "foreign_peers": []}
HOST_TIMELINE {"elapsed_seconds": 473.281, "tree_rss_bytes": 337424384, "foreign_peers": []}
HOST_TIMELINE {"elapsed_seconds": 476.828, "tree_rss_bytes": 339152896, "foreign_peers": []}
HOST_TIMELINE {"elapsed_seconds": 480.39, "tree_rss_bytes": 334630912, "foreign_peers": []}
HOST_TIMELINE {"elapsed_seconds": 483.906, "tree_rss_bytes": 335196160, "foreign_peers": []}
HOST_TIMELINE {"elapsed_seconds": 487.437, "tree_rss_bytes": 337424384, "foreign_peers": []}
HOST_TIMELINE {"elapsed_seconds": 490.921, "tree_rss_bytes": 327618560, "foreign_peers": []}
HOST_TIMELINE {"elapsed_seconds": 494.468, "tree_rss_bytes": 327237632, "foreign_peers": []}
HOST_TIMELINE {"elapsed_seconds": 497.875, "tree_rss_bytes": 326594560, "foreign_peers": []}
HOST_TIMELINE {"elapsed_seconds": 501.312, "tree_rss_bytes": 326795264, "foreign_peers": []}
HOST_TIMELINE {"elapsed_seconds": 504.718, "tree_rss_bytes": 327155712, "foreign_peers": []}
HOST_TIMELINE {"elapsed_seconds": 508.203, "tree_rss_bytes": 327008256, "foreign_peers": []}
HOST_TIMELINE {"elapsed_seconds": 511.593, "tree_rss_bytes": 327229440, "foreign_peers": []}
HOST_TIMELINE {"elapsed_seconds": 515.203, "tree_rss_bytes": 327241728, "foreign_peers": []}
input scratch/bf16_vs_oracle/baby.npy sha256 3eaee93d4f2dbd0c  mac model aligned
  layer                  ch | chained: differ    pk   ulp   rel_l2 | isolated: differ    pk  ulp | exact: eng/orc split e/o/- | sched    rnd
  /head/Conv             16 |       0/1048576  0.00     0  0.0e+00 |         0/1048576 0.00    0 |      0/0         0/  0/0   |     0      0
  /body.0/body.0.0/Conv  16 |       0/1048576  0.00     0  0.0e+00 |         0/1048576 0.00    0 |      0/0         0/  0/0   |     0      0
  /body.1/body.1.0/Conv  16 |      14/1048576  0.12     2  1.0e-05 |        14/1048576 0.12    2 |     14/2         1/ 13/0   |     0      0
  /body.2/body.2.0/Conv  16 |      11/1048576  0.12     3  1.5e-05 |         2/1048576 0.00    1 |      2/0         0/  2/0   |     0      0
  /body.3/body.3.0/Conv  16 |      52/1048576  0.25    63  3.3e-05 |         0/1048576 0.00    0 |      0/0         0/  0/0   |     0      0
  /body.4/body.4.0/Conv  16 |      91/1048576  0.12    94  5.5e-05 |         0/1048576 0.00    0 |      0/0         0/  0/0   |     0      0
  /body.5/body.5.0/Conv  16 |      11/1048576  0.06     1  3.0e-05 |         0/1048576 0.00    0 |      0/0         0/  0/0   |     0      0
  /body.6/body.6.0/Conv  16 |      23/1048576  0.06    64  5.3e-06 |         0/1048576 0.00    0 |      0/0         0/  0/0   |     0 120968
  /tail/Conv             12 |       2/786432   0.50     1  1.0e-05 |         0/786432  0.00    0 |      0/0         0/  0/0   |     0      0
  output output: differ 2/786432, max_abs 5.000e-01 = 0.50 ULP of its peak 137, max elementwise ulp 1, rel_l2 1.029e-05; against the model without the bf16 step: engine 1.6342e-03, oracle 1.6342e-03
  ok True
BF16_VS_ORACLE {"input": "scratch/bf16_vs_oracle/baby.npy sha256 3eaee93d4f2dbd0c", "layers": [{"chained": {"differ": 0, "finite": true, "max_abs": 0.0, "max_abs_peak_ulps": 0.0, "max_ulp": 0, "n": 1048576, "peak": 228.0, "rel_l2": 0.0, "zero_sign_only": 0}, "channels": 16, "exact": {"engine_differs": 0, "oracle_differs": 0, "split_engine_exact": 0, "split_neither": 0, "split_oracle_exact": 0}, "isolated": {"differ": 0, "finite": true, "max_abs": 0.0, "max_abs_peak_ulps": 0.0, "max_ulp": 0, "n": 1048576, "peak": 228.0, "rel_l2": 0.0, "zero_sign_only": 0}, "layer": "/head/Conv", "oracle_rounded_by_to_bf16": 0, "oracle_tensor": "/head/Conv_output_0", "schedule_differs_from_chained": 0}, {"chained": {"differ": 0, "finite": true, "max_abs": 0.0, "max_abs_peak_ulps": 0.0, "max_ulp": 0, "n": 1048576, "peak": 636.0, "rel_l2": 0.0, "zero_sign_only": 0}, "channels": 16, "exact": {"engine_differs": 0, "oracle_differs": 0, "split_engine_exact": 0, "split_neither": 0, "split_oracle_exact": 0}, "isolated": {"differ": 0, "finite": true, "max_abs": 0.0, "max_abs_peak_ulps": 0.0, "max_ulp": 0, "n": 1048576, "peak": 636.0, "rel_l2": 0.0, "zero_sign_only": 0}, "layer": "/body.0/body.0.0/Conv", "oracle_rounded_by_to_bf16": 0, "oracle_tensor": "/body.0/body.0.1/Relu_output_0", "schedule_differs_from_chained": 0}, {"chained": {"differ": 14, "finite": true, "max_abs": 0.5, "max_abs_peak_ulps": 0.125, "max_ulp": 2, "n": 1048576, "peak": 572.0, "rel_l2": 1.0277911562223472e-05, "zero_sign_only": 0}, "channels": 16, "exact": {"engine_differs": 14, "oracle_differs": 2, "split_engine_exact": 1, "split_neither": 0, "split_oracle_exact": 13}, "isolated": {"differ": 14, "finite": true, "max_abs": 0.5, "max_abs_peak_ulps": 0.125, "max_ulp": 2, "n": 1048576, "peak": 572.0, "rel_l2": 1.0277911562223472e-05, "zero_sign_only": 0}, "layer": "/body.1/body.1.0/Conv", "oracle_rounded_by_to_bf16": 0, "oracle_tensor": "/body.1/body.1.1/Relu_output_0", "schedule_differs_from_chained": 0}, {"chained": {"differ": 11, "finite": true, "max_abs": 0.5, "max_abs_peak_ulps": 0.125, "max_ulp": 3, "n": 1048576, "peak": 632.0, "rel_l2": 1.5349021700454332e-05, "zero_sign_only": 0}, "channels": 16, "exact": {"engine_differs": 2, "oracle_differs": 0, "split_engine_exact": 0, "split_neither": 0, "split_oracle_exact": 2}, "isolated": {"differ": 2, "finite": true, "max_abs": 0.0001220703125, "max_abs_peak_ulps": 3.0517578125e-05, "max_ulp": 1, "n": 1048576, "peak": 632.0, "rel_l2": 2.568752011206794e-09, "zero_sign_only": 0}, "layer": "/body.2/body.2.0/Conv", "oracle_rounded_by_to_bf16": 0, "oracle_tensor": "/body.2/body.2.1/Relu_output_0", "schedule_differs_from_chained": 0}, {"chained": {"differ": 52, "finite": true, "max_abs": 0.5, "max_abs_peak_ulps": 0.25, "max_ulp": 63, "n": 1048576, "peak": 496.0, "rel_l2": 3.270519605350114e-05, "zero_sign_only": 0}, "channels": 16, "exact": {"engine_differs": 0, "oracle_differs": 0, "split_engine_exact": 0, "split_neither": 0, "split_oracle_exact": 0}, "isolated": {"differ": 0, "finite": true, "max_abs": 0.0, "max_abs_peak_ulps": 0.0, "max_ulp": 0, "n": 1048576, "peak": 496.0, "rel_l2": 0.0, "zero_sign_only": 0}, "layer": "/body.3/body.3.0/Conv", "oracle_rounded_by_to_bf16": 0, "oracle_tensor": "/body.3/body.3.1/Relu_output_0", "schedule_differs_from_chained": 0}, {"chained": {"differ": 91, "finite": true, "max_abs": 1.0, "max_abs_peak_ulps": 0.125, "max_ulp": 94, "n": 1048576, "peak": 1232.0, "rel_l2": 5.548167920693548e-05, "zero_sign_only": 0}, "channels": 16, "exact": {"engine_differs": 0, "oracle_differs": 0, "split_engine_exact": 0, "split_neither": 0, "split_oracle_exact": 0}, "isolated": {"differ": 0, "finite": true, "max_abs": 0.0, "max_abs_peak_ulps": 0.0, "max_ulp": 0, "n": 1048576, "peak": 1232.0, "rel_l2": 0.0, "zero_sign_only": 0}, "layer": "/body.4/body.4.0/Conv", "oracle_rounded_by_to_bf16": 0, "oracle_tensor": "/body.4/body.4.1/Relu_output_0", "schedule_differs_from_chained": 0}, {"chained": {"differ": 11, "finite": true, "max_abs": 0.5, "max_abs_peak_ulps": 0.0625, "max_ulp": 1, "n": 1048576, "peak": 1032.0, "rel_l2": 3.027873426822748e-05, "zero_sign_only": 0}, "channels": 16, "exact": {"engine_differs": 0, "oracle_differs": 0, "split_engine_exact": 0, "split_neither": 0, "split_oracle_exact": 0}, "isolated": {"differ": 0, "finite": true, "max_abs": 0.0, "max_abs_peak_ulps": 0.0, "max_ulp": 0, "n": 1048576, "peak": 1032.0, "rel_l2": 0.0, "zero_sign_only": 0}, "layer": "/body.5/body.5.0/Conv", "oracle_rounded_by_to_bf16": 0, "oracle_tensor": "/body.5/body.5.1/Relu_output_0", "schedule_differs_from_chained": 0}, {"chained": {"differ": 23, "finite": true, "max_abs": 0.0625, "max_abs_peak_ulps": 0.0625, "max_ulp": 64, "n": 1048576, "peak": 228.0, "rel_l2": 5.318088285519922e-06, "zero_sign_only": 0}, "channels": 16, "exact": {"engine_differs": 0, "oracle_differs": 0, "split_engine_exact": 0, "split_neither": 0, "split_oracle_exact": 0}, "isolated": {"differ": 0, "finite": true, "max_abs": 0.0, "max_abs_peak_ulps": 0.0, "max_ulp": 0, "n": 1048576, "peak": 228.0, "rel_l2": 0.0, "zero_sign_only": 0}, "layer": "/body.6/body.6.0/Conv", "oracle_rounded_by_to_bf16": 120968, "oracle_tensor": "/Add_output_0", "schedule_differs_from_chained": 0}, {"chained": {"differ": 2, "finite": true, "max_abs": 0.5, "max_abs_peak_ulps": 0.5, "max_ulp": 1, "n": 786432, "peak": 137.0, "rel_l2": 1.0286440714809003e-05, "zero_sign_only": 0}, "channels": 12, "exact": {"engine_differs": 0, "oracle_differs": 0, "split_engine_exact": 0, "split_neither": 0, "split_oracle_exact": 0}, "isolated": {"differ": 0, "finite": true, "max_abs": 0.0, "max_abs_peak_ulps": 0.0, "max_ulp": 0, "n": 786432, "peak": 137.0, "rel_l2": 0.0, "zero_sign_only": 0}, "layer": "/tail/Conv", "oracle_rounded_by_to_bf16": 0, "oracle_tensor": "/tail/Conv_output_0", "schedule_differs_from_chained": 0}], "mac_model": "aligned", "ok": true, "oracle_rounding_changed_a_rounded_tensor": {}, "output": {"differ": 2, "finite": true, "max_abs": 0.5, "max_abs_peak_ulps": 0.5, "max_ulp": 1, "n": 786432, "name": "output", "peak": 137.0, "rel_l2": 1.0286440714809005e-05, "rel_l2_engine_vs_model_without_bf16": 0.0016341606905959677, "rel_l2_oracle_vs_model_without_bf16": 0.0016341718406934595, "zero_sign_only": 0}, "schedule_emulated": true}
input scratch/bf16_vs_oracle/bird.npy sha256 87eef22872843c7d  mac model aligned
  layer                  ch | chained: differ    pk   ulp   rel_l2 | isolated: differ    pk  ulp | exact: eng/orc split e/o/- | sched    rnd
  /head/Conv             16 |       0/1048576  0.00     0  0.0e+00 |         0/1048576 0.00    0 |      0/0         0/  0/0   |     0      0
  /body.0/body.0.0/Conv  16 |       0/1048576  0.00     0  0.0e+00 |         0/1048576 0.00    0 |      0/0         0/  0/0   |     0      0
  /body.1/body.1.0/Conv  16 |      11/1048576  0.02     4  8.9e-07 |        11/1048576 0.02    4 |     12/3         1/ 10/0   |     0      0
  /body.2/body.2.0/Conv  16 |      12/1048576  0.06     4  4.4e-06 |         1/1048576 0.00    1 |      1/2         1/  0/0   |     0      0
  /body.3/body.3.0/Conv  16 |      28/1048576  0.06     4  8.7e-06 |         1/1048576 0.06    1 |      1/0         0/  1/0   |     0      0
  /body.4/body.4.0/Conv  16 |      49/1048576  0.06     7  2.8e-05 |         2/1048576 0.00    1 |      3/1         0/  2/0   |     0      0
  /body.5/body.5.0/Conv  16 |      30/1048576  0.12    15  5.3e-05 |         0/1048576 0.00    0 |      0/0         0/  0/0   |     0      0
  /body.6/body.6.0/Conv  16 |      46/1048576  0.02    32  3.0e-06 |         0/1048576 0.00    0 |      0/0         0/  0/0   |     0 105850
  /tail/Conv             12 |      13/786432   0.50     1  7.6e-06 |         0/786432  0.00    0 |      0/0         0/  0/0   |     0      0
  output output: differ 13/786432, max_abs 5.000e-01 = 0.50 ULP of its peak 136, max elementwise ulp 1, rel_l2 7.636e-06; against the model without the bf16 step: engine 1.7382e-03, oracle 1.7382e-03
  ok True
BF16_VS_ORACLE {"input": "scratch/bf16_vs_oracle/bird.npy sha256 87eef22872843c7d", "layers": [{"chained": {"differ": 0, "finite": true, "max_abs": 0.0, "max_abs_peak_ulps": 0.0, "max_ulp": 0, "n": 1048576, "peak": 268.0, "rel_l2": 0.0, "zero_sign_only": 0}, "channels": 16, "exact": {"engine_differs": 0, "oracle_differs": 0, "split_engine_exact": 0, "split_neither": 0, "split_oracle_exact": 0}, "isolated": {"differ": 0, "finite": true, "max_abs": 0.0, "max_abs_peak_ulps": 0.0, "max_ulp": 0, "n": 1048576, "peak": 268.0, "rel_l2": 0.0, "zero_sign_only": 0}, "layer": "/head/Conv", "oracle_rounded_by_to_bf16": 0, "oracle_tensor": "/head/Conv_output_0", "schedule_differs_from_chained": 0}, {"chained": {"differ": 0, "finite": true, "max_abs": 0.0, "max_abs_peak_ulps": 0.0, "max_ulp": 0, "n": 1048576, "peak": 396.0, "rel_l2": 0.0, "zero_sign_only": 0}, "channels": 16, "exact": {"engine_differs": 0, "oracle_differs": 0, "split_engine_exact": 0, "split_neither": 0, "split_oracle_exact": 0}, "isolated": {"differ": 0, "finite": true, "max_abs": 0.0, "max_abs_peak_ulps": 0.0, "max_ulp": 0, "n": 1048576, "peak": 396.0, "rel_l2": 0.0, "zero_sign_only": 0}, "layer": "/body.0/body.0.0/Conv", "oracle_rounded_by_to_bf16": 0, "oracle_tensor": "/body.0/body.0.1/Relu_output_0", "schedule_differs_from_chained": 0}, {"chained": {"differ": 11, "finite": true, "max_abs": 0.03125, "max_abs_peak_ulps": 0.015625, "max_ulp": 4, "n": 1048576, "peak": 428.0, "rel_l2": 8.881590620252033e-07, "zero_sign_only": 0}, "channels": 16, "exact": {"engine_differs": 12, "oracle_differs": 3, "split_engine_exact": 1, "split_neither": 0, "split_oracle_exact": 10}, "isolated": {"differ": 11, "finite": true, "max_abs": 0.03125, "max_abs_peak_ulps": 0.015625, "max_ulp": 4, "n": 1048576, "peak": 428.0, "rel_l2": 8.881590620252033e-07, "zero_sign_only": 0}, "layer": "/body.1/body.1.0/Conv", "oracle_rounded_by_to_bf16": 0, "oracle_tensor": "/body.1/body.1.1/Relu_output_0", "schedule_differs_from_chained": 0}, {"chained": {"differ": 12, "finite": true, "max_abs": 0.125, "max_abs_peak_ulps": 0.0625, "max_ulp": 4, "n": 1048576, "peak": 452.0, "rel_l2": 4.351186280298832e-06, "zero_sign_only": 0}, "channels": 16, "exact": {"engine_differs": 1, "oracle_differs": 2, "split_engine_exact": 1, "split_neither": 0, "split_oracle_exact": 0}, "isolated": {"differ": 1, "finite": true, "max_abs": 0.00390625, "max_abs_peak_ulps": 0.001953125, "max_ulp": 1, "n": 1048576, "peak": 452.0, "rel_l2": 1.2171448043010305e-07, "zero_sign_only": 0}, "layer": "/body.2/body.2.0/Conv", "oracle_rounded_by_to_bf16": 0, "oracle_tensor": "/body.2/body.2.1/Relu_output_0", "schedule_differs_from_chained": 0}, {"chained": {"differ": 28, "finite": true, "max_abs": 0.125, "max_abs_peak_ulps": 0.0625, "max_ulp": 4, "n": 1048576, "peak": 352.0, "rel_l2": 8.687537050689342e-06, "zero_sign_only": 0}, "channels": 16, "exact": {"engine_differs": 1, "oracle_differs": 0, "split_engine_exact": 0, "split_neither": 0, "split_oracle_exact": 1}, "isolated": {"differ": 1, "finite": true, "max_abs": 0.125, "max_abs_peak_ulps": 0.0625, "max_ulp": 1, "n": 1048576, "peak": 352.0, "rel_l2": 4.090907726918095e-06, "zero_sign_only": 0}, "layer": "/body.3/body.3.0/Conv", "oracle_rounded_by_to_bf16": 0, "oracle_tensor": "/body.3/body.3.1/Relu_output_0", "schedule_differs_from_chained": 0}, {"chained": {"differ": 49, "finite": true, "max_abs": 0.25, "max_abs_peak_ulps": 0.0625, "max_ulp": 7, "n": 1048576, "peak": 632.0, "rel_l2": 2.8111342950904026e-05, "zero_sign_only": 0}, "channels": 16, "exact": {"engine_differs": 3, "oracle_differs": 1, "split_engine_exact": 0, "split_neither": 0, "split_oracle_exact": 2}, "isolated": {"differ": 2, "finite": true, "max_abs": 0.001953125, "max_abs_peak_ulps": 0.00048828125, "max_ulp": 1, "n": 1048576, "peak": 632.0, "rel_l2": 6.898931144610108e-08, "zero_sign_only": 0}, "layer": "/body.4/body.4.0/Conv", "oracle_rounded_by_to_bf16": 0, "oracle_tensor": "/body.4/body.4.1/Relu_output_0", "schedule_differs_from_chained": 0}, {"chained": {"differ": 30, "finite": true, "max_abs": 0.5, "max_abs_peak_ulps": 0.125, "max_ulp": 15, "n": 1048576, "peak": 524.0, "rel_l2": 5.279244562750692e-05, "zero_sign_only": 0}, "channels": 16, "exact": {"engine_differs": 0, "oracle_differs": 0, "split_engine_exact": 0, "split_neither": 0, "split_oracle_exact": 0}, "isolated": {"differ": 0, "finite": true, "max_abs": 0.0, "max_abs_peak_ulps": 0.0, "max_ulp": 0, "n": 1048576, "peak": 524.0, "rel_l2": 0.0, "zero_sign_only": 0}, "layer": "/body.5/body.5.0/Conv", "oracle_rounded_by_to_bf16": 0, "oracle_tensor": "/body.5/body.5.1/Relu_output_0", "schedule_differs_from_chained": 0}, {"chained": {"differ": 46, "finite": true, "max_abs": 0.03125, "max_abs_peak_ulps": 0.015625, "max_ulp": 32, "n": 1048576, "peak": 268.0, "rel_l2": 2.9881068771672078e-06, "zero_sign_only": 0}, "channels": 16, "exact": {"engine_differs": 0, "oracle_differs": 0, "split_engine_exact": 0, "split_neither": 0, "split_oracle_exact": 0}, "isolated": {"differ": 0, "finite": true, "max_abs": 0.0, "max_abs_peak_ulps": 0.0, "max_ulp": 0, "n": 1048576, "peak": 268.0, "rel_l2": 0.0, "zero_sign_only": 0}, "layer": "/body.6/body.6.0/Conv", "oracle_rounded_by_to_bf16": 105850, "oracle_tensor": "/Add_output_0", "schedule_differs_from_chained": 0}, {"chained": {"differ": 13, "finite": true, "max_abs": 0.5, "max_abs_peak_ulps": 0.5, "max_ulp": 1, "n": 786432, "peak": 136.0, "rel_l2": 7.63644936295787e-06, "zero_sign_only": 0}, "channels": 12, "exact": {"engine_differs": 0, "oracle_differs": 0, "split_engine_exact": 0, "split_neither": 0, "split_oracle_exact": 0}, "isolated": {"differ": 0, "finite": true, "max_abs": 0.0, "max_abs_peak_ulps": 0.0, "max_ulp": 0, "n": 786432, "peak": 136.0, "rel_l2": 0.0, "zero_sign_only": 0}, "layer": "/tail/Conv", "oracle_rounded_by_to_bf16": 0, "oracle_tensor": "/tail/Conv_output_0", "schedule_differs_from_chained": 0}], "mac_model": "aligned", "ok": true, "oracle_rounding_changed_a_rounded_tensor": {}, "output": {"differ": 13, "finite": true, "max_abs": 0.5, "max_abs_peak_ulps": 0.5, "max_ulp": 1, "n": 786432, "name": "output", "peak": 136.0, "rel_l2": 7.63644936295787e-06, "rel_l2_engine_vs_model_without_bf16": 0.0017382038668452798, "rel_l2_oracle_vs_model_without_bf16": 0.0017382001675635675, "zero_sign_only": 0}, "schedule_emulated": true}
input scratch/bf16_vs_oracle/butterfly.npy sha256 414acd4987325738  mac model aligned
  layer                  ch | chained: differ    pk   ulp   rel_l2 | isolated: differ    pk  ulp | exact: eng/orc split e/o/- | sched    rnd
  /head/Conv             16 |       0/1048576  0.00     0  0.0e+00 |         0/1048576 0.00    0 |      0/0         0/  0/0   |     0      0
  /body.0/body.0.0/Conv  16 |       0/1048576  0.00     0  0.0e+00 |         0/1048576 0.00    0 |      0/0         0/  0/0   |     0      0
  /body.1/body.1.0/Conv  16 |      17/1048576  0.02     4  1.1e-06 |        17/1048576 0.02    4 |     18/4         1/ 15/1   |     0      0
  /body.2/body.2.0/Conv  16 |      14/1048576  0.25     2  1.2e-05 |         0/1048576 0.00    0 |      1/1         0/  0/0   |     0      0
  /body.3/body.3.0/Conv  16 |      46/1048576  0.12    13  1.9e-05 |         0/1048576 0.00    0 |      0/0         0/  0/0   |     0      0
  /body.4/body.4.0/Conv  16 |      78/1048576  0.12     6  4.6e-05 |         0/1048576 0.00    0 |      0/0         0/  0/0   |     0      0
  /body.5/body.5.0/Conv  16 |      36/1048576  0.12    32  5.3e-05 |         0/1048576 0.00    0 |      0/0         0/  0/0   |     0      0
  /body.6/body.6.0/Conv  16 |      80/1048576  0.03    16  5.0e-06 |         0/1048576 0.00    0 |      0/0         0/  0/0   |     0 108951
  /tail/Conv             12 |      10/786432   1.00     1  1.5e-05 |         0/786432  0.00    0 |      0/0         0/  0/0   |     0      0
  output output: differ 10/786432, max_abs 5.000e-01 = 1.00 ULP of its peak 118.5, max elementwise ulp 1, rel_l2 1.537e-05; against the model without the bf16 step: engine 1.9167e-03, oracle 1.9167e-03
  ok True
BF16_VS_ORACLE {"input": "scratch/bf16_vs_oracle/butterfly.npy sha256 414acd4987325738", "layers": [{"chained": {"differ": 0, "finite": true, "max_abs": 0.0, "max_abs_peak_ulps": 0.0, "max_ulp": 0, "n": 1048576, "peak": 209.0, "rel_l2": 0.0, "zero_sign_only": 0}, "channels": 16, "exact": {"engine_differs": 0, "oracle_differs": 0, "split_engine_exact": 0, "split_neither": 0, "split_oracle_exact": 0}, "isolated": {"differ": 0, "finite": true, "max_abs": 0.0, "max_abs_peak_ulps": 0.0, "max_ulp": 0, "n": 1048576, "peak": 209.0, "rel_l2": 0.0, "zero_sign_only": 0}, "layer": "/head/Conv", "oracle_rounded_by_to_bf16": 0, "oracle_tensor": "/head/Conv_output_0", "schedule_differs_from_chained": 0}, {"chained": {"differ": 0, "finite": true, "max_abs": 0.0, "max_abs_peak_ulps": 0.0, "max_ulp": 0, "n": 1048576, "peak": 398.0, "rel_l2": 0.0, "zero_sign_only": 0}, "channels": 16, "exact": {"engine_differs": 0, "oracle_differs": 0, "split_engine_exact": 0, "split_neither": 0, "split_oracle_exact": 0}, "isolated": {"differ": 0, "finite": true, "max_abs": 0.0, "max_abs_peak_ulps": 0.0, "max_ulp": 0, "n": 1048576, "peak": 398.0, "rel_l2": 0.0, "zero_sign_only": 0}, "layer": "/body.0/body.0.0/Conv", "oracle_rounded_by_to_bf16": 0, "oracle_tensor": "/body.0/body.0.1/Relu_output_0", "schedule_differs_from_chained": 0}, {"chained": {"differ": 17, "finite": true, "max_abs": 0.03125, "max_abs_peak_ulps": 0.015625, "max_ulp": 4, "n": 1048576, "peak": 412.0, "rel_l2": 1.0516109344664001e-06, "zero_sign_only": 0}, "channels": 16, "exact": {"engine_differs": 18, "oracle_differs": 4, "split_engine_exact": 1, "split_neither": 1, "split_oracle_exact": 15}, "isolated": {"differ": 17, "finite": true, "max_abs": 0.03125, "max_abs_peak_ulps": 0.015625, "max_ulp": 4, "n": 1048576, "peak": 412.0, "rel_l2": 1.0516109344664001e-06, "zero_sign_only": 0}, "layer": "/body.1/body.1.0/Conv", "oracle_rounded_by_to_bf16": 0, "oracle_tensor": "/body.1/body.1.1/Relu_output_0", "schedule_differs_from_chained": 0}, {"chained": {"differ": 14, "finite": true, "max_abs": 0.5, "max_abs_peak_ulps": 0.25, "max_ulp": 2, "n": 1048576, "peak": 430.0, "rel_l2": 1.2457031413075347e-05, "zero_sign_only": 0}, "channels": 16, "exact": {"engine_differs": 1, "oracle_differs": 1, "split_engine_exact": 0, "split_neither": 0, "split_oracle_exact": 0}, "isolated": {"differ": 0, "finite": true, "max_abs": 0.0, "max_abs_peak_ulps": 0.0, "max_ulp": 0, "n": 1048576, "peak": 430.0, "rel_l2": 0.0, "zero_sign_only": 0}, "layer": "/body.2/body.2.0/Conv", "oracle_rounded_by_to_bf16": 0, "oracle_tensor": "/body.2/body.2.1/Relu_output_0", "schedule_differs_from_chained": 0}, {"chained": {"differ": 46, "finite": true, "max_abs": 0.25, "max_abs_peak_ulps": 0.125, "max_ulp": 13, "n": 1048576, "peak": 386.0, "rel_l2": 1.8989088456262762e-05, "zero_sign_only": 0}, "channels": 16, "exact": {"engine_differs": 0, "oracle_differs": 0, "split_engine_exact": 0, "split_neither": 0, "split_oracle_exact": 0}, "isolated": {"differ": 0, "finite": true, "max_abs": 0.0, "max_abs_peak_ulps": 0.0, "max_ulp": 0, "n": 1048576, "peak": 386.0, "rel_l2": 0.0, "zero_sign_only": 0}, "layer": "/body.3/body.3.0/Conv", "oracle_rounded_by_to_bf16": 0, "oracle_tensor": "/body.3/body.3.1/Relu_output_0", "schedule_differs_from_chained": 0}, {"chained": {"differ": 78, "finite": true, "max_abs": 0.5, "max_abs_peak_ulps": 0.125, "max_ulp": 6, "n": 1048576, "peak": 728.0, "rel_l2": 4.555270113655586e-05, "zero_sign_only": 0}, "channels": 16, "exact": {"engine_differs": 0, "oracle_differs": 0, "split_engine_exact": 0, "split_neither": 0, "split_oracle_exact": 0}, "isolated": {"differ": 0, "finite": true, "max_abs": 0.0, "max_abs_peak_ulps": 0.0, "max_ulp": 0, "n": 1048576, "peak": 728.0, "rel_l2": 0.0, "zero_sign_only": 0}, "layer": "/body.4/body.4.0/Conv", "oracle_rounded_by_to_bf16": 0, "oracle_tensor": "/body.4/body.4.1/Relu_output_0", "schedule_differs_from_chained": 0}, {"chained": {"differ": 36, "finite": true, "max_abs": 0.5, "max_abs_peak_ulps": 0.125, "max_ulp": 32, "n": 1048576, "peak": 564.0, "rel_l2": 5.32217138384721e-05, "zero_sign_only": 0}, "channels": 16, "exact": {"engine_differs": 0, "oracle_differs": 0, "split_engine_exact": 0, "split_neither": 0, "split_oracle_exact": 0}, "isolated": {"differ": 0, "finite": true, "max_abs": 0.0, "max_abs_peak_ulps": 0.0, "max_ulp": 0, "n": 1048576, "peak": 564.0, "rel_l2": 0.0, "zero_sign_only": 0}, "layer": "/body.5/body.5.0/Conv", "oracle_rounded_by_to_bf16": 0, "oracle_tensor": "/body.5/body.5.1/Relu_output_0", "schedule_differs_from_chained": 0}, {"chained": {"differ": 80, "finite": true, "max_abs": 0.03125, "max_abs_peak_ulps": 0.03125, "max_ulp": 16, "n": 1048576, "peak": 209.0, "rel_l2": 5.003448867720509e-06, "zero_sign_only": 0}, "channels": 16, "exact": {"engine_differs": 0, "oracle_differs": 0, "split_engine_exact": 0, "split_neither": 0, "split_oracle_exact": 0}, "isolated": {"differ": 0, "finite": true, "max_abs": 0.0, "max_abs_peak_ulps": 0.0, "max_ulp": 0, "n": 1048576, "peak": 209.0, "rel_l2": 0.0, "zero_sign_only": 0}, "layer": "/body.6/body.6.0/Conv", "oracle_rounded_by_to_bf16": 108951, "oracle_tensor": "/Add_output_0", "schedule_differs_from_chained": 0}, {"chained": {"differ": 10, "finite": true, "max_abs": 0.5, "max_abs_peak_ulps": 1.0, "max_ulp": 1, "n": 786432, "peak": 118.5, "rel_l2": 1.537461423258438e-05, "zero_sign_only": 0}, "channels": 12, "exact": {"engine_differs": 0, "oracle_differs": 0, "split_engine_exact": 0, "split_neither": 0, "split_oracle_exact": 0}, "isolated": {"differ": 0, "finite": true, "max_abs": 0.0, "max_abs_peak_ulps": 0.0, "max_ulp": 0, "n": 786432, "peak": 118.5, "rel_l2": 0.0, "zero_sign_only": 0}, "layer": "/tail/Conv", "oracle_rounded_by_to_bf16": 0, "oracle_tensor": "/tail/Conv_output_0", "schedule_differs_from_chained": 0}], "mac_model": "aligned", "ok": true, "oracle_rounding_changed_a_rounded_tensor": {}, "output": {"differ": 10, "finite": true, "max_abs": 0.5, "max_abs_peak_ulps": 1.0, "max_ulp": 1, "n": 786432, "name": "output", "peak": 118.5, "rel_l2": 1.537461423258438e-05, "rel_l2_engine_vs_model_without_bf16": 0.0019167462531081596, "rel_l2_oracle_vs_model_without_bf16": 0.001916731490761916, "zero_sign_only": 0}, "schedule_emulated": true}
input scratch/bf16_vs_oracle/head.npy sha256 2a51baf4bf9b4fd1  mac model aligned
  layer                  ch | chained: differ    pk   ulp   rel_l2 | isolated: differ    pk  ulp | exact: eng/orc split e/o/- | sched    rnd
  /head/Conv             16 |       0/1048576  0.00     0  0.0e+00 |         0/1048576 0.00    0 |      0/0         0/  0/0   |     0      0
  /body.0/body.0.0/Conv  16 |       0/1048576  0.00     0  0.0e+00 |         0/1048576 0.00    0 |      0/0         0/  0/0   |     0      0
  /body.1/body.1.0/Conv  16 |       6/1048576  0.03     1  4.7e-06 |         6/1048576 0.03    1 |      6/2         1/  5/0   |     0      0
  /body.2/body.2.0/Conv  16 |      18/1048576  0.12     7  1.7e-05 |         1/1048576 0.06    1 |      1/0         0/  1/0   |     0      0
  /body.3/body.3.0/Conv  16 |      81/1048576  0.25 15570  4.1e-05 |         2/1048576 0.00    1 |      0/2         2/  0/0   |     0      0
  /body.4/body.4.0/Conv  16 |     151/1048576  0.31   135  1.2e-04 |         1/1048576 0.03    1 |      0/1         1/  0/0   |     0      0
  /body.5/body.5.0/Conv  16 |      37/1048576  0.12     4  7.1e-05 |         0/1048576 0.00    0 |      0/0         0/  0/0   |     0      0
  /body.6/body.6.0/Conv  16 |      66/1048576  0.03    32  4.0e-06 |         0/1048576 0.00    0 |      0/0         0/  0/0   |     0  93928
  /tail/Conv             12 |      58/786432   0.50   104  1.6e-05 |         0/786432  0.00    0 |      0/0         0/  0/0   |     0      0
  output output: differ 58/786432, max_abs 5.000e-01 = 0.50 ULP of its peak 136, max elementwise ulp 104, rel_l2 1.594e-05; against the model without the bf16 step: engine 1.7510e-03, oracle 1.7510e-03
  ok True
BF16_VS_ORACLE {"input": "scratch/bf16_vs_oracle/head.npy sha256 2a51baf4bf9b4fd1", "layers": [{"chained": {"differ": 0, "finite": true, "max_abs": 0.0, "max_abs_peak_ulps": 0.0, "max_ulp": 0, "n": 1048576, "peak": 223.0, "rel_l2": 0.0, "zero_sign_only": 0}, "channels": 16, "exact": {"engine_differs": 0, "oracle_differs": 0, "split_engine_exact": 0, "split_neither": 0, "split_oracle_exact": 0}, "isolated": {"differ": 0, "finite": true, "max_abs": 0.0, "max_abs_peak_ulps": 0.0, "max_ulp": 0, "n": 1048576, "peak": 223.0, "rel_l2": 0.0, "zero_sign_only": 0}, "layer": "/head/Conv", "oracle_rounded_by_to_bf16": 0, "oracle_tensor": "/head/Conv_output_0", "schedule_differs_from_chained": 0}, {"chained": {"differ": 0, "finite": true, "max_abs": 0.0, "max_abs_peak_ulps": 0.0, "max_ulp": 0, "n": 1048576, "peak": 450.0, "rel_l2": 0.0, "zero_sign_only": 0}, "channels": 16, "exact": {"engine_differs": 0, "oracle_differs": 0, "split_engine_exact": 0, "split_neither": 0, "split_oracle_exact": 0}, "isolated": {"differ": 0, "finite": true, "max_abs": 0.0, "max_abs_peak_ulps": 0.0, "max_ulp": 0, "n": 1048576, "peak": 450.0, "rel_l2": 0.0, "zero_sign_only": 0}, "layer": "/body.0/body.0.0/Conv", "oracle_rounded_by_to_bf16": 0, "oracle_tensor": "/body.0/body.0.1/Relu_output_0", "schedule_differs_from_chained": 0}, {"chained": {"differ": 6, "finite": true, "max_abs": 0.125, "max_abs_peak_ulps": 0.03125, "max_ulp": 1, "n": 1048576, "peak": 524.0, "rel_l2": 4.7016136542234555e-06, "zero_sign_only": 0}, "channels": 16, "exact": {"engine_differs": 6, "oracle_differs": 2, "split_engine_exact": 1, "split_neither": 0, "split_oracle_exact": 5}, "isolated": {"differ": 6, "finite": true, "max_abs": 0.125, "max_abs_peak_ulps": 0.03125, "max_ulp": 1, "n": 1048576, "peak": 524.0, "rel_l2": 4.7016136542234555e-06, "zero_sign_only": 0}, "layer": "/body.1/body.1.0/Conv", "oracle_rounded_by_to_bf16": 0, "oracle_tensor": "/body.1/body.1.1/Relu_output_0", "schedule_differs_from_chained": 0}, {"chained": {"differ": 18, "finite": true, "max_abs": 0.25, "max_abs_peak_ulps": 0.125, "max_ulp": 7, "n": 1048576, "peak": 482.0, "rel_l2": 1.7248837943138188e-05, "zero_sign_only": 0}, "channels": 16, "exact": {"engine_differs": 1, "oracle_differs": 0, "split_engine_exact": 0, "split_neither": 0, "split_oracle_exact": 1}, "isolated": {"differ": 1, "finite": true, "max_abs": 0.125, "max_abs_peak_ulps": 0.0625, "max_ulp": 1, "n": 1048576, "peak": 482.0, "rel_l2": 5.021943926358036e-06, "zero_sign_only": 0}, "layer": "/body.2/body.2.0/Conv", "oracle_rounded_by_to_bf16": 0, "oracle_tensor": "/body.2/body.2.1/Relu_output_0", "schedule_differs_from_chained": 0}, {"chained": {"differ": 81, "finite": true, "max_abs": 0.5, "max_abs_peak_ulps": 0.25, "max_ulp": 15570, "n": 1048576, "peak": 408.0, "rel_l2": 4.125034981698512e-05, "zero_sign_only": 0}, "channels": 16, "exact": {"engine_differs": 0, "oracle_differs": 2, "split_engine_exact": 2, "split_neither": 0, "split_oracle_exact": 0}, "isolated": {"differ": 2, "finite": true, "max_abs": 0.00048828125, "max_abs_peak_ulps": 0.000244140625, "max_ulp": 1, "n": 1048576, "peak": 408.0, "rel_l2": 2.066109003179056e-08, "zero_sign_only": 0}, "layer": "/body.3/body.3.0/Conv", "oracle_rounded_by_to_bf16": 0, "oracle_tensor": "/body.3/body.3.1/Relu_output_0", "schedule_differs_from_chained": 0}, {"chained": {"differ": 151, "finite": true, "max_abs": 1.25, "max_abs_peak_ulps": 0.3125, "max_ulp": 135, "n": 1048576, "peak": 644.0, "rel_l2": 0.00011823067497145552, "zero_sign_only": 0}, "channels": 16, "exact": {"engine_differs": 0, "oracle_differs": 1, "split_engine_exact": 1, "split_neither": 0, "split_oracle_exact": 0}, "isolated": {"differ": 1, "finite": true, "max_abs": 0.125, "max_abs_peak_ulps": 0.03125, "max_ulp": 1, "n": 1048576, "peak": 644.0, "rel_l2": 5.329986565152565e-06, "zero_sign_only": 0}, "layer": "/body.4/body.4.0/Conv", "oracle_rounded_by_to_bf16": 0, "oracle_tensor": "/body.4/body.4.1/Relu_output_0", "schedule_differs_from_chained": 0}, {"chained": {"differ": 37, "finite": true, "max_abs": 0.5, "max_abs_peak_ulps": 0.125, "max_ulp": 4, "n": 1048576, "peak": 716.0, "rel_l2": 7.102994406375138e-05, "zero_sign_only": 0}, "channels": 16, "exact": {"engine_differs": 0, "oracle_differs": 0, "split_engine_exact": 0, "split_neither": 0, "split_oracle_exact": 0}, "isolated": {"differ": 0, "finite": true, "max_abs": 0.0, "max_abs_peak_ulps": 0.0, "max_ulp": 0, "n": 1048576, "peak": 716.0, "rel_l2": 0.0, "zero_sign_only": 0}, "layer": "/body.5/body.5.0/Conv", "oracle_rounded_by_to_bf16": 0, "oracle_tensor": "/body.5/body.5.1/Relu_output_0", "schedule_differs_from_chained": 0}, {"chained": {"differ": 66, "finite": true, "max_abs": 0.03125, "max_abs_peak_ulps": 0.03125, "max_ulp": 32, "n": 1048576, "peak": 233.0, "rel_l2": 3.9658085901902515e-06, "zero_sign_only": 0}, "channels": 16, "exact": {"engine_differs": 0, "oracle_differs": 0, "split_engine_exact": 0, "split_neither": 0, "split_oracle_exact": 0}, "isolated": {"differ": 0, "finite": true, "max_abs": 0.0, "max_abs_peak_ulps": 0.0, "max_ulp": 0, "n": 1048576, "peak": 233.0, "rel_l2": 0.0, "zero_sign_only": 0}, "layer": "/body.6/body.6.0/Conv", "oracle_rounded_by_to_bf16": 93928, "oracle_tensor": "/Add_output_0", "schedule_differs_from_chained": 0}, {"chained": {"differ": 58, "finite": true, "max_abs": 0.5, "max_abs_peak_ulps": 0.5, "max_ulp": 104, "n": 786432, "peak": 136.0, "rel_l2": 1.594379543119743e-05, "zero_sign_only": 0}, "channels": 12, "exact": {"engine_differs": 0, "oracle_differs": 0, "split_engine_exact": 0, "split_neither": 0, "split_oracle_exact": 0}, "isolated": {"differ": 0, "finite": true, "max_abs": 0.0, "max_abs_peak_ulps": 0.0, "max_ulp": 0, "n": 786432, "peak": 136.0, "rel_l2": 0.0, "zero_sign_only": 0}, "layer": "/tail/Conv", "oracle_rounded_by_to_bf16": 0, "oracle_tensor": "/tail/Conv_output_0", "schedule_differs_from_chained": 0}], "mac_model": "aligned", "ok": true, "oracle_rounding_changed_a_rounded_tensor": {}, "output": {"differ": 58, "finite": true, "max_abs": 0.5, "max_abs_peak_ulps": 0.5, "max_ulp": 104, "n": 786432, "name": "output", "peak": 136.0, "rel_l2": 1.594379543119743e-05, "rel_l2_engine_vs_model_without_bf16": 0.0017510029134811397, "rel_l2_oracle_vs_model_without_bf16": 0.0017510081651212032, "zero_sign_only": 0}, "schedule_emulated": true}
input scratch/bf16_vs_oracle/woman.npy sha256 22f2db7f22e10697  mac model aligned
  layer                  ch | chained: differ    pk   ulp   rel_l2 | isolated: differ    pk  ulp | exact: eng/orc split e/o/- | sched    rnd
  /head/Conv             16 |       0/1048576  0.00     0  0.0e+00 |         0/1048576 0.00    0 |      0/0         0/  0/0   |     0      0
  /body.0/body.0.0/Conv  16 |       0/1048576  0.00     0  0.0e+00 |         0/1048576 0.00    0 |      0/0         0/  0/0   |     0      0
  /body.1/body.1.0/Conv  16 |       9/1048576  0.02     1  1.7e-06 |         9/1048576 0.02    1 |     10/1         0/  9/0   |     0      0
  /body.2/body.2.0/Conv  16 |       7/1048576  0.25     2  1.4e-05 |         1/1048576 0.00    1 |      1/0         0/  1/0   |     0      0
  /body.3/body.3.0/Conv  16 |      36/1048576  0.12 15279  2.0e-05 |         1/1048576 0.01    1 |      2/3         1/  0/0   |     0      0
  /body.4/body.4.0/Conv  16 |      82/1048576  0.25    15  6.4e-05 |         1/1048576 0.00    1 |      2/1         0/  1/0   |     0      0
  /body.5/body.5.0/Conv  16 |      20/1048576  0.25     1  5.0e-05 |         0/1048576 0.00    0 |      0/0         0/  0/0   |     0      0
  /body.6/body.6.0/Conv  16 |      40/1048576  0.12     4  6.4e-06 |         0/1048576 0.00    0 |      0/0         0/  0/0   |     0 105356
  /tail/Conv             12 |       7/786432   0.50     1  1.4e-05 |         0/786432  0.00    0 |      0/0         0/  0/0   |     0      0
  output output: differ 7/786432, max_abs 5.000e-01 = 0.50 ULP of its peak 137, max elementwise ulp 1, rel_l2 1.356e-05; against the model without the bf16 step: engine 1.6912e-03, oracle 1.6912e-03
  ok True
BF16_VS_ORACLE {"input": "scratch/bf16_vs_oracle/woman.npy sha256 22f2db7f22e10697", "layers": [{"chained": {"differ": 0, "finite": true, "max_abs": 0.0, "max_abs_peak_ulps": 0.0, "max_ulp": 0, "n": 1048576, "peak": 177.0, "rel_l2": 0.0, "zero_sign_only": 0}, "channels": 16, "exact": {"engine_differs": 0, "oracle_differs": 0, "split_engine_exact": 0, "split_neither": 0, "split_oracle_exact": 0}, "isolated": {"differ": 0, "finite": true, "max_abs": 0.0, "max_abs_peak_ulps": 0.0, "max_ulp": 0, "n": 1048576, "peak": 177.0, "rel_l2": 0.0, "zero_sign_only": 0}, "layer": "/head/Conv", "oracle_rounded_by_to_bf16": 0, "oracle_tensor": "/head/Conv_output_0", "schedule_differs_from_chained": 0}, {"chained": {"differ": 0, "finite": true, "max_abs": 0.0, "max_abs_peak_ulps": 0.0, "max_ulp": 0, "n": 1048576, "peak": 446.0, "rel_l2": 0.0, "zero_sign_only": 0}, "channels": 16, "exact": {"engine_differs": 0, "oracle_differs": 0, "split_engine_exact": 0, "split_neither": 0, "split_oracle_exact": 0}, "isolated": {"differ": 0, "finite": true, "max_abs": 0.0, "max_abs_peak_ulps": 0.0, "max_ulp": 0, "n": 1048576, "peak": 446.0, "rel_l2": 0.0, "zero_sign_only": 0}, "layer": "/body.0/body.0.0/Conv", "oracle_rounded_by_to_bf16": 0, "oracle_tensor": "/body.0/body.0.1/Relu_output_0", "schedule_differs_from_chained": 0}, {"chained": {"differ": 9, "finite": true, "max_abs": 0.0625, "max_abs_peak_ulps": 0.015625, "max_ulp": 1, "n": 1048576, "peak": 536.0, "rel_l2": 1.7355542443917195e-06, "zero_sign_only": 0}, "channels": 16, "exact": {"engine_differs": 10, "oracle_differs": 1, "split_engine_exact": 0, "split_neither": 0, "split_oracle_exact": 9}, "isolated": {"differ": 9, "finite": true, "max_abs": 0.0625, "max_abs_peak_ulps": 0.015625, "max_ulp": 1, "n": 1048576, "peak": 536.0, "rel_l2": 1.7355542443917195e-06, "zero_sign_only": 0}, "layer": "/body.1/body.1.0/Conv", "oracle_rounded_by_to_bf16": 0, "oracle_tensor": "/body.1/body.1.1/Relu_output_0", "schedule_differs_from_chained": 0}, {"chained": {"differ": 7, "finite": true, "max_abs": 0.5, "max_abs_peak_ulps": 0.25, "max_ulp": 2, "n": 1048576, "peak": 480.0, "rel_l2": 1.3706025591245215e-05, "zero_sign_only": 0}, "channels": 16, "exact": {"engine_differs": 1, "oracle_differs": 0, "split_engine_exact": 0, "split_neither": 0, "split_oracle_exact": 1}, "isolated": {"differ": 1, "finite": true, "max_abs": 9.5367431640625e-07, "max_abs_peak_ulps": 4.76837158203125e-07, "max_ulp": 1, "n": 1048576, "peak": 480.0, "rel_l2": 2.5280434820691013e-11, "zero_sign_only": 0}, "layer": "/body.2/body.2.0/Conv", "oracle_rounded_by_to_bf16": 0, "oracle_tensor": "/body.2/body.2.1/Relu_output_0", "schedule_differs_from_chained": 0}, {"chained": {"differ": 36, "finite": true, "max_abs": 0.25, "max_abs_peak_ulps": 0.125, "max_ulp": 15279, "n": 1048576, "peak": 406.0, "rel_l2": 2.0179248172612036e-05, "zero_sign_only": 0}, "channels": 16, "exact": {"engine_differs": 2, "oracle_differs": 3, "split_engine_exact": 1, "split_neither": 0, "split_oracle_exact": 0}, "isolated": {"differ": 1, "finite": true, "max_abs": 0.015625, "max_abs_peak_ulps": 0.0078125, "max_ulp": 1, "n": 1048576, "peak": 406.0, "rel_l2": 4.214200518742321e-07, "zero_sign_only": 0}, "layer": "/body.3/body.3.0/Conv", "oracle_rounded_by_to_bf16": 0, "oracle_tensor": "/body.3/body.3.1/Relu_output_0", "schedule_differs_from_chained": 0}, {"chained": {"differ": 82, "finite": true, "max_abs": 1.0, "max_abs_peak_ulps": 0.25, "max_ulp": 15, "n": 1048576, "peak": 712.0, "rel_l2": 6.410310206214124e-05, "zero_sign_only": 0}, "channels": 16, "exact": {"engine_differs": 2, "oracle_differs": 1, "split_engine_exact": 0, "split_neither": 0, "split_oracle_exact": 1}, "isolated": {"differ": 1, "finite": true, "max_abs": 0.0001220703125, "max_abs_peak_ulps": 3.0517578125e-05, "max_ulp": 1, "n": 1048576, "peak": 712.0, "rel_l2": 3.5540472220691792e-09, "zero_sign_only": 0}, "layer": "/body.4/body.4.0/Conv", "oracle_rounded_by_to_bf16": 0, "oracle_tensor": "/body.4/body.4.1/Relu_output_0", "schedule_differs_from_chained": 0}, {"chained": {"differ": 20, "finite": true, "max_abs": 1.0, "max_abs_peak_ulps": 0.25, "max_ulp": 1, "n": 1048576, "peak": 796.0, "rel_l2": 4.979602868425507e-05, "zero_sign_only": 0}, "channels": 16, "exact": {"engine_differs": 0, "oracle_differs": 0, "split_engine_exact": 0, "split_neither": 0, "split_oracle_exact": 0}, "isolated": {"differ": 0, "finite": true, "max_abs": 0.0, "max_abs_peak_ulps": 0.0, "max_ulp": 0, "n": 1048576, "peak": 796.0, "rel_l2": 0.0, "zero_sign_only": 0}, "layer": "/body.5/body.5.0/Conv", "oracle_rounded_by_to_bf16": 0, "oracle_tensor": "/body.5/body.5.1/Relu_output_0", "schedule_differs_from_chained": 0}, {"chained": {"differ": 40, "finite": true, "max_abs": 0.125, "max_abs_peak_ulps": 0.125, "max_ulp": 4, "n": 1048576, "peak": 188.0, "rel_l2": 6.449927592588689e-06, "zero_sign_only": 0}, "channels": 16, "exact": {"engine_differs": 0, "oracle_differs": 0, "split_engine_exact": 0, "split_neither": 0, "split_oracle_exact": 0}, "isolated": {"differ": 0, "finite": true, "max_abs": 0.0, "max_abs_peak_ulps": 0.0, "max_ulp": 0, "n": 1048576, "peak": 188.0, "rel_l2": 0.0, "zero_sign_only": 0}, "layer": "/body.6/body.6.0/Conv", "oracle_rounded_by_to_bf16": 105356, "oracle_tensor": "/Add_output_0", "schedule_differs_from_chained": 0}, {"chained": {"differ": 7, "finite": true, "max_abs": 0.5, "max_abs_peak_ulps": 0.5, "max_ulp": 1, "n": 786432, "peak": 137.0, "rel_l2": 1.3557245706809758e-05, "zero_sign_only": 0}, "channels": 12, "exact": {"engine_differs": 0, "oracle_differs": 0, "split_engine_exact": 0, "split_neither": 0, "split_oracle_exact": 0}, "isolated": {"differ": 0, "finite": true, "max_abs": 0.0, "max_abs_peak_ulps": 0.0, "max_ulp": 0, "n": 786432, "peak": 137.0, "rel_l2": 0.0, "zero_sign_only": 0}, "layer": "/tail/Conv", "oracle_rounded_by_to_bf16": 0, "oracle_tensor": "/tail/Conv_output_0", "schedule_differs_from_chained": 0}], "mac_model": "aligned", "ok": true, "oracle_rounding_changed_a_rounded_tensor": {}, "output": {"differ": 7, "finite": true, "max_abs": 0.5, "max_abs_peak_ulps": 0.5, "max_ulp": 1, "n": 786432, "name": "output", "peak": 137.0, "rel_l2": 1.3557245706809758e-05, "rel_l2_engine_vs_model_without_bf16": 0.00169115446331085, "rel_l2_oracle_vs_model_without_bf16": 0.0016911515634922426, "zero_sign_only": 0}, "schedule_emulated": true}
input seeded integers [-128,127], seed 0  mac model aligned
  layer                  ch | chained: differ    pk   ulp   rel_l2 | isolated: differ    pk  ulp | exact: eng/orc split e/o/- | sched    rnd
  /head/Conv             16 |       0/1048576  0.00     0  0.0e+00 |         0/1048576 0.00    0 |      0/0         0/  0/0   |     0      0
  /body.0/body.0.0/Conv  16 |       0/1048576  0.00     0  0.0e+00 |         0/1048576 0.00    0 |      0/0         0/  0/0   |     0      0
  /body.1/body.1.0/Conv  16 |       1/1048576  0.01     1  4.8e-07 |         1/1048576 0.01    1 |      3/4         1/  0/0   |     0      0
  /body.2/body.2.0/Conv  16 |       1/1048576  0.00     1  1.0e-07 |         0/1048576 0.00    0 |      0/0         0/  0/0   |     0      0
  /body.3/body.3.0/Conv  16 |       1/1048576  0.00     1  5.9e-09 |         1/1048576 0.00    1 |      1/2         1/  0/0   |     0      0
  /body.4/body.4.0/Conv  16 |       1/1048576  0.00     1  7.7e-09 |         1/1048576 0.00    1 |      2/1         0/  1/0   |     0      0
  /body.5/body.5.0/Conv  16 |       0/1048576  0.00     0  0.0e+00 |         0/1048576 0.00    0 |      0/0         0/  0/0   |     0      0
  /body.6/body.6.0/Conv  16 |       0/1048576  0.00     0  0.0e+00 |         0/1048576 0.00    0 |      0/0         0/  0/0   |     0 219529
  /tail/Conv             12 |       0/786432   0.00     0  0.0e+00 |         0/786432  0.00    0 |      0/0         0/  0/0   |     0      0
  output output: differ 0/786432, max_abs 0.000e+00 = 0.00 ULP of its peak 322, max elementwise ulp 0, rel_l2 0.000e+00; against the model without the bf16 step: engine 3.0817e-03, oracle 3.0817e-03
  ok True
BF16_VS_ORACLE {"input": "seeded integers [-128,127], seed 0", "layers": [{"chained": {"differ": 0, "finite": true, "max_abs": 0.0, "max_abs_peak_ulps": 0.0, "max_ulp": 0, "n": 1048576, "peak": 604.0, "rel_l2": 0.0, "zero_sign_only": 0}, "channels": 16, "exact": {"engine_differs": 0, "oracle_differs": 0, "split_engine_exact": 0, "split_neither": 0, "split_oracle_exact": 0}, "isolated": {"differ": 0, "finite": true, "max_abs": 0.0, "max_abs_peak_ulps": 0.0, "max_ulp": 0, "n": 1048576, "peak": 604.0, "rel_l2": 0.0, "zero_sign_only": 0}, "layer": "/head/Conv", "oracle_rounded_by_to_bf16": 0, "oracle_tensor": "/head/Conv_output_0", "schedule_differs_from_chained": 0}, {"chained": {"differ": 0, "finite": true, "max_abs": 0.0, "max_abs_peak_ulps": 0.0, "max_ulp": 0, "n": 1048576, "peak": 1280.0, "rel_l2": 0.0, "zero_sign_only": 0}, "channels": 16, "exact": {"engine_differs": 0, "oracle_differs": 0, "split_engine_exact": 0, "split_neither": 0, "split_oracle_exact": 0}, "isolated": {"differ": 0, "finite": true, "max_abs": 0.0, "max_abs_peak_ulps": 0.0, "max_ulp": 0, "n": 1048576, "peak": 1280.0, "rel_l2": 0.0, "zero_sign_only": 0}, "layer": "/body.0/body.0.0/Conv", "oracle_rounded_by_to_bf16": 0, "oracle_tensor": "/body.0/body.0.1/Relu_output_0", "schedule_differs_from_chained": 0}, {"chained": {"differ": 1, "finite": true, "max_abs": 0.125, "max_abs_peak_ulps": 0.0078125, "max_ulp": 1, "n": 1048576, "peak": 2272.0, "rel_l2": 4.847063422470595e-07, "zero_sign_only": 0}, "channels": 16, "exact": {"engine_differs": 3, "oracle_differs": 4, "split_engine_exact": 1, "split_neither": 0, "split_oracle_exact": 0}, "isolated": {"differ": 1, "finite": true, "max_abs": 0.125, "max_abs_peak_ulps": 0.0078125, "max_ulp": 1, "n": 1048576, "peak": 2272.0, "rel_l2": 4.847063422470595e-07, "zero_sign_only": 0}, "layer": "/body.1/body.1.0/Conv", "oracle_rounded_by_to_bf16": 0, "oracle_tensor": "/body.1/body.1.1/Relu_output_0", "schedule_differs_from_chained": 0}, {"chained": {"differ": 1, "finite": true, "max_abs": 0.03125, "max_abs_peak_ulps": 0.001953125, "max_ulp": 1, "n": 1048576, "peak": 2448.0, "rel_l2": 9.96695068815878e-08, "zero_sign_only": 0}, "channels": 16, "exact": {"engine_differs": 0, "oracle_differs": 0, "split_engine_exact": 0, "split_neither": 0, "split_oracle_exact": 0}, "isolated": {"differ": 0, "finite": true, "max_abs": 0.0, "max_abs_peak_ulps": 0.0, "max_ulp": 0, "n": 1048576, "peak": 2448.0, "rel_l2": 0.0, "zero_sign_only": 0}, "layer": "/body.2/body.2.0/Conv", "oracle_rounded_by_to_bf16": 0, "oracle_tensor": "/body.2/body.2.1/Relu_output_0", "schedule_differs_from_chained": 0}, {"chained": {"differ": 1, "finite": true, "max_abs": 0.001953125, "max_abs_peak_ulps": 0.0001220703125, "max_ulp": 1, "n": 1048576, "peak": 2256.0, "rel_l2": 5.8567094273450905e-09, "zero_sign_only": 0}, "channels": 16, "exact": {"engine_differs": 1, "oracle_differs": 2, "split_engine_exact": 1, "split_neither": 0, "split_oracle_exact": 0}, "isolated": {"differ": 1, "finite": true, "max_abs": 0.001953125, "max_abs_peak_ulps": 0.0001220703125, "max_ulp": 1, "n": 1048576, "peak": 2256.0, "rel_l2": 5.8567094273450905e-09, "zero_sign_only": 0}, "layer": "/body.3/body.3.0/Conv", "oracle_rounded_by_to_bf16": 0, "oracle_tensor": "/body.3/body.3.1/Relu_output_0", "schedule_differs_from_chained": 0}, {"chained": {"differ": 1, "finite": true, "max_abs": 0.00390625, "max_abs_peak_ulps": 0.000244140625, "max_ulp": 1, "n": 1048576, "peak": 3872.0, "rel_l2": 7.749944627270587e-09, "zero_sign_only": 0}, "channels": 16, "exact": {"engine_differs": 2, "oracle_differs": 1, "split_engine_exact": 0, "split_neither": 0, "split_oracle_exact": 1}, "isolated": {"differ": 1, "finite": true, "max_abs": 0.00390625, "max_abs_peak_ulps": 0.000244140625, "max_ulp": 1, "n": 1048576, "peak": 3872.0, "rel_l2": 7.749944627270587e-09, "zero_sign_only": 0}, "layer": "/body.4/body.4.0/Conv", "oracle_rounded_by_to_bf16": 0, "oracle_tensor": "/body.4/body.4.1/Relu_output_0", "schedule_differs_from_chained": 0}, {"chained": {"differ": 0, "finite": true, "max_abs": 0.0, "max_abs_peak_ulps": 0.0, "max_ulp": 0, "n": 1048576, "peak": 4576.0, "rel_l2": 0.0, "zero_sign_only": 0}, "channels": 16, "exact": {"engine_differs": 0, "oracle_differs": 0, "split_engine_exact": 0, "split_neither": 0, "split_oracle_exact": 0}, "isolated": {"differ": 0, "finite": true, "max_abs": 0.0, "max_abs_peak_ulps": 0.0, "max_ulp": 0, "n": 1048576, "peak": 4576.0, "rel_l2": 0.0, "zero_sign_only": 0}, "layer": "/body.5/body.5.0/Conv", "oracle_rounded_by_to_bf16": 0, "oracle_tensor": "/body.5/body.5.1/Relu_output_0", "schedule_differs_from_chained": 0}, {"chained": {"differ": 0, "finite": true, "max_abs": 0.0, "max_abs_peak_ulps": 0.0, "max_ulp": 0, "n": 1048576, "peak": 700.0, "rel_l2": 0.0, "zero_sign_only": 0}, "channels": 16, "exact": {"engine_differs": 0, "oracle_differs": 0, "split_engine_exact": 0, "split_neither": 0, "split_oracle_exact": 0}, "isolated": {"differ": 0, "finite": true, "max_abs": 0.0, "max_abs_peak_ulps": 0.0, "max_ulp": 0, "n": 1048576, "peak": 700.0, "rel_l2": 0.0, "zero_sign_only": 0}, "layer": "/body.6/body.6.0/Conv", "oracle_rounded_by_to_bf16": 219529, "oracle_tensor": "/Add_output_0", "schedule_differs_from_chained": 0}, {"chained": {"differ": 0, "finite": true, "max_abs": 0.0, "max_abs_peak_ulps": 0.0, "max_ulp": 0, "n": 786432, "peak": 322.0, "rel_l2": 0.0, "zero_sign_only": 0}, "channels": 12, "exact": {"engine_differs": 0, "oracle_differs": 0, "split_engine_exact": 0, "split_neither": 0, "split_oracle_exact": 0}, "isolated": {"differ": 0, "finite": true, "max_abs": 0.0, "max_abs_peak_ulps": 0.0, "max_ulp": 0, "n": 786432, "peak": 322.0, "rel_l2": 0.0, "zero_sign_only": 0}, "layer": "/tail/Conv", "oracle_rounded_by_to_bf16": 0, "oracle_tensor": "/tail/Conv_output_0", "schedule_differs_from_chained": 0}], "mac_model": "aligned", "ok": true, "oracle_rounding_changed_a_rounded_tensor": {}, "output": {"differ": 0, "finite": true, "max_abs": 0.0, "max_abs_peak_ulps": 0.0, "max_ulp": 0, "n": 786432, "name": "output", "peak": 322.0, "rel_l2": 0.0, "rel_l2_engine_vs_model_without_bf16": 0.003081656515097328, "rel_l2_oracle_vs_model_without_bf16": 0.003081656515097328, "zero_sign_only": 0}, "schedule_emulated": true}
BF16_VS_ORACLE_WORST {"all_ok": true, "chained_any_layer": {"differ": 151, "max_abs": 1.25, "max_abs_peak_ulps": 1.0, "max_ulp": 15570, "rel_l2": 0.00011823067497145552}, "isolated_exact_totals": {"engine_differs": 80, "oracle_differs": 30, "split_engine_exact": 11, "split_neither": 1, "split_oracle_exact": 61}, "output": {"differ": 58, "max_abs": 0.5, "max_abs_peak_ulps": 1.0, "max_ulp": 104, "rel_l2": 1.594379543119743e-05}}
RESEARCH_PROCESS_RESULT {"exit_code": 0, "stop": null, "peak_tree_rss_bytes": 378634240, "rss_measurement": "maximum observed across sampled descendant working sets; zero observations reported as null", "elapsed_seconds": 517.920999999973, "foreign_contention_observed": false, "timing_eligible": false}
