RESEARCH_PLATFORM {"machine": "Desktop 2", "cpu": "AMD Ryzen 7 8700G w/ Radeon 780M Graphics", "os": "Windows-11-10.0.26200-SP0", "ram_bytes": 33381138432, "source_sha256": {"tools/research_process.py": "ffeb1857f190b482eed101b5f5a928f455de26bfa61d23f78a2eacec08e2663e", "tools/quant_calib_alphabet.py": "2dc0b2878c564853f340880209a425dfcf63b8536b2b8e9fd32344daade58d37", "tools/xint8_arithmetic_probe.py": "6aa3df08b9870c3c2264b868459d7ffbac3070dddc1349d7c6f3f480075f7041", "scripts/research-lowlevel.sh": "3455ad7933697936487712665505c216891865c6deada647302785f6e37020bd", "scripts/research-iron.sh": "4c863a262646ddab39b5005006ba8e03809895e6386c6310e2fd9d0a9e9609ee", "kernels/memory_placement/probe.py": "e8d990169ad6091fa1b53852e9f61eff495b5def72d35165a5c5cf1759e38898", "kernels/memory_placement/memory_kernels.cc": "182e7af7071a1e851afb4a7ca266069c489aea1fbaaa85eca129708daeba5ba6", "scripts/research-matrix.sh": "739254171629deae822b0ad7dabc875aee19ace56dde77d3e8aab61663f97516", "kernels/memory_placement/gemm.py": "17c905ad66110d3346bbf0db898dfc6b780df59fae1dfb0c1747057ce1e5844e", "kernels/memory_placement/gemm_placement.cc": "f21acf7250b12914ea30cc1f77613239dfa18421a85a1b9a5199017dd916278a", "tools/research_summary.py": "0c00dcceef07053d06731b41a1f1ed58d3ba4ea09f82497de354ce9cef17da20", "tools/research_toolchain.py": "f0a126a24ae213acfaa43460cfd9def0c86d9cb70cfee0228aa271688467b314"}, "commit": "0895493ec60e011a40618f162b588f13d6a43841", "command": ["bash", "scripts/research-iron.sh", "tools/bf16_accum_fidelity.py", "--all"], "seconds_limit": 300, "rss_gib_limit": 8, "checks_only": true, "free_ram_bytes": 18332209152}
BF16_ACCUM_DEPTH {"aligned_relerr": 0.0, "case": "k1 over 32 channels", "exact_relerr": 0.0, "post_relu": false, "stored_lanes_differ": 0.0, "taps": 4}
BF16_ACCUM_DEPTH {"aligned_relerr": 2.303918949324359e-08, "case": "k1 over 64 channels", "exact_relerr": 2.4125506315198375e-08, "post_relu": false, "stored_lanes_differ": 0.0, "taps": 8}
BF16_ACCUM_DEPTH {"aligned_relerr": 3.399051980372e-08, "case": "k3 over 8 channels", "exact_relerr": 2.795366938117522e-08, "post_relu": false, "stored_lanes_differ": 0.0, "taps": 9}
BF16_ACCUM_DEPTH {"aligned_relerr": 7.613095876592503e-08, "case": "k3 over 32 channels", "exact_relerr": 7.312658197360011e-08, "post_relu": false, "stored_lanes_differ": 0.0, "taps": 36}
BF16_ACCUM_DEPTH {"aligned_relerr": 1.0808247934497428e-07, "case": "k3 over 64 channels", "exact_relerr": 9.052590075728718e-08, "post_relu": false, "stored_lanes_differ": 0.0, "taps": 72}
BF16_ACCUM_DEPTH {"aligned_relerr": 2.1666703651933733e-07, "case": "k3 over 128 channels", "exact_relerr": 1.609203737541325e-07, "post_relu": false, "stored_lanes_differ": 0.0, "taps": 144}
BF16_ACCUM_DEPTH {"aligned_relerr": 1.4687076561983625e-07, "case": "k3 over 64, post-ReLU", "exact_relerr": 1.0862604974314653e-07, "post_relu": true, "stored_lanes_differ": 0.0, "taps": 72}
BF16_ACCUM_DEPTH {"aligned_relerr": 1.9357800998693573e-07, "case": "k3 over 128, post-ReLU", "exact_relerr": 1.7833122136621355e-07, "post_relu": true, "stored_lanes_differ": 0.0, "taps": 144}
BF16_ACCUM_CANCEL {"aligned_stores": 64.0, "exact_stores": 64.0, "ratio_log2": 4, "result": 64.0, "stored_lanes_differ": 0.0}
BF16_ACCUM_CANCEL {"aligned_stores": 16.0, "exact_stores": 16.0, "ratio_log2": 6, "result": 16.0, "stored_lanes_differ": 0.0}
BF16_ACCUM_CANCEL {"aligned_stores": 4.0, "exact_stores": 4.0, "ratio_log2": 8, "result": 4.0, "stored_lanes_differ": 0.0}
BF16_ACCUM_CANCEL {"aligned_stores": 1.0, "exact_stores": 1.0, "ratio_log2": 10, "result": 1.0, "stored_lanes_differ": 0.0}
BF16_ACCUM_CANCEL {"aligned_stores": 0.25, "exact_stores": 0.25, "ratio_log2": 12, "result": 0.25, "stored_lanes_differ": 0.0}
BF16_ACCUM_CANCEL {"aligned_stores": 0.0625, "exact_stores": 0.0625, "ratio_log2": 14, "result": 0.0625, "stored_lanes_differ": 0.0}
BF16_ACCUM_CANCEL {"aligned_stores": 0.015625, "exact_stores": 0.015625, "ratio_log2": 16, "result": 0.015625, "stored_lanes_differ": 0.0}
BF16_ACCUM_CANCEL {"aligned_stores": 0.00390625, "exact_stores": 0.00390625, "ratio_log2": 18, "result": 0.00390625, "stored_lanes_differ": 0.0}
BF16_ACCUM_CANCEL {"aligned_stores": 0.0009765625, "exact_stores": 0.0009765625, "ratio_log2": 20, "result": 0.0009765625, "stored_lanes_differ": 0.0}
BF16_ACCUM_CANCEL {"aligned_stores": 0.000244140625, "exact_stores": 0.000244140625, "ratio_log2": 22, "result": 0.000244140625, "stored_lanes_differ": 0.0}
BF16_ACCUM_CANCEL {"aligned_stores": 0.0, "exact_stores": 6.103515625e-05, "ratio_log2": 24, "result": 6.103515625e-05, "stored_lanes_differ": 1.0}
BF16_ACCUM_CANCEL {"aligned_stores": 0.0, "exact_stores": 1.52587890625e-05, "ratio_log2": 26, "result": 1.52587890625e-05, "stored_lanes_differ": 1.0}
BF16_ACCUM_CANCEL {"aligned_stores": 0.0, "exact_stores": 3.814697265625e-06, "ratio_log2": 28, "result": 3.814697265625e-06, "stored_lanes_differ": 1.0}
RESEARCH_PROCESS_RESULT {"exit_code": 0, "stop": null, "peak_tree_rss_bytes": null, "rss_measurement": "maximum observed across sampled descendant working sets; zero observations reported as null", "elapsed_seconds": 1.9070000000065193, "foreign_contention_observed": false, "timing_eligible": false}
