RESEARCH_PLATFORM {"machine": "Desktop 2", "cpu": "AMD Ryzen 7 8700G w/ Radeon 780M Graphics", "os": "Windows-11-10.0.26200-SP0", "ram_bytes": 33381138432, "source_sha256": {"tools/research_process.py": "ffeb1857f190b482eed101b5f5a928f455de26bfa61d23f78a2eacec08e2663e", "tools/quant_calib_alphabet.py": "2dc0b2878c564853f340880209a425dfcf63b8536b2b8e9fd32344daade58d37", "tools/xint8_arithmetic_probe.py": "6aa3df08b9870c3c2264b868459d7ffbac3070dddc1349d7c6f3f480075f7041", "scripts/research-lowlevel.sh": "3455ad7933697936487712665505c216891865c6deada647302785f6e37020bd", "scripts/research-iron.sh": "4c863a262646ddab39b5005006ba8e03809895e6386c6310e2fd9d0a9e9609ee", "kernels/memory_placement/probe.py": "e8d990169ad6091fa1b53852e9f61eff495b5def72d35165a5c5cf1759e38898", "kernels/memory_placement/memory_kernels.cc": "182e7af7071a1e851afb4a7ca266069c489aea1fbaaa85eca129708daeba5ba6", "scripts/research-matrix.sh": "739254171629deae822b0ad7dabc875aee19ace56dde77d3e8aab61663f97516", "kernels/memory_placement/gemm.py": "17c905ad66110d3346bbf0db898dfc6b780df59fae1dfb0c1747057ce1e5844e", "kernels/memory_placement/gemm_placement.cc": "f21acf7250b12914ea30cc1f77613239dfa18421a85a1b9a5199017dd916278a", "tools/research_summary.py": "0c00dcceef07053d06731b41a1f1ed58d3ba4ea09f82497de354ce9cef17da20", "tools/research_toolchain.py": "f0a126a24ae213acfaa43460cfd9def0c86d9cb70cfee0228aa271688467b314"}, "commit": "09367ce50b68cd6f1f8cc492411c2a230579b0fc", "command": ["bash", "scripts/research-iron.sh", "tools/bf16_mac_model_rescore.py", "where", "--qdq", "models/sesr_m7_xint8.onnx"], "seconds_limit": 1800.0, "rss_gib_limit": 8, "checks_only": true, "free_ram_bytes": 19587411968}
BF16_MAC_RESCORE_SETUP {"images": ["baby.png", "bird.png", "butterfly.png", "head.png", "woman.png"], "mode": "where", "models": ["wide", "sequential", "dot_first", "exp_sum"], "qdq": "sesr_m7_xint8.onnx", "qdq_sha256": "bfafba18e93940f8", "reference": "aligned", "seeds": [0], "tensors": {"/Add_output_0_QuantizeLinear_Output": 16, "/body.0/body.0.1/Relu_output_0_QuantizeLinear_Output": 16, "/body.1/body.1.1/Relu_output_0_QuantizeLinear_Output": 16, "/body.2/body.2.1/Relu_output_0_QuantizeLinear_Output": 16, "/body.3/body.3.1/Relu_output_0_QuantizeLinear_Output": 16, "/body.4/body.4.1/Relu_output_0_QuantizeLinear_Output": 16, "/body.5/body.5.1/Relu_output_0_QuantizeLinear_Output": 16, "/head/Conv_output_0_QuantizeLinear_Output": 16, "/tail/Conv_output_0_QuantizeLinear_Output": 12, "input_QuantizeLinear_Output": 3}}
HOST_TIMELINE {"elapsed_seconds": 4.516, "tree_rss_bytes": 132132864, "foreign_peers": []}
HOST_TIMELINE {"elapsed_seconds": 8.75, "tree_rss_bytes": 139083776, "foreign_peers": []}
HOST_TIMELINE {"elapsed_seconds": 12.954, "tree_rss_bytes": 146497536, "foreign_peers": []}
HOST_TIMELINE {"elapsed_seconds": 17.813, "tree_rss_bytes": 155471872, "foreign_peers": []}
HOST_TIMELINE {"elapsed_seconds": 22.297, "tree_rss_bytes": 161103872, "foreign_peers": []}
HOST_TIMELINE {"elapsed_seconds": 26.422, "tree_rss_bytes": 163987456, "foreign_peers": []}
HOST_TIMELINE {"elapsed_seconds": 30.391, "tree_rss_bytes": 176762880, "foreign_peers": []}
HOST_TIMELINE {"elapsed_seconds": 34.532, "tree_rss_bytes": 195198976, "foreign_peers": []}
HOST_TIMELINE {"elapsed_seconds": 38.704, "tree_rss_bytes": 205869056, "foreign_peers": []}
HOST_TIMELINE {"elapsed_seconds": 43.344, "tree_rss_bytes": 237461504, "foreign_peers": []}
HOST_TIMELINE {"elapsed_seconds": 47.5, "tree_rss_bytes": 254971904, "foreign_peers": []}
HOST_TIMELINE {"elapsed_seconds": 52.016, "tree_rss_bytes": 280686592, "foreign_peers": []}
HOST_TIMELINE {"elapsed_seconds": 56.438, "tree_rss_bytes": 286044160, "foreign_peers": []}
HOST_TIMELINE {"elapsed_seconds": 61.079, "tree_rss_bytes": 295100416, "foreign_peers": []}
HOST_TIMELINE {"elapsed_seconds": 65.438, "tree_rss_bytes": 301031424, "foreign_peers": []}
HOST_TIMELINE {"elapsed_seconds": 69.61, "tree_rss_bytes": 308056064, "foreign_peers": []}
HOST_TIMELINE {"elapsed_seconds": 73.829, "tree_rss_bytes": 314204160, "foreign_peers": []}
HOST_TIMELINE {"elapsed_seconds": 77.875, "tree_rss_bytes": 319520768, "foreign_peers": []}
HOST_TIMELINE {"elapsed_seconds": 81.969, "tree_rss_bytes": 321814528, "foreign_peers": []}
BF16_MAC_RESCORE_WHERE {"bits": {"aligned": "3efe", "wide": "3efd"}, "c": 10, "frame": "baby", "model": "wide", "padding_lane": false, "tensor": "/body.1/body.1.1/Relu_output_0_QuantizeLinear_Output", "x": 63, "y": 175}
BF16_MAC_RESCORE_WHERE {"bits": {"aligned": "3cc2", "wide": "3cc3"}, "c": 15, "frame": "baby", "model": "wide", "padding_lane": false, "tensor": "/body.2/body.2.1/Relu_output_0_QuantizeLinear_Output", "x": 170, "y": 25}
BF16_MAC_RESCORE_WHERE {"bits": {"aligned": "3efe", "sequential": "3efd"}, "c": 10, "frame": "baby", "model": "sequential", "padding_lane": false, "tensor": "/body.1/body.1.1/Relu_output_0_QuantizeLinear_Output", "x": 63, "y": 175}
BF16_MAC_RESCORE_WHERE {"bits": {"aligned": "3fd5", "sequential": "3fd4"}, "c": 13, "frame": "baby", "model": "sequential", "padding_lane": false, "tensor": "/body.1/body.1.1/Relu_output_0_QuantizeLinear_Output", "x": 237, "y": 97}
BF16_MAC_RESCORE_WHERE {"bits": {"aligned": "42c3", "sequential": "42c2"}, "c": 4, "frame": "baby", "model": "sequential", "padding_lane": false, "tensor": "/body.2/body.2.1/Relu_output_0_QuantizeLinear_Output", "x": 54, "y": 146}
BF16_MAC_RESCORE_WHERE {"bits": {"aligned": "3cc2", "sequential": "3cc3"}, "c": 15, "frame": "baby", "model": "sequential", "padding_lane": false, "tensor": "/body.2/body.2.1/Relu_output_0_QuantizeLinear_Output", "x": 170, "y": 25}
BF16_MAC_RESCORE_WHERE {"bits": {"aligned": "41e9", "sequential": "41ea"}, "c": 1, "frame": "baby", "model": "sequential", "padding_lane": false, "tensor": "/body.3/body.3.1/Relu_output_0_QuantizeLinear_Output", "x": 53, "y": 145}
BF16_MAC_RESCORE_WHERE {"bits": {"aligned": "41e1", "sequential": "41e2"}, "c": 1, "frame": "baby", "model": "sequential", "padding_lane": false, "tensor": "/body.3/body.3.1/Relu_output_0_QuantizeLinear_Output", "x": 53, "y": 146}
BF16_MAC_RESCORE_WHERE {"bits": {"aligned": "4178", "sequential": "4179"}, "c": 1, "frame": "baby", "model": "sequential", "padding_lane": false, "tensor": "/body.3/body.3.1/Relu_output_0_QuantizeLinear_Output", "x": 55, "y": 146}
BF16_MAC_RESCORE_WHERE {"bits": {"aligned": "408e", "sequential": "408f"}, "c": 1, "frame": "baby", "model": "sequential", "padding_lane": false, "tensor": "/body.3/body.3.1/Relu_output_0_QuantizeLinear_Output", "x": 53, "y": 147}
BF16_MAC_RESCORE_WHERE {"bits": {"aligned": "4253", "sequential": "4254"}, "c": 2, "frame": "baby", "model": "sequential", "padding_lane": false, "tensor": "/body.3/body.3.1/Relu_output_0_QuantizeLinear_Output", "x": 54, "y": 146}
BF16_MAC_RESCORE_WHERE {"bits": {"aligned": "3f6e", "sequential": "3f5e"}, "c": 3, "frame": "baby", "model": "sequential", "padding_lane": false, "tensor": "/body.3/body.3.1/Relu_output_0_QuantizeLinear_Output", "x": 55, "y": 145}
BF16_MAC_RESCORE_WHERE {"bits": {"aligned": "4108", "sequential": "4107"}, "c": 3, "frame": "baby", "model": "sequential", "padding_lane": false, "tensor": "/body.3/body.3.1/Relu_output_0_QuantizeLinear_Output", "x": 53, "y": 146}
BF16_MAC_RESCORE_WHERE {"bits": {"aligned": "4210", "sequential": "420f"}, "c": 4, "frame": "baby", "model": "sequential", "padding_lane": false, "tensor": "/body.3/body.3.1/Relu_output_0_QuantizeLinear_Output", "x": 54, "y": 146}
BF16_MAC_RESCORE_WHERE {"bits": {"aligned": "40dc", "sequential": "40db"}, "c": 4, "frame": "baby", "model": "sequential", "padding_lane": false, "tensor": "/body.3/body.3.1/Relu_output_0_QuantizeLinear_Output", "x": 55, "y": 146}
BF16_MAC_RESCORE_WHERE {"bits": {"aligned": "409f", "sequential": "40a2"}, "c": 4, "frame": "baby", "model": "sequential", "padding_lane": false, "tensor": "/body.3/body.3.1/Relu_output_0_QuantizeLinear_Output", "x": 54, "y": 147}
BF16_MAC_RESCORE_WHERE {"bits": {"aligned": "429e", "sequential": "429d"}, "c": 5, "frame": "baby", "model": "sequential", "padding_lane": false, "tensor": "/body.3/body.3.1/Relu_output_0_QuantizeLinear_Output", "x": 53, "y": 146}
BF16_MAC_RESCORE_WHERE {"bits": {"aligned": "429d", "sequential": "429e"}, "c": 5, "frame": "baby", "model": "sequential", "padding_lane": false, "tensor": "/body.3/body.3.1/Relu_output_0_QuantizeLinear_Output", "x": 53, "y": 147}
BF16_MAC_RESCORE_WHERE {"bits": {"aligned": "40d1", "sequential": "40d3"}, "c": 6, "frame": "baby", "model": "sequential", "padding_lane": false, "tensor": "/body.3/body.3.1/Relu_output_0_QuantizeLinear_Output", "x": 53, "y": 145}
BF16_MAC_RESCORE_WHERE {"bits": {"aligned": "3faa", "sequential": "3fb2"}, "c": 7, "frame": "baby", "model": "sequential", "padding_lane": false, "tensor": "/body.3/body.3.1/Relu_output_0_QuantizeLinear_Output", "x": 54, "y": 145}
BF16_MAC_RESCORE_WHERE {"bits": {"aligned": "3fdf", "sequential": "3fe6"}, "c": 10, "frame": "baby", "model": "sequential", "padding_lane": false, "tensor": "/body.3/body.3.1/Relu_output_0_QuantizeLinear_Output", "x": 54, "y": 147}
BF16_MAC_RESCORE_WHERE {"bits": {"aligned": "411c", "sequential": "411d"}, "c": 13, "frame": "baby", "model": "sequential", "padding_lane": false, "tensor": "/body.3/body.3.1/Relu_output_0_QuantizeLinear_Output", "x": 54, "y": 147}
BF16_MAC_RESCORE_WHERE {"bits": {"aligned": "3f9d", "sequential": "3fa3"}, "c": 15, "frame": "baby", "model": "sequential", "padding_lane": false, "tensor": "/body.3/body.3.1/Relu_output_0_QuantizeLinear_Output", "x": 53, "y": 146}
BF16_MAC_RESCORE_WHERE {"bits": {"aligned": "4130", "sequential": "412f"}, "c": 15, "frame": "baby", "model": "sequential", "padding_lane": false, "tensor": "/body.3/body.3.1/Relu_output_0_QuantizeLinear_Output", "x": 55, "y": 146}
BF16_MAC_RESCORE_WHERE {"bits": {"aligned": "41b0", "sequential": "41af"}, "c": 15, "frame": "baby", "model": "sequential", "padding_lane": false, "tensor": "/body.3/body.3.1/Relu_output_0_QuantizeLinear_Output", "x": 53, "y": 147}
BF16_MAC_RESCORE_WHERE {"bits": {"aligned": "4193", "sequential": "4192"}, "c": 15, "frame": "baby", "model": "sequential", "padding_lane": false, "tensor": "/body.3/body.3.1/Relu_output_0_QuantizeLinear_Output", "x": 54, "y": 147}
BF16_MAC_RESCORE_WHERE {"bits": {"aligned": "3ff9", "sequential": "3ffc"}, "c": 15, "frame": "baby", "model": "sequential", "padding_lane": false, "tensor": "/body.3/body.3.1/Relu_output_0_QuantizeLinear_Output", "x": 55, "y": 147}
BF16_MAC_RESCORE_WHERE {"bits": {"aligned": "4054", "sequential": "4050"}, "c": 1, "frame": "baby", "model": "sequential", "padding_lane": false, "tensor": "/body.4/body.4.1/Relu_output_0_QuantizeLinear_Output", "x": 54, "y": 144}
BF16_MAC_RESCORE_WHERE {"bits": {"aligned": "41cf", "sequential": "41cc"}, "c": 1, "frame": "baby", "model": "sequential", "padding_lane": false, "tensor": "/body.4/body.4.1/Relu_output_0_QuantizeLinear_Output", "x": 54, "y": 148}
BF16_MAC_RESCORE_WHERE {"bits": {"aligned": "41ae", "sequential": "41ad"}, "c": 1, "frame": "baby", "model": "sequential", "padding_lane": false, "tensor": "/body.4/body.4.1/Relu_output_0_QuantizeLinear_Output", "x": 56, "y": 148}
BF16_MAC_RESCORE_WHERE {"bits": {"aligned": "4215", "sequential": "4216"}, "c": 2, "frame": "baby", "model": "sequential", "padding_lane": false, "tensor": "/body.4/body.4.1/Relu_output_0_QuantizeLinear_Output", "x": 54, "y": 146}
BF16_MAC_RESCORE_WHERE {"bits": {"aligned": "42be", "sequential": "42bd"}, "c": 3, "frame": "baby", "model": "sequential", "padding_lane": false, "tensor": "/body.4/body.4.1/Relu_output_0_QuantizeLinear_Output", "x": 55, "y": 145}
BF16_MAC_RESCORE_WHERE {"bits": {"aligned": "42ab", "sequential": "42a9"}, "c": 3, "frame": "baby", "model": "sequential", "padding_lane": false, "tensor": "/body.4/body.4.1/Relu_output_0_QuantizeLinear_Output", "x": 54, "y": 146}
BF16_MAC_RESCORE_WHERE {"bits": {"aligned": "420e", "sequential": "420f"}, "c": 3, "frame": "baby", "model": "sequential", "padding_lane": false, "tensor": "/body.4/body.4.1/Relu_output_0_QuantizeLinear_Output", "x": 54, "y": 147}
BF16_MAC_RESCORE_WHERE {"bits": {"aligned": "42ef", "sequential": "42f0"}, "c": 3, "frame": "baby", "model": "sequential", "padding_lane": false, "tensor": "/body.4/body.4.1/Relu_output_0_QuantizeLinear_Output", "x": 53, "y": 148}
BF16_MAC_RESCORE_WHERE {"bits": {"aligned": "4231", "sequential": "4230"}, "c": 5, "frame": "baby", "model": "sequential", "padding_lane": false, "tensor": "/body.4/body.4.1/Relu_output_0_QuantizeLinear_Output", "x": 52, "y": 145}
BF16_MAC_RESCORE_WHERE {"bits": {"aligned": "41b2", "sequential": "41b1"}, "c": 5, "frame": "baby", "model": "sequential", "padding_lane": false, "tensor": "/body.4/body.4.1/Relu_output_0_QuantizeLinear_Output", "x": 54, "y": 145}
BF16_MAC_RESCORE_WHERE {"bits": {"aligned": "4243", "sequential": "4242"}, "c": 5, "frame": "baby", "model": "sequential", "padding_lane": false, "tensor": "/body.4/body.4.1/Relu_output_0_QuantizeLinear_Output", "x": 53, "y": 146}
BF16_MAC_RESCORE_WHERE {"bits": {"aligned": "4279", "sequential": "4278"}, "c": 5, "frame": "baby", "model": "sequential", "padding_lane": false, "tensor": "/body.4/body.4.1/Relu_output_0_QuantizeLinear_Output", "x": 54, "y": 146}
BF16_MAC_RESCORE_WHERE {"bits": {"aligned": "4192", "sequential": "4193"}, "c": 5, "frame": "baby", "model": "sequential", "padding_lane": false, "tensor": "/body.4/body.4.1/Relu_output_0_QuantizeLinear_Output", "x": 53, "y": 147}
BF16_MAC_RESCORE_WHERE {"bits": {"aligned": "40bf", "sequential": "40bc"}, "c": 8, "frame": "baby", "model": "sequential", "padding_lane": false, "tensor": "/body.4/body.4.1/Relu_output_0_QuantizeLinear_Output", "x": 53, "y": 144}
BF16_MAC_RESCORE_WHERE {"bits": {"aligned": "4115", "sequential": "4114"}, "c": 8, "frame": "baby", "model": "sequential", "padding_lane": false, "tensor": "/body.4/body.4.1/Relu_output_0_QuantizeLinear_Output", "x": 52, "y": 145}
BF16_MAC_RESCORE_WHERE {"bits": {"aligned": "41ad", "sequential": "41b0"}, "c": 8, "frame": "baby", "model": "sequential", "padding_lane": false, "tensor": "/body.4/body.4.1/Relu_output_0_QuantizeLinear_Output", "x": 53, "y": 146}
BF16_MAC_RESCORE_WHERE {"bits": {"aligned": "41d3", "sequential": "41cf"}, "c": 8, "frame": "baby", "model": "sequential", "padding_lane": false, "tensor": "/body.4/body.4.1/Relu_output_0_QuantizeLinear_Output", "x": 54, "y": 146}
BF16_MAC_RESCORE_WHERE {"bits": {"aligned": "40d8", "sequential": "40d7"}, "c": 8, "frame": "baby", "model": "sequential", "padding_lane": false, "tensor": "/body.4/body.4.1/Relu_output_0_QuantizeLinear_Output", "x": 55, "y": 147}
BF16_MAC_RESCORE_WHERE {"bits": {"aligned": "40b3", "sequential": "40b0"}, "c": 8, "frame": "baby", "model": "sequential", "padding_lane": false, "tensor": "/body.4/body.4.1/Relu_output_0_QuantizeLinear_Output", "x": 54, "y": 148}
BF16_MAC_RESCORE_WHERE {"bits": {"aligned": "40e5", "sequential": "40e4"}, "c": 10, "frame": "baby", "model": "sequential", "padding_lane": false, "tensor": "/body.4/body.4.1/Relu_output_0_QuantizeLinear_Output", "x": 54, "y": 144}
BF16_MAC_RESCORE_WHERE {"bits": {"aligned": "41e2", "sequential": "41e0"}, "c": 10, "frame": "baby", "model": "sequential", "padding_lane": false, "tensor": "/body.4/body.4.1/Relu_output_0_QuantizeLinear_Output", "x": 53, "y": 145}
BF16_MAC_RESCORE_WHERE {"bits": {"aligned": "41c9", "sequential": "41ca"}, "c": 10, "frame": "baby", "model": "sequential", "padding_lane": false, "tensor": "/body.4/body.4.1/Relu_output_0_QuantizeLinear_Output", "x": 54, "y": 145}
BF16_MAC_RESCORE_WHERE {"bits": {"aligned": "420e", "sequential": "420d"}, "c": 10, "frame": "baby", "model": "sequential", "padding_lane": false, "tensor": "/body.4/body.4.1/Relu_output_0_QuantizeLinear_Output", "x": 53, "y": 146}
BF16_MAC_RESCORE_WHERE {"bits": {"aligned": "4259", "sequential": "425a"}, "c": 10, "frame": "baby", "model": "sequential", "padding_lane": false, "tensor": "/body.4/body.4.1/Relu_output_0_QuantizeLinear_Output", "x": 54, "y": 146}
BF16_MAC_RESCORE_WHERE {"bits": {"aligned": "420d", "sequential": "420e"}, "c": 10, "frame": "baby", "model": "sequential", "padding_lane": false, "tensor": "/body.4/body.4.1/Relu_output_0_QuantizeLinear_Output", "x": 56, "y": 146}
BF16_MAC_RESCORE_WHERE {"bits": {"aligned": "41e2", "sequential": "41e3"}, "c": 10, "frame": "baby", "model": "sequential", "padding_lane": false, "tensor": "/body.4/body.4.1/Relu_output_0_QuantizeLinear_Output", "x": 52, "y": 147}
BF16_MAC_RESCORE_WHERE {"bits": {"aligned": "4256", "sequential": "4258"}, "c": 10, "frame": "baby", "model": "sequential", "padding_lane": false, "tensor": "/body.4/body.4.1/Relu_output_0_QuantizeLinear_Output", "x": 53, "y": 147}
BF16_MAC_RESCORE_WHERE {"bits": {"aligned": "4230", "sequential": "4231"}, "c": 10, "frame": "baby", "model": "sequential", "padding_lane": false, "tensor": "/body.4/body.4.1/Relu_output_0_QuantizeLinear_Output", "x": 54, "y": 147}
BF16_MAC_RESCORE_WHERE {"bits": {"aligned": "4043", "sequential": "4042"}, "c": 10, "frame": "baby", "model": "sequential", "padding_lane": false, "tensor": "/body.4/body.4.1/Relu_output_0_QuantizeLinear_Output", "x": 55, "y": 147}
BF16_MAC_RESCORE_WHERE {"bits": {"aligned": "424e", "sequential": "424d"}, "c": 10, "frame": "baby", "model": "sequential", "padding_lane": false, "tensor": "/body.4/body.4.1/Relu_output_0_QuantizeLinear_Output", "x": 52, "y": 148}
BF16_MAC_RESCORE_WHERE {"bits": {"aligned": "4206", "sequential": "4205"}, "c": 10, "frame": "baby", "model": "sequential", "padding_lane": false, "tensor": "/body.4/body.4.1/Relu_output_0_QuantizeLinear_Output", "x": 53, "y": 148}
BF16_MAC_RESCORE_WHERE {"bits": {"aligned": "41e7", "sequential": "41e6"}, "c": 10, "frame": "baby", "model": "sequential", "padding_lane": false, "tensor": "/body.4/body.4.1/Relu_output_0_QuantizeLinear_Output", "x": 54, "y": 148}
BF16_MAC_RESCORE_WHERE {"bits": {"aligned": "417c", "sequential": "417b"}, "c": 11, "frame": "baby", "model": "sequential", "padding_lane": false, "tensor": "/body.4/body.4.1/Relu_output_0_QuantizeLinear_Output", "x": 53, "y": 144}
BF16_MAC_RESCORE_WHERE {"bits": {"aligned": "424b", "sequential": "424a"}, "c": 11, "frame": "baby", "model": "sequential", "padding_lane": false, "tensor": "/body.4/body.4.1/Relu_output_0_QuantizeLinear_Output", "x": 53, "y": 146}
BF16_MAC_RESCORE_WHERE {"bits": {"aligned": "4217", "sequential": "4216"}, "c": 11, "frame": "baby", "model": "sequential", "padding_lane": false, "tensor": "/body.4/body.4.1/Relu_output_0_QuantizeLinear_Output", "x": 54, "y": 146}
BF16_MAC_RESCORE_WHERE {"bits": {"aligned": "4234", "sequential": "4235"}, "c": 11, "frame": "baby", "model": "sequential", "padding_lane": false, "tensor": "/body.4/body.4.1/Relu_output_0_QuantizeLinear_Output", "x": 53, "y": 147}
BF16_MAC_RESCORE_WHERE {"bits": {"aligned": "3f7a", "sequential": "3f6d"}, "c": 13, "frame": "baby", "model": "sequential", "padding_lane": false, "tensor": "/body.4/body.4.1/Relu_output_0_QuantizeLinear_Output", "x": 55, "y": 148}
BF16_MAC_RESCORE_WHERE {"bits": {"aligned": "417a", "sequential": "4175"}, "c": 14, "frame": "baby", "model": "sequential", "padding_lane": false, "tensor": "/body.4/body.4.1/Relu_output_0_QuantizeLinear_Output", "x": 54, "y": 146}
BF16_MAC_RESCORE_WHERE {"bits": {"aligned": "41b5", "sequential": "41b4"}, "c": 14, "frame": "baby", "model": "sequential", "padding_lane": false, "tensor": "/body.4/body.4.1/Relu_output_0_QuantizeLinear_Output", "x": 54, "y": 148}
BF16_MAC_RESCORE_WHERE {"bits": {"aligned": "41a8", "sequential": "41a7"}, "c": 15, "frame": "baby", "model": "sequential", "padding_lane": false, "tensor": "/body.4/body.4.1/Relu_output_0_QuantizeLinear_Output", "x": 53, "y": 144}
BF16_MAC_RESCORE_WHERE {"bits": {"aligned": "4151", "sequential": "4152"}, "c": 15, "frame": "baby", "model": "sequential", "padding_lane": false, "tensor": "/body.4/body.4.1/Relu_output_0_QuantizeLinear_Output", "x": 56, "y": 144}
BF16_MAC_RESCORE_WHERE {"bits": {"aligned": "41c6", "sequential": "41c7"}, "c": 15, "frame": "baby", "model": "sequential", "padding_lane": false, "tensor": "/body.4/body.4.1/Relu_output_0_QuantizeLinear_Output", "x": 55, "y": 145}
BF16_MAC_RESCORE_WHERE {"bits": {"aligned": "4235", "sequential": "4236"}, "c": 15, "frame": "baby", "model": "sequential", "padding_lane": false, "tensor": "/body.4/body.4.1/Relu_output_0_QuantizeLinear_Output", "x": 56, "y": 145}
BF16_MAC_RESCORE_WHERE {"bits": {"aligned": "4199", "sequential": "4198"}, "c": 15, "frame": "baby", "model": "sequential", "padding_lane": false, "tensor": "/body.4/body.4.1/Relu_output_0_QuantizeLinear_Output", "x": 52, "y": 146}
BF16_MAC_RESCORE_WHERE {"bits": {"aligned": "4122", "sequential": "4125"}, "c": 15, "frame": "baby", "model": "sequential", "padding_lane": false, "tensor": "/body.4/body.4.1/Relu_output_0_QuantizeLinear_Output", "x": 53, "y": 146}
BF16_MAC_RESCORE_WHERE {"bits": {"aligned": "41e9", "sequential": "41ea"}, "c": 15, "frame": "baby", "model": "sequential", "padding_lane": false, "tensor": "/body.4/body.4.1/Relu_output_0_QuantizeLinear_Output", "x": 54, "y": 146}
BF16_MAC_RESCORE_WHERE {"bits": {"aligned": "4114", "sequential": "4115"}, "c": 15, "frame": "baby", "model": "sequential", "padding_lane": false, "tensor": "/body.4/body.4.1/Relu_output_0_QuantizeLinear_Output", "x": 55, "y": 146}
BF16_MAC_RESCORE_WHERE {"bits": {"aligned": "410e", "sequential": "410a"}, "c": 15, "frame": "baby", "model": "sequential", "padding_lane": false, "tensor": "/body.4/body.4.1/Relu_output_0_QuantizeLinear_Output", "x": 53, "y": 147}
BF16_MAC_RESCORE_WHERE {"bits": {"aligned": "4141", "sequential": "4142"}, "c": 15, "frame": "baby", "model": "sequential", "padding_lane": false, "tensor": "/body.4/body.4.1/Relu_output_0_QuantizeLinear_Output", "x": 53, "y": 148}
BF16_MAC_RESCORE_WHERE {"bits": {"aligned": "3f01", "sequential": "3eff"}, "c": 15, "frame": "baby", "model": "sequential", "padding_lane": false, "tensor": "/body.4/body.4.1/Relu_output_0_QuantizeLinear_Output", "x": 56, "y": 148}
BF16_MAC_RESCORE_WHERE {"bits": {"aligned": "42c7", "sequential": "42c6"}, "c": 2, "frame": "baby", "model": "sequential", "padding_lane": false, "tensor": "/body.5/body.5.1/Relu_output_0_QuantizeLinear_Output", "x": 53, "y": 144}
BF16_MAC_RESCORE_WHERE {"bits": {"aligned": "42ac", "sequential": "42ad"}, "c": 14, "frame": "baby", "model": "sequential", "padding_lane": false, "tensor": "/body.5/body.5.1/Relu_output_0_QuantizeLinear_Output", "x": 53, "y": 145}
BF16_MAC_RESCORE_WHERE {"bits": {"aligned": "42aa", "sequential": "42ab"}, "c": 14, "frame": "baby", "model": "sequential", "padding_lane": false, "tensor": "/body.5/body.5.1/Relu_output_0_QuantizeLinear_Output", "x": 55, "y": 145}
BF16_MAC_RESCORE_WHERE {"bits": {"aligned": "42a6", "sequential": "42a7"}, "c": 14, "frame": "baby", "model": "sequential", "padding_lane": false, "tensor": "/body.5/body.5.1/Relu_output_0_QuantizeLinear_Output", "x": 52, "y": 146}
BF16_MAC_RESCORE_WHERE {"bits": {"aligned": "42b8", "sequential": "42b9"}, "c": 14, "frame": "baby", "model": "sequential", "padding_lane": false, "tensor": "/body.5/body.5.1/Relu_output_0_QuantizeLinear_Output", "x": 53, "y": 146}
BF16_MAC_RESCORE_WHERE {"bits": {"aligned": "42d2", "sequential": "42d3"}, "c": 14, "frame": "baby", "model": "sequential", "padding_lane": false, "tensor": "/body.5/body.5.1/Relu_output_0_QuantizeLinear_Output", "x": 54, "y": 146}
BF16_MAC_RESCORE_WHERE {"bits": {"aligned": "42b6", "sequential": "42b5"}, "c": 14, "frame": "baby", "model": "sequential", "padding_lane": false, "tensor": "/body.5/body.5.1/Relu_output_0_QuantizeLinear_Output", "x": 53, "y": 148}
BF16_MAC_RESCORE_WHERE {"bits": {"aligned": "4288", "sequential": "4287"}, "c": 14, "frame": "baby", "model": "sequential", "padding_lane": false, "tensor": "/body.5/body.5.1/Relu_output_0_QuantizeLinear_Output", "x": 54, "y": 148}
BF16_MAC_RESCORE_WHERE {"bits": {"aligned": "42ca", "sequential": "42cb"}, "c": 14, "frame": "baby", "model": "sequential", "padding_lane": false, "tensor": "/body.5/body.5.1/Relu_output_0_QuantizeLinear_Output", "x": 53, "y": 149}
BF16_MAC_RESCORE_WHERE {"bits": {"aligned": "40f3", "sequential": "40f4"}, "c": 0, "frame": "baby", "model": "sequential", "padding_lane": false, "tensor": "/Add_output_0_QuantizeLinear_Output", "x": 52, "y": 144}
BF16_MAC_RESCORE_WHERE {"bits": {"aligned": "40cc", "sequential": "40cd"}, "c": 2, "frame": "baby", "model": "sequential", "padding_lane": false, "tensor": "/Add_output_0_QuantizeLinear_Output", "x": 52, "y": 143}
BF16_MAC_RESCORE_WHERE {"bits": {"aligned": "407c", "sequential": "407a"}, "c": 2, "frame": "baby", "model": "sequential", "padding_lane": false, "tensor": "/Add_output_0_QuantizeLinear_Output", "x": 53, "y": 144}
BF16_MAC_RESCORE_WHERE {"bits": {"aligned": "4061", "sequential": "4062"}, "c": 2, "frame": "baby", "model": "sequential", "padding_lane": false, "tensor": "/Add_output_0_QuantizeLinear_Output", "x": 54, "y": 146}
BF16_MAC_RESCORE_WHERE {"bits": {"aligned": "3fbc", "sequential": "3fba"}, "c": 2, "frame": "baby", "model": "sequential", "padding_lane": false, "tensor": "/Add_output_0_QuantizeLinear_Output", "x": 53, "y": 148}
BF16_MAC_RESCORE_WHERE {"bits": {"aligned": "406a", "sequential": "406b"}, "c": 2, "frame": "baby", "model": "sequential", "padding_lane": false, "tensor": "/Add_output_0_QuantizeLinear_Output", "x": 53, "y": 149}
BF16_MAC_RESCORE_WHERE {"bits": {"aligned": "3fc4", "sequential": "3fc2"}, "c": 8, "frame": "baby", "model": "sequential", "padding_lane": false, "tensor": "/Add_output_0_QuantizeLinear_Output", "x": 53, "y": 143}
BF16_MAC_RESCORE_WHERE {"bits": {"aligned": "bfcc", "sequential": "bfcb"}, "c": 14, "frame": "baby", "model": "sequential", "padding_lane": false, "tensor": "/Add_output_0_QuantizeLinear_Output", "x": 54, "y": 146}
BF16_MAC_RESCORE_WHERE {"bits": {"aligned": "be10", "sequential": "be18"}, "c": 14, "frame": "baby", "model": "sequential", "padding_lane": false, "tensor": "/Add_output_0_QuantizeLinear_Output", "x": 53, "y": 148}
BF16_MAC_RESCORE_WHERE {"bits": {"aligned": "bff6", "sequential": "bff7"}, "c": 14, "frame": "baby", "model": "sequential", "padding_lane": false, "tensor": "/Add_output_0_QuantizeLinear_Output", "x": 54, "y": 148}
BF16_MAC_RESCORE_WHERE {"bits": {"aligned": "bf92", "sequential": "bf91"}, "c": 14, "frame": "baby", "model": "sequential", "padding_lane": false, "tensor": "/Add_output_0_QuantizeLinear_Output", "x": 53, "y": 149}
BF16_MAC_RESCORE_WHERE {"bits": {"aligned": "4178", "sequential": "4177"}, "c": 9, "frame": "baby", "model": "sequential", "padding_lane": false, "tensor": "/tail/Conv_output_0_QuantizeLinear_Output", "x": 53, "y": 147}
BF16_MAC_RESCORE_WHERE {"bits": {"aligned": "41d2", "sequential": "41d3"}, "c": 11, "frame": "baby", "model": "sequential", "padding_lane": false, "tensor": "/tail/Conv_output_0_QuantizeLinear_Output", "x": 54, "y": 148}
BF16_MAC_RESCORE_WHERE {"bits": {"aligned": "3efe", "dot_first": "3efd"}, "c": 10, "frame": "baby", "model": "dot_first", "padding_lane": false, "tensor": "/body.1/body.1.1/Relu_output_0_QuantizeLinear_Output", "x": 63, "y": 175}
BF16_MAC_RESCORE_WHERE {"bits": {"aligned": "3cc2", "dot_first": "3cc3"}, "c": 15, "frame": "baby", "model": "dot_first", "padding_lane": false, "tensor": "/body.2/body.2.1/Relu_output_0_QuantizeLinear_Output", "x": 170, "y": 25}
BF16_MAC_RESCORE_WHERE_FRAME {"differ_by_model": {"dot_first": {"/body.1/body.1.1/Relu_output_0_QuantizeLinear_Output": 1, "/body.2/body.2.1/Relu_output_0_QuantizeLinear_Output": 1}, "exp_sum": {}, "sequential": {"/Add_output_0_QuantizeLinear_Output": 11, "/body.1/body.1.1/Relu_output_0_QuantizeLinear_Output": 2, "/body.2/body.2.1/Relu_output_0_QuantizeLinear_Output": 2, "/body.3/body.3.1/Relu_output_0_QuantizeLinear_Output": 21, "/body.4/body.4.1/Relu_output_0_QuantizeLinear_Output": 50, "/body.5/body.5.1/Relu_output_0_QuantizeLinear_Output": 9, "/tail/Conv_output_0_QuantizeLinear_Output": 2}, "wide": {"/body.1/body.1.1/Relu_output_0_QuantizeLinear_Output": 1, "/body.2/body.2.1/Relu_output_0_QuantizeLinear_Output": 1}}, "frame": "baby"}
HOST_TIMELINE {"elapsed_seconds": 85.969, "tree_rss_bytes": 422805504, "foreign_peers": []}
HOST_TIMELINE {"elapsed_seconds": 90.391, "tree_rss_bytes": 433168384, "foreign_peers": []}
HOST_TIMELINE {"elapsed_seconds": 94.469, "tree_rss_bytes": 440803328, "foreign_peers": []}
HOST_TIMELINE {"elapsed_seconds": 98.516, "tree_rss_bytes": 447074304, "foreign_peers": []}
HOST_TIMELINE {"elapsed_seconds": 102.641, "tree_rss_bytes": 454352896, "foreign_peers": []}
HOST_TIMELINE {"elapsed_seconds": 107.125, "tree_rss_bytes": 460324864, "foreign_peers": []}
HOST_TIMELINE {"elapsed_seconds": 111.094, "tree_rss_bytes": 462946304, "foreign_peers": []}
HOST_TIMELINE {"elapsed_seconds": 115.469, "tree_rss_bytes": 478367744, "foreign_peers": []}
HOST_TIMELINE {"elapsed_seconds": 119.797, "tree_rss_bytes": 498962432, "foreign_peers": []}
HOST_TIMELINE {"elapsed_seconds": 123.875, "tree_rss_bytes": 512802816, "foreign_peers": []}
HOST_TIMELINE {"elapsed_seconds": 127.907, "tree_rss_bytes": 538005504, "foreign_peers": []}
HOST_TIMELINE {"elapsed_seconds": 131.969, "tree_rss_bytes": 556879872, "foreign_peers": []}
HOST_TIMELINE {"elapsed_seconds": 136.079, "tree_rss_bytes": 579309568, "foreign_peers": []}
HOST_TIMELINE {"elapsed_seconds": 140.11, "tree_rss_bytes": 585363456, "foreign_peers": []}
HOST_TIMELINE {"elapsed_seconds": 144.219, "tree_rss_bytes": 593690624, "foreign_peers": []}
HOST_TIMELINE {"elapsed_seconds": 148.297, "tree_rss_bytes": 599859200, "foreign_peers": []}
HOST_TIMELINE {"elapsed_seconds": 152.266, "tree_rss_bytes": 605577216, "foreign_peers": []}
HOST_TIMELINE {"elapsed_seconds": 156.25, "tree_rss_bytes": 611602432, "foreign_peers": []}
HOST_TIMELINE {"elapsed_seconds": 160.219, "tree_rss_bytes": 617234432, "foreign_peers": []}
HOST_TIMELINE {"elapsed_seconds": 164.219, "tree_rss_bytes": 620433408, "foreign_peers": []}
HOST_TIMELINE {"elapsed_seconds": 168.204, "tree_rss_bytes": 622825472, "foreign_peers": []}
BF16_MAC_RESCORE_WHERE {"bits": {"aligned": "3ec1", "wide": "3ec2"}, "c": 9, "frame": "bird", "model": "wide", "padding_lane": false, "tensor": "/body.1/body.1.1/Relu_output_0_QuantizeLinear_Output", "x": 251, "y": 118}
BF16_MAC_RESCORE_WHERE {"bits": {"aligned": "3ee2", "wide": "3ee3"}, "c": 12, "frame": "bird", "model": "wide", "padding_lane": false, "tensor": "/body.1/body.1.1/Relu_output_0_QuantizeLinear_Output", "x": 179, "y": 70}
BF16_MAC_RESCORE_WHERE {"bits": {"aligned": "3ab2", "wide": "3ab1"}, "c": 12, "frame": "bird", "model": "wide", "padding_lane": false, "tensor": "/body.1/body.1.1/Relu_output_0_QuantizeLinear_Output", "x": 252, "y": 121}
BF16_MAC_RESCORE_WHERE {"bits": {"aligned": "3ec1", "sequential": "3ec2"}, "c": 9, "frame": "bird", "model": "sequential", "padding_lane": false, "tensor": "/body.1/body.1.1/Relu_output_0_QuantizeLinear_Output", "x": 251, "y": 118}
BF16_MAC_RESCORE_WHERE {"bits": {"aligned": "3ee2", "sequential": "3ee3"}, "c": 12, "frame": "bird", "model": "sequential", "padding_lane": false, "tensor": "/body.1/body.1.1/Relu_output_0_QuantizeLinear_Output", "x": 179, "y": 70}
BF16_MAC_RESCORE_WHERE {"bits": {"aligned": "3ab2", "sequential": "3ab1"}, "c": 12, "frame": "bird", "model": "sequential", "padding_lane": false, "tensor": "/body.1/body.1.1/Relu_output_0_QuantizeLinear_Output", "x": 252, "y": 121}
BF16_MAC_RESCORE_WHERE {"bits": {"aligned": "3ec1", "dot_first": "3ec2"}, "c": 9, "frame": "bird", "model": "dot_first", "padding_lane": false, "tensor": "/body.1/body.1.1/Relu_output_0_QuantizeLinear_Output", "x": 251, "y": 118}
BF16_MAC_RESCORE_WHERE {"bits": {"aligned": "3ee2", "dot_first": "3ee3"}, "c": 12, "frame": "bird", "model": "dot_first", "padding_lane": false, "tensor": "/body.1/body.1.1/Relu_output_0_QuantizeLinear_Output", "x": 179, "y": 70}
BF16_MAC_RESCORE_WHERE {"bits": {"aligned": "3ab2", "dot_first": "3ab1"}, "c": 12, "frame": "bird", "model": "dot_first", "padding_lane": false, "tensor": "/body.1/body.1.1/Relu_output_0_QuantizeLinear_Output", "x": 252, "y": 121}
BF16_MAC_RESCORE_WHERE {"bits": {"aligned": "3f4d", "dot_first": "3f4c"}, "c": 8, "frame": "bird", "model": "dot_first", "padding_lane": false, "tensor": "/body.2/body.2.1/Relu_output_0_QuantizeLinear_Output", "x": 85, "y": 41}
BF16_MAC_RESCORE_WHERE {"bits": {"aligned": "4059", "dot_first": "405a"}, "c": 1, "frame": "bird", "model": "dot_first", "padding_lane": false, "tensor": "/body.3/body.3.1/Relu_output_0_QuantizeLinear_Output", "x": 85, "y": 41}
BF16_MAC_RESCORE_WHERE {"bits": {"aligned": "3f71", "dot_first": "3f72"}, "c": 8, "frame": "bird", "model": "dot_first", "padding_lane": false, "tensor": "/body.4/body.4.1/Relu_output_0_QuantizeLinear_Output", "x": 84, "y": 42}
BF16_MAC_RESCORE_WHERE {"bits": {"aligned": "4157", "dot_first": "4156"}, "c": 10, "frame": "bird", "model": "dot_first", "padding_lane": false, "tensor": "/body.4/body.4.1/Relu_output_0_QuantizeLinear_Output", "x": 86, "y": 40}
BF16_MAC_RESCORE_WHERE {"bits": {"aligned": "41ef", "dot_first": "41f0"}, "c": 15, "frame": "bird", "model": "dot_first", "padding_lane": false, "tensor": "/body.4/body.4.1/Relu_output_0_QuantizeLinear_Output", "x": 86, "y": 41}
BF16_MAC_RESCORE_WHERE {"bits": {"aligned": "3ee2", "exp_sum": "3ee3"}, "c": 12, "frame": "bird", "model": "exp_sum", "padding_lane": false, "tensor": "/body.1/body.1.1/Relu_output_0_QuantizeLinear_Output", "x": 179, "y": 70}
BF16_MAC_RESCORE_WHERE {"bits": {"aligned": "3ab2", "exp_sum": "3ab1"}, "c": 12, "frame": "bird", "model": "exp_sum", "padding_lane": false, "tensor": "/body.1/body.1.1/Relu_output_0_QuantizeLinear_Output", "x": 252, "y": 121}
BF16_MAC_RESCORE_WHERE_FRAME {"differ_by_model": {"dot_first": {"/body.1/body.1.1/Relu_output_0_QuantizeLinear_Output": 3, "/body.2/body.2.1/Relu_output_0_QuantizeLinear_Output": 1, "/body.3/body.3.1/Relu_output_0_QuantizeLinear_Output": 1, "/body.4/body.4.1/Relu_output_0_QuantizeLinear_Output": 3}, "exp_sum": {"/body.1/body.1.1/Relu_output_0_QuantizeLinear_Output": 2}, "sequential": {"/body.1/body.1.1/Relu_output_0_QuantizeLinear_Output": 3}, "wide": {"/body.1/body.1.1/Relu_output_0_QuantizeLinear_Output": 3}}, "frame": "bird"}
HOST_TIMELINE {"elapsed_seconds": 172.297, "tree_rss_bytes": 426176512, "foreign_peers": []}
HOST_TIMELINE {"elapsed_seconds": 176.36, "tree_rss_bytes": 437161984, "foreign_peers": []}
HOST_TIMELINE {"elapsed_seconds": 180.375, "tree_rss_bytes": 444379136, "foreign_peers": []}
HOST_TIMELINE {"elapsed_seconds": 184.469, "tree_rss_bytes": 451268608, "foreign_peers": []}
HOST_TIMELINE {"elapsed_seconds": 188.469, "tree_rss_bytes": 459091968, "foreign_peers": []}
HOST_TIMELINE {"elapsed_seconds": 192.5, "tree_rss_bytes": 462155776, "foreign_peers": []}
HOST_TIMELINE {"elapsed_seconds": 196.5, "tree_rss_bytes": 465035264, "foreign_peers": []}
HOST_TIMELINE {"elapsed_seconds": 200.563, "tree_rss_bytes": 486625280, "foreign_peers": []}
HOST_TIMELINE {"elapsed_seconds": 204.625, "tree_rss_bytes": 501968896, "foreign_peers": []}
HOST_TIMELINE {"elapsed_seconds": 208.532, "tree_rss_bytes": 521068544, "foreign_peers": []}
HOST_TIMELINE {"elapsed_seconds": 212.516, "tree_rss_bytes": 542990336, "foreign_peers": []}
HOST_TIMELINE {"elapsed_seconds": 216.61, "tree_rss_bytes": 564641792, "foreign_peers": []}
HOST_TIMELINE {"elapsed_seconds": 220.61, "tree_rss_bytes": 582733824, "foreign_peers": []}
HOST_TIMELINE {"elapsed_seconds": 224.688, "tree_rss_bytes": 585936896, "foreign_peers": []}
HOST_TIMELINE {"elapsed_seconds": 228.61, "tree_rss_bytes": 594546688, "foreign_peers": []}
HOST_TIMELINE {"elapsed_seconds": 232.688, "tree_rss_bytes": 601726976, "foreign_peers": []}
HOST_TIMELINE {"elapsed_seconds": 236.766, "tree_rss_bytes": 607494144, "foreign_peers": []}
HOST_TIMELINE {"elapsed_seconds": 240.813, "tree_rss_bytes": 614297600, "foreign_peers": []}
HOST_TIMELINE {"elapsed_seconds": 244.719, "tree_rss_bytes": 618684416, "foreign_peers": []}
HOST_TIMELINE {"elapsed_seconds": 248.719, "tree_rss_bytes": 621699072, "foreign_peers": []}
BF16_MAC_RESCORE_WHERE {"bits": {"aligned": "3a38", "wide": "3a3c"}, "c": 9, "frame": "butterfly", "model": "wide", "padding_lane": false, "tensor": "/body.1/body.1.1/Relu_output_0_QuantizeLinear_Output", "x": 111, "y": 214}
BF16_MAC_RESCORE_WHERE {"bits": {"aligned": "40f8", "wide": "40f7"}, "c": 10, "frame": "butterfly", "model": "wide", "padding_lane": false, "tensor": "/body.1/body.1.1/Relu_output_0_QuantizeLinear_Output", "x": 189, "y": 102}
BF16_MAC_RESCORE_WHERE {"bits": {"aligned": "40ed", "wide": "40ee"}, "c": 3, "frame": "butterfly", "model": "wide", "padding_lane": false, "tensor": "/body.2/body.2.1/Relu_output_0_QuantizeLinear_Output", "x": 189, "y": 102}
BF16_MAC_RESCORE_WHERE {"bits": {"aligned": "3f86", "wide": "3f88"}, "c": 3, "frame": "butterfly", "model": "wide", "padding_lane": false, "tensor": "/body.2/body.2.1/Relu_output_0_QuantizeLinear_Output", "x": 189, "y": 103}
BF16_MAC_RESCORE_WHERE {"bits": {"aligned": "4048", "wide": "4049"}, "c": 3, "frame": "butterfly", "model": "wide", "padding_lane": false, "tensor": "/body.3/body.3.1/Relu_output_0_QuantizeLinear_Output", "x": 189, "y": 102}
BF16_MAC_RESCORE_WHERE {"bits": {"aligned": "3f7e", "wide": "3f7d"}, "c": 3, "frame": "butterfly", "model": "wide", "padding_lane": false, "tensor": "/body.3/body.3.1/Relu_output_0_QuantizeLinear_Output", "x": 190, "y": 103}
BF16_MAC_RESCORE_WHERE {"bits": {"aligned": "41ae", "wide": "41af"}, "c": 4, "frame": "butterfly", "model": "wide", "padding_lane": false, "tensor": "/body.3/body.3.1/Relu_output_0_QuantizeLinear_Output", "x": 189, "y": 102}
BF16_MAC_RESCORE_WHERE {"bits": {"aligned": "416f", "wide": "4170"}, "c": 15, "frame": "butterfly", "model": "wide", "padding_lane": false, "tensor": "/body.3/body.3.1/Relu_output_0_QuantizeLinear_Output", "x": 188, "y": 103}
BF16_MAC_RESCORE_WHERE {"bits": {"aligned": "42fc", "wide": "42fd"}, "c": 3, "frame": "butterfly", "model": "wide", "padding_lane": false, "tensor": "/body.4/body.4.1/Relu_output_0_QuantizeLinear_Output", "x": 189, "y": 102}
BF16_MAC_RESCORE_WHERE {"bits": {"aligned": "40be", "wide": "40bf"}, "c": 8, "frame": "butterfly", "model": "wide", "padding_lane": false, "tensor": "/body.4/body.4.1/Relu_output_0_QuantizeLinear_Output", "x": 188, "y": 104}
BF16_MAC_RESCORE_WHERE {"bits": {"aligned": "4215", "wide": "4216"}, "c": 10, "frame": "butterfly", "model": "wide", "padding_lane": false, "tensor": "/body.4/body.4.1/Relu_output_0_QuantizeLinear_Output", "x": 189, "y": 101}
BF16_MAC_RESCORE_WHERE {"bits": {"aligned": "4229", "wide": "4228"}, "c": 10, "frame": "butterfly", "model": "wide", "padding_lane": false, "tensor": "/body.4/body.4.1/Relu_output_0_QuantizeLinear_Output", "x": 189, "y": 104}
BF16_MAC_RESCORE_WHERE {"bits": {"aligned": "421f", "wide": "421e"}, "c": 11, "frame": "butterfly", "model": "wide", "padding_lane": false, "tensor": "/body.4/body.4.1/Relu_output_0_QuantizeLinear_Output", "x": 190, "y": 102}
BF16_MAC_RESCORE_WHERE {"bits": {"aligned": "422d", "wide": "422c"}, "c": 11, "frame": "butterfly", "model": "wide", "padding_lane": false, "tensor": "/body.4/body.4.1/Relu_output_0_QuantizeLinear_Output", "x": 189, "y": 104}
BF16_MAC_RESCORE_WHERE {"bits": {"aligned": "4148", "wide": "4149"}, "c": 15, "frame": "butterfly", "model": "wide", "padding_lane": false, "tensor": "/body.4/body.4.1/Relu_output_0_QuantizeLinear_Output", "x": 188, "y": 101}
BF16_MAC_RESCORE_WHERE {"bits": {"aligned": "41bd", "wide": "41be"}, "c": 15, "frame": "butterfly", "model": "wide", "padding_lane": false, "tensor": "/body.4/body.4.1/Relu_output_0_QuantizeLinear_Output", "x": 189, "y": 101}
BF16_MAC_RESCORE_WHERE {"bits": {"aligned": "42ad", "wide": "42ae"}, "c": 2, "frame": "butterfly", "model": "wide", "padding_lane": false, "tensor": "/body.5/body.5.1/Relu_output_0_QuantizeLinear_Output", "x": 190, "y": 102}
BF16_MAC_RESCORE_WHERE {"bits": {"aligned": "42ab", "wide": "42ac"}, "c": 2, "frame": "butterfly", "model": "wide", "padding_lane": false, "tensor": "/body.5/body.5.1/Relu_output_0_QuantizeLinear_Output", "x": 190, "y": 104}
BF16_MAC_RESCORE_WHERE {"bits": {"aligned": "429a", "wide": "4299"}, "c": 14, "frame": "butterfly", "model": "wide", "padding_lane": false, "tensor": "/body.5/body.5.1/Relu_output_0_QuantizeLinear_Output", "x": 191, "y": 102}
BF16_MAC_RESCORE_WHERE {"bits": {"aligned": "4262", "wide": "4261"}, "c": 14, "frame": "butterfly", "model": "wide", "padding_lane": false, "tensor": "/body.5/body.5.1/Relu_output_0_QuantizeLinear_Output", "x": 189, "y": 103}
BF16_MAC_RESCORE_WHERE {"bits": {"aligned": "40c3", "wide": "40c4"}, "c": 0, "frame": "butterfly", "model": "wide", "padding_lane": false, "tensor": "/Add_output_0_QuantizeLinear_Output", "x": 189, "y": 103}
BF16_MAC_RESCORE_WHERE {"bits": {"aligned": "40c2", "wide": "40c1"}, "c": 0, "frame": "butterfly", "model": "wide", "padding_lane": false, "tensor": "/Add_output_0_QuantizeLinear_Output", "x": 189, "y": 104}
BF16_MAC_RESCORE_WHERE {"bits": {"aligned": "3fea", "wide": "3fe8"}, "c": 2, "frame": "butterfly", "model": "wide", "padding_lane": false, "tensor": "/Add_output_0_QuantizeLinear_Output", "x": 189, "y": 101}
BF16_MAC_RESCORE_WHERE {"bits": {"aligned": "3ff2", "wide": "3ff6"}, "c": 2, "frame": "butterfly", "model": "wide", "padding_lane": false, "tensor": "/Add_output_0_QuantizeLinear_Output", "x": 190, "y": 102}
BF16_MAC_RESCORE_WHERE {"bits": {"aligned": "401a", "wide": "4019"}, "c": 2, "frame": "butterfly", "model": "wide", "padding_lane": false, "tensor": "/Add_output_0_QuantizeLinear_Output", "x": 191, "y": 102}
BF16_MAC_RESCORE_WHERE {"bits": {"aligned": "4005", "wide": "4004"}, "c": 2, "frame": "butterfly", "model": "wide", "padding_lane": false, "tensor": "/Add_output_0_QuantizeLinear_Output", "x": 189, "y": 103}
BF16_MAC_RESCORE_WHERE {"bits": {"aligned": "3fde", "wide": "3fdc"}, "c": 2, "frame": "butterfly", "model": "wide", "padding_lane": false, "tensor": "/Add_output_0_QuantizeLinear_Output", "x": 190, "y": 103}
BF16_MAC_RESCORE_WHERE {"bits": {"aligned": "4005", "wide": "4006"}, "c": 2, "frame": "butterfly", "model": "wide", "padding_lane": false, "tensor": "/Add_output_0_QuantizeLinear_Output", "x": 190, "y": 104}
BF16_MAC_RESCORE_WHERE {"bits": {"aligned": "3f70", "wide": "3f6c"}, "c": 2, "frame": "butterfly", "model": "wide", "padding_lane": false, "tensor": "/Add_output_0_QuantizeLinear_Output", "x": 190, "y": 105}
BF16_MAC_RESCORE_WHERE {"bits": {"aligned": "4053", "wide": "4054"}, "c": 8, "frame": "butterfly", "model": "wide", "padding_lane": false, "tensor": "/Add_output_0_QuantizeLinear_Output", "x": 190, "y": 101}
BF16_MAC_RESCORE_WHERE {"bits": {"aligned": "400f", "wide": "4010"}, "c": 8, "frame": "butterfly", "model": "wide", "padding_lane": false, "tensor": "/Add_output_0_QuantizeLinear_Output", "x": 189, "y": 102}
BF16_MAC_RESCORE_WHERE {"bits": {"aligned": "402d", "wide": "402e"}, "c": 8, "frame": "butterfly", "model": "wide", "padding_lane": false, "tensor": "/Add_output_0_QuantizeLinear_Output", "x": 189, "y": 104}
BF16_MAC_RESCORE_WHERE {"bits": {"aligned": "bf14", "wide": "bf16"}, "c": 14, "frame": "butterfly", "model": "wide", "padding_lane": false, "tensor": "/Add_output_0_QuantizeLinear_Output", "x": 191, "y": 102}
BF16_MAC_RESCORE_WHERE {"bits": {"aligned": "bfc7", "wide": "bfc8"}, "c": 14, "frame": "butterfly", "model": "wide", "padding_lane": false, "tensor": "/Add_output_0_QuantizeLinear_Output", "x": 189, "y": 103}
BF16_MAC_RESCORE_WHERE {"bits": {"aligned": "c1e5", "wide": "c1e6"}, "c": 9, "frame": "butterfly", "model": "wide", "padding_lane": false, "tensor": "/tail/Conv_output_0_QuantizeLinear_Output", "x": 189, "y": 104}
BF16_MAC_RESCORE_WHERE {"bits": {"aligned": "c1e2", "wide": "c1e3"}, "c": 11, "frame": "butterfly", "model": "wide", "padding_lane": false, "tensor": "/tail/Conv_output_0_QuantizeLinear_Output", "x": 190, "y": 103}
BF16_MAC_RESCORE_WHERE {"bits": {"aligned": "4082", "sequential": "4083"}, "c": 10, "frame": "butterfly", "model": "sequential", "padding_lane": false, "tensor": "/body.1/body.1.1/Relu_output_0_QuantizeLinear_Output", "x": 138, "y": 177}
BF16_MAC_RESCORE_WHERE {"bits": {"aligned": "4195", "sequential": "4194"}, "c": 8, "frame": "butterfly", "model": "sequential", "padding_lane": false, "tensor": "/body.2/body.2.1/Relu_output_0_QuantizeLinear_Output", "x": 138, "y": 178}
BF16_MAC_RESCORE_WHERE {"bits": {"aligned": "4194", "sequential": "4193"}, "c": 8, "frame": "butterfly", "model": "sequential", "padding_lane": false, "tensor": "/body.2/body.2.1/Relu_output_0_QuantizeLinear_Output", "x": 139, "y": 178}
BF16_MAC_RESCORE_WHERE {"bits": {"aligned": "4290", "sequential": "4291"}, "c": 9, "frame": "butterfly", "model": "sequential", "padding_lane": false, "tensor": "/body.2/body.2.1/Relu_output_0_QuantizeLinear_Output", "x": 139, "y": 178}
BF16_MAC_RESCORE_WHERE {"bits": {"aligned": "3f58", "sequential": "3f57"}, "c": 14, "frame": "butterfly", "model": "sequential", "padding_lane": false, "tensor": "/body.2/body.2.1/Relu_output_0_QuantizeLinear_Output", "x": 137, "y": 176}
BF16_MAC_RESCORE_WHERE {"bits": {"aligned": "40c7", "sequential": "40c6"}, "c": 14, "frame": "butterfly", "model": "sequential", "padding_lane": false, "tensor": "/body.2/body.2.1/Relu_output_0_QuantizeLinear_Output", "x": 137, "y": 177}
BF16_MAC_RESCORE_WHERE {"bits": {"aligned": "401d", "sequential": "401c"}, "c": 14, "frame": "butterfly", "model": "sequential", "padding_lane": false, "tensor": "/body.2/body.2.1/Relu_output_0_QuantizeLinear_Output", "x": 138, "y": 177}
BF16_MAC_RESCORE_WHERE {"bits": {"aligned": "3fdb", "sequential": "3fda"}, "c": 14, "frame": "butterfly", "model": "sequential", "padding_lane": false, "tensor": "/body.2/body.2.1/Relu_output_0_QuantizeLinear_Output", "x": 139, "y": 177}
BF16_MAC_RESCORE_WHERE {"bits": {"aligned": "40c4", "sequential": "40c3"}, "c": 14, "frame": "butterfly", "model": "sequential", "padding_lane": false, "tensor": "/body.2/body.2.1/Relu_output_0_QuantizeLinear_Output", "x": 137, "y": 178}
BF16_MAC_RESCORE_WHERE {"bits": {"aligned": "41b6", "sequential": "41b5"}, "c": 1, "frame": "butterfly", "model": "sequential", "padding_lane": false, "tensor": "/body.3/body.3.1/Relu_output_0_QuantizeLinear_Output", "x": 137, "y": 177}
BF16_MAC_RESCORE_WHERE {"bits": {"aligned": "41d6", "sequential": "41d7"}, "c": 1, "frame": "butterfly", "model": "sequential", "padding_lane": false, "tensor": "/body.3/body.3.1/Relu_output_0_QuantizeLinear_Output", "x": 138, "y": 178}
BF16_MAC_RESCORE_WHERE {"bits": {"aligned": "41c4", "sequential": "41c6"}, "c": 1, "frame": "butterfly", "model": "sequential", "padding_lane": false, "tensor": "/body.3/body.3.1/Relu_output_0_QuantizeLinear_Output", "x": 140, "y": 178}
BF16_MAC_RESCORE_WHERE {"bits": {"aligned": "41cb", "sequential": "41cc"}, "c": 1, "frame": "butterfly", "model": "sequential", "padding_lane": false, "tensor": "/body.3/body.3.1/Relu_output_0_QuantizeLinear_Output", "x": 140, "y": 179}
BF16_MAC_RESCORE_WHERE {"bits": {"aligned": "420f", "sequential": "4210"}, "c": 2, "frame": "butterfly", "model": "sequential", "padding_lane": false, "tensor": "/body.3/body.3.1/Relu_output_0_QuantizeLinear_Output", "x": 140, "y": 179}
BF16_MAC_RESCORE_WHERE {"bits": {"aligned": "4077", "sequential": "407c"}, "c": 3, "frame": "butterfly", "model": "sequential", "padding_lane": false, "tensor": "/body.3/body.3.1/Relu_output_0_QuantizeLinear_Output", "x": 138, "y": 177}
BF16_MAC_RESCORE_WHERE {"bits": {"aligned": "4013", "sequential": "400d"}, "c": 3, "frame": "butterfly", "model": "sequential", "padding_lane": false, "tensor": "/body.3/body.3.1/Relu_output_0_QuantizeLinear_Output", "x": 139, "y": 177}
BF16_MAC_RESCORE_WHERE {"bits": {"aligned": "40c9", "sequential": "40c6"}, "c": 3, "frame": "butterfly", "model": "sequential", "padding_lane": false, "tensor": "/body.3/body.3.1/Relu_output_0_QuantizeLinear_Output", "x": 140, "y": 177}
BF16_MAC_RESCORE_WHERE {"bits": {"aligned": "4122", "sequential": "4121"}, "c": 3, "frame": "butterfly", "model": "sequential", "padding_lane": false, "tensor": "/body.3/body.3.1/Relu_output_0_QuantizeLinear_Output", "x": 139, "y": 178}
BF16_MAC_RESCORE_WHERE {"bits": {"aligned": "401c", "sequential": "401a"}, "c": 3, "frame": "butterfly", "model": "sequential", "padding_lane": false, "tensor": "/body.3/body.3.1/Relu_output_0_QuantizeLinear_Output", "x": 140, "y": 178}
BF16_MAC_RESCORE_WHERE {"bits": {"aligned": "4115", "sequential": "4116"}, "c": 3, "frame": "butterfly", "model": "sequential", "padding_lane": false, "tensor": "/body.3/body.3.1/Relu_output_0_QuantizeLinear_Output", "x": 139, "y": 179}
BF16_MAC_RESCORE_WHERE {"bits": {"aligned": "4141", "sequential": "4142"}, "c": 3, "frame": "butterfly", "model": "sequential", "padding_lane": false, "tensor": "/body.3/body.3.1/Relu_output_0_QuantizeLinear_Output", "x": 140, "y": 179}
BF16_MAC_RESCORE_WHERE {"bits": {"aligned": "4181", "sequential": "4180"}, "c": 4, "frame": "butterfly", "model": "sequential", "padding_lane": false, "tensor": "/body.3/body.3.1/Relu_output_0_QuantizeLinear_Output", "x": 140, "y": 177}
BF16_MAC_RESCORE_WHERE {"bits": {"aligned": "41cf", "sequential": "41d0"}, "c": 4, "frame": "butterfly", "model": "sequential", "padding_lane": false, "tensor": "/body.3/body.3.1/Relu_output_0_QuantizeLinear_Output", "x": 139, "y": 178}
BF16_MAC_RESCORE_WHERE {"bits": {"aligned": "4195", "sequential": "4194"}, "c": 4, "frame": "butterfly", "model": "sequential", "padding_lane": false, "tensor": "/body.3/body.3.1/Relu_output_0_QuantizeLinear_Output", "x": 139, "y": 179}
BF16_MAC_RESCORE_WHERE {"bits": {"aligned": "3fa0", "sequential": "3fa1"}, "c": 6, "frame": "butterfly", "model": "sequential", "padding_lane": false, "tensor": "/body.3/body.3.1/Relu_output_0_QuantizeLinear_Output", "x": 138, "y": 177}
BF16_MAC_RESCORE_WHERE {"bits": {"aligned": "3fd0", "sequential": "3fdc"}, "c": 6, "frame": "butterfly", "model": "sequential", "padding_lane": false, "tensor": "/body.3/body.3.1/Relu_output_0_QuantizeLinear_Output", "x": 138, "y": 178}
BF16_MAC_RESCORE_WHERE {"bits": {"aligned": "4008", "sequential": "400b"}, "c": 6, "frame": "butterfly", "model": "sequential", "padding_lane": false, "tensor": "/body.3/body.3.1/Relu_output_0_QuantizeLinear_Output", "x": 138, "y": 179}
BF16_MAC_RESCORE_WHERE {"bits": {"aligned": "4261", "sequential": "4260"}, "c": 9, "frame": "butterfly", "model": "sequential", "padding_lane": false, "tensor": "/body.3/body.3.1/Relu_output_0_QuantizeLinear_Output", "x": 138, "y": 178}
BF16_MAC_RESCORE_WHERE {"bits": {"aligned": "4256", "sequential": "4257"}, "c": 9, "frame": "butterfly", "model": "sequential", "padding_lane": false, "tensor": "/body.3/body.3.1/Relu_output_0_QuantizeLinear_Output", "x": 139, "y": 178}
BF16_MAC_RESCORE_WHERE {"bits": {"aligned": "4244", "sequential": "4245"}, "c": 9, "frame": "butterfly", "model": "sequential", "padding_lane": false, "tensor": "/body.3/body.3.1/Relu_output_0_QuantizeLinear_Output", "x": 139, "y": 179}
BF16_MAC_RESCORE_WHERE {"bits": {"aligned": "418c", "sequential": "418d"}, "c": 15, "frame": "butterfly", "model": "sequential", "padding_lane": false, "tensor": "/body.3/body.3.1/Relu_output_0_QuantizeLinear_Output", "x": 139, "y": 177}
BF16_MAC_RESCORE_WHERE {"bits": {"aligned": "4123", "sequential": "4124"}, "c": 15, "frame": "butterfly", "model": "sequential", "padding_lane": false, "tensor": "/body.3/body.3.1/Relu_output_0_QuantizeLinear_Output", "x": 140, "y": 177}
BF16_MAC_RESCORE_WHERE {"bits": {"aligned": "4134", "sequential": "4135"}, "c": 15, "frame": "butterfly", "model": "sequential", "padding_lane": false, "tensor": "/body.3/body.3.1/Relu_output_0_QuantizeLinear_Output", "x": 137, "y": 178}
BF16_MAC_RESCORE_WHERE {"bits": {"aligned": "4106", "sequential": "4108"}, "c": 15, "frame": "butterfly", "model": "sequential", "padding_lane": false, "tensor": "/body.3/body.3.1/Relu_output_0_QuantizeLinear_Output", "x": 138, "y": 178}
BF16_MAC_RESCORE_WHERE {"bits": {"aligned": "40de", "sequential": "40e0"}, "c": 15, "frame": "butterfly", "model": "sequential", "padding_lane": false, "tensor": "/body.3/body.3.1/Relu_output_0_QuantizeLinear_Output", "x": 139, "y": 178}
BF16_MAC_RESCORE_WHERE {"bits": {"aligned": "416a", "sequential": "416b"}, "c": 15, "frame": "butterfly", "model": "sequential", "padding_lane": false, "tensor": "/body.3/body.3.1/Relu_output_0_QuantizeLinear_Output", "x": 140, "y": 178}
BF16_MAC_RESCORE_WHERE {"bits": {"aligned": "4138", "sequential": "4137"}, "c": 15, "frame": "butterfly", "model": "sequential", "padding_lane": false, "tensor": "/body.3/body.3.1/Relu_output_0_QuantizeLinear_Output", "x": 138, "y": 179}
BF16_MAC_RESCORE_WHERE {"bits": {"aligned": "4158", "sequential": "4157"}, "c": 15, "frame": "butterfly", "model": "sequential", "padding_lane": false, "tensor": "/body.3/body.3.1/Relu_output_0_QuantizeLinear_Output", "x": 139, "y": 179}
BF16_MAC_RESCORE_WHERE {"bits": {"aligned": "4209", "sequential": "4208"}, "c": 2, "frame": "butterfly", "model": "sequential", "padding_lane": false, "tensor": "/body.4/body.4.1/Relu_output_0_QuantizeLinear_Output", "x": 141, "y": 176}
BF16_MAC_RESCORE_WHERE {"bits": {"aligned": "4204", "sequential": "4203"}, "c": 2, "frame": "butterfly", "model": "sequential", "padding_lane": false, "tensor": "/body.4/body.4.1/Relu_output_0_QuantizeLinear_Output", "x": 136, "y": 177}
BF16_MAC_RESCORE_WHERE {"bits": {"aligned": "421c", "sequential": "421b"}, "c": 2, "frame": "butterfly", "model": "sequential", "padding_lane": false, "tensor": "/body.4/body.4.1/Relu_output_0_QuantizeLinear_Output", "x": 138, "y": 177}
BF16_MAC_RESCORE_WHERE {"bits": {"aligned": "4209", "sequential": "420a"}, "c": 2, "frame": "butterfly", "model": "sequential", "padding_lane": false, "tensor": "/body.4/body.4.1/Relu_output_0_QuantizeLinear_Output", "x": 140, "y": 179}
BF16_MAC_RESCORE_WHERE {"bits": {"aligned": "42ac", "sequential": "42ab"}, "c": 3, "frame": "butterfly", "model": "sequential", "padding_lane": false, "tensor": "/body.4/body.4.1/Relu_output_0_QuantizeLinear_Output", "x": 139, "y": 177}
BF16_MAC_RESCORE_WHERE {"bits": {"aligned": "4216", "sequential": "4215"}, "c": 5, "frame": "butterfly", "model": "sequential", "padding_lane": false, "tensor": "/body.4/body.4.1/Relu_output_0_QuantizeLinear_Output", "x": 138, "y": 176}
BF16_MAC_RESCORE_WHERE {"bits": {"aligned": "4220", "sequential": "421f"}, "c": 5, "frame": "butterfly", "model": "sequential", "padding_lane": false, "tensor": "/body.4/body.4.1/Relu_output_0_QuantizeLinear_Output", "x": 137, "y": 178}
BF16_MAC_RESCORE_WHERE {"bits": {"aligned": "421f", "sequential": "421e"}, "c": 5, "frame": "butterfly", "model": "sequential", "padding_lane": false, "tensor": "/body.4/body.4.1/Relu_output_0_QuantizeLinear_Output", "x": 139, "y": 178}
BF16_MAC_RESCORE_WHERE {"bits": {"aligned": "4211", "sequential": "4212"}, "c": 5, "frame": "butterfly", "model": "sequential", "padding_lane": false, "tensor": "/body.4/body.4.1/Relu_output_0_QuantizeLinear_Output", "x": 140, "y": 178}
BF16_MAC_RESCORE_WHERE {"bits": {"aligned": "4218", "sequential": "4217"}, "c": 5, "frame": "butterfly", "model": "sequential", "padding_lane": false, "tensor": "/body.4/body.4.1/Relu_output_0_QuantizeLinear_Output", "x": 139, "y": 180}
BF16_MAC_RESCORE_WHERE {"bits": {"aligned": "4207", "sequential": "4208"}, "c": 5, "frame": "butterfly", "model": "sequential", "padding_lane": false, "tensor": "/body.4/body.4.1/Relu_output_0_QuantizeLinear_Output", "x": 140, "y": 180}
BF16_MAC_RESCORE_WHERE {"bits": {"aligned": "4113", "sequential": "4115"}, "c": 8, "frame": "butterfly", "model": "sequential", "padding_lane": false, "tensor": "/body.4/body.4.1/Relu_output_0_QuantizeLinear_Output", "x": 139, "y": 176}
BF16_MAC_RESCORE_WHERE {"bits": {"aligned": "40db", "sequential": "40dc"}, "c": 8, "frame": "butterfly", "model": "sequential", "padding_lane": false, "tensor": "/body.4/body.4.1/Relu_output_0_QuantizeLinear_Output", "x": 140, "y": 176}
BF16_MAC_RESCORE_WHERE {"bits": {"aligned": "3fb4", "sequential": "3fb8"}, "c": 8, "frame": "butterfly", "model": "sequential", "padding_lane": false, "tensor": "/body.4/body.4.1/Relu_output_0_QuantizeLinear_Output", "x": 141, "y": 177}
BF16_MAC_RESCORE_WHERE {"bits": {"aligned": "4056", "sequential": "4059"}, "c": 8, "frame": "butterfly", "model": "sequential", "padding_lane": false, "tensor": "/body.4/body.4.1/Relu_output_0_QuantizeLinear_Output", "x": 138, "y": 179}
BF16_MAC_RESCORE_WHERE {"bits": {"aligned": "405a", "sequential": "4059"}, "c": 8, "frame": "butterfly", "model": "sequential", "padding_lane": false, "tensor": "/body.4/body.4.1/Relu_output_0_QuantizeLinear_Output", "x": 137, "y": 180}
BF16_MAC_RESCORE_WHERE {"bits": {"aligned": "4208", "sequential": "4207"}, "c": 10, "frame": "butterfly", "model": "sequential", "padding_lane": false, "tensor": "/body.4/body.4.1/Relu_output_0_QuantizeLinear_Output", "x": 141, "y": 177}
BF16_MAC_RESCORE_WHERE {"bits": {"aligned": "4248", "sequential": "4247"}, "c": 10, "frame": "butterfly", "model": "sequential", "padding_lane": false, "tensor": "/body.4/body.4.1/Relu_output_0_QuantizeLinear_Output", "x": 138, "y": 178}
BF16_MAC_RESCORE_WHERE {"bits": {"aligned": "4247", "sequential": "4246"}, "c": 10, "frame": "butterfly", "model": "sequential", "padding_lane": false, "tensor": "/body.4/body.4.1/Relu_output_0_QuantizeLinear_Output", "x": 139, "y": 178}
BF16_MAC_RESCORE_WHERE {"bits": {"aligned": "424b", "sequential": "424a"}, "c": 10, "frame": "butterfly", "model": "sequential", "padding_lane": false, "tensor": "/body.4/body.4.1/Relu_output_0_QuantizeLinear_Output", "x": 140, "y": 178}
BF16_MAC_RESCORE_WHERE {"bits": {"aligned": "4201", "sequential": "4200"}, "c": 10, "frame": "butterfly", "model": "sequential", "padding_lane": false, "tensor": "/body.4/body.4.1/Relu_output_0_QuantizeLinear_Output", "x": 141, "y": 178}
BF16_MAC_RESCORE_WHERE {"bits": {"aligned": "422f", "sequential": "4230"}, "c": 10, "frame": "butterfly", "model": "sequential", "padding_lane": false, "tensor": "/body.4/body.4.1/Relu_output_0_QuantizeLinear_Output", "x": 140, "y": 179}
BF16_MAC_RESCORE_WHERE {"bits": {"aligned": "4248", "sequential": "4249"}, "c": 10, "frame": "butterfly", "model": "sequential", "padding_lane": false, "tensor": "/body.4/body.4.1/Relu_output_0_QuantizeLinear_Output", "x": 140, "y": 180}
BF16_MAC_RESCORE_WHERE {"bits": {"aligned": "41e9", "sequential": "41e8"}, "c": 11, "frame": "butterfly", "model": "sequential", "padding_lane": false, "tensor": "/body.4/body.4.1/Relu_output_0_QuantizeLinear_Output", "x": 139, "y": 177}
BF16_MAC_RESCORE_WHERE {"bits": {"aligned": "4214", "sequential": "4213"}, "c": 11, "frame": "butterfly", "model": "sequential", "padding_lane": false, "tensor": "/body.4/body.4.1/Relu_output_0_QuantizeLinear_Output", "x": 140, "y": 177}
BF16_MAC_RESCORE_WHERE {"bits": {"aligned": "422d", "sequential": "422e"}, "c": 11, "frame": "butterfly", "model": "sequential", "padding_lane": false, "tensor": "/body.4/body.4.1/Relu_output_0_QuantizeLinear_Output", "x": 138, "y": 178}
BF16_MAC_RESCORE_WHERE {"bits": {"aligned": "422f", "sequential": "422e"}, "c": 11, "frame": "butterfly", "model": "sequential", "padding_lane": false, "tensor": "/body.4/body.4.1/Relu_output_0_QuantizeLinear_Output", "x": 139, "y": 179}
BF16_MAC_RESCORE_WHERE {"bits": {"aligned": "422a", "sequential": "422b"}, "c": 11, "frame": "butterfly", "model": "sequential", "padding_lane": false, "tensor": "/body.4/body.4.1/Relu_output_0_QuantizeLinear_Output", "x": 140, "y": 180}
BF16_MAC_RESCORE_WHERE {"bits": {"aligned": "4175", "sequential": "4176"}, "c": 15, "frame": "butterfly", "model": "sequential", "padding_lane": false, "tensor": "/body.4/body.4.1/Relu_output_0_QuantizeLinear_Output", "x": 136, "y": 176}
BF16_MAC_RESCORE_WHERE {"bits": {"aligned": "4113", "sequential": "4112"}, "c": 15, "frame": "butterfly", "model": "sequential", "padding_lane": false, "tensor": "/body.4/body.4.1/Relu_output_0_QuantizeLinear_Output", "x": 140, "y": 176}
BF16_MAC_RESCORE_WHERE {"bits": {"aligned": "40c6", "sequential": "40c0"}, "c": 15, "frame": "butterfly", "model": "sequential", "padding_lane": false, "tensor": "/body.4/body.4.1/Relu_output_0_QuantizeLinear_Output", "x": 137, "y": 177}
BF16_MAC_RESCORE_WHERE {"bits": {"aligned": "40e7", "sequential": "40e6"}, "c": 15, "frame": "butterfly", "model": "sequential", "padding_lane": false, "tensor": "/body.4/body.4.1/Relu_output_0_QuantizeLinear_Output", "x": 138, "y": 177}
BF16_MAC_RESCORE_WHERE {"bits": {"aligned": "4189", "sequential": "4188"}, "c": 15, "frame": "butterfly", "model": "sequential", "padding_lane": false, "tensor": "/body.4/body.4.1/Relu_output_0_QuantizeLinear_Output", "x": 139, "y": 177}
BF16_MAC_RESCORE_WHERE {"bits": {"aligned": "4026", "sequential": "4022"}, "c": 15, "frame": "butterfly", "model": "sequential", "padding_lane": false, "tensor": "/body.4/body.4.1/Relu_output_0_QuantizeLinear_Output", "x": 137, "y": 178}
BF16_MAC_RESCORE_WHERE {"bits": {"aligned": "409e", "sequential": "409d"}, "c": 15, "frame": "butterfly", "model": "sequential", "padding_lane": false, "tensor": "/body.4/body.4.1/Relu_output_0_QuantizeLinear_Output", "x": 138, "y": 178}
BF16_MAC_RESCORE_WHERE {"bits": {"aligned": "4112", "sequential": "4111"}, "c": 15, "frame": "butterfly", "model": "sequential", "padding_lane": false, "tensor": "/body.4/body.4.1/Relu_output_0_QuantizeLinear_Output", "x": 139, "y": 178}
BF16_MAC_RESCORE_WHERE {"bits": {"aligned": "40cb", "sequential": "40ce"}, "c": 15, "frame": "butterfly", "model": "sequential", "padding_lane": false, "tensor": "/body.4/body.4.1/Relu_output_0_QuantizeLinear_Output", "x": 141, "y": 178}
BF16_MAC_RESCORE_WHERE {"bits": {"aligned": "4055", "sequential": "4052"}, "c": 15, "frame": "butterfly", "model": "sequential", "padding_lane": false, "tensor": "/body.4/body.4.1/Relu_output_0_QuantizeLinear_Output", "x": 137, "y": 179}
BF16_MAC_RESCORE_WHERE {"bits": {"aligned": "40d6", "sequential": "40d7"}, "c": 15, "frame": "butterfly", "model": "sequential", "padding_lane": false, "tensor": "/body.4/body.4.1/Relu_output_0_QuantizeLinear_Output", "x": 138, "y": 179}
BF16_MAC_RESCORE_WHERE {"bits": {"aligned": "4057", "sequential": "4058"}, "c": 15, "frame": "butterfly", "model": "sequential", "padding_lane": false, "tensor": "/body.4/body.4.1/Relu_output_0_QuantizeLinear_Output", "x": 138, "y": 180}
BF16_MAC_RESCORE_WHERE {"bits": {"aligned": "42a6", "sequential": "42a5"}, "c": 2, "frame": "butterfly", "model": "sequential", "padding_lane": false, "tensor": "/body.5/body.5.1/Relu_output_0_QuantizeLinear_Output", "x": 137, "y": 175}
BF16_MAC_RESCORE_WHERE {"bits": {"aligned": "42a8", "sequential": "42a7"}, "c": 2, "frame": "butterfly", "model": "sequential", "padding_lane": false, "tensor": "/body.5/body.5.1/Relu_output_0_QuantizeLinear_Output", "x": 137, "y": 177}
BF16_MAC_RESCORE_WHERE {"bits": {"aligned": "42a6", "sequential": "42a5"}, "c": 2, "frame": "butterfly", "model": "sequential", "padding_lane": false, "tensor": "/body.5/body.5.1/Relu_output_0_QuantizeLinear_Output", "x": 138, "y": 177}
BF16_MAC_RESCORE_WHERE {"bits": {"aligned": "42b4", "sequential": "42b3"}, "c": 2, "frame": "butterfly", "model": "sequential", "padding_lane": false, "tensor": "/body.5/body.5.1/Relu_output_0_QuantizeLinear_Output", "x": 136, "y": 178}
BF16_MAC_RESCORE_WHERE {"bits": {"aligned": "42a7", "sequential": "42a6"}, "c": 2, "frame": "butterfly", "model": "sequential", "padding_lane": false, "tensor": "/body.5/body.5.1/Relu_output_0_QuantizeLinear_Output", "x": 139, "y": 178}
BF16_MAC_RESCORE_WHERE {"bits": {"aligned": "42a3", "sequential": "42a4"}, "c": 2, "frame": "butterfly", "model": "sequential", "padding_lane": false, "tensor": "/body.5/body.5.1/Relu_output_0_QuantizeLinear_Output", "x": 140, "y": 179}
BF16_MAC_RESCORE_WHERE {"bits": {"aligned": "426c", "sequential": "426d"}, "c": 14, "frame": "butterfly", "model": "sequential", "padding_lane": false, "tensor": "/body.5/body.5.1/Relu_output_0_QuantizeLinear_Output", "x": 138, "y": 175}
BF16_MAC_RESCORE_WHERE {"bits": {"aligned": "427a", "sequential": "427b"}, "c": 14, "frame": "butterfly", "model": "sequential", "padding_lane": false, "tensor": "/body.5/body.5.1/Relu_output_0_QuantizeLinear_Output", "x": 139, "y": 175}
BF16_MAC_RESCORE_WHERE {"bits": {"aligned": "4288", "sequential": "4287"}, "c": 14, "frame": "butterfly", "model": "sequential", "padding_lane": false, "tensor": "/body.5/body.5.1/Relu_output_0_QuantizeLinear_Output", "x": 140, "y": 175}
BF16_MAC_RESCORE_WHERE {"bits": {"aligned": "4286", "sequential": "4285"}, "c": 14, "frame": "butterfly", "model": "sequential", "padding_lane": false, "tensor": "/body.5/body.5.1/Relu_output_0_QuantizeLinear_Output", "x": 135, "y": 176}
BF16_MAC_RESCORE_WHERE {"bits": {"aligned": "4251", "sequential": "4250"}, "c": 14, "frame": "butterfly", "model": "sequential", "padding_lane": false, "tensor": "/body.5/body.5.1/Relu_output_0_QuantizeLinear_Output", "x": 140, "y": 176}
BF16_MAC_RESCORE_WHERE {"bits": {"aligned": "4277", "sequential": "4276"}, "c": 14, "frame": "butterfly", "model": "sequential", "padding_lane": false, "tensor": "/body.5/body.5.1/Relu_output_0_QuantizeLinear_Output", "x": 136, "y": 177}
BF16_MAC_RESCORE_WHERE {"bits": {"aligned": "427f", "sequential": "427e"}, "c": 14, "frame": "butterfly", "model": "sequential", "padding_lane": false, "tensor": "/body.5/body.5.1/Relu_output_0_QuantizeLinear_Output", "x": 140, "y": 177}
BF16_MAC_RESCORE_WHERE {"bits": {"aligned": "428a", "sequential": "428b"}, "c": 14, "frame": "butterfly", "model": "sequential", "padding_lane": false, "tensor": "/body.5/body.5.1/Relu_output_0_QuantizeLinear_Output", "x": 137, "y": 178}
BF16_MAC_RESCORE_WHERE {"bits": {"aligned": "425b", "sequential": "425c"}, "c": 14, "frame": "butterfly", "model": "sequential", "padding_lane": false, "tensor": "/body.5/body.5.1/Relu_output_0_QuantizeLinear_Output", "x": 139, "y": 178}
BF16_MAC_RESCORE_WHERE {"bits": {"aligned": "423c", "sequential": "423d"}, "c": 14, "frame": "butterfly", "model": "sequential", "padding_lane": false, "tensor": "/body.5/body.5.1/Relu_output_0_QuantizeLinear_Output", "x": 138, "y": 179}
BF16_MAC_RESCORE_WHERE {"bits": {"aligned": "426c", "sequential": "426d"}, "c": 14, "frame": "butterfly", "model": "sequential", "padding_lane": false, "tensor": "/body.5/body.5.1/Relu_output_0_QuantizeLinear_Output", "x": 139, "y": 179}
BF16_MAC_RESCORE_WHERE {"bits": {"aligned": "4281", "sequential": "4282"}, "c": 14, "frame": "butterfly", "model": "sequential", "padding_lane": false, "tensor": "/body.5/body.5.1/Relu_output_0_QuantizeLinear_Output", "x": 140, "y": 179}
BF16_MAC_RESCORE_WHERE {"bits": {"aligned": "4275", "sequential": "4274"}, "c": 14, "frame": "butterfly", "model": "sequential", "padding_lane": false, "tensor": "/body.5/body.5.1/Relu_output_0_QuantizeLinear_Output", "x": 141, "y": 180}
BF16_MAC_RESCORE_WHERE {"bits": {"aligned": "4282", "sequential": "4281"}, "c": 14, "frame": "butterfly", "model": "sequential", "padding_lane": false, "tensor": "/body.5/body.5.1/Relu_output_0_QuantizeLinear_Output", "x": 141, "y": 181}
BF16_MAC_RESCORE_WHERE {"bits": {"aligned": "4094", "sequential": "4095"}, "c": 0, "frame": "butterfly", "model": "sequential", "padding_lane": false, "tensor": "/Add_output_0_QuantizeLinear_Output", "x": 136, "y": 175}
BF16_MAC_RESCORE_WHERE {"bits": {"aligned": "40af", "sequential": "40ae"}, "c": 0, "frame": "butterfly", "model": "sequential", "padding_lane": false, "tensor": "/Add_output_0_QuantizeLinear_Output", "x": 138, "y": 177}
BF16_MAC_RESCORE_WHERE {"bits": {"aligned": "4099", "sequential": "4098"}, "c": 0, "frame": "butterfly", "model": "sequential", "padding_lane": false, "tensor": "/Add_output_0_QuantizeLinear_Output", "x": 136, "y": 178}
BF16_MAC_RESCORE_WHERE {"bits": {"aligned": "4034", "sequential": "4033"}, "c": 0, "frame": "butterfly", "model": "sequential", "padding_lane": false, "tensor": "/Add_output_0_QuantizeLinear_Output", "x": 135, "y": 179}
BF16_MAC_RESCORE_WHERE {"bits": {"aligned": "409a", "sequential": "4099"}, "c": 0, "frame": "butterfly", "model": "sequential", "padding_lane": false, "tensor": "/Add_output_0_QuantizeLinear_Output", "x": 139, "y": 179}
BF16_MAC_RESCORE_WHERE {"bits": {"aligned": "408e", "sequential": "408f"}, "c": 0, "frame": "butterfly", "model": "sequential", "padding_lane": false, "tensor": "/Add_output_0_QuantizeLinear_Output", "x": 140, "y": 180}
BF16_MAC_RESCORE_WHERE {"bits": {"aligned": "4029", "sequential": "402a"}, "c": 2, "frame": "butterfly", "model": "sequential", "padding_lane": false, "tensor": "/Add_output_0_QuantizeLinear_Output", "x": 136, "y": 174}
BF16_MAC_RESCORE_WHERE {"bits": {"aligned": "4046", "sequential": "4045"}, "c": 2, "frame": "butterfly", "model": "sequential", "padding_lane": false, "tensor": "/Add_output_0_QuantizeLinear_Output", "x": 137, "y": 175}
BF16_MAC_RESCORE_WHERE {"bits": {"aligned": "404d", "sequential": "404e"}, "c": 2, "frame": "butterfly", "model": "sequential", "padding_lane": false, "tensor": "/Add_output_0_QuantizeLinear_Output", "x": 139, "y": 175}
BF16_MAC_RESCORE_WHERE {"bits": {"aligned": "4037", "sequential": "4036"}, "c": 2, "frame": "butterfly", "model": "sequential", "padding_lane": false, "tensor": "/Add_output_0_QuantizeLinear_Output", "x": 140, "y": 175}
BF16_MAC_RESCORE_WHERE {"bits": {"aligned": "3fa8", "sequential": "3fa6"}, "c": 2, "frame": "butterfly", "model": "sequential", "padding_lane": false, "tensor": "/Add_output_0_QuantizeLinear_Output", "x": 135, "y": 176}
BF16_MAC_RESCORE_WHERE {"bits": {"aligned": "401b", "sequential": "401c"}, "c": 2, "frame": "butterfly", "model": "sequential", "padding_lane": false, "tensor": "/Add_output_0_QuantizeLinear_Output", "x": 137, "y": 176}
BF16_MAC_RESCORE_WHERE {"bits": {"aligned": "401d", "sequential": "401b"}, "c": 2, "frame": "butterfly", "model": "sequential", "padding_lane": false, "tensor": "/Add_output_0_QuantizeLinear_Output", "x": 137, "y": 177}
BF16_MAC_RESCORE_WHERE {"bits": {"aligned": "3ff0", "sequential": "3fec"}, "c": 2, "frame": "butterfly", "model": "sequential", "padding_lane": false, "tensor": "/Add_output_0_QuantizeLinear_Output", "x": 138, "y": 177}
BF16_MAC_RESCORE_WHERE {"bits": {"aligned": "401a", "sequential": "4018"}, "c": 2, "frame": "butterfly", "model": "sequential", "padding_lane": false, "tensor": "/Add_output_0_QuantizeLinear_Output", "x": 136, "y": 178}
BF16_MAC_RESCORE_WHERE {"bits": {"aligned": "3f7c", "sequential": "3f74"}, "c": 2, "frame": "butterfly", "model": "sequential", "padding_lane": false, "tensor": "/Add_output_0_QuantizeLinear_Output", "x": 139, "y": 178}
BF16_MAC_RESCORE_WHERE {"bits": {"aligned": "4003", "sequential": "4004"}, "c": 2, "frame": "butterfly", "model": "sequential", "padding_lane": false, "tensor": "/Add_output_0_QuantizeLinear_Output", "x": 139, "y": 179}
BF16_MAC_RESCORE_WHERE {"bits": {"aligned": "4020", "sequential": "4022"}, "c": 2, "frame": "butterfly", "model": "sequential", "padding_lane": false, "tensor": "/Add_output_0_QuantizeLinear_Output", "x": 140, "y": 179}
BF16_MAC_RESCORE_WHERE {"bits": {"aligned": "4005", "sequential": "4004"}, "c": 2, "frame": "butterfly", "model": "sequential", "padding_lane": false, "tensor": "/Add_output_0_QuantizeLinear_Output", "x": 141, "y": 181}
BF16_MAC_RESCORE_WHERE {"bits": {"aligned": "4055", "sequential": "4054"}, "c": 8, "frame": "butterfly", "model": "sequential", "padding_lane": false, "tensor": "/Add_output_0_QuantizeLinear_Output", "x": 137, "y": 174}
BF16_MAC_RESCORE_WHERE {"bits": {"aligned": "4034", "sequential": "4033"}, "c": 8, "frame": "butterfly", "model": "sequential", "padding_lane": false, "tensor": "/Add_output_0_QuantizeLinear_Output", "x": 137, "y": 176}
BF16_MAC_RESCORE_WHERE {"bits": {"aligned": "4020", "sequential": "401f"}, "c": 8, "frame": "butterfly", "model": "sequential", "padding_lane": false, "tensor": "/Add_output_0_QuantizeLinear_Output", "x": 138, "y": 176}
BF16_MAC_RESCORE_WHERE {"bits": {"aligned": "401a", "sequential": "4019"}, "c": 8, "frame": "butterfly", "model": "sequential", "padding_lane": false, "tensor": "/Add_output_0_QuantizeLinear_Output", "x": 136, "y": 177}
BF16_MAC_RESCORE_WHERE {"bits": {"aligned": "401a", "sequential": "4019"}, "c": 8, "frame": "butterfly", "model": "sequential", "padding_lane": false, "tensor": "/Add_output_0_QuantizeLinear_Output", "x": 137, "y": 177}
BF16_MAC_RESCORE_WHERE {"bits": {"aligned": "4001", "sequential": "4000"}, "c": 8, "frame": "butterfly", "model": "sequential", "padding_lane": false, "tensor": "/Add_output_0_QuantizeLinear_Output", "x": 135, "y": 178}
BF16_MAC_RESCORE_WHERE {"bits": {"aligned": "404f", "sequential": "404e"}, "c": 8, "frame": "butterfly", "model": "sequential", "padding_lane": false, "tensor": "/Add_output_0_QuantizeLinear_Output", "x": 138, "y": 178}
BF16_MAC_RESCORE_WHERE {"bits": {"aligned": "403a", "sequential": "403b"}, "c": 8, "frame": "butterfly", "model": "sequential", "padding_lane": false, "tensor": "/Add_output_0_QuantizeLinear_Output", "x": 140, "y": 178}
BF16_MAC_RESCORE_WHERE {"bits": {"aligned": "bed4", "sequential": "bed2"}, "c": 14, "frame": "butterfly", "model": "sequential", "padding_lane": false, "tensor": "/Add_output_0_QuantizeLinear_Output", "x": 139, "y": 175}
BF16_MAC_RESCORE_WHERE {"bits": {"aligned": "be30", "sequential": "be38"}, "c": 14, "frame": "butterfly", "model": "sequential", "padding_lane": false, "tensor": "/Add_output_0_QuantizeLinear_Output", "x": 140, "y": 175}
BF16_MAC_RESCORE_WHERE {"bits": {"aligned": "3ee8", "sequential": "3ee4"}, "c": 14, "frame": "butterfly", "model": "sequential", "padding_lane": false, "tensor": "/Add_output_0_QuantizeLinear_Output", "x": 135, "y": 176}
BF16_MAC_RESCORE_WHERE {"bits": {"aligned": "be6c", "sequential": "be70"}, "c": 14, "frame": "butterfly", "model": "sequential", "padding_lane": false, "tensor": "/Add_output_0_QuantizeLinear_Output", "x": 140, "y": 176}
BF16_MAC_RESCORE_WHERE {"bits": {"aligned": "3f23", "sequential": "3f22"}, "c": 14, "frame": "butterfly", "model": "sequential", "padding_lane": false, "tensor": "/Add_output_0_QuantizeLinear_Output", "x": 136, "y": 177}
BF16_MAC_RESCORE_WHERE {"bits": {"aligned": "bf61", "sequential": "bf62"}, "c": 14, "frame": "butterfly", "model": "sequential", "padding_lane": false, "tensor": "/Add_output_0_QuantizeLinear_Output", "x": 140, "y": 177}
BF16_MAC_RESCORE_WHERE {"bits": {"aligned": "3ee0", "sequential": "3ee4"}, "c": 14, "frame": "butterfly", "model": "sequential", "padding_lane": false, "tensor": "/Add_output_0_QuantizeLinear_Output", "x": 137, "y": 178}
BF16_MAC_RESCORE_WHERE {"bits": {"aligned": "beba", "sequential": "beb8"}, "c": 14, "frame": "butterfly", "model": "sequential", "padding_lane": false, "tensor": "/Add_output_0_QuantizeLinear_Output", "x": 139, "y": 178}
BF16_MAC_RESCORE_WHERE {"bits": {"aligned": "bd80", "sequential": "bd70"}, "c": 14, "frame": "butterfly", "model": "sequential", "padding_lane": false, "tensor": "/Add_output_0_QuantizeLinear_Output", "x": 138, "y": 179}
BF16_MAC_RESCORE_WHERE {"bits": {"aligned": "bf52", "sequential": "bf50"}, "c": 14, "frame": "butterfly", "model": "sequential", "padding_lane": false, "tensor": "/Add_output_0_QuantizeLinear_Output", "x": 140, "y": 179}
BF16_MAC_RESCORE_WHERE {"bits": {"aligned": "bdd8", "sequential": "bde0"}, "c": 14, "frame": "butterfly", "model": "sequential", "padding_lane": false, "tensor": "/Add_output_0_QuantizeLinear_Output", "x": 141, "y": 180}
BF16_MAC_RESCORE_WHERE {"bits": {"aligned": "bf38", "sequential": "bf3a"}, "c": 14, "frame": "butterfly", "model": "sequential", "padding_lane": false, "tensor": "/Add_output_0_QuantizeLinear_Output", "x": 141, "y": 181}
BF16_MAC_RESCORE_WHERE {"bits": {"aligned": "42bc", "sequential": "42bd"}, "c": 1, "frame": "butterfly", "model": "sequential", "padding_lane": false, "tensor": "/tail/Conv_output_0_QuantizeLinear_Output", "x": 138, "y": 174}
BF16_MAC_RESCORE_WHERE {"bits": {"aligned": "42bf", "sequential": "42be"}, "c": 1, "frame": "butterfly", "model": "sequential", "padding_lane": false, "tensor": "/tail/Conv_output_0_QuantizeLinear_Output", "x": 141, "y": 174}
BF16_MAC_RESCORE_WHERE {"bits": {"aligned": "c1f5", "sequential": "c1f6"}, "c": 8, "frame": "butterfly", "model": "sequential", "padding_lane": false, "tensor": "/tail/Conv_output_0_QuantizeLinear_Output", "x": 140, "y": 179}
BF16_MAC_RESCORE_WHERE {"bits": {"aligned": "3d81", "sequential": "3d80"}, "c": 8, "frame": "butterfly", "model": "sequential", "padding_lane": false, "tensor": "/tail/Conv_output_0_QuantizeLinear_Output", "x": 133, "y": 180}
BF16_MAC_RESCORE_WHERE {"bits": {"aligned": "c1f7", "sequential": "c1f6"}, "c": 10, "frame": "butterfly", "model": "sequential", "padding_lane": false, "tensor": "/tail/Conv_output_0_QuantizeLinear_Output", "x": 138, "y": 176}
BF16_MAC_RESCORE_WHERE {"bits": {"aligned": "c1ea", "sequential": "c1e9"}, "c": 11, "frame": "butterfly", "model": "sequential", "padding_lane": false, "tensor": "/tail/Conv_output_0_QuantizeLinear_Output", "x": 136, "y": 176}
BF16_MAC_RESCORE_WHERE {"bits": {"aligned": "c200", "sequential": "c1ff"}, "c": 11, "frame": "butterfly", "model": "sequential", "padding_lane": false, "tensor": "/tail/Conv_output_0_QuantizeLinear_Output", "x": 139, "y": 179}
BF16_MAC_RESCORE_WHERE_FRAME {"differ_by_model": {"dot_first": {}, "exp_sum": {}, "sequential": {"/Add_output_0_QuantizeLinear_Output": 39, "/body.1/body.1.1/Relu_output_0_QuantizeLinear_Output": 1, "/body.2/body.2.1/Relu_output_0_QuantizeLinear_Output": 8, "/body.3/body.3.1/Relu_output_0_QuantizeLinear_Output": 29, "/body.4/body.4.1/Relu_output_0_QuantizeLinear_Output": 40, "/body.5/body.5.1/Relu_output_0_QuantizeLinear_Output": 20, "/tail/Conv_output_0_QuantizeLinear_Output": 7}, "wide": {"/Add_output_0_QuantizeLinear_Output": 14, "/body.1/body.1.1/Relu_output_0_QuantizeLinear_Output": 2, "/body.2/body.2.1/Relu_output_0_QuantizeLinear_Output": 2, "/body.3/body.3.1/Relu_output_0_QuantizeLinear_Output": 4, "/body.4/body.4.1/Relu_output_0_QuantizeLinear_Output": 8, "/body.5/body.5.1/Relu_output_0_QuantizeLinear_Output": 4, "/tail/Conv_output_0_QuantizeLinear_Output": 2}}, "frame": "butterfly"}
HOST_TIMELINE {"elapsed_seconds": 252.672, "tree_rss_bytes": 422719488, "foreign_peers": []}
HOST_TIMELINE {"elapsed_seconds": 256.797, "tree_rss_bytes": 431996928, "foreign_peers": []}
HOST_TIMELINE {"elapsed_seconds": 260.813, "tree_rss_bytes": 438624256, "foreign_peers": []}
HOST_TIMELINE {"elapsed_seconds": 264.829, "tree_rss_bytes": 445771776, "foreign_peers": []}
HOST_TIMELINE {"elapsed_seconds": 268.86, "tree_rss_bytes": 453709824, "foreign_peers": []}
HOST_TIMELINE {"elapsed_seconds": 272.907, "tree_rss_bytes": 459894784, "foreign_peers": []}
HOST_TIMELINE {"elapsed_seconds": 276.907, "tree_rss_bytes": 462843904, "foreign_peers": []}
HOST_TIMELINE {"elapsed_seconds": 280.954, "tree_rss_bytes": 473649152, "foreign_peers": []}
HOST_TIMELINE {"elapsed_seconds": 284.907, "tree_rss_bytes": 491687936, "foreign_peers": []}
HOST_TIMELINE {"elapsed_seconds": 288.813, "tree_rss_bytes": 502968320, "foreign_peers": []}
HOST_TIMELINE {"elapsed_seconds": 292.844, "tree_rss_bytes": 529039360, "foreign_peers": []}
HOST_TIMELINE {"elapsed_seconds": 296.75, "tree_rss_bytes": 542887936, "foreign_peers": []}
HOST_TIMELINE {"elapsed_seconds": 300.688, "tree_rss_bytes": 570695680, "foreign_peers": []}
HOST_TIMELINE {"elapsed_seconds": 304.704, "tree_rss_bytes": 583069696, "foreign_peers": []}
HOST_TIMELINE {"elapsed_seconds": 308.75, "tree_rss_bytes": 591245312, "foreign_peers": []}
HOST_TIMELINE {"elapsed_seconds": 312.735, "tree_rss_bytes": 597467136, "foreign_peers": []}
HOST_TIMELINE {"elapsed_seconds": 316.704, "tree_rss_bytes": 602636288, "foreign_peers": []}
HOST_TIMELINE {"elapsed_seconds": 320.719, "tree_rss_bytes": 609382400, "foreign_peers": []}
HOST_TIMELINE {"elapsed_seconds": 324.844, "tree_rss_bytes": 615460864, "foreign_peers": []}
HOST_TIMELINE {"elapsed_seconds": 328.907, "tree_rss_bytes": 619761664, "foreign_peers": []}
HOST_TIMELINE {"elapsed_seconds": 332.907, "tree_rss_bytes": 621989888, "foreign_peers": []}
BF16_MAC_RESCORE_WHERE {"bits": {"aligned": "3ff3", "sequential": "3ff4"}, "c": 8, "frame": "head", "model": "sequential", "padding_lane": false, "tensor": "/body.2/body.2.1/Relu_output_0_QuantizeLinear_Output", "x": 36, "y": 192}
BF16_MAC_RESCORE_WHERE {"bits": {"aligned": "4036", "sequential": "4037"}, "c": 1, "frame": "head", "model": "sequential", "padding_lane": false, "tensor": "/body.3/body.3.1/Relu_output_0_QuantizeLinear_Output", "x": 35, "y": 191}
BF16_MAC_RESCORE_WHERE {"bits": {"aligned": "3daa", "sequential": "3da9"}, "c": 1, "frame": "head", "model": "sequential", "padding_lane": false, "tensor": "/body.3/body.3.1/Relu_output_0_QuantizeLinear_Output", "x": 36, "y": 193}
BF16_MAC_RESCORE_WHERE {"bits": {"aligned": "3d04", "sequential": "3d0a"}, "c": 6, "frame": "head", "model": "sequential", "padding_lane": false, "tensor": "/body.3/body.3.1/Relu_output_0_QuantizeLinear_Output", "x": 37, "y": 193}
BF16_MAC_RESCORE_WHERE {"bits": {"aligned": "40de", "sequential": "40dd"}, "c": 8, "frame": "head", "model": "sequential", "padding_lane": false, "tensor": "/body.4/body.4.1/Relu_output_0_QuantizeLinear_Output", "x": 38, "y": 193}
BF16_MAC_RESCORE_WHERE {"bits": {"aligned": "41e3", "sequential": "41e4"}, "c": 11, "frame": "head", "model": "sequential", "padding_lane": false, "tensor": "/body.4/body.4.1/Relu_output_0_QuantizeLinear_Output", "x": 123, "y": 120}
BF16_MAC_RESCORE_WHERE {"bits": {"aligned": "4255", "sequential": "4256"}, "c": 14, "frame": "head", "model": "sequential", "padding_lane": false, "tensor": "/body.5/body.5.1/Relu_output_0_QuantizeLinear_Output", "x": 122, "y": 121}
BF16_MAC_RESCORE_WHERE {"bits": {"aligned": "3e4c", "sequential": "3e50"}, "c": 14, "frame": "head", "model": "sequential", "padding_lane": false, "tensor": "/Add_output_0_QuantizeLinear_Output", "x": 122, "y": 121}
BF16_MAC_RESCORE_WHERE {"bits": {"aligned": "3dbf", "sequential": "3dbe"}, "c": 4, "frame": "head", "model": "sequential", "padding_lane": false, "tensor": "/tail/Conv_output_0_QuantizeLinear_Output", "x": 122, "y": 123}
BF16_MAC_RESCORE_WHERE {"bits": {"aligned": "bf63", "sequential": "bf62"}, "c": 4, "frame": "head", "model": "sequential", "padding_lane": false, "tensor": "/tail/Conv_output_0_QuantizeLinear_Output", "x": 124, "y": 123}
BF16_MAC_RESCORE_WHERE {"bits": {"aligned": "bc06", "sequential": "bc00"}, "c": 5, "frame": "head", "model": "sequential", "padding_lane": false, "tensor": "/tail/Conv_output_0_QuantizeLinear_Output", "x": 122, "y": 121}
BF16_MAC_RESCORE_WHERE {"bits": {"aligned": "3b78", "sequential": "3b6a"}, "c": 7, "frame": "head", "model": "sequential", "padding_lane": false, "tensor": "/tail/Conv_output_0_QuantizeLinear_Output", "x": 122, "y": 122}
BF16_MAC_RESCORE_WHERE_FRAME {"differ_by_model": {"dot_first": {}, "exp_sum": {}, "sequential": {"/Add_output_0_QuantizeLinear_Output": 1, "/body.2/body.2.1/Relu_output_0_QuantizeLinear_Output": 1, "/body.3/body.3.1/Relu_output_0_QuantizeLinear_Output": 3, "/body.4/body.4.1/Relu_output_0_QuantizeLinear_Output": 2, "/body.5/body.5.1/Relu_output_0_QuantizeLinear_Output": 1, "/tail/Conv_output_0_QuantizeLinear_Output": 4}, "wide": {}}, "frame": "head"}
HOST_TIMELINE {"elapsed_seconds": 336.969, "tree_rss_bytes": 425062400, "foreign_peers": []}
HOST_TIMELINE {"elapsed_seconds": 341.0, "tree_rss_bytes": 434511872, "foreign_peers": []}
HOST_TIMELINE {"elapsed_seconds": 345.047, "tree_rss_bytes": 441655296, "foreign_peers": []}
HOST_TIMELINE {"elapsed_seconds": 349.094, "tree_rss_bytes": 448479232, "foreign_peers": []}
HOST_TIMELINE {"elapsed_seconds": 353.079, "tree_rss_bytes": 455720960, "foreign_peers": []}
HOST_TIMELINE {"elapsed_seconds": 357.141, "tree_rss_bytes": 461287424, "foreign_peers": []}
HOST_TIMELINE {"elapsed_seconds": 361.157, "tree_rss_bytes": 463908864, "foreign_peers": []}
HOST_TIMELINE {"elapsed_seconds": 365.266, "tree_rss_bytes": 478461952, "foreign_peers": []}
HOST_TIMELINE {"elapsed_seconds": 369.297, "tree_rss_bytes": 498540544, "foreign_peers": []}
HOST_TIMELINE {"elapsed_seconds": 373.375, "tree_rss_bytes": 507142144, "foreign_peers": []}
HOST_TIMELINE {"elapsed_seconds": 377.391, "tree_rss_bytes": 536256512, "foreign_peers": []}
HOST_TIMELINE {"elapsed_seconds": 381.422, "tree_rss_bytes": 554491904, "foreign_peers": []}
HOST_TIMELINE {"elapsed_seconds": 385.516, "tree_rss_bytes": 579616768, "foreign_peers": []}
HOST_TIMELINE {"elapsed_seconds": 389.469, "tree_rss_bytes": 585322496, "foreign_peers": []}
HOST_TIMELINE {"elapsed_seconds": 393.516, "tree_rss_bytes": 593756160, "foreign_peers": []}
HOST_TIMELINE {"elapsed_seconds": 397.547, "tree_rss_bytes": 598843392, "foreign_peers": []}
HOST_TIMELINE {"elapsed_seconds": 401.61, "tree_rss_bytes": 606654464, "foreign_peers": []}
HOST_TIMELINE {"elapsed_seconds": 405.594, "tree_rss_bytes": 611373056, "foreign_peers": []}
HOST_TIMELINE {"elapsed_seconds": 409.563, "tree_rss_bytes": 617013248, "foreign_peers": []}
HOST_TIMELINE {"elapsed_seconds": 413.579, "tree_rss_bytes": 620425216, "foreign_peers": []}
HOST_TIMELINE {"elapsed_seconds": 417.625, "tree_rss_bytes": 622874624, "foreign_peers": []}
BF16_MAC_RESCORE_WHERE {"bits": {"aligned": "3d6a", "wide": "3d69"}, "c": 12, "frame": "woman", "model": "wide", "padding_lane": false, "tensor": "/body.1/body.1.1/Relu_output_0_QuantizeLinear_Output", "x": 147, "y": 27}
BF16_MAC_RESCORE_WHERE {"bits": {"aligned": "3930", "wide": "3931"}, "c": 8, "frame": "woman", "model": "wide", "padding_lane": false, "tensor": "/body.2/body.2.1/Relu_output_0_QuantizeLinear_Output", "x": 161, "y": 243}
BF16_MAC_RESCORE_WHERE {"bits": {"aligned": "3978", "wide": "3977"}, "c": 13, "frame": "woman", "model": "wide", "padding_lane": false, "tensor": "/body.3/body.3.1/Relu_output_0_QuantizeLinear_Output", "x": 143, "y": 186}
BF16_MAC_RESCORE_WHERE {"bits": {"aligned": "3930", "sequential": "3931"}, "c": 8, "frame": "woman", "model": "sequential", "padding_lane": false, "tensor": "/body.2/body.2.1/Relu_output_0_QuantizeLinear_Output", "x": 161, "y": 243}
BF16_MAC_RESCORE_WHERE {"bits": {"aligned": "3d6a", "dot_first": "3d69"}, "c": 12, "frame": "woman", "model": "dot_first", "padding_lane": false, "tensor": "/body.1/body.1.1/Relu_output_0_QuantizeLinear_Output", "x": 147, "y": 27}
BF16_MAC_RESCORE_WHERE {"bits": {"aligned": "3930", "dot_first": "3931"}, "c": 8, "frame": "woman", "model": "dot_first", "padding_lane": false, "tensor": "/body.2/body.2.1/Relu_output_0_QuantizeLinear_Output", "x": 161, "y": 243}
BF16_MAC_RESCORE_WHERE {"bits": {"aligned": "3978", "dot_first": "3977"}, "c": 13, "frame": "woman", "model": "dot_first", "padding_lane": false, "tensor": "/body.3/body.3.1/Relu_output_0_QuantizeLinear_Output", "x": 143, "y": 186}
BF16_MAC_RESCORE_WHERE {"bits": {"aligned": "3978", "exp_sum": "3977"}, "c": 13, "frame": "woman", "model": "exp_sum", "padding_lane": false, "tensor": "/body.3/body.3.1/Relu_output_0_QuantizeLinear_Output", "x": 143, "y": 186}
BF16_MAC_RESCORE_WHERE_FRAME {"differ_by_model": {"dot_first": {"/body.1/body.1.1/Relu_output_0_QuantizeLinear_Output": 1, "/body.2/body.2.1/Relu_output_0_QuantizeLinear_Output": 1, "/body.3/body.3.1/Relu_output_0_QuantizeLinear_Output": 1}, "exp_sum": {"/body.3/body.3.1/Relu_output_0_QuantizeLinear_Output": 1}, "sequential": {"/body.2/body.2.1/Relu_output_0_QuantizeLinear_Output": 1}, "wide": {"/body.1/body.1.1/Relu_output_0_QuantizeLinear_Output": 1, "/body.2/body.2.1/Relu_output_0_QuantizeLinear_Output": 1, "/body.3/body.3.1/Relu_output_0_QuantizeLinear_Output": 1}}, "frame": "woman"}
HOST_TIMELINE {"elapsed_seconds": 421.813, "tree_rss_bytes": 426307584, "foreign_peers": []}
HOST_TIMELINE {"elapsed_seconds": 425.766, "tree_rss_bytes": 436277248, "foreign_peers": []}
HOST_TIMELINE {"elapsed_seconds": 429.719, "tree_rss_bytes": 443494400, "foreign_peers": []}
HOST_TIMELINE {"elapsed_seconds": 433.766, "tree_rss_bytes": 450838528, "foreign_peers": []}
HOST_TIMELINE {"elapsed_seconds": 437.907, "tree_rss_bytes": 458301440, "foreign_peers": []}
HOST_TIMELINE {"elapsed_seconds": 441.844, "tree_rss_bytes": 461946880, "foreign_peers": []}
HOST_TIMELINE {"elapsed_seconds": 445.813, "tree_rss_bytes": 464621568, "foreign_peers": []}
HOST_TIMELINE {"elapsed_seconds": 449.735, "tree_rss_bytes": 484372480, "foreign_peers": []}
HOST_TIMELINE {"elapsed_seconds": 453.766, "tree_rss_bytes": 500240384, "foreign_peers": []}
HOST_TIMELINE {"elapsed_seconds": 457.735, "tree_rss_bytes": 517492736, "foreign_peers": []}
HOST_TIMELINE {"elapsed_seconds": 461.688, "tree_rss_bytes": 540127232, "foreign_peers": []}
HOST_TIMELINE {"elapsed_seconds": 465.625, "tree_rss_bytes": 559218688, "foreign_peers": []}
HOST_TIMELINE {"elapsed_seconds": 469.657, "tree_rss_bytes": 580538368, "foreign_peers": []}
HOST_TIMELINE {"elapsed_seconds": 473.782, "tree_rss_bytes": 586412032, "foreign_peers": []}
HOST_TIMELINE {"elapsed_seconds": 477.922, "tree_rss_bytes": 594305024, "foreign_peers": []}
HOST_TIMELINE {"elapsed_seconds": 481.938, "tree_rss_bytes": 601239552, "foreign_peers": []}
HOST_TIMELINE {"elapsed_seconds": 485.969, "tree_rss_bytes": 606740480, "foreign_peers": []}
HOST_TIMELINE {"elapsed_seconds": 490.032, "tree_rss_bytes": 613228544, "foreign_peers": []}
HOST_TIMELINE {"elapsed_seconds": 494.032, "tree_rss_bytes": 618422272, "foreign_peers": []}
HOST_TIMELINE {"elapsed_seconds": 498.0, "tree_rss_bytes": 621572096, "foreign_peers": []}
HOST_TIMELINE {"elapsed_seconds": 501.969, "tree_rss_bytes": 623112192, "foreign_peers": []}
BF16_MAC_RESCORE_WHERE {"bits": {"aligned": "3f5a", "wide": "3f59"}, "c": 7, "frame": "seed0", "model": "wide", "padding_lane": false, "tensor": "/body.4/body.4.1/Relu_output_0_QuantizeLinear_Output", "x": 148, "y": 247}
BF16_MAC_RESCORE_WHERE {"bits": {"aligned": "3f5a", "dot_first": "3f59"}, "c": 7, "frame": "seed0", "model": "dot_first", "padding_lane": false, "tensor": "/body.4/body.4.1/Relu_output_0_QuantizeLinear_Output", "x": 148, "y": 247}
BF16_MAC_RESCORE_WHERE_FRAME {"differ_by_model": {"dot_first": {"/body.4/body.4.1/Relu_output_0_QuantizeLinear_Output": 1}, "exp_sum": {}, "sequential": {}, "wide": {"/body.4/body.4.1/Relu_output_0_QuantizeLinear_Output": 1}}, "frame": "seed0"}
BF16_MAC_RESCORE_WHERE_TOTAL {"differ_by_model": {"dot_first": 14, "exp_sum": 3, "sequential": 257, "wide": 45}}
BF16_MAC_RESCORE_RESULT {"mode": "where"}
RESEARCH_PROCESS_RESULT {"exit_code": 0, "stop": null, "peak_tree_rss_bytes": 624300032, "rss_measurement": "maximum observed across sampled descendant working sets; zero observations reported as null", "elapsed_seconds": 503.954000000027, "foreign_contention_observed": false, "timing_eligible": false}
