RESEARCH_PLATFORM {"machine": "Desktop 2", "cpu": "AMD Ryzen 7 8700G w/ Radeon 780M Graphics", "os": "Windows-11-10.0.26200-SP0", "ram_bytes": 33381138432, "source_sha256": {"tools/research_process.py": "ffeb1857f190b482eed101b5f5a928f455de26bfa61d23f78a2eacec08e2663e", "tools/quant_calib_alphabet.py": "2dc0b2878c564853f340880209a425dfcf63b8536b2b8e9fd32344daade58d37", "tools/xint8_arithmetic_probe.py": "6aa3df08b9870c3c2264b868459d7ffbac3070dddc1349d7c6f3f480075f7041", "scripts/research-lowlevel.sh": "3455ad7933697936487712665505c216891865c6deada647302785f6e37020bd", "scripts/research-iron.sh": "4c863a262646ddab39b5005006ba8e03809895e6386c6310e2fd9d0a9e9609ee", "kernels/memory_placement/probe.py": "e8d990169ad6091fa1b53852e9f61eff495b5def72d35165a5c5cf1759e38898", "kernels/memory_placement/memory_kernels.cc": "182e7af7071a1e851afb4a7ca266069c489aea1fbaaa85eca129708daeba5ba6", "scripts/research-matrix.sh": "739254171629deae822b0ad7dabc875aee19ace56dde77d3e8aab61663f97516", "kernels/memory_placement/gemm.py": "17c905ad66110d3346bbf0db898dfc6b780df59fae1dfb0c1747057ce1e5844e", "kernels/memory_placement/gemm_placement.cc": "f21acf7250b12914ea30cc1f77613239dfa18421a85a1b9a5199017dd916278a", "tools/research_summary.py": "0c00dcceef07053d06731b41a1f1ed58d3ba4ea09f82497de354ce9cef17da20", "tools/research_toolchain.py": "f0a126a24ae213acfaa43460cfd9def0c86d9cb70cfee0228aa271688467b314"}, "commit": "6c0c90854b6fddf0e9aa0aa160a306c960f16192", "command": ["bash", "scripts/research-iron.sh", "tools/bf16_engine_vs_oracle.py", "--qdq", "models/sesr_m7_xint8_adaround.onnx", "--fp32", "models/sesr_m7_fp32.onnx", "--input-npy", "scratch/bf16_vs_oracle/baby.npy", "--input-npy", "scratch/bf16_vs_oracle/bird.npy", "--input-npy", "scratch/bf16_vs_oracle/butterfly.npy", "--input-npy", "scratch/bf16_vs_oracle/head.npy", "--input-npy", "scratch/bf16_vs_oracle/woman.npy", "--seed", "0"], "seconds_limit": 1800.0, "rss_gib_limit": 8, "checks_only": true, "free_ram_bytes": 17183830016}
BF16_VS_ORACLE_SETUP {"fp32": "sesr_m7_fp32.onnx", "inputs": ["scratch/bf16_vs_oracle/baby.npy sha256 3eaee93d4f2dbd0c", "scratch/bf16_vs_oracle/bird.npy sha256 87eef22872843c7d", "scratch/bf16_vs_oracle/butterfly.npy sha256 414acd4987325738", "scratch/bf16_vs_oracle/head.npy sha256 2a51baf4bf9b4fd1", "scratch/bf16_vs_oracle/woman.npy sha256 22f2db7f22e10697", "seeded integers [-128,127], seed 0"], "mac_model": "aligned", "mac_model_in_force": "aligned", "machine": "DESKTOP-CBL5NUA", "modules": {"src/ignite_xdna/compiler/engine_bf16_emulator.py": "9f4fe7c72fdb1b67", "src/ignite_xdna/compiler/engine_schedule_bf16.py": "3a45d7bb4eeda61e", "src/ignite_xdna/compiler/graph_reference_bf16.py": "7dec197ba5f0e555", "tools/bf16_engine_vs_oracle.py": "e70ad6084c9fddaa", "tools/w8a16_oracle.py": "872cd9e8cd0a4b23"}, "qdq": "sesr_m7_xint8_adaround.onnx", "schedule_background": "0x7fc0"}
HOST_TIMELINE {"elapsed_seconds": 4.203, "tree_rss_bytes": 218157056, "foreign_peers": []}
HOST_TIMELINE {"elapsed_seconds": 8.203, "tree_rss_bytes": 228786176, "foreign_peers": []}
HOST_TIMELINE {"elapsed_seconds": 12.609, "tree_rss_bytes": 235925504, "foreign_peers": []}
HOST_TIMELINE {"elapsed_seconds": 16.344, "tree_rss_bytes": 242860032, "foreign_peers": []}
HOST_TIMELINE {"elapsed_seconds": 19.937, "tree_rss_bytes": 248360960, "foreign_peers": []}
HOST_TIMELINE {"elapsed_seconds": 23.734, "tree_rss_bytes": 252366848, "foreign_peers": []}
HOST_TIMELINE {"elapsed_seconds": 27.906, "tree_rss_bytes": 254857216, "foreign_peers": []}
HOST_TIMELINE {"elapsed_seconds": 31.797, "tree_rss_bytes": 256450560, "foreign_peers": []}
HOST_TIMELINE {"elapsed_seconds": 35.765, "tree_rss_bytes": 266268672, "foreign_peers": []}
HOST_TIMELINE {"elapsed_seconds": 39.547, "tree_rss_bytes": 267644928, "foreign_peers": []}
HOST_TIMELINE {"elapsed_seconds": 43.375, "tree_rss_bytes": 266481664, "foreign_peers": []}
HOST_TIMELINE {"elapsed_seconds": 47.719, "tree_rss_bytes": 267513856, "foreign_peers": []}
HOST_TIMELINE {"elapsed_seconds": 52.281, "tree_rss_bytes": 263970816, "foreign_peers": []}
HOST_TIMELINE {"elapsed_seconds": 56.219, "tree_rss_bytes": 266657792, "foreign_peers": []}
HOST_TIMELINE {"elapsed_seconds": 60.156, "tree_rss_bytes": 269627392, "foreign_peers": []}
HOST_TIMELINE {"elapsed_seconds": 64.547, "tree_rss_bytes": 269623296, "foreign_peers": []}
HOST_TIMELINE {"elapsed_seconds": 68.265, "tree_rss_bytes": 270065664, "foreign_peers": []}
HOST_TIMELINE {"elapsed_seconds": 72.234, "tree_rss_bytes": 269553664, "foreign_peers": []}
HOST_TIMELINE {"elapsed_seconds": 76.328, "tree_rss_bytes": 270069760, "foreign_peers": []}
HOST_TIMELINE {"elapsed_seconds": 80.484, "tree_rss_bytes": 270852096, "foreign_peers": []}
HOST_TIMELINE {"elapsed_seconds": 84.484, "tree_rss_bytes": 270630912, "foreign_peers": []}
HOST_TIMELINE {"elapsed_seconds": 88.797, "tree_rss_bytes": 353247232, "foreign_peers": []}
HOST_TIMELINE {"elapsed_seconds": 92.828, "tree_rss_bytes": 362864640, "foreign_peers": []}
HOST_TIMELINE {"elapsed_seconds": 96.656, "tree_rss_bytes": 368459776, "foreign_peers": []}
HOST_TIMELINE {"elapsed_seconds": 100.734, "tree_rss_bytes": 375119872, "foreign_peers": []}
HOST_TIMELINE {"elapsed_seconds": 104.469, "tree_rss_bytes": 381624320, "foreign_peers": []}
HOST_TIMELINE {"elapsed_seconds": 108.312, "tree_rss_bytes": 388132864, "foreign_peers": []}
HOST_TIMELINE {"elapsed_seconds": 112.328, "tree_rss_bytes": 391278592, "foreign_peers": []}
HOST_TIMELINE {"elapsed_seconds": 116.547, "tree_rss_bytes": 345604096, "foreign_peers": []}
HOST_TIMELINE {"elapsed_seconds": 120.562, "tree_rss_bytes": 351895552, "foreign_peers": []}
HOST_TIMELINE {"elapsed_seconds": 124.39, "tree_rss_bytes": 375754752, "foreign_peers": []}
HOST_TIMELINE {"elapsed_seconds": 128.172, "tree_rss_bytes": 351248384, "foreign_peers": []}
HOST_TIMELINE {"elapsed_seconds": 131.875, "tree_rss_bytes": 352739328, "foreign_peers": []}
HOST_TIMELINE {"elapsed_seconds": 135.844, "tree_rss_bytes": 349999104, "foreign_peers": []}
HOST_TIMELINE {"elapsed_seconds": 139.719, "tree_rss_bytes": 351162368, "foreign_peers": []}
HOST_TIMELINE {"elapsed_seconds": 143.687, "tree_rss_bytes": 353914880, "foreign_peers": []}
HOST_TIMELINE {"elapsed_seconds": 147.656, "tree_rss_bytes": 340475904, "foreign_peers": []}
HOST_TIMELINE {"elapsed_seconds": 151.64, "tree_rss_bytes": 341626880, "foreign_peers": []}
HOST_TIMELINE {"elapsed_seconds": 155.375, "tree_rss_bytes": 342552576, "foreign_peers": []}
HOST_TIMELINE {"elapsed_seconds": 159.328, "tree_rss_bytes": 342552576, "foreign_peers": []}
HOST_TIMELINE {"elapsed_seconds": 163.797, "tree_rss_bytes": 342552576, "foreign_peers": []}
HOST_TIMELINE {"elapsed_seconds": 167.64, "tree_rss_bytes": 339894272, "foreign_peers": []}
HOST_TIMELINE {"elapsed_seconds": 172.187, "tree_rss_bytes": 341143552, "foreign_peers": []}
HOST_TIMELINE {"elapsed_seconds": 176.547, "tree_rss_bytes": 367599616, "foreign_peers": []}
HOST_TIMELINE {"elapsed_seconds": 180.781, "tree_rss_bytes": 376455168, "foreign_peers": []}
HOST_TIMELINE {"elapsed_seconds": 184.812, "tree_rss_bytes": 384430080, "foreign_peers": []}
HOST_TIMELINE {"elapsed_seconds": 188.765, "tree_rss_bytes": 389902336, "foreign_peers": []}
HOST_TIMELINE {"elapsed_seconds": 192.703, "tree_rss_bytes": 396853248, "foreign_peers": []}
HOST_TIMELINE {"elapsed_seconds": 196.812, "tree_rss_bytes": 401842176, "foreign_peers": []}
HOST_TIMELINE {"elapsed_seconds": 200.578, "tree_rss_bytes": 404955136, "foreign_peers": []}
HOST_TIMELINE {"elapsed_seconds": 204.922, "tree_rss_bytes": 360841216, "foreign_peers": []}
HOST_TIMELINE {"elapsed_seconds": 209.328, "tree_rss_bytes": 397168640, "foreign_peers": []}
HOST_TIMELINE {"elapsed_seconds": 213.562, "tree_rss_bytes": 365625344, "foreign_peers": []}
HOST_TIMELINE {"elapsed_seconds": 218.0, "tree_rss_bytes": 363470848, "foreign_peers": []}
HOST_TIMELINE {"elapsed_seconds": 222.344, "tree_rss_bytes": 366092288, "foreign_peers": []}
HOST_TIMELINE {"elapsed_seconds": 226.453, "tree_rss_bytes": 362422272, "foreign_peers": []}
HOST_TIMELINE {"elapsed_seconds": 230.328, "tree_rss_bytes": 365240320, "foreign_peers": []}
HOST_TIMELINE {"elapsed_seconds": 234.453, "tree_rss_bytes": 353583104, "foreign_peers": []}
HOST_TIMELINE {"elapsed_seconds": 238.75, "tree_rss_bytes": 355934208, "foreign_peers": []}
HOST_TIMELINE {"elapsed_seconds": 243.172, "tree_rss_bytes": 356114432, "foreign_peers": []}
HOST_TIMELINE {"elapsed_seconds": 247.609, "tree_rss_bytes": 356114432, "foreign_peers": []}
HOST_TIMELINE {"elapsed_seconds": 252.0, "tree_rss_bytes": 356114432, "foreign_peers": []}
HOST_TIMELINE {"elapsed_seconds": 255.969, "tree_rss_bytes": 356294656, "foreign_peers": []}
HOST_TIMELINE {"elapsed_seconds": 260.328, "tree_rss_bytes": 356192256, "foreign_peers": []}
HOST_TIMELINE {"elapsed_seconds": 264.406, "tree_rss_bytes": 366194688, "foreign_peers": []}
HOST_TIMELINE {"elapsed_seconds": 269.172, "tree_rss_bytes": 376066048, "foreign_peers": []}
HOST_TIMELINE {"elapsed_seconds": 273.328, "tree_rss_bytes": 383131648, "foreign_peers": []}
HOST_TIMELINE {"elapsed_seconds": 277.234, "tree_rss_bytes": 388894720, "foreign_peers": []}
HOST_TIMELINE {"elapsed_seconds": 281.203, "tree_rss_bytes": 396644352, "foreign_peers": []}
HOST_TIMELINE {"elapsed_seconds": 285.328, "tree_rss_bytes": 401739776, "foreign_peers": []}
HOST_TIMELINE {"elapsed_seconds": 289.609, "tree_rss_bytes": 405213184, "foreign_peers": []}
HOST_TIMELINE {"elapsed_seconds": 293.734, "tree_rss_bytes": 359313408, "foreign_peers": []}
HOST_TIMELINE {"elapsed_seconds": 298.797, "tree_rss_bytes": 366575616, "foreign_peers": []}
HOST_TIMELINE {"elapsed_seconds": 303.125, "tree_rss_bytes": 366059520, "foreign_peers": []}
HOST_TIMELINE {"elapsed_seconds": 307.219, "tree_rss_bytes": 366944256, "foreign_peers": []}
HOST_TIMELINE {"elapsed_seconds": 311.844, "tree_rss_bytes": 366059520, "foreign_peers": []}
HOST_TIMELINE {"elapsed_seconds": 315.765, "tree_rss_bytes": 367116288, "foreign_peers": []}
HOST_TIMELINE {"elapsed_seconds": 319.812, "tree_rss_bytes": 366985216, "foreign_peers": []}
HOST_TIMELINE {"elapsed_seconds": 323.781, "tree_rss_bytes": 353800192, "foreign_peers": []}
HOST_TIMELINE {"elapsed_seconds": 328.203, "tree_rss_bytes": 354418688, "foreign_peers": []}
HOST_TIMELINE {"elapsed_seconds": 332.39, "tree_rss_bytes": 355033088, "foreign_peers": []}
HOST_TIMELINE {"elapsed_seconds": 336.656, "tree_rss_bytes": 355033088, "foreign_peers": []}
HOST_TIMELINE {"elapsed_seconds": 340.765, "tree_rss_bytes": 355033088, "foreign_peers": []}
HOST_TIMELINE {"elapsed_seconds": 344.5, "tree_rss_bytes": 354840576, "foreign_peers": []}
HOST_TIMELINE {"elapsed_seconds": 348.14, "tree_rss_bytes": 355057664, "foreign_peers": []}
HOST_TIMELINE {"elapsed_seconds": 352.015, "tree_rss_bytes": 366366720, "foreign_peers": []}
HOST_TIMELINE {"elapsed_seconds": 355.609, "tree_rss_bytes": 376016896, "foreign_peers": []}
HOST_TIMELINE {"elapsed_seconds": 359.687, "tree_rss_bytes": 380887040, "foreign_peers": []}
HOST_TIMELINE {"elapsed_seconds": 363.531, "tree_rss_bytes": 387182592, "foreign_peers": []}
HOST_TIMELINE {"elapsed_seconds": 367.765, "tree_rss_bytes": 395841536, "foreign_peers": []}
HOST_TIMELINE {"elapsed_seconds": 371.328, "tree_rss_bytes": 401367040, "foreign_peers": []}
HOST_TIMELINE {"elapsed_seconds": 375.312, "tree_rss_bytes": 403963904, "foreign_peers": []}
HOST_TIMELINE {"elapsed_seconds": 379.156, "tree_rss_bytes": 357974016, "foreign_peers": []}
HOST_TIMELINE {"elapsed_seconds": 382.969, "tree_rss_bytes": 365043712, "foreign_peers": []}
HOST_TIMELINE {"elapsed_seconds": 386.609, "tree_rss_bytes": 389148672, "foreign_peers": []}
HOST_TIMELINE {"elapsed_seconds": 390.531, "tree_rss_bytes": 365199360, "foreign_peers": []}
HOST_TIMELINE {"elapsed_seconds": 394.203, "tree_rss_bytes": 366256128, "foreign_peers": []}
HOST_TIMELINE {"elapsed_seconds": 398.515, "tree_rss_bytes": 365953024, "foreign_peers": []}
HOST_TIMELINE {"elapsed_seconds": 402.515, "tree_rss_bytes": 365449216, "foreign_peers": []}
HOST_TIMELINE {"elapsed_seconds": 406.359, "tree_rss_bytes": 367325184, "foreign_peers": []}
HOST_TIMELINE {"elapsed_seconds": 410.219, "tree_rss_bytes": 355033088, "foreign_peers": []}
HOST_TIMELINE {"elapsed_seconds": 414.344, "tree_rss_bytes": 355033088, "foreign_peers": []}
HOST_TIMELINE {"elapsed_seconds": 418.015, "tree_rss_bytes": 355033088, "foreign_peers": []}
HOST_TIMELINE {"elapsed_seconds": 421.937, "tree_rss_bytes": 355033088, "foreign_peers": []}
HOST_TIMELINE {"elapsed_seconds": 425.812, "tree_rss_bytes": 355045376, "foreign_peers": []}
HOST_TIMELINE {"elapsed_seconds": 430.109, "tree_rss_bytes": 354193408, "foreign_peers": []}
HOST_TIMELINE {"elapsed_seconds": 433.922, "tree_rss_bytes": 354410496, "foreign_peers": []}
HOST_TIMELINE {"elapsed_seconds": 437.812, "tree_rss_bytes": 368914432, "foreign_peers": []}
HOST_TIMELINE {"elapsed_seconds": 441.765, "tree_rss_bytes": 379039744, "foreign_peers": []}
HOST_TIMELINE {"elapsed_seconds": 445.953, "tree_rss_bytes": 385630208, "foreign_peers": []}
HOST_TIMELINE {"elapsed_seconds": 449.781, "tree_rss_bytes": 392740864, "foreign_peers": []}
HOST_TIMELINE {"elapsed_seconds": 454.297, "tree_rss_bytes": 400334848, "foreign_peers": []}
HOST_TIMELINE {"elapsed_seconds": 458.39, "tree_rss_bytes": 403419136, "foreign_peers": []}
HOST_TIMELINE {"elapsed_seconds": 462.515, "tree_rss_bytes": 406970368, "foreign_peers": []}
HOST_TIMELINE {"elapsed_seconds": 466.781, "tree_rss_bytes": 364662784, "foreign_peers": []}
HOST_TIMELINE {"elapsed_seconds": 471.172, "tree_rss_bytes": 367931392, "foreign_peers": []}
HOST_TIMELINE {"elapsed_seconds": 475.015, "tree_rss_bytes": 364982272, "foreign_peers": []}
HOST_TIMELINE {"elapsed_seconds": 478.937, "tree_rss_bytes": 367497216, "foreign_peers": []}
HOST_TIMELINE {"elapsed_seconds": 483.297, "tree_rss_bytes": 366206976, "foreign_peers": []}
HOST_TIMELINE {"elapsed_seconds": 487.594, "tree_rss_bytes": 364793856, "foreign_peers": []}
HOST_TIMELINE {"elapsed_seconds": 491.64, "tree_rss_bytes": 368267264, "foreign_peers": []}
HOST_TIMELINE {"elapsed_seconds": 495.515, "tree_rss_bytes": 354336768, "foreign_peers": []}
HOST_TIMELINE {"elapsed_seconds": 499.984, "tree_rss_bytes": 354357248, "foreign_peers": []}
HOST_TIMELINE {"elapsed_seconds": 503.781, "tree_rss_bytes": 354357248, "foreign_peers": []}
HOST_TIMELINE {"elapsed_seconds": 507.859, "tree_rss_bytes": 354357248, "foreign_peers": []}
HOST_TIMELINE {"elapsed_seconds": 511.719, "tree_rss_bytes": 355569664, "foreign_peers": []}
HOST_TIMELINE {"elapsed_seconds": 515.75, "tree_rss_bytes": 354549760, "foreign_peers": []}
HOST_TIMELINE {"elapsed_seconds": 519.734, "tree_rss_bytes": 323428352, "foreign_peers": []}
input scratch/bf16_vs_oracle/baby.npy sha256 3eaee93d4f2dbd0c  mac model aligned
  layer                  ch | chained: differ    pk   ulp   rel_l2 | isolated: differ    pk  ulp | exact: eng/orc split e/o/- | sched    rnd
  /head/Conv             16 |       0/1048576  0.00     0  0.0e+00 |         0/1048576 0.00    0 |      0/0         0/  0/0   |     0      0
  /body.0/body.0.0/Conv  16 |       0/1048576  0.00     0  0.0e+00 |         0/1048576 0.00    0 |      0/0         0/  0/0   |     0      0
  /body.1/body.1.0/Conv  16 |      19/1048576  0.02     8  2.4e-06 |        19/1048576 0.02    8 |     21/4         1/ 18/0   |     0      0
  /body.2/body.2.0/Conv  16 |      19/1048576  0.03    28  3.8e-06 |         1/1048576 0.00    1 |      2/1         0/  1/0   |     0      0
  /body.3/body.3.0/Conv  16 |      35/1048576  0.06     4  1.2e-05 |         1/1048576 0.01    1 |      0/1         1/  0/0   |     0      0
  /body.4/body.4.0/Conv  16 |      63/1048576  0.06 15735  3.0e-05 |         1/1048576 0.06    1 |      1/0         0/  1/0   |     0      0
  /body.5/body.5.0/Conv  16 |      33/1048576  0.12 15496  4.1e-05 |         0/1048576 0.00    0 |      0/0         0/  0/0   |     0      0
  /body.6/body.6.0/Conv  16 |      26/1048576  0.12     6  7.9e-06 |         0/1048576 0.00    0 |      0/0         0/  0/0   |     0 102562
  /tail/Conv             12 |      18/786432   0.50     1  1.9e-05 |         0/786432  0.00    0 |      0/0         0/  0/0   |     0      0
  output output: differ 18/786432, max_abs 5.000e-01 = 0.50 ULP of its peak 131, max elementwise ulp 1, rel_l2 1.941e-05; against the model without the bf16 step: engine 1.6080e-03, oracle 1.6080e-03
  ok True
BF16_VS_ORACLE {"input": "scratch/bf16_vs_oracle/baby.npy sha256 3eaee93d4f2dbd0c", "layers": [{"chained": {"differ": 0, "finite": true, "max_abs": 0.0, "max_abs_peak_ulps": 0.0, "max_ulp": 0, "n": 1048576, "peak": 232.0, "rel_l2": 0.0, "zero_sign_only": 0}, "channels": 16, "exact": {"engine_differs": 0, "oracle_differs": 0, "split_engine_exact": 0, "split_neither": 0, "split_oracle_exact": 0}, "isolated": {"differ": 0, "finite": true, "max_abs": 0.0, "max_abs_peak_ulps": 0.0, "max_ulp": 0, "n": 1048576, "peak": 232.0, "rel_l2": 0.0, "zero_sign_only": 0}, "layer": "/head/Conv", "oracle_rounded_by_to_bf16": 0, "oracle_tensor": "/head/Conv_output_0", "schedule_differs_from_chained": 0}, {"chained": {"differ": 0, "finite": true, "max_abs": 0.0, "max_abs_peak_ulps": 0.0, "max_ulp": 0, "n": 1048576, "peak": 640.0, "rel_l2": 0.0, "zero_sign_only": 0}, "channels": 16, "exact": {"engine_differs": 0, "oracle_differs": 0, "split_engine_exact": 0, "split_neither": 0, "split_oracle_exact": 0}, "isolated": {"differ": 0, "finite": true, "max_abs": 0.0, "max_abs_peak_ulps": 0.0, "max_ulp": 0, "n": 1048576, "peak": 640.0, "rel_l2": 0.0, "zero_sign_only": 0}, "layer": "/body.0/body.0.0/Conv", "oracle_rounded_by_to_bf16": 0, "oracle_tensor": "/body.0/body.0.1/Relu_output_0", "schedule_differs_from_chained": 0}, {"chained": {"differ": 19, "finite": true, "max_abs": 0.0625, "max_abs_peak_ulps": 0.015625, "max_ulp": 8, "n": 1048576, "peak": 588.0, "rel_l2": 2.4485531349096784e-06, "zero_sign_only": 0}, "channels": 16, "exact": {"engine_differs": 21, "oracle_differs": 4, "split_engine_exact": 1, "split_neither": 0, "split_oracle_exact": 18}, "isolated": {"differ": 19, "finite": true, "max_abs": 0.0625, "max_abs_peak_ulps": 0.015625, "max_ulp": 8, "n": 1048576, "peak": 588.0, "rel_l2": 2.4485531349096784e-06, "zero_sign_only": 0}, "layer": "/body.1/body.1.0/Conv", "oracle_rounded_by_to_bf16": 0, "oracle_tensor": "/body.1/body.1.1/Relu_output_0", "schedule_differs_from_chained": 0}, {"chained": {"differ": 19, "finite": true, "max_abs": 0.125, "max_abs_peak_ulps": 0.03125, "max_ulp": 28, "n": 1048576, "peak": 624.0, "rel_l2": 3.758579745582322e-06, "zero_sign_only": 0}, "channels": 16, "exact": {"engine_differs": 2, "oracle_differs": 1, "split_engine_exact": 0, "split_neither": 0, "split_oracle_exact": 1}, "isolated": {"differ": 1, "finite": true, "max_abs": 0.015625, "max_abs_peak_ulps": 0.00390625, "max_ulp": 1, "n": 1048576, "peak": 624.0, "rel_l2": 3.2978801283777565e-07, "zero_sign_only": 0}, "layer": "/body.2/body.2.0/Conv", "oracle_rounded_by_to_bf16": 0, "oracle_tensor": "/body.2/body.2.1/Relu_output_0", "schedule_differs_from_chained": 0}, {"chained": {"differ": 35, "finite": true, "max_abs": 0.25, "max_abs_peak_ulps": 0.0625, "max_ulp": 4, "n": 1048576, "peak": 520.0, "rel_l2": 1.2243309376689383e-05, "zero_sign_only": 0}, "channels": 16, "exact": {"engine_differs": 0, "oracle_differs": 1, "split_engine_exact": 1, "split_neither": 0, "split_oracle_exact": 0}, "isolated": {"differ": 1, "finite": true, "max_abs": 0.03125, "max_abs_peak_ulps": 0.0078125, "max_ulp": 1, "n": 1048576, "peak": 520.0, "rel_l2": 6.97150008994435e-07, "zero_sign_only": 0}, "layer": "/body.3/body.3.0/Conv", "oracle_rounded_by_to_bf16": 0, "oracle_tensor": "/body.3/body.3.1/Relu_output_0", "schedule_differs_from_chained": 0}, {"chained": {"differ": 63, "finite": true, "max_abs": 0.5, "max_abs_peak_ulps": 0.0625, "max_ulp": 15735, "n": 1048576, "peak": 1208.0, "rel_l2": 2.987224626567895e-05, "zero_sign_only": 0}, "channels": 16, "exact": {"engine_differs": 1, "oracle_differs": 0, "split_engine_exact": 0, "split_neither": 0, "split_oracle_exact": 1}, "isolated": {"differ": 1, "finite": true, "max_abs": 0.5, "max_abs_peak_ulps": 0.0625, "max_ulp": 1, "n": 1048576, "peak": 1208.0, "rel_l2": 9.478694733343722e-06, "zero_sign_only": 0}, "layer": "/body.4/body.4.0/Conv", "oracle_rounded_by_to_bf16": 0, "oracle_tensor": "/body.4/body.4.1/Relu_output_0", "schedule_differs_from_chained": 0}, {"chained": {"differ": 33, "finite": true, "max_abs": 1.0, "max_abs_peak_ulps": 0.125, "max_ulp": 15496, "n": 1048576, "peak": 1024.0, "rel_l2": 4.1383045169931e-05, "zero_sign_only": 0}, "channels": 16, "exact": {"engine_differs": 0, "oracle_differs": 0, "split_engine_exact": 0, "split_neither": 0, "split_oracle_exact": 0}, "isolated": {"differ": 0, "finite": true, "max_abs": 0.0, "max_abs_peak_ulps": 0.0, "max_ulp": 0, "n": 1048576, "peak": 1024.0, "rel_l2": 0.0, "zero_sign_only": 0}, "layer": "/body.5/body.5.0/Conv", "oracle_rounded_by_to_bf16": 0, "oracle_tensor": "/body.5/body.5.1/Relu_output_0", "schedule_differs_from_chained": 0}, {"chained": {"differ": 26, "finite": true, "max_abs": 0.125, "max_abs_peak_ulps": 0.125, "max_ulp": 6, "n": 1048576, "peak": 229.0, "rel_l2": 7.900885386767839e-06, "zero_sign_only": 0}, "channels": 16, "exact": {"engine_differs": 0, "oracle_differs": 0, "split_engine_exact": 0, "split_neither": 0, "split_oracle_exact": 0}, "isolated": {"differ": 0, "finite": true, "max_abs": 0.0, "max_abs_peak_ulps": 0.0, "max_ulp": 0, "n": 1048576, "peak": 229.0, "rel_l2": 0.0, "zero_sign_only": 0}, "layer": "/body.6/body.6.0/Conv", "oracle_rounded_by_to_bf16": 102562, "oracle_tensor": "/Add_output_0", "schedule_differs_from_chained": 0}, {"chained": {"differ": 18, "finite": true, "max_abs": 0.5, "max_abs_peak_ulps": 0.5, "max_ulp": 1, "n": 786432, "peak": 131.0, "rel_l2": 1.940935502794766e-05, "zero_sign_only": 0}, "channels": 12, "exact": {"engine_differs": 0, "oracle_differs": 0, "split_engine_exact": 0, "split_neither": 0, "split_oracle_exact": 0}, "isolated": {"differ": 0, "finite": true, "max_abs": 0.0, "max_abs_peak_ulps": 0.0, "max_ulp": 0, "n": 786432, "peak": 131.0, "rel_l2": 0.0, "zero_sign_only": 0}, "layer": "/tail/Conv", "oracle_rounded_by_to_bf16": 0, "oracle_tensor": "/tail/Conv_output_0", "schedule_differs_from_chained": 0}], "mac_model": "aligned", "ok": true, "oracle_rounding_changed_a_rounded_tensor": {}, "output": {"differ": 18, "finite": true, "max_abs": 0.5, "max_abs_peak_ulps": 0.5, "max_ulp": 1, "n": 786432, "name": "output", "peak": 131.0, "rel_l2": 1.940935502794766e-05, "rel_l2_engine_vs_model_without_bf16": 0.0016080156355285683, "rel_l2_oracle_vs_model_without_bf16": 0.001608016030917775, "zero_sign_only": 0}, "schedule_emulated": true}
input scratch/bf16_vs_oracle/bird.npy sha256 87eef22872843c7d  mac model aligned
  layer                  ch | chained: differ    pk   ulp   rel_l2 | isolated: differ    pk  ulp | exact: eng/orc split e/o/- | sched    rnd
  /head/Conv             16 |       0/1048576  0.00     0  0.0e+00 |         0/1048576 0.00    0 |      0/0         0/  0/0   |     0      0
  /body.0/body.0.0/Conv  16 |       0/1048576  0.00     0  0.0e+00 |         0/1048576 0.00    0 |      0/0         0/  0/0   |     0      0
  /body.1/body.1.0/Conv  16 |      18/1048576  0.50     1  3.0e-05 |        18/1048576 0.50    1 |     14/8         6/ 12/0   |     0      0
  /body.2/body.2.0/Conv  16 |      51/1048576  0.25    63  4.7e-05 |         0/1048576 0.00    0 |      0/0         0/  0/0   |     0      0
  /body.3/body.3.0/Conv  16 |     146/1048576  0.25    32  6.9e-05 |         1/1048576 0.00    1 |      1/0         0/  1/0   |     0      0
  /body.4/body.4.0/Conv  16 |     177/1048576  0.50   161  1.6e-04 |         1/1048576 0.00    1 |      2/1         0/  1/0   |     0      0
  /body.5/body.5.0/Conv  16 |      79/1048576  0.50    42  1.2e-04 |         0/1048576 0.00    0 |      0/0         0/  0/0   |     0      0
  /body.6/body.6.0/Conv  16 |     115/1048576  0.06    64  9.4e-06 |         0/1048576 0.00    0 |      0/0         0/  0/0   |     0  71254
  /tail/Conv             12 |     118/786432   0.50    31  1.5e-05 |         0/786432  0.00    0 |      0/0         0/  0/0   |     0      0
  output output: differ 118/786432, max_abs 5.000e-01 = 0.50 ULP of its peak 132, max elementwise ulp 31, rel_l2 1.548e-05; against the model without the bf16 step: engine 1.6570e-03, oracle 1.6570e-03
  ok True
BF16_VS_ORACLE {"input": "scratch/bf16_vs_oracle/bird.npy sha256 87eef22872843c7d", "layers": [{"chained": {"differ": 0, "finite": true, "max_abs": 0.0, "max_abs_peak_ulps": 0.0, "max_ulp": 0, "n": 1048576, "peak": 266.0, "rel_l2": 0.0, "zero_sign_only": 0}, "channels": 16, "exact": {"engine_differs": 0, "oracle_differs": 0, "split_engine_exact": 0, "split_neither": 0, "split_oracle_exact": 0}, "isolated": {"differ": 0, "finite": true, "max_abs": 0.0, "max_abs_peak_ulps": 0.0, "max_ulp": 0, "n": 1048576, "peak": 266.0, "rel_l2": 0.0, "zero_sign_only": 0}, "layer": "/head/Conv", "oracle_rounded_by_to_bf16": 0, "oracle_tensor": "/head/Conv_output_0", "schedule_differs_from_chained": 0}, {"chained": {"differ": 0, "finite": true, "max_abs": 0.0, "max_abs_peak_ulps": 0.0, "max_ulp": 0, "n": 1048576, "peak": 380.0, "rel_l2": 0.0, "zero_sign_only": 0}, "channels": 16, "exact": {"engine_differs": 0, "oracle_differs": 0, "split_engine_exact": 0, "split_neither": 0, "split_oracle_exact": 0}, "isolated": {"differ": 0, "finite": true, "max_abs": 0.0, "max_abs_peak_ulps": 0.0, "max_ulp": 0, "n": 1048576, "peak": 380.0, "rel_l2": 0.0, "zero_sign_only": 0}, "layer": "/body.0/body.0.0/Conv", "oracle_rounded_by_to_bf16": 0, "oracle_tensor": "/body.0/body.0.1/Relu_output_0", "schedule_differs_from_chained": 0}, {"chained": {"differ": 18, "finite": true, "max_abs": 1.0, "max_abs_peak_ulps": 0.5, "max_ulp": 1, "n": 1048576, "peak": 438.0, "rel_l2": 3.0376319187565896e-05, "zero_sign_only": 0}, "channels": 16, "exact": {"engine_differs": 14, "oracle_differs": 8, "split_engine_exact": 6, "split_neither": 0, "split_oracle_exact": 12}, "isolated": {"differ": 18, "finite": true, "max_abs": 1.0, "max_abs_peak_ulps": 0.5, "max_ulp": 1, "n": 1048576, "peak": 438.0, "rel_l2": 3.0376319187565896e-05, "zero_sign_only": 0}, "layer": "/body.1/body.1.0/Conv", "oracle_rounded_by_to_bf16": 0, "oracle_tensor": "/body.1/body.1.1/Relu_output_0", "schedule_differs_from_chained": 0}, {"chained": {"differ": 51, "finite": true, "max_abs": 0.5, "max_abs_peak_ulps": 0.25, "max_ulp": 63, "n": 1048576, "peak": 470.0, "rel_l2": 4.6800603152016836e-05, "zero_sign_only": 0}, "channels": 16, "exact": {"engine_differs": 0, "oracle_differs": 0, "split_engine_exact": 0, "split_neither": 0, "split_oracle_exact": 0}, "isolated": {"differ": 0, "finite": true, "max_abs": 0.0, "max_abs_peak_ulps": 0.0, "max_ulp": 0, "n": 1048576, "peak": 470.0, "rel_l2": 0.0, "zero_sign_only": 0}, "layer": "/body.2/body.2.0/Conv", "oracle_rounded_by_to_bf16": 0, "oracle_tensor": "/body.2/body.2.1/Relu_output_0", "schedule_differs_from_chained": 0}, {"chained": {"differ": 146, "finite": true, "max_abs": 0.5, "max_abs_peak_ulps": 0.25, "max_ulp": 32, "n": 1048576, "peak": 350.0, "rel_l2": 6.875328130851743e-05, "zero_sign_only": 0}, "channels": 16, "exact": {"engine_differs": 1, "oracle_differs": 0, "split_engine_exact": 0, "split_neither": 0, "split_oracle_exact": 1}, "isolated": {"differ": 1, "finite": true, "max_abs": 1.52587890625e-05, "max_abs_peak_ulps": 7.62939453125e-06, "max_ulp": 1, "n": 1048576, "peak": 350.0, "rel_l2": 5.478722330297964e-10, "zero_sign_only": 0}, "layer": "/body.3/body.3.0/Conv", "oracle_rounded_by_to_bf16": 0, "oracle_tensor": "/body.3/body.3.1/Relu_output_0", "schedule_differs_from_chained": 0}, {"chained": {"differ": 177, "finite": true, "max_abs": 2.0, "max_abs_peak_ulps": 0.5, "max_ulp": 161, "n": 1048576, "peak": 644.0, "rel_l2": 0.0001550977775190434, "zero_sign_only": 0}, "channels": 16, "exact": {"engine_differs": 2, "oracle_differs": 1, "split_engine_exact": 0, "split_neither": 0, "split_oracle_exact": 1}, "isolated": {"differ": 1, "finite": true, "max_abs": 0.0078125, "max_abs_peak_ulps": 0.001953125, "max_ulp": 1, "n": 1048576, "peak": 644.0, "rel_l2": 2.815644878174617e-07, "zero_sign_only": 0}, "layer": "/body.4/body.4.0/Conv", "oracle_rounded_by_to_bf16": 0, "oracle_tensor": "/body.4/body.4.1/Relu_output_0", "schedule_differs_from_chained": 0}, {"chained": {"differ": 79, "finite": true, "max_abs": 1.0, "max_abs_peak_ulps": 0.5, "max_ulp": 42, "n": 1048576, "peak": 488.0, "rel_l2": 0.00011704391436483714, "zero_sign_only": 0}, "channels": 16, "exact": {"engine_differs": 0, "oracle_differs": 0, "split_engine_exact": 0, "split_neither": 0, "split_oracle_exact": 0}, "isolated": {"differ": 0, "finite": true, "max_abs": 0.0, "max_abs_peak_ulps": 0.0, "max_ulp": 0, "n": 1048576, "peak": 488.0, "rel_l2": 0.0, "zero_sign_only": 0}, "layer": "/body.5/body.5.0/Conv", "oracle_rounded_by_to_bf16": 0, "oracle_tensor": "/body.5/body.5.1/Relu_output_0", "schedule_differs_from_chained": 0}, {"chained": {"differ": 115, "finite": true, "max_abs": 0.125, "max_abs_peak_ulps": 0.0625, "max_ulp": 64, "n": 1048576, "peak": 266.0, "rel_l2": 9.445557987393063e-06, "zero_sign_only": 0}, "channels": 16, "exact": {"engine_differs": 0, "oracle_differs": 0, "split_engine_exact": 0, "split_neither": 0, "split_oracle_exact": 0}, "isolated": {"differ": 0, "finite": true, "max_abs": 0.0, "max_abs_peak_ulps": 0.0, "max_ulp": 0, "n": 1048576, "peak": 266.0, "rel_l2": 0.0, "zero_sign_only": 0}, "layer": "/body.6/body.6.0/Conv", "oracle_rounded_by_to_bf16": 71254, "oracle_tensor": "/Add_output_0", "schedule_differs_from_chained": 0}, {"chained": {"differ": 118, "finite": true, "max_abs": 0.5, "max_abs_peak_ulps": 0.5, "max_ulp": 31, "n": 786432, "peak": 132.0, "rel_l2": 1.547585288248247e-05, "zero_sign_only": 0}, "channels": 12, "exact": {"engine_differs": 0, "oracle_differs": 0, "split_engine_exact": 0, "split_neither": 0, "split_oracle_exact": 0}, "isolated": {"differ": 0, "finite": true, "max_abs": 0.0, "max_abs_peak_ulps": 0.0, "max_ulp": 0, "n": 786432, "peak": 132.0, "rel_l2": 0.0, "zero_sign_only": 0}, "layer": "/tail/Conv", "oracle_rounded_by_to_bf16": 0, "oracle_tensor": "/tail/Conv_output_0", "schedule_differs_from_chained": 0}], "mac_model": "aligned", "ok": true, "oracle_rounding_changed_a_rounded_tensor": {}, "output": {"differ": 118, "finite": true, "max_abs": 0.5, "max_abs_peak_ulps": 0.5, "max_ulp": 31, "n": 786432, "name": "output", "peak": 132.0, "rel_l2": 1.547585288248247e-05, "rel_l2_engine_vs_model_without_bf16": 0.0016569562346568057, "rel_l2_oracle_vs_model_without_bf16": 0.0016569615504591535, "zero_sign_only": 0}, "schedule_emulated": true}
input scratch/bf16_vs_oracle/butterfly.npy sha256 414acd4987325738  mac model aligned
  layer                  ch | chained: differ    pk   ulp   rel_l2 | isolated: differ    pk  ulp | exact: eng/orc split e/o/- | sched    rnd
  /head/Conv             16 |       0/1048576  0.00     0  0.0e+00 |         0/1048576 0.00    0 |      0/0         0/  0/0   |     0      0
  /body.0/body.0.0/Conv  16 |       0/1048576  0.00     0  0.0e+00 |         0/1048576 0.00    0 |      0/0         0/  0/0   |     0      0
  /body.1/body.1.0/Conv  16 |      10/1048576  0.00     2  1.3e-07 |        10/1048576 0.00    2 |     13/3         0/ 10/0   |     0      0
  /body.2/body.2.0/Conv  16 |       3/1048576  0.00     1  1.2e-08 |         3/1048576 0.00    1 |      3/0         0/  3/0   |     0      0
  /body.3/body.3.0/Conv  16 |       2/1048576  0.25     1  1.3e-05 |         2/1048576 0.25    1 |      2/2         1/  1/0   |     0      0
  /body.4/body.4.0/Conv  16 |      23/1048576  0.12     5  2.8e-05 |         1/1048576 0.00    1 |      2/3         1/  0/0   |     0      0
  /body.5/body.5.0/Conv  16 |       4/1048576  0.12     1  2.3e-05 |         0/1048576 0.00    0 |      0/0         0/  0/0   |     0      0
  /body.6/body.6.0/Conv  16 |       4/1048576  0.06     8  2.0e-06 |         0/1048576 0.00    0 |      0/0         0/  0/0   |     0  81492
  /tail/Conv             12 |       6/786432   1.00     1  8.7e-06 |         1/786432  0.00    1 |      1/0         0/  1/0   |     0      0
  output output: differ 6/786432, max_abs 5.000e-01 = 1.00 ULP of its peak 116.5, max elementwise ulp 1, rel_l2 8.727e-06; against the model without the bf16 step: engine 1.9194e-03, oracle 1.9194e-03
  ok True
BF16_VS_ORACLE {"input": "scratch/bf16_vs_oracle/butterfly.npy sha256 414acd4987325738", "layers": [{"chained": {"differ": 0, "finite": true, "max_abs": 0.0, "max_abs_peak_ulps": 0.0, "max_ulp": 0, "n": 1048576, "peak": 208.0, "rel_l2": 0.0, "zero_sign_only": 0}, "channels": 16, "exact": {"engine_differs": 0, "oracle_differs": 0, "split_engine_exact": 0, "split_neither": 0, "split_oracle_exact": 0}, "isolated": {"differ": 0, "finite": true, "max_abs": 0.0, "max_abs_peak_ulps": 0.0, "max_ulp": 0, "n": 1048576, "peak": 208.0, "rel_l2": 0.0, "zero_sign_only": 0}, "layer": "/head/Conv", "oracle_rounded_by_to_bf16": 0, "oracle_tensor": "/head/Conv_output_0", "schedule_differs_from_chained": 0}, {"chained": {"differ": 0, "finite": true, "max_abs": 0.0, "max_abs_peak_ulps": 0.0, "max_ulp": 0, "n": 1048576, "peak": 400.0, "rel_l2": 0.0, "zero_sign_only": 0}, "channels": 16, "exact": {"engine_differs": 0, "oracle_differs": 0, "split_engine_exact": 0, "split_neither": 0, "split_oracle_exact": 0}, "isolated": {"differ": 0, "finite": true, "max_abs": 0.0, "max_abs_peak_ulps": 0.0, "max_ulp": 0, "n": 1048576, "peak": 400.0, "rel_l2": 0.0, "zero_sign_only": 0}, "layer": "/body.0/body.0.0/Conv", "oracle_rounded_by_to_bf16": 0, "oracle_tensor": "/body.0/body.0.1/Relu_output_0", "schedule_differs_from_chained": 0}, {"chained": {"differ": 10, "finite": true, "max_abs": 0.00390625, "max_abs_peak_ulps": 0.001953125, "max_ulp": 2, "n": 1048576, "peak": 414.0, "rel_l2": 1.2517794526785606e-07, "zero_sign_only": 0}, "channels": 16, "exact": {"engine_differs": 13, "oracle_differs": 3, "split_engine_exact": 0, "split_neither": 0, "split_oracle_exact": 10}, "isolated": {"differ": 10, "finite": true, "max_abs": 0.00390625, "max_abs_peak_ulps": 0.001953125, "max_ulp": 2, "n": 1048576, "peak": 414.0, "rel_l2": 1.2517794526785606e-07, "zero_sign_only": 0}, "layer": "/body.1/body.1.0/Conv", "oracle_rounded_by_to_bf16": 0, "oracle_tensor": "/body.1/body.1.1/Relu_output_0", "schedule_differs_from_chained": 0}, {"chained": {"differ": 3, "finite": true, "max_abs": 0.00048828125, "max_abs_peak_ulps": 0.000244140625, "max_ulp": 1, "n": 1048576, "peak": 436.0, "rel_l2": 1.2305381578944709e-08, "zero_sign_only": 0}, "channels": 16, "exact": {"engine_differs": 3, "oracle_differs": 0, "split_engine_exact": 0, "split_neither": 0, "split_oracle_exact": 3}, "isolated": {"differ": 3, "finite": true, "max_abs": 0.00048828125, "max_abs_peak_ulps": 0.000244140625, "max_ulp": 1, "n": 1048576, "peak": 436.0, "rel_l2": 1.2305381578944709e-08, "zero_sign_only": 0}, "layer": "/body.2/body.2.0/Conv", "oracle_rounded_by_to_bf16": 0, "oracle_tensor": "/body.2/body.2.1/Relu_output_0", "schedule_differs_from_chained": 0}, {"chained": {"differ": 2, "finite": true, "max_abs": 0.5, "max_abs_peak_ulps": 0.25, "max_ulp": 1, "n": 1048576, "peak": 386.0, "rel_l2": 1.2840717308390775e-05, "zero_sign_only": 0}, "channels": 16, "exact": {"engine_differs": 2, "oracle_differs": 2, "split_engine_exact": 1, "split_neither": 0, "split_oracle_exact": 1}, "isolated": {"differ": 2, "finite": true, "max_abs": 0.5, "max_abs_peak_ulps": 0.25, "max_ulp": 1, "n": 1048576, "peak": 386.0, "rel_l2": 1.2840717308390775e-05, "zero_sign_only": 0}, "layer": "/body.3/body.3.0/Conv", "oracle_rounded_by_to_bf16": 0, "oracle_tensor": "/body.3/body.3.1/Relu_output_0", "schedule_differs_from_chained": 0}, {"chained": {"differ": 23, "finite": true, "max_abs": 0.5, "max_abs_peak_ulps": 0.125, "max_ulp": 5, "n": 1048576, "peak": 708.0, "rel_l2": 2.7941677698187704e-05, "zero_sign_only": 0}, "channels": 16, "exact": {"engine_differs": 2, "oracle_differs": 3, "split_engine_exact": 1, "split_neither": 0, "split_oracle_exact": 0}, "isolated": {"differ": 1, "finite": true, "max_abs": 0.015625, "max_abs_peak_ulps": 0.00390625, "max_ulp": 1, "n": 1048576, "peak": 708.0, "rel_l2": 4.211409376515906e-07, "zero_sign_only": 0}, "layer": "/body.4/body.4.0/Conv", "oracle_rounded_by_to_bf16": 0, "oracle_tensor": "/body.4/body.4.1/Relu_output_0", "schedule_differs_from_chained": 0}, {"chained": {"differ": 4, "finite": true, "max_abs": 0.5, "max_abs_peak_ulps": 0.125, "max_ulp": 1, "n": 1048576, "peak": 544.0, "rel_l2": 2.3073855755842562e-05, "zero_sign_only": 0}, "channels": 16, "exact": {"engine_differs": 0, "oracle_differs": 0, "split_engine_exact": 0, "split_neither": 0, "split_oracle_exact": 0}, "isolated": {"differ": 0, "finite": true, "max_abs": 0.0, "max_abs_peak_ulps": 0.0, "max_ulp": 0, "n": 1048576, "peak": 544.0, "rel_l2": 0.0, "zero_sign_only": 0}, "layer": "/body.5/body.5.0/Conv", "oracle_rounded_by_to_bf16": 0, "oracle_tensor": "/body.5/body.5.1/Relu_output_0", "schedule_differs_from_chained": 0}, {"chained": {"differ": 4, "finite": true, "max_abs": 0.0625, "max_abs_peak_ulps": 0.0625, "max_ulp": 8, "n": 1048576, "peak": 208.0, "rel_l2": 1.9826658501842556e-06, "zero_sign_only": 0}, "channels": 16, "exact": {"engine_differs": 0, "oracle_differs": 0, "split_engine_exact": 0, "split_neither": 0, "split_oracle_exact": 0}, "isolated": {"differ": 0, "finite": true, "max_abs": 0.0, "max_abs_peak_ulps": 0.0, "max_ulp": 0, "n": 1048576, "peak": 208.0, "rel_l2": 0.0, "zero_sign_only": 0}, "layer": "/body.6/body.6.0/Conv", "oracle_rounded_by_to_bf16": 81492, "oracle_tensor": "/Add_output_0", "schedule_differs_from_chained": 0}, {"chained": {"differ": 6, "finite": true, "max_abs": 0.5, "max_abs_peak_ulps": 1.0, "max_ulp": 1, "n": 786432, "peak": 116.5, "rel_l2": 8.72736953252591e-06, "zero_sign_only": 0}, "channels": 12, "exact": {"engine_differs": 1, "oracle_differs": 0, "split_engine_exact": 0, "split_neither": 0, "split_oracle_exact": 1}, "isolated": {"differ": 1, "finite": true, "max_abs": 0.00048828125, "max_abs_peak_ulps": 0.0009765625, "max_ulp": 1, "n": 786432, "peak": 116.5, "rel_l2": 8.208097594205703e-09, "zero_sign_only": 0}, "layer": "/tail/Conv", "oracle_rounded_by_to_bf16": 0, "oracle_tensor": "/tail/Conv_output_0", "schedule_differs_from_chained": 0}], "mac_model": "aligned", "ok": true, "oracle_rounding_changed_a_rounded_tensor": {}, "output": {"differ": 6, "finite": true, "max_abs": 0.5, "max_abs_peak_ulps": 1.0, "max_ulp": 1, "n": 786432, "name": "output", "peak": 116.5, "rel_l2": 8.72736953252591e-06, "rel_l2_engine_vs_model_without_bf16": 0.0019194312203785406, "rel_l2_oracle_vs_model_without_bf16": 0.0019194367416923, "zero_sign_only": 0}, "schedule_emulated": true}
input scratch/bf16_vs_oracle/head.npy sha256 2a51baf4bf9b4fd1  mac model aligned
  layer                  ch | chained: differ    pk   ulp   rel_l2 | isolated: differ    pk  ulp | exact: eng/orc split e/o/- | sched    rnd
  /head/Conv             16 |       0/1048576  0.00     0  0.0e+00 |         0/1048576 0.00    0 |      0/0         0/  0/0   |     0      0
  /body.0/body.0.0/Conv  16 |       0/1048576  0.00     0  0.0e+00 |         0/1048576 0.00    0 |      0/0         0/  0/0   |     0      0
  /body.1/body.1.0/Conv  16 |      11/1048576  0.12     8  1.1e-05 |        11/1048576 0.12    8 |     11/4         2/  9/0   |     0      0
  /body.2/body.2.0/Conv  16 |      43/1048576  0.12     6  3.0e-05 |         2/1048576 0.02    1 |      2/0         0/  2/0   |     0      0
  /body.3/body.3.0/Conv  16 |     112/1048576  0.12 15522  4.8e-05 |         0/1048576 0.00    0 |      0/0         0/  0/0   |     0      0
  /body.4/body.4.0/Conv  16 |     164/1048576  0.19    26  1.1e-04 |         0/1048576 0.00    0 |      0/0         0/  0/0   |     0      0
  /body.5/body.5.0/Conv  16 |      51/1048576  0.12     8  8.3e-05 |         0/1048576 0.00    0 |      0/0         0/  0/0   |     0      0
  /body.6/body.6.0/Conv  16 |      61/1048576  0.06 15488  5.5e-06 |         0/1048576 0.00    0 |      0/0         0/  0/0   |     0  66101
  /tail/Conv             12 |      12/786432   0.50    13  1.7e-05 |         0/786432  0.00    0 |      0/0         0/  0/0   |     0      0
  output output: differ 12/786432, max_abs 5.000e-01 = 0.50 ULP of its peak 130, max elementwise ulp 13, rel_l2 1.748e-05; against the model without the bf16 step: engine 1.6466e-03, oracle 1.6466e-03
  ok True
BF16_VS_ORACLE {"input": "scratch/bf16_vs_oracle/head.npy sha256 2a51baf4bf9b4fd1", "layers": [{"chained": {"differ": 0, "finite": true, "max_abs": 0.0, "max_abs_peak_ulps": 0.0, "max_ulp": 0, "n": 1048576, "peak": 226.0, "rel_l2": 0.0, "zero_sign_only": 0}, "channels": 16, "exact": {"engine_differs": 0, "oracle_differs": 0, "split_engine_exact": 0, "split_neither": 0, "split_oracle_exact": 0}, "isolated": {"differ": 0, "finite": true, "max_abs": 0.0, "max_abs_peak_ulps": 0.0, "max_ulp": 0, "n": 1048576, "peak": 226.0, "rel_l2": 0.0, "zero_sign_only": 0}, "layer": "/head/Conv", "oracle_rounded_by_to_bf16": 0, "oracle_tensor": "/head/Conv_output_0", "schedule_differs_from_chained": 0}, {"chained": {"differ": 0, "finite": true, "max_abs": 0.0, "max_abs_peak_ulps": 0.0, "max_ulp": 0, "n": 1048576, "peak": 454.0, "rel_l2": 0.0, "zero_sign_only": 0}, "channels": 16, "exact": {"engine_differs": 0, "oracle_differs": 0, "split_engine_exact": 0, "split_neither": 0, "split_oracle_exact": 0}, "isolated": {"differ": 0, "finite": true, "max_abs": 0.0, "max_abs_peak_ulps": 0.0, "max_ulp": 0, "n": 1048576, "peak": 454.0, "rel_l2": 0.0, "zero_sign_only": 0}, "layer": "/body.0/body.0.0/Conv", "oracle_rounded_by_to_bf16": 0, "oracle_tensor": "/body.0/body.0.1/Relu_output_0", "schedule_differs_from_chained": 0}, {"chained": {"differ": 11, "finite": true, "max_abs": 0.25, "max_abs_peak_ulps": 0.125, "max_ulp": 8, "n": 1048576, "peak": 510.0, "rel_l2": 1.0543402081504304e-05, "zero_sign_only": 0}, "channels": 16, "exact": {"engine_differs": 11, "oracle_differs": 4, "split_engine_exact": 2, "split_neither": 0, "split_oracle_exact": 9}, "isolated": {"differ": 11, "finite": true, "max_abs": 0.25, "max_abs_peak_ulps": 0.125, "max_ulp": 8, "n": 1048576, "peak": 510.0, "rel_l2": 1.0543402081504304e-05, "zero_sign_only": 0}, "layer": "/body.1/body.1.0/Conv", "oracle_rounded_by_to_bf16": 0, "oracle_tensor": "/body.1/body.1.1/Relu_output_0", "schedule_differs_from_chained": 0}, {"chained": {"differ": 43, "finite": true, "max_abs": 0.25, "max_abs_peak_ulps": 0.125, "max_ulp": 6, "n": 1048576, "peak": 476.0, "rel_l2": 2.9786608246654577e-05, "zero_sign_only": 0}, "channels": 16, "exact": {"engine_differs": 2, "oracle_differs": 0, "split_engine_exact": 0, "split_neither": 0, "split_oracle_exact": 2}, "isolated": {"differ": 2, "finite": true, "max_abs": 0.03125, "max_abs_peak_ulps": 0.015625, "max_ulp": 1, "n": 1048576, "peak": 476.0, "rel_l2": 1.3438414598719517e-06, "zero_sign_only": 0}, "layer": "/body.2/body.2.0/Conv", "oracle_rounded_by_to_bf16": 0, "oracle_tensor": "/body.2/body.2.1/Relu_output_0", "schedule_differs_from_chained": 0}, {"chained": {"differ": 112, "finite": true, "max_abs": 0.25, "max_abs_peak_ulps": 0.125, "max_ulp": 15522, "n": 1048576, "peak": 410.0, "rel_l2": 4.830892602007681e-05, "zero_sign_only": 0}, "channels": 16, "exact": {"engine_differs": 0, "oracle_differs": 0, "split_engine_exact": 0, "split_neither": 0, "split_oracle_exact": 0}, "isolated": {"differ": 0, "finite": true, "max_abs": 0.0, "max_abs_peak_ulps": 0.0, "max_ulp": 0, "n": 1048576, "peak": 410.0, "rel_l2": 0.0, "zero_sign_only": 0}, "layer": "/body.3/body.3.0/Conv", "oracle_rounded_by_to_bf16": 0, "oracle_tensor": "/body.3/body.3.1/Relu_output_0", "schedule_differs_from_chained": 0}, {"chained": {"differ": 164, "finite": true, "max_abs": 0.75, "max_abs_peak_ulps": 0.1875, "max_ulp": 26, "n": 1048576, "peak": 656.0, "rel_l2": 0.00011105620018026848, "zero_sign_only": 0}, "channels": 16, "exact": {"engine_differs": 0, "oracle_differs": 0, "split_engine_exact": 0, "split_neither": 0, "split_oracle_exact": 0}, "isolated": {"differ": 0, "finite": true, "max_abs": 0.0, "max_abs_peak_ulps": 0.0, "max_ulp": 0, "n": 1048576, "peak": 656.0, "rel_l2": 0.0, "zero_sign_only": 0}, "layer": "/body.4/body.4.0/Conv", "oracle_rounded_by_to_bf16": 0, "oracle_tensor": "/body.4/body.4.1/Relu_output_0", "schedule_differs_from_chained": 0}, {"chained": {"differ": 51, "finite": true, "max_abs": 0.5, "max_abs_peak_ulps": 0.125, "max_ulp": 8, "n": 1048576, "peak": 720.0, "rel_l2": 8.273614154651812e-05, "zero_sign_only": 0}, "channels": 16, "exact": {"engine_differs": 0, "oracle_differs": 0, "split_engine_exact": 0, "split_neither": 0, "split_oracle_exact": 0}, "isolated": {"differ": 0, "finite": true, "max_abs": 0.0, "max_abs_peak_ulps": 0.0, "max_ulp": 0, "n": 1048576, "peak": 720.0, "rel_l2": 0.0, "zero_sign_only": 0}, "layer": "/body.5/body.5.0/Conv", "oracle_rounded_by_to_bf16": 0, "oracle_tensor": "/body.5/body.5.1/Relu_output_0", "schedule_differs_from_chained": 0}, {"chained": {"differ": 61, "finite": true, "max_abs": 0.0625, "max_abs_peak_ulps": 0.0625, "max_ulp": 15488, "n": 1048576, "peak": 238.0, "rel_l2": 5.47737127550438e-06, "zero_sign_only": 0}, "channels": 16, "exact": {"engine_differs": 0, "oracle_differs": 0, "split_engine_exact": 0, "split_neither": 0, "split_oracle_exact": 0}, "isolated": {"differ": 0, "finite": true, "max_abs": 0.0, "max_abs_peak_ulps": 0.0, "max_ulp": 0, "n": 1048576, "peak": 238.0, "rel_l2": 0.0, "zero_sign_only": 0}, "layer": "/body.6/body.6.0/Conv", "oracle_rounded_by_to_bf16": 66101, "oracle_tensor": "/Add_output_0", "schedule_differs_from_chained": 0}, {"chained": {"differ": 12, "finite": true, "max_abs": 0.5, "max_abs_peak_ulps": 0.5, "max_ulp": 13, "n": 786432, "peak": 130.0, "rel_l2": 1.7482203356578663e-05, "zero_sign_only": 0}, "channels": 12, "exact": {"engine_differs": 0, "oracle_differs": 0, "split_engine_exact": 0, "split_neither": 0, "split_oracle_exact": 0}, "isolated": {"differ": 0, "finite": true, "max_abs": 0.0, "max_abs_peak_ulps": 0.0, "max_ulp": 0, "n": 786432, "peak": 130.0, "rel_l2": 0.0, "zero_sign_only": 0}, "layer": "/tail/Conv", "oracle_rounded_by_to_bf16": 0, "oracle_tensor": "/tail/Conv_output_0", "schedule_differs_from_chained": 0}], "mac_model": "aligned", "ok": true, "oracle_rounding_changed_a_rounded_tensor": {}, "output": {"differ": 12, "finite": true, "max_abs": 0.5, "max_abs_peak_ulps": 0.5, "max_ulp": 13, "n": 786432, "name": "output", "peak": 130.0, "rel_l2": 1.7482203356578663e-05, "rel_l2_engine_vs_model_without_bf16": 0.0016466253287515309, "rel_l2_oracle_vs_model_without_bf16": 0.0016466158066979104, "zero_sign_only": 0}, "schedule_emulated": true}
input scratch/bf16_vs_oracle/woman.npy sha256 22f2db7f22e10697  mac model aligned
  layer                  ch | chained: differ    pk   ulp   rel_l2 | isolated: differ    pk  ulp | exact: eng/orc split e/o/- | sched    rnd
  /head/Conv             16 |       0/1048576  0.00     0  0.0e+00 |         0/1048576 0.00    0 |      0/0         0/  0/0   |     0      0
  /body.0/body.0.0/Conv  16 |       0/1048576  0.00     0  0.0e+00 |         0/1048576 0.00    0 |      0/0         0/  0/0   |     0      0
  /body.1/body.1.0/Conv  16 |      15/1048576  0.02    16  2.8e-06 |        15/1048576 0.02   16 |     16/3         1/ 14/0   |     0      0
  /body.2/body.2.0/Conv  16 |      17/1048576  0.12    64  8.0e-06 |         2/1048576 0.00    1 |      1/1         1/  1/0   |     0      0
  /body.3/body.3.0/Conv  16 |      47/1048576  0.12     4  2.1e-05 |         0/1048576 0.00    0 |      1/1         0/  0/0   |     0      0
  /body.4/body.4.0/Conv  16 |      67/1048576  0.25     4  5.6e-05 |         0/1048576 0.00    0 |      0/0         0/  0/0   |     0      0
  /body.5/body.5.0/Conv  16 |      23/1048576  0.12     1  4.3e-05 |         0/1048576 0.00    0 |      0/0         0/  0/0   |     0      0
  /body.6/body.6.0/Conv  16 |      21/1048576  0.03     4  3.3e-06 |         0/1048576 0.00    0 |      0/0         0/  0/0   |     0  83222
  /tail/Conv             12 |       3/786432   0.25     1  5.4e-06 |         0/786432  0.00    0 |      0/0         0/  0/0   |     0      0
  output output: differ 3/786432, max_abs 2.500e-01 = 0.25 ULP of its peak 135, max elementwise ulp 1, rel_l2 5.401e-06; against the model without the bf16 step: engine 1.6683e-03, oracle 1.6683e-03
  ok True
BF16_VS_ORACLE {"input": "scratch/bf16_vs_oracle/woman.npy sha256 22f2db7f22e10697", "layers": [{"chained": {"differ": 0, "finite": true, "max_abs": 0.0, "max_abs_peak_ulps": 0.0, "max_ulp": 0, "n": 1048576, "peak": 180.0, "rel_l2": 0.0, "zero_sign_only": 0}, "channels": 16, "exact": {"engine_differs": 0, "oracle_differs": 0, "split_engine_exact": 0, "split_neither": 0, "split_oracle_exact": 0}, "isolated": {"differ": 0, "finite": true, "max_abs": 0.0, "max_abs_peak_ulps": 0.0, "max_ulp": 0, "n": 1048576, "peak": 180.0, "rel_l2": 0.0, "zero_sign_only": 0}, "layer": "/head/Conv", "oracle_rounded_by_to_bf16": 0, "oracle_tensor": "/head/Conv_output_0", "schedule_differs_from_chained": 0}, {"chained": {"differ": 0, "finite": true, "max_abs": 0.0, "max_abs_peak_ulps": 0.0, "max_ulp": 0, "n": 1048576, "peak": 446.0, "rel_l2": 0.0, "zero_sign_only": 0}, "channels": 16, "exact": {"engine_differs": 0, "oracle_differs": 0, "split_engine_exact": 0, "split_neither": 0, "split_oracle_exact": 0}, "isolated": {"differ": 0, "finite": true, "max_abs": 0.0, "max_abs_peak_ulps": 0.0, "max_ulp": 0, "n": 1048576, "peak": 446.0, "rel_l2": 0.0, "zero_sign_only": 0}, "layer": "/body.0/body.0.0/Conv", "oracle_rounded_by_to_bf16": 0, "oracle_tensor": "/body.0/body.0.1/Relu_output_0", "schedule_differs_from_chained": 0}, {"chained": {"differ": 15, "finite": true, "max_abs": 0.0625, "max_abs_peak_ulps": 0.015625, "max_ulp": 16, "n": 1048576, "peak": 548.0, "rel_l2": 2.818758409886446e-06, "zero_sign_only": 0}, "channels": 16, "exact": {"engine_differs": 16, "oracle_differs": 3, "split_engine_exact": 1, "split_neither": 0, "split_oracle_exact": 14}, "isolated": {"differ": 15, "finite": true, "max_abs": 0.0625, "max_abs_peak_ulps": 0.015625, "max_ulp": 16, "n": 1048576, "peak": 548.0, "rel_l2": 2.818758409886446e-06, "zero_sign_only": 0}, "layer": "/body.1/body.1.0/Conv", "oracle_rounded_by_to_bf16": 0, "oracle_tensor": "/body.1/body.1.1/Relu_output_0", "schedule_differs_from_chained": 0}, {"chained": {"differ": 17, "finite": true, "max_abs": 0.25, "max_abs_peak_ulps": 0.125, "max_ulp": 64, "n": 1048576, "peak": 476.0, "rel_l2": 8.04346391128407e-06, "zero_sign_only": 0}, "channels": 16, "exact": {"engine_differs": 1, "oracle_differs": 1, "split_engine_exact": 1, "split_neither": 0, "split_oracle_exact": 1}, "isolated": {"differ": 2, "finite": true, "max_abs": 0.00390625, "max_abs_peak_ulps": 0.001953125, "max_ulp": 1, "n": 1048576, "peak": 476.0, "rel_l2": 1.0758746120648601e-07, "zero_sign_only": 0}, "layer": "/body.2/body.2.0/Conv", "oracle_rounded_by_to_bf16": 0, "oracle_tensor": "/body.2/body.2.1/Relu_output_0", "schedule_differs_from_chained": 0}, {"chained": {"differ": 47, "finite": true, "max_abs": 0.25, "max_abs_peak_ulps": 0.125, "max_ulp": 4, "n": 1048576, "peak": 424.0, "rel_l2": 2.051277406192419e-05, "zero_sign_only": 0}, "channels": 16, "exact": {"engine_differs": 1, "oracle_differs": 1, "split_engine_exact": 0, "split_neither": 0, "split_oracle_exact": 0}, "isolated": {"differ": 0, "finite": true, "max_abs": 0.0, "max_abs_peak_ulps": 0.0, "max_ulp": 0, "n": 1048576, "peak": 424.0, "rel_l2": 0.0, "zero_sign_only": 0}, "layer": "/body.3/body.3.0/Conv", "oracle_rounded_by_to_bf16": 0, "oracle_tensor": "/body.3/body.3.1/Relu_output_0", "schedule_differs_from_chained": 0}, {"chained": {"differ": 67, "finite": true, "max_abs": 1.0, "max_abs_peak_ulps": 0.25, "max_ulp": 4, "n": 1048576, "peak": 732.0, "rel_l2": 5.6115422479627665e-05, "zero_sign_only": 0}, "channels": 16, "exact": {"engine_differs": 0, "oracle_differs": 0, "split_engine_exact": 0, "split_neither": 0, "split_oracle_exact": 0}, "isolated": {"differ": 0, "finite": true, "max_abs": 0.0, "max_abs_peak_ulps": 0.0, "max_ulp": 0, "n": 1048576, "peak": 732.0, "rel_l2": 0.0, "zero_sign_only": 0}, "layer": "/body.4/body.4.0/Conv", "oracle_rounded_by_to_bf16": 0, "oracle_tensor": "/body.4/body.4.1/Relu_output_0", "schedule_differs_from_chained": 0}, {"chained": {"differ": 23, "finite": true, "max_abs": 0.5, "max_abs_peak_ulps": 0.125, "max_ulp": 1, "n": 1048576, "peak": 764.0, "rel_l2": 4.279555571298543e-05, "zero_sign_only": 0}, "channels": 16, "exact": {"engine_differs": 0, "oracle_differs": 0, "split_engine_exact": 0, "split_neither": 0, "split_oracle_exact": 0}, "isolated": {"differ": 0, "finite": true, "max_abs": 0.0, "max_abs_peak_ulps": 0.0, "max_ulp": 0, "n": 1048576, "peak": 764.0, "rel_l2": 0.0, "zero_sign_only": 0}, "layer": "/body.5/body.5.0/Conv", "oracle_rounded_by_to_bf16": 0, "oracle_tensor": "/body.5/body.5.1/Relu_output_0", "schedule_differs_from_chained": 0}, {"chained": {"differ": 21, "finite": true, "max_abs": 0.03125, "max_abs_peak_ulps": 0.03125, "max_ulp": 4, "n": 1048576, "peak": 190.0, "rel_l2": 3.2601393053282597e-06, "zero_sign_only": 0}, "channels": 16, "exact": {"engine_differs": 0, "oracle_differs": 0, "split_engine_exact": 0, "split_neither": 0, "split_oracle_exact": 0}, "isolated": {"differ": 0, "finite": true, "max_abs": 0.0, "max_abs_peak_ulps": 0.0, "max_ulp": 0, "n": 1048576, "peak": 190.0, "rel_l2": 0.0, "zero_sign_only": 0}, "layer": "/body.6/body.6.0/Conv", "oracle_rounded_by_to_bf16": 83222, "oracle_tensor": "/Add_output_0", "schedule_differs_from_chained": 0}, {"chained": {"differ": 3, "finite": true, "max_abs": 0.25, "max_abs_peak_ulps": 0.25, "max_ulp": 1, "n": 786432, "peak": 135.0, "rel_l2": 5.4014945882137235e-06, "zero_sign_only": 0}, "channels": 12, "exact": {"engine_differs": 0, "oracle_differs": 0, "split_engine_exact": 0, "split_neither": 0, "split_oracle_exact": 0}, "isolated": {"differ": 0, "finite": true, "max_abs": 0.0, "max_abs_peak_ulps": 0.0, "max_ulp": 0, "n": 786432, "peak": 135.0, "rel_l2": 0.0, "zero_sign_only": 0}, "layer": "/tail/Conv", "oracle_rounded_by_to_bf16": 0, "oracle_tensor": "/tail/Conv_output_0", "schedule_differs_from_chained": 0}], "mac_model": "aligned", "ok": true, "oracle_rounding_changed_a_rounded_tensor": {}, "output": {"differ": 3, "finite": true, "max_abs": 0.25, "max_abs_peak_ulps": 0.25, "max_ulp": 1, "n": 786432, "name": "output", "peak": 135.0, "rel_l2": 5.4014945882137235e-06, "rel_l2_engine_vs_model_without_bf16": 0.0016683442695803288, "rel_l2_oracle_vs_model_without_bf16": 0.0016683474944020088, "zero_sign_only": 0}, "schedule_emulated": true}
input seeded integers [-128,127], seed 0  mac model aligned
  layer                  ch | chained: differ    pk   ulp   rel_l2 | isolated: differ    pk  ulp | exact: eng/orc split e/o/- | sched    rnd
  /head/Conv             16 |       0/1048576  0.00     0  0.0e+00 |         0/1048576 0.00    0 |      0/0         0/  0/0   |     0      0
  /body.0/body.0.0/Conv  16 |       0/1048576  0.00     0  0.0e+00 |         0/1048576 0.00    0 |      0/0         0/  0/0   |     0      0
  /body.1/body.1.0/Conv  16 |       2/1048576  0.00    16  2.4e-07 |         2/1048576 0.00   16 |      1/1         1/  1/0   |     0      0
  /body.2/body.2.0/Conv  16 |       3/1048576  0.01     2  4.0e-07 |         1/1048576 0.00    1 |      2/1         0/  1/0   |     0      0
  /body.3/body.3.0/Conv  16 |       4/1048576  0.25     1  1.2e-05 |         1/1048576 0.00    1 |      3/2         0/  1/0   |     0      0
  /body.4/body.4.0/Conv  16 |      28/1048576  0.25 15744  2.2e-05 |         3/1048576 0.00    1 |      2/1         1/  2/0   |     0      0
  /body.5/body.5.0/Conv  16 |      33/1048576  0.25    93  2.8e-05 |         2/1048576 0.01    1 |      0/2         2/  0/0   |     0      0
  /body.6/body.6.0/Conv  16 |      23/1048576  0.50   128  2.9e-05 |         0/1048576 0.00    0 |      0/0         0/  0/0   |     0 207512
  /tail/Conv             12 |      90/786432   0.50    19  3.4e-05 |         0/786432  0.00    0 |      0/0         0/  0/0   |     0      0
  output output: differ 90/786432, max_abs 1.000e+00 = 0.50 ULP of its peak 318, max elementwise ulp 19, rel_l2 3.438e-05; against the model without the bf16 step: engine 3.0302e-03, oracle 3.0302e-03
  ok True
BF16_VS_ORACLE {"input": "seeded integers [-128,127], seed 0", "layers": [{"chained": {"differ": 0, "finite": true, "max_abs": 0.0, "max_abs_peak_ulps": 0.0, "max_ulp": 0, "n": 1048576, "peak": 600.0, "rel_l2": 0.0, "zero_sign_only": 0}, "channels": 16, "exact": {"engine_differs": 0, "oracle_differs": 0, "split_engine_exact": 0, "split_neither": 0, "split_oracle_exact": 0}, "isolated": {"differ": 0, "finite": true, "max_abs": 0.0, "max_abs_peak_ulps": 0.0, "max_ulp": 0, "n": 1048576, "peak": 600.0, "rel_l2": 0.0, "zero_sign_only": 0}, "layer": "/head/Conv", "oracle_rounded_by_to_bf16": 0, "oracle_tensor": "/head/Conv_output_0", "schedule_differs_from_chained": 0}, {"chained": {"differ": 0, "finite": true, "max_abs": 0.0, "max_abs_peak_ulps": 0.0, "max_ulp": 0, "n": 1048576, "peak": 1272.0, "rel_l2": 0.0, "zero_sign_only": 0}, "channels": 16, "exact": {"engine_differs": 0, "oracle_differs": 0, "split_engine_exact": 0, "split_neither": 0, "split_oracle_exact": 0}, "isolated": {"differ": 0, "finite": true, "max_abs": 0.0, "max_abs_peak_ulps": 0.0, "max_ulp": 0, "n": 1048576, "peak": 1272.0, "rel_l2": 0.0, "zero_sign_only": 0}, "layer": "/body.0/body.0.0/Conv", "oracle_rounded_by_to_bf16": 0, "oracle_tensor": "/body.0/body.0.1/Relu_output_0", "schedule_differs_from_chained": 0}, {"chained": {"differ": 2, "finite": true, "max_abs": 0.0625, "max_abs_peak_ulps": 0.00390625, "max_ulp": 16, "n": 1048576, "peak": 2304.0, "rel_l2": 2.4009819791168227e-07, "zero_sign_only": 0}, "channels": 16, "exact": {"engine_differs": 1, "oracle_differs": 1, "split_engine_exact": 1, "split_neither": 0, "split_oracle_exact": 1}, "isolated": {"differ": 2, "finite": true, "max_abs": 0.0625, "max_abs_peak_ulps": 0.00390625, "max_ulp": 16, "n": 1048576, "peak": 2304.0, "rel_l2": 2.4009819791168227e-07, "zero_sign_only": 0}, "layer": "/body.1/body.1.0/Conv", "oracle_rounded_by_to_bf16": 0, "oracle_tensor": "/body.1/body.1.1/Relu_output_0", "schedule_differs_from_chained": 0}, {"chained": {"differ": 3, "finite": true, "max_abs": 0.125, "max_abs_peak_ulps": 0.0078125, "max_ulp": 2, "n": 1048576, "peak": 2416.0, "rel_l2": 4.0211354837326397e-07, "zero_sign_only": 0}, "channels": 16, "exact": {"engine_differs": 2, "oracle_differs": 1, "split_engine_exact": 0, "split_neither": 0, "split_oracle_exact": 1}, "isolated": {"differ": 1, "finite": true, "max_abs": 3.814697265625e-06, "max_abs_peak_ulps": 2.384185791015625e-07, "max_ulp": 1, "n": 1048576, "peak": 2416.0, "rel_l2": 1.2176769341878564e-11, "zero_sign_only": 0}, "layer": "/body.2/body.2.0/Conv", "oracle_rounded_by_to_bf16": 0, "oracle_tensor": "/body.2/body.2.1/Relu_output_0", "schedule_differs_from_chained": 0}, {"chained": {"differ": 4, "finite": true, "max_abs": 4.0, "max_abs_peak_ulps": 0.25, "max_ulp": 1, "n": 1048576, "peak": 2304.0, "rel_l2": 1.199033069960302e-05, "zero_sign_only": 0}, "channels": 16, "exact": {"engine_differs": 3, "oracle_differs": 2, "split_engine_exact": 0, "split_neither": 0, "split_oracle_exact": 1}, "isolated": {"differ": 1, "finite": true, "max_abs": 0.000244140625, "max_abs_peak_ulps": 1.52587890625e-05, "max_ulp": 1, "n": 1048576, "peak": 2304.0, "rel_l2": 7.303843190765226e-10, "zero_sign_only": 0}, "layer": "/body.3/body.3.0/Conv", "oracle_rounded_by_to_bf16": 0, "oracle_tensor": "/body.3/body.3.1/Relu_output_0", "schedule_differs_from_chained": 0}, {"chained": {"differ": 28, "finite": true, "max_abs": 4.0, "max_abs_peak_ulps": 0.25, "max_ulp": 15744, "n": 1048576, "peak": 3888.0, "rel_l2": 2.1939189180123265e-05, "zero_sign_only": 0}, "channels": 16, "exact": {"engine_differs": 2, "oracle_differs": 1, "split_engine_exact": 1, "split_neither": 0, "split_oracle_exact": 2}, "isolated": {"differ": 3, "finite": true, "max_abs": 0.0625, "max_abs_peak_ulps": 0.00390625, "max_ulp": 1, "n": 1048576, "peak": 3888.0, "rel_l2": 1.4378645650480673e-07, "zero_sign_only": 0}, "layer": "/body.4/body.4.0/Conv", "oracle_rounded_by_to_bf16": 0, "oracle_tensor": "/body.4/body.4.1/Relu_output_0", "schedule_differs_from_chained": 0}, {"chained": {"differ": 33, "finite": true, "max_abs": 8.0, "max_abs_peak_ulps": 0.25, "max_ulp": 93, "n": 1048576, "peak": 4704.0, "rel_l2": 2.7819892097021782e-05, "zero_sign_only": 0}, "channels": 16, "exact": {"engine_differs": 0, "oracle_differs": 2, "split_engine_exact": 2, "split_neither": 0, "split_oracle_exact": 0}, "isolated": {"differ": 2, "finite": true, "max_abs": 0.25, "max_abs_peak_ulps": 0.0078125, "max_ulp": 1, "n": 1048576, "peak": 4704.0, "rel_l2": 5.091975349502893e-07, "zero_sign_only": 0}, "layer": "/body.5/body.5.0/Conv", "oracle_rounded_by_to_bf16": 0, "oracle_tensor": "/body.5/body.5.1/Relu_output_0", "schedule_differs_from_chained": 0}, {"chained": {"differ": 23, "finite": true, "max_abs": 2.0, "max_abs_peak_ulps": 0.5, "max_ulp": 128, "n": 1048576, "peak": 724.0, "rel_l2": 2.8505039690581614e-05, "zero_sign_only": 0}, "channels": 16, "exact": {"engine_differs": 0, "oracle_differs": 0, "split_engine_exact": 0, "split_neither": 0, "split_oracle_exact": 0}, "isolated": {"differ": 0, "finite": true, "max_abs": 0.0, "max_abs_peak_ulps": 0.0, "max_ulp": 0, "n": 1048576, "peak": 724.0, "rel_l2": 0.0, "zero_sign_only": 0}, "layer": "/body.6/body.6.0/Conv", "oracle_rounded_by_to_bf16": 207512, "oracle_tensor": "/Add_output_0", "schedule_differs_from_chained": 0}, {"chained": {"differ": 90, "finite": true, "max_abs": 1.0, "max_abs_peak_ulps": 0.5, "max_ulp": 19, "n": 786432, "peak": 318.0, "rel_l2": 3.4380892436728e-05, "zero_sign_only": 0}, "channels": 12, "exact": {"engine_differs": 0, "oracle_differs": 0, "split_engine_exact": 0, "split_neither": 0, "split_oracle_exact": 0}, "isolated": {"differ": 0, "finite": true, "max_abs": 0.0, "max_abs_peak_ulps": 0.0, "max_ulp": 0, "n": 786432, "peak": 318.0, "rel_l2": 0.0, "zero_sign_only": 0}, "layer": "/tail/Conv", "oracle_rounded_by_to_bf16": 0, "oracle_tensor": "/tail/Conv_output_0", "schedule_differs_from_chained": 0}], "mac_model": "aligned", "ok": true, "oracle_rounding_changed_a_rounded_tensor": {}, "output": {"differ": 90, "finite": true, "max_abs": 1.0, "max_abs_peak_ulps": 0.5, "max_ulp": 19, "n": 786432, "name": "output", "peak": 318.0, "rel_l2": 3.4380892436728e-05, "rel_l2_engine_vs_model_without_bf16": 0.0030302184057167873, "rel_l2_oracle_vs_model_without_bf16": 0.00303021103583096, "zero_sign_only": 0}, "schedule_emulated": true}
BF16_VS_ORACLE_WORST {"all_ok": true, "chained_any_layer": {"differ": 177, "max_abs": 8.0, "max_abs_peak_ulps": 1.0, "max_ulp": 15744, "rel_l2": 0.0001550977775190434}, "isolated_exact_totals": {"engine_differs": 101, "oracle_differs": 39, "split_engine_exact": 18, "split_neither": 0, "split_oracle_exact": 80}, "output": {"differ": 118, "max_abs": 1.0, "max_abs_peak_ulps": 1.0, "max_ulp": 31, "rel_l2": 3.4380892436728e-05}}
RESEARCH_PROCESS_RESULT {"exit_code": 0, "stop": null, "peak_tree_rss_bytes": 406970368, "rss_measurement": "maximum observed across sampled descendant working sets; zero observations reported as null", "elapsed_seconds": 522.0620000000345, "foreign_contention_observed": false, "timing_eligible": false}
