RESEARCH_PLATFORM {"machine": "Desktop 2", "cpu": "AMD Ryzen 7 8700G w/ Radeon 780M Graphics", "os": "Windows-11-10.0.26200-SP0", "ram_bytes": 33381138432, "source_sha256": {"tools/research_process.py": "ffeb1857f190b482eed101b5f5a928f455de26bfa61d23f78a2eacec08e2663e", "tools/quant_calib_alphabet.py": "2dc0b2878c564853f340880209a425dfcf63b8536b2b8e9fd32344daade58d37", "tools/xint8_arithmetic_probe.py": "6aa3df08b9870c3c2264b868459d7ffbac3070dddc1349d7c6f3f480075f7041", "scripts/research-lowlevel.sh": "3455ad7933697936487712665505c216891865c6deada647302785f6e37020bd", "scripts/research-iron.sh": "4c863a262646ddab39b5005006ba8e03809895e6386c6310e2fd9d0a9e9609ee", "kernels/memory_placement/probe.py": "e8d990169ad6091fa1b53852e9f61eff495b5def72d35165a5c5cf1759e38898", "kernels/memory_placement/memory_kernels.cc": "182e7af7071a1e851afb4a7ca266069c489aea1fbaaa85eca129708daeba5ba6", "scripts/research-matrix.sh": "739254171629deae822b0ad7dabc875aee19ace56dde77d3e8aab61663f97516", "kernels/memory_placement/gemm.py": "17c905ad66110d3346bbf0db898dfc6b780df59fae1dfb0c1747057ce1e5844e", "kernels/memory_placement/gemm_placement.cc": "f21acf7250b12914ea30cc1f77613239dfa18421a85a1b9a5199017dd916278a", "tools/research_summary.py": "0c00dcceef07053d06731b41a1f1ed58d3ba4ea09f82497de354ce9cef17da20", "tools/research_toolchain.py": "f0a126a24ae213acfaa43460cfd9def0c86d9cb70cfee0228aa271688467b314"}, "commit": "93b5912164eb0e4d0bc8125279d9d72d263fef67", "command": ["bash", "scripts/research-iron.sh", "tools/bf16_integer_exactness.py", "--all"], "seconds_limit": 300, "rss_gib_limit": 8, "checks_only": true, "free_ram_bytes": 18676617216}
BF16_INT_EXACT_ENV {"grid": 16777216, "nco": 4, "numpy": "2.5.3", "patch": [2, 4], "taps_are": "8 MACs each (one input channel block)"}
BF16_INT_EXACT {"case": "uint8_x_int8", "exact": true, "macs": 32, "max_abs_deviation": 0.0, "peak_abs_sum": 198865, "peak_over_grid": false, "taps": 4}
BF16_INT_EXACT {"case": "uint8_x_int8", "exact": true, "macs": 64, "max_abs_deviation": 0.0, "peak_abs_sum": 168111, "peak_over_grid": false, "taps": 8}
BF16_INT_EXACT {"case": "uint8_x_int8", "exact": true, "macs": 72, "max_abs_deviation": 0.0, "peak_abs_sum": 168127, "peak_over_grid": false, "taps": 9}
BF16_INT_EXACT {"case": "uint8_x_int8", "exact": true, "macs": 288, "max_abs_deviation": 0.0, "peak_abs_sum": 500762, "peak_over_grid": false, "taps": 36}
BF16_INT_EXACT {"case": "uint8_x_int8", "exact": true, "macs": 576, "max_abs_deviation": 0.0, "peak_abs_sum": 747785, "peak_over_grid": false, "taps": 72}
BF16_INT_EXACT {"case": "uint8_x_int8", "exact": true, "macs": 1152, "max_abs_deviation": 0.0, "peak_abs_sum": 1339045, "peak_over_grid": false, "taps": 144}
BF16_INT_EXACT {"case": "uint8_x_int8", "exact": true, "macs": 2304, "max_abs_deviation": 0.0, "peak_abs_sum": 2267720, "peak_over_grid": false, "taps": 288}
BF16_INT_EXACT {"case": "uint8_x_int8", "exact": true, "macs": 4608, "max_abs_deviation": 0.0, "peak_abs_sum": 2288709, "peak_over_grid": false, "taps": 576}
BF16_INT_EXACT {"case": "uint8_x_int8", "exact": true, "macs": 9216, "max_abs_deviation": 0.0, "peak_abs_sum": 3067952, "peak_over_grid": false, "taps": 1152}
BF16_INT_EXACT {"case": "uint8_x_int8", "exact": true, "macs": 18432, "max_abs_deviation": 0.0, "peak_abs_sum": 5035709, "peak_over_grid": false, "taps": 2304}
BF16_INT_EXACT {"case": "int8_x_int8", "exact": true, "macs": 32, "max_abs_deviation": 0.0, "peak_abs_sum": 113258, "peak_over_grid": false, "taps": 4}
BF16_INT_EXACT {"case": "int8_x_int8", "exact": true, "macs": 64, "max_abs_deviation": 0.0, "peak_abs_sum": 153007, "peak_over_grid": false, "taps": 8}
BF16_INT_EXACT {"case": "int8_x_int8", "exact": true, "macs": 72, "max_abs_deviation": 0.0, "peak_abs_sum": 146666, "peak_over_grid": false, "taps": 9}
BF16_INT_EXACT {"case": "int8_x_int8", "exact": true, "macs": 288, "max_abs_deviation": 0.0, "peak_abs_sum": 276247, "peak_over_grid": false, "taps": 36}
BF16_INT_EXACT {"case": "int8_x_int8", "exact": true, "macs": 576, "max_abs_deviation": 0.0, "peak_abs_sum": 419655, "peak_over_grid": false, "taps": 72}
BF16_INT_EXACT {"case": "int8_x_int8", "exact": true, "macs": 1152, "max_abs_deviation": 0.0, "peak_abs_sum": 483166, "peak_over_grid": false, "taps": 144}
BF16_INT_EXACT {"case": "int8_x_int8", "exact": true, "macs": 2304, "max_abs_deviation": 0.0, "peak_abs_sum": 630192, "peak_over_grid": false, "taps": 288}
BF16_INT_EXACT {"case": "int8_x_int8", "exact": true, "macs": 4608, "max_abs_deviation": 0.0, "peak_abs_sum": 1222862, "peak_over_grid": false, "taps": 576}
BF16_INT_EXACT {"case": "int8_x_int8", "exact": true, "macs": 9216, "max_abs_deviation": 0.0, "peak_abs_sum": 1785642, "peak_over_grid": false, "taps": 1152}
BF16_INT_EXACT {"case": "int8_x_int8", "exact": true, "macs": 18432, "max_abs_deviation": 0.0, "peak_abs_sum": 2470632, "peak_over_grid": false, "taps": 2304}
BF16_INT_EXACT {"case": "adversarial_max_same_sign", "exact": true, "macs": 32, "max_abs_deviation": 0.0, "peak_abs_sum": 1036320, "peak_over_grid": false, "taps": 4}
BF16_INT_EXACT {"case": "adversarial_max_same_sign", "exact": true, "macs": 64, "max_abs_deviation": 0.0, "peak_abs_sum": 2072640, "peak_over_grid": false, "taps": 8}
BF16_INT_EXACT {"case": "adversarial_max_same_sign", "exact": true, "macs": 72, "max_abs_deviation": 0.0, "peak_abs_sum": 2331720, "peak_over_grid": false, "taps": 9}
BF16_INT_EXACT {"case": "adversarial_max_same_sign", "exact": true, "macs": 288, "max_abs_deviation": 0.0, "peak_abs_sum": 9326880, "peak_over_grid": false, "taps": 36}
BF16_INT_EXACT {"case": "adversarial_max_same_sign", "exact": false, "macs": 576, "max_abs_deviation": 56.0, "peak_abs_sum": 18653760, "peak_over_grid": true, "taps": 72}
BF16_INT_EXACT {"case": "adversarial_max_same_sign", "exact": false, "macs": 1152, "max_abs_deviation": 632.0, "peak_abs_sum": 37307520, "peak_over_grid": true, "taps": 144}
BF16_INT_EXACT {"case": "adversarial_max_same_sign", "exact": false, "macs": 2304, "max_abs_deviation": 1784.0, "peak_abs_sum": 74615040, "peak_over_grid": true, "taps": 288}
BF16_INT_EXACT {"case": "adversarial_max_same_sign", "exact": false, "macs": 4608, "max_abs_deviation": 4096.0, "peak_abs_sum": 149230080, "peak_over_grid": true, "taps": 576}
BF16_INT_EXACT {"case": "adversarial_max_same_sign", "exact": false, "macs": 9216, "max_abs_deviation": 8704.0, "peak_abs_sum": 298460160, "peak_over_grid": true, "taps": 1152}
BF16_INT_EXACT {"case": "adversarial_max_same_sign", "exact": false, "macs": 18432, "max_abs_deviation": 17920.0, "peak_abs_sum": 596920320, "peak_over_grid": true, "taps": 2304}
BF16_INT_EXACT_VERDICT {"first_adversarial_break": {"macs": 576, "peak_sum": 18653760, "taps": 72}, "grid": 16777216, "largest_sum_still_exact": 9326880, "not_established": "the bf16 OUTPUT STORE carries only 8 significand bits, so an accumulator above 256 needs an epilogue scale to survive it; epilogue() has no output scale today", "rule": "integer operands accumulate exactly while |running sum| < 2^24; the bound is the accumulator grid, not the operand width"}
RESEARCH_PROCESS_RESULT {"exit_code": 0, "stop": null, "peak_tree_rss_bytes": null, "rss_measurement": "maximum observed across sampled descendant working sets; zero observations reported as null", "elapsed_seconds": 1.875, "foreign_contention_observed": false, "timing_eligible": false}
