RESEARCH_PLATFORM {"machine": "Desktop 2", "cpu": "AMD Ryzen 7 8700G w/ Radeon 780M Graphics", "os": "Windows-11-10.0.26200-SP0", "ram_bytes": 33381138432, "source_sha256": {"tools/research_process.py": "ffeb1857f190b482eed101b5f5a928f455de26bfa61d23f78a2eacec08e2663e", "tools/quant_calib_alphabet.py": "2dc0b2878c564853f340880209a425dfcf63b8536b2b8e9fd32344daade58d37", "tools/xint8_arithmetic_probe.py": "6aa3df08b9870c3c2264b868459d7ffbac3070dddc1349d7c6f3f480075f7041", "scripts/research-lowlevel.sh": "3455ad7933697936487712665505c216891865c6deada647302785f6e37020bd", "scripts/research-iron.sh": "4c863a262646ddab39b5005006ba8e03809895e6386c6310e2fd9d0a9e9609ee", "kernels/memory_placement/probe.py": "e8d990169ad6091fa1b53852e9f61eff495b5def72d35165a5c5cf1759e38898", "kernels/memory_placement/memory_kernels.cc": "182e7af7071a1e851afb4a7ca266069c489aea1fbaaa85eca129708daeba5ba6", "scripts/research-matrix.sh": "739254171629deae822b0ad7dabc875aee19ace56dde77d3e8aab61663f97516", "kernels/memory_placement/gemm.py": "17c905ad66110d3346bbf0db898dfc6b780df59fae1dfb0c1747057ce1e5844e", "kernels/memory_placement/gemm_placement.cc": "f21acf7250b12914ea30cc1f77613239dfa18421a85a1b9a5199017dd916278a", "tools/research_summary.py": "0c00dcceef07053d06731b41a1f1ed58d3ba4ea09f82497de354ce9cef17da20", "tools/research_toolchain.py": "f0a126a24ae213acfaa43460cfd9def0c86d9cb70cfee0228aa271688467b314"}, "commit": "87b5f96500b9482293fb89736d9da36225c3dae7", "command": ["bash", "C:/Users/<user>/<tooling>/jobs/ea1557e7/tmp/recount_both.sh"], "seconds_limit": 300, "rss_gib_limit": 8, "checks_only": true, "free_ram_bytes": 18219749376}
=== SESR-M7, narrow: 16 output channels a layer ===
RECOUNT_ENV {"activation_packets": 7436, "bf16_tile_channels": 16, "container": "build/sesr_m7.ignite", "insts_bytes": 144880, "int8_tile_channels": 32, "model": "models/sesr_m7_xint8.onnx", "rounds": 1521}
LAYER {"cin": 3, "cout": 16, "group_ratio": 1.0, "groups_bf16": 1, "groups_int8": 1, "index": 0, "int8_tile_wasted_channels": 16, "k": 5, "name": "/head/Conv", "packets_bf16": 676, "packets_int8": 676, "rounds_bf16": 169, "rounds_int8": 169}
LAYER {"cin": 16, "cout": 16, "group_ratio": 1.0, "groups_bf16": 1, "groups_int8": 1, "index": 1, "int8_tile_wasted_channels": 16, "k": 3, "name": "/body.0/body.0.0/Conv", "packets_bf16": 676, "packets_int8": 676, "rounds_bf16": 169, "rounds_int8": 169}
LAYER {"cin": 16, "cout": 16, "group_ratio": 1.0, "groups_bf16": 1, "groups_int8": 1, "index": 2, "int8_tile_wasted_channels": 16, "k": 3, "name": "/body.1/body.1.0/Conv", "packets_bf16": 676, "packets_int8": 676, "rounds_bf16": 169, "rounds_int8": 169}
LAYER {"cin": 16, "cout": 16, "group_ratio": 1.0, "groups_bf16": 1, "groups_int8": 1, "index": 3, "int8_tile_wasted_channels": 16, "k": 3, "name": "/body.2/body.2.0/Conv", "packets_bf16": 676, "packets_int8": 676, "rounds_bf16": 169, "rounds_int8": 169}
LAYER {"cin": 16, "cout": 16, "group_ratio": 1.0, "groups_bf16": 1, "groups_int8": 1, "index": 4, "int8_tile_wasted_channels": 16, "k": 3, "name": "/body.3/body.3.0/Conv", "packets_bf16": 676, "packets_int8": 676, "rounds_bf16": 169, "rounds_int8": 169}
LAYER {"cin": 16, "cout": 16, "group_ratio": 1.0, "groups_bf16": 1, "groups_int8": 1, "index": 5, "int8_tile_wasted_channels": 16, "k": 3, "name": "/body.4/body.4.0/Conv", "packets_bf16": 676, "packets_int8": 676, "rounds_bf16": 169, "rounds_int8": 169}
LAYER {"cin": 16, "cout": 16, "group_ratio": 1.0, "groups_bf16": 1, "groups_int8": 1, "index": 6, "int8_tile_wasted_channels": 16, "k": 3, "name": "/body.5/body.5.0/Conv", "packets_bf16": 676, "packets_int8": 676, "rounds_bf16": 169, "rounds_int8": 169}
LAYER {"cin": 16, "cout": 16, "group_ratio": 1.0, "groups_bf16": 1, "groups_int8": 1, "index": 7, "int8_tile_wasted_channels": 16, "k": 3, "name": "/body.6/body.6.0/Conv", "packets_bf16": 1352, "packets_int8": 1352, "rounds_bf16": 169, "rounds_int8": 169}
LAYER {"cin": 16, "cout": 12, "group_ratio": 1.0, "groups_bf16": 1, "groups_int8": 1, "index": 8, "int8_tile_wasted_channels": 20, "k": 5, "name": "/tail/Conv", "packets_bf16": 1352, "packets_int8": 1352, "rounds_bf16": 169, "rounds_int8": 169}
ACTIVATION_RECOUNT {"note": "a bf16 activation packet also carries twice the BYTES of an int8 one, so activation DDR traffic scales as this ratio TIMES two; the instruction stream scales as this ratio alone, because a buffer descriptor is one descriptor whatever it carries", "packet_count_ratio": 1.0, "packets_bf16": 7436, "packets_int8": 7436, "rounds_bf16": 1521, "rounds_int8": 1521, "unmatched_layers": []}
VERDICT {"activation_packet_count_ratio": 1.0, "old_estimator_assumed": 1.0, "reading": "bf16 costs this model nothing in activation packet count: every layer is at or below 16 output channels, so one group serves it at either width - and int8 is wasting tile channels here", "understated": false}

=== MODNet-Cut, wide: where the correction should bite ===
RECOUNT_ENV {"activation_packets": 74276, "bf16_tile_channels": 16, "container": "build/modnet_cut_adaround_dense.ignite", "insts_bytes": 2182492, "int8_tile_channels": 32, "model": "models/modnet/modnet_cut_ignition_cle_adaround_c64.onnx", "rounds": 4992}
LAYER {"cin": 3, "cout": 32, "group_ratio": 2.0, "groups_bf16": 2, "groups_int8": 1, "index": 1, "int8_tile_wasted_channels": 0, "k": 3, "name": "/lr_branch/backbone/features.0/features.0.0/Conv", "packets_bf16": 1352, "packets_int8": 676, "rounds_bf16": 338, "rounds_int8": 169}
LAYER {"cin": 32, "cout": 16, "group_ratio": 1.0, "groups_bf16": 1, "groups_int8": 1, "index": 3, "int8_tile_wasted_channels": 16, "k": 1, "name": "/lr_branch/backbone/features.1/conv/conv.3/Conv", "packets_bf16": 676, "packets_int8": 676, "rounds_bf16": 169, "rounds_int8": 169}
LAYER {"cin": 96, "cout": 24, "group_ratio": 2.0, "groups_bf16": 2, "groups_int8": 1, "index": 5, "int8_tile_wasted_channels": 8, "k": 1, "name": "/lr_branch/backbone/features.2/conv/conv.6/Conv", "packets_bf16": 784, "packets_int8": 392, "rounds_bf16": 98, "rounds_int8": 49}
LAYER {"cin": 24, "cout": 144, "group_ratio": 1.8, "groups_bf16": 9, "groups_int8": 5, "index": 6, "int8_tile_wasted_channels": 16, "k": 1, "name": "/lr_branch/backbone/features.3/conv/conv.0/Conv", "packets_bf16": 1764, "packets_int8": 980, "rounds_bf16": 441, "rounds_int8": 245}
LAYER {"cin": 1, "cout": 144, "group_ratio": 1.8, "groups_bf16": 9, "groups_int8": 5, "index": 7, "int8_tile_wasted_channels": 16, "k": 3, "name": "/lr_branch/backbone/features.3/conv/conv.3/Conv", "packets_bf16": 8820, "packets_int8": 4900, "rounds_bf16": 441, "rounds_int8": 245}
LAYER {"cin": 144, "cout": 24, "group_ratio": 2.0, "groups_bf16": 2, "groups_int8": 1, "index": 8, "int8_tile_wasted_channels": 8, "k": 1, "name": "/lr_branch/backbone/features.3/conv/conv.6/Conv", "packets_bf16": 1176, "packets_int8": 588, "rounds_bf16": 98, "rounds_int8": 49}
LAYER {"cin": 24, "cout": 144, "group_ratio": 1.8, "groups_bf16": 9, "groups_int8": 5, "index": 10, "int8_tile_wasted_channels": 16, "k": 1, "name": "/lr_branch/backbone/features.4/conv/conv.0/Conv", "packets_bf16": 1764, "packets_int8": 980, "rounds_bf16": 441, "rounds_int8": 245}
LAYER {"cin": 1, "cout": 144, "group_ratio": 1.8, "groups_bf16": 9, "groups_int8": 5, "index": 11, "int8_tile_wasted_channels": 16, "k": 3, "name": "/lr_branch/backbone/features.4/conv/conv.3/Conv", "packets_bf16": 10368, "packets_int8": 5760, "rounds_bf16": 144, "rounds_int8": 80}
LAYER {"cin": 144, "cout": 32, "group_ratio": 2.0, "groups_bf16": 2, "groups_int8": 1, "index": 12, "int8_tile_wasted_channels": 0, "k": 1, "name": "/lr_branch/backbone/features.4/conv/conv.6/Conv", "packets_bf16": 384, "packets_int8": 192, "rounds_bf16": 32, "rounds_int8": 16}
LAYER {"cin": 32, "cout": 192, "group_ratio": 2.0, "groups_bf16": 12, "groups_int8": 6, "index": 13, "int8_tile_wasted_channels": 0, "k": 1, "name": "/lr_branch/backbone/features.5/conv/conv.0/Conv", "packets_bf16": 768, "packets_int8": 384, "rounds_bf16": 192, "rounds_int8": 96}
LAYER {"cin": 1, "cout": 192, "group_ratio": 2.0, "groups_bf16": 12, "groups_int8": 6, "index": 14, "int8_tile_wasted_channels": 0, "k": 3, "name": "/lr_branch/backbone/features.5/conv/conv.3/Conv", "packets_bf16": 4608, "packets_int8": 2304, "rounds_bf16": 192, "rounds_int8": 96}
LAYER {"cin": 192, "cout": 32, "group_ratio": 2.0, "groups_bf16": 2, "groups_int8": 1, "index": 15, "int8_tile_wasted_channels": 0, "k": 1, "name": "/lr_branch/backbone/features.5/conv/conv.6/Conv", "packets_bf16": 384, "packets_int8": 192, "rounds_bf16": 32, "rounds_int8": 16}
LAYER {"cin": 32, "cout": 192, "group_ratio": 2.0, "groups_bf16": 12, "groups_int8": 6, "index": 17, "int8_tile_wasted_channels": 0, "k": 1, "name": "/lr_branch/backbone/features.6/conv/conv.0/Conv", "packets_bf16": 768, "packets_int8": 384, "rounds_bf16": 192, "rounds_int8": 96}
LAYER {"cin": 1, "cout": 192, "group_ratio": 2.0, "groups_bf16": 12, "groups_int8": 6, "index": 18, "int8_tile_wasted_channels": 0, "k": 3, "name": "/lr_branch/backbone/features.6/conv/conv.3/Conv", "packets_bf16": 4608, "packets_int8": 2304, "rounds_bf16": 192, "rounds_int8": 96}
LAYER {"cin": 192, "cout": 32, "group_ratio": 2.0, "groups_bf16": 2, "groups_int8": 1, "index": 19, "int8_tile_wasted_channels": 0, "k": 1, "name": "/lr_branch/backbone/features.6/conv/conv.6/Conv", "packets_bf16": 384, "packets_int8": 192, "rounds_bf16": 32, "rounds_int8": 16}
LAYER {"cin": 32, "cout": 192, "group_ratio": 2.0, "groups_bf16": 12, "groups_int8": 6, "index": 21, "int8_tile_wasted_channels": 0, "k": 1, "name": "/lr_branch/backbone/features.7/conv/conv.0/Conv", "packets_bf16": 768, "packets_int8": 384, "rounds_bf16": 192, "rounds_int8": 96}
LAYER {"cin": 1, "cout": 192, "group_ratio": 2.0, "groups_bf16": 12, "groups_int8": 6, "index": 22, "int8_tile_wasted_channels": 0, "k": 3, "name": "/lr_branch/backbone/features.7/conv/conv.3/Conv", "packets_bf16": 4608, "packets_int8": 2304, "rounds_bf16": 48, "rounds_int8": 24}
LAYER {"cin": 192, "cout": 64, "group_ratio": 2.0, "groups_bf16": 4, "groups_int8": 2, "index": 23, "int8_tile_wasted_channels": 0, "k": 1, "name": "/lr_branch/backbone/features.7/conv/conv.6/Conv", "packets_bf16": 192, "packets_int8": 96, "rounds_bf16": 16, "rounds_int8": 8}
LAYER {"cin": 64, "cout": 384, "group_ratio": 2.0, "groups_bf16": 24, "groups_int8": 12, "index": 24, "int8_tile_wasted_channels": 0, "k": 1, "name": "/lr_branch/backbone/features.8/conv/conv.0/Conv", "packets_bf16": 384, "packets_int8": 192, "rounds_bf16": 96, "rounds_int8": 48}
LAYER {"cin": 1, "cout": 384, "group_ratio": 2.0, "groups_bf16": 24, "groups_int8": 12, "index": 25, "int8_tile_wasted_channels": 0, "k": 3, "name": "/lr_branch/backbone/features.8/conv/conv.3/Conv", "packets_bf16": 4608, "packets_int8": 2304, "rounds_bf16": 96, "rounds_int8": 48}
LAYER {"cin": 384, "cout": 64, "group_ratio": 2.0, "groups_bf16": 4, "groups_int8": 2, "index": 26, "int8_tile_wasted_channels": 0, "k": 1, "name": "/lr_branch/backbone/features.8/conv/conv.6/Conv", "packets_bf16": 384, "packets_int8": 192, "rounds_bf16": 16, "rounds_int8": 8}
LAYER {"cin": 64, "cout": 384, "group_ratio": 2.0, "groups_bf16": 24, "groups_int8": 12, "index": 28, "int8_tile_wasted_channels": 0, "k": 1, "name": "/lr_branch/backbone/features.9/conv/conv.0/Conv", "packets_bf16": 384, "packets_int8": 192, "rounds_bf16": 96, "rounds_int8": 48}
LAYER {"cin": 1, "cout": 384, "group_ratio": 2.0, "groups_bf16": 24, "groups_int8": 12, "index": 29, "int8_tile_wasted_channels": 0, "k": 3, "name": "/lr_branch/backbone/features.9/conv/conv.3/Conv", "packets_bf16": 4608, "packets_int8": 2304, "rounds_bf16": 96, "rounds_int8": 48}
LAYER {"cin": 384, "cout": 64, "group_ratio": 2.0, "groups_bf16": 4, "groups_int8": 2, "index": 30, "int8_tile_wasted_channels": 0, "k": 1, "name": "/lr_branch/backbone/features.9/conv/conv.6/Conv", "packets_bf16": 384, "packets_int8": 192, "rounds_bf16": 16, "rounds_int8": 8}
LAYER {"cin": 64, "cout": 384, "group_ratio": 2.0, "groups_bf16": 24, "groups_int8": 12, "index": 32, "int8_tile_wasted_channels": 0, "k": 1, "name": "/lr_branch/backbone/features.10/conv/conv.0/Conv", "packets_bf16": 384, "packets_int8": 192, "rounds_bf16": 96, "rounds_int8": 48}
LAYER {"cin": 1, "cout": 384, "group_ratio": 2.0, "groups_bf16": 24, "groups_int8": 12, "index": 33, "int8_tile_wasted_channels": 0, "k": 3, "name": "/lr_branch/backbone/features.10/conv/conv.3/Conv", "packets_bf16": 4608, "packets_int8": 2304, "rounds_bf16": 96, "rounds_int8": 48}
LAYER {"cin": 384, "cout": 64, "group_ratio": 2.0, "groups_bf16": 4, "groups_int8": 2, "index": 34, "int8_tile_wasted_channels": 0, "k": 1, "name": "/lr_branch/backbone/features.10/conv/conv.6/Conv", "packets_bf16": 384, "packets_int8": 192, "rounds_bf16": 16, "rounds_int8": 8}
LAYER {"cin": 64, "cout": 384, "group_ratio": 2.0, "groups_bf16": 24, "groups_int8": 12, "index": 36, "int8_tile_wasted_channels": 0, "k": 1, "name": "/lr_branch/backbone/features.11/conv/conv.0/Conv", "packets_bf16": 384, "packets_int8": 192, "rounds_bf16": 96, "rounds_int8": 48}
LAYER {"cin": 1, "cout": 384, "group_ratio": 2.0, "groups_bf16": 24, "groups_int8": 12, "index": 37, "int8_tile_wasted_channels": 0, "k": 3, "name": "/lr_branch/backbone/features.11/conv/conv.3/Conv", "packets_bf16": 4608, "packets_int8": 2304, "rounds_bf16": 96, "rounds_int8": 48}
LAYER {"cin": 384, "cout": 96, "group_ratio": 2.0, "groups_bf16": 6, "groups_int8": 3, "index": 38, "int8_tile_wasted_channels": 0, "k": 1, "name": "/lr_branch/backbone/features.11/conv/conv.6/Conv", "packets_bf16": 576, "packets_int8": 288, "rounds_bf16": 24, "rounds_int8": 12}
LAYER {"cin": 96, "cout": 576, "group_ratio": 2.0, "groups_bf16": 36, "groups_int8": 18, "index": 39, "int8_tile_wasted_channels": 0, "k": 1, "name": "/lr_branch/backbone/features.12/conv/conv.0/Conv", "packets_bf16": 1152, "packets_int8": 576, "rounds_bf16": 144, "rounds_int8": 72}
LAYER {"cin": 1, "cout": 576, "group_ratio": 2.0, "groups_bf16": 36, "groups_int8": 18, "index": 40, "int8_tile_wasted_channels": 0, "k": 3, "name": "/lr_branch/backbone/features.12/conv/conv.3/Conv", "packets_bf16": 10368, "packets_int8": 5184, "rounds_bf16": 144, "rounds_int8": 72}
LAYER {"cin": 576, "cout": 96, "group_ratio": 2.0, "groups_bf16": 6, "groups_int8": 3, "index": 41, "int8_tile_wasted_channels": 0, "k": 1, "name": "/lr_branch/backbone/features.12/conv/conv.6/Conv", "packets_bf16": 864, "packets_int8": 432, "rounds_bf16": 24, "rounds_int8": 12}
LAYER {"cin": 96, "cout": 576, "group_ratio": 2.0, "groups_bf16": 36, "groups_int8": 18, "index": 43, "int8_tile_wasted_channels": 0, "k": 1, "name": "/lr_branch/backbone/features.13/conv/conv.0/Conv", "packets_bf16": 1152, "packets_int8": 576, "rounds_bf16": 144, "rounds_int8": 72}
LAYER {"cin": 1, "cout": 576, "group_ratio": 2.0, "groups_bf16": 36, "groups_int8": 18, "index": 44, "int8_tile_wasted_channels": 0, "k": 3, "name": "/lr_branch/backbone/features.13/conv/conv.3/Conv", "packets_bf16": 10368, "packets_int8": 5184, "rounds_bf16": 144, "rounds_int8": 72}
LAYER {"cin": 576, "cout": 96, "group_ratio": 2.0, "groups_bf16": 6, "groups_int8": 3, "index": 45, "int8_tile_wasted_channels": 0, "k": 1, "name": "/lr_branch/backbone/features.13/conv/conv.6/Conv", "packets_bf16": 864, "packets_int8": 432, "rounds_bf16": 24, "rounds_int8": 12}
LAYER {"cin": 96, "cout": 576, "group_ratio": 2.0, "groups_bf16": 36, "groups_int8": 18, "index": 47, "int8_tile_wasted_channels": 0, "k": 1, "name": "/lr_branch/backbone/features.14/conv/conv.0/Conv", "packets_bf16": 1152, "packets_int8": 576, "rounds_bf16": 144, "rounds_int8": 72}
LAYER {"cin": 1280, "cout": 96, "group_ratio": 2.0, "groups_bf16": 6, "groups_int8": 3, "index": 49, "int8_tile_wasted_channels": 0, "k": 5, "name": "/lr_branch/conv_lr16x/conv_lr16x.0/Conv", "packets_bf16": 15360, "packets_int8": 7680, "rounds_bf16": 24, "rounds_int8": 12}
LAYER {"cin": 96, "cout": 32, "group_ratio": 2.0, "groups_bf16": 2, "groups_int8": 1, "index": 51, "int8_tile_wasted_channels": 0, "k": 5, "name": "/lr_branch/conv_lr8x/conv_lr8x.0/Conv", "packets_bf16": 1536, "packets_int8": 768, "rounds_bf16": 32, "rounds_int8": 16}
LAYER {"cin": 32, "cout": 32, "group_ratio": 2.0, "groups_bf16": 2, "groups_int8": 1, "index": 53, "int8_tile_wasted_channels": 0, "k": 5, "name": "/f_branch/conv_lr4x/conv_lr4x.0/Conv", "packets_bf16": 1568, "packets_int8": 784, "rounds_bf16": 98, "rounds_int8": 49}
LAYER {"cin": 16, "cout": 32, "group_ratio": 2.0, "groups_bf16": 2, "groups_int8": 1, "index": 55, "int8_tile_wasted_channels": 0, "k": 1, "name": "/hr_branch/tohr_enc2x/tohr_enc2x.0/Conv", "packets_bf16": 1352, "packets_int8": 676, "rounds_bf16": 338, "rounds_int8": 169}
LAYER {"cin": 35, "cout": 32, "group_ratio": 2.0, "groups_bf16": 2, "groups_int8": 1, "index": 57, "int8_tile_wasted_channels": 0, "k": 3, "name": "/hr_branch/conv_enc2x/conv_enc2x.0/Conv", "packets_bf16": 1960, "packets_int8": 980, "rounds_bf16": 98, "rounds_int8": 49}
LAYER {"cin": 24, "cout": 32, "group_ratio": 2.0, "groups_bf16": 2, "groups_int8": 1, "index": 58, "int8_tile_wasted_channels": 0, "k": 1, "name": "/hr_branch/tohr_enc4x/tohr_enc4x.0/Conv", "packets_bf16": 392, "packets_int8": 196, "rounds_bf16": 98, "rounds_int8": 49}
LAYER {"cin": 64, "cout": 64, "group_ratio": 2.0, "groups_bf16": 4, "groups_int8": 2, "index": 60, "int8_tile_wasted_channels": 0, "k": 3, "name": "/hr_branch/conv_enc4x/conv_enc4x.0/Conv", "packets_bf16": 1568, "packets_int8": 784, "rounds_bf16": 196, "rounds_int8": 98}
LAYER {"cin": 99, "cout": 64, "group_ratio": 2.0, "groups_bf16": 4, "groups_int8": 2, "index": 62, "int8_tile_wasted_channels": 0, "k": 3, "name": "/hr_branch/conv_hr4x/conv_hr4x.0/Conv", "packets_bf16": 3136, "packets_int8": 1568, "rounds_bf16": 196, "rounds_int8": 98}
LAYER {"cin": 64, "cout": 64, "group_ratio": 2.0, "groups_bf16": 4, "groups_int8": 2, "index": 63, "int8_tile_wasted_channels": 0, "k": 3, "name": "/hr_branch/conv_hr4x/conv_hr4x.2/Conv", "packets_bf16": 1568, "packets_int8": 784, "rounds_bf16": 196, "rounds_int8": 98}
LAYER {"cin": 64, "cout": 32, "group_ratio": 2.0, "groups_bf16": 2, "groups_int8": 1, "index": 64, "int8_tile_wasted_channels": 0, "k": 3, "name": "/hr_branch/conv_hr4x/conv_hr4x.4/Conv", "packets_bf16": 784, "packets_int8": 392, "rounds_bf16": 98, "rounds_int8": 49}
LAYER {"cin": 64, "cout": 64, "group_ratio": 2.0, "groups_bf16": 4, "groups_int8": 2, "index": 66, "int8_tile_wasted_channels": 0, "k": 3, "name": "/hr_branch/conv_hr2x/conv_hr2x.0/Conv", "packets_bf16": 5408, "packets_int8": 2704, "rounds_bf16": 676, "rounds_int8": 338}
LAYER {"cin": 64, "cout": 32, "group_ratio": 2.0, "groups_bf16": 2, "groups_int8": 1, "index": 67, "int8_tile_wasted_channels": 0, "k": 3, "name": "/hr_branch/conv_hr2x/conv_hr2x.2/Conv", "packets_bf16": 2704, "packets_int8": 1352, "rounds_bf16": 338, "rounds_int8": 169}
LAYER {"cin": 32, "cout": 32, "group_ratio": 2.0, "groups_bf16": 2, "groups_int8": 1, "index": 68, "int8_tile_wasted_channels": 0, "k": 3, "name": "/hr_branch/conv_hr2x/conv_hr2x.4/Conv", "packets_bf16": 1352, "packets_int8": 676, "rounds_bf16": 338, "rounds_int8": 169}
LAYER {"cin": 32, "cout": 32, "group_ratio": 2.0, "groups_bf16": 2, "groups_int8": 1, "index": 69, "int8_tile_wasted_channels": 0, "k": 3, "name": "/hr_branch/conv_hr2x/conv_hr2x.6/Conv", "packets_bf16": 1352, "packets_int8": 676, "rounds_bf16": 338, "rounds_int8": 169}
LAYER {"cin": 64, "cout": 32, "group_ratio": 2.0, "groups_bf16": 2, "groups_int8": 1, "index": 71, "int8_tile_wasted_channels": 0, "k": 3, "name": "/f_branch/conv_f2x/conv_f2x.0/Conv", "packets_bf16": 2704, "packets_int8": 1352, "rounds_bf16": 338, "rounds_int8": 169}
LAYER {"cin": 35, "cout": 16, "group_ratio": 1.0, "groups_bf16": 1, "groups_int8": 1, "index": 73, "int8_tile_wasted_channels": 16, "k": 3, "name": "/f_branch/conv_f/conv_f.0/Conv", "packets_bf16": 5408, "packets_int8": 5408, "rounds_bf16": 676, "rounds_int8": 676}
ACTIVATION_RECOUNT {"note": "a bf16 activation packet also carries twice the BYTES of an int8 one, so activation DDR traffic scales as this ratio TIMES two; the instruction stream scales as this ratio alone, because a buffer descriptor is one descriptor whatever it carries", "packet_count_ratio": 1.884108, "packets_bf16": 139944, "packets_int8": 74276, "rounds_bf16": 8976, "rounds_int8": 4992, "unmatched_layers": ["modnet_cut/host_000", "modnet_cut/host_002", "modnet_cut/host_004", "modnet_cut/host_009", "modnet_cut/host_016", "modnet_cut/host_020", "modnet_cut/host_027", "modnet_cut/host_031", "modnet_cut/host_035", "modnet_cut/host_042", "modnet_cut/host_046", "modnet_cut/host_048", "modnet_cut/host_050", "modnet_cut/host_052", "modnet_cut/host_054", "modnet_cut/host_056", "modnet_cut/host_059", "modnet_cut/host_061", "modnet_cut/host_065", "modnet_cut/host_070", "modnet_cut/host_072", "modnet_cut/host_074"]}
VERDICT {"activation_packet_count_ratio": 1.884108, "old_estimator_assumed": 1.0, "reading": "bf16 needs more groups than int8 on this model, so activation packets multiply on top of their bytes doubling and the old bracket understates the frame", "understated": true}
RESEARCH_PROCESS_RESULT {"exit_code": 0, "stop": null, "peak_tree_rss_bytes": null, "rss_measurement": "maximum observed across sampled descendant working sets; zero observations reported as null", "elapsed_seconds": 1.9849999999860302, "foreign_contention_observed": false, "timing_eligible": false}
