Phoenix DFL decode silicon qualification
date_utc=2026-09-13T15:44:48+00:00
host=DESKTOP-CBL5NUA
command=C:\Users\<user>\mlir-aie\ironenv\Scripts\python.exe tests/test_dfl_kernel.py --hardware --skip-offline --cols 1 --cores-per-col 1 --iters 100 --warmup 10 --log results\aie\dfl_decode_phoenix_probe_1x1_20260913T154447Z.log
shape=1x1 (1 cores)
test_sha256=47d4d5fb741e046635f189cba73bc029ff2c5603a86961061d51cc6ee3d171a5
source_dfl_decode.cc_sha256=d1d84be79b04060a5168f846b49e86f8b492384f62b0ef3779f3ffa892087151
source_dfl_stage.py_sha256=79239e7f49134072bc99ee53d3305e5529f3d863962dd4bf19f9e95509f0e56a
{"active_anchors": 525, "active_cores": 1, "event": "build_identity", "full_design": false, "insts_sha256": "b7c3a1eb039534e4917c4f27dd5bbc28175bc19356035f4cbbd3438620f87e07", "shape": {"cols": 1, "cores_per_col": 1}, "sources": {"dfl_decode.cc": "d1d84be79b04060a5168f846b49e86f8b492384f62b0ef3779f3ffa892087151", "dfl_stage.py": "79239e7f49134072bc99ee53d3305e5529f3d863962dd4bf19f9e95509f0e56a"}, "test_sha256": "47d4d5fb741e046635f189cba73bc029ff2c5603a86961061d51cc6ee3d171a5", "xclbin_sha256": "eec3020760e4d7126d7cb567336308aa168b9a5b77977d171c5a9920533e5413"}
{"dispatches": 114, "distinct_fixtures": 12, "event": "references_ready", "measured_fixture_pool": 8}

-----------------------------
[003d:00:01.1] : NPU Phoenix
-----------------------------
AIE Partitions
  No hardware contexts running on device


HOST_LOAD busy_cores=0.51 logical_cores=16 free_ram_gb=16 sample_sec=1
HOST_LOAD_TOP 0.12 pycharm64:8540 ws_mb=2780
HOST_LOAD_TOP 0.11 Taskmgr:13448 ws_mb=178
HOST_LOAD_TOP 0.09 powershell:34824 ws_mb=81
HOST_LOAD_TOP 0.06 <local-tool>:31940 ws_mb=1218
HOST_LOAD_TOP 0.05 <local-tool>:15092 ws_mb=425
HOST_LOAD_VERDICT CLEAR

{"context_mode": "fresh_per_dispatch", "event": "context_ready", "group_ids": {"1": "0x00140001", "3": "0x00140000", "4": "0x00140000", "5": "0x00140000"}}
{"boxes_max_abs_px": 0.078338623046875, "boxes_max_q4_lsb": 0.15667724609375, "context_mode": "fresh_per_dispatch", "dispatch_wait_us": 51484.0, "event": "comparison", "fixed_boxes_max_abs": 0.004638671875, "fixed_mismatched_values": 1, "fixed_scores_max_abs": 0.0, "index": 0, "mode": "random", "nonfinite_outputs": 0, "parity": "PASS", "role": "correctness", "scores_max_abs": 0.0005570650100708008, "seed": 17, "stray_writes": 0}
{"boxes_max_abs_px": 0.10748291015625, "boxes_max_q4_lsb": 0.2149658203125, "context_mode": "fresh_per_dispatch", "dispatch_wait_us": 51239.9, "event": "comparison", "fixed_boxes_max_abs": 0.0, "fixed_mismatched_values": 0, "fixed_scores_max_abs": 0.0, "index": 1, "mode": "extreme", "nonfinite_outputs": 0, "parity": "PASS", "role": "correctness", "scores_max_abs": 0.0005570650100708008, "seed": 91, "stray_writes": 0}
{"boxes_max_abs_px": 0.0, "boxes_max_q4_lsb": 0.0, "context_mode": "fresh_per_dispatch", "dispatch_wait_us": 51240.9, "event": "comparison", "fixed_boxes_max_abs": 0.0, "fixed_mismatched_values": 0, "fixed_scores_max_abs": 0.0, "index": 2, "mode": "uniform", "nonfinite_outputs": 0, "parity": "PASS", "role": "correctness", "scores_max_abs": 5.3316354751586914e-05, "seed": 123, "stray_writes": 0}
{"boxes_max_abs_px": 0.0132598876953125, "boxes_max_q4_lsb": 0.026519775390625, "context_mode": "fresh_per_dispatch", "dispatch_wait_us": 51215.7, "event": "comparison", "fixed_boxes_max_abs": 0.0, "fixed_mismatched_values": 0, "fixed_scores_max_abs": 0.0, "index": 3, "mode": "ramp", "nonfinite_outputs": 0, "parity": "PASS", "role": "correctness", "scores_max_abs": 0.0005570650100708008, "seed": 7, "stray_writes": 0}
{"boxes_max_abs_px": 0.07350921630859375, "boxes_max_q4_lsb": 0.1470184326171875, "context_mode": "fresh_per_dispatch", "dispatch_wait_us": 51382.5, "event": "comparison", "index": 4, "mode": "random", "nonfinite_outputs": 0, "parity": "PASS", "role": "warmup", "scores_max_abs": 0.0005570650100708008, "seed": 1000, "stray_writes": 0}
{"boxes_max_abs_px": 0.0729827880859375, "boxes_max_q4_lsb": 0.145965576171875, "context_mode": "fresh_per_dispatch", "dispatch_wait_us": 51230.3, "event": "comparison", "index": 5, "mode": "random", "nonfinite_outputs": 0, "parity": "PASS", "role": "warmup", "scores_max_abs": 0.0005570650100708008, "seed": 1001, "stray_writes": 0}
{"boxes_max_abs_px": 0.0848236083984375, "boxes_max_q4_lsb": 0.169647216796875, "context_mode": "fresh_per_dispatch", "dispatch_wait_us": 51441.0, "event": "comparison", "index": 6, "mode": "random", "nonfinite_outputs": 0, "parity": "PASS", "role": "warmup", "scores_max_abs": 0.0005570650100708008, "seed": 1002, "stray_writes": 0}
{"boxes_max_abs_px": 0.073394775390625, "boxes_max_q4_lsb": 0.14678955078125, "context_mode": "fresh_per_dispatch", "dispatch_wait_us": 51285.6, "event": "comparison", "index": 7, "mode": "random", "nonfinite_outputs": 0, "parity": "PASS", "role": "warmup", "scores_max_abs": 0.0005570650100708008, "seed": 1003, "stray_writes": 0}
{"boxes_max_abs_px": 0.0753173828125, "boxes_max_q4_lsb": 0.150634765625, "context_mode": "fresh_per_dispatch", "dispatch_wait_us": 51385.0, "event": "comparison", "index": 8, "mode": "random", "nonfinite_outputs": 0, "parity": "PASS", "role": "warmup", "scores_max_abs": 0.0005570650100708008, "seed": 1004, "stray_writes": 0}
{"boxes_max_abs_px": 0.0721435546875, "boxes_max_q4_lsb": 0.144287109375, "context_mode": "fresh_per_dispatch", "dispatch_wait_us": 51592.8, "event": "comparison", "index": 9, "mode": "random", "nonfinite_outputs": 0, "parity": "PASS", "role": "warmup", "scores_max_abs": 0.0005570650100708008, "seed": 1005, "stray_writes": 0}
{"boxes_max_abs_px": 0.07949066162109375, "boxes_max_q4_lsb": 0.1589813232421875, "context_mode": "fresh_per_dispatch", "dispatch_wait_us": 51309.2, "event": "comparison", "index": 10, "mode": "random", "nonfinite_outputs": 0, "parity": "PASS", "role": "warmup", "scores_max_abs": 0.0005570650100708008, "seed": 1006, "stray_writes": 0}
{"boxes_max_abs_px": 0.082489013671875, "boxes_max_q4_lsb": 0.16497802734375, "context_mode": "fresh_per_dispatch", "dispatch_wait_us": 51241.9, "event": "comparison", "index": 11, "mode": "random", "nonfinite_outputs": 0, "parity": "PASS", "role": "warmup", "scores_max_abs": 0.0005570650100708008, "seed": 1007, "stray_writes": 0}
{"boxes_max_abs_px": 0.07350921630859375, "boxes_max_q4_lsb": 0.1470184326171875, "context_mode": "fresh_per_dispatch", "dispatch_wait_us": 51265.6, "event": "comparison", "index": 12, "mode": "random", "nonfinite_outputs": 0, "parity": "PASS", "role": "warmup", "scores_max_abs": 0.0005570650100708008, "seed": 1000, "stray_writes": 0}
{"boxes_max_abs_px": 0.0729827880859375, "boxes_max_q4_lsb": 0.145965576171875, "context_mode": "fresh_per_dispatch", "dispatch_wait_us": 51330.3, "event": "comparison", "index": 13, "mode": "random", "nonfinite_outputs": 0, "parity": "PASS", "role": "warmup", "scores_max_abs": 0.0005570650100708008, "seed": 1001, "stray_writes": 0}
{"boxes_max_abs_px": 0.07350921630859375, "boxes_max_q4_lsb": 0.1470184326171875, "context_mode": "fresh_per_dispatch", "dispatch_wait_us": 51307.4, "event": "comparison", "index": 14, "mode": "random", "nonfinite_outputs": 0, "parity": "PASS", "role": "measured", "scores_max_abs": 0.0005570650100708008, "seed": 1000, "stray_writes": 0}
{"boxes_max_abs_px": 0.0729827880859375, "boxes_max_q4_lsb": 0.145965576171875, "context_mode": "fresh_per_dispatch", "dispatch_wait_us": 51288.1, "event": "comparison", "index": 15, "mode": "random", "nonfinite_outputs": 0, "parity": "PASS", "role": "measured", "scores_max_abs": 0.0005570650100708008, "seed": 1001, "stray_writes": 0}
{"boxes_max_abs_px": 0.0848236083984375, "boxes_max_q4_lsb": 0.169647216796875, "context_mode": "fresh_per_dispatch", "dispatch_wait_us": 51467.7, "event": "comparison", "index": 16, "mode": "random", "nonfinite_outputs": 0, "parity": "PASS", "role": "measured", "scores_max_abs": 0.0005570650100708008, "seed": 1002, "stray_writes": 0}
{"boxes_max_abs_px": 0.073394775390625, "boxes_max_q4_lsb": 0.14678955078125, "context_mode": "fresh_per_dispatch", "dispatch_wait_us": 51145.7, "event": "comparison", "index": 17, "mode": "random", "nonfinite_outputs": 0, "parity": "PASS", "role": "measured", "scores_max_abs": 0.0005570650100708008, "seed": 1003, "stray_writes": 0}
{"boxes_max_abs_px": 0.0753173828125, "boxes_max_q4_lsb": 0.150634765625, "context_mode": "fresh_per_dispatch", "dispatch_wait_us": 51385.5, "event": "comparison", "index": 18, "mode": "random", "nonfinite_outputs": 0, "parity": "PASS", "role": "measured", "scores_max_abs": 0.0005570650100708008, "seed": 1004, "stray_writes": 0}
{"boxes_max_abs_px": 0.0721435546875, "boxes_max_q4_lsb": 0.144287109375, "context_mode": "fresh_per_dispatch", "dispatch_wait_us": 51272.4, "event": "comparison", "index": 19, "mode": "random", "nonfinite_outputs": 0, "parity": "PASS", "role": "measured", "scores_max_abs": 0.0005570650100708008, "seed": 1005, "stray_writes": 0}
{"boxes_max_abs_px": 0.07949066162109375, "boxes_max_q4_lsb": 0.1589813232421875, "context_mode": "fresh_per_dispatch", "dispatch_wait_us": 51436.0, "event": "comparison", "index": 20, "mode": "random", "nonfinite_outputs": 0, "parity": "PASS", "role": "measured", "scores_max_abs": 0.0005570650100708008, "seed": 1006, "stray_writes": 0}
{"boxes_max_abs_px": 0.082489013671875, "boxes_max_q4_lsb": 0.16497802734375, "context_mode": "fresh_per_dispatch", "dispatch_wait_us": 51300.3, "event": "comparison", "index": 21, "mode": "random", "nonfinite_outputs": 0, "parity": "PASS", "role": "measured", "scores_max_abs": 0.0005570650100708008, "seed": 1007, "stray_writes": 0}
{"boxes_max_abs_px": 0.07350921630859375, "boxes_max_q4_lsb": 0.1470184326171875, "context_mode": "fresh_per_dispatch", "dispatch_wait_us": 51531.8, "event": "comparison", "index": 22, "mode": "random", "nonfinite_outputs": 0, "parity": "PASS", "role": "measured", "scores_max_abs": 0.0005570650100708008, "seed": 1000, "stray_writes": 0}
{"boxes_max_abs_px": 0.0729827880859375, "boxes_max_q4_lsb": 0.145965576171875, "context_mode": "fresh_per_dispatch", "dispatch_wait_us": 51302.4, "event": "comparison", "index": 23, "mode": "random", "nonfinite_outputs": 0, "parity": "PASS", "role": "measured", "scores_max_abs": 0.0005570650100708008, "seed": 1001, "stray_writes": 0}
{"boxes_max_abs_px": 0.0848236083984375, "boxes_max_q4_lsb": 0.169647216796875, "context_mode": "fresh_per_dispatch", "dispatch_wait_us": 51381.5, "event": "comparison", "index": 24, "mode": "random", "nonfinite_outputs": 0, "parity": "PASS", "role": "measured", "scores_max_abs": 0.0005570650100708008, "seed": 1002, "stray_writes": 0}
{"boxes_max_abs_px": 0.073394775390625, "boxes_max_q4_lsb": 0.14678955078125, "context_mode": "fresh_per_dispatch", "dispatch_wait_us": 51163.0, "event": "comparison", "index": 25, "mode": "random", "nonfinite_outputs": 0, "parity": "PASS", "role": "measured", "scores_max_abs": 0.0005570650100708008, "seed": 1003, "stray_writes": 0}
{"boxes_max_abs_px": 0.0753173828125, "boxes_max_q4_lsb": 0.150634765625, "context_mode": "fresh_per_dispatch", "dispatch_wait_us": 51156.7, "event": "comparison", "index": 26, "mode": "random", "nonfinite_outputs": 0, "parity": "PASS", "role": "measured", "scores_max_abs": 0.0005570650100708008, "seed": 1004, "stray_writes": 0}
{"boxes_max_abs_px": 0.0721435546875, "boxes_max_q4_lsb": 0.144287109375, "context_mode": "fresh_per_dispatch", "dispatch_wait_us": 51139.3, "event": "comparison", "index": 27, "mode": "random", "nonfinite_outputs": 0, "parity": "PASS", "role": "measured", "scores_max_abs": 0.0005570650100708008, "seed": 1005, "stray_writes": 0}
{"boxes_max_abs_px": 0.07949066162109375, "boxes_max_q4_lsb": 0.1589813232421875, "context_mode": "fresh_per_dispatch", "dispatch_wait_us": 51097.9, "event": "comparison", "index": 28, "mode": "random", "nonfinite_outputs": 0, "parity": "PASS", "role": "measured", "scores_max_abs": 0.0005570650100708008, "seed": 1006, "stray_writes": 0}
{"boxes_max_abs_px": 0.082489013671875, "boxes_max_q4_lsb": 0.16497802734375, "context_mode": "fresh_per_dispatch", "dispatch_wait_us": 51136.4, "event": "comparison", "index": 29, "mode": "random", "nonfinite_outputs": 0, "parity": "PASS", "role": "measured", "scores_max_abs": 0.0005570650100708008, "seed": 1007, "stray_writes": 0}
{"boxes_max_abs_px": 0.07350921630859375, "boxes_max_q4_lsb": 0.1470184326171875, "context_mode": "fresh_per_dispatch", "dispatch_wait_us": 51177.3, "event": "comparison", "index": 30, "mode": "random", "nonfinite_outputs": 0, "parity": "PASS", "role": "measured", "scores_max_abs": 0.0005570650100708008, "seed": 1000, "stray_writes": 0}
{"boxes_max_abs_px": 0.0729827880859375, "boxes_max_q4_lsb": 0.145965576171875, "context_mode": "fresh_per_dispatch", "dispatch_wait_us": 51442.7, "event": "comparison", "index": 31, "mode": "random", "nonfinite_outputs": 0, "parity": "PASS", "role": "measured", "scores_max_abs": 0.0005570650100708008, "seed": 1001, "stray_writes": 0}
{"boxes_max_abs_px": 0.0848236083984375, "boxes_max_q4_lsb": 0.169647216796875, "context_mode": "fresh_per_dispatch", "dispatch_wait_us": 51094.3, "event": "comparison", "index": 32, "mode": "random", "nonfinite_outputs": 0, "parity": "PASS", "role": "measured", "scores_max_abs": 0.0005570650100708008, "seed": 1002, "stray_writes": 0}
{"boxes_max_abs_px": 0.073394775390625, "boxes_max_q4_lsb": 0.14678955078125, "context_mode": "fresh_per_dispatch", "dispatch_wait_us": 51112.3, "event": "comparison", "index": 33, "mode": "random", "nonfinite_outputs": 0, "parity": "PASS", "role": "measured", "scores_max_abs": 0.0005570650100708008, "seed": 1003, "stray_writes": 0}
{"boxes_max_abs_px": 0.0753173828125, "boxes_max_q4_lsb": 0.150634765625, "context_mode": "fresh_per_dispatch", "dispatch_wait_us": 51191.9, "event": "comparison", "index": 34, "mode": "random", "nonfinite_outputs": 0, "parity": "PASS", "role": "measured", "scores_max_abs": 0.0005570650100708008, "seed": 1004, "stray_writes": 0}
{"boxes_max_abs_px": 0.0721435546875, "boxes_max_q4_lsb": 0.144287109375, "context_mode": "fresh_per_dispatch", "dispatch_wait_us": 51202.0, "event": "comparison", "index": 35, "mode": "random", "nonfinite_outputs": 0, "parity": "PASS", "role": "measured", "scores_max_abs": 0.0005570650100708008, "seed": 1005, "stray_writes": 0}
{"boxes_max_abs_px": 0.07949066162109375, "boxes_max_q4_lsb": 0.1589813232421875, "context_mode": "fresh_per_dispatch", "dispatch_wait_us": 51225.6, "event": "comparison", "index": 36, "mode": "random", "nonfinite_outputs": 0, "parity": "PASS", "role": "measured", "scores_max_abs": 0.0005570650100708008, "seed": 1006, "stray_writes": 0}
{"boxes_max_abs_px": 0.082489013671875, "boxes_max_q4_lsb": 0.16497802734375, "context_mode": "fresh_per_dispatch", "dispatch_wait_us": 51600.8, "event": "comparison", "index": 37, "mode": "random", "nonfinite_outputs": 0, "parity": "PASS", "role": "measured", "scores_max_abs": 0.0005570650100708008, "seed": 1007, "stray_writes": 0}
{"boxes_max_abs_px": 0.07350921630859375, "boxes_max_q4_lsb": 0.1470184326171875, "context_mode": "fresh_per_dispatch", "dispatch_wait_us": 51088.8, "event": "comparison", "index": 38, "mode": "random", "nonfinite_outputs": 0, "parity": "PASS", "role": "measured", "scores_max_abs": 0.0005570650100708008, "seed": 1000, "stray_writes": 0}
{"boxes_max_abs_px": 0.0729827880859375, "boxes_max_q4_lsb": 0.145965576171875, "context_mode": "fresh_per_dispatch", "dispatch_wait_us": 51139.9, "event": "comparison", "index": 39, "mode": "random", "nonfinite_outputs": 0, "parity": "PASS", "role": "measured", "scores_max_abs": 0.0005570650100708008, "seed": 1001, "stray_writes": 0}
{"boxes_max_abs_px": 0.0848236083984375, "boxes_max_q4_lsb": 0.169647216796875, "context_mode": "fresh_per_dispatch", "dispatch_wait_us": 51150.1, "event": "comparison", "index": 40, "mode": "random", "nonfinite_outputs": 0, "parity": "PASS", "role": "measured", "scores_max_abs": 0.0005570650100708008, "seed": 1002, "stray_writes": 0}
{"boxes_max_abs_px": 0.073394775390625, "boxes_max_q4_lsb": 0.14678955078125, "context_mode": "fresh_per_dispatch", "dispatch_wait_us": 51105.5, "event": "comparison", "index": 41, "mode": "random", "nonfinite_outputs": 0, "parity": "PASS", "role": "measured", "scores_max_abs": 0.0005570650100708008, "seed": 1003, "stray_writes": 0}
{"boxes_max_abs_px": 0.0753173828125, "boxes_max_q4_lsb": 0.150634765625, "context_mode": "fresh_per_dispatch", "dispatch_wait_us": 51162.5, "event": "comparison", "index": 42, "mode": "random", "nonfinite_outputs": 0, "parity": "PASS", "role": "measured", "scores_max_abs": 0.0005570650100708008, "seed": 1004, "stray_writes": 0}
{"boxes_max_abs_px": 0.0721435546875, "boxes_max_q4_lsb": 0.144287109375, "context_mode": "fresh_per_dispatch", "dispatch_wait_us": 51169.1, "event": "comparison", "index": 43, "mode": "random", "nonfinite_outputs": 0, "parity": "PASS", "role": "measured", "scores_max_abs": 0.0005570650100708008, "seed": 1005, "stray_writes": 0}
{"boxes_max_abs_px": 0.07949066162109375, "boxes_max_q4_lsb": 0.1589813232421875, "context_mode": "fresh_per_dispatch", "dispatch_wait_us": 51135.3, "event": "comparison", "index": 44, "mode": "random", "nonfinite_outputs": 0, "parity": "PASS", "role": "measured", "scores_max_abs": 0.0005570650100708008, "seed": 1006, "stray_writes": 0}
{"boxes_max_abs_px": 0.082489013671875, "boxes_max_q4_lsb": 0.16497802734375, "context_mode": "fresh_per_dispatch", "dispatch_wait_us": 51097.5, "event": "comparison", "index": 45, "mode": "random", "nonfinite_outputs": 0, "parity": "PASS", "role": "measured", "scores_max_abs": 0.0005570650100708008, "seed": 1007, "stray_writes": 0}
{"boxes_max_abs_px": 0.07350921630859375, "boxes_max_q4_lsb": 0.1470184326171875, "context_mode": "fresh_per_dispatch", "dispatch_wait_us": 51144.7, "event": "comparison", "index": 46, "mode": "random", "nonfinite_outputs": 0, "parity": "PASS", "role": "measured", "scores_max_abs": 0.0005570650100708008, "seed": 1000, "stray_writes": 0}
{"boxes_max_abs_px": 0.0729827880859375, "boxes_max_q4_lsb": 0.145965576171875, "context_mode": "fresh_per_dispatch", "dispatch_wait_us": 51473.0, "event": "comparison", "index": 47, "mode": "random", "nonfinite_outputs": 0, "parity": "PASS", "role": "measured", "scores_max_abs": 0.0005570650100708008, "seed": 1001, "stray_writes": 0}
{"boxes_max_abs_px": 0.0848236083984375, "boxes_max_q4_lsb": 0.169647216796875, "context_mode": "fresh_per_dispatch", "dispatch_wait_us": 51238.7, "event": "comparison", "index": 48, "mode": "random", "nonfinite_outputs": 0, "parity": "PASS", "role": "measured", "scores_max_abs": 0.0005570650100708008, "seed": 1002, "stray_writes": 0}
{"boxes_max_abs_px": 0.073394775390625, "boxes_max_q4_lsb": 0.14678955078125, "context_mode": "fresh_per_dispatch", "dispatch_wait_us": 51140.3, "event": "comparison", "index": 49, "mode": "random", "nonfinite_outputs": 0, "parity": "PASS", "role": "measured", "scores_max_abs": 0.0005570650100708008, "seed": 1003, "stray_writes": 0}
{"boxes_max_abs_px": 0.0753173828125, "boxes_max_q4_lsb": 0.150634765625, "context_mode": "fresh_per_dispatch", "dispatch_wait_us": 51094.4, "event": "comparison", "index": 50, "mode": "random", "nonfinite_outputs": 0, "parity": "PASS", "role": "measured", "scores_max_abs": 0.0005570650100708008, "seed": 1004, "stray_writes": 0}
{"boxes_max_abs_px": 0.0721435546875, "boxes_max_q4_lsb": 0.144287109375, "context_mode": "fresh_per_dispatch", "dispatch_wait_us": 51093.9, "event": "comparison", "index": 51, "mode": "random", "nonfinite_outputs": 0, "parity": "PASS", "role": "measured", "scores_max_abs": 0.0005570650100708008, "seed": 1005, "stray_writes": 0}
{"boxes_max_abs_px": 0.07949066162109375, "boxes_max_q4_lsb": 0.1589813232421875, "context_mode": "fresh_per_dispatch", "dispatch_wait_us": 51129.1, "event": "comparison", "index": 52, "mode": "random", "nonfinite_outputs": 0, "parity": "PASS", "role": "measured", "scores_max_abs": 0.0005570650100708008, "seed": 1006, "stray_writes": 0}
{"boxes_max_abs_px": 0.082489013671875, "boxes_max_q4_lsb": 0.16497802734375, "context_mode": "fresh_per_dispatch", "dispatch_wait_us": 51344.0, "event": "comparison", "index": 53, "mode": "random", "nonfinite_outputs": 0, "parity": "PASS", "role": "measured", "scores_max_abs": 0.0005570650100708008, "seed": 1007, "stray_writes": 0}
{"boxes_max_abs_px": 0.07350921630859375, "boxes_max_q4_lsb": 0.1470184326171875, "context_mode": "fresh_per_dispatch", "dispatch_wait_us": 51168.6, "event": "comparison", "index": 54, "mode": "random", "nonfinite_outputs": 0, "parity": "PASS", "role": "measured", "scores_max_abs": 0.0005570650100708008, "seed": 1000, "stray_writes": 0}
{"boxes_max_abs_px": 0.0729827880859375, "boxes_max_q4_lsb": 0.145965576171875, "context_mode": "fresh_per_dispatch", "dispatch_wait_us": 51157.4, "event": "comparison", "index": 55, "mode": "random", "nonfinite_outputs": 0, "parity": "PASS", "role": "measured", "scores_max_abs": 0.0005570650100708008, "seed": 1001, "stray_writes": 0}
{"boxes_max_abs_px": 0.0848236083984375, "boxes_max_q4_lsb": 0.169647216796875, "context_mode": "fresh_per_dispatch", "dispatch_wait_us": 51142.3, "event": "comparison", "index": 56, "mode": "random", "nonfinite_outputs": 0, "parity": "PASS", "role": "measured", "scores_max_abs": 0.0005570650100708008, "seed": 1002, "stray_writes": 0}
{"boxes_max_abs_px": 0.073394775390625, "boxes_max_q4_lsb": 0.14678955078125, "context_mode": "fresh_per_dispatch", "dispatch_wait_us": 51728.9, "event": "comparison", "index": 57, "mode": "random", "nonfinite_outputs": 0, "parity": "PASS", "role": "measured", "scores_max_abs": 0.0005570650100708008, "seed": 1003, "stray_writes": 0}
{"boxes_max_abs_px": 0.0753173828125, "boxes_max_q4_lsb": 0.150634765625, "context_mode": "fresh_per_dispatch", "dispatch_wait_us": 51126.4, "event": "comparison", "index": 58, "mode": "random", "nonfinite_outputs": 0, "parity": "PASS", "role": "measured", "scores_max_abs": 0.0005570650100708008, "seed": 1004, "stray_writes": 0}
{"boxes_max_abs_px": 0.0721435546875, "boxes_max_q4_lsb": 0.144287109375, "context_mode": "fresh_per_dispatch", "dispatch_wait_us": 51122.1, "event": "comparison", "index": 59, "mode": "random", "nonfinite_outputs": 0, "parity": "PASS", "role": "measured", "scores_max_abs": 0.0005570650100708008, "seed": 1005, "stray_writes": 0}
{"boxes_max_abs_px": 0.07949066162109375, "boxes_max_q4_lsb": 0.1589813232421875, "context_mode": "fresh_per_dispatch", "dispatch_wait_us": 51099.9, "event": "comparison", "index": 60, "mode": "random", "nonfinite_outputs": 0, "parity": "PASS", "role": "measured", "scores_max_abs": 0.0005570650100708008, "seed": 1006, "stray_writes": 0}
{"boxes_max_abs_px": 0.082489013671875, "boxes_max_q4_lsb": 0.16497802734375, "context_mode": "fresh_per_dispatch", "dispatch_wait_us": 51112.9, "event": "comparison", "index": 61, "mode": "random", "nonfinite_outputs": 0, "parity": "PASS", "role": "measured", "scores_max_abs": 0.0005570650100708008, "seed": 1007, "stray_writes": 0}
{"boxes_max_abs_px": 0.07350921630859375, "boxes_max_q4_lsb": 0.1470184326171875, "context_mode": "fresh_per_dispatch", "dispatch_wait_us": 51088.2, "event": "comparison", "index": 62, "mode": "random", "nonfinite_outputs": 0, "parity": "PASS", "role": "measured", "scores_max_abs": 0.0005570650100708008, "seed": 1000, "stray_writes": 0}
{"boxes_max_abs_px": 0.0729827880859375, "boxes_max_q4_lsb": 0.145965576171875, "context_mode": "fresh_per_dispatch", "dispatch_wait_us": 51121.7, "event": "comparison", "index": 63, "mode": "random", "nonfinite_outputs": 0, "parity": "PASS", "role": "measured", "scores_max_abs": 0.0005570650100708008, "seed": 1001, "stray_writes": 0}
{"boxes_max_abs_px": 0.0848236083984375, "boxes_max_q4_lsb": 0.169647216796875, "context_mode": "fresh_per_dispatch", "dispatch_wait_us": 51459.8, "event": "comparison", "index": 64, "mode": "random", "nonfinite_outputs": 0, "parity": "PASS", "role": "measured", "scores_max_abs": 0.0005570650100708008, "seed": 1002, "stray_writes": 0}
{"boxes_max_abs_px": 0.073394775390625, "boxes_max_q4_lsb": 0.14678955078125, "context_mode": "fresh_per_dispatch", "dispatch_wait_us": 51102.5, "event": "comparison", "index": 65, "mode": "random", "nonfinite_outputs": 0, "parity": "PASS", "role": "measured", "scores_max_abs": 0.0005570650100708008, "seed": 1003, "stray_writes": 0}
{"boxes_max_abs_px": 0.0753173828125, "boxes_max_q4_lsb": 0.150634765625, "context_mode": "fresh_per_dispatch", "dispatch_wait_us": 51117.2, "event": "comparison", "index": 66, "mode": "random", "nonfinite_outputs": 0, "parity": "PASS", "role": "measured", "scores_max_abs": 0.0005570650100708008, "seed": 1004, "stray_writes": 0}
{"boxes_max_abs_px": 0.0721435546875, "boxes_max_q4_lsb": 0.144287109375, "context_mode": "fresh_per_dispatch", "dispatch_wait_us": 51077.1, "event": "comparison", "index": 67, "mode": "random", "nonfinite_outputs": 0, "parity": "PASS", "role": "measured", "scores_max_abs": 0.0005570650100708008, "seed": 1005, "stray_writes": 0}
{"boxes_max_abs_px": 0.07949066162109375, "boxes_max_q4_lsb": 0.1589813232421875, "context_mode": "fresh_per_dispatch", "dispatch_wait_us": 51118.0, "event": "comparison", "index": 68, "mode": "random", "nonfinite_outputs": 0, "parity": "PASS", "role": "measured", "scores_max_abs": 0.0005570650100708008, "seed": 1006, "stray_writes": 0}
{"boxes_max_abs_px": 0.082489013671875, "boxes_max_q4_lsb": 0.16497802734375, "context_mode": "fresh_per_dispatch", "dispatch_wait_us": 51121.8, "event": "comparison", "index": 69, "mode": "random", "nonfinite_outputs": 0, "parity": "PASS", "role": "measured", "scores_max_abs": 0.0005570650100708008, "seed": 1007, "stray_writes": 0}
{"boxes_max_abs_px": 0.07350921630859375, "boxes_max_q4_lsb": 0.1470184326171875, "context_mode": "fresh_per_dispatch", "dispatch_wait_us": 51200.0, "event": "comparison", "index": 70, "mode": "random", "nonfinite_outputs": 0, "parity": "PASS", "role": "measured", "scores_max_abs": 0.0005570650100708008, "seed": 1000, "stray_writes": 0}
{"boxes_max_abs_px": 0.0729827880859375, "boxes_max_q4_lsb": 0.145965576171875, "context_mode": "fresh_per_dispatch", "dispatch_wait_us": 51669.4, "event": "comparison", "index": 71, "mode": "random", "nonfinite_outputs": 0, "parity": "PASS", "role": "measured", "scores_max_abs": 0.0005570650100708008, "seed": 1001, "stray_writes": 0}
{"boxes_max_abs_px": 0.0848236083984375, "boxes_max_q4_lsb": 0.169647216796875, "context_mode": "fresh_per_dispatch", "dispatch_wait_us": 51283.5, "event": "comparison", "index": 72, "mode": "random", "nonfinite_outputs": 0, "parity": "PASS", "role": "measured", "scores_max_abs": 0.0005570650100708008, "seed": 1002, "stray_writes": 0}
{"boxes_max_abs_px": 0.073394775390625, "boxes_max_q4_lsb": 0.14678955078125, "context_mode": "fresh_per_dispatch", "dispatch_wait_us": 51247.2, "event": "comparison", "index": 73, "mode": "random", "nonfinite_outputs": 0, "parity": "PASS", "role": "measured", "scores_max_abs": 0.0005570650100708008, "seed": 1003, "stray_writes": 0}
{"boxes_max_abs_px": 0.0753173828125, "boxes_max_q4_lsb": 0.150634765625, "context_mode": "fresh_per_dispatch", "dispatch_wait_us": 51239.5, "event": "comparison", "index": 74, "mode": "random", "nonfinite_outputs": 0, "parity": "PASS", "role": "measured", "scores_max_abs": 0.0005570650100708008, "seed": 1004, "stray_writes": 0}
{"boxes_max_abs_px": 0.0721435546875, "boxes_max_q4_lsb": 0.144287109375, "context_mode": "fresh_per_dispatch", "dispatch_wait_us": 51167.8, "event": "comparison", "index": 75, "mode": "random", "nonfinite_outputs": 0, "parity": "PASS", "role": "measured", "scores_max_abs": 0.0005570650100708008, "seed": 1005, "stray_writes": 0}
{"boxes_max_abs_px": 0.07949066162109375, "boxes_max_q4_lsb": 0.1589813232421875, "context_mode": "fresh_per_dispatch", "dispatch_wait_us": 51186.9, "event": "comparison", "index": 76, "mode": "random", "nonfinite_outputs": 0, "parity": "PASS", "role": "measured", "scores_max_abs": 0.0005570650100708008, "seed": 1006, "stray_writes": 0}
{"boxes_max_abs_px": 0.082489013671875, "boxes_max_q4_lsb": 0.16497802734375, "context_mode": "fresh_per_dispatch", "dispatch_wait_us": 51101.9, "event": "comparison", "index": 77, "mode": "random", "nonfinite_outputs": 0, "parity": "PASS", "role": "measured", "scores_max_abs": 0.0005570650100708008, "seed": 1007, "stray_writes": 0}
{"boxes_max_abs_px": 0.07350921630859375, "boxes_max_q4_lsb": 0.1470184326171875, "context_mode": "fresh_per_dispatch", "dispatch_wait_us": 51128.5, "event": "comparison", "index": 78, "mode": "random", "nonfinite_outputs": 0, "parity": "PASS", "role": "measured", "scores_max_abs": 0.0005570650100708008, "seed": 1000, "stray_writes": 0}
{"boxes_max_abs_px": 0.0729827880859375, "boxes_max_q4_lsb": 0.145965576171875, "context_mode": "fresh_per_dispatch", "dispatch_wait_us": 51091.4, "event": "comparison", "index": 79, "mode": "random", "nonfinite_outputs": 0, "parity": "PASS", "role": "measured", "scores_max_abs": 0.0005570650100708008, "seed": 1001, "stray_writes": 0}
{"boxes_max_abs_px": 0.0848236083984375, "boxes_max_q4_lsb": 0.169647216796875, "context_mode": "fresh_per_dispatch", "dispatch_wait_us": 51128.3, "event": "comparison", "index": 80, "mode": "random", "nonfinite_outputs": 0, "parity": "PASS", "role": "measured", "scores_max_abs": 0.0005570650100708008, "seed": 1002, "stray_writes": 0}
{"boxes_max_abs_px": 0.073394775390625, "boxes_max_q4_lsb": 0.14678955078125, "context_mode": "fresh_per_dispatch", "dispatch_wait_us": 51129.6, "event": "comparison", "index": 81, "mode": "random", "nonfinite_outputs": 0, "parity": "PASS", "role": "measured", "scores_max_abs": 0.0005570650100708008, "seed": 1003, "stray_writes": 0}
{"boxes_max_abs_px": 0.0753173828125, "boxes_max_q4_lsb": 0.150634765625, "context_mode": "fresh_per_dispatch", "dispatch_wait_us": 51559.9, "event": "comparison", "index": 82, "mode": "random", "nonfinite_outputs": 0, "parity": "PASS", "role": "measured", "scores_max_abs": 0.0005570650100708008, "seed": 1004, "stray_writes": 0}
{"boxes_max_abs_px": 0.0721435546875, "boxes_max_q4_lsb": 0.144287109375, "context_mode": "fresh_per_dispatch", "dispatch_wait_us": 51208.7, "event": "comparison", "index": 83, "mode": "random", "nonfinite_outputs": 0, "parity": "PASS", "role": "measured", "scores_max_abs": 0.0005570650100708008, "seed": 1005, "stray_writes": 0}
{"boxes_max_abs_px": 0.07949066162109375, "boxes_max_q4_lsb": 0.1589813232421875, "context_mode": "fresh_per_dispatch", "dispatch_wait_us": 51154.2, "event": "comparison", "index": 84, "mode": "random", "nonfinite_outputs": 0, "parity": "PASS", "role": "measured", "scores_max_abs": 0.0005570650100708008, "seed": 1006, "stray_writes": 0}
{"boxes_max_abs_px": 0.082489013671875, "boxes_max_q4_lsb": 0.16497802734375, "context_mode": "fresh_per_dispatch", "dispatch_wait_us": 51103.4, "event": "comparison", "index": 85, "mode": "random", "nonfinite_outputs": 0, "parity": "PASS", "role": "measured", "scores_max_abs": 0.0005570650100708008, "seed": 1007, "stray_writes": 0}
{"boxes_max_abs_px": 0.07350921630859375, "boxes_max_q4_lsb": 0.1470184326171875, "context_mode": "fresh_per_dispatch", "dispatch_wait_us": 51103.5, "event": "comparison", "index": 86, "mode": "random", "nonfinite_outputs": 0, "parity": "PASS", "role": "measured", "scores_max_abs": 0.0005570650100708008, "seed": 1000, "stray_writes": 0}
{"boxes_max_abs_px": 0.0729827880859375, "boxes_max_q4_lsb": 0.145965576171875, "context_mode": "fresh_per_dispatch", "dispatch_wait_us": 51243.0, "event": "comparison", "index": 87, "mode": "random", "nonfinite_outputs": 0, "parity": "PASS", "role": "measured", "scores_max_abs": 0.0005570650100708008, "seed": 1001, "stray_writes": 0}
{"boxes_max_abs_px": 0.0848236083984375, "boxes_max_q4_lsb": 0.169647216796875, "context_mode": "fresh_per_dispatch", "dispatch_wait_us": 51142.0, "event": "comparison", "index": 88, "mode": "random", "nonfinite_outputs": 0, "parity": "PASS", "role": "measured", "scores_max_abs": 0.0005570650100708008, "seed": 1002, "stray_writes": 0}
{"boxes_max_abs_px": 0.073394775390625, "boxes_max_q4_lsb": 0.14678955078125, "context_mode": "fresh_per_dispatch", "dispatch_wait_us": 51173.5, "event": "comparison", "index": 89, "mode": "random", "nonfinite_outputs": 0, "parity": "PASS", "role": "measured", "scores_max_abs": 0.0005570650100708008, "seed": 1003, "stray_writes": 0}
{"boxes_max_abs_px": 0.0753173828125, "boxes_max_q4_lsb": 0.150634765625, "context_mode": "fresh_per_dispatch", "dispatch_wait_us": 51119.4, "event": "comparison", "index": 90, "mode": "random", "nonfinite_outputs": 0, "parity": "PASS", "role": "measured", "scores_max_abs": 0.0005570650100708008, "seed": 1004, "stray_writes": 0}
{"boxes_max_abs_px": 0.0721435546875, "boxes_max_q4_lsb": 0.144287109375, "context_mode": "fresh_per_dispatch", "dispatch_wait_us": 51254.0, "event": "comparison", "index": 91, "mode": "random", "nonfinite_outputs": 0, "parity": "PASS", "role": "measured", "scores_max_abs": 0.0005570650100708008, "seed": 1005, "stray_writes": 0}
{"boxes_max_abs_px": 0.07949066162109375, "boxes_max_q4_lsb": 0.1589813232421875, "context_mode": "fresh_per_dispatch", "dispatch_wait_us": 51105.0, "event": "comparison", "index": 92, "mode": "random", "nonfinite_outputs": 0, "parity": "PASS", "role": "measured", "scores_max_abs": 0.0005570650100708008, "seed": 1006, "stray_writes": 0}
{"boxes_max_abs_px": 0.082489013671875, "boxes_max_q4_lsb": 0.16497802734375, "context_mode": "fresh_per_dispatch", "dispatch_wait_us": 51100.9, "event": "comparison", "index": 93, "mode": "random", "nonfinite_outputs": 0, "parity": "PASS", "role": "measured", "scores_max_abs": 0.0005570650100708008, "seed": 1007, "stray_writes": 0}
{"boxes_max_abs_px": 0.07350921630859375, "boxes_max_q4_lsb": 0.1470184326171875, "context_mode": "fresh_per_dispatch", "dispatch_wait_us": 51089.1, "event": "comparison", "index": 94, "mode": "random", "nonfinite_outputs": 0, "parity": "PASS", "role": "measured", "scores_max_abs": 0.0005570650100708008, "seed": 1000, "stray_writes": 0}
{"boxes_max_abs_px": 0.0729827880859375, "boxes_max_q4_lsb": 0.145965576171875, "context_mode": "fresh_per_dispatch", "dispatch_wait_us": 51149.7, "event": "comparison", "index": 95, "mode": "random", "nonfinite_outputs": 0, "parity": "PASS", "role": "measured", "scores_max_abs": 0.0005570650100708008, "seed": 1001, "stray_writes": 0}
{"boxes_max_abs_px": 0.0848236083984375, "boxes_max_q4_lsb": 0.169647216796875, "context_mode": "fresh_per_dispatch", "dispatch_wait_us": 51134.6, "event": "comparison", "index": 96, "mode": "random", "nonfinite_outputs": 0, "parity": "PASS", "role": "measured", "scores_max_abs": 0.0005570650100708008, "seed": 1002, "stray_writes": 0}
{"boxes_max_abs_px": 0.073394775390625, "boxes_max_q4_lsb": 0.14678955078125, "context_mode": "fresh_per_dispatch", "dispatch_wait_us": 51127.3, "event": "comparison", "index": 97, "mode": "random", "nonfinite_outputs": 0, "parity": "PASS", "role": "measured", "scores_max_abs": 0.0005570650100708008, "seed": 1003, "stray_writes": 0}
{"boxes_max_abs_px": 0.0753173828125, "boxes_max_q4_lsb": 0.150634765625, "context_mode": "fresh_per_dispatch", "dispatch_wait_us": 51128.5, "event": "comparison", "index": 98, "mode": "random", "nonfinite_outputs": 0, "parity": "PASS", "role": "measured", "scores_max_abs": 0.0005570650100708008, "seed": 1004, "stray_writes": 0}
{"boxes_max_abs_px": 0.0721435546875, "boxes_max_q4_lsb": 0.144287109375, "context_mode": "fresh_per_dispatch", "dispatch_wait_us": 51182.0, "event": "comparison", "index": 99, "mode": "random", "nonfinite_outputs": 0, "parity": "PASS", "role": "measured", "scores_max_abs": 0.0005570650100708008, "seed": 1005, "stray_writes": 0}
{"boxes_max_abs_px": 0.07949066162109375, "boxes_max_q4_lsb": 0.1589813232421875, "context_mode": "fresh_per_dispatch", "dispatch_wait_us": 51151.1, "event": "comparison", "index": 100, "mode": "random", "nonfinite_outputs": 0, "parity": "PASS", "role": "measured", "scores_max_abs": 0.0005570650100708008, "seed": 1006, "stray_writes": 0}
{"boxes_max_abs_px": 0.082489013671875, "boxes_max_q4_lsb": 0.16497802734375, "context_mode": "fresh_per_dispatch", "dispatch_wait_us": 51099.5, "event": "comparison", "index": 101, "mode": "random", "nonfinite_outputs": 0, "parity": "PASS", "role": "measured", "scores_max_abs": 0.0005570650100708008, "seed": 1007, "stray_writes": 0}
{"boxes_max_abs_px": 0.07350921630859375, "boxes_max_q4_lsb": 0.1470184326171875, "context_mode": "fresh_per_dispatch", "dispatch_wait_us": 51248.3, "event": "comparison", "index": 102, "mode": "random", "nonfinite_outputs": 0, "parity": "PASS", "role": "measured", "scores_max_abs": 0.0005570650100708008, "seed": 1000, "stray_writes": 0}
{"boxes_max_abs_px": 0.0729827880859375, "boxes_max_q4_lsb": 0.145965576171875, "context_mode": "fresh_per_dispatch", "dispatch_wait_us": 51110.9, "event": "comparison", "index": 103, "mode": "random", "nonfinite_outputs": 0, "parity": "PASS", "role": "measured", "scores_max_abs": 0.0005570650100708008, "seed": 1001, "stray_writes": 0}
{"boxes_max_abs_px": 0.0848236083984375, "boxes_max_q4_lsb": 0.169647216796875, "context_mode": "fresh_per_dispatch", "dispatch_wait_us": 51152.7, "event": "comparison", "index": 104, "mode": "random", "nonfinite_outputs": 0, "parity": "PASS", "role": "measured", "scores_max_abs": 0.0005570650100708008, "seed": 1002, "stray_writes": 0}
{"boxes_max_abs_px": 0.073394775390625, "boxes_max_q4_lsb": 0.14678955078125, "context_mode": "fresh_per_dispatch", "dispatch_wait_us": 51140.4, "event": "comparison", "index": 105, "mode": "random", "nonfinite_outputs": 0, "parity": "PASS", "role": "measured", "scores_max_abs": 0.0005570650100708008, "seed": 1003, "stray_writes": 0}
{"boxes_max_abs_px": 0.0753173828125, "boxes_max_q4_lsb": 0.150634765625, "context_mode": "fresh_per_dispatch", "dispatch_wait_us": 51220.4, "event": "comparison", "index": 106, "mode": "random", "nonfinite_outputs": 0, "parity": "PASS", "role": "measured", "scores_max_abs": 0.0005570650100708008, "seed": 1004, "stray_writes": 0}
{"boxes_max_abs_px": 0.0721435546875, "boxes_max_q4_lsb": 0.144287109375, "context_mode": "fresh_per_dispatch", "dispatch_wait_us": 51129.0, "event": "comparison", "index": 107, "mode": "random", "nonfinite_outputs": 0, "parity": "PASS", "role": "measured", "scores_max_abs": 0.0005570650100708008, "seed": 1005, "stray_writes": 0}
{"boxes_max_abs_px": 0.07949066162109375, "boxes_max_q4_lsb": 0.1589813232421875, "context_mode": "fresh_per_dispatch", "dispatch_wait_us": 51159.1, "event": "comparison", "index": 108, "mode": "random", "nonfinite_outputs": 0, "parity": "PASS", "role": "measured", "scores_max_abs": 0.0005570650100708008, "seed": 1006, "stray_writes": 0}
{"boxes_max_abs_px": 0.082489013671875, "boxes_max_q4_lsb": 0.16497802734375, "context_mode": "fresh_per_dispatch", "dispatch_wait_us": 51108.8, "event": "comparison", "index": 109, "mode": "random", "nonfinite_outputs": 0, "parity": "PASS", "role": "measured", "scores_max_abs": 0.0005570650100708008, "seed": 1007, "stray_writes": 0}
{"boxes_max_abs_px": 0.07350921630859375, "boxes_max_q4_lsb": 0.1470184326171875, "context_mode": "fresh_per_dispatch", "dispatch_wait_us": 51170.8, "event": "comparison", "index": 110, "mode": "random", "nonfinite_outputs": 0, "parity": "PASS", "role": "measured", "scores_max_abs": 0.0005570650100708008, "seed": 1000, "stray_writes": 0}
{"boxes_max_abs_px": 0.0729827880859375, "boxes_max_q4_lsb": 0.145965576171875, "context_mode": "fresh_per_dispatch", "dispatch_wait_us": 51098.2, "event": "comparison", "index": 111, "mode": "random", "nonfinite_outputs": 0, "parity": "PASS", "role": "measured", "scores_max_abs": 0.0005570650100708008, "seed": 1001, "stray_writes": 0}
{"boxes_max_abs_px": 0.0848236083984375, "boxes_max_q4_lsb": 0.169647216796875, "context_mode": "fresh_per_dispatch", "dispatch_wait_us": 51145.1, "event": "comparison", "index": 112, "mode": "random", "nonfinite_outputs": 0, "parity": "PASS", "role": "measured", "scores_max_abs": 0.0005570650100708008, "seed": 1002, "stray_writes": 0}
{"boxes_max_abs_px": 0.073394775390625, "boxes_max_q4_lsb": 0.14678955078125, "context_mode": "fresh_per_dispatch", "dispatch_wait_us": 51103.6, "event": "comparison", "index": 113, "mode": "random", "nonfinite_outputs": 0, "parity": "PASS", "role": "measured", "scores_max_abs": 0.0005570650100708008, "seed": 1003, "stray_writes": 0}
{"event": "postflight", "no_hardware_contexts": true}
{"active_anchors": 525, "box_tolerance_q4_lsb": 1.0, "boxes_max_abs_px": 0.10748291015625, "boxes_max_q4_lsb": 0.2149658203125, "context_mode": "fresh_per_dispatch", "dispatches_checked": 114, "event": "hardware_result", "fixed_boxes_max_abs": 0.004638671875, "fixed_mismatched_values": 1, "fixed_scores_max_abs": 0.0, "full_design": false, "iterations": 100, "latency_gate": "max of measured dispatch waits below the limit, full 4x4 design only", "latency_limit_us": 300.0, "latency_verdict": "NOT_APPLICABLE", "max_us": 51728.9, "mean_us": 51198.212, "median_us": 51145.399999999994, "min_us": 51077.1, "p95_us": 51475.94, "parity_verdict": "PASS", "score_tolerance": 0.015625, "scores_max_abs": 0.0005570650100708008, "shape": {"cols": 1, "cores_per_col": 1}, "stdev_us": 134.27782391727848, "warmup": 10}
