Phoenix DFL transport floor probe (decode math removed)
date_utc=2026-09-13T15:50:05+00:00
host=DESKTOP-CBL5NUA
command=C:\Users\<user>\mlir-aie\ironenv\Scripts\python.exe tests/test_dfl_transport_floor.py --hardware --cols 4 --cores-per-col 4 --iters 100 --warmup 10 --log results\aie\dfl_decode_phoenix_transport_floor_4x4_20260913T155005Z.log
shape=4x4 (16 cores)
test_sha256=c7e4b9599bc1a74a9e39ee650e4875fc28ac34be4b93382f72b62d88246941f9
harness_sha256=47d4d5fb741e046635f189cba73bc029ff2c5603a86961061d51cc6ee3d171a5
source_dfl_transport_probe.cc_sha256=1107094c9750c2004db975ac6968e05da5edff5b9768c9a7ffc2a2b3c6bc183c
source_dfl_stage.py_sha256=79239e7f49134072bc99ee53d3305e5529f3d863962dd4bf19f9e95509f0e56a
{"active_anchors": 8400, "event": "build_identity", "full_design": true, "harness_sha256": "47d4d5fb741e046635f189cba73bc029ff2c5603a86961061d51cc6ee3d171a5", "insts_sha256": "4be65b3fd16209e1ed5bb8d1d2d0a4e9d8f2cb149e671a2c882043aae8ca1595", "mode": "transport_probe", "shape": {"cols": 4, "cores_per_col": 4}, "sources": {"dfl_stage.py": "79239e7f49134072bc99ee53d3305e5529f3d863962dd4bf19f9e95509f0e56a", "dfl_transport_probe.cc": "1107094c9750c2004db975ac6968e05da5edff5b9768c9a7ffc2a2b3c6bc183c"}, "test_sha256": "c7e4b9599bc1a74a9e39ee650e4875fc28ac34be4b93382f72b62d88246941f9", "xclbin_sha256": "2d62c927ddaf28f0ad3baf5e496e5a6994bf21a9de7ee17b3ca40650b3425daf"}

-----------------------------
[003d:00:01.1] : NPU Phoenix
-----------------------------
AIE Partitions
  No hardware contexts running on device


HOST_LOAD busy_cores=0.41 logical_cores=16 free_ram_gb=16.2 sample_sec=1
HOST_LOAD_TOP 0.11 powershell:17004 ws_mb=81
HOST_LOAD_TOP 0.11 <local-tool>:31940 ws_mb=1249
HOST_LOAD_TOP 0.08 pycharm64:8540 ws_mb=2769
HOST_LOAD_TOP 0.05 <local-tool>:17796 ws_mb=144
HOST_LOAD_TOP 0.02 Taskmgr:13448 ws_mb=179
HOST_LOAD_VERDICT CLEAR

{"box_mismatches": 0, "context_mode": "fresh_per_dispatch", "dispatch_wait_us": 7630.2, "event": "comparison", "index": 0, "mode": "random", "parity": "PASS", "role": "correctness", "score_mismatches": 0, "seed": 17, "stray_writes": 0}
{"box_mismatches": 0, "context_mode": "fresh_per_dispatch", "dispatch_wait_us": 7779.9, "event": "comparison", "index": 1, "mode": "extreme", "parity": "PASS", "role": "correctness", "score_mismatches": 0, "seed": 91, "stray_writes": 0}
{"box_mismatches": 0, "context_mode": "fresh_per_dispatch", "dispatch_wait_us": 5634.0, "event": "comparison", "index": 2, "mode": "uniform", "parity": "PASS", "role": "correctness", "score_mismatches": 0, "seed": 123, "stray_writes": 0}
{"box_mismatches": 0, "context_mode": "fresh_per_dispatch", "dispatch_wait_us": 7588.6, "event": "comparison", "index": 3, "mode": "ramp", "parity": "PASS", "role": "correctness", "score_mismatches": 0, "seed": 7, "stray_writes": 0}
{"box_mismatches": 0, "context_mode": "fresh_per_dispatch", "dispatch_wait_us": 7631.6, "event": "comparison", "index": 4, "mode": "random", "parity": "PASS", "role": "warmup", "score_mismatches": 0, "seed": 1000, "stray_writes": 0}
{"box_mismatches": 0, "context_mode": "fresh_per_dispatch", "dispatch_wait_us": 7601.5, "event": "comparison", "index": 5, "mode": "random", "parity": "PASS", "role": "warmup", "score_mismatches": 0, "seed": 1001, "stray_writes": 0}
{"box_mismatches": 0, "context_mode": "fresh_per_dispatch", "dispatch_wait_us": 7663.6, "event": "comparison", "index": 6, "mode": "random", "parity": "PASS", "role": "warmup", "score_mismatches": 0, "seed": 1002, "stray_writes": 0}
{"box_mismatches": 0, "context_mode": "fresh_per_dispatch", "dispatch_wait_us": 7575.9, "event": "comparison", "index": 7, "mode": "random", "parity": "PASS", "role": "warmup", "score_mismatches": 0, "seed": 1003, "stray_writes": 0}
{"box_mismatches": 0, "context_mode": "fresh_per_dispatch", "dispatch_wait_us": 7590.7, "event": "comparison", "index": 8, "mode": "random", "parity": "PASS", "role": "warmup", "score_mismatches": 0, "seed": 1004, "stray_writes": 0}
{"box_mismatches": 0, "context_mode": "fresh_per_dispatch", "dispatch_wait_us": 7649.5, "event": "comparison", "index": 9, "mode": "random", "parity": "PASS", "role": "warmup", "score_mismatches": 0, "seed": 1005, "stray_writes": 0}
{"box_mismatches": 0, "context_mode": "fresh_per_dispatch", "dispatch_wait_us": 7683.0, "event": "comparison", "index": 10, "mode": "random", "parity": "PASS", "role": "warmup", "score_mismatches": 0, "seed": 1006, "stray_writes": 0}
{"box_mismatches": 0, "context_mode": "fresh_per_dispatch", "dispatch_wait_us": 7681.2, "event": "comparison", "index": 11, "mode": "random", "parity": "PASS", "role": "warmup", "score_mismatches": 0, "seed": 1007, "stray_writes": 0}
{"box_mismatches": 0, "context_mode": "fresh_per_dispatch", "dispatch_wait_us": 7612.4, "event": "comparison", "index": 12, "mode": "random", "parity": "PASS", "role": "warmup", "score_mismatches": 0, "seed": 1000, "stray_writes": 0}
{"box_mismatches": 0, "context_mode": "fresh_per_dispatch", "dispatch_wait_us": 7641.3, "event": "comparison", "index": 13, "mode": "random", "parity": "PASS", "role": "warmup", "score_mismatches": 0, "seed": 1001, "stray_writes": 0}
{"box_mismatches": 0, "context_mode": "fresh_per_dispatch", "dispatch_wait_us": 7607.5, "event": "comparison", "index": 14, "mode": "random", "parity": "PASS", "role": "measured", "score_mismatches": 0, "seed": 1000, "stray_writes": 0}
{"box_mismatches": 0, "context_mode": "fresh_per_dispatch", "dispatch_wait_us": 7600.5, "event": "comparison", "index": 15, "mode": "random", "parity": "PASS", "role": "measured", "score_mismatches": 0, "seed": 1001, "stray_writes": 0}
{"box_mismatches": 0, "context_mode": "fresh_per_dispatch", "dispatch_wait_us": 7610.7, "event": "comparison", "index": 16, "mode": "random", "parity": "PASS", "role": "measured", "score_mismatches": 0, "seed": 1002, "stray_writes": 0}
{"box_mismatches": 0, "context_mode": "fresh_per_dispatch", "dispatch_wait_us": 8289.5, "event": "comparison", "index": 17, "mode": "random", "parity": "PASS", "role": "measured", "score_mismatches": 0, "seed": 1003, "stray_writes": 0}
{"box_mismatches": 0, "context_mode": "fresh_per_dispatch", "dispatch_wait_us": 7685.2, "event": "comparison", "index": 18, "mode": "random", "parity": "PASS", "role": "measured", "score_mismatches": 0, "seed": 1004, "stray_writes": 0}
{"box_mismatches": 0, "context_mode": "fresh_per_dispatch", "dispatch_wait_us": 7549.0, "event": "comparison", "index": 19, "mode": "random", "parity": "PASS", "role": "measured", "score_mismatches": 0, "seed": 1005, "stray_writes": 0}
{"box_mismatches": 0, "context_mode": "fresh_per_dispatch", "dispatch_wait_us": 7654.0, "event": "comparison", "index": 20, "mode": "random", "parity": "PASS", "role": "measured", "score_mismatches": 0, "seed": 1006, "stray_writes": 0}
{"box_mismatches": 0, "context_mode": "fresh_per_dispatch", "dispatch_wait_us": 7596.7, "event": "comparison", "index": 21, "mode": "random", "parity": "PASS", "role": "measured", "score_mismatches": 0, "seed": 1007, "stray_writes": 0}
{"box_mismatches": 0, "context_mode": "fresh_per_dispatch", "dispatch_wait_us": 7559.8, "event": "comparison", "index": 22, "mode": "random", "parity": "PASS", "role": "measured", "score_mismatches": 0, "seed": 1000, "stray_writes": 0}
{"box_mismatches": 0, "context_mode": "fresh_per_dispatch", "dispatch_wait_us": 7590.6, "event": "comparison", "index": 23, "mode": "random", "parity": "PASS", "role": "measured", "score_mismatches": 0, "seed": 1001, "stray_writes": 0}
{"box_mismatches": 0, "context_mode": "fresh_per_dispatch", "dispatch_wait_us": 7922.0, "event": "comparison", "index": 24, "mode": "random", "parity": "PASS", "role": "measured", "score_mismatches": 0, "seed": 1002, "stray_writes": 0}
{"box_mismatches": 0, "context_mode": "fresh_per_dispatch", "dispatch_wait_us": 7645.0, "event": "comparison", "index": 25, "mode": "random", "parity": "PASS", "role": "measured", "score_mismatches": 0, "seed": 1003, "stray_writes": 0}
{"box_mismatches": 0, "context_mode": "fresh_per_dispatch", "dispatch_wait_us": 7692.1, "event": "comparison", "index": 26, "mode": "random", "parity": "PASS", "role": "measured", "score_mismatches": 0, "seed": 1004, "stray_writes": 0}
{"box_mismatches": 0, "context_mode": "fresh_per_dispatch", "dispatch_wait_us": 7700.8, "event": "comparison", "index": 27, "mode": "random", "parity": "PASS", "role": "measured", "score_mismatches": 0, "seed": 1005, "stray_writes": 0}
{"box_mismatches": 0, "context_mode": "fresh_per_dispatch", "dispatch_wait_us": 7656.7, "event": "comparison", "index": 28, "mode": "random", "parity": "PASS", "role": "measured", "score_mismatches": 0, "seed": 1006, "stray_writes": 0}
{"box_mismatches": 0, "context_mode": "fresh_per_dispatch", "dispatch_wait_us": 7702.1, "event": "comparison", "index": 29, "mode": "random", "parity": "PASS", "role": "measured", "score_mismatches": 0, "seed": 1007, "stray_writes": 0}
{"box_mismatches": 0, "context_mode": "fresh_per_dispatch", "dispatch_wait_us": 7562.6, "event": "comparison", "index": 30, "mode": "random", "parity": "PASS", "role": "measured", "score_mismatches": 0, "seed": 1000, "stray_writes": 0}
{"box_mismatches": 0, "context_mode": "fresh_per_dispatch", "dispatch_wait_us": 7740.2, "event": "comparison", "index": 31, "mode": "random", "parity": "PASS", "role": "measured", "score_mismatches": 0, "seed": 1001, "stray_writes": 0}
{"box_mismatches": 0, "context_mode": "fresh_per_dispatch", "dispatch_wait_us": 7731.6, "event": "comparison", "index": 32, "mode": "random", "parity": "PASS", "role": "measured", "score_mismatches": 0, "seed": 1002, "stray_writes": 0}
{"box_mismatches": 0, "context_mode": "fresh_per_dispatch", "dispatch_wait_us": 7566.5, "event": "comparison", "index": 33, "mode": "random", "parity": "PASS", "role": "measured", "score_mismatches": 0, "seed": 1003, "stray_writes": 0}
{"box_mismatches": 0, "context_mode": "fresh_per_dispatch", "dispatch_wait_us": 7574.3, "event": "comparison", "index": 34, "mode": "random", "parity": "PASS", "role": "measured", "score_mismatches": 0, "seed": 1004, "stray_writes": 0}
{"box_mismatches": 0, "context_mode": "fresh_per_dispatch", "dispatch_wait_us": 7603.6, "event": "comparison", "index": 35, "mode": "random", "parity": "PASS", "role": "measured", "score_mismatches": 0, "seed": 1005, "stray_writes": 0}
{"box_mismatches": 0, "context_mode": "fresh_per_dispatch", "dispatch_wait_us": 7692.3, "event": "comparison", "index": 36, "mode": "random", "parity": "PASS", "role": "measured", "score_mismatches": 0, "seed": 1006, "stray_writes": 0}
{"box_mismatches": 0, "context_mode": "fresh_per_dispatch", "dispatch_wait_us": 7557.2, "event": "comparison", "index": 37, "mode": "random", "parity": "PASS", "role": "measured", "score_mismatches": 0, "seed": 1007, "stray_writes": 0}
{"box_mismatches": 0, "context_mode": "fresh_per_dispatch", "dispatch_wait_us": 7543.5, "event": "comparison", "index": 38, "mode": "random", "parity": "PASS", "role": "measured", "score_mismatches": 0, "seed": 1000, "stray_writes": 0}
{"box_mismatches": 0, "context_mode": "fresh_per_dispatch", "dispatch_wait_us": 7561.4, "event": "comparison", "index": 39, "mode": "random", "parity": "PASS", "role": "measured", "score_mismatches": 0, "seed": 1001, "stray_writes": 0}
{"box_mismatches": 0, "context_mode": "fresh_per_dispatch", "dispatch_wait_us": 7552.6, "event": "comparison", "index": 40, "mode": "random", "parity": "PASS", "role": "measured", "score_mismatches": 0, "seed": 1002, "stray_writes": 0}
{"box_mismatches": 0, "context_mode": "fresh_per_dispatch", "dispatch_wait_us": 7582.4, "event": "comparison", "index": 41, "mode": "random", "parity": "PASS", "role": "measured", "score_mismatches": 0, "seed": 1003, "stray_writes": 0}
{"box_mismatches": 0, "context_mode": "fresh_per_dispatch", "dispatch_wait_us": 7604.0, "event": "comparison", "index": 42, "mode": "random", "parity": "PASS", "role": "measured", "score_mismatches": 0, "seed": 1004, "stray_writes": 0}
{"box_mismatches": 0, "context_mode": "fresh_per_dispatch", "dispatch_wait_us": 7608.9, "event": "comparison", "index": 43, "mode": "random", "parity": "PASS", "role": "measured", "score_mismatches": 0, "seed": 1005, "stray_writes": 0}
{"box_mismatches": 0, "context_mode": "fresh_per_dispatch", "dispatch_wait_us": 7586.9, "event": "comparison", "index": 44, "mode": "random", "parity": "PASS", "role": "measured", "score_mismatches": 0, "seed": 1006, "stray_writes": 0}
{"box_mismatches": 0, "context_mode": "fresh_per_dispatch", "dispatch_wait_us": 7662.7, "event": "comparison", "index": 45, "mode": "random", "parity": "PASS", "role": "measured", "score_mismatches": 0, "seed": 1007, "stray_writes": 0}
{"box_mismatches": 0, "context_mode": "fresh_per_dispatch", "dispatch_wait_us": 7545.5, "event": "comparison", "index": 46, "mode": "random", "parity": "PASS", "role": "measured", "score_mismatches": 0, "seed": 1000, "stray_writes": 0}
{"box_mismatches": 0, "context_mode": "fresh_per_dispatch", "dispatch_wait_us": 7599.5, "event": "comparison", "index": 47, "mode": "random", "parity": "PASS", "role": "measured", "score_mismatches": 0, "seed": 1001, "stray_writes": 0}
{"box_mismatches": 0, "context_mode": "fresh_per_dispatch", "dispatch_wait_us": 7545.0, "event": "comparison", "index": 48, "mode": "random", "parity": "PASS", "role": "measured", "score_mismatches": 0, "seed": 1002, "stray_writes": 0}
{"box_mismatches": 0, "context_mode": "fresh_per_dispatch", "dispatch_wait_us": 7823.4, "event": "comparison", "index": 49, "mode": "random", "parity": "PASS", "role": "measured", "score_mismatches": 0, "seed": 1003, "stray_writes": 0}
{"box_mismatches": 0, "context_mode": "fresh_per_dispatch", "dispatch_wait_us": 8144.2, "event": "comparison", "index": 50, "mode": "random", "parity": "PASS", "role": "measured", "score_mismatches": 0, "seed": 1004, "stray_writes": 0}
{"box_mismatches": 0, "context_mode": "fresh_per_dispatch", "dispatch_wait_us": 7570.9, "event": "comparison", "index": 51, "mode": "random", "parity": "PASS", "role": "measured", "score_mismatches": 0, "seed": 1005, "stray_writes": 0}
{"box_mismatches": 0, "context_mode": "fresh_per_dispatch", "dispatch_wait_us": 7602.7, "event": "comparison", "index": 52, "mode": "random", "parity": "PASS", "role": "measured", "score_mismatches": 0, "seed": 1006, "stray_writes": 0}
{"box_mismatches": 0, "context_mode": "fresh_per_dispatch", "dispatch_wait_us": 7575.2, "event": "comparison", "index": 53, "mode": "random", "parity": "PASS", "role": "measured", "score_mismatches": 0, "seed": 1007, "stray_writes": 0}
{"box_mismatches": 0, "context_mode": "fresh_per_dispatch", "dispatch_wait_us": 7540.5, "event": "comparison", "index": 54, "mode": "random", "parity": "PASS", "role": "measured", "score_mismatches": 0, "seed": 1000, "stray_writes": 0}
{"box_mismatches": 0, "context_mode": "fresh_per_dispatch", "dispatch_wait_us": 7546.2, "event": "comparison", "index": 55, "mode": "random", "parity": "PASS", "role": "measured", "score_mismatches": 0, "seed": 1001, "stray_writes": 0}
{"box_mismatches": 0, "context_mode": "fresh_per_dispatch", "dispatch_wait_us": 7671.9, "event": "comparison", "index": 56, "mode": "random", "parity": "PASS", "role": "measured", "score_mismatches": 0, "seed": 1002, "stray_writes": 0}
{"box_mismatches": 0, "context_mode": "fresh_per_dispatch", "dispatch_wait_us": 7718.1, "event": "comparison", "index": 57, "mode": "random", "parity": "PASS", "role": "measured", "score_mismatches": 0, "seed": 1003, "stray_writes": 0}
{"box_mismatches": 0, "context_mode": "fresh_per_dispatch", "dispatch_wait_us": 7580.9, "event": "comparison", "index": 58, "mode": "random", "parity": "PASS", "role": "measured", "score_mismatches": 0, "seed": 1004, "stray_writes": 0}
{"box_mismatches": 0, "context_mode": "fresh_per_dispatch", "dispatch_wait_us": 7596.1, "event": "comparison", "index": 59, "mode": "random", "parity": "PASS", "role": "measured", "score_mismatches": 0, "seed": 1005, "stray_writes": 0}
{"box_mismatches": 0, "context_mode": "fresh_per_dispatch", "dispatch_wait_us": 7542.4, "event": "comparison", "index": 60, "mode": "random", "parity": "PASS", "role": "measured", "score_mismatches": 0, "seed": 1006, "stray_writes": 0}
{"box_mismatches": 0, "context_mode": "fresh_per_dispatch", "dispatch_wait_us": 7612.6, "event": "comparison", "index": 61, "mode": "random", "parity": "PASS", "role": "measured", "score_mismatches": 0, "seed": 1007, "stray_writes": 0}
{"box_mismatches": 0, "context_mode": "fresh_per_dispatch", "dispatch_wait_us": 7539.6, "event": "comparison", "index": 62, "mode": "random", "parity": "PASS", "role": "measured", "score_mismatches": 0, "seed": 1000, "stray_writes": 0}
{"box_mismatches": 0, "context_mode": "fresh_per_dispatch", "dispatch_wait_us": 7576.8, "event": "comparison", "index": 63, "mode": "random", "parity": "PASS", "role": "measured", "score_mismatches": 0, "seed": 1001, "stray_writes": 0}
{"box_mismatches": 0, "context_mode": "fresh_per_dispatch", "dispatch_wait_us": 7660.6, "event": "comparison", "index": 64, "mode": "random", "parity": "PASS", "role": "measured", "score_mismatches": 0, "seed": 1002, "stray_writes": 0}
{"box_mismatches": 0, "context_mode": "fresh_per_dispatch", "dispatch_wait_us": 7672.8, "event": "comparison", "index": 65, "mode": "random", "parity": "PASS", "role": "measured", "score_mismatches": 0, "seed": 1003, "stray_writes": 0}
{"box_mismatches": 0, "context_mode": "fresh_per_dispatch", "dispatch_wait_us": 7554.9, "event": "comparison", "index": 66, "mode": "random", "parity": "PASS", "role": "measured", "score_mismatches": 0, "seed": 1004, "stray_writes": 0}
{"box_mismatches": 0, "context_mode": "fresh_per_dispatch", "dispatch_wait_us": 9775.6, "event": "comparison", "index": 67, "mode": "random", "parity": "PASS", "role": "measured", "score_mismatches": 0, "seed": 1005, "stray_writes": 0}
{"box_mismatches": 0, "context_mode": "fresh_per_dispatch", "dispatch_wait_us": 7669.3, "event": "comparison", "index": 68, "mode": "random", "parity": "PASS", "role": "measured", "score_mismatches": 0, "seed": 1006, "stray_writes": 0}
{"box_mismatches": 0, "context_mode": "fresh_per_dispatch", "dispatch_wait_us": 7613.1, "event": "comparison", "index": 69, "mode": "random", "parity": "PASS", "role": "measured", "score_mismatches": 0, "seed": 1007, "stray_writes": 0}
{"box_mismatches": 0, "context_mode": "fresh_per_dispatch", "dispatch_wait_us": 7644.1, "event": "comparison", "index": 70, "mode": "random", "parity": "PASS", "role": "measured", "score_mismatches": 0, "seed": 1000, "stray_writes": 0}
{"box_mismatches": 0, "context_mode": "fresh_per_dispatch", "dispatch_wait_us": 9945.9, "event": "comparison", "index": 71, "mode": "random", "parity": "PASS", "role": "measured", "score_mismatches": 0, "seed": 1001, "stray_writes": 0}
{"box_mismatches": 0, "context_mode": "fresh_per_dispatch", "dispatch_wait_us": 7731.1, "event": "comparison", "index": 72, "mode": "random", "parity": "PASS", "role": "measured", "score_mismatches": 0, "seed": 1002, "stray_writes": 0}
{"box_mismatches": 0, "context_mode": "fresh_per_dispatch", "dispatch_wait_us": 7677.3, "event": "comparison", "index": 73, "mode": "random", "parity": "PASS", "role": "measured", "score_mismatches": 0, "seed": 1003, "stray_writes": 0}
{"box_mismatches": 0, "context_mode": "fresh_per_dispatch", "dispatch_wait_us": 7623.5, "event": "comparison", "index": 74, "mode": "random", "parity": "PASS", "role": "measured", "score_mismatches": 0, "seed": 1004, "stray_writes": 0}
{"box_mismatches": 0, "context_mode": "fresh_per_dispatch", "dispatch_wait_us": 7603.8, "event": "comparison", "index": 75, "mode": "random", "parity": "PASS", "role": "measured", "score_mismatches": 0, "seed": 1005, "stray_writes": 0}
{"box_mismatches": 0, "context_mode": "fresh_per_dispatch", "dispatch_wait_us": 7748.5, "event": "comparison", "index": 76, "mode": "random", "parity": "PASS", "role": "measured", "score_mismatches": 0, "seed": 1006, "stray_writes": 0}
{"box_mismatches": 0, "context_mode": "fresh_per_dispatch", "dispatch_wait_us": 7878.9, "event": "comparison", "index": 77, "mode": "random", "parity": "PASS", "role": "measured", "score_mismatches": 0, "seed": 1007, "stray_writes": 0}
{"box_mismatches": 0, "context_mode": "fresh_per_dispatch", "dispatch_wait_us": 7520.2, "event": "comparison", "index": 78, "mode": "random", "parity": "PASS", "role": "measured", "score_mismatches": 0, "seed": 1000, "stray_writes": 0}
{"box_mismatches": 0, "context_mode": "fresh_per_dispatch", "dispatch_wait_us": 7650.2, "event": "comparison", "index": 79, "mode": "random", "parity": "PASS", "role": "measured", "score_mismatches": 0, "seed": 1001, "stray_writes": 0}
{"box_mismatches": 0, "context_mode": "fresh_per_dispatch", "dispatch_wait_us": 7551.3, "event": "comparison", "index": 80, "mode": "random", "parity": "PASS", "role": "measured", "score_mismatches": 0, "seed": 1002, "stray_writes": 0}
{"box_mismatches": 0, "context_mode": "fresh_per_dispatch", "dispatch_wait_us": 7543.8, "event": "comparison", "index": 81, "mode": "random", "parity": "PASS", "role": "measured", "score_mismatches": 0, "seed": 1003, "stray_writes": 0}
{"box_mismatches": 0, "context_mode": "fresh_per_dispatch", "dispatch_wait_us": 7487.3, "event": "comparison", "index": 82, "mode": "random", "parity": "PASS", "role": "measured", "score_mismatches": 0, "seed": 1004, "stray_writes": 0}
{"box_mismatches": 0, "context_mode": "fresh_per_dispatch", "dispatch_wait_us": 7592.7, "event": "comparison", "index": 83, "mode": "random", "parity": "PASS", "role": "measured", "score_mismatches": 0, "seed": 1005, "stray_writes": 0}
{"box_mismatches": 0, "context_mode": "fresh_per_dispatch", "dispatch_wait_us": 7584.8, "event": "comparison", "index": 84, "mode": "random", "parity": "PASS", "role": "measured", "score_mismatches": 0, "seed": 1006, "stray_writes": 0}
{"box_mismatches": 0, "context_mode": "fresh_per_dispatch", "dispatch_wait_us": 7636.5, "event": "comparison", "index": 85, "mode": "random", "parity": "PASS", "role": "measured", "score_mismatches": 0, "seed": 1007, "stray_writes": 0}
{"box_mismatches": 0, "context_mode": "fresh_per_dispatch", "dispatch_wait_us": 7678.5, "event": "comparison", "index": 86, "mode": "random", "parity": "PASS", "role": "measured", "score_mismatches": 0, "seed": 1000, "stray_writes": 0}
{"box_mismatches": 0, "context_mode": "fresh_per_dispatch", "dispatch_wait_us": 7515.5, "event": "comparison", "index": 87, "mode": "random", "parity": "PASS", "role": "measured", "score_mismatches": 0, "seed": 1001, "stray_writes": 0}
{"box_mismatches": 0, "context_mode": "fresh_per_dispatch", "dispatch_wait_us": 7665.8, "event": "comparison", "index": 88, "mode": "random", "parity": "PASS", "role": "measured", "score_mismatches": 0, "seed": 1002, "stray_writes": 0}
{"box_mismatches": 0, "context_mode": "fresh_per_dispatch", "dispatch_wait_us": 7623.8, "event": "comparison", "index": 89, "mode": "random", "parity": "PASS", "role": "measured", "score_mismatches": 0, "seed": 1003, "stray_writes": 0}
{"box_mismatches": 0, "context_mode": "fresh_per_dispatch", "dispatch_wait_us": 7580.3, "event": "comparison", "index": 90, "mode": "random", "parity": "PASS", "role": "measured", "score_mismatches": 0, "seed": 1004, "stray_writes": 0}
{"box_mismatches": 0, "context_mode": "fresh_per_dispatch", "dispatch_wait_us": 7598.2, "event": "comparison", "index": 91, "mode": "random", "parity": "PASS", "role": "measured", "score_mismatches": 0, "seed": 1005, "stray_writes": 0}
{"box_mismatches": 0, "context_mode": "fresh_per_dispatch", "dispatch_wait_us": 7628.0, "event": "comparison", "index": 92, "mode": "random", "parity": "PASS", "role": "measured", "score_mismatches": 0, "seed": 1006, "stray_writes": 0}
{"box_mismatches": 0, "context_mode": "fresh_per_dispatch", "dispatch_wait_us": 7579.5, "event": "comparison", "index": 93, "mode": "random", "parity": "PASS", "role": "measured", "score_mismatches": 0, "seed": 1007, "stray_writes": 0}
{"box_mismatches": 0, "context_mode": "fresh_per_dispatch", "dispatch_wait_us": 7572.6, "event": "comparison", "index": 94, "mode": "random", "parity": "PASS", "role": "measured", "score_mismatches": 0, "seed": 1000, "stray_writes": 0}
{"box_mismatches": 0, "context_mode": "fresh_per_dispatch", "dispatch_wait_us": 7564.9, "event": "comparison", "index": 95, "mode": "random", "parity": "PASS", "role": "measured", "score_mismatches": 0, "seed": 1001, "stray_writes": 0}
{"box_mismatches": 0, "context_mode": "fresh_per_dispatch", "dispatch_wait_us": 7625.4, "event": "comparison", "index": 96, "mode": "random", "parity": "PASS", "role": "measured", "score_mismatches": 0, "seed": 1002, "stray_writes": 0}
{"box_mismatches": 0, "context_mode": "fresh_per_dispatch", "dispatch_wait_us": 7597.7, "event": "comparison", "index": 97, "mode": "random", "parity": "PASS", "role": "measured", "score_mismatches": 0, "seed": 1003, "stray_writes": 0}
{"box_mismatches": 0, "context_mode": "fresh_per_dispatch", "dispatch_wait_us": 7604.0, "event": "comparison", "index": 98, "mode": "random", "parity": "PASS", "role": "measured", "score_mismatches": 0, "seed": 1004, "stray_writes": 0}
{"box_mismatches": 0, "context_mode": "fresh_per_dispatch", "dispatch_wait_us": 7580.0, "event": "comparison", "index": 99, "mode": "random", "parity": "PASS", "role": "measured", "score_mismatches": 0, "seed": 1005, "stray_writes": 0}
{"box_mismatches": 0, "context_mode": "fresh_per_dispatch", "dispatch_wait_us": 7521.0, "event": "comparison", "index": 100, "mode": "random", "parity": "PASS", "role": "measured", "score_mismatches": 0, "seed": 1006, "stray_writes": 0}
{"box_mismatches": 0, "context_mode": "fresh_per_dispatch", "dispatch_wait_us": 7578.3, "event": "comparison", "index": 101, "mode": "random", "parity": "PASS", "role": "measured", "score_mismatches": 0, "seed": 1007, "stray_writes": 0}
{"box_mismatches": 0, "context_mode": "fresh_per_dispatch", "dispatch_wait_us": 7635.2, "event": "comparison", "index": 102, "mode": "random", "parity": "PASS", "role": "measured", "score_mismatches": 0, "seed": 1000, "stray_writes": 0}
{"box_mismatches": 0, "context_mode": "fresh_per_dispatch", "dispatch_wait_us": 7578.0, "event": "comparison", "index": 103, "mode": "random", "parity": "PASS", "role": "measured", "score_mismatches": 0, "seed": 1001, "stray_writes": 0}
{"box_mismatches": 0, "context_mode": "fresh_per_dispatch", "dispatch_wait_us": 7679.2, "event": "comparison", "index": 104, "mode": "random", "parity": "PASS", "role": "measured", "score_mismatches": 0, "seed": 1002, "stray_writes": 0}
{"box_mismatches": 0, "context_mode": "fresh_per_dispatch", "dispatch_wait_us": 7604.5, "event": "comparison", "index": 105, "mode": "random", "parity": "PASS", "role": "measured", "score_mismatches": 0, "seed": 1003, "stray_writes": 0}
{"box_mismatches": 0, "context_mode": "fresh_per_dispatch", "dispatch_wait_us": 7574.2, "event": "comparison", "index": 106, "mode": "random", "parity": "PASS", "role": "measured", "score_mismatches": 0, "seed": 1004, "stray_writes": 0}
{"box_mismatches": 0, "context_mode": "fresh_per_dispatch", "dispatch_wait_us": 7543.8, "event": "comparison", "index": 107, "mode": "random", "parity": "PASS", "role": "measured", "score_mismatches": 0, "seed": 1005, "stray_writes": 0}
{"box_mismatches": 0, "context_mode": "fresh_per_dispatch", "dispatch_wait_us": 7783.5, "event": "comparison", "index": 108, "mode": "random", "parity": "PASS", "role": "measured", "score_mismatches": 0, "seed": 1006, "stray_writes": 0}
{"box_mismatches": 0, "context_mode": "fresh_per_dispatch", "dispatch_wait_us": 7751.7, "event": "comparison", "index": 109, "mode": "random", "parity": "PASS", "role": "measured", "score_mismatches": 0, "seed": 1007, "stray_writes": 0}
{"box_mismatches": 0, "context_mode": "fresh_per_dispatch", "dispatch_wait_us": 7566.2, "event": "comparison", "index": 110, "mode": "random", "parity": "PASS", "role": "measured", "score_mismatches": 0, "seed": 1000, "stray_writes": 0}
{"box_mismatches": 0, "context_mode": "fresh_per_dispatch", "dispatch_wait_us": 7554.4, "event": "comparison", "index": 111, "mode": "random", "parity": "PASS", "role": "measured", "score_mismatches": 0, "seed": 1001, "stray_writes": 0}
{"box_mismatches": 0, "context_mode": "fresh_per_dispatch", "dispatch_wait_us": 7631.4, "event": "comparison", "index": 112, "mode": "random", "parity": "PASS", "role": "measured", "score_mismatches": 0, "seed": 1002, "stray_writes": 0}
{"box_mismatches": 0, "context_mode": "fresh_per_dispatch", "dispatch_wait_us": 7600.2, "event": "comparison", "index": 113, "mode": "random", "parity": "PASS", "role": "measured", "score_mismatches": 0, "seed": 1003, "stray_writes": 0}
{"event": "postflight", "no_hardware_contexts": true}
{"active_anchors": 8400, "context_mode": "fresh_per_dispatch", "dispatches_checked": 114, "event": "transport_floor_result", "floor_verdict": "AT_OR_ABOVE_LIMIT", "full_design": true, "iterations": 100, "latency_limit_us": 300.0, "max_us": 9945.9, "mean_us": 7675.064, "median_us": 7603.15, "min_us": 7487.3, "mode": "transport_probe", "p95_us": 7881.054999999999, "parity_verdict": "PASS", "scope": "no decode math on the cores; dispatch wait of the unchanged transport", "shape": {"cols": 4, "cores_per_col": 4}, "stdev_us": 333.6767847344299, "warmup": 10}
