Phoenix DFL transport floor probe (decode math removed)
date_utc=2026-09-13T15:49:57+00:00
host=DESKTOP-CBL5NUA
command=C:\Users\<user>\mlir-aie\ironenv\Scripts\python.exe tests/test_dfl_transport_floor.py --hardware --cols 1 --cores-per-col 1 --iters 100 --warmup 10 --log results\aie\dfl_decode_phoenix_transport_floor_1x1_20260913T154957Z.log
shape=1x1 (1 cores)
test_sha256=c7e4b9599bc1a74a9e39ee650e4875fc28ac34be4b93382f72b62d88246941f9
harness_sha256=47d4d5fb741e046635f189cba73bc029ff2c5603a86961061d51cc6ee3d171a5
source_dfl_transport_probe.cc_sha256=1107094c9750c2004db975ac6968e05da5edff5b9768c9a7ffc2a2b3c6bc183c
source_dfl_stage.py_sha256=79239e7f49134072bc99ee53d3305e5529f3d863962dd4bf19f9e95509f0e56a
{"active_anchors": 525, "event": "build_identity", "full_design": false, "harness_sha256": "47d4d5fb741e046635f189cba73bc029ff2c5603a86961061d51cc6ee3d171a5", "insts_sha256": "b7c3a1eb039534e4917c4f27dd5bbc28175bc19356035f4cbbd3438620f87e07", "mode": "transport_probe", "shape": {"cols": 1, "cores_per_col": 1}, "sources": {"dfl_stage.py": "79239e7f49134072bc99ee53d3305e5529f3d863962dd4bf19f9e95509f0e56a", "dfl_transport_probe.cc": "1107094c9750c2004db975ac6968e05da5edff5b9768c9a7ffc2a2b3c6bc183c"}, "test_sha256": "c7e4b9599bc1a74a9e39ee650e4875fc28ac34be4b93382f72b62d88246941f9", "xclbin_sha256": "8d317a166953983e88547c2a3bf89d6fd81e900e12b7cc2bd44cf7f2704ec8af"}

-----------------------------
[003d:00:01.1] : NPU Phoenix
-----------------------------
AIE Partitions
  No hardware contexts running on device


HOST_LOAD busy_cores=0.37 logical_cores=16 free_ram_gb=16.2 sample_sec=1
HOST_LOAD_TOP 0.08 powershell:37488 ws_mb=82
HOST_LOAD_TOP 0.08 pycharm64:8540 ws_mb=2778
HOST_LOAD_TOP 0.06 Taskmgr:13448 ws_mb=179
HOST_LOAD_TOP 0.03 <local-tool>:31940 ws_mb=1249
HOST_LOAD_TOP 0.03 <local-tool>:15092 ws_mb=425
HOST_LOAD_VERDICT CLEAR

{"box_mismatches": 0, "context_mode": "fresh_per_dispatch", "dispatch_wait_us": 1807.5, "event": "comparison", "index": 0, "mode": "random", "parity": "PASS", "role": "correctness", "score_mismatches": 0, "seed": 17, "stray_writes": 0}
{"box_mismatches": 0, "context_mode": "fresh_per_dispatch", "dispatch_wait_us": 1830.2, "event": "comparison", "index": 1, "mode": "extreme", "parity": "PASS", "role": "correctness", "score_mismatches": 0, "seed": 91, "stray_writes": 0}
{"box_mismatches": 0, "context_mode": "fresh_per_dispatch", "dispatch_wait_us": 1354.0, "event": "comparison", "index": 2, "mode": "uniform", "parity": "PASS", "role": "correctness", "score_mismatches": 0, "seed": 123, "stray_writes": 0}
{"box_mismatches": 0, "context_mode": "fresh_per_dispatch", "dispatch_wait_us": 1807.0, "event": "comparison", "index": 3, "mode": "ramp", "parity": "PASS", "role": "correctness", "score_mismatches": 0, "seed": 7, "stray_writes": 0}
{"box_mismatches": 0, "context_mode": "fresh_per_dispatch", "dispatch_wait_us": 1800.6, "event": "comparison", "index": 4, "mode": "random", "parity": "PASS", "role": "warmup", "score_mismatches": 0, "seed": 1000, "stray_writes": 0}
{"box_mismatches": 0, "context_mode": "fresh_per_dispatch", "dispatch_wait_us": 1878.1, "event": "comparison", "index": 5, "mode": "random", "parity": "PASS", "role": "warmup", "score_mismatches": 0, "seed": 1001, "stray_writes": 0}
{"box_mismatches": 0, "context_mode": "fresh_per_dispatch", "dispatch_wait_us": 1800.3, "event": "comparison", "index": 6, "mode": "random", "parity": "PASS", "role": "warmup", "score_mismatches": 0, "seed": 1002, "stray_writes": 0}
{"box_mismatches": 0, "context_mode": "fresh_per_dispatch", "dispatch_wait_us": 1818.9, "event": "comparison", "index": 7, "mode": "random", "parity": "PASS", "role": "warmup", "score_mismatches": 0, "seed": 1003, "stray_writes": 0}
{"box_mismatches": 0, "context_mode": "fresh_per_dispatch", "dispatch_wait_us": 1851.1, "event": "comparison", "index": 8, "mode": "random", "parity": "PASS", "role": "warmup", "score_mismatches": 0, "seed": 1004, "stray_writes": 0}
{"box_mismatches": 0, "context_mode": "fresh_per_dispatch", "dispatch_wait_us": 1800.0, "event": "comparison", "index": 9, "mode": "random", "parity": "PASS", "role": "warmup", "score_mismatches": 0, "seed": 1005, "stray_writes": 0}
{"box_mismatches": 0, "context_mode": "fresh_per_dispatch", "dispatch_wait_us": 1822.2, "event": "comparison", "index": 10, "mode": "random", "parity": "PASS", "role": "warmup", "score_mismatches": 0, "seed": 1006, "stray_writes": 0}
{"box_mismatches": 0, "context_mode": "fresh_per_dispatch", "dispatch_wait_us": 1833.5, "event": "comparison", "index": 11, "mode": "random", "parity": "PASS", "role": "warmup", "score_mismatches": 0, "seed": 1007, "stray_writes": 0}
{"box_mismatches": 0, "context_mode": "fresh_per_dispatch", "dispatch_wait_us": 1821.3, "event": "comparison", "index": 12, "mode": "random", "parity": "PASS", "role": "warmup", "score_mismatches": 0, "seed": 1000, "stray_writes": 0}
{"box_mismatches": 0, "context_mode": "fresh_per_dispatch", "dispatch_wait_us": 1815.3, "event": "comparison", "index": 13, "mode": "random", "parity": "PASS", "role": "warmup", "score_mismatches": 0, "seed": 1001, "stray_writes": 0}
{"box_mismatches": 0, "context_mode": "fresh_per_dispatch", "dispatch_wait_us": 1847.4, "event": "comparison", "index": 14, "mode": "random", "parity": "PASS", "role": "measured", "score_mismatches": 0, "seed": 1000, "stray_writes": 0}
{"box_mismatches": 0, "context_mode": "fresh_per_dispatch", "dispatch_wait_us": 1788.9, "event": "comparison", "index": 15, "mode": "random", "parity": "PASS", "role": "measured", "score_mismatches": 0, "seed": 1001, "stray_writes": 0}
{"box_mismatches": 0, "context_mode": "fresh_per_dispatch", "dispatch_wait_us": 1803.5, "event": "comparison", "index": 16, "mode": "random", "parity": "PASS", "role": "measured", "score_mismatches": 0, "seed": 1002, "stray_writes": 0}
{"box_mismatches": 0, "context_mode": "fresh_per_dispatch", "dispatch_wait_us": 1831.5, "event": "comparison", "index": 17, "mode": "random", "parity": "PASS", "role": "measured", "score_mismatches": 0, "seed": 1003, "stray_writes": 0}
{"box_mismatches": 0, "context_mode": "fresh_per_dispatch", "dispatch_wait_us": 1794.6, "event": "comparison", "index": 18, "mode": "random", "parity": "PASS", "role": "measured", "score_mismatches": 0, "seed": 1004, "stray_writes": 0}
{"box_mismatches": 0, "context_mode": "fresh_per_dispatch", "dispatch_wait_us": 1813.9, "event": "comparison", "index": 19, "mode": "random", "parity": "PASS", "role": "measured", "score_mismatches": 0, "seed": 1005, "stray_writes": 0}
{"box_mismatches": 0, "context_mode": "fresh_per_dispatch", "dispatch_wait_us": 1821.1, "event": "comparison", "index": 20, "mode": "random", "parity": "PASS", "role": "measured", "score_mismatches": 0, "seed": 1006, "stray_writes": 0}
{"box_mismatches": 0, "context_mode": "fresh_per_dispatch", "dispatch_wait_us": 1811.5, "event": "comparison", "index": 21, "mode": "random", "parity": "PASS", "role": "measured", "score_mismatches": 0, "seed": 1007, "stray_writes": 0}
{"box_mismatches": 0, "context_mode": "fresh_per_dispatch", "dispatch_wait_us": 1831.5, "event": "comparison", "index": 22, "mode": "random", "parity": "PASS", "role": "measured", "score_mismatches": 0, "seed": 1000, "stray_writes": 0}
{"box_mismatches": 0, "context_mode": "fresh_per_dispatch", "dispatch_wait_us": 1817.8, "event": "comparison", "index": 23, "mode": "random", "parity": "PASS", "role": "measured", "score_mismatches": 0, "seed": 1001, "stray_writes": 0}
{"box_mismatches": 0, "context_mode": "fresh_per_dispatch", "dispatch_wait_us": 1814.7, "event": "comparison", "index": 24, "mode": "random", "parity": "PASS", "role": "measured", "score_mismatches": 0, "seed": 1002, "stray_writes": 0}
{"box_mismatches": 0, "context_mode": "fresh_per_dispatch", "dispatch_wait_us": 1803.3, "event": "comparison", "index": 25, "mode": "random", "parity": "PASS", "role": "measured", "score_mismatches": 0, "seed": 1003, "stray_writes": 0}
{"box_mismatches": 0, "context_mode": "fresh_per_dispatch", "dispatch_wait_us": 1802.5, "event": "comparison", "index": 26, "mode": "random", "parity": "PASS", "role": "measured", "score_mismatches": 0, "seed": 1004, "stray_writes": 0}
{"box_mismatches": 0, "context_mode": "fresh_per_dispatch", "dispatch_wait_us": 1798.4, "event": "comparison", "index": 27, "mode": "random", "parity": "PASS", "role": "measured", "score_mismatches": 0, "seed": 1005, "stray_writes": 0}
{"box_mismatches": 0, "context_mode": "fresh_per_dispatch", "dispatch_wait_us": 1823.8, "event": "comparison", "index": 28, "mode": "random", "parity": "PASS", "role": "measured", "score_mismatches": 0, "seed": 1006, "stray_writes": 0}
{"box_mismatches": 0, "context_mode": "fresh_per_dispatch", "dispatch_wait_us": 1805.2, "event": "comparison", "index": 29, "mode": "random", "parity": "PASS", "role": "measured", "score_mismatches": 0, "seed": 1007, "stray_writes": 0}
{"box_mismatches": 0, "context_mode": "fresh_per_dispatch", "dispatch_wait_us": 1814.1, "event": "comparison", "index": 30, "mode": "random", "parity": "PASS", "role": "measured", "score_mismatches": 0, "seed": 1000, "stray_writes": 0}
{"box_mismatches": 0, "context_mode": "fresh_per_dispatch", "dispatch_wait_us": 1826.0, "event": "comparison", "index": 31, "mode": "random", "parity": "PASS", "role": "measured", "score_mismatches": 0, "seed": 1001, "stray_writes": 0}
{"box_mismatches": 0, "context_mode": "fresh_per_dispatch", "dispatch_wait_us": 1807.1, "event": "comparison", "index": 32, "mode": "random", "parity": "PASS", "role": "measured", "score_mismatches": 0, "seed": 1002, "stray_writes": 0}
{"box_mismatches": 0, "context_mode": "fresh_per_dispatch", "dispatch_wait_us": 1809.4, "event": "comparison", "index": 33, "mode": "random", "parity": "PASS", "role": "measured", "score_mismatches": 0, "seed": 1003, "stray_writes": 0}
{"box_mismatches": 0, "context_mode": "fresh_per_dispatch", "dispatch_wait_us": 1807.3, "event": "comparison", "index": 34, "mode": "random", "parity": "PASS", "role": "measured", "score_mismatches": 0, "seed": 1004, "stray_writes": 0}
{"box_mismatches": 0, "context_mode": "fresh_per_dispatch", "dispatch_wait_us": 1834.3, "event": "comparison", "index": 35, "mode": "random", "parity": "PASS", "role": "measured", "score_mismatches": 0, "seed": 1005, "stray_writes": 0}
{"box_mismatches": 0, "context_mode": "fresh_per_dispatch", "dispatch_wait_us": 1834.4, "event": "comparison", "index": 36, "mode": "random", "parity": "PASS", "role": "measured", "score_mismatches": 0, "seed": 1006, "stray_writes": 0}
{"box_mismatches": 0, "context_mode": "fresh_per_dispatch", "dispatch_wait_us": 1807.0, "event": "comparison", "index": 37, "mode": "random", "parity": "PASS", "role": "measured", "score_mismatches": 0, "seed": 1007, "stray_writes": 0}
{"box_mismatches": 0, "context_mode": "fresh_per_dispatch", "dispatch_wait_us": 1803.5, "event": "comparison", "index": 38, "mode": "random", "parity": "PASS", "role": "measured", "score_mismatches": 0, "seed": 1000, "stray_writes": 0}
{"box_mismatches": 0, "context_mode": "fresh_per_dispatch", "dispatch_wait_us": 1815.5, "event": "comparison", "index": 39, "mode": "random", "parity": "PASS", "role": "measured", "score_mismatches": 0, "seed": 1001, "stray_writes": 0}
{"box_mismatches": 0, "context_mode": "fresh_per_dispatch", "dispatch_wait_us": 1813.4, "event": "comparison", "index": 40, "mode": "random", "parity": "PASS", "role": "measured", "score_mismatches": 0, "seed": 1002, "stray_writes": 0}
{"box_mismatches": 0, "context_mode": "fresh_per_dispatch", "dispatch_wait_us": 1820.7, "event": "comparison", "index": 41, "mode": "random", "parity": "PASS", "role": "measured", "score_mismatches": 0, "seed": 1003, "stray_writes": 0}
{"box_mismatches": 0, "context_mode": "fresh_per_dispatch", "dispatch_wait_us": 1813.1, "event": "comparison", "index": 42, "mode": "random", "parity": "PASS", "role": "measured", "score_mismatches": 0, "seed": 1004, "stray_writes": 0}
{"box_mismatches": 0, "context_mode": "fresh_per_dispatch", "dispatch_wait_us": 1806.1, "event": "comparison", "index": 43, "mode": "random", "parity": "PASS", "role": "measured", "score_mismatches": 0, "seed": 1005, "stray_writes": 0}
{"box_mismatches": 0, "context_mode": "fresh_per_dispatch", "dispatch_wait_us": 1803.6, "event": "comparison", "index": 44, "mode": "random", "parity": "PASS", "role": "measured", "score_mismatches": 0, "seed": 1006, "stray_writes": 0}
{"box_mismatches": 0, "context_mode": "fresh_per_dispatch", "dispatch_wait_us": 1875.1, "event": "comparison", "index": 45, "mode": "random", "parity": "PASS", "role": "measured", "score_mismatches": 0, "seed": 1007, "stray_writes": 0}
{"box_mismatches": 0, "context_mode": "fresh_per_dispatch", "dispatch_wait_us": 1864.9, "event": "comparison", "index": 46, "mode": "random", "parity": "PASS", "role": "measured", "score_mismatches": 0, "seed": 1000, "stray_writes": 0}
{"box_mismatches": 0, "context_mode": "fresh_per_dispatch", "dispatch_wait_us": 1795.8, "event": "comparison", "index": 47, "mode": "random", "parity": "PASS", "role": "measured", "score_mismatches": 0, "seed": 1001, "stray_writes": 0}
{"box_mismatches": 0, "context_mode": "fresh_per_dispatch", "dispatch_wait_us": 1783.7, "event": "comparison", "index": 48, "mode": "random", "parity": "PASS", "role": "measured", "score_mismatches": 0, "seed": 1002, "stray_writes": 0}
{"box_mismatches": 0, "context_mode": "fresh_per_dispatch", "dispatch_wait_us": 1797.2, "event": "comparison", "index": 49, "mode": "random", "parity": "PASS", "role": "measured", "score_mismatches": 0, "seed": 1003, "stray_writes": 0}
{"box_mismatches": 0, "context_mode": "fresh_per_dispatch", "dispatch_wait_us": 1828.1, "event": "comparison", "index": 50, "mode": "random", "parity": "PASS", "role": "measured", "score_mismatches": 0, "seed": 1004, "stray_writes": 0}
{"box_mismatches": 0, "context_mode": "fresh_per_dispatch", "dispatch_wait_us": 1845.7, "event": "comparison", "index": 51, "mode": "random", "parity": "PASS", "role": "measured", "score_mismatches": 0, "seed": 1005, "stray_writes": 0}
{"box_mismatches": 0, "context_mode": "fresh_per_dispatch", "dispatch_wait_us": 1814.0, "event": "comparison", "index": 52, "mode": "random", "parity": "PASS", "role": "measured", "score_mismatches": 0, "seed": 1006, "stray_writes": 0}
{"box_mismatches": 0, "context_mode": "fresh_per_dispatch", "dispatch_wait_us": 1802.9, "event": "comparison", "index": 53, "mode": "random", "parity": "PASS", "role": "measured", "score_mismatches": 0, "seed": 1007, "stray_writes": 0}
{"box_mismatches": 0, "context_mode": "fresh_per_dispatch", "dispatch_wait_us": 1826.4, "event": "comparison", "index": 54, "mode": "random", "parity": "PASS", "role": "measured", "score_mismatches": 0, "seed": 1000, "stray_writes": 0}
{"box_mismatches": 0, "context_mode": "fresh_per_dispatch", "dispatch_wait_us": 1824.1, "event": "comparison", "index": 55, "mode": "random", "parity": "PASS", "role": "measured", "score_mismatches": 0, "seed": 1001, "stray_writes": 0}
{"box_mismatches": 0, "context_mode": "fresh_per_dispatch", "dispatch_wait_us": 1795.5, "event": "comparison", "index": 56, "mode": "random", "parity": "PASS", "role": "measured", "score_mismatches": 0, "seed": 1002, "stray_writes": 0}
{"box_mismatches": 0, "context_mode": "fresh_per_dispatch", "dispatch_wait_us": 1848.1, "event": "comparison", "index": 57, "mode": "random", "parity": "PASS", "role": "measured", "score_mismatches": 0, "seed": 1003, "stray_writes": 0}
{"box_mismatches": 0, "context_mode": "fresh_per_dispatch", "dispatch_wait_us": 1813.2, "event": "comparison", "index": 58, "mode": "random", "parity": "PASS", "role": "measured", "score_mismatches": 0, "seed": 1004, "stray_writes": 0}
{"box_mismatches": 0, "context_mode": "fresh_per_dispatch", "dispatch_wait_us": 1797.8, "event": "comparison", "index": 59, "mode": "random", "parity": "PASS", "role": "measured", "score_mismatches": 0, "seed": 1005, "stray_writes": 0}
{"box_mismatches": 0, "context_mode": "fresh_per_dispatch", "dispatch_wait_us": 1793.6, "event": "comparison", "index": 60, "mode": "random", "parity": "PASS", "role": "measured", "score_mismatches": 0, "seed": 1006, "stray_writes": 0}
{"box_mismatches": 0, "context_mode": "fresh_per_dispatch", "dispatch_wait_us": 1853.8, "event": "comparison", "index": 61, "mode": "random", "parity": "PASS", "role": "measured", "score_mismatches": 0, "seed": 1007, "stray_writes": 0}
{"box_mismatches": 0, "context_mode": "fresh_per_dispatch", "dispatch_wait_us": 1808.6, "event": "comparison", "index": 62, "mode": "random", "parity": "PASS", "role": "measured", "score_mismatches": 0, "seed": 1000, "stray_writes": 0}
{"box_mismatches": 0, "context_mode": "fresh_per_dispatch", "dispatch_wait_us": 1829.1, "event": "comparison", "index": 63, "mode": "random", "parity": "PASS", "role": "measured", "score_mismatches": 0, "seed": 1001, "stray_writes": 0}
{"box_mismatches": 0, "context_mode": "fresh_per_dispatch", "dispatch_wait_us": 1823.9, "event": "comparison", "index": 64, "mode": "random", "parity": "PASS", "role": "measured", "score_mismatches": 0, "seed": 1002, "stray_writes": 0}
{"box_mismatches": 0, "context_mode": "fresh_per_dispatch", "dispatch_wait_us": 1815.3, "event": "comparison", "index": 65, "mode": "random", "parity": "PASS", "role": "measured", "score_mismatches": 0, "seed": 1003, "stray_writes": 0}
{"box_mismatches": 0, "context_mode": "fresh_per_dispatch", "dispatch_wait_us": 1803.5, "event": "comparison", "index": 66, "mode": "random", "parity": "PASS", "role": "measured", "score_mismatches": 0, "seed": 1004, "stray_writes": 0}
{"box_mismatches": 0, "context_mode": "fresh_per_dispatch", "dispatch_wait_us": 1798.1, "event": "comparison", "index": 67, "mode": "random", "parity": "PASS", "role": "measured", "score_mismatches": 0, "seed": 1005, "stray_writes": 0}
{"box_mismatches": 0, "context_mode": "fresh_per_dispatch", "dispatch_wait_us": 1806.2, "event": "comparison", "index": 68, "mode": "random", "parity": "PASS", "role": "measured", "score_mismatches": 0, "seed": 1006, "stray_writes": 0}
{"box_mismatches": 0, "context_mode": "fresh_per_dispatch", "dispatch_wait_us": 1816.8, "event": "comparison", "index": 69, "mode": "random", "parity": "PASS", "role": "measured", "score_mismatches": 0, "seed": 1007, "stray_writes": 0}
{"box_mismatches": 0, "context_mode": "fresh_per_dispatch", "dispatch_wait_us": 1809.5, "event": "comparison", "index": 70, "mode": "random", "parity": "PASS", "role": "measured", "score_mismatches": 0, "seed": 1000, "stray_writes": 0}
{"box_mismatches": 0, "context_mode": "fresh_per_dispatch", "dispatch_wait_us": 3201.0, "event": "comparison", "index": 71, "mode": "random", "parity": "PASS", "role": "measured", "score_mismatches": 0, "seed": 1001, "stray_writes": 0}
{"box_mismatches": 0, "context_mode": "fresh_per_dispatch", "dispatch_wait_us": 1821.8, "event": "comparison", "index": 72, "mode": "random", "parity": "PASS", "role": "measured", "score_mismatches": 0, "seed": 1002, "stray_writes": 0}
{"box_mismatches": 0, "context_mode": "fresh_per_dispatch", "dispatch_wait_us": 1826.7, "event": "comparison", "index": 73, "mode": "random", "parity": "PASS", "role": "measured", "score_mismatches": 0, "seed": 1003, "stray_writes": 0}
{"box_mismatches": 0, "context_mode": "fresh_per_dispatch", "dispatch_wait_us": 2589.9, "event": "comparison", "index": 74, "mode": "random", "parity": "PASS", "role": "measured", "score_mismatches": 0, "seed": 1004, "stray_writes": 0}
{"box_mismatches": 0, "context_mode": "fresh_per_dispatch", "dispatch_wait_us": 1881.7, "event": "comparison", "index": 75, "mode": "random", "parity": "PASS", "role": "measured", "score_mismatches": 0, "seed": 1005, "stray_writes": 0}
{"box_mismatches": 0, "context_mode": "fresh_per_dispatch", "dispatch_wait_us": 2029.9, "event": "comparison", "index": 76, "mode": "random", "parity": "PASS", "role": "measured", "score_mismatches": 0, "seed": 1006, "stray_writes": 0}
{"box_mismatches": 0, "context_mode": "fresh_per_dispatch", "dispatch_wait_us": 1903.8, "event": "comparison", "index": 77, "mode": "random", "parity": "PASS", "role": "measured", "score_mismatches": 0, "seed": 1007, "stray_writes": 0}
{"box_mismatches": 0, "context_mode": "fresh_per_dispatch", "dispatch_wait_us": 1844.2, "event": "comparison", "index": 78, "mode": "random", "parity": "PASS", "role": "measured", "score_mismatches": 0, "seed": 1000, "stray_writes": 0}
{"box_mismatches": 0, "context_mode": "fresh_per_dispatch", "dispatch_wait_us": 1881.7, "event": "comparison", "index": 79, "mode": "random", "parity": "PASS", "role": "measured", "score_mismatches": 0, "seed": 1001, "stray_writes": 0}
{"box_mismatches": 0, "context_mode": "fresh_per_dispatch", "dispatch_wait_us": 1913.4, "event": "comparison", "index": 80, "mode": "random", "parity": "PASS", "role": "measured", "score_mismatches": 0, "seed": 1002, "stray_writes": 0}
{"box_mismatches": 0, "context_mode": "fresh_per_dispatch", "dispatch_wait_us": 1901.1, "event": "comparison", "index": 81, "mode": "random", "parity": "PASS", "role": "measured", "score_mismatches": 0, "seed": 1003, "stray_writes": 0}
{"box_mismatches": 0, "context_mode": "fresh_per_dispatch", "dispatch_wait_us": 1989.0, "event": "comparison", "index": 82, "mode": "random", "parity": "PASS", "role": "measured", "score_mismatches": 0, "seed": 1004, "stray_writes": 0}
{"box_mismatches": 0, "context_mode": "fresh_per_dispatch", "dispatch_wait_us": 1984.3, "event": "comparison", "index": 83, "mode": "random", "parity": "PASS", "role": "measured", "score_mismatches": 0, "seed": 1005, "stray_writes": 0}
{"box_mismatches": 0, "context_mode": "fresh_per_dispatch", "dispatch_wait_us": 2109.2, "event": "comparison", "index": 84, "mode": "random", "parity": "PASS", "role": "measured", "score_mismatches": 0, "seed": 1006, "stray_writes": 0}
{"box_mismatches": 0, "context_mode": "fresh_per_dispatch", "dispatch_wait_us": 1910.5, "event": "comparison", "index": 85, "mode": "random", "parity": "PASS", "role": "measured", "score_mismatches": 0, "seed": 1007, "stray_writes": 0}
{"box_mismatches": 0, "context_mode": "fresh_per_dispatch", "dispatch_wait_us": 1934.6, "event": "comparison", "index": 86, "mode": "random", "parity": "PASS", "role": "measured", "score_mismatches": 0, "seed": 1000, "stray_writes": 0}
{"box_mismatches": 0, "context_mode": "fresh_per_dispatch", "dispatch_wait_us": 1858.7, "event": "comparison", "index": 87, "mode": "random", "parity": "PASS", "role": "measured", "score_mismatches": 0, "seed": 1001, "stray_writes": 0}
{"box_mismatches": 0, "context_mode": "fresh_per_dispatch", "dispatch_wait_us": 2009.5, "event": "comparison", "index": 88, "mode": "random", "parity": "PASS", "role": "measured", "score_mismatches": 0, "seed": 1002, "stray_writes": 0}
{"box_mismatches": 0, "context_mode": "fresh_per_dispatch", "dispatch_wait_us": 1844.7, "event": "comparison", "index": 89, "mode": "random", "parity": "PASS", "role": "measured", "score_mismatches": 0, "seed": 1003, "stray_writes": 0}
{"box_mismatches": 0, "context_mode": "fresh_per_dispatch", "dispatch_wait_us": 1915.5, "event": "comparison", "index": 90, "mode": "random", "parity": "PASS", "role": "measured", "score_mismatches": 0, "seed": 1004, "stray_writes": 0}
{"box_mismatches": 0, "context_mode": "fresh_per_dispatch", "dispatch_wait_us": 1961.5, "event": "comparison", "index": 91, "mode": "random", "parity": "PASS", "role": "measured", "score_mismatches": 0, "seed": 1005, "stray_writes": 0}
{"box_mismatches": 0, "context_mode": "fresh_per_dispatch", "dispatch_wait_us": 1903.6, "event": "comparison", "index": 92, "mode": "random", "parity": "PASS", "role": "measured", "score_mismatches": 0, "seed": 1006, "stray_writes": 0}
{"box_mismatches": 0, "context_mode": "fresh_per_dispatch", "dispatch_wait_us": 1870.9, "event": "comparison", "index": 93, "mode": "random", "parity": "PASS", "role": "measured", "score_mismatches": 0, "seed": 1007, "stray_writes": 0}
{"box_mismatches": 0, "context_mode": "fresh_per_dispatch", "dispatch_wait_us": 1878.9, "event": "comparison", "index": 94, "mode": "random", "parity": "PASS", "role": "measured", "score_mismatches": 0, "seed": 1000, "stray_writes": 0}
{"box_mismatches": 0, "context_mode": "fresh_per_dispatch", "dispatch_wait_us": 1868.6, "event": "comparison", "index": 95, "mode": "random", "parity": "PASS", "role": "measured", "score_mismatches": 0, "seed": 1001, "stray_writes": 0}
{"box_mismatches": 0, "context_mode": "fresh_per_dispatch", "dispatch_wait_us": 1856.9, "event": "comparison", "index": 96, "mode": "random", "parity": "PASS", "role": "measured", "score_mismatches": 0, "seed": 1002, "stray_writes": 0}
{"box_mismatches": 0, "context_mode": "fresh_per_dispatch", "dispatch_wait_us": 2094.7, "event": "comparison", "index": 97, "mode": "random", "parity": "PASS", "role": "measured", "score_mismatches": 0, "seed": 1003, "stray_writes": 0}
{"box_mismatches": 0, "context_mode": "fresh_per_dispatch", "dispatch_wait_us": 1973.2, "event": "comparison", "index": 98, "mode": "random", "parity": "PASS", "role": "measured", "score_mismatches": 0, "seed": 1004, "stray_writes": 0}
{"box_mismatches": 0, "context_mode": "fresh_per_dispatch", "dispatch_wait_us": 1910.1, "event": "comparison", "index": 99, "mode": "random", "parity": "PASS", "role": "measured", "score_mismatches": 0, "seed": 1005, "stray_writes": 0}
{"box_mismatches": 0, "context_mode": "fresh_per_dispatch", "dispatch_wait_us": 1831.6, "event": "comparison", "index": 100, "mode": "random", "parity": "PASS", "role": "measured", "score_mismatches": 0, "seed": 1006, "stray_writes": 0}
{"box_mismatches": 0, "context_mode": "fresh_per_dispatch", "dispatch_wait_us": 1997.1, "event": "comparison", "index": 101, "mode": "random", "parity": "PASS", "role": "measured", "score_mismatches": 0, "seed": 1007, "stray_writes": 0}
{"box_mismatches": 0, "context_mode": "fresh_per_dispatch", "dispatch_wait_us": 2097.0, "event": "comparison", "index": 102, "mode": "random", "parity": "PASS", "role": "measured", "score_mismatches": 0, "seed": 1000, "stray_writes": 0}
{"box_mismatches": 0, "context_mode": "fresh_per_dispatch", "dispatch_wait_us": 2066.7, "event": "comparison", "index": 103, "mode": "random", "parity": "PASS", "role": "measured", "score_mismatches": 0, "seed": 1001, "stray_writes": 0}
{"box_mismatches": 0, "context_mode": "fresh_per_dispatch", "dispatch_wait_us": 1862.0, "event": "comparison", "index": 104, "mode": "random", "parity": "PASS", "role": "measured", "score_mismatches": 0, "seed": 1002, "stray_writes": 0}
{"box_mismatches": 0, "context_mode": "fresh_per_dispatch", "dispatch_wait_us": 1961.5, "event": "comparison", "index": 105, "mode": "random", "parity": "PASS", "role": "measured", "score_mismatches": 0, "seed": 1003, "stray_writes": 0}
{"box_mismatches": 0, "context_mode": "fresh_per_dispatch", "dispatch_wait_us": 1943.6, "event": "comparison", "index": 106, "mode": "random", "parity": "PASS", "role": "measured", "score_mismatches": 0, "seed": 1004, "stray_writes": 0}
{"box_mismatches": 0, "context_mode": "fresh_per_dispatch", "dispatch_wait_us": 2026.2, "event": "comparison", "index": 107, "mode": "random", "parity": "PASS", "role": "measured", "score_mismatches": 0, "seed": 1005, "stray_writes": 0}
{"box_mismatches": 0, "context_mode": "fresh_per_dispatch", "dispatch_wait_us": 1837.2, "event": "comparison", "index": 108, "mode": "random", "parity": "PASS", "role": "measured", "score_mismatches": 0, "seed": 1006, "stray_writes": 0}
{"box_mismatches": 0, "context_mode": "fresh_per_dispatch", "dispatch_wait_us": 1897.2, "event": "comparison", "index": 109, "mode": "random", "parity": "PASS", "role": "measured", "score_mismatches": 0, "seed": 1007, "stray_writes": 0}
{"box_mismatches": 0, "context_mode": "fresh_per_dispatch", "dispatch_wait_us": 2015.4, "event": "comparison", "index": 110, "mode": "random", "parity": "PASS", "role": "measured", "score_mismatches": 0, "seed": 1000, "stray_writes": 0}
{"box_mismatches": 0, "context_mode": "fresh_per_dispatch", "dispatch_wait_us": 1823.0, "event": "comparison", "index": 111, "mode": "random", "parity": "PASS", "role": "measured", "score_mismatches": 0, "seed": 1001, "stray_writes": 0}
{"box_mismatches": 0, "context_mode": "fresh_per_dispatch", "dispatch_wait_us": 2185.2, "event": "comparison", "index": 112, "mode": "random", "parity": "PASS", "role": "measured", "score_mismatches": 0, "seed": 1002, "stray_writes": 0}
{"box_mismatches": 0, "context_mode": "fresh_per_dispatch", "dispatch_wait_us": 1907.7, "event": "comparison", "index": 113, "mode": "random", "parity": "PASS", "role": "measured", "score_mismatches": 0, "seed": 1003, "stray_writes": 0}
{"event": "postflight", "no_hardware_contexts": true}
{"active_anchors": 525, "context_mode": "fresh_per_dispatch", "dispatches_checked": 114, "event": "transport_floor_result", "floor_verdict": "AT_OR_ABOVE_LIMIT", "full_design": false, "iterations": 100, "latency_limit_us": 300.0, "max_us": 3201.0, "mean_us": 1886.17, "median_us": 1830.3, "min_us": 1783.7, "mode": "transport_probe", "p95_us": 2094.8149999999996, "parity_verdict": "PASS", "scope": "no decode math on the cores; dispatch wait of the unchanged transport", "shape": {"cols": 1, "cores_per_col": 1}, "stdev_us": 172.39547880124672, "warmup": 10}
