Phoenix DFL decode silicon qualification
date_utc=2026-09-13T15:45:53+00:00
host=DESKTOP-CBL5NUA
command=C:\Users\<user>\mlir-aie\ironenv\Scripts\python.exe tests/test_dfl_kernel.py --hardware --skip-offline --cols 4 --cores-per-col 4 --iters 100 --warmup 10 --log results\aie\dfl_decode_phoenix_qualification_4x4_20260913T154553Z.log
shape=4x4 (16 cores)
test_sha256=47d4d5fb741e046635f189cba73bc029ff2c5603a86961061d51cc6ee3d171a5
source_dfl_decode.cc_sha256=d1d84be79b04060a5168f846b49e86f8b492384f62b0ef3779f3ffa892087151
source_dfl_stage.py_sha256=79239e7f49134072bc99ee53d3305e5529f3d863962dd4bf19f9e95509f0e56a
{"active_anchors": 8400, "active_cores": 16, "event": "build_identity", "full_design": true, "insts_sha256": "4be65b3fd16209e1ed5bb8d1d2d0a4e9d8f2cb149e671a2c882043aae8ca1595", "shape": {"cols": 4, "cores_per_col": 4}, "sources": {"dfl_decode.cc": "d1d84be79b04060a5168f846b49e86f8b492384f62b0ef3779f3ffa892087151", "dfl_stage.py": "79239e7f49134072bc99ee53d3305e5529f3d863962dd4bf19f9e95509f0e56a"}, "test_sha256": "47d4d5fb741e046635f189cba73bc029ff2c5603a86961061d51cc6ee3d171a5", "xclbin_sha256": "14e3f070c374db834224cda59f159de8f06506b48f156265a2246bfae725cc68"}
{"dispatches": 114, "distinct_fixtures": 12, "event": "references_ready", "measured_fixture_pool": 8}

-----------------------------
[003d:00:01.1] : NPU Phoenix
-----------------------------
AIE Partitions
  No hardware contexts running on device


HOST_LOAD busy_cores=0.63 logical_cores=16 free_ram_gb=16.2 sample_sec=1
HOST_LOAD_TOP 0.31 <local-tool>:31940 ws_mb=1254
HOST_LOAD_TOP 0.09 pycharm64:8540 ws_mb=2780
HOST_LOAD_TOP 0.06 powershell:36448 ws_mb=82
HOST_LOAD_TOP 0.06 Taskmgr:13448 ws_mb=178
HOST_LOAD_TOP 0.05 <local-tool>:15092 ws_mb=421
HOST_LOAD_VERDICT CLEAR

{"context_mode": "fresh_per_dispatch", "event": "context_ready", "group_ids": {"1": "0x00bb0001", "3": "0x00bb0000", "4": "0x00bb0000", "5": "0x00bb0000"}}
{"boxes_max_abs_px": 0.2645263671875, "boxes_max_q4_lsb": 0.184112548828125, "context_mode": "fresh_per_dispatch", "dispatch_wait_us": 196126.2, "event": "comparison", "fixed_boxes_max_abs": 0.0166015625, "fixed_mismatched_values": 26, "fixed_scores_max_abs": 0.0, "index": 0, "mode": "random", "nonfinite_outputs": 0, "parity": "PASS", "role": "correctness", "scores_max_abs": 0.0005570650100708008, "seed": 17, "stray_writes": 0}
{"boxes_max_abs_px": 0.4100341796875, "boxes_max_q4_lsb": 0.2523651123046875, "context_mode": "fresh_per_dispatch", "dispatch_wait_us": 196550.2, "event": "comparison", "fixed_boxes_max_abs": 0.013671875, "fixed_mismatched_values": 27, "fixed_scores_max_abs": 0.0, "index": 1, "mode": "extreme", "nonfinite_outputs": 0, "parity": "PASS", "role": "correctness", "scores_max_abs": 0.0005570650100708008, "seed": 91, "stray_writes": 0}
{"boxes_max_abs_px": 0.0, "boxes_max_q4_lsb": 0.0, "context_mode": "fresh_per_dispatch", "dispatch_wait_us": 196110.9, "event": "comparison", "fixed_boxes_max_abs": 0.0, "fixed_mismatched_values": 0, "fixed_scores_max_abs": 0.0, "index": 2, "mode": "uniform", "nonfinite_outputs": 0, "parity": "PASS", "role": "correctness", "scores_max_abs": 5.3316354751586914e-05, "seed": 123, "stray_writes": 0}
{"boxes_max_abs_px": 0.05303955078125, "boxes_max_q4_lsb": 0.026519775390625, "context_mode": "fresh_per_dispatch", "dispatch_wait_us": 196240.0, "event": "comparison", "fixed_boxes_max_abs": 0.0, "fixed_mismatched_values": 0, "fixed_scores_max_abs": 0.0, "index": 3, "mode": "ramp", "nonfinite_outputs": 0, "parity": "PASS", "role": "correctness", "scores_max_abs": 0.0005570650100708008, "seed": 7, "stray_writes": 0}
{"boxes_max_abs_px": 0.302947998046875, "boxes_max_q4_lsb": 0.20831298828125, "context_mode": "fresh_per_dispatch", "dispatch_wait_us": 196094.8, "event": "comparison", "index": 4, "mode": "random", "nonfinite_outputs": 0, "parity": "PASS", "role": "warmup", "scores_max_abs": 0.0005570650100708008, "seed": 1000, "stray_writes": 0}
{"boxes_max_abs_px": 0.26224517822265625, "boxes_max_q4_lsb": 0.20758056640625, "context_mode": "fresh_per_dispatch", "dispatch_wait_us": 196410.6, "event": "comparison", "index": 5, "mode": "random", "nonfinite_outputs": 0, "parity": "PASS", "role": "warmup", "scores_max_abs": 0.0005570650100708008, "seed": 1001, "stray_writes": 0}
{"boxes_max_abs_px": 0.322113037109375, "boxes_max_q4_lsb": 0.185943603515625, "context_mode": "fresh_per_dispatch", "dispatch_wait_us": 196124.2, "event": "comparison", "index": 6, "mode": "random", "nonfinite_outputs": 0, "parity": "PASS", "role": "warmup", "scores_max_abs": 0.0005570650100708008, "seed": 1002, "stray_writes": 0}
{"boxes_max_abs_px": 0.26580810546875, "boxes_max_q4_lsb": 0.2060546875, "context_mode": "fresh_per_dispatch", "dispatch_wait_us": 196283.4, "event": "comparison", "index": 7, "mode": "random", "nonfinite_outputs": 0, "parity": "PASS", "role": "warmup", "scores_max_abs": 0.0005570650100708008, "seed": 1003, "stray_writes": 0}
{"boxes_max_abs_px": 0.29937744140625, "boxes_max_q4_lsb": 0.2127227783203125, "context_mode": "fresh_per_dispatch", "dispatch_wait_us": 196114.2, "event": "comparison", "index": 8, "mode": "random", "nonfinite_outputs": 0, "parity": "PASS", "role": "warmup", "scores_max_abs": 0.0005570650100708008, "seed": 1004, "stray_writes": 0}
{"boxes_max_abs_px": 0.33978271484375, "boxes_max_q4_lsb": 0.2099609375, "context_mode": "fresh_per_dispatch", "dispatch_wait_us": 196107.1, "event": "comparison", "index": 9, "mode": "random", "nonfinite_outputs": 0, "parity": "PASS", "role": "warmup", "scores_max_abs": 0.0005570650100708008, "seed": 1005, "stray_writes": 0}
{"boxes_max_abs_px": 0.28155517578125, "boxes_max_q4_lsb": 0.20379638671875, "context_mode": "fresh_per_dispatch", "dispatch_wait_us": 196152.4, "event": "comparison", "index": 10, "mode": "random", "nonfinite_outputs": 0, "parity": "PASS", "role": "warmup", "scores_max_abs": 0.0005570650100708008, "seed": 1006, "stray_writes": 0}
{"boxes_max_abs_px": 0.30828857421875, "boxes_max_q4_lsb": 0.181854248046875, "context_mode": "fresh_per_dispatch", "dispatch_wait_us": 196200.9, "event": "comparison", "index": 11, "mode": "random", "nonfinite_outputs": 0, "parity": "PASS", "role": "warmup", "scores_max_abs": 0.0005570650100708008, "seed": 1007, "stray_writes": 0}
{"boxes_max_abs_px": 0.302947998046875, "boxes_max_q4_lsb": 0.20831298828125, "context_mode": "fresh_per_dispatch", "dispatch_wait_us": 196161.6, "event": "comparison", "index": 12, "mode": "random", "nonfinite_outputs": 0, "parity": "PASS", "role": "warmup", "scores_max_abs": 0.0005570650100708008, "seed": 1000, "stray_writes": 0}
{"boxes_max_abs_px": 0.26224517822265625, "boxes_max_q4_lsb": 0.20758056640625, "context_mode": "fresh_per_dispatch", "dispatch_wait_us": 196255.5, "event": "comparison", "index": 13, "mode": "random", "nonfinite_outputs": 0, "parity": "PASS", "role": "warmup", "scores_max_abs": 0.0005570650100708008, "seed": 1001, "stray_writes": 0}
{"boxes_max_abs_px": 0.302947998046875, "boxes_max_q4_lsb": 0.20831298828125, "context_mode": "fresh_per_dispatch", "dispatch_wait_us": 196194.3, "event": "comparison", "index": 14, "mode": "random", "nonfinite_outputs": 0, "parity": "PASS", "role": "measured", "scores_max_abs": 0.0005570650100708008, "seed": 1000, "stray_writes": 0}
{"boxes_max_abs_px": 0.26224517822265625, "boxes_max_q4_lsb": 0.20758056640625, "context_mode": "fresh_per_dispatch", "dispatch_wait_us": 196233.2, "event": "comparison", "index": 15, "mode": "random", "nonfinite_outputs": 0, "parity": "PASS", "role": "measured", "scores_max_abs": 0.0005570650100708008, "seed": 1001, "stray_writes": 0}
{"boxes_max_abs_px": 0.322113037109375, "boxes_max_q4_lsb": 0.185943603515625, "context_mode": "fresh_per_dispatch", "dispatch_wait_us": 196189.3, "event": "comparison", "index": 16, "mode": "random", "nonfinite_outputs": 0, "parity": "PASS", "role": "measured", "scores_max_abs": 0.0005570650100708008, "seed": 1002, "stray_writes": 0}
{"boxes_max_abs_px": 0.26580810546875, "boxes_max_q4_lsb": 0.2060546875, "context_mode": "fresh_per_dispatch", "dispatch_wait_us": 196156.3, "event": "comparison", "index": 17, "mode": "random", "nonfinite_outputs": 0, "parity": "PASS", "role": "measured", "scores_max_abs": 0.0005570650100708008, "seed": 1003, "stray_writes": 0}
{"boxes_max_abs_px": 0.29937744140625, "boxes_max_q4_lsb": 0.2127227783203125, "context_mode": "fresh_per_dispatch", "dispatch_wait_us": 196230.7, "event": "comparison", "index": 18, "mode": "random", "nonfinite_outputs": 0, "parity": "PASS", "role": "measured", "scores_max_abs": 0.0005570650100708008, "seed": 1004, "stray_writes": 0}
{"boxes_max_abs_px": 0.33978271484375, "boxes_max_q4_lsb": 0.2099609375, "context_mode": "fresh_per_dispatch", "dispatch_wait_us": 196174.9, "event": "comparison", "index": 19, "mode": "random", "nonfinite_outputs": 0, "parity": "PASS", "role": "measured", "scores_max_abs": 0.0005570650100708008, "seed": 1005, "stray_writes": 0}
{"boxes_max_abs_px": 0.28155517578125, "boxes_max_q4_lsb": 0.20379638671875, "context_mode": "fresh_per_dispatch", "dispatch_wait_us": 196181.3, "event": "comparison", "index": 20, "mode": "random", "nonfinite_outputs": 0, "parity": "PASS", "role": "measured", "scores_max_abs": 0.0005570650100708008, "seed": 1006, "stray_writes": 0}
{"boxes_max_abs_px": 0.30828857421875, "boxes_max_q4_lsb": 0.181854248046875, "context_mode": "fresh_per_dispatch", "dispatch_wait_us": 196499.6, "event": "comparison", "index": 21, "mode": "random", "nonfinite_outputs": 0, "parity": "PASS", "role": "measured", "scores_max_abs": 0.0005570650100708008, "seed": 1007, "stray_writes": 0}
{"boxes_max_abs_px": 0.302947998046875, "boxes_max_q4_lsb": 0.20831298828125, "context_mode": "fresh_per_dispatch", "dispatch_wait_us": 196193.7, "event": "comparison", "index": 22, "mode": "random", "nonfinite_outputs": 0, "parity": "PASS", "role": "measured", "scores_max_abs": 0.0005570650100708008, "seed": 1000, "stray_writes": 0}
{"boxes_max_abs_px": 0.26224517822265625, "boxes_max_q4_lsb": 0.20758056640625, "context_mode": "fresh_per_dispatch", "dispatch_wait_us": 197213.5, "event": "comparison", "index": 23, "mode": "random", "nonfinite_outputs": 0, "parity": "PASS", "role": "measured", "scores_max_abs": 0.0005570650100708008, "seed": 1001, "stray_writes": 0}
{"boxes_max_abs_px": 0.322113037109375, "boxes_max_q4_lsb": 0.185943603515625, "context_mode": "fresh_per_dispatch", "dispatch_wait_us": 196231.7, "event": "comparison", "index": 24, "mode": "random", "nonfinite_outputs": 0, "parity": "PASS", "role": "measured", "scores_max_abs": 0.0005570650100708008, "seed": 1002, "stray_writes": 0}
{"boxes_max_abs_px": 0.26580810546875, "boxes_max_q4_lsb": 0.2060546875, "context_mode": "fresh_per_dispatch", "dispatch_wait_us": 196229.1, "event": "comparison", "index": 25, "mode": "random", "nonfinite_outputs": 0, "parity": "PASS", "role": "measured", "scores_max_abs": 0.0005570650100708008, "seed": 1003, "stray_writes": 0}
{"boxes_max_abs_px": 0.29937744140625, "boxes_max_q4_lsb": 0.2127227783203125, "context_mode": "fresh_per_dispatch", "dispatch_wait_us": 196227.1, "event": "comparison", "index": 26, "mode": "random", "nonfinite_outputs": 0, "parity": "PASS", "role": "measured", "scores_max_abs": 0.0005570650100708008, "seed": 1004, "stray_writes": 0}
{"boxes_max_abs_px": 0.33978271484375, "boxes_max_q4_lsb": 0.2099609375, "context_mode": "fresh_per_dispatch", "dispatch_wait_us": 196151.8, "event": "comparison", "index": 27, "mode": "random", "nonfinite_outputs": 0, "parity": "PASS", "role": "measured", "scores_max_abs": 0.0005570650100708008, "seed": 1005, "stray_writes": 0}
{"boxes_max_abs_px": 0.28155517578125, "boxes_max_q4_lsb": 0.20379638671875, "context_mode": "fresh_per_dispatch", "dispatch_wait_us": 196152.3, "event": "comparison", "index": 28, "mode": "random", "nonfinite_outputs": 0, "parity": "PASS", "role": "measured", "scores_max_abs": 0.0005570650100708008, "seed": 1006, "stray_writes": 0}
{"boxes_max_abs_px": 0.30828857421875, "boxes_max_q4_lsb": 0.181854248046875, "context_mode": "fresh_per_dispatch", "dispatch_wait_us": 196195.9, "event": "comparison", "index": 29, "mode": "random", "nonfinite_outputs": 0, "parity": "PASS", "role": "measured", "scores_max_abs": 0.0005570650100708008, "seed": 1007, "stray_writes": 0}
{"boxes_max_abs_px": 0.302947998046875, "boxes_max_q4_lsb": 0.20831298828125, "context_mode": "fresh_per_dispatch", "dispatch_wait_us": 196494.7, "event": "comparison", "index": 30, "mode": "random", "nonfinite_outputs": 0, "parity": "PASS", "role": "measured", "scores_max_abs": 0.0005570650100708008, "seed": 1000, "stray_writes": 0}
{"boxes_max_abs_px": 0.26224517822265625, "boxes_max_q4_lsb": 0.20758056640625, "context_mode": "fresh_per_dispatch", "dispatch_wait_us": 196174.2, "event": "comparison", "index": 31, "mode": "random", "nonfinite_outputs": 0, "parity": "PASS", "role": "measured", "scores_max_abs": 0.0005570650100708008, "seed": 1001, "stray_writes": 0}
{"boxes_max_abs_px": 0.322113037109375, "boxes_max_q4_lsb": 0.185943603515625, "context_mode": "fresh_per_dispatch", "dispatch_wait_us": 196120.6, "event": "comparison", "index": 32, "mode": "random", "nonfinite_outputs": 0, "parity": "PASS", "role": "measured", "scores_max_abs": 0.0005570650100708008, "seed": 1002, "stray_writes": 0}
{"boxes_max_abs_px": 0.26580810546875, "boxes_max_q4_lsb": 0.2060546875, "context_mode": "fresh_per_dispatch", "dispatch_wait_us": 196215.8, "event": "comparison", "index": 33, "mode": "random", "nonfinite_outputs": 0, "parity": "PASS", "role": "measured", "scores_max_abs": 0.0005570650100708008, "seed": 1003, "stray_writes": 0}
{"boxes_max_abs_px": 0.29937744140625, "boxes_max_q4_lsb": 0.2127227783203125, "context_mode": "fresh_per_dispatch", "dispatch_wait_us": 196268.8, "event": "comparison", "index": 34, "mode": "random", "nonfinite_outputs": 0, "parity": "PASS", "role": "measured", "scores_max_abs": 0.0005570650100708008, "seed": 1004, "stray_writes": 0}
{"boxes_max_abs_px": 0.33978271484375, "boxes_max_q4_lsb": 0.2099609375, "context_mode": "fresh_per_dispatch", "dispatch_wait_us": 196136.5, "event": "comparison", "index": 35, "mode": "random", "nonfinite_outputs": 0, "parity": "PASS", "role": "measured", "scores_max_abs": 0.0005570650100708008, "seed": 1005, "stray_writes": 0}
{"boxes_max_abs_px": 0.28155517578125, "boxes_max_q4_lsb": 0.20379638671875, "context_mode": "fresh_per_dispatch", "dispatch_wait_us": 196167.7, "event": "comparison", "index": 36, "mode": "random", "nonfinite_outputs": 0, "parity": "PASS", "role": "measured", "scores_max_abs": 0.0005570650100708008, "seed": 1006, "stray_writes": 0}
{"boxes_max_abs_px": 0.30828857421875, "boxes_max_q4_lsb": 0.181854248046875, "context_mode": "fresh_per_dispatch", "dispatch_wait_us": 196190.7, "event": "comparison", "index": 37, "mode": "random", "nonfinite_outputs": 0, "parity": "PASS", "role": "measured", "scores_max_abs": 0.0005570650100708008, "seed": 1007, "stray_writes": 0}
{"boxes_max_abs_px": 0.302947998046875, "boxes_max_q4_lsb": 0.20831298828125, "context_mode": "fresh_per_dispatch", "dispatch_wait_us": 196183.5, "event": "comparison", "index": 38, "mode": "random", "nonfinite_outputs": 0, "parity": "PASS", "role": "measured", "scores_max_abs": 0.0005570650100708008, "seed": 1000, "stray_writes": 0}
{"boxes_max_abs_px": 0.26224517822265625, "boxes_max_q4_lsb": 0.20758056640625, "context_mode": "fresh_per_dispatch", "dispatch_wait_us": 196164.7, "event": "comparison", "index": 39, "mode": "random", "nonfinite_outputs": 0, "parity": "PASS", "role": "measured", "scores_max_abs": 0.0005570650100708008, "seed": 1001, "stray_writes": 0}
{"boxes_max_abs_px": 0.322113037109375, "boxes_max_q4_lsb": 0.185943603515625, "context_mode": "fresh_per_dispatch", "dispatch_wait_us": 196145.9, "event": "comparison", "index": 40, "mode": "random", "nonfinite_outputs": 0, "parity": "PASS", "role": "measured", "scores_max_abs": 0.0005570650100708008, "seed": 1002, "stray_writes": 0}
{"boxes_max_abs_px": 0.26580810546875, "boxes_max_q4_lsb": 0.2060546875, "context_mode": "fresh_per_dispatch", "dispatch_wait_us": 196482.8, "event": "comparison", "index": 41, "mode": "random", "nonfinite_outputs": 0, "parity": "PASS", "role": "measured", "scores_max_abs": 0.0005570650100708008, "seed": 1003, "stray_writes": 0}
{"boxes_max_abs_px": 0.29937744140625, "boxes_max_q4_lsb": 0.2127227783203125, "context_mode": "fresh_per_dispatch", "dispatch_wait_us": 196310.8, "event": "comparison", "index": 42, "mode": "random", "nonfinite_outputs": 0, "parity": "PASS", "role": "measured", "scores_max_abs": 0.0005570650100708008, "seed": 1004, "stray_writes": 0}
{"boxes_max_abs_px": 0.33978271484375, "boxes_max_q4_lsb": 0.2099609375, "context_mode": "fresh_per_dispatch", "dispatch_wait_us": 196138.8, "event": "comparison", "index": 43, "mode": "random", "nonfinite_outputs": 0, "parity": "PASS", "role": "measured", "scores_max_abs": 0.0005570650100708008, "seed": 1005, "stray_writes": 0}
{"boxes_max_abs_px": 0.28155517578125, "boxes_max_q4_lsb": 0.20379638671875, "context_mode": "fresh_per_dispatch", "dispatch_wait_us": 196272.4, "event": "comparison", "index": 44, "mode": "random", "nonfinite_outputs": 0, "parity": "PASS", "role": "measured", "scores_max_abs": 0.0005570650100708008, "seed": 1006, "stray_writes": 0}
{"boxes_max_abs_px": 0.30828857421875, "boxes_max_q4_lsb": 0.181854248046875, "context_mode": "fresh_per_dispatch", "dispatch_wait_us": 196170.9, "event": "comparison", "index": 45, "mode": "random", "nonfinite_outputs": 0, "parity": "PASS", "role": "measured", "scores_max_abs": 0.0005570650100708008, "seed": 1007, "stray_writes": 0}
{"boxes_max_abs_px": 0.302947998046875, "boxes_max_q4_lsb": 0.20831298828125, "context_mode": "fresh_per_dispatch", "dispatch_wait_us": 196184.7, "event": "comparison", "index": 46, "mode": "random", "nonfinite_outputs": 0, "parity": "PASS", "role": "measured", "scores_max_abs": 0.0005570650100708008, "seed": 1000, "stray_writes": 0}
{"boxes_max_abs_px": 0.26224517822265625, "boxes_max_q4_lsb": 0.20758056640625, "context_mode": "fresh_per_dispatch", "dispatch_wait_us": 196170.1, "event": "comparison", "index": 47, "mode": "random", "nonfinite_outputs": 0, "parity": "PASS", "role": "measured", "scores_max_abs": 0.0005570650100708008, "seed": 1001, "stray_writes": 0}
{"boxes_max_abs_px": 0.322113037109375, "boxes_max_q4_lsb": 0.185943603515625, "context_mode": "fresh_per_dispatch", "dispatch_wait_us": 196302.3, "event": "comparison", "index": 48, "mode": "random", "nonfinite_outputs": 0, "parity": "PASS", "role": "measured", "scores_max_abs": 0.0005570650100708008, "seed": 1002, "stray_writes": 0}
{"boxes_max_abs_px": 0.26580810546875, "boxes_max_q4_lsb": 0.2060546875, "context_mode": "fresh_per_dispatch", "dispatch_wait_us": 196303.9, "event": "comparison", "index": 49, "mode": "random", "nonfinite_outputs": 0, "parity": "PASS", "role": "measured", "scores_max_abs": 0.0005570650100708008, "seed": 1003, "stray_writes": 0}
{"boxes_max_abs_px": 0.29937744140625, "boxes_max_q4_lsb": 0.2127227783203125, "context_mode": "fresh_per_dispatch", "dispatch_wait_us": 196088.3, "event": "comparison", "index": 50, "mode": "random", "nonfinite_outputs": 0, "parity": "PASS", "role": "measured", "scores_max_abs": 0.0005570650100708008, "seed": 1004, "stray_writes": 0}
{"boxes_max_abs_px": 0.33978271484375, "boxes_max_q4_lsb": 0.2099609375, "context_mode": "fresh_per_dispatch", "dispatch_wait_us": 196160.2, "event": "comparison", "index": 51, "mode": "random", "nonfinite_outputs": 0, "parity": "PASS", "role": "measured", "scores_max_abs": 0.0005570650100708008, "seed": 1005, "stray_writes": 0}
{"boxes_max_abs_px": 0.28155517578125, "boxes_max_q4_lsb": 0.20379638671875, "context_mode": "fresh_per_dispatch", "dispatch_wait_us": 196207.8, "event": "comparison", "index": 52, "mode": "random", "nonfinite_outputs": 0, "parity": "PASS", "role": "measured", "scores_max_abs": 0.0005570650100708008, "seed": 1006, "stray_writes": 0}
{"boxes_max_abs_px": 0.30828857421875, "boxes_max_q4_lsb": 0.181854248046875, "context_mode": "fresh_per_dispatch", "dispatch_wait_us": 196156.2, "event": "comparison", "index": 53, "mode": "random", "nonfinite_outputs": 0, "parity": "PASS", "role": "measured", "scores_max_abs": 0.0005570650100708008, "seed": 1007, "stray_writes": 0}
{"boxes_max_abs_px": 0.302947998046875, "boxes_max_q4_lsb": 0.20831298828125, "context_mode": "fresh_per_dispatch", "dispatch_wait_us": 196212.8, "event": "comparison", "index": 54, "mode": "random", "nonfinite_outputs": 0, "parity": "PASS", "role": "measured", "scores_max_abs": 0.0005570650100708008, "seed": 1000, "stray_writes": 0}
{"boxes_max_abs_px": 0.26224517822265625, "boxes_max_q4_lsb": 0.20758056640625, "context_mode": "fresh_per_dispatch", "dispatch_wait_us": 196165.2, "event": "comparison", "index": 55, "mode": "random", "nonfinite_outputs": 0, "parity": "PASS", "role": "measured", "scores_max_abs": 0.0005570650100708008, "seed": 1001, "stray_writes": 0}
{"boxes_max_abs_px": 0.322113037109375, "boxes_max_q4_lsb": 0.185943603515625, "context_mode": "fresh_per_dispatch", "dispatch_wait_us": 196441.3, "event": "comparison", "index": 56, "mode": "random", "nonfinite_outputs": 0, "parity": "PASS", "role": "measured", "scores_max_abs": 0.0005570650100708008, "seed": 1002, "stray_writes": 0}
{"boxes_max_abs_px": 0.26580810546875, "boxes_max_q4_lsb": 0.2060546875, "context_mode": "fresh_per_dispatch", "dispatch_wait_us": 196121.2, "event": "comparison", "index": 57, "mode": "random", "nonfinite_outputs": 0, "parity": "PASS", "role": "measured", "scores_max_abs": 0.0005570650100708008, "seed": 1003, "stray_writes": 0}
{"boxes_max_abs_px": 0.29937744140625, "boxes_max_q4_lsb": 0.2127227783203125, "context_mode": "fresh_per_dispatch", "dispatch_wait_us": 196349.9, "event": "comparison", "index": 58, "mode": "random", "nonfinite_outputs": 0, "parity": "PASS", "role": "measured", "scores_max_abs": 0.0005570650100708008, "seed": 1004, "stray_writes": 0}
{"boxes_max_abs_px": 0.33978271484375, "boxes_max_q4_lsb": 0.2099609375, "context_mode": "fresh_per_dispatch", "dispatch_wait_us": 196474.5, "event": "comparison", "index": 59, "mode": "random", "nonfinite_outputs": 0, "parity": "PASS", "role": "measured", "scores_max_abs": 0.0005570650100708008, "seed": 1005, "stray_writes": 0}
{"boxes_max_abs_px": 0.28155517578125, "boxes_max_q4_lsb": 0.20379638671875, "context_mode": "fresh_per_dispatch", "dispatch_wait_us": 196168.1, "event": "comparison", "index": 60, "mode": "random", "nonfinite_outputs": 0, "parity": "PASS", "role": "measured", "scores_max_abs": 0.0005570650100708008, "seed": 1006, "stray_writes": 0}
{"boxes_max_abs_px": 0.30828857421875, "boxes_max_q4_lsb": 0.181854248046875, "context_mode": "fresh_per_dispatch", "dispatch_wait_us": 196160.3, "event": "comparison", "index": 61, "mode": "random", "nonfinite_outputs": 0, "parity": "PASS", "role": "measured", "scores_max_abs": 0.0005570650100708008, "seed": 1007, "stray_writes": 0}
{"boxes_max_abs_px": 0.302947998046875, "boxes_max_q4_lsb": 0.20831298828125, "context_mode": "fresh_per_dispatch", "dispatch_wait_us": 196195.0, "event": "comparison", "index": 62, "mode": "random", "nonfinite_outputs": 0, "parity": "PASS", "role": "measured", "scores_max_abs": 0.0005570650100708008, "seed": 1000, "stray_writes": 0}
{"boxes_max_abs_px": 0.26224517822265625, "boxes_max_q4_lsb": 0.20758056640625, "context_mode": "fresh_per_dispatch", "dispatch_wait_us": 196154.9, "event": "comparison", "index": 63, "mode": "random", "nonfinite_outputs": 0, "parity": "PASS", "role": "measured", "scores_max_abs": 0.0005570650100708008, "seed": 1001, "stray_writes": 0}
{"boxes_max_abs_px": 0.322113037109375, "boxes_max_q4_lsb": 0.185943603515625, "context_mode": "fresh_per_dispatch", "dispatch_wait_us": 196187.5, "event": "comparison", "index": 64, "mode": "random", "nonfinite_outputs": 0, "parity": "PASS", "role": "measured", "scores_max_abs": 0.0005570650100708008, "seed": 1002, "stray_writes": 0}
{"boxes_max_abs_px": 0.26580810546875, "boxes_max_q4_lsb": 0.2060546875, "context_mode": "fresh_per_dispatch", "dispatch_wait_us": 196516.4, "event": "comparison", "index": 65, "mode": "random", "nonfinite_outputs": 0, "parity": "PASS", "role": "measured", "scores_max_abs": 0.0005570650100708008, "seed": 1003, "stray_writes": 0}
{"boxes_max_abs_px": 0.29937744140625, "boxes_max_q4_lsb": 0.2127227783203125, "context_mode": "fresh_per_dispatch", "dispatch_wait_us": 196323.1, "event": "comparison", "index": 66, "mode": "random", "nonfinite_outputs": 0, "parity": "PASS", "role": "measured", "scores_max_abs": 0.0005570650100708008, "seed": 1004, "stray_writes": 0}
{"boxes_max_abs_px": 0.33978271484375, "boxes_max_q4_lsb": 0.2099609375, "context_mode": "fresh_per_dispatch", "dispatch_wait_us": 196128.8, "event": "comparison", "index": 67, "mode": "random", "nonfinite_outputs": 0, "parity": "PASS", "role": "measured", "scores_max_abs": 0.0005570650100708008, "seed": 1005, "stray_writes": 0}
{"boxes_max_abs_px": 0.28155517578125, "boxes_max_q4_lsb": 0.20379638671875, "context_mode": "fresh_per_dispatch", "dispatch_wait_us": 196198.2, "event": "comparison", "index": 68, "mode": "random", "nonfinite_outputs": 0, "parity": "PASS", "role": "measured", "scores_max_abs": 0.0005570650100708008, "seed": 1006, "stray_writes": 0}
{"boxes_max_abs_px": 0.30828857421875, "boxes_max_q4_lsb": 0.181854248046875, "context_mode": "fresh_per_dispatch", "dispatch_wait_us": 196133.7, "event": "comparison", "index": 69, "mode": "random", "nonfinite_outputs": 0, "parity": "PASS", "role": "measured", "scores_max_abs": 0.0005570650100708008, "seed": 1007, "stray_writes": 0}
{"boxes_max_abs_px": 0.302947998046875, "boxes_max_q4_lsb": 0.20831298828125, "context_mode": "fresh_per_dispatch", "dispatch_wait_us": 196109.2, "event": "comparison", "index": 70, "mode": "random", "nonfinite_outputs": 0, "parity": "PASS", "role": "measured", "scores_max_abs": 0.0005570650100708008, "seed": 1000, "stray_writes": 0}
{"boxes_max_abs_px": 0.26224517822265625, "boxes_max_q4_lsb": 0.20758056640625, "context_mode": "fresh_per_dispatch", "dispatch_wait_us": 196162.4, "event": "comparison", "index": 71, "mode": "random", "nonfinite_outputs": 0, "parity": "PASS", "role": "measured", "scores_max_abs": 0.0005570650100708008, "seed": 1001, "stray_writes": 0}
{"boxes_max_abs_px": 0.322113037109375, "boxes_max_q4_lsb": 0.185943603515625, "context_mode": "fresh_per_dispatch", "dispatch_wait_us": 196198.8, "event": "comparison", "index": 72, "mode": "random", "nonfinite_outputs": 0, "parity": "PASS", "role": "measured", "scores_max_abs": 0.0005570650100708008, "seed": 1002, "stray_writes": 0}
{"boxes_max_abs_px": 0.26580810546875, "boxes_max_q4_lsb": 0.2060546875, "context_mode": "fresh_per_dispatch", "dispatch_wait_us": 196091.3, "event": "comparison", "index": 73, "mode": "random", "nonfinite_outputs": 0, "parity": "PASS", "role": "measured", "scores_max_abs": 0.0005570650100708008, "seed": 1003, "stray_writes": 0}
{"boxes_max_abs_px": 0.29937744140625, "boxes_max_q4_lsb": 0.2127227783203125, "context_mode": "fresh_per_dispatch", "dispatch_wait_us": 196388.8, "event": "comparison", "index": 74, "mode": "random", "nonfinite_outputs": 0, "parity": "PASS", "role": "measured", "scores_max_abs": 0.0005570650100708008, "seed": 1004, "stray_writes": 0}
{"boxes_max_abs_px": 0.33978271484375, "boxes_max_q4_lsb": 0.2099609375, "context_mode": "fresh_per_dispatch", "dispatch_wait_us": 197009.8, "event": "comparison", "index": 75, "mode": "random", "nonfinite_outputs": 0, "parity": "PASS", "role": "measured", "scores_max_abs": 0.0005570650100708008, "seed": 1005, "stray_writes": 0}
{"boxes_max_abs_px": 0.28155517578125, "boxes_max_q4_lsb": 0.20379638671875, "context_mode": "fresh_per_dispatch", "dispatch_wait_us": 196492.8, "event": "comparison", "index": 76, "mode": "random", "nonfinite_outputs": 0, "parity": "PASS", "role": "measured", "scores_max_abs": 0.0005570650100708008, "seed": 1006, "stray_writes": 0}
{"boxes_max_abs_px": 0.30828857421875, "boxes_max_q4_lsb": 0.181854248046875, "context_mode": "fresh_per_dispatch", "dispatch_wait_us": 196172.4, "event": "comparison", "index": 77, "mode": "random", "nonfinite_outputs": 0, "parity": "PASS", "role": "measured", "scores_max_abs": 0.0005570650100708008, "seed": 1007, "stray_writes": 0}
{"boxes_max_abs_px": 0.302947998046875, "boxes_max_q4_lsb": 0.20831298828125, "context_mode": "fresh_per_dispatch", "dispatch_wait_us": 196544.2, "event": "comparison", "index": 78, "mode": "random", "nonfinite_outputs": 0, "parity": "PASS", "role": "measured", "scores_max_abs": 0.0005570650100708008, "seed": 1000, "stray_writes": 0}
{"boxes_max_abs_px": 0.26224517822265625, "boxes_max_q4_lsb": 0.20758056640625, "context_mode": "fresh_per_dispatch", "dispatch_wait_us": 196163.6, "event": "comparison", "index": 79, "mode": "random", "nonfinite_outputs": 0, "parity": "PASS", "role": "measured", "scores_max_abs": 0.0005570650100708008, "seed": 1001, "stray_writes": 0}
{"boxes_max_abs_px": 0.322113037109375, "boxes_max_q4_lsb": 0.185943603515625, "context_mode": "fresh_per_dispatch", "dispatch_wait_us": 196138.9, "event": "comparison", "index": 80, "mode": "random", "nonfinite_outputs": 0, "parity": "PASS", "role": "measured", "scores_max_abs": 0.0005570650100708008, "seed": 1002, "stray_writes": 0}
{"boxes_max_abs_px": 0.26580810546875, "boxes_max_q4_lsb": 0.2060546875, "context_mode": "fresh_per_dispatch", "dispatch_wait_us": 196073.6, "event": "comparison", "index": 81, "mode": "random", "nonfinite_outputs": 0, "parity": "PASS", "role": "measured", "scores_max_abs": 0.0005570650100708008, "seed": 1003, "stray_writes": 0}
{"boxes_max_abs_px": 0.29937744140625, "boxes_max_q4_lsb": 0.2127227783203125, "context_mode": "fresh_per_dispatch", "dispatch_wait_us": 196197.3, "event": "comparison", "index": 82, "mode": "random", "nonfinite_outputs": 0, "parity": "PASS", "role": "measured", "scores_max_abs": 0.0005570650100708008, "seed": 1004, "stray_writes": 0}
{"boxes_max_abs_px": 0.33978271484375, "boxes_max_q4_lsb": 0.2099609375, "context_mode": "fresh_per_dispatch", "dispatch_wait_us": 196155.5, "event": "comparison", "index": 83, "mode": "random", "nonfinite_outputs": 0, "parity": "PASS", "role": "measured", "scores_max_abs": 0.0005570650100708008, "seed": 1005, "stray_writes": 0}
{"boxes_max_abs_px": 0.28155517578125, "boxes_max_q4_lsb": 0.20379638671875, "context_mode": "fresh_per_dispatch", "dispatch_wait_us": 196305.5, "event": "comparison", "index": 84, "mode": "random", "nonfinite_outputs": 0, "parity": "PASS", "role": "measured", "scores_max_abs": 0.0005570650100708008, "seed": 1006, "stray_writes": 0}
{"boxes_max_abs_px": 0.30828857421875, "boxes_max_q4_lsb": 0.181854248046875, "context_mode": "fresh_per_dispatch", "dispatch_wait_us": 196109.6, "event": "comparison", "index": 85, "mode": "random", "nonfinite_outputs": 0, "parity": "PASS", "role": "measured", "scores_max_abs": 0.0005570650100708008, "seed": 1007, "stray_writes": 0}
{"boxes_max_abs_px": 0.302947998046875, "boxes_max_q4_lsb": 0.20831298828125, "context_mode": "fresh_per_dispatch", "dispatch_wait_us": 196141.1, "event": "comparison", "index": 86, "mode": "random", "nonfinite_outputs": 0, "parity": "PASS", "role": "measured", "scores_max_abs": 0.0005570650100708008, "seed": 1000, "stray_writes": 0}
{"boxes_max_abs_px": 0.26224517822265625, "boxes_max_q4_lsb": 0.20758056640625, "context_mode": "fresh_per_dispatch", "dispatch_wait_us": 196234.9, "event": "comparison", "index": 87, "mode": "random", "nonfinite_outputs": 0, "parity": "PASS", "role": "measured", "scores_max_abs": 0.0005570650100708008, "seed": 1001, "stray_writes": 0}
{"boxes_max_abs_px": 0.322113037109375, "boxes_max_q4_lsb": 0.185943603515625, "context_mode": "fresh_per_dispatch", "dispatch_wait_us": 196160.8, "event": "comparison", "index": 88, "mode": "random", "nonfinite_outputs": 0, "parity": "PASS", "role": "measured", "scores_max_abs": 0.0005570650100708008, "seed": 1002, "stray_writes": 0}
{"boxes_max_abs_px": 0.26580810546875, "boxes_max_q4_lsb": 0.2060546875, "context_mode": "fresh_per_dispatch", "dispatch_wait_us": 196140.0, "event": "comparison", "index": 89, "mode": "random", "nonfinite_outputs": 0, "parity": "PASS", "role": "measured", "scores_max_abs": 0.0005570650100708008, "seed": 1003, "stray_writes": 0}
{"boxes_max_abs_px": 0.29937744140625, "boxes_max_q4_lsb": 0.2127227783203125, "context_mode": "fresh_per_dispatch", "dispatch_wait_us": 196294.8, "event": "comparison", "index": 90, "mode": "random", "nonfinite_outputs": 0, "parity": "PASS", "role": "measured", "scores_max_abs": 0.0005570650100708008, "seed": 1004, "stray_writes": 0}
{"boxes_max_abs_px": 0.33978271484375, "boxes_max_q4_lsb": 0.2099609375, "context_mode": "fresh_per_dispatch", "dispatch_wait_us": 196110.3, "event": "comparison", "index": 91, "mode": "random", "nonfinite_outputs": 0, "parity": "PASS", "role": "measured", "scores_max_abs": 0.0005570650100708008, "seed": 1005, "stray_writes": 0}
{"boxes_max_abs_px": 0.28155517578125, "boxes_max_q4_lsb": 0.20379638671875, "context_mode": "fresh_per_dispatch", "dispatch_wait_us": 196174.7, "event": "comparison", "index": 92, "mode": "random", "nonfinite_outputs": 0, "parity": "PASS", "role": "measured", "scores_max_abs": 0.0005570650100708008, "seed": 1006, "stray_writes": 0}
{"boxes_max_abs_px": 0.30828857421875, "boxes_max_q4_lsb": 0.181854248046875, "context_mode": "fresh_per_dispatch", "dispatch_wait_us": 196181.1, "event": "comparison", "index": 93, "mode": "random", "nonfinite_outputs": 0, "parity": "PASS", "role": "measured", "scores_max_abs": 0.0005570650100708008, "seed": 1007, "stray_writes": 0}
{"boxes_max_abs_px": 0.302947998046875, "boxes_max_q4_lsb": 0.20831298828125, "context_mode": "fresh_per_dispatch", "dispatch_wait_us": 196141.3, "event": "comparison", "index": 94, "mode": "random", "nonfinite_outputs": 0, "parity": "PASS", "role": "measured", "scores_max_abs": 0.0005570650100708008, "seed": 1000, "stray_writes": 0}
{"boxes_max_abs_px": 0.26224517822265625, "boxes_max_q4_lsb": 0.20758056640625, "context_mode": "fresh_per_dispatch", "dispatch_wait_us": 196135.3, "event": "comparison", "index": 95, "mode": "random", "nonfinite_outputs": 0, "parity": "PASS", "role": "measured", "scores_max_abs": 0.0005570650100708008, "seed": 1001, "stray_writes": 0}
{"boxes_max_abs_px": 0.322113037109375, "boxes_max_q4_lsb": 0.185943603515625, "context_mode": "fresh_per_dispatch", "dispatch_wait_us": 196156.5, "event": "comparison", "index": 96, "mode": "random", "nonfinite_outputs": 0, "parity": "PASS", "role": "measured", "scores_max_abs": 0.0005570650100708008, "seed": 1002, "stray_writes": 0}
{"boxes_max_abs_px": 0.26580810546875, "boxes_max_q4_lsb": 0.2060546875, "context_mode": "fresh_per_dispatch", "dispatch_wait_us": 196103.4, "event": "comparison", "index": 97, "mode": "random", "nonfinite_outputs": 0, "parity": "PASS", "role": "measured", "scores_max_abs": 0.0005570650100708008, "seed": 1003, "stray_writes": 0}
{"boxes_max_abs_px": 0.29937744140625, "boxes_max_q4_lsb": 0.2127227783203125, "context_mode": "fresh_per_dispatch", "dispatch_wait_us": 196224.2, "event": "comparison", "index": 98, "mode": "random", "nonfinite_outputs": 0, "parity": "PASS", "role": "measured", "scores_max_abs": 0.0005570650100708008, "seed": 1004, "stray_writes": 0}
{"boxes_max_abs_px": 0.33978271484375, "boxes_max_q4_lsb": 0.2099609375, "context_mode": "fresh_per_dispatch", "dispatch_wait_us": 196170.4, "event": "comparison", "index": 99, "mode": "random", "nonfinite_outputs": 0, "parity": "PASS", "role": "measured", "scores_max_abs": 0.0005570650100708008, "seed": 1005, "stray_writes": 0}
{"boxes_max_abs_px": 0.28155517578125, "boxes_max_q4_lsb": 0.20379638671875, "context_mode": "fresh_per_dispatch", "dispatch_wait_us": 196116.4, "event": "comparison", "index": 100, "mode": "random", "nonfinite_outputs": 0, "parity": "PASS", "role": "measured", "scores_max_abs": 0.0005570650100708008, "seed": 1006, "stray_writes": 0}
{"boxes_max_abs_px": 0.30828857421875, "boxes_max_q4_lsb": 0.181854248046875, "context_mode": "fresh_per_dispatch", "dispatch_wait_us": 196088.1, "event": "comparison", "index": 101, "mode": "random", "nonfinite_outputs": 0, "parity": "PASS", "role": "measured", "scores_max_abs": 0.0005570650100708008, "seed": 1007, "stray_writes": 0}
{"boxes_max_abs_px": 0.302947998046875, "boxes_max_q4_lsb": 0.20831298828125, "context_mode": "fresh_per_dispatch", "dispatch_wait_us": 196160.8, "event": "comparison", "index": 102, "mode": "random", "nonfinite_outputs": 0, "parity": "PASS", "role": "measured", "scores_max_abs": 0.0005570650100708008, "seed": 1000, "stray_writes": 0}
{"boxes_max_abs_px": 0.26224517822265625, "boxes_max_q4_lsb": 0.20758056640625, "context_mode": "fresh_per_dispatch", "dispatch_wait_us": 196358.5, "event": "comparison", "index": 103, "mode": "random", "nonfinite_outputs": 0, "parity": "PASS", "role": "measured", "scores_max_abs": 0.0005570650100708008, "seed": 1001, "stray_writes": 0}
{"boxes_max_abs_px": 0.322113037109375, "boxes_max_q4_lsb": 0.185943603515625, "context_mode": "fresh_per_dispatch", "dispatch_wait_us": 196151.5, "event": "comparison", "index": 104, "mode": "random", "nonfinite_outputs": 0, "parity": "PASS", "role": "measured", "scores_max_abs": 0.0005570650100708008, "seed": 1002, "stray_writes": 0}
{"boxes_max_abs_px": 0.26580810546875, "boxes_max_q4_lsb": 0.2060546875, "context_mode": "fresh_per_dispatch", "dispatch_wait_us": 196249.1, "event": "comparison", "index": 105, "mode": "random", "nonfinite_outputs": 0, "parity": "PASS", "role": "measured", "scores_max_abs": 0.0005570650100708008, "seed": 1003, "stray_writes": 0}
{"boxes_max_abs_px": 0.29937744140625, "boxes_max_q4_lsb": 0.2127227783203125, "context_mode": "fresh_per_dispatch", "dispatch_wait_us": 196264.6, "event": "comparison", "index": 106, "mode": "random", "nonfinite_outputs": 0, "parity": "PASS", "role": "measured", "scores_max_abs": 0.0005570650100708008, "seed": 1004, "stray_writes": 0}
{"boxes_max_abs_px": 0.33978271484375, "boxes_max_q4_lsb": 0.2099609375, "context_mode": "fresh_per_dispatch", "dispatch_wait_us": 196070.0, "event": "comparison", "index": 107, "mode": "random", "nonfinite_outputs": 0, "parity": "PASS", "role": "measured", "scores_max_abs": 0.0005570650100708008, "seed": 1005, "stray_writes": 0}
{"boxes_max_abs_px": 0.28155517578125, "boxes_max_q4_lsb": 0.20379638671875, "context_mode": "fresh_per_dispatch", "dispatch_wait_us": 196279.9, "event": "comparison", "index": 108, "mode": "random", "nonfinite_outputs": 0, "parity": "PASS", "role": "measured", "scores_max_abs": 0.0005570650100708008, "seed": 1006, "stray_writes": 0}
{"boxes_max_abs_px": 0.30828857421875, "boxes_max_q4_lsb": 0.181854248046875, "context_mode": "fresh_per_dispatch", "dispatch_wait_us": 196167.5, "event": "comparison", "index": 109, "mode": "random", "nonfinite_outputs": 0, "parity": "PASS", "role": "measured", "scores_max_abs": 0.0005570650100708008, "seed": 1007, "stray_writes": 0}
{"boxes_max_abs_px": 0.302947998046875, "boxes_max_q4_lsb": 0.20831298828125, "context_mode": "fresh_per_dispatch", "dispatch_wait_us": 196128.7, "event": "comparison", "index": 110, "mode": "random", "nonfinite_outputs": 0, "parity": "PASS", "role": "measured", "scores_max_abs": 0.0005570650100708008, "seed": 1000, "stray_writes": 0}
{"boxes_max_abs_px": 0.26224517822265625, "boxes_max_q4_lsb": 0.20758056640625, "context_mode": "fresh_per_dispatch", "dispatch_wait_us": 196194.9, "event": "comparison", "index": 111, "mode": "random", "nonfinite_outputs": 0, "parity": "PASS", "role": "measured", "scores_max_abs": 0.0005570650100708008, "seed": 1001, "stray_writes": 0}
{"boxes_max_abs_px": 0.322113037109375, "boxes_max_q4_lsb": 0.185943603515625, "context_mode": "fresh_per_dispatch", "dispatch_wait_us": 196165.6, "event": "comparison", "index": 112, "mode": "random", "nonfinite_outputs": 0, "parity": "PASS", "role": "measured", "scores_max_abs": 0.0005570650100708008, "seed": 1002, "stray_writes": 0}
{"boxes_max_abs_px": 0.26580810546875, "boxes_max_q4_lsb": 0.2060546875, "context_mode": "fresh_per_dispatch", "dispatch_wait_us": 198725.6, "event": "comparison", "index": 113, "mode": "random", "nonfinite_outputs": 0, "parity": "PASS", "role": "measured", "scores_max_abs": 0.0005570650100708008, "seed": 1003, "stray_writes": 0}
{"event": "postflight", "no_hardware_contexts": true}
{"active_anchors": 8400, "box_tolerance_q4_lsb": 1.0, "boxes_max_abs_px": 0.4100341796875, "boxes_max_q4_lsb": 0.2523651123046875, "context_mode": "fresh_per_dispatch", "dispatches_checked": 114, "event": "hardware_result", "fixed_boxes_max_abs": 0.0166015625, "fixed_mismatched_values": 27, "fixed_scores_max_abs": 0.0, "full_design": true, "iterations": 100, "latency_gate": "max of measured dispatch waits below the limit, full 4x4 design only", "latency_limit_us": 300.0, "latency_verdict": "FAIL", "max_us": 198725.6, "mean_us": 196254.016, "median_us": 196178.0, "min_us": 196070.0, "p95_us": 196500.44, "parity_verdict": "PASS", "score_tolerance": 0.015625, "scores_max_abs": 0.0005570650100708008, "shape": {"cols": 4, "cores_per_col": 4}, "stdev_us": 299.0277345064175, "warmup": 10}
Traceback (most recent call last):
  File "<worktree>\tests\test_dfl_kernel.py", line 596, in main
    hardware(args, directory)
    ~~~~~~~~^^^^^^^^^^^^^^^^^
  File "<worktree>\tests\test_dfl_kernel.py", line 542, in hardware
    raise AssertionError(f"DFL dispatch latency exceeded {LATENCY_LIMIT_US} us: max {max(samples):.1f} us")
AssertionError: DFL dispatch latency exceeded 300.0 us: max 198725.6 us

