Phoenix DFL decode silicon qualification
date_utc=2026-09-13T15:45:33+00:00
host=DESKTOP-CBL5NUA
command=C:\Users\<user>\mlir-aie\ironenv\Scripts\python.exe tests/test_dfl_kernel.py --hardware --skip-offline --cols 1 --cores-per-col 2 --iters 20 --warmup 2 --log results\aie\dfl_decode_phoenix_probe_1x2_20260913T154533Z.log
shape=1x2 (2 cores)
test_sha256=47d4d5fb741e046635f189cba73bc029ff2c5603a86961061d51cc6ee3d171a5
source_dfl_decode.cc_sha256=d1d84be79b04060a5168f846b49e86f8b492384f62b0ef3779f3ffa892087151
source_dfl_stage.py_sha256=79239e7f49134072bc99ee53d3305e5529f3d863962dd4bf19f9e95509f0e56a
{"active_anchors": 1050, "active_cores": 2, "event": "build_identity", "full_design": false, "insts_sha256": "bfe79d52f2779e42bb16aa1e666f5b53e32331af841e31e1f66179bee5dd721f", "shape": {"cols": 1, "cores_per_col": 2}, "sources": {"dfl_decode.cc": "d1d84be79b04060a5168f846b49e86f8b492384f62b0ef3779f3ffa892087151", "dfl_stage.py": "79239e7f49134072bc99ee53d3305e5529f3d863962dd4bf19f9e95509f0e56a"}, "test_sha256": "47d4d5fb741e046635f189cba73bc029ff2c5603a86961061d51cc6ee3d171a5", "xclbin_sha256": "a734d3791306ae24a049bb47b0b4c94b3b5027c70eded625d1ce4fc4716d50e2"}
{"dispatches": 26, "distinct_fixtures": 12, "event": "references_ready", "measured_fixture_pool": 8}

-----------------------------
[003d:00:01.1] : NPU Phoenix
-----------------------------
AIE Partitions
  No hardware contexts running on device


HOST_LOAD busy_cores=0.4 logical_cores=16 free_ram_gb=16.2 sample_sec=1
HOST_LOAD_TOP 0.15 pycharm64:8540 ws_mb=2780
HOST_LOAD_TOP 0.09 <local-tool>:31940 ws_mb=1248
HOST_LOAD_TOP 0.08 Taskmgr:13448 ws_mb=178
HOST_LOAD_TOP 0.03 <local-tool>:17796 ws_mb=146
HOST_LOAD_TOP 0.03 powershell:17832 ws_mb=81
HOST_LOAD_VERDICT CLEAR

{"context_mode": "fresh_per_dispatch", "event": "context_ready", "group_ids": {"1": "0x00860001", "3": "0x00860000", "4": "0x00860000", "5": "0x00860000"}}
{"boxes_max_abs_px": 0.0920562744140625, "boxes_max_q4_lsb": 0.184112548828125, "context_mode": "fresh_per_dispatch", "dispatch_wait_us": 99113.0, "event": "comparison", "fixed_boxes_max_abs": 0.004638671875, "fixed_mismatched_values": 3, "fixed_scores_max_abs": 0.0, "index": 0, "mode": "random", "nonfinite_outputs": 0, "parity": "PASS", "role": "correctness", "scores_max_abs": 0.0005570650100708008, "seed": 17, "stray_writes": 0}
{"boxes_max_abs_px": 0.10797119140625, "boxes_max_q4_lsb": 0.2159423828125, "context_mode": "fresh_per_dispatch", "dispatch_wait_us": 99092.5, "event": "comparison", "fixed_boxes_max_abs": 0.00390625, "fixed_mismatched_values": 3, "fixed_scores_max_abs": 0.0, "index": 1, "mode": "extreme", "nonfinite_outputs": 0, "parity": "PASS", "role": "correctness", "scores_max_abs": 0.0005570650100708008, "seed": 91, "stray_writes": 0}
{"boxes_max_abs_px": 0.0, "boxes_max_q4_lsb": 0.0, "context_mode": "fresh_per_dispatch", "dispatch_wait_us": 99123.1, "event": "comparison", "fixed_boxes_max_abs": 0.0, "fixed_mismatched_values": 0, "fixed_scores_max_abs": 0.0, "index": 2, "mode": "uniform", "nonfinite_outputs": 0, "parity": "PASS", "role": "correctness", "scores_max_abs": 5.3316354751586914e-05, "seed": 123, "stray_writes": 0}
{"boxes_max_abs_px": 0.0132598876953125, "boxes_max_q4_lsb": 0.026519775390625, "context_mode": "fresh_per_dispatch", "dispatch_wait_us": 99080.7, "event": "comparison", "fixed_boxes_max_abs": 0.0, "fixed_mismatched_values": 0, "fixed_scores_max_abs": 0.0, "index": 3, "mode": "ramp", "nonfinite_outputs": 0, "parity": "PASS", "role": "correctness", "scores_max_abs": 0.0005570650100708008, "seed": 7, "stray_writes": 0}
{"boxes_max_abs_px": 0.076873779296875, "boxes_max_q4_lsb": 0.15374755859375, "context_mode": "fresh_per_dispatch", "dispatch_wait_us": 99135.8, "event": "comparison", "index": 4, "mode": "random", "nonfinite_outputs": 0, "parity": "PASS", "role": "warmup", "scores_max_abs": 0.0005570650100708008, "seed": 1000, "stray_writes": 0}
{"boxes_max_abs_px": 0.0729827880859375, "boxes_max_q4_lsb": 0.145965576171875, "context_mode": "fresh_per_dispatch", "dispatch_wait_us": 99087.8, "event": "comparison", "index": 5, "mode": "random", "nonfinite_outputs": 0, "parity": "PASS", "role": "warmup", "scores_max_abs": 0.0005570650100708008, "seed": 1001, "stray_writes": 0}
{"boxes_max_abs_px": 0.076873779296875, "boxes_max_q4_lsb": 0.15374755859375, "context_mode": "fresh_per_dispatch", "dispatch_wait_us": 99113.6, "event": "comparison", "index": 6, "mode": "random", "nonfinite_outputs": 0, "parity": "PASS", "role": "measured", "scores_max_abs": 0.0005570650100708008, "seed": 1000, "stray_writes": 0}
{"boxes_max_abs_px": 0.0729827880859375, "boxes_max_q4_lsb": 0.145965576171875, "context_mode": "fresh_per_dispatch", "dispatch_wait_us": 99128.8, "event": "comparison", "index": 7, "mode": "random", "nonfinite_outputs": 0, "parity": "PASS", "role": "measured", "scores_max_abs": 0.0005570650100708008, "seed": 1001, "stray_writes": 0}
{"boxes_max_abs_px": 0.0848236083984375, "boxes_max_q4_lsb": 0.169647216796875, "context_mode": "fresh_per_dispatch", "dispatch_wait_us": 99128.5, "event": "comparison", "index": 8, "mode": "random", "nonfinite_outputs": 0, "parity": "PASS", "role": "measured", "scores_max_abs": 0.0005570650100708008, "seed": 1002, "stray_writes": 0}
{"boxes_max_abs_px": 0.0850372314453125, "boxes_max_q4_lsb": 0.170074462890625, "context_mode": "fresh_per_dispatch", "dispatch_wait_us": 99125.6, "event": "comparison", "index": 9, "mode": "random", "nonfinite_outputs": 0, "parity": "PASS", "role": "measured", "scores_max_abs": 0.0005570650100708008, "seed": 1003, "stray_writes": 0}
{"boxes_max_abs_px": 0.0873870849609375, "boxes_max_q4_lsb": 0.174774169921875, "context_mode": "fresh_per_dispatch", "dispatch_wait_us": 99122.1, "event": "comparison", "index": 10, "mode": "random", "nonfinite_outputs": 0, "parity": "PASS", "role": "measured", "scores_max_abs": 0.0005570650100708008, "seed": 1004, "stray_writes": 0}
{"boxes_max_abs_px": 0.0721435546875, "boxes_max_q4_lsb": 0.144287109375, "context_mode": "fresh_per_dispatch", "dispatch_wait_us": 99122.7, "event": "comparison", "index": 11, "mode": "random", "nonfinite_outputs": 0, "parity": "PASS", "role": "measured", "scores_max_abs": 0.0005570650100708008, "seed": 1005, "stray_writes": 0}
{"boxes_max_abs_px": 0.07949066162109375, "boxes_max_q4_lsb": 0.1589813232421875, "context_mode": "fresh_per_dispatch", "dispatch_wait_us": 99136.6, "event": "comparison", "index": 12, "mode": "random", "nonfinite_outputs": 0, "parity": "PASS", "role": "measured", "scores_max_abs": 0.0005570650100708008, "seed": 1006, "stray_writes": 0}
{"boxes_max_abs_px": 0.0909271240234375, "boxes_max_q4_lsb": 0.181854248046875, "context_mode": "fresh_per_dispatch", "dispatch_wait_us": 99124.8, "event": "comparison", "index": 13, "mode": "random", "nonfinite_outputs": 0, "parity": "PASS", "role": "measured", "scores_max_abs": 0.0005570650100708008, "seed": 1007, "stray_writes": 0}
{"boxes_max_abs_px": 0.076873779296875, "boxes_max_q4_lsb": 0.15374755859375, "context_mode": "fresh_per_dispatch", "dispatch_wait_us": 99108.9, "event": "comparison", "index": 14, "mode": "random", "nonfinite_outputs": 0, "parity": "PASS", "role": "measured", "scores_max_abs": 0.0005570650100708008, "seed": 1000, "stray_writes": 0}
{"boxes_max_abs_px": 0.0729827880859375, "boxes_max_q4_lsb": 0.145965576171875, "context_mode": "fresh_per_dispatch", "dispatch_wait_us": 99132.2, "event": "comparison", "index": 15, "mode": "random", "nonfinite_outputs": 0, "parity": "PASS", "role": "measured", "scores_max_abs": 0.0005570650100708008, "seed": 1001, "stray_writes": 0}
{"boxes_max_abs_px": 0.0848236083984375, "boxes_max_q4_lsb": 0.169647216796875, "context_mode": "fresh_per_dispatch", "dispatch_wait_us": 99135.6, "event": "comparison", "index": 16, "mode": "random", "nonfinite_outputs": 0, "parity": "PASS", "role": "measured", "scores_max_abs": 0.0005570650100708008, "seed": 1002, "stray_writes": 0}
{"boxes_max_abs_px": 0.0850372314453125, "boxes_max_q4_lsb": 0.170074462890625, "context_mode": "fresh_per_dispatch", "dispatch_wait_us": 99131.3, "event": "comparison", "index": 17, "mode": "random", "nonfinite_outputs": 0, "parity": "PASS", "role": "measured", "scores_max_abs": 0.0005570650100708008, "seed": 1003, "stray_writes": 0}
{"boxes_max_abs_px": 0.0873870849609375, "boxes_max_q4_lsb": 0.174774169921875, "context_mode": "fresh_per_dispatch", "dispatch_wait_us": 99079.5, "event": "comparison", "index": 18, "mode": "random", "nonfinite_outputs": 0, "parity": "PASS", "role": "measured", "scores_max_abs": 0.0005570650100708008, "seed": 1004, "stray_writes": 0}
{"boxes_max_abs_px": 0.0721435546875, "boxes_max_q4_lsb": 0.144287109375, "context_mode": "fresh_per_dispatch", "dispatch_wait_us": 99151.0, "event": "comparison", "index": 19, "mode": "random", "nonfinite_outputs": 0, "parity": "PASS", "role": "measured", "scores_max_abs": 0.0005570650100708008, "seed": 1005, "stray_writes": 0}
{"boxes_max_abs_px": 0.07949066162109375, "boxes_max_q4_lsb": 0.1589813232421875, "context_mode": "fresh_per_dispatch", "dispatch_wait_us": 99131.4, "event": "comparison", "index": 20, "mode": "random", "nonfinite_outputs": 0, "parity": "PASS", "role": "measured", "scores_max_abs": 0.0005570650100708008, "seed": 1006, "stray_writes": 0}
{"boxes_max_abs_px": 0.0909271240234375, "boxes_max_q4_lsb": 0.181854248046875, "context_mode": "fresh_per_dispatch", "dispatch_wait_us": 99138.7, "event": "comparison", "index": 21, "mode": "random", "nonfinite_outputs": 0, "parity": "PASS", "role": "measured", "scores_max_abs": 0.0005570650100708008, "seed": 1007, "stray_writes": 0}
{"boxes_max_abs_px": 0.076873779296875, "boxes_max_q4_lsb": 0.15374755859375, "context_mode": "fresh_per_dispatch", "dispatch_wait_us": 99158.6, "event": "comparison", "index": 22, "mode": "random", "nonfinite_outputs": 0, "parity": "PASS", "role": "measured", "scores_max_abs": 0.0005570650100708008, "seed": 1000, "stray_writes": 0}
{"boxes_max_abs_px": 0.0729827880859375, "boxes_max_q4_lsb": 0.145965576171875, "context_mode": "fresh_per_dispatch", "dispatch_wait_us": 99127.3, "event": "comparison", "index": 23, "mode": "random", "nonfinite_outputs": 0, "parity": "PASS", "role": "measured", "scores_max_abs": 0.0005570650100708008, "seed": 1001, "stray_writes": 0}
{"boxes_max_abs_px": 0.0848236083984375, "boxes_max_q4_lsb": 0.169647216796875, "context_mode": "fresh_per_dispatch", "dispatch_wait_us": 99095.6, "event": "comparison", "index": 24, "mode": "random", "nonfinite_outputs": 0, "parity": "PASS", "role": "measured", "scores_max_abs": 0.0005570650100708008, "seed": 1002, "stray_writes": 0}
{"boxes_max_abs_px": 0.0850372314453125, "boxes_max_q4_lsb": 0.170074462890625, "context_mode": "fresh_per_dispatch", "dispatch_wait_us": 99123.1, "event": "comparison", "index": 25, "mode": "random", "nonfinite_outputs": 0, "parity": "PASS", "role": "measured", "scores_max_abs": 0.0005570650100708008, "seed": 1003, "stray_writes": 0}
{"event": "postflight", "no_hardware_contexts": true}
{"active_anchors": 1050, "box_tolerance_q4_lsb": 1.0, "boxes_max_abs_px": 0.10797119140625, "boxes_max_q4_lsb": 0.2159423828125, "context_mode": "fresh_per_dispatch", "dispatches_checked": 26, "event": "hardware_result", "fixed_boxes_max_abs": 0.004638671875, "fixed_mismatched_values": 3, "fixed_scores_max_abs": 0.0, "full_design": false, "iterations": 20, "latency_gate": "max of measured dispatch waits below the limit, full 4x4 design only", "latency_limit_us": 300.0, "latency_verdict": "NOT_APPLICABLE", "max_us": 99158.6, "mean_us": 99125.795, "median_us": 99127.9, "min_us": 99079.5, "p95_us": 99151.38, "parity_verdict": "PASS", "score_tolerance": 0.015625, "scores_max_abs": 0.0005570650100708008, "shape": {"cols": 1, "cores_per_col": 2}, "stdev_us": 17.37040662494108, "warmup": 2}
