Phoenix DFL decode silicon qualification
date_utc=2026-09-13T15:45:41+00:00
host=DESKTOP-CBL5NUA
command=C:\Users\<user>\mlir-aie\ironenv\Scripts\python.exe tests/test_dfl_kernel.py --hardware --skip-offline --cols 1 --cores-per-col 4 --iters 20 --warmup 2 --log results\aie\dfl_decode_phoenix_probe_1x4_20260913T154541Z.log
shape=1x4 (4 cores)
test_sha256=47d4d5fb741e046635f189cba73bc029ff2c5603a86961061d51cc6ee3d171a5
source_dfl_decode.cc_sha256=d1d84be79b04060a5168f846b49e86f8b492384f62b0ef3779f3ffa892087151
source_dfl_stage.py_sha256=79239e7f49134072bc99ee53d3305e5529f3d863962dd4bf19f9e95509f0e56a
{"active_anchors": 2100, "active_cores": 4, "event": "build_identity", "full_design": false, "insts_sha256": "6b995854ed3915b8cc63f20a5bae79262c2ea6818d42ffdf4c80ec10a28471de", "shape": {"cols": 1, "cores_per_col": 4}, "sources": {"dfl_decode.cc": "d1d84be79b04060a5168f846b49e86f8b492384f62b0ef3779f3ffa892087151", "dfl_stage.py": "79239e7f49134072bc99ee53d3305e5529f3d863962dd4bf19f9e95509f0e56a"}, "test_sha256": "47d4d5fb741e046635f189cba73bc029ff2c5603a86961061d51cc6ee3d171a5", "xclbin_sha256": "23c30c956fa53a2028792d1b27c13d4eb8436b228ba5e8df4561a0761d8f73fc"}
{"dispatches": 26, "distinct_fixtures": 12, "event": "references_ready", "measured_fixture_pool": 8}

-----------------------------
[003d:00:01.1] : NPU Phoenix
-----------------------------
AIE Partitions
  No hardware contexts running on device


HOST_LOAD busy_cores=0.35 logical_cores=16 free_ram_gb=16.2 sample_sec=1
HOST_LOAD_TOP 0.11 pycharm64:8540 ws_mb=2780
HOST_LOAD_TOP 0.05 Taskmgr:13448 ws_mb=178
HOST_LOAD_TOP 0.05 <local-tool>:31940 ws_mb=1245
HOST_LOAD_TOP 0.03 powershell:19176 ws_mb=81
HOST_LOAD_TOP 0.03 <local-tool>:15092 ws_mb=425
HOST_LOAD_VERDICT CLEAR

{"context_mode": "fresh_per_dispatch", "event": "context_ready", "group_ids": {"1": "0x00a00001", "3": "0x00a00000", "4": "0x00a00000", "5": "0x00a00000"}}
{"boxes_max_abs_px": 0.0920562744140625, "boxes_max_q4_lsb": 0.184112548828125, "context_mode": "fresh_per_dispatch", "dispatch_wait_us": 195076.2, "event": "comparison", "fixed_boxes_max_abs": 0.004638671875, "fixed_mismatched_values": 6, "fixed_scores_max_abs": 0.0, "index": 0, "mode": "random", "nonfinite_outputs": 0, "parity": "PASS", "role": "correctness", "scores_max_abs": 0.0005570650100708008, "seed": 17, "stray_writes": 0}
{"boxes_max_abs_px": 0.114959716796875, "boxes_max_q4_lsb": 0.22991943359375, "context_mode": "fresh_per_dispatch", "dispatch_wait_us": 195080.3, "event": "comparison", "fixed_boxes_max_abs": 0.010986328125, "fixed_mismatched_values": 7, "fixed_scores_max_abs": 0.0, "index": 1, "mode": "extreme", "nonfinite_outputs": 0, "parity": "PASS", "role": "correctness", "scores_max_abs": 0.0005570650100708008, "seed": 91, "stray_writes": 0}
{"boxes_max_abs_px": 0.0, "boxes_max_q4_lsb": 0.0, "context_mode": "fresh_per_dispatch", "dispatch_wait_us": 195116.8, "event": "comparison", "fixed_boxes_max_abs": 0.0, "fixed_mismatched_values": 0, "fixed_scores_max_abs": 0.0, "index": 2, "mode": "uniform", "nonfinite_outputs": 0, "parity": "PASS", "role": "correctness", "scores_max_abs": 5.3316354751586914e-05, "seed": 123, "stray_writes": 0}
{"boxes_max_abs_px": 0.0132598876953125, "boxes_max_q4_lsb": 0.026519775390625, "context_mode": "fresh_per_dispatch", "dispatch_wait_us": 195236.5, "event": "comparison", "fixed_boxes_max_abs": 0.0, "fixed_mismatched_values": 0, "fixed_scores_max_abs": 0.0, "index": 3, "mode": "ramp", "nonfinite_outputs": 0, "parity": "PASS", "role": "correctness", "scores_max_abs": 0.0005570650100708008, "seed": 7, "stray_writes": 0}
{"boxes_max_abs_px": 0.08807373046875, "boxes_max_q4_lsb": 0.1761474609375, "context_mode": "fresh_per_dispatch", "dispatch_wait_us": 195058.6, "event": "comparison", "index": 4, "mode": "random", "nonfinite_outputs": 0, "parity": "PASS", "role": "warmup", "scores_max_abs": 0.0005570650100708008, "seed": 1000, "stray_writes": 0}
{"boxes_max_abs_px": 0.09051513671875, "boxes_max_q4_lsb": 0.1810302734375, "context_mode": "fresh_per_dispatch", "dispatch_wait_us": 195048.6, "event": "comparison", "index": 5, "mode": "random", "nonfinite_outputs": 0, "parity": "PASS", "role": "warmup", "scores_max_abs": 0.0005570650100708008, "seed": 1001, "stray_writes": 0}
{"boxes_max_abs_px": 0.08807373046875, "boxes_max_q4_lsb": 0.1761474609375, "context_mode": "fresh_per_dispatch", "dispatch_wait_us": 195134.2, "event": "comparison", "index": 6, "mode": "random", "nonfinite_outputs": 0, "parity": "PASS", "role": "measured", "scores_max_abs": 0.0005570650100708008, "seed": 1000, "stray_writes": 0}
{"boxes_max_abs_px": 0.09051513671875, "boxes_max_q4_lsb": 0.1810302734375, "context_mode": "fresh_per_dispatch", "dispatch_wait_us": 195125.4, "event": "comparison", "index": 7, "mode": "random", "nonfinite_outputs": 0, "parity": "PASS", "role": "measured", "scores_max_abs": 0.0005570650100708008, "seed": 1001, "stray_writes": 0}
{"boxes_max_abs_px": 0.0848236083984375, "boxes_max_q4_lsb": 0.169647216796875, "context_mode": "fresh_per_dispatch", "dispatch_wait_us": 195337.7, "event": "comparison", "index": 8, "mode": "random", "nonfinite_outputs": 0, "parity": "PASS", "role": "measured", "scores_max_abs": 0.0005570650100708008, "seed": 1002, "stray_writes": 0}
{"boxes_max_abs_px": 0.0850372314453125, "boxes_max_q4_lsb": 0.170074462890625, "context_mode": "fresh_per_dispatch", "dispatch_wait_us": 195173.6, "event": "comparison", "index": 9, "mode": "random", "nonfinite_outputs": 0, "parity": "PASS", "role": "measured", "scores_max_abs": 0.0005570650100708008, "seed": 1003, "stray_writes": 0}
{"boxes_max_abs_px": 0.0873870849609375, "boxes_max_q4_lsb": 0.174774169921875, "context_mode": "fresh_per_dispatch", "dispatch_wait_us": 195275.3, "event": "comparison", "index": 10, "mode": "random", "nonfinite_outputs": 0, "parity": "PASS", "role": "measured", "scores_max_abs": 0.0005570650100708008, "seed": 1004, "stray_writes": 0}
{"boxes_max_abs_px": 0.10498046875, "boxes_max_q4_lsb": 0.2099609375, "context_mode": "fresh_per_dispatch", "dispatch_wait_us": 195108.2, "event": "comparison", "index": 11, "mode": "random", "nonfinite_outputs": 0, "parity": "PASS", "role": "measured", "scores_max_abs": 0.0005570650100708008, "seed": 1005, "stray_writes": 0}
{"boxes_max_abs_px": 0.083587646484375, "boxes_max_q4_lsb": 0.16717529296875, "context_mode": "fresh_per_dispatch", "dispatch_wait_us": 195107.9, "event": "comparison", "index": 12, "mode": "random", "nonfinite_outputs": 0, "parity": "PASS", "role": "measured", "scores_max_abs": 0.0005570650100708008, "seed": 1006, "stray_writes": 0}
{"boxes_max_abs_px": 0.0909271240234375, "boxes_max_q4_lsb": 0.181854248046875, "context_mode": "fresh_per_dispatch", "dispatch_wait_us": 195267.6, "event": "comparison", "index": 13, "mode": "random", "nonfinite_outputs": 0, "parity": "PASS", "role": "measured", "scores_max_abs": 0.0005570650100708008, "seed": 1007, "stray_writes": 0}
{"boxes_max_abs_px": 0.08807373046875, "boxes_max_q4_lsb": 0.1761474609375, "context_mode": "fresh_per_dispatch", "dispatch_wait_us": 195097.2, "event": "comparison", "index": 14, "mode": "random", "nonfinite_outputs": 0, "parity": "PASS", "role": "measured", "scores_max_abs": 0.0005570650100708008, "seed": 1000, "stray_writes": 0}
{"boxes_max_abs_px": 0.09051513671875, "boxes_max_q4_lsb": 0.1810302734375, "context_mode": "fresh_per_dispatch", "dispatch_wait_us": 195106.1, "event": "comparison", "index": 15, "mode": "random", "nonfinite_outputs": 0, "parity": "PASS", "role": "measured", "scores_max_abs": 0.0005570650100708008, "seed": 1001, "stray_writes": 0}
{"boxes_max_abs_px": 0.0848236083984375, "boxes_max_q4_lsb": 0.169647216796875, "context_mode": "fresh_per_dispatch", "dispatch_wait_us": 195234.1, "event": "comparison", "index": 16, "mode": "random", "nonfinite_outputs": 0, "parity": "PASS", "role": "measured", "scores_max_abs": 0.0005570650100708008, "seed": 1002, "stray_writes": 0}
{"boxes_max_abs_px": 0.0850372314453125, "boxes_max_q4_lsb": 0.170074462890625, "context_mode": "fresh_per_dispatch", "dispatch_wait_us": 195063.9, "event": "comparison", "index": 17, "mode": "random", "nonfinite_outputs": 0, "parity": "PASS", "role": "measured", "scores_max_abs": 0.0005570650100708008, "seed": 1003, "stray_writes": 0}
{"boxes_max_abs_px": 0.0873870849609375, "boxes_max_q4_lsb": 0.174774169921875, "context_mode": "fresh_per_dispatch", "dispatch_wait_us": 195127.0, "event": "comparison", "index": 18, "mode": "random", "nonfinite_outputs": 0, "parity": "PASS", "role": "measured", "scores_max_abs": 0.0005570650100708008, "seed": 1004, "stray_writes": 0}
{"boxes_max_abs_px": 0.10498046875, "boxes_max_q4_lsb": 0.2099609375, "context_mode": "fresh_per_dispatch", "dispatch_wait_us": 195071.0, "event": "comparison", "index": 19, "mode": "random", "nonfinite_outputs": 0, "parity": "PASS", "role": "measured", "scores_max_abs": 0.0005570650100708008, "seed": 1005, "stray_writes": 0}
{"boxes_max_abs_px": 0.083587646484375, "boxes_max_q4_lsb": 0.16717529296875, "context_mode": "fresh_per_dispatch", "dispatch_wait_us": 195076.3, "event": "comparison", "index": 20, "mode": "random", "nonfinite_outputs": 0, "parity": "PASS", "role": "measured", "scores_max_abs": 0.0005570650100708008, "seed": 1006, "stray_writes": 0}
{"boxes_max_abs_px": 0.0909271240234375, "boxes_max_q4_lsb": 0.181854248046875, "context_mode": "fresh_per_dispatch", "dispatch_wait_us": 195134.1, "event": "comparison", "index": 21, "mode": "random", "nonfinite_outputs": 0, "parity": "PASS", "role": "measured", "scores_max_abs": 0.0005570650100708008, "seed": 1007, "stray_writes": 0}
{"boxes_max_abs_px": 0.08807373046875, "boxes_max_q4_lsb": 0.1761474609375, "context_mode": "fresh_per_dispatch", "dispatch_wait_us": 195132.4, "event": "comparison", "index": 22, "mode": "random", "nonfinite_outputs": 0, "parity": "PASS", "role": "measured", "scores_max_abs": 0.0005570650100708008, "seed": 1000, "stray_writes": 0}
{"boxes_max_abs_px": 0.09051513671875, "boxes_max_q4_lsb": 0.1810302734375, "context_mode": "fresh_per_dispatch", "dispatch_wait_us": 195485.2, "event": "comparison", "index": 23, "mode": "random", "nonfinite_outputs": 0, "parity": "PASS", "role": "measured", "scores_max_abs": 0.0005570650100708008, "seed": 1001, "stray_writes": 0}
{"boxes_max_abs_px": 0.0848236083984375, "boxes_max_q4_lsb": 0.169647216796875, "context_mode": "fresh_per_dispatch", "dispatch_wait_us": 195117.4, "event": "comparison", "index": 24, "mode": "random", "nonfinite_outputs": 0, "parity": "PASS", "role": "measured", "scores_max_abs": 0.0005570650100708008, "seed": 1002, "stray_writes": 0}
{"boxes_max_abs_px": 0.0850372314453125, "boxes_max_q4_lsb": 0.170074462890625, "context_mode": "fresh_per_dispatch", "dispatch_wait_us": 195511.3, "event": "comparison", "index": 25, "mode": "random", "nonfinite_outputs": 0, "parity": "PASS", "role": "measured", "scores_max_abs": 0.0005570650100708008, "seed": 1003, "stray_writes": 0}
{"event": "postflight", "no_hardware_contexts": true}
{"active_anchors": 2100, "box_tolerance_q4_lsb": 1.0, "boxes_max_abs_px": 0.114959716796875, "boxes_max_q4_lsb": 0.22991943359375, "context_mode": "fresh_per_dispatch", "dispatches_checked": 26, "event": "hardware_result", "fixed_boxes_max_abs": 0.010986328125, "fixed_mismatched_values": 7, "fixed_scores_max_abs": 0.0, "full_design": false, "iterations": 20, "latency_gate": "max of measured dispatch waits below the limit, full 4x4 design only", "latency_limit_us": 300.0, "latency_verdict": "NOT_APPLICABLE", "max_us": 195511.3, "mean_us": 195184.295, "median_us": 195129.7, "min_us": 195063.9, "p95_us": 195486.505, "parity_verdict": "PASS", "score_tolerance": 0.015625, "scores_max_abs": 0.0005570650100708008, "shape": {"cols": 1, "cores_per_col": 4}, "stdev_us": 130.2011459040856, "warmup": 2}
