Phoenix DFL decode silicon qualification
date_utc=2026-09-13T15:28:35+00:00
host=DESKTOP-CBL5NUA
command=C:\Users\<user>\mlir-aie\ironenv\Scripts\python.exe tests/test_dfl_kernel.py --hardware --skip-offline --cols 1 --cores-per-col 1 --iters 1 --warmup 0 --log results\aie\dfl_decode_phoenix_probe_1x1_score_witness_20260913T152835Z.log
shape=1x1 (1 cores)
test_sha256=84192fa7d82e747d0eeaa212bc6b5254d189c25c5ded778c853718700c6d524d
source_dfl_decode.cc_sha256=d1d84be79b04060a5168f846b49e86f8b492384f62b0ef3779f3ffa892087151
source_dfl_stage.py_sha256=be4453a3f110f00da4bb712d4c8807cd6aac85f6ad0060a7b5b3f52b6d55cbab
{"active_anchors": 525, "active_cores": 1, "event": "build_identity", "full_design": false, "insts_sha256": "b7c3a1eb039534e4917c4f27dd5bbc28175bc19356035f4cbbd3438620f87e07", "shape": {"cols": 1, "cores_per_col": 1}, "sources": {"dfl_decode.cc": "d1d84be79b04060a5168f846b49e86f8b492384f62b0ef3779f3ffa892087151", "dfl_stage.py": "be4453a3f110f00da4bb712d4c8807cd6aac85f6ad0060a7b5b3f52b6d55cbab"}, "test_sha256": "84192fa7d82e747d0eeaa212bc6b5254d189c25c5ded778c853718700c6d524d", "xclbin_sha256": "dd46cae54d0c80cbe9b97dd81c984fdb64f4c5eae92a0f8c62cead0c9eea11ab"}
{"dispatches": 5, "distinct_fixtures": 5, "event": "references_ready", "measured_fixture_pool": 8}

-----------------------------
[003d:00:01.1] : NPU Phoenix
-----------------------------
AIE Partitions
  No hardware contexts running on device


HOST_LOAD busy_cores=0.9 logical_cores=16 free_ram_gb=16.1 sample_sec=1
HOST_LOAD_TOP 0.31 <local-tool>:31940 ws_mb=1168
HOST_LOAD_TOP 0.25 pycharm64:8540 ws_mb=2662
HOST_LOAD_TOP 0.06 Taskmgr:13448 ws_mb=175
HOST_LOAD_TOP 0.06 powershell:1256 ws_mb=20
HOST_LOAD_TOP 0.06 <local-tool>:15092 ws_mb=414
HOST_LOAD_VERDICT CLEAR

{"event": "context_ready", "group_ids": {"1": "0x00140001", "3": "0x00140000", "4": "0x00140000", "5": "0x00140000"}}
{"boxes_max_abs_px": 0.078338623046875, "boxes_max_q4_lsb": 0.15667724609375, "dispatch_wait_us": 51135.3, "event": "comparison", "fixed_boxes_max_abs": 0.004638671875, "fixed_mismatched_values": 41414, "fixed_scores_max_abs": 719.0966796875, "index": 0, "mode": "random", "nonfinite_outputs": 0, "parity": "FAIL", "role": "correctness", "scores_max_abs": 719.0966796875, "seed": 17, "stray_writes": 0}
{"event": "parity_witness", "file": "<worktree>\\build\\dfl_decode\\48ff4ee57002a400\\parity_witness_1789313318657710100_0.npz", "index": 0, "sha256": "d5fdabb8ebf94bcd50c9a179a113b0be2abce39025848fa4b497e4c79081f7ee"}
{"event": "postflight", "no_hardware_contexts": true}
Traceback (most recent call last):
  File "<worktree>\tests\test_dfl_kernel.py", line 548, in main
    hardware(args, directory)
    ~~~~~~~~^^^^^^^^^^^^^^^^^
  File "<worktree>\tests\test_dfl_kernel.py", line 456, in hardware
    raise AssertionError(f"DFL output failed parity at dispatch {index}: {report}")
AssertionError: DFL output failed parity at dispatch 0: {'nonfinite_outputs': 0, 'stray_writes': 0, 'boxes_max_abs_px': 0.078338623046875, 'boxes_max_q4_lsb': 0.15667724609375, 'scores_max_abs': 719.0966796875, 'fixed_boxes_max_abs': 0.004638671875, 'fixed_scores_max_abs': 719.0966796875, 'fixed_mismatched_values': 41414, 'parity': 'FAIL'}

