Energy sitting on DESKTOP-CBL5NUA, started 2026-09-16T19:31:25Z
Package power: typeperf '\Energy Meter(RAPL_Package0_PKG)\Power', 1 s samples, milliwatts. Idle 30 s before each arm; window from progress line 2 to the last.
== 2026-09-16T19:31:25Z [pmode default: AMD @30 #1]
  setup     $ C:/Windows/System32/AMD/xrt-smi.exe configure --pmode default
    Power mode is set to default
  setup     $ <home>/miniforge3/envs/resnet_env17/python.exe <scratch>/pmode_readback.py
    [pmode] Power Mode             : Default | No hardware contexts running on device
  idle      29 samples, mean 34.707 W, stdev 0.255 W, CPU 7.4 %
  $ <home>/miniforge3/envs/resnet_env17/python.exe <ignite-xdna worktree>/tools/amd_vitisai_yolo.py --model <ignite-xdna main>/models/yolov8n_cut_xint8.onnx --image <Ignition main>/examples/assets/bus.jpg --ignition-src <Ignition main>/src --cache-dir <scratch>/vitisai_cache --cache-key yolov8n_energy --xclbin <ignite-xdna main>/yolocutcachekey/4x4.xclbin --warmup 50 --iterations 1200 --max-fps 30
    [amd] ort 1.23.3.dev20260320 | model yolov8n_cut_xint8.onnx | session load 0.41 s | EP report node devices report not found
    [amd] G2G mean 10.852 ms | P50 10.789 | P95 11.564 | P99 11.952 | max 12.959 | over 1200 timed frames after 50 warm-up
    [amd] stage means (ms): letterbox 2.049 | session.run 6.631 | decode+NMS 2.172
    [amd] detections on the last frame: 5 {'person': 4, 'bus': 1} | RSS 304.8 MB
  window    900 frames in 30.0 s = 30.00 fps, 29 power samples, CPU 9.2 %
  energy    package 40.165 W - idle 34.707 W = +5.458 W -> 181.94 mJ per frame
== 2026-09-16T19:32:44Z [pmode default: Ignition efficiency @30 #1]
  setup     $ <home>/miniforge3/envs/resnet_env17/python.exe <scratch>/pmode_readback.py
    [pmode] Power Mode             : Default | No hardware contexts running on device
  idle      29 samples, mean 34.916 W, stdev 0.509 W, CPU 7.4 %
  $ <home>/miniforge3/envs/mlir-aie-iron/python.exe <Ignition main>/live_ignition.py --model <ignite-xdna main>/build/yolov8n_full.ignite --source <Ignition main>/examples/assets/bus.jpg --headless --warmup 50 --frames 1200 --power-mode efficiency --max-fps 30
    [Ignition] power mode efficiency: 2 worker threads, sleeping between regions (8 cores / 16 threads on this host)
    [summary] stop: frame limit | 1250 frames processed (50 warm-up, 1200 timed) | 1 distinct source frames | image bus.jpg 810x1080
    [summary] G2G mean 9.520 ms | P50 9.519 | P95 9.907 | P99 10.218 | max 11.133 | over the last 1200 timed frames; cold first frame 11.71 ms
    [summary] stage means (ms): preprocess 1.534 | NPU forward 7.932 (dispatch 7.236, readback 0.696) | decode+NMS 0.045
    [summary] boxes from NPU heads on 1200/1200 timed frames | 5.00 detections per frame
    [summary] RSS 191.3 MB at the first timed frame, 191.3 MB at the end (+0.00 MB over 1200 frames)
  window    900 frames in 30.0 s = 30.00 fps, 29 power samples, CPU 8.1 %
  energy    package 39.256 W - idle 34.916 W = +4.339 W -> 144.64 mJ per frame
== 2026-09-16T19:34:04Z [pmode powersaver: AMD @30 #1]
  setup     $ C:/Windows/System32/AMD/xrt-smi.exe configure --pmode powersaver
    Power mode is set to powersaver
  setup     $ <home>/miniforge3/envs/resnet_env17/python.exe <scratch>/pmode_readback.py
    [pmode] Power Mode             : Powersaver | No hardware contexts running on device
  idle      29 samples, mean 35.313 W, stdev 1.314 W, CPU 8.0 %
  $ <home>/miniforge3/envs/resnet_env17/python.exe <ignite-xdna worktree>/tools/amd_vitisai_yolo.py --model <ignite-xdna main>/models/yolov8n_cut_xint8.onnx --image <Ignition main>/examples/assets/bus.jpg --ignition-src <Ignition main>/src --cache-dir <scratch>/vitisai_cache --cache-key yolov8n_energy --xclbin <ignite-xdna main>/yolocutcachekey/4x4.xclbin --warmup 50 --iterations 1200 --max-fps 30
    [amd] ort 1.23.3.dev20260320 | model yolov8n_cut_xint8.onnx | session load 0.41 s | EP report node devices report not found
    [amd] G2G mean 17.049 ms | P50 16.977 | P95 17.900 | P99 18.625 | max 20.907 | over 1200 timed frames after 50 warm-up
    [amd] stage means (ms): letterbox 2.055 | session.run 12.809 | decode+NMS 2.186
    [amd] detections on the last frame: 5 {'person': 4, 'bus': 1} | RSS 305.7 MB
  window    900 frames in 30.0 s = 30.00 fps, 29 power samples, CPU 9.2 %
  energy    package 39.043 W - idle 35.313 W = +3.730 W -> 124.33 mJ per frame
== 2026-09-16T19:35:24Z [pmode powersaver: Ignition efficiency @30 #1]
  setup     $ <home>/miniforge3/envs/resnet_env17/python.exe <scratch>/pmode_readback.py
    [pmode] Power Mode             : Powersaver | No hardware contexts running on device
  idle      29 samples, mean 34.965 W, stdev 0.310 W, CPU 7.5 %
  $ <home>/miniforge3/envs/mlir-aie-iron/python.exe <Ignition main>/live_ignition.py --model <ignite-xdna main>/build/yolov8n_full.ignite --source <Ignition main>/examples/assets/bus.jpg --headless --warmup 50 --frames 1200 --power-mode efficiency --max-fps 30
    [Ignition] power mode efficiency: 2 worker threads, sleeping between regions (8 cores / 16 threads on this host)
    [summary] stop: frame limit | 1250 frames processed (50 warm-up, 1200 timed) | 1 distinct source frames | image bus.jpg 810x1080
    [summary] G2G mean 18.091 ms | P50 18.072 | P95 18.545 | P99 18.902 | max 19.571 | over the last 1200 timed frames; cold first frame 21.61 ms
    [summary] stage means (ms): preprocess 1.550 | NPU forward 16.487 (dispatch 15.780, readback 0.707) | decode+NMS 0.044
    [summary] boxes from NPU heads on 1200/1200 timed frames | 5.00 detections per frame
    [summary] RSS 191.0 MB at the first timed frame, 191.0 MB at the end (+0.00 MB over 1200 frames)
  window    900 frames in 30.0 s = 30.00 fps, 29 power samples, CPU 8.5 %
  energy    package 38.890 W - idle 34.965 W = +3.926 W -> 130.85 mJ per frame
== 2026-09-16T19:36:44Z [pmode balanced: AMD @30 #1]
  setup     $ C:/Windows/System32/AMD/xrt-smi.exe configure --pmode balanced
    Power mode is set to balanced
  setup     $ <home>/miniforge3/envs/resnet_env17/python.exe <scratch>/pmode_readback.py
    [pmode] Power Mode             : Balanced | No hardware contexts running on device
  idle      29 samples, mean 35.098 W, stdev 0.306 W, CPU 7.6 %
  $ <home>/miniforge3/envs/resnet_env17/python.exe <ignite-xdna worktree>/tools/amd_vitisai_yolo.py --model <ignite-xdna main>/models/yolov8n_cut_xint8.onnx --image <Ignition main>/examples/assets/bus.jpg --ignition-src <Ignition main>/src --cache-dir <scratch>/vitisai_cache --cache-key yolov8n_energy --xclbin <ignite-xdna main>/yolocutcachekey/4x4.xclbin --warmup 50 --iterations 1200 --max-fps 30
    [amd] ort 1.23.3.dev20260320 | model yolov8n_cut_xint8.onnx | session load 0.41 s | EP report node devices report not found
    [amd] G2G mean 14.406 ms | P50 14.361 | P95 15.103 | P99 16.398 | max 17.874 | over 1200 timed frames after 50 warm-up
    [amd] stage means (ms): letterbox 2.053 | session.run 10.088 | decode+NMS 2.265
    [amd] detections on the last frame: 5 {'person': 4, 'bus': 1} | RSS 304.1 MB
  window    900 frames in 30.0 s = 30.00 fps, 29 power samples, CPU 8.8 %
  energy    package 39.082 W - idle 35.098 W = +3.985 W -> 132.82 mJ per frame
== 2026-09-16T19:38:02Z [pmode balanced: Ignition efficiency @30 #1]
  setup     $ <home>/miniforge3/envs/resnet_env17/python.exe <scratch>/pmode_readback.py
    [pmode] Power Mode             : Balanced | No hardware contexts running on device
  idle      29 samples, mean 35.140 W, stdev 0.826 W, CPU 7.8 %
  $ <home>/miniforge3/envs/mlir-aie-iron/python.exe <Ignition main>/live_ignition.py --model <ignite-xdna main>/build/yolov8n_full.ignite --source <Ignition main>/examples/assets/bus.jpg --headless --warmup 50 --frames 1200 --power-mode efficiency --max-fps 30
    [Ignition] power mode efficiency: 2 worker threads, sleeping between regions (8 cores / 16 threads on this host)
    [summary] stop: frame limit | 1250 frames processed (50 warm-up, 1200 timed) | 1 distinct source frames | image bus.jpg 810x1080
    [summary] G2G mean 14.133 ms | P50 14.104 | P95 14.628 | P99 14.983 | max 15.990 | over the last 1200 timed frames; cold first frame 16.84 ms
    [summary] stage means (ms): preprocess 1.540 | NPU forward 12.536 (dispatch 11.822, readback 0.714) | decode+NMS 0.047
    [summary] boxes from NPU heads on 1200/1200 timed frames | 5.00 detections per frame
    [summary] RSS 191.4 MB at the first timed frame, 191.4 MB at the end (+0.00 MB over 1200 frames)
  window    900 frames in 30.0 s = 30.00 fps, 29 power samples, CPU 8.2 %
  energy    package 38.511 W - idle 35.140 W = +3.372 W -> 112.38 mJ per frame
== 2026-09-16T19:39:22Z [pmode balanced: AMD @30 #2]
  setup     $ C:/Windows/System32/AMD/xrt-smi.exe configure --pmode balanced
    Power mode is set to balanced
  setup     $ <home>/miniforge3/envs/resnet_env17/python.exe <scratch>/pmode_readback.py
    [pmode] Power Mode             : Balanced | No hardware contexts running on device
  idle      29 samples, mean 35.027 W, stdev 0.279 W, CPU 7.3 %
  $ <home>/miniforge3/envs/resnet_env17/python.exe <ignite-xdna worktree>/tools/amd_vitisai_yolo.py --model <ignite-xdna main>/models/yolov8n_cut_xint8.onnx --image <Ignition main>/examples/assets/bus.jpg --ignition-src <Ignition main>/src --cache-dir <scratch>/vitisai_cache --cache-key yolov8n_energy --xclbin <ignite-xdna main>/yolocutcachekey/4x4.xclbin --warmup 50 --iterations 1200 --max-fps 30
    [amd] ort 1.23.3.dev20260320 | model yolov8n_cut_xint8.onnx | session load 0.42 s | EP report node devices report not found
    [amd] G2G mean 14.757 ms | P50 14.438 | P95 16.837 | P99 18.562 | max 20.687 | over 1200 timed frames after 50 warm-up
    [amd] stage means (ms): letterbox 2.127 | session.run 10.329 | decode+NMS 2.302
    [amd] detections on the last frame: 5 {'person': 4, 'bus': 1} | RSS 304.1 MB
  window    900 frames in 30.0 s = 30.00 fps, 29 power samples, CPU 10.1 %
  energy    package 40.983 W - idle 35.027 W = +5.956 W -> 198.54 mJ per frame
== 2026-09-16T19:40:41Z [pmode balanced: Ignition efficiency @30 #2]
  setup     $ <home>/miniforge3/envs/resnet_env17/python.exe <scratch>/pmode_readback.py
    [pmode] Power Mode             : Balanced | No hardware contexts running on device
  idle      29 samples, mean 35.622 W, stdev 0.424 W, CPU 7.3 %
  $ <home>/miniforge3/envs/mlir-aie-iron/python.exe <Ignition main>/live_ignition.py --model <ignite-xdna main>/build/yolov8n_full.ignite --source <Ignition main>/examples/assets/bus.jpg --headless --warmup 50 --frames 1200 --power-mode efficiency --max-fps 30
    [Ignition] power mode efficiency: 2 worker threads, sleeping between regions (8 cores / 16 threads on this host)
    [summary] stop: frame limit | 1250 frames processed (50 warm-up, 1200 timed) | 1 distinct source frames | image bus.jpg 810x1080
    [summary] G2G mean 14.207 ms | P50 14.099 | P95 15.220 | P99 15.909 | max 16.922 | over the last 1200 timed frames; cold first frame 16.40 ms
    [summary] stage means (ms): preprocess 1.568 | NPU forward 12.578 (dispatch 11.860, readback 0.718) | decode+NMS 0.051
    [summary] boxes from NPU heads on 1200/1200 timed frames | 5.00 detections per frame
    [summary] RSS 191.3 MB at the first timed frame, 191.3 MB at the end (+0.00 MB over 1200 frames)
  window    900 frames in 30.0 s = 30.00 fps, 29 power samples, CPU 9.7 %
  energy    package 40.045 W - idle 35.622 W = +4.423 W -> 147.44 mJ per frame
== 2026-09-16T19:42:00Z [pmode powersaver: AMD @30 #2]
  setup     $ C:/Windows/System32/AMD/xrt-smi.exe configure --pmode powersaver
    Power mode is set to powersaver
  setup     $ <home>/miniforge3/envs/resnet_env17/python.exe <scratch>/pmode_readback.py
    [pmode] Power Mode             : Powersaver | No hardware contexts running on device
  idle      29 samples, mean 35.097 W, stdev 0.288 W, CPU 7.2 %
  $ <home>/miniforge3/envs/resnet_env17/python.exe <ignite-xdna worktree>/tools/amd_vitisai_yolo.py --model <ignite-xdna main>/models/yolov8n_cut_xint8.onnx --image <Ignition main>/examples/assets/bus.jpg --ignition-src <Ignition main>/src --cache-dir <scratch>/vitisai_cache --cache-key yolov8n_energy --xclbin <ignite-xdna main>/yolocutcachekey/4x4.xclbin --warmup 50 --iterations 1200 --max-fps 30
    [amd] ort 1.23.3.dev20260320 | model yolov8n_cut_xint8.onnx | session load 0.42 s | EP report node devices report not found
    [amd] G2G mean 17.229 ms | P50 17.007 | P95 18.855 | P99 20.033 | max 21.921 | over 1200 timed frames after 50 warm-up
    [amd] stage means (ms): letterbox 2.138 | session.run 12.880 | decode+NMS 2.211
    [amd] detections on the last frame: 5 {'person': 4, 'bus': 1} | RSS 304.9 MB
  window    900 frames in 30.0 s = 30.00 fps, 29 power samples, CPU 8.8 %
  energy    package 39.464 W - idle 35.097 W = +4.367 W -> 145.57 mJ per frame
== 2026-09-16T19:43:19Z [pmode powersaver: Ignition efficiency @30 #2]
  setup     $ <home>/miniforge3/envs/resnet_env17/python.exe <scratch>/pmode_readback.py
    [pmode] Power Mode             : Powersaver | No hardware contexts running on device
  idle      29 samples, mean 34.871 W, stdev 0.292 W, CPU 7.2 %
  $ <home>/miniforge3/envs/mlir-aie-iron/python.exe <Ignition main>/live_ignition.py --model <ignite-xdna main>/build/yolov8n_full.ignite --source <Ignition main>/examples/assets/bus.jpg --headless --warmup 50 --frames 1200 --power-mode efficiency --max-fps 30
    [Ignition] power mode efficiency: 2 worker threads, sleeping between regions (8 cores / 16 threads on this host)
    [summary] stop: frame limit | 1250 frames processed (50 warm-up, 1200 timed) | 1 distinct source frames | image bus.jpg 810x1080
    [summary] G2G mean 18.147 ms | P50 18.091 | P95 18.828 | P99 19.372 | max 20.226 | over the last 1200 timed frames; cold first frame 21.97 ms
    [summary] stage means (ms): preprocess 1.560 | NPU forward 16.528 (dispatch 15.788, readback 0.739) | decode+NMS 0.050
    [summary] boxes from NPU heads on 1200/1200 timed frames | 5.00 detections per frame
    [summary] RSS 190.9 MB at the first timed frame, 190.9 MB at the end (+0.00 MB over 1200 frames)
  window    900 frames in 30.0 s = 30.00 fps, 29 power samples, CPU 8.4 %
  energy    package 38.820 W - idle 34.871 W = +3.949 W -> 131.65 mJ per frame
== 2026-09-16T19:44:39Z [pmode default: AMD @30 #2]
  setup     $ C:/Windows/System32/AMD/xrt-smi.exe configure --pmode default
    Power mode is set to default
  setup     $ <home>/miniforge3/envs/resnet_env17/python.exe <scratch>/pmode_readback.py
    [pmode] Power Mode             : Default | No hardware contexts running on device
  idle      29 samples, mean 35.187 W, stdev 0.419 W, CPU 7.5 %
  $ <home>/miniforge3/envs/resnet_env17/python.exe <ignite-xdna worktree>/tools/amd_vitisai_yolo.py --model <ignite-xdna main>/models/yolov8n_cut_xint8.onnx --image <Ignition main>/examples/assets/bus.jpg --ignition-src <Ignition main>/src --cache-dir <scratch>/vitisai_cache --cache-key yolov8n_energy --xclbin <ignite-xdna main>/yolocutcachekey/4x4.xclbin --warmup 50 --iterations 1200 --max-fps 30
    [amd] ort 1.23.3.dev20260320 | model yolov8n_cut_xint8.onnx | session load 0.40 s | EP report node devices report not found
    [amd] G2G mean 10.800 ms | P50 10.779 | P95 11.360 | P99 11.667 | max 12.648 | over 1200 timed frames after 50 warm-up
    [amd] stage means (ms): letterbox 2.056 | session.run 6.592 | decode+NMS 2.152
    [amd] detections on the last frame: 5 {'person': 4, 'bus': 1} | RSS 304.4 MB
  window    900 frames in 30.0 s = 30.00 fps, 28 power samples, CPU 9.0 %
  energy    package 40.385 W - idle 35.187 W = +5.198 W -> 173.27 mJ per frame
== 2026-09-16T19:45:58Z [pmode default: Ignition efficiency @30 #2]
  setup     $ <home>/miniforge3/envs/resnet_env17/python.exe <scratch>/pmode_readback.py
    [pmode] Power Mode             : Default | No hardware contexts running on device
  idle      29 samples, mean 35.010 W, stdev 0.943 W, CPU 7.4 %
  $ <home>/miniforge3/envs/mlir-aie-iron/python.exe <Ignition main>/live_ignition.py --model <ignite-xdna main>/build/yolov8n_full.ignite --source <Ignition main>/examples/assets/bus.jpg --headless --warmup 50 --frames 1200 --power-mode efficiency --max-fps 30
    [Ignition] power mode efficiency: 2 worker threads, sleeping between regions (8 cores / 16 threads on this host)
    [summary] stop: frame limit | 1250 frames processed (50 warm-up, 1200 timed) | 1 distinct source frames | image bus.jpg 810x1080
    [summary] G2G mean 9.519 ms | P50 9.515 | P95 9.981 | P99 10.219 | max 10.669 | over the last 1200 timed frames; cold first frame 11.84 ms
    [summary] stage means (ms): preprocess 1.547 | NPU forward 7.916 (dispatch 7.218, readback 0.698) | decode+NMS 0.046
    [summary] boxes from NPU heads on 1200/1200 timed frames | 5.00 detections per frame
    [summary] RSS 191.6 MB at the first timed frame, 191.6 MB at the end (+0.00 MB over 1200 frames)
  window    900 frames in 30.0 s = 30.00 fps, 29 power samples, CPU 8.0 %
  energy    package 39.735 W - idle 35.010 W = +4.725 W -> 157.49 mJ per frame
== 2026-09-16T19:47:18Z [pmode default: AMD #1]
  setup     $ C:/Windows/System32/AMD/xrt-smi.exe configure --pmode default
    Power mode is set to default
  setup     $ <home>/miniforge3/envs/resnet_env17/python.exe <scratch>/pmode_readback.py
    [pmode] Power Mode             : Default | No hardware contexts running on device
  idle      29 samples, mean 34.981 W, stdev 0.347 W, CPU 7.5 %
  $ <home>/miniforge3/envs/resnet_env17/python.exe <ignite-xdna worktree>/tools/amd_vitisai_yolo.py --model <ignite-xdna main>/models/yolov8n_cut_xint8.onnx --image <Ignition main>/examples/assets/bus.jpg --ignition-src <Ignition main>/src --cache-dir <scratch>/vitisai_cache --cache-key yolov8n_energy --xclbin <ignite-xdna main>/yolocutcachekey/4x4.xclbin --warmup 50 --iterations 3200
    [amd] ort 1.23.3.dev20260320 | model yolov8n_cut_xint8.onnx | session load 0.40 s | EP report node devices report not found
    [amd] G2G mean 10.455 ms | P50 10.483 | P95 11.018 | P99 11.507 | max 12.536 | over 3200 timed frames after 50 warm-up
    [amd] stage means (ms): letterbox 1.823 | session.run 6.523 | decode+NMS 2.109
    [amd] detections on the last frame: 5 {'person': 4, 'bus': 1} | RSS 305.0 MB
  window    2900 frames in 30.3 s = 95.63 fps, 29 power samples, CPU 11.6 %
  energy    package 46.946 W - idle 34.981 W = +11.964 W -> 125.12 mJ per frame
== 2026-09-16T19:48:31Z [pmode default: Ignition efficiency #1]
  setup     $ <home>/miniforge3/envs/resnet_env17/python.exe <scratch>/pmode_readback.py
    [pmode] Power Mode             : Default | No hardware contexts running on device
  idle      29 samples, mean 35.125 W, stdev 1.242 W, CPU 7.7 %
  $ <home>/miniforge3/envs/mlir-aie-iron/python.exe <Ignition main>/live_ignition.py --model <ignite-xdna main>/build/yolov8n_full.ignite --source <Ignition main>/examples/assets/bus.jpg --headless --warmup 50 --frames 4000 --power-mode efficiency
    [Ignition] power mode efficiency: 2 worker threads, sleeping between regions (8 cores / 16 threads on this host)
    [summary] stop: frame limit | 4050 frames processed (50 warm-up, 4000 timed) | 1 distinct source frames | image bus.jpg 810x1080
    [summary] G2G mean 9.124 ms | P50 9.092 | P95 9.520 | P99 9.818 | max 10.312 | over the last 4000 timed frames; cold first frame 11.75 ms
    [summary] stage means (ms): preprocess 1.213 | NPU forward 7.865 (dispatch 7.192, readback 0.673) | decode+NMS 0.039
    [summary] boxes from NPU heads on 4000/4000 timed frames | 5.00 detections per frame
    [summary] RSS 191.1 MB at the first timed frame, 191.1 MB at the end (+0.00 MB over 4000 frames)
  window    3700 frames in 33.8 s = 109.40 fps, 32 power samples, CPU 9.5 %
  energy    package 46.802 W - idle 35.125 W = +11.677 W -> 106.74 mJ per frame
== 2026-09-16T19:49:46Z [pmode powersaver: AMD #1]
  setup     $ C:/Windows/System32/AMD/xrt-smi.exe configure --pmode powersaver
    Power mode is set to powersaver
  setup     $ <home>/miniforge3/envs/resnet_env17/python.exe <scratch>/pmode_readback.py
    [pmode] Power Mode             : Powersaver | No hardware contexts running on device
  idle      29 samples, mean 34.660 W, stdev 0.334 W, CPU 7.4 %
  $ <home>/miniforge3/envs/resnet_env17/python.exe <ignite-xdna worktree>/tools/amd_vitisai_yolo.py --model <ignite-xdna main>/models/yolov8n_cut_xint8.onnx --image <Ignition main>/examples/assets/bus.jpg --ignition-src <Ignition main>/src --cache-dir <scratch>/vitisai_cache --cache-key yolov8n_energy --xclbin <ignite-xdna main>/yolocutcachekey/4x4.xclbin --warmup 50 --iterations 3200
    [amd] ort 1.23.3.dev20260320 | model yolov8n_cut_xint8.onnx | session load 0.42 s | EP report node devices report not found
    [amd] G2G mean 17.037 ms | P50 16.755 | P95 18.741 | P99 20.145 | max 22.829 | over 3200 timed frames after 50 warm-up
    [amd] stage means (ms): letterbox 1.876 | session.run 12.888 | decode+NMS 2.273
    [amd] detections on the last frame: 5 {'person': 4, 'bus': 1} | RSS 304.7 MB
  window    2900 frames in 49.4 s = 58.66 fps, 48 power samples, CPU 12.4 %
  energy    package 44.287 W - idle 34.660 W = +9.627 W -> 164.11 mJ per frame
== 2026-09-16T19:51:20Z [pmode powersaver: Ignition efficiency #1]
  setup     $ <home>/miniforge3/envs/resnet_env17/python.exe <scratch>/pmode_readback.py
    [pmode] Power Mode             : Powersaver | No hardware contexts running on device
  idle      29 samples, mean 34.819 W, stdev 0.360 W, CPU 7.3 %
  $ <home>/miniforge3/envs/mlir-aie-iron/python.exe <Ignition main>/live_ignition.py --model <ignite-xdna main>/build/yolov8n_full.ignite --source <Ignition main>/examples/assets/bus.jpg --headless --warmup 50 --frames 4000 --power-mode efficiency
    [Ignition] power mode efficiency: 2 worker threads, sleeping between regions (8 cores / 16 threads on this host)
    [summary] stop: frame limit | 4050 frames processed (50 warm-up, 4000 timed) | 1 distinct source frames | image bus.jpg 810x1080
    [summary] G2G mean 17.824 ms | P50 17.769 | P95 18.448 | P99 18.954 | max 20.921 | over the last 4000 timed frames; cold first frame 22.09 ms
    [summary] stage means (ms): preprocess 1.270 | NPU forward 16.500 (dispatch 15.789, readback 0.711) | decode+NMS 0.045
    [summary] boxes from NPU heads on 4000/4000 timed frames | 5.00 detections per frame
    [summary] RSS 190.1 MB at the first timed frame, 190.0 MB at the end (-0.06 MB over 4000 frames)
  window    3700 frames in 66.0 s = 56.04 fps, 64 power samples, CPU 8.9 %
  energy    package 41.177 W - idle 34.819 W = +6.358 W -> 113.46 mJ per frame
== 2026-09-16T19:53:11Z [pmode balanced: AMD #1]
  setup     $ C:/Windows/System32/AMD/xrt-smi.exe configure --pmode balanced
    Power mode is set to balanced
  setup     $ <home>/miniforge3/envs/resnet_env17/python.exe <scratch>/pmode_readback.py
    [pmode] Power Mode             : Balanced | No hardware contexts running on device
  idle      29 samples, mean 34.704 W, stdev 0.309 W, CPU 7.3 %
  $ <home>/miniforge3/envs/resnet_env17/python.exe <ignite-xdna worktree>/tools/amd_vitisai_yolo.py --model <ignite-xdna main>/models/yolov8n_cut_xint8.onnx --image <Ignition main>/examples/assets/bus.jpg --ignition-src <Ignition main>/src --cache-dir <scratch>/vitisai_cache --cache-key yolov8n_energy --xclbin <ignite-xdna main>/yolocutcachekey/4x4.xclbin --warmup 50 --iterations 3200
    [amd] ort 1.23.3.dev20260320 | model yolov8n_cut_xint8.onnx | session load 0.39 s | EP report node devices report not found
    [amd] G2G mean 14.217 ms | P50 13.995 | P95 16.251 | P99 17.924 | max 19.523 | over 3200 timed frames after 50 warm-up
    [amd] stage means (ms): letterbox 1.874 | session.run 10.169 | decode+NMS 2.174
    [amd] detections on the last frame: 5 {'person': 4, 'bus': 1} | RSS 305.0 MB
  window    2900 frames in 41.3 s = 70.30 fps, 40 power samples, CPU 10.9 %
  energy    package 43.634 W - idle 34.704 W = +8.930 W -> 127.02 mJ per frame
== 2026-09-16T19:54:35Z [pmode balanced: Ignition efficiency #1]
  setup     $ <home>/miniforge3/envs/resnet_env17/python.exe <scratch>/pmode_readback.py
    [pmode] Power Mode             : Balanced | No hardware contexts running on device
  idle      29 samples, mean 34.746 W, stdev 0.361 W, CPU 7.5 %
  $ <home>/miniforge3/envs/mlir-aie-iron/python.exe <Ignition main>/live_ignition.py --model <ignite-xdna main>/build/yolov8n_full.ignite --source <Ignition main>/examples/assets/bus.jpg --headless --warmup 50 --frames 4000 --power-mode efficiency
    [Ignition] power mode efficiency: 2 worker threads, sleeping between regions (8 cores / 16 threads on this host)
    [summary] stop: frame limit | 4050 frames processed (50 warm-up, 4000 timed) | 1 distinct source frames | image bus.jpg 810x1080
    [summary] G2G mean 13.843 ms | P50 13.727 | P95 14.816 | P99 15.544 | max 18.079 | over the last 4000 timed frames; cold first frame 17.76 ms
    [summary] stage means (ms): preprocess 1.243 | NPU forward 12.550 (dispatch 11.849, readback 0.701) | decode+NMS 0.043
    [summary] boxes from NPU heads on 4000/4000 timed frames | 5.00 detections per frame
    [summary] RSS 191.7 MB at the first timed frame, 191.7 MB at the end (+0.00 MB over 4000 frames)
  window    3700 frames in 51.3 s = 72.14 fps, 50 power samples, CPU 9.0 %
  energy    package 42.975 W - idle 34.746 W = +8.228 W -> 114.06 mJ per frame
== 2026-09-16T19:56:10Z [pmode balanced: AMD #2]
  setup     $ C:/Windows/System32/AMD/xrt-smi.exe configure --pmode balanced
    Power mode is set to balanced
  setup     $ <home>/miniforge3/envs/resnet_env17/python.exe <scratch>/pmode_readback.py
    [pmode] Power Mode             : Balanced | No hardware contexts running on device
  idle      29 samples, mean 34.708 W, stdev 0.411 W, CPU 7.3 %
  $ <home>/miniforge3/envs/resnet_env17/python.exe <ignite-xdna worktree>/tools/amd_vitisai_yolo.py --model <ignite-xdna main>/models/yolov8n_cut_xint8.onnx --image <Ignition main>/examples/assets/bus.jpg --ignition-src <Ignition main>/src --cache-dir <scratch>/vitisai_cache --cache-key yolov8n_energy --xclbin <ignite-xdna main>/yolocutcachekey/4x4.xclbin --warmup 50 --iterations 3200
    [amd] ort 1.23.3.dev20260320 | model yolov8n_cut_xint8.onnx | session load 0.40 s | EP report node devices report not found
    [amd] G2G mean 14.280 ms | P50 14.027 | P95 16.408 | P99 17.908 | max 19.533 | over 3200 timed frames after 50 warm-up
    [amd] stage means (ms): letterbox 1.864 | session.run 10.232 | decode+NMS 2.185
    [amd] detections on the last frame: 5 {'person': 4, 'bus': 1} | RSS 305.2 MB
  window    2900 frames in 41.4 s = 69.98 fps, 40 power samples, CPU 10.6 %
  energy    package 43.252 W - idle 34.708 W = +8.544 W -> 122.09 mJ per frame
== 2026-09-16T19:57:35Z [pmode balanced: Ignition efficiency #2]
  setup     $ <home>/miniforge3/envs/resnet_env17/python.exe <scratch>/pmode_readback.py
    [pmode] Power Mode             : Balanced | No hardware contexts running on device
  idle      29 samples, mean 34.634 W, stdev 0.511 W, CPU 7.3 %
  $ <home>/miniforge3/envs/mlir-aie-iron/python.exe <Ignition main>/live_ignition.py --model <ignite-xdna main>/build/yolov8n_full.ignite --source <Ignition main>/examples/assets/bus.jpg --headless --warmup 50 --frames 4000 --power-mode efficiency
    [Ignition] power mode efficiency: 2 worker threads, sleeping between regions (8 cores / 16 threads on this host)
    [summary] stop: frame limit | 4050 frames processed (50 warm-up, 4000 timed) | 1 distinct source frames | image bus.jpg 810x1080
    [summary] G2G mean 13.802 ms | P50 13.695 | P95 14.736 | P99 15.408 | max 17.501 | over the last 4000 timed frames; cold first frame 17.45 ms
    [summary] stage means (ms): preprocess 1.239 | NPU forward 12.513 (dispatch 11.813, readback 0.700) | decode+NMS 0.043
    [summary] boxes from NPU heads on 4000/4000 timed frames | 5.00 detections per frame
    [summary] RSS 191.5 MB at the first timed frame, 191.5 MB at the end (+0.00 MB over 4000 frames)
  window    3700 frames in 51.1 s = 72.34 fps, 50 power samples, CPU 9.0 %
  energy    package 42.782 W - idle 34.634 W = +8.148 W -> 112.63 mJ per frame
== 2026-09-16T19:59:09Z [pmode powersaver: AMD #2]
  setup     $ C:/Windows/System32/AMD/xrt-smi.exe configure --pmode powersaver
    Power mode is set to powersaver
  setup     $ <home>/miniforge3/envs/resnet_env17/python.exe <scratch>/pmode_readback.py
    [pmode] Power Mode             : Powersaver | No hardware contexts running on device
  idle      29 samples, mean 34.621 W, stdev 0.370 W, CPU 7.2 %
  $ <home>/miniforge3/envs/resnet_env17/python.exe <ignite-xdna worktree>/tools/amd_vitisai_yolo.py --model <ignite-xdna main>/models/yolov8n_cut_xint8.onnx --image <Ignition main>/examples/assets/bus.jpg --ignition-src <Ignition main>/src --cache-dir <scratch>/vitisai_cache --cache-key yolov8n_energy --xclbin <ignite-xdna main>/yolocutcachekey/4x4.xclbin --warmup 50 --iterations 3200
    [amd] ort 1.23.3.dev20260320 | model yolov8n_cut_xint8.onnx | session load 0.41 s | EP report node devices report not found
    [amd] G2G mean 17.026 ms | P50 16.759 | P95 18.767 | P99 19.711 | max 21.534 | over 3200 timed frames after 50 warm-up
    [amd] stage means (ms): letterbox 1.860 | session.run 12.923 | decode+NMS 2.243
    [amd] detections on the last frame: 5 {'person': 4, 'bus': 1} | RSS 304.6 MB
  window    2900 frames in 49.4 s = 58.71 fps, 48 power samples, CPU 10.0 %
  energy    package 41.912 W - idle 34.621 W = +7.291 W -> 124.19 mJ per frame
== 2026-09-16T20:00:43Z [pmode powersaver: Ignition efficiency #2]
  setup     $ <home>/miniforge3/envs/resnet_env17/python.exe <scratch>/pmode_readback.py
    [pmode] Power Mode             : Powersaver | No hardware contexts running on device
  idle      29 samples, mean 34.531 W, stdev 0.315 W, CPU 7.3 %
  $ <home>/miniforge3/envs/mlir-aie-iron/python.exe <Ignition main>/live_ignition.py --model <ignite-xdna main>/build/yolov8n_full.ignite --source <Ignition main>/examples/assets/bus.jpg --headless --warmup 50 --frames 4000 --power-mode efficiency
    [Ignition] power mode efficiency: 2 worker threads, sleeping between regions (8 cores / 16 threads on this host)
    [summary] stop: frame limit | 4050 frames processed (50 warm-up, 4000 timed) | 1 distinct source frames | image bus.jpg 810x1080
    [summary] G2G mean 17.776 ms | P50 17.733 | P95 18.337 | P99 18.896 | max 20.156 | over the last 4000 timed frames; cold first frame 22.68 ms
    [summary] stage means (ms): preprocess 1.261 | NPU forward 16.462 (dispatch 15.753, readback 0.709) | decode+NMS 0.045
    [summary] boxes from NPU heads on 4000/4000 timed frames | 5.00 detections per frame
    [summary] RSS 191.7 MB at the first timed frame, 191.6 MB at the end (-0.06 MB over 4000 frames)
  window    3700 frames in 65.9 s = 56.18 fps, 64 power samples, CPU 8.4 %
  energy    package 41.030 W - idle 34.531 W = +6.498 W -> 115.67 mJ per frame
== 2026-09-16T20:02:33Z [pmode default: AMD #2]
  setup     $ C:/Windows/System32/AMD/xrt-smi.exe configure --pmode default
    Power mode is set to default
  setup     $ <home>/miniforge3/envs/resnet_env17/python.exe <scratch>/pmode_readback.py
    [pmode] Power Mode             : Default | No hardware contexts running on device
  idle      29 samples, mean 34.739 W, stdev 0.475 W, CPU 7.2 %
  $ <home>/miniforge3/envs/resnet_env17/python.exe <ignite-xdna worktree>/tools/amd_vitisai_yolo.py --model <ignite-xdna main>/models/yolov8n_cut_xint8.onnx --image <Ignition main>/examples/assets/bus.jpg --ignition-src <Ignition main>/src --cache-dir <scratch>/vitisai_cache --cache-key yolov8n_energy --xclbin <ignite-xdna main>/yolocutcachekey/4x4.xclbin --warmup 50 --iterations 3200
    [amd] ort 1.23.3.dev20260320 | model yolov8n_cut_xint8.onnx | session load 0.41 s | EP report node devices report not found
    [amd] G2G mean 10.538 ms | P50 10.556 | P95 11.101 | P99 11.515 | max 12.242 | over 3200 timed frames after 50 warm-up
    [amd] stage means (ms): letterbox 1.822 | session.run 6.602 | decode+NMS 2.114
    [amd] detections on the last frame: 5 {'person': 4, 'bus': 1} | RSS 305.1 MB
  window    2900 frames in 30.6 s = 94.84 fps, 29 power samples, CPU 11.9 %
  energy    package 47.061 W - idle 34.739 W = +12.322 W -> 129.92 mJ per frame
== 2026-09-16T20:03:46Z [pmode default: Ignition efficiency #2]
  setup     $ <home>/miniforge3/envs/resnet_env17/python.exe <scratch>/pmode_readback.py
    [pmode] Power Mode             : Default | No hardware contexts running on device
  idle      29 samples, mean 34.887 W, stdev 0.746 W, CPU 7.6 %
  $ <home>/miniforge3/envs/mlir-aie-iron/python.exe <Ignition main>/live_ignition.py --model <ignite-xdna main>/build/yolov8n_full.ignite --source <Ignition main>/examples/assets/bus.jpg --headless --warmup 50 --frames 4000 --power-mode efficiency
    [Ignition] power mode efficiency: 2 worker threads, sleeping between regions (8 cores / 16 threads on this host)
    [summary] stop: frame limit | 4050 frames processed (50 warm-up, 4000 timed) | 1 distinct source frames | image bus.jpg 810x1080
    [summary] G2G mean 9.141 ms | P50 9.113 | P95 9.520 | P99 9.794 | max 10.370 | over the last 4000 timed frames; cold first frame 11.61 ms
    [summary] stage means (ms): preprocess 1.219 | NPU forward 7.878 (dispatch 7.209, readback 0.668) | decode+NMS 0.038
    [summary] boxes from NPU heads on 4000/4000 timed frames | 5.00 detections per frame
    [summary] RSS 190.3 MB at the first timed frame, 190.3 MB at the end (+0.00 MB over 4000 frames)
  window    3700 frames in 33.9 s = 109.19 fps, 32 power samples, CPU 9.4 %
  energy    package 47.039 W - idle 34.887 W = +12.152 W -> 111.29 mJ per frame
  finally   $ C:/Windows/System32/AMD/xrt-smi.exe configure --pmode default
    Power mode is set to default
  finally   $ <home>/miniforge3/envs/resnet_env17/python.exe <scratch>/pmode_readback.py
    [pmode] Power Mode             : Default | No hardware contexts running on device

Median idle over 24 undisturbed baselines: 34.902 W
arm                                           fps  CPU %  +W own idle  mJ/frame  mJ vs median idle
pmode default: AMD @30 #1                   30.00    9.2        5.458    181.94             175.43
pmode default: Ignition efficiency @30 #1    30.00    8.1        4.339    144.64             145.12
pmode powersaver: AMD @30 #1                30.00    9.2        3.730    124.33             138.05
pmode powersaver: Ignition efficiency @30 #1    30.00    8.5        3.926    130.85             132.95
pmode balanced: AMD @30 #1                  30.00    8.8        3.985    132.82             139.34
pmode balanced: Ignition efficiency @30 #1    30.00    8.2        3.372    112.38             120.31
pmode balanced: AMD @30 #2                  30.00   10.1        5.956    198.54             202.71
pmode balanced: Ignition efficiency @30 #2    30.00    9.7        4.423    147.44             171.45
pmode powersaver: AMD @30 #2                30.00    8.8        4.367    145.57             152.06
pmode powersaver: Ignition efficiency @30 #2    30.00    8.4        3.949    131.65             130.60
pmode default: AMD @30 #2                   30.00    9.0        5.198    173.27             182.76
pmode default: Ignition efficiency @30 #2    30.00    8.0        4.725    157.49             161.09
pmode default: AMD #1                       95.63   11.6       11.964    125.12             125.95
pmode default: Ignition efficiency #1      109.40    9.5       11.677    106.74             108.78
pmode powersaver: AMD #1                    58.66   12.4        9.627    164.11             159.98
pmode powersaver: Ignition efficiency #1    56.04    8.9        6.358    113.46             111.98
pmode balanced: AMD #1                      70.30   10.9        8.930    127.02             124.21
pmode balanced: Ignition efficiency #1      72.14    9.0        8.228    114.06             111.90
pmode balanced: AMD #2                      69.98   10.6        8.544    122.09             119.32
pmode balanced: Ignition efficiency #2      72.34    9.0        8.148    112.63             108.93
pmode powersaver: AMD #2                    58.71   10.0        7.291    124.19             119.41
pmode powersaver: Ignition efficiency #2    56.18    8.4        6.498    115.67             109.07
pmode default: AMD #2                       94.84   11.9       12.322    129.92             128.20
pmode default: Ignition efficiency #2      109.19    9.4       12.152    111.29             111.16
