Energy sitting on DESKTOP-CBL5NUA, started 2026-09-16T22:40:58Z
Package power: typeperf '\Energy Meter(RAPL_Package0_PKG)\Power', 1 s samples, milliwatts. Idle 30 s before each arm; window from progress line 2 to the last.
== 2026-09-16T22:40:58Z [YOLOv8n efficiency npu-power auto, watcher 5 s @30 #1]
  setup     $ <home>/miniforge3/envs/resnet_env17/python.exe <scratch>/pmode_readback.py
    [pmode] Power Mode             : Default | No hardware contexts running on device
  idle      29 samples, mean 34.885 W, stdev 1.196 W, CPU 7.7 %
  $ <home>/miniforge3/envs/mlir-aie-iron/python.exe <Ignition worktree>/live_ignition.py --model <ignite-xdna main>/build/yolov8n_full.ignite --source <Ignition main>/examples/assets/bus.jpg --headless --warmup 50 --frames 1200 --power-mode efficiency --npu-power auto --max-fps 30
    [Ignition] power mode efficiency: 2 worker threads, sleeping between regions (8 cores / 16 threads on this host)
    [summary] stop: frame limit | 1250 frames processed (50 warm-up, 1200 timed) | 1 distinct source frames | image bus.jpg 810x1080
    [summary] NPU power mode: lowered to powersaver at frame 50, then session end; restored default
    [summary] G2G mean 18.217 ms | P50 18.152 | P95 18.978 | P99 19.457 | max 20.721 | over the last 1200 timed frames; cold first frame 11.83 ms
    [summary] stage means (ms): preprocess 1.600 | NPU forward 16.557 (dispatch 15.804, readback 0.753) | decode+NMS 0.050
    [summary] boxes from NPU heads on 1200/1200 timed frames | 5.00 detections per frame
    [summary] RSS 182.8 MB at the first timed frame, 182.8 MB at the end (+0.03 MB over 1200 frames)
  window    900 frames in 30.0 s = 30.00 fps, 29 power samples, CPU 8.2 %
  energy    package 38.435 W - idle 34.885 W = +3.550 W -> 118.32 mJ per frame
== 2026-09-16T22:42:18Z [YOLOv8n efficiency npu-power auto, watcher 30 s @30 #1]
  setup     $ <home>/miniforge3/envs/resnet_env17/python.exe <scratch>/pmode_readback.py
    [pmode] Power Mode             : Default | No hardware contexts running on device
  idle      29 samples, mean 34.675 W, stdev 1.029 W, CPU 7.5 %
  $ <home>/miniforge3/envs/mlir-aie-iron/python.exe <Ignition worktree>/live_ignition.py --model <ignite-xdna main>/build/yolov8n_full.ignite --source <Ignition main>/examples/assets/bus.jpg --headless --warmup 50 --frames 1200 --power-mode efficiency --npu-power auto --max-fps 30
    [Ignition] power mode efficiency: 2 worker threads, sleeping between regions (8 cores / 16 threads on this host)
    [summary] stop: frame limit | 1250 frames processed (50 warm-up, 1200 timed) | 1 distinct source frames | image bus.jpg 810x1080
    [summary] NPU power mode: lowered to powersaver at frame 50, then session end; restored default
    [summary] G2G mean 18.143 ms | P50 18.087 | P95 18.842 | P99 19.441 | max 20.457 | over the last 1200 timed frames; cold first frame 11.82 ms
    [summary] stage means (ms): preprocess 1.577 | NPU forward 16.508 (dispatch 15.770, readback 0.738) | decode+NMS 0.049
    [summary] boxes from NPU heads on 1200/1200 timed frames | 5.00 detections per frame
    [summary] RSS 182.9 MB at the first timed frame, 182.9 MB at the end (+0.03 MB over 1200 frames)
  window    900 frames in 30.0 s = 30.00 fps, 29 power samples, CPU 8.1 %
  energy    package 38.577 W - idle 34.675 W = +3.903 W -> 130.09 mJ per frame
== 2026-09-16T22:43:38Z [YOLOv8n efficiency npu-power auto, no watcher @30 #1]
  setup     $ <home>/miniforge3/envs/resnet_env17/python.exe <scratch>/pmode_readback.py
    [pmode] Power Mode             : Default | No hardware contexts running on device
  idle      29 samples, mean 34.857 W, stdev 0.880 W, CPU 7.2 %
  $ <home>/miniforge3/envs/mlir-aie-iron/python.exe <Ignition worktree>/live_ignition.py --model <ignite-xdna main>/build/yolov8n_full.ignite --source <Ignition main>/examples/assets/bus.jpg --headless --warmup 50 --frames 1200 --power-mode efficiency --npu-power auto --max-fps 30
    [Ignition] power mode efficiency: 2 worker threads, sleeping between regions (8 cores / 16 threads on this host)
    [summary] stop: frame limit | 1250 frames processed (50 warm-up, 1200 timed) | 1 distinct source frames | image bus.jpg 810x1080
    [summary] NPU power mode: lowered to powersaver at frame 50, then session end; restored default
    [summary] G2G mean 18.190 ms | P50 18.128 | P95 18.928 | P99 19.476 | max 20.552 | over the last 1200 timed frames; cold first frame 11.90 ms
    [summary] stage means (ms): preprocess 1.597 | NPU forward 16.535 (dispatch 15.794, readback 0.741) | decode+NMS 0.049
    [summary] boxes from NPU heads on 1200/1200 timed frames | 5.00 detections per frame
    [summary] RSS 182.9 MB at the first timed frame, 182.9 MB at the end (+0.00 MB over 1200 frames)
  window    900 frames in 30.0 s = 30.00 fps, 29 power samples, CPU 8.5 %
  energy    package 38.378 W - idle 34.857 W = +3.521 W -> 117.38 mJ per frame
== 2026-09-16T22:44:58Z [YOLOv8n efficiency npu-power off @30 #1]
  setup     $ <home>/miniforge3/envs/resnet_env17/python.exe <scratch>/pmode_readback.py
    [pmode] Power Mode             : Default | No hardware contexts running on device
  idle      29 samples, mean 34.662 W, stdev 0.910 W, CPU 7.5 %
  $ <home>/miniforge3/envs/mlir-aie-iron/python.exe <Ignition worktree>/live_ignition.py --model <ignite-xdna main>/build/yolov8n_full.ignite --source <Ignition main>/examples/assets/bus.jpg --headless --warmup 50 --frames 1200 --power-mode efficiency --npu-power off --max-fps 30
    [Ignition] power mode efficiency: 2 worker threads, sleeping between regions (8 cores / 16 threads on this host)
    [summary] stop: frame limit | 1250 frames processed (50 warm-up, 1200 timed) | 1 distinct source frames | image bus.jpg 810x1080
    [summary] NPU power mode: default kept: IGNITE_XDNA_NPU_POWER=off
    [summary] G2G mean 9.580 ms | P50 9.564 | P95 10.067 | P99 10.426 | max 11.066 | over the last 1200 timed frames; cold first frame 11.94 ms
    [summary] stage means (ms): preprocess 1.562 | NPU forward 7.961 (dispatch 7.259, readback 0.702) | decode+NMS 0.047
    [summary] boxes from NPU heads on 1200/1200 timed frames | 5.00 detections per frame
    [summary] RSS 182.4 MB at the first timed frame, 182.4 MB at the end (+0.00 MB over 1200 frames)
  window    900 frames in 30.0 s = 30.00 fps, 29 power samples, CPU 8.1 %
  energy    package 39.799 W - idle 34.662 W = +5.138 W -> 171.25 mJ per frame
== 2026-09-16T22:46:17Z [YOLOv8n efficiency npu-power auto, watcher 5 s @30 #2]
  setup     $ <home>/miniforge3/envs/resnet_env17/python.exe <scratch>/pmode_readback.py
    [pmode] Power Mode             : Default | No hardware contexts running on device
  idle      29 samples, mean 34.588 W, stdev 0.379 W, CPU 7.3 %
  $ <home>/miniforge3/envs/mlir-aie-iron/python.exe <Ignition worktree>/live_ignition.py --model <ignite-xdna main>/build/yolov8n_full.ignite --source <Ignition main>/examples/assets/bus.jpg --headless --warmup 50 --frames 1200 --power-mode efficiency --npu-power auto --max-fps 30
    [Ignition] power mode efficiency: 2 worker threads, sleeping between regions (8 cores / 16 threads on this host)
    [summary] stop: frame limit | 1250 frames processed (50 warm-up, 1200 timed) | 1 distinct source frames | image bus.jpg 810x1080
    [summary] NPU power mode: lowered to powersaver at frame 50, then session end; restored default
    [summary] G2G mean 18.138 ms | P50 18.067 | P95 18.806 | P99 19.270 | max 20.422 | over the last 1200 timed frames; cold first frame 11.62 ms
    [summary] stage means (ms): preprocess 1.581 | NPU forward 16.497 (dispatch 15.753, readback 0.744) | decode+NMS 0.050
    [summary] boxes from NPU heads on 1200/1200 timed frames | 5.00 detections per frame
    [summary] RSS 182.7 MB at the first timed frame, 182.8 MB at the end (+0.04 MB over 1200 frames)
  window    900 frames in 30.0 s = 30.00 fps, 29 power samples, CPU 8.2 %
  energy    package 38.410 W - idle 34.588 W = +3.823 W -> 127.42 mJ per frame
== 2026-09-16T22:47:37Z [YOLOv8n efficiency npu-power auto, watcher 30 s @30 #2]
  setup     $ <home>/miniforge3/envs/resnet_env17/python.exe <scratch>/pmode_readback.py
    [pmode] Power Mode             : Default | No hardware contexts running on device
  idle      29 samples, mean 34.915 W, stdev 0.682 W, CPU 7.3 %
  $ <home>/miniforge3/envs/mlir-aie-iron/python.exe <Ignition worktree>/live_ignition.py --model <ignite-xdna main>/build/yolov8n_full.ignite --source <Ignition main>/examples/assets/bus.jpg --headless --warmup 50 --frames 1200 --power-mode efficiency --npu-power auto --max-fps 30
    [Ignition] power mode efficiency: 2 worker threads, sleeping between regions (8 cores / 16 threads on this host)
    [summary] stop: frame limit | 1250 frames processed (50 warm-up, 1200 timed) | 1 distinct source frames | image bus.jpg 810x1080
    [summary] NPU power mode: lowered to powersaver at frame 50, then session end; restored default
    [summary] G2G mean 18.186 ms | P50 18.119 | P95 18.951 | P99 19.507 | max 20.390 | over the last 1200 timed frames; cold first frame 11.79 ms
    [summary] stage means (ms): preprocess 1.588 | NPU forward 16.539 (dispatch 15.787, readback 0.752) | decode+NMS 0.049
    [summary] boxes from NPU heads on 1200/1200 timed frames | 5.00 detections per frame
    [summary] RSS 182.7 MB at the first timed frame, 182.7 MB at the end (+0.02 MB over 1200 frames)
  window    900 frames in 30.0 s = 30.00 fps, 29 power samples, CPU 8.5 %
  energy    package 38.719 W - idle 34.915 W = +3.804 W -> 126.79 mJ per frame
== 2026-09-16T22:48:57Z [YOLOv8n efficiency npu-power auto, no watcher @30 #2]
  setup     $ <home>/miniforge3/envs/resnet_env17/python.exe <scratch>/pmode_readback.py
    [pmode] Power Mode             : Default | No hardware contexts running on device
  idle      29 samples, mean 35.262 W, stdev 1.199 W, CPU 7.6 %
  $ <home>/miniforge3/envs/mlir-aie-iron/python.exe <Ignition worktree>/live_ignition.py --model <ignite-xdna main>/build/yolov8n_full.ignite --source <Ignition main>/examples/assets/bus.jpg --headless --warmup 50 --frames 1200 --power-mode efficiency --npu-power auto --max-fps 30
    [Ignition] power mode efficiency: 2 worker threads, sleeping between regions (8 cores / 16 threads on this host)
    [summary] stop: frame limit | 1250 frames processed (50 warm-up, 1200 timed) | 1 distinct source frames | image bus.jpg 810x1080
    [summary] NPU power mode: lowered to powersaver at frame 50, then session end; restored default
    [summary] G2G mean 18.159 ms | P50 18.092 | P95 18.921 | P99 19.375 | max 20.196 | over the last 1200 timed frames; cold first frame 11.64 ms
    [summary] stage means (ms): preprocess 1.581 | NPU forward 16.520 (dispatch 15.786, readback 0.733) | decode+NMS 0.048
    [summary] boxes from NPU heads on 1200/1200 timed frames | 5.00 detections per frame
    [summary] RSS 182.8 MB at the first timed frame, 182.8 MB at the end (+0.00 MB over 1200 frames)
  window    900 frames in 30.0 s = 30.00 fps, 29 power samples, CPU 8.2 %
  energy    package 38.544 W - idle 35.262 W = +3.281 W -> 109.37 mJ per frame
== 2026-09-16T22:50:17Z [YOLOv8n efficiency npu-power off @30 #2]
  setup     $ <home>/miniforge3/envs/resnet_env17/python.exe <scratch>/pmode_readback.py
    [pmode] Power Mode             : Default | No hardware contexts running on device
  idle      29 samples, mean 34.602 W, stdev 0.372 W, CPU 7.2 %
  $ <home>/miniforge3/envs/mlir-aie-iron/python.exe <Ignition worktree>/live_ignition.py --model <ignite-xdna main>/build/yolov8n_full.ignite --source <Ignition main>/examples/assets/bus.jpg --headless --warmup 50 --frames 1200 --power-mode efficiency --npu-power off --max-fps 30
    [Ignition] power mode efficiency: 2 worker threads, sleeping between regions (8 cores / 16 threads on this host)
    [summary] stop: frame limit | 1250 frames processed (50 warm-up, 1200 timed) | 1 distinct source frames | image bus.jpg 810x1080
    [summary] NPU power mode: default kept: IGNITE_XDNA_NPU_POWER=off
    [summary] G2G mean 9.564 ms | P50 9.542 | P95 10.082 | P99 10.268 | max 10.557 | over the last 1200 timed frames; cold first frame 11.59 ms
    [summary] stage means (ms): preprocess 1.575 | NPU forward 7.934 (dispatch 7.245, readback 0.689) | decode+NMS 0.047
    [summary] boxes from NPU heads on 1200/1200 timed frames | 5.00 detections per frame
    [summary] RSS 182.5 MB at the first timed frame, 182.5 MB at the end (+0.00 MB over 1200 frames)
  window    900 frames in 30.0 s = 30.00 fps, 29 power samples, CPU 8.0 %
  energy    package 39.894 W - idle 34.602 W = +5.292 W -> 176.41 mJ per frame
  finally   $ C:/Windows/System32/AMD/xrt-smi.exe configure --pmode default
    Power mode is set to default
  finally   $ <home>/miniforge3/envs/resnet_env17/python.exe <scratch>/pmode_readback.py
    [pmode] Power Mode             : Default | No hardware contexts running on device

Median idle over 8 undisturbed baselines: 34.766 W
arm                                           fps  CPU %  +W own idle  mJ/frame  mJ vs median idle
YOLOv8n efficiency npu-power auto, watcher 5 s @30 #1    30.00    8.2        3.550    118.32             122.31
YOLOv8n efficiency npu-power auto, watcher 30 s @30 #1    30.00    8.1        3.903    130.09             127.05
YOLOv8n efficiency npu-power auto, no watcher @30 #1    30.00    8.5        3.521    117.38             120.41
YOLOv8n efficiency npu-power off @30 #1     30.00    8.1        5.138    171.25             167.79
YOLOv8n efficiency npu-power auto, watcher 5 s @30 #2    30.00    8.2        3.823    127.42             121.49
YOLOv8n efficiency npu-power auto, watcher 30 s @30 #2    30.00    8.5        3.804    126.79             131.78
YOLOv8n efficiency npu-power auto, no watcher @30 #2    30.00    8.2        3.281    109.37             125.93
YOLOv8n efficiency npu-power off @30 #2     30.00    8.0        5.292    176.41             170.94
