RESEARCH_PLATFORM {"machine": "Desktop 2", "cpu": "AMD Ryzen 7 8700G w/ Radeon 780M Graphics", "os": "Windows-11-10.0.26200-SP0", "ram_bytes": 33381138432, "source_sha256": {"tools/research_process.py": "ffeb1857f190b482eed101b5f5a928f455de26bfa61d23f78a2eacec08e2663e", "tools/quant_calib_alphabet.py": "2dc0b2878c564853f340880209a425dfcf63b8536b2b8e9fd32344daade58d37", "tools/xint8_arithmetic_probe.py": "6aa3df08b9870c3c2264b868459d7ffbac3070dddc1349d7c6f3f480075f7041", "scripts/research-lowlevel.sh": "3455ad7933697936487712665505c216891865c6deada647302785f6e37020bd", "scripts/research-iron.sh": "4c863a262646ddab39b5005006ba8e03809895e6386c6310e2fd9d0a9e9609ee", "kernels/memory_placement/probe.py": "e8d990169ad6091fa1b53852e9f61eff495b5def72d35165a5c5cf1759e38898", "kernels/memory_placement/memory_kernels.cc": "182e7af7071a1e851afb4a7ca266069c489aea1fbaaa85eca129708daeba5ba6", "scripts/research-matrix.sh": "739254171629deae822b0ad7dabc875aee19ace56dde77d3e8aab61663f97516", "kernels/memory_placement/gemm.py": "17c905ad66110d3346bbf0db898dfc6b780df59fae1dfb0c1747057ce1e5844e", "kernels/memory_placement/gemm_placement.cc": "f21acf7250b12914ea30cc1f77613239dfa18421a85a1b9a5199017dd916278a", "tools/research_summary.py": "0c00dcceef07053d06731b41a1f1ed58d3ba4ea09f82497de354ce9cef17da20", "tools/research_toolchain.py": "f0a126a24ae213acfaa43460cfd9def0c86d9cb70cfee0228aa271688467b314"}, "commit": "5780c03ca1eeae91ba3b39ec7b1fe5ccc92ecb6b", "command": ["python", "tools/bench_layout_ab.py", "--onnx", "models/yolov8x_cut_xint8.onnx", "--control", "build/ptr_gate/x_split_ctl.ignite", "--test", "build/ptr_gate/x_split_ptr.ignite", "--label", "yolov8x_split", "--prefix", "ptr_ab", "--note", "YOLOv8x, 106 layers, three segments split at 35 and 71; final test for the ptr port"], "seconds_limit": 3600.0, "rss_gib_limit": 8, "checks_only": false, "free_ram_bytes": 18775310336}
HOST_LOAD busy_cores=0.42 logical_cores=16 free_ram_gb=17.4 sample_sec=1
HOST_LOAD_TOP 0.12 dev-agent:58512 ws_mb=344
HOST_LOAD_TOP 0.08 dev-agent:21712 ws_mb=772
HOST_LOAD_TOP 0.06 Taskmgr:47220 ws_mb=145
HOST_LOAD_TOP 0.05 powershell:64740 ws_mb=81
HOST_LOAD_TOP 0.03 cut:59044 ws_mb=5
HOST_LOAD_VERDICT CLEAR

PRE_NPU_CONTEXT_WITNESS "\n-----------------------------\n[003d:00:01.1] : NPU Phoenix\n-----------------------------\nAIE Partitions\n  No hardware contexts running on device\n\n"
NPU_TIMELINE "\n-----------------------------\n[003d:00:01.1] : NPU Phoenix\n-----------------------------\nAIE Partitions\n  No hardware contexts running on device\n\n"
NPU_OWNERSHIP {"context_pids": [], "owned_pids": [7176, 48272], "foreign_pids": []}

== 2026-09-22T03:40:35Z [amd yolov8x_split #1]
HOST_TIMELINE {"elapsed_seconds": 3.922, "tree_rss_bytes": 355676160, "foreign_peers": []}
NPU_TIMELINE "\n-----------------------------\n[003d:00:01.1] : NPU Phoenix\n-----------------------------\nAIE Partitions\n  No hardware contexts running on device\n\n"
NPU_OWNERSHIP {"context_pids": [], "owned_pids": [7176, 40840, 48272, 67324], "foreign_pids": []}
HOST_TIMELINE {"elapsed_seconds": 7.547, "tree_rss_bytes": 958459904, "foreign_peers": []}
HOST_TIMELINE {"elapsed_seconds": 11.266, "tree_rss_bytes": 1036099584, "foreign_peers": []}
NPU_TIMELINE "\n-----------------------------\n[003d:00:01.1] : NPU Phoenix\n-----------------------------\nAIE Partitions\n  No hardware contexts running on device\n\n"
NPU_OWNERSHIP {"context_pids": [], "owned_pids": [7176, 40840, 48272, 67324], "foreign_pids": []}
HOST_TIMELINE {"elapsed_seconds": 15.172, "tree_rss_bytes": 1116532736, "foreign_peers": []}
NPU_TIMELINE "\n-----------------------------\n[003d:00:01.1] : NPU Phoenix\n-----------------------------\nAIE Partitions\n  No hardware contexts running on device\n\n"
NPU_OWNERSHIP {"context_pids": [], "owned_pids": [7176, 40840, 48272, 67324], "foreign_pids": []}
HOST_TIMELINE {"elapsed_seconds": 18.734, "tree_rss_bytes": 1516490752, "foreign_peers": []}
HOST_TIMELINE {"elapsed_seconds": 22.281, "tree_rss_bytes": 2340593664, "foreign_peers": []}
NPU_TIMELINE "\n-----------------------------\n[003d:00:01.1] : NPU Phoenix\n-----------------------------\nAIE Partitions\n  No hardware contexts running on device\n\n"
NPU_OWNERSHIP {"context_pids": [], "owned_pids": [7176, 40840, 48272, 67324], "foreign_pids": []}
HOST_TIMELINE {"elapsed_seconds": 25.781, "tree_rss_bytes": 2349879296, "foreign_peers": []}
NPU_TIMELINE "\n-----------------------------\n[003d:00:01.1] : NPU Phoenix\n-----------------------------\nAIE Partitions\n  No hardware contexts running on device\n\n"
NPU_OWNERSHIP {"context_pids": [], "owned_pids": [7176, 40840, 48272, 67324], "foreign_pids": []}
HOST_TIMELINE {"elapsed_seconds": 29.297, "tree_rss_bytes": 2330492928, "foreign_peers": []}
HOST_TIMELINE {"elapsed_seconds": 32.828, "tree_rss_bytes": 2335920128, "foreign_peers": []}
NPU_TIMELINE "\n-----------------------------\n[003d:00:01.1] : NPU Phoenix\n-----------------------------\nAIE Partitions\n  No hardware contexts running on device\n\n"
NPU_OWNERSHIP {"context_pids": [], "owned_pids": [7176, 40840, 48272, 67324], "foreign_pids": []}
HOST_TIMELINE {"elapsed_seconds": 36.391, "tree_rss_bytes": 2141782016, "foreign_peers": []}
NPU_TIMELINE "\n-----------------------------\n[003d:00:01.1] : NPU Phoenix\n-----------------------------\nAIE Partitions\n  No hardware contexts running on device\n\n"
NPU_OWNERSHIP {"context_pids": [], "owned_pids": [7176, 40840, 48272, 67324], "foreign_pids": []}
HOST_TIMELINE {"elapsed_seconds": 39.937, "tree_rss_bytes": 2671894528, "foreign_peers": []}
HOST_TIMELINE {"elapsed_seconds": 43.531, "tree_rss_bytes": 2657710080, "foreign_peers": []}
NPU_TIMELINE "\n-----------------------------\n[003d:00:01.1] : NPU Phoenix\n-----------------------------\nAIE Partitions\n  No hardware contexts running on device\n\n"
NPU_OWNERSHIP {"context_pids": [], "owned_pids": [7176, 40840, 48272, 67324], "foreign_pids": []}
HOST_TIMELINE {"elapsed_seconds": 47.078, "tree_rss_bytes": 2700447744, "foreign_peers": []}
NPU_TIMELINE "\n-----------------------------\n[003d:00:01.1] : NPU Phoenix\n-----------------------------\nAIE Partitions\n  Total Memory Usage: 270 MB\n  Partition Index   : 0\n    Columns: [1, 2, 3, 4]\n    HW Contexts:\n      |PID                 |Ctx ID     |Submissions |Migrations  |Err  |Priority |\n      |Process Name        |Status     |Completions |Suspensions |     |GOPS     |\n      |Memory Usage        |Instr BO   |            |            |     |FPS      |\n      |                    |           |            |            |     |Latency  |\n      |====================|===========|============|============|=====|=========|\n      |40840               |220        |28          |0           |0    |Normal   |\n      |python.exe          |Active     |27          |0           |     |258      |\n      |270 MB              |4480 KB    |            |            |     |N/A      |\n      |                    |           |            |            |     |N/A      |\n      |--------------------|-----------|------------|------------|-----|---------|\n"
NPU_OWNERSHIP {"context_pids": [40840], "owned_pids": [7176, 40840, 48272, 67324], "foreign_pids": []}
HOST_TIMELINE {"elapsed_seconds": 50.766, "tree_rss_bytes": 1600237568, "foreign_peers": []}
HOST_TIMELINE {"elapsed_seconds": 54.406, "tree_rss_bytes": 1600249856, "foreign_peers": []}
NPU_TIMELINE "\n-----------------------------\n[003d:00:01.1] : NPU Phoenix\n-----------------------------\nAIE Partitions\n  Total Memory Usage: 270 MB\n  Partition Index   : 0\n    Columns: [1, 2, 3, 4]\n    HW Contexts:\n      |PID                 |Ctx ID     |Submissions |Migrations  |Err  |Priority |\n      |Process Name        |Status     |Completions |Suspensions |     |GOPS     |\n      |Memory Usage        |Instr BO   |            |            |     |FPS      |\n      |                    |           |            |            |     |Latency  |\n      |====================|===========|============|============|=====|=========|\n      |40840               |220        |103         |0           |0    |Normal   |\n      |python.exe          |Active     |102         |0           |     |258      |\n      |270 MB              |4480 KB    |            |            |     |N/A      |\n      |                    |           |            |            |     |N/A      |\n      |--------------------|-----------|------------|------------|-----|---------|\n"
NPU_OWNERSHIP {"context_pids": [40840], "owned_pids": [7176, 40840, 48272, 67324], "foreign_pids": []}
HOST_TIMELINE {"elapsed_seconds": 58.047, "tree_rss_bytes": 1600262144, "foreign_peers": []}
[run] frame 100 | G2G 79.60 ms | 8 objects
NPU_TIMELINE "\n-----------------------------\n[003d:00:01.1] : NPU Phoenix\n-----------------------------\nAIE Partitions\n  Total Memory Usage: 270 MB\n  Partition Index   : 0\n    Columns: [1, 2, 3, 4]\n    HW Contexts:\n      |PID                 |Ctx ID     |Submissions |Migrations  |Err  |Priority |\n      |Process Name        |Status     |Completions |Suspensions |     |GOPS     |\n      |Memory Usage        |Instr BO   |            |            |     |FPS      |\n      |                    |           |            |            |     |Latency  |\n      |====================|===========|============|============|=====|=========|\n      |40840               |220        |167         |0           |0    |Normal   |\n      |python.exe          |Active     |166         |0           |     |258      |\n      |270 MB              |4480 KB    |            |            |     |N/A      |\n      |                    |           |            |            |     |N/A      |\n      |--------------------|-----------|------------|------------|-----|---------|\n"
NPU_OWNERSHIP {"context_pids": [40840], "owned_pids": [7176, 40840, 48272, 67324], "foreign_pids": []}
HOST_TIMELINE {"elapsed_seconds": 61.594, "tree_rss_bytes": 1600217088, "foreign_peers": []}
HOST_TIMELINE {"elapsed_seconds": 65.234, "tree_rss_bytes": 1600163840, "foreign_peers": []}
NPU_TIMELINE "\n-----------------------------\n[003d:00:01.1] : NPU Phoenix\n-----------------------------\nAIE Partitions\n  Total Memory Usage: 270 MB\n  Partition Index   : 0\n    Columns: [1, 2, 3, 4]\n    HW Contexts:\n      |PID                 |Ctx ID     |Submissions |Migrations  |Err  |Priority |\n      |Process Name        |Status     |Completions |Suspensions |     |GOPS     |\n      |Memory Usage        |Instr BO   |            |            |     |FPS      |\n      |                    |           |            |            |     |Latency  |\n      |====================|===========|============|============|=====|=========|\n      |40840               |220        |240         |0           |0    |Normal   |\n      |python.exe          |Active     |239         |0           |     |258      |\n      |270 MB              |4480 KB    |            |            |     |N/A      |\n      |                    |           |            |            |     |N/A      |\n      |--------------------|-----------|------------|------------|-----|---------|\n"
NPU_OWNERSHIP {"context_pids": [40840], "owned_pids": [7176, 40840, 48272, 67324], "foreign_pids": []}
[run] frame 200 | G2G 79.61 ms | 8 objects
HOST_TIMELINE {"elapsed_seconds": 68.781, "tree_rss_bytes": 1600172032, "foreign_peers": []}
NPU_TIMELINE "\n-----------------------------\n[003d:00:01.1] : NPU Phoenix\n-----------------------------\nAIE Partitions\n  Total Memory Usage: 270 MB\n  Partition Index   : 0\n    Columns: [1, 2, 3, 4]\n    HW Contexts:\n      |PID                 |Ctx ID     |Submissions |Migrations  |Err  |Priority |\n      |Process Name        |Status     |Completions |Suspensions |     |GOPS     |\n      |Memory Usage        |Instr BO   |            |            |     |FPS      |\n      |                    |           |            |            |     |Latency  |\n      |====================|===========|============|============|=====|=========|\n      |40840               |220        |305         |0           |0    |Normal   |\n      |python.exe          |Active     |304         |0           |     |258      |\n      |270 MB              |4480 KB    |            |            |     |N/A      |\n      |                    |           |            |            |     |N/A      |\n      |--------------------|-----------|------------|------------|-----|---------|\n"
NPU_OWNERSHIP {"context_pids": [40840], "owned_pids": [7176, 40840, 48272, 67324], "foreign_pids": []}
HOST_TIMELINE {"elapsed_seconds": 72.437, "tree_rss_bytes": 1600176128, "foreign_peers": []}
[run] frame 300 | G2G 80.21 ms | 8 objects
HOST_TIMELINE {"elapsed_seconds": 76.047, "tree_rss_bytes": 1600180224, "foreign_peers": []}
NPU_TIMELINE "\n-----------------------------\n[003d:00:01.1] : NPU Phoenix\n-----------------------------\nAIE Partitions\n  Total Memory Usage: 270 MB\n  Partition Index   : 0\n    Columns: [1, 2, 3, 4]\n    HW Contexts:\n      |PID                 |Ctx ID     |Submissions |Migrations  |Err  |Priority |\n      |Process Name        |Status     |Completions |Suspensions |     |GOPS     |\n      |Memory Usage        |Instr BO   |            |            |     |FPS      |\n      |                    |           |            |            |     |Latency  |\n      |====================|===========|============|============|=====|=========|\n      |40840               |220        |377         |0           |0    |Normal   |\n      |python.exe          |Active     |377         |0           |     |258      |\n      |270 MB              |4480 KB    |            |            |     |N/A      |\n      |                    |           |            |            |     |N/A      |\n      |--------------------|-----------|------------|------------|-----|---------|\n"
NPU_OWNERSHIP {"context_pids": [40840], "owned_pids": [7176, 40840, 48272, 67324], "foreign_pids": []}
HOST_TIMELINE {"elapsed_seconds": 79.672, "tree_rss_bytes": 1600188416, "foreign_peers": []}
NPU_TIMELINE "\n-----------------------------\n[003d:00:01.1] : NPU Phoenix\n-----------------------------\nAIE Partitions\n  Total Memory Usage: 270 MB\n  Partition Index   : 0\n    Columns: [1, 2, 3, 4]\n    HW Contexts:\n      |PID                 |Ctx ID     |Submissions |Migrations  |Err  |Priority |\n      |Process Name        |Status     |Completions |Suspensions |     |GOPS     |\n      |Memory Usage        |Instr BO   |            |            |     |FPS      |\n      |                    |           |            |            |     |Latency  |\n      |====================|===========|============|============|=====|=========|\n      |40840               |220        |441         |0           |0    |Normal   |\n      |python.exe          |Active     |440         |0           |     |258      |\n      |270 MB              |4480 KB    |            |            |     |N/A      |\n      |                    |           |            |            |     |N/A      |\n      |--------------------|-----------|------------|------------|-----|---------|\n"
NPU_OWNERSHIP {"context_pids": [40840], "owned_pids": [7176, 40840, 48272, 67324], "foreign_pids": []}
HOST_TIMELINE {"elapsed_seconds": 83.281, "tree_rss_bytes": 1600192512, "foreign_peers": []}
[run] frame 400 | G2G 78.88 ms | 8 objects
HOST_TIMELINE {"elapsed_seconds": 86.828, "tree_rss_bytes": 1600200704, "foreign_peers": []}
NPU_TIMELINE "\n-----------------------------\n[003d:00:01.1] : NPU Phoenix\n-----------------------------\nAIE Partitions\n  Total Memory Usage: 270 MB\n  Partition Index   : 0\n    Columns: [1, 2, 3, 4]\n    HW Contexts:\n      |PID                 |Ctx ID     |Submissions |Migrations  |Err  |Priority |\n      |Process Name        |Status     |Completions |Suspensions |     |GOPS     |\n      |Memory Usage        |Instr BO   |            |            |     |FPS      |\n      |                    |           |            |            |     |Latency  |\n      |====================|===========|============|============|=====|=========|\n      |40840               |220        |515         |0           |0    |Normal   |\n      |python.exe          |Active     |514         |0           |     |258      |\n      |270 MB              |4480 KB    |            |            |     |N/A      |\n      |                    |           |            |            |     |N/A      |\n      |--------------------|-----------|------------|------------|-----|---------|\n"
NPU_OWNERSHIP {"context_pids": [40840], "owned_pids": [7176, 40840, 48272, 67324], "foreign_pids": []}
HOST_TIMELINE {"elapsed_seconds": 90.5, "tree_rss_bytes": 1600204800, "foreign_peers": []}
[run] frame 500 | G2G 78.84 ms | 8 objects
[amd] G2G mean 78.846 ms | P50 78.783 | P95 79.763 | P99 80.211 | max 80.507 | over 500 timed frames after 50 warm-up
[amd] stage means (ms): letterbox 1.825 | session.run 74.739 | decode+NMS 2.281
NPU_TIMELINE "\n-----------------------------\n[003d:00:01.1] : NPU Phoenix\n-----------------------------\nAIE Partitions\n  No hardware contexts running on device\n\n"
NPU_OWNERSHIP {"context_pids": [], "owned_pids": [7176, 40840, 48272, 66240, 67324, 67392], "foreign_pids": []}

== 2026-09-22T03:42:05Z [ignition control yolov8x_split #1]
HOST_TIMELINE {"elapsed_seconds": 94.062, "tree_rss_bytes": 100974592, "foreign_peers": []}
HOST_TIMELINE {"elapsed_seconds": 97.672, "tree_rss_bytes": 538648576, "foreign_peers": []}
NPU_TIMELINE "\n-----------------------------\n[003d:00:01.1] : NPU Phoenix\n-----------------------------\nAIE Partitions\n  Total Memory Usage: 256 MB\n  Partition Index   : 0\n    Columns: [1, 2, 3, 4]\n    HW Contexts:\n      |PID                 |Ctx ID     |Submissions |Migrations  |Err  |Priority |\n      |Process Name        |Status     |Completions |Suspensions |     |GOPS     |\n      |Memory Usage        |Instr BO   |            |            |     |FPS      |\n      |                    |           |            |            |     |Latency  |\n      |====================|===========|============|============|=====|=========|\n      |66240               |221        |123         |0           |0    |Normal   |\n      |python.exe          |Active     |122         |0           |     |N/A      |\n      |256 MB              |7776 KB    |            |            |     |N/A      |\n      |                    |           |            |            |     |N/A      |\n      |--------------------|-----------|------------|------------|-----|---------|\n"
NPU_OWNERSHIP {"context_pids": [66240], "owned_pids": [7176, 40840, 48272, 66240, 67324, 67392], "foreign_pids": []}
HOST_TIMELINE {"elapsed_seconds": 101.297, "tree_rss_bytes": 538664960, "foreign_peers": []}
NPU_TIMELINE "\n-----------------------------\n[003d:00:01.1] : NPU Phoenix\n-----------------------------\nAIE Partitions\n  Total Memory Usage: 256 MB\n  Partition Index   : 0\n    Columns: [1, 2, 3, 4]\n    HW Contexts:\n      |PID                 |Ctx ID     |Submissions |Migrations  |Err  |Priority |\n      |Process Name        |Status     |Completions |Suspensions |     |GOPS     |\n      |Memory Usage        |Instr BO   |            |            |     |FPS      |\n      |                    |           |            |            |     |Latency  |\n      |====================|===========|============|============|=====|=========|\n      |66240               |221        |244         |0           |0    |Normal   |\n      |python.exe          |Active     |243         |0           |     |N/A      |\n      |256 MB              |7776 KB    |            |            |     |N/A      |\n      |                    |           |            |            |     |N/A      |\n      |--------------------|-----------|------------|------------|-----|---------|\n"
NPU_OWNERSHIP {"context_pids": [66240], "owned_pids": [7176, 40840, 48272, 66240, 67324, 67392], "foreign_pids": []}
HOST_TIMELINE {"elapsed_seconds": 104.922, "tree_rss_bytes": 538664960, "foreign_peers": []}
HOST_TIMELINE {"elapsed_seconds": 108.578, "tree_rss_bytes": 538664960, "foreign_peers": []}
NPU_TIMELINE "\n-----------------------------\n[003d:00:01.1] : NPU Phoenix\n-----------------------------\nAIE Partitions\n  Total Memory Usage: 256 MB\n  Partition Index   : 0\n    Columns: [1, 2, 3, 4]\n    HW Contexts:\n      |PID                 |Ctx ID     |Submissions |Migrations  |Err  |Priority |\n      |Process Name        |Status     |Completions |Suspensions |     |GOPS     |\n      |Memory Usage        |Instr BO   |            |            |     |FPS      |\n      |                    |           |            |            |     |Latency  |\n      |====================|===========|============|============|=====|=========|\n      |66240               |221        |389         |0           |0    |Normal   |\n      |python.exe          |Active     |388         |0           |     |N/A      |\n      |256 MB              |7776 KB    |            |            |     |N/A      |\n      |                    |           |            |            |     |N/A      |\n      |--------------------|-----------|------------|------------|-----|---------|\n"
NPU_OWNERSHIP {"context_pids": [66240], "owned_pids": [7176, 40840, 48272, 66240, 67324, 67392], "foreign_pids": []}
HOST_TIMELINE {"elapsed_seconds": 112.25, "tree_rss_bytes": 538664960, "foreign_peers": []}
NPU_TIMELINE "\n-----------------------------\n[003d:00:01.1] : NPU Phoenix\n-----------------------------\nAIE Partitions\n  Total Memory Usage: 256 MB\n  Partition Index   : 0\n    Columns: [1, 2, 3, 4]\n    HW Contexts:\n      |PID                 |Ctx ID     |Submissions |Migrations  |Err  |Priority |\n      |Process Name        |Status     |Completions |Suspensions |     |GOPS     |\n      |Memory Usage        |Instr BO   |            |            |     |FPS      |\n      |                    |           |            |            |     |Latency  |\n      |====================|===========|============|============|=====|=========|\n      |66240               |221        |511         |0           |0    |Normal   |\n      |python.exe          |Active     |510         |0           |     |N/A      |\n      |256 MB              |7776 KB    |            |            |     |N/A      |\n      |                    |           |            |            |     |N/A      |\n      |--------------------|-----------|------------|------------|-----|---------|\n"
NPU_OWNERSHIP {"context_pids": [66240], "owned_pids": [7176, 40840, 48272, 66240, 67324, 67392], "foreign_pids": []}
HOST_TIMELINE {"elapsed_seconds": 115.875, "tree_rss_bytes": 538664960, "foreign_peers": []}
HOST_TIMELINE {"elapsed_seconds": 119.437, "tree_rss_bytes": 538664960, "foreign_peers": []}
NPU_TIMELINE "\n-----------------------------\n[003d:00:01.1] : NPU Phoenix\n-----------------------------\nAIE Partitions\n  Total Memory Usage: 256 MB\n  Partition Index   : 0\n    Columns: [1, 2, 3, 4]\n    HW Contexts:\n      |PID                 |Ctx ID     |Submissions |Migrations  |Err  |Priority |\n      |Process Name        |Status     |Completions |Suspensions |     |GOPS     |\n      |Memory Usage        |Instr BO   |            |            |     |FPS      |\n      |                    |           |            |            |     |Latency  |\n      |====================|===========|============|============|=====|=========|\n      |66240               |221        |652         |0           |0    |Normal   |\n      |python.exe          |Active     |651         |0           |     |N/A      |\n      |256 MB              |7776 KB    |            |            |     |N/A      |\n      |                    |           |            |            |     |N/A      |\n      |--------------------|-----------|------------|------------|-----|---------|\n"
NPU_OWNERSHIP {"context_pids": [66240], "owned_pids": [7176, 40840, 48272, 66240, 67324, 67392], "foreign_pids": []}
HOST_TIMELINE {"elapsed_seconds": 123.031, "tree_rss_bytes": 538664960, "foreign_peers": []}
NPU_TIMELINE "\n-----------------------------\n[003d:00:01.1] : NPU Phoenix\n-----------------------------\nAIE Partitions\n  Total Memory Usage: 256 MB\n  Partition Index   : 0\n    Columns: [1, 2, 3, 4]\n    HW Contexts:\n      |PID                 |Ctx ID     |Submissions |Migrations  |Err  |Priority |\n      |Process Name        |Status     |Completions |Suspensions |     |GOPS     |\n      |Memory Usage        |Instr BO   |            |            |     |FPS      |\n      |                    |           |            |            |     |Latency  |\n      |====================|===========|============|============|=====|=========|\n      |66240               |221        |773         |0           |0    |Normal   |\n      |python.exe          |Active     |772         |0           |     |N/A      |\n      |256 MB              |7776 KB    |            |            |     |N/A      |\n      |                    |           |            |            |     |N/A      |\n      |--------------------|-----------|------------|------------|-----|---------|\n"
NPU_OWNERSHIP {"context_pids": [66240], "owned_pids": [7176, 40840, 48272, 66240, 67324, 67392], "foreign_pids": []}
HOST_TIMELINE {"elapsed_seconds": 126.656, "tree_rss_bytes": 538664960, "foreign_peers": []}
HOST_TIMELINE {"elapsed_seconds": 130.25, "tree_rss_bytes": 538664960, "foreign_peers": []}
NPU_TIMELINE "\n-----------------------------\n[003d:00:01.1] : NPU Phoenix\n-----------------------------\nAIE Partitions\n  Total Memory Usage: 256 MB\n  Partition Index   : 0\n    Columns: [1, 2, 3, 4]\n    HW Contexts:\n      |PID                 |Ctx ID     |Submissions |Migrations  |Err  |Priority |\n      |Process Name        |Status     |Completions |Suspensions |     |GOPS     |\n      |Memory Usage        |Instr BO   |            |            |     |FPS      |\n      |                    |           |            |            |     |Latency  |\n      |====================|===========|============|============|=====|=========|\n      |66240               |221        |916         |0           |0    |Normal   |\n      |python.exe          |Active     |915         |0           |     |N/A      |\n      |256 MB              |7776 KB    |            |            |     |N/A      |\n      |                    |           |            |            |     |N/A      |\n      |--------------------|-----------|------------|------------|-----|---------|\n"
NPU_OWNERSHIP {"context_pids": [66240], "owned_pids": [7176, 40840, 48272, 66240, 67324, 67392], "foreign_pids": []}
HOST_TIMELINE {"elapsed_seconds": 133.875, "tree_rss_bytes": 538664960, "foreign_peers": []}
NPU_TIMELINE "\n-----------------------------\n[003d:00:01.1] : NPU Phoenix\n-----------------------------\nAIE Partitions\n  Total Memory Usage: 256 MB\n  Partition Index   : 0\n    Columns: [1, 2, 3, 4]\n    HW Contexts:\n      |PID                 |Ctx ID     |Submissions |Migrations  |Err  |Priority |\n      |Process Name        |Status     |Completions |Suspensions |     |GOPS     |\n      |Memory Usage        |Instr BO   |            |            |     |FPS      |\n      |                    |           |            |            |     |Latency  |\n      |====================|===========|============|============|=====|=========|\n      |66240               |221        |1039        |0           |0    |Normal   |\n      |python.exe          |Active     |1038        |0           |     |N/A      |\n      |256 MB              |7776 KB    |            |            |     |N/A      |\n      |                    |           |            |            |     |N/A      |\n      |--------------------|-----------|------------|------------|-----|---------|\n"
NPU_OWNERSHIP {"context_pids": [66240], "owned_pids": [7176, 40840, 48272, 66240, 67324, 67392], "foreign_pids": []}
HOST_TIMELINE {"elapsed_seconds": 137.594, "tree_rss_bytes": 538640384, "foreign_peers": []}
HOST_TIMELINE {"elapsed_seconds": 141.25, "tree_rss_bytes": 538640384, "foreign_peers": []}
NPU_TIMELINE "\n-----------------------------\n[003d:00:01.1] : NPU Phoenix\n-----------------------------\nAIE Partitions\n  Total Memory Usage: 256 MB\n  Partition Index   : 0\n    Columns: [1, 2, 3, 4]\n    HW Contexts:\n      |PID                 |Ctx ID     |Submissions |Migrations  |Err  |Priority |\n      |Process Name        |Status     |Completions |Suspensions |     |GOPS     |\n      |Memory Usage        |Instr BO   |            |            |     |FPS      |\n      |                    |           |            |            |     |Latency  |\n      |====================|===========|============|============|=====|=========|\n      |66240               |221        |1183        |0           |0    |Normal   |\n      |python.exe          |Active     |1182        |0           |     |N/A      |\n      |256 MB              |7776 KB    |            |            |     |N/A      |\n      |                    |           |            |            |     |N/A      |\n      |--------------------|-----------|------------|------------|-----|---------|\n"
NPU_OWNERSHIP {"context_pids": [66240], "owned_pids": [7176, 40840, 48272, 66240, 67324, 67392], "foreign_pids": []}
HOST_TIMELINE {"elapsed_seconds": 144.844, "tree_rss_bytes": 538640384, "foreign_peers": []}
NPU_TIMELINE "\n-----------------------------\n[003d:00:01.1] : NPU Phoenix\n-----------------------------\nAIE Partitions\n  Total Memory Usage: 256 MB\n  Partition Index   : 0\n    Columns: [1, 2, 3, 4]\n    HW Contexts:\n      |PID                 |Ctx ID     |Submissions |Migrations  |Err  |Priority |\n      |Process Name        |Status     |Completions |Suspensions |     |GOPS     |\n      |Memory Usage        |Instr BO   |            |            |     |FPS      |\n      |                    |           |            |            |     |Latency  |\n      |====================|===========|============|============|=====|=========|\n      |66240               |221        |1306        |0           |0    |Normal   |\n      |python.exe          |Active     |1305        |0           |     |N/A      |\n      |256 MB              |7776 KB    |            |            |     |N/A      |\n      |                    |           |            |            |     |N/A      |\n      |--------------------|-----------|------------|------------|-----|---------|\n"
NPU_OWNERSHIP {"context_pids": [66240], "owned_pids": [7176, 40840, 48272, 66240, 67324, 67392], "foreign_pids": []}
HOST_TIMELINE {"elapsed_seconds": 148.453, "tree_rss_bytes": 538640384, "foreign_peers": []}
HOST_TIMELINE {"elapsed_seconds": 152.0, "tree_rss_bytes": 538640384, "foreign_peers": []}
NPU_TIMELINE "\n-----------------------------\n[003d:00:01.1] : NPU Phoenix\n-----------------------------\nAIE Partitions\n  Total Memory Usage: 256 MB\n  Partition Index   : 0\n    Columns: [1, 2, 3, 4]\n    HW Contexts:\n      |PID                 |Ctx ID     |Submissions |Migrations  |Err  |Priority |\n      |Process Name        |Status     |Completions |Suspensions |     |GOPS     |\n      |Memory Usage        |Instr BO   |            |            |     |FPS      |\n      |                    |           |            |            |     |Latency  |\n      |====================|===========|============|============|=====|=========|\n      |66240               |221        |1445        |0           |0    |Normal   |\n      |python.exe          |Active     |1444        |0           |     |N/A      |\n      |256 MB              |7776 KB    |            |            |     |N/A      |\n      |                    |           |            |            |     |N/A      |\n      |--------------------|-----------|------------|------------|-----|---------|\n"
NPU_OWNERSHIP {"context_pids": [66240], "owned_pids": [7176, 40840, 48272, 66240, 67324, 67392], "foreign_pids": []}
HOST_TIMELINE {"elapsed_seconds": 155.641, "tree_rss_bytes": 538578944, "foreign_peers": []}
NPU_TIMELINE "\n-----------------------------\n[003d:00:01.1] : NPU Phoenix\n-----------------------------\nAIE Partitions\n  Total Memory Usage: 256 MB\n  Partition Index   : 0\n    Columns: [1, 2, 3, 4]\n    HW Contexts:\n      |PID                 |Ctx ID     |Submissions |Migrations  |Err  |Priority |\n      |Process Name        |Status     |Completions |Suspensions |     |GOPS     |\n      |Memory Usage        |Instr BO   |            |            |     |FPS      |\n      |                    |           |            |            |     |Latency  |\n      |====================|===========|============|============|=====|=========|\n      |66240               |221        |1567        |0           |0    |Normal   |\n      |python.exe          |Active     |1566        |0           |     |N/A      |\n      |256 MB              |7776 KB    |            |            |     |N/A      |\n      |                    |           |            |            |     |N/A      |\n      |--------------------|-----------|------------|------------|-----|---------|\n"
NPU_OWNERSHIP {"context_pids": [66240], "owned_pids": [7176, 40840, 48272, 66240, 67324, 67392], "foreign_pids": []}
HOST_TIMELINE {"elapsed_seconds": 159.266, "tree_rss_bytes": 538578944, "foreign_peers": []}
[summary] stop: frame limit | 550 frames processed (50 warm-up, 500 timed) | 1 distinct source frames | image bus.jpg 810x1080
[summary] NPU power mode: default kept: the balanced power mode leaves the NPU's mode alone
[summary] G2G mean 123.285 ms | P50 123.648 | P95 125.299 | P99 125.598 | max 126.280 | over the last 500 timed frames; cold first frame 128.12 ms
[summary] stage means (ms): preprocess 0.332 | NPU + host forward 122.754 (dispatch 122.330, host 0.000, readback 0.424) | decode+NMS 0.189
[summary] boxes from NPU heads on 500/500 timed frames | 9.00 detections per frame
[summary] RSS 493.6 MB at the first timed frame, 493.6 MB at the end (-0.06 MB over 500 frames)
[summary] wrote <scratch>\ign_control_1.json
HOST_TIMELINE {"elapsed_seconds": 162.812, "tree_rss_bytes": 21045248, "foreign_peers": []}
NPU_TIMELINE "\n-----------------------------\n[003d:00:01.1] : NPU Phoenix\n-----------------------------\nAIE Partitions\n  No hardware contexts running on device\n\n"
NPU_OWNERSHIP {"context_pids": [], "owned_pids": [7176, 40840, 48272, 66240, 67044, 67324, 67392], "foreign_pids": []}

== 2026-09-22T03:43:16Z [ignition test yolov8x_split #1]
HOST_TIMELINE {"elapsed_seconds": 166.422, "tree_rss_bytes": 536854528, "foreign_peers": []}
NPU_TIMELINE "\n-----------------------------\n[003d:00:01.1] : NPU Phoenix\n-----------------------------\nAIE Partitions\n  Total Memory Usage: 256 MB\n  Partition Index   : 0\n    Columns: [1, 2, 3, 4]\n    HW Contexts:\n      |PID                 |Ctx ID     |Submissions |Migrations  |Err  |Priority |\n      |Process Name        |Status     |Completions |Suspensions |     |GOPS     |\n      |Memory Usage        |Instr BO   |            |            |     |FPS      |\n      |                    |           |            |            |     |Latency  |\n      |====================|===========|============|============|=====|=========|\n      |67044               |222        |115         |0           |0    |Normal   |\n      |python.exe          |Active     |114         |0           |     |N/A      |\n      |256 MB              |7776 KB    |            |            |     |N/A      |\n      |                    |           |            |            |     |N/A      |\n      |--------------------|-----------|------------|------------|-----|---------|\n"
NPU_OWNERSHIP {"context_pids": [67044], "owned_pids": [7176, 40840, 48272, 66240, 67044, 67324, 67392], "foreign_pids": []}
HOST_TIMELINE {"elapsed_seconds": 170.062, "tree_rss_bytes": 536854528, "foreign_peers": []}
HOST_TIMELINE {"elapsed_seconds": 173.781, "tree_rss_bytes": 536870912, "foreign_peers": []}
NPU_TIMELINE "\n-----------------------------\n[003d:00:01.1] : NPU Phoenix\n-----------------------------\nAIE Partitions\n  Total Memory Usage: 256 MB\n  Partition Index   : 0\n    Columns: [1, 2, 3, 4]\n    HW Contexts:\n      |PID                 |Ctx ID     |Submissions |Migrations  |Err  |Priority |\n      |Process Name        |Status     |Completions |Suspensions |     |GOPS     |\n      |Memory Usage        |Instr BO   |            |            |     |FPS      |\n      |                    |           |            |            |     |Latency  |\n      |====================|===========|============|============|=====|=========|\n      |67044               |222        |271         |0           |0    |Normal   |\n      |python.exe          |Active     |270         |0           |     |N/A      |\n      |256 MB              |7776 KB    |            |            |     |N/A      |\n      |                    |           |            |            |     |N/A      |\n      |--------------------|-----------|------------|------------|-----|---------|\n"
NPU_OWNERSHIP {"context_pids": [67044], "owned_pids": [7176, 40840, 48272, 66240, 67044, 67324, 67392], "foreign_pids": []}
HOST_TIMELINE {"elapsed_seconds": 177.453, "tree_rss_bytes": 536870912, "foreign_peers": []}
NPU_TIMELINE "\n-----------------------------\n[003d:00:01.1] : NPU Phoenix\n-----------------------------\nAIE Partitions\n  Total Memory Usage: 256 MB\n  Partition Index   : 0\n    Columns: [1, 2, 3, 4]\n    HW Contexts:\n      |PID                 |Ctx ID     |Submissions |Migrations  |Err  |Priority |\n      |Process Name        |Status     |Completions |Suspensions |     |GOPS     |\n      |Memory Usage        |Instr BO   |            |            |     |FPS      |\n      |                    |           |            |            |     |Latency  |\n      |====================|===========|============|============|=====|=========|\n      |67044               |222        |401         |0           |0    |Normal   |\n      |python.exe          |Active     |400         |0           |     |N/A      |\n      |256 MB              |7776 KB    |            |            |     |N/A      |\n      |                    |           |            |            |     |N/A      |\n      |--------------------|-----------|------------|------------|-----|---------|\n"
NPU_OWNERSHIP {"context_pids": [67044], "owned_pids": [7176, 40840, 48272, 66240, 67044, 67324, 67392], "foreign_pids": []}
HOST_TIMELINE {"elapsed_seconds": 181.203, "tree_rss_bytes": 536875008, "foreign_peers": []}
HOST_TIMELINE {"elapsed_seconds": 184.922, "tree_rss_bytes": 536875008, "foreign_peers": []}
NPU_TIMELINE "\n-----------------------------\n[003d:00:01.1] : NPU Phoenix\n-----------------------------\nAIE Partitions\n  Total Memory Usage: 256 MB\n  Partition Index   : 0\n    Columns: [1, 2, 3, 4]\n    HW Contexts:\n      |PID                 |Ctx ID     |Submissions |Migrations  |Err  |Priority |\n      |Process Name        |Status     |Completions |Suspensions |     |GOPS     |\n      |Memory Usage        |Instr BO   |            |            |     |FPS      |\n      |                    |           |            |            |     |Latency  |\n      |====================|===========|============|============|=====|=========|\n      |67044               |222        |562         |0           |0    |Normal   |\n      |python.exe          |Active     |561         |0           |     |N/A      |\n      |256 MB              |7776 KB    |            |            |     |N/A      |\n      |                    |           |            |            |     |N/A      |\n      |--------------------|-----------|------------|------------|-----|---------|\n"
NPU_OWNERSHIP {"context_pids": [67044], "owned_pids": [7176, 40840, 48272, 66240, 67044, 67324, 67392], "foreign_pids": []}
HOST_TIMELINE {"elapsed_seconds": 188.719, "tree_rss_bytes": 536875008, "foreign_peers": []}
NPU_TIMELINE "\n-----------------------------\n[003d:00:01.1] : NPU Phoenix\n-----------------------------\nAIE Partitions\n  Total Memory Usage: 256 MB\n  Partition Index   : 0\n    Columns: [1, 2, 3, 4]\n    HW Contexts:\n      |PID                 |Ctx ID     |Submissions |Migrations  |Err  |Priority |\n      |Process Name        |Status     |Completions |Suspensions |     |GOPS     |\n      |Memory Usage        |Instr BO   |            |            |     |FPS      |\n      |                    |           |            |            |     |Latency  |\n      |====================|===========|============|============|=====|=========|\n      |67044               |222        |693         |0           |0    |Normal   |\n      |python.exe          |Active     |692         |0           |     |N/A      |\n      |256 MB              |7776 KB    |            |            |     |N/A      |\n      |                    |           |            |            |     |N/A      |\n      |--------------------|-----------|------------|------------|-----|---------|\n"
NPU_OWNERSHIP {"context_pids": [67044], "owned_pids": [7176, 40840, 48272, 66240, 67044, 67324, 67392], "foreign_pids": []}
HOST_TIMELINE {"elapsed_seconds": 192.469, "tree_rss_bytes": 536875008, "foreign_peers": []}
HOST_TIMELINE {"elapsed_seconds": 196.078, "tree_rss_bytes": 536875008, "foreign_peers": []}
NPU_TIMELINE "\n-----------------------------\n[003d:00:01.1] : NPU Phoenix\n-----------------------------\nAIE Partitions\n  Total Memory Usage: 256 MB\n  Partition Index   : 0\n    Columns: [1, 2, 3, 4]\n    HW Contexts:\n      |PID                 |Ctx ID     |Submissions |Migrations  |Err  |Priority |\n      |Process Name        |Status     |Completions |Suspensions |     |GOPS     |\n      |Memory Usage        |Instr BO   |            |            |     |FPS      |\n      |                    |           |            |            |     |Latency  |\n      |====================|===========|============|============|=====|=========|\n      |67044               |222        |849         |0           |0    |Normal   |\n      |python.exe          |Active     |848         |0           |     |N/A      |\n      |256 MB              |7776 KB    |            |            |     |N/A      |\n      |                    |           |            |            |     |N/A      |\n      |--------------------|-----------|------------|------------|-----|---------|\n"
NPU_OWNERSHIP {"context_pids": [67044], "owned_pids": [7176, 40840, 48272, 66240, 67044, 67324, 67392], "foreign_pids": []}
HOST_TIMELINE {"elapsed_seconds": 199.766, "tree_rss_bytes": 536875008, "foreign_peers": []}
NPU_TIMELINE "\n-----------------------------\n[003d:00:01.1] : NPU Phoenix\n-----------------------------\nAIE Partitions\n  Total Memory Usage: 256 MB\n  Partition Index   : 0\n    Columns: [1, 2, 3, 4]\n    HW Contexts:\n      |PID                 |Ctx ID     |Submissions |Migrations  |Err  |Priority |\n      |Process Name        |Status     |Completions |Suspensions |     |GOPS     |\n      |Memory Usage        |Instr BO   |            |            |     |FPS      |\n      |                    |           |            |            |     |Latency  |\n      |====================|===========|============|============|=====|=========|\n      |67044               |222        |981         |0           |0    |Normal   |\n      |python.exe          |Active     |980         |0           |     |N/A      |\n      |256 MB              |7776 KB    |            |            |     |N/A      |\n      |                    |           |            |            |     |N/A      |\n      |--------------------|-----------|------------|------------|-----|---------|\n"
NPU_OWNERSHIP {"context_pids": [67044], "owned_pids": [7176, 40840, 48272, 66240, 67044, 67324, 67392], "foreign_pids": []}
HOST_TIMELINE {"elapsed_seconds": 203.469, "tree_rss_bytes": 536875008, "foreign_peers": []}
HOST_TIMELINE {"elapsed_seconds": 207.094, "tree_rss_bytes": 536875008, "foreign_peers": []}
NPU_TIMELINE "\n-----------------------------\n[003d:00:01.1] : NPU Phoenix\n-----------------------------\nAIE Partitions\n  Total Memory Usage: 256 MB\n  Partition Index   : 0\n    Columns: [1, 2, 3, 4]\n    HW Contexts:\n      |PID                 |Ctx ID     |Submissions |Migrations  |Err  |Priority |\n      |Process Name        |Status     |Completions |Suspensions |     |GOPS     |\n      |Memory Usage        |Instr BO   |            |            |     |FPS      |\n      |                    |           |            |            |     |Latency  |\n      |====================|===========|============|============|=====|=========|\n      |67044               |222        |1134        |0           |0    |Normal   |\n      |python.exe          |Active     |1133        |0           |     |N/A      |\n      |256 MB              |7776 KB    |            |            |     |N/A      |\n      |                    |           |            |            |     |N/A      |\n      |--------------------|-----------|------------|------------|-----|---------|\n"
NPU_OWNERSHIP {"context_pids": [67044], "owned_pids": [7176, 40840, 48272, 66240, 67044, 67324, 67392], "foreign_pids": []}
HOST_TIMELINE {"elapsed_seconds": 210.766, "tree_rss_bytes": 536875008, "foreign_peers": []}
NPU_TIMELINE "\n-----------------------------\n[003d:00:01.1] : NPU Phoenix\n-----------------------------\nAIE Partitions\n  Total Memory Usage: 256 MB\n  Partition Index   : 0\n    Columns: [1, 2, 3, 4]\n    HW Contexts:\n      |PID                 |Ctx ID     |Submissions |Migrations  |Err  |Priority |\n      |Process Name        |Status     |Completions |Suspensions |     |GOPS     |\n      |Memory Usage        |Instr BO   |            |            |     |FPS      |\n      |                    |           |            |            |     |Latency  |\n      |====================|===========|============|============|=====|=========|\n      |67044               |222        |1264        |0           |0    |Normal   |\n      |python.exe          |Active     |1263        |0           |     |N/A      |\n      |256 MB              |7776 KB    |            |            |     |N/A      |\n      |                    |           |            |            |     |N/A      |\n      |--------------------|-----------|------------|------------|-----|---------|\n"
NPU_OWNERSHIP {"context_pids": [67044], "owned_pids": [7176, 40840, 48272, 66240, 67044, 67324, 67392], "foreign_pids": []}
HOST_TIMELINE {"elapsed_seconds": 214.422, "tree_rss_bytes": 536875008, "foreign_peers": []}
HOST_TIMELINE {"elapsed_seconds": 218.031, "tree_rss_bytes": 536875008, "foreign_peers": []}
NPU_TIMELINE "\n-----------------------------\n[003d:00:01.1] : NPU Phoenix\n-----------------------------\nAIE Partitions\n  Total Memory Usage: 256 MB\n  Partition Index   : 0\n    Columns: [1, 2, 3, 4]\n    HW Contexts:\n      |PID                 |Ctx ID     |Submissions |Migrations  |Err  |Priority |\n      |Process Name        |Status     |Completions |Suspensions |     |GOPS     |\n      |Memory Usage        |Instr BO   |            |            |     |FPS      |\n      |                    |           |            |            |     |Latency  |\n      |====================|===========|============|============|=====|=========|\n      |67044               |222        |1417        |0           |0    |Normal   |\n      |python.exe          |Active     |1416        |0           |     |N/A      |\n      |256 MB              |7776 KB    |            |            |     |N/A      |\n      |                    |           |            |            |     |N/A      |\n      |--------------------|-----------|------------|------------|-----|---------|\n"
NPU_OWNERSHIP {"context_pids": [67044], "owned_pids": [7176, 40840, 48272, 66240, 67044, 67324, 67392], "foreign_pids": []}
HOST_TIMELINE {"elapsed_seconds": 221.719, "tree_rss_bytes": 536875008, "foreign_peers": []}
NPU_TIMELINE "\n-----------------------------\n[003d:00:01.1] : NPU Phoenix\n-----------------------------\nAIE Partitions\n  Total Memory Usage: 256 MB\n  Partition Index   : 0\n    Columns: [1, 2, 3, 4]\n    HW Contexts:\n      |PID                 |Ctx ID     |Submissions |Migrations  |Err  |Priority |\n      |Process Name        |Status     |Completions |Suspensions |     |GOPS     |\n      |Memory Usage        |Instr BO   |            |            |     |FPS      |\n      |                    |           |            |            |     |Latency  |\n      |====================|===========|============|============|=====|=========|\n      |67044               |222        |1547        |0           |0    |Normal   |\n      |python.exe          |Active     |1546        |0           |     |N/A      |\n      |256 MB              |7776 KB    |            |            |     |N/A      |\n      |                    |           |            |            |     |N/A      |\n      |--------------------|-----------|------------|------------|-----|---------|\n"
NPU_OWNERSHIP {"context_pids": [67044], "owned_pids": [7176, 40840, 48272, 66240, 67044, 67324, 67392], "foreign_pids": []}
HOST_TIMELINE {"elapsed_seconds": 225.344, "tree_rss_bytes": 536817664, "foreign_peers": []}
[summary] stop: frame limit | 550 frames processed (50 warm-up, 500 timed) | 1 distinct source frames | image bus.jpg 810x1080
[summary] NPU power mode: default kept: the balanced power mode leaves the NPU's mode alone
HOST_TIMELINE {"elapsed_seconds": 228.906, "tree_rss_bytes": 380563456, "foreign_peers": []}
[summary] G2G mean 115.862 ms | P50 116.023 | P95 117.864 | P99 118.161 | max 118.309 | over the last 500 timed frames; cold first frame 121.22 ms
[summary] stage means (ms): preprocess 0.328 | NPU + host forward 115.338 (dispatch 114.916, host 0.000, readback 0.422) | decode+NMS 0.185
[summary] boxes from NPU heads on 500/500 timed frames | 9.00 detections per frame
[summary] RSS 491.9 MB at the first timed frame, 491.9 MB at the end (-0.05 MB over 500 frames)
[summary] wrote <scratch>\ign_test_1.json
NPU_TIMELINE "\n-----------------------------\n[003d:00:01.1] : NPU Phoenix\n-----------------------------\nAIE Partitions\n  No hardware contexts running on device\n\n"
NPU_OWNERSHIP {"context_pids": [], "owned_pids": [7176, 40840, 48272, 66240, 67044, 67324, 67392], "foreign_pids": []}

== 2026-09-22T03:44:23Z [amd yolov8x_split #2]
HOST_TIMELINE {"elapsed_seconds": 232.5, "tree_rss_bytes": 610807808, "foreign_peers": []}
NPU_TIMELINE "\n-----------------------------\n[003d:00:01.1] : NPU Phoenix\n-----------------------------\nAIE Partitions\n  Total Memory Usage: 270 MB\n  Partition Index   : 0\n    Columns: [1, 2, 3, 4]\n    HW Contexts:\n      |PID                 |Ctx ID     |Submissions |Migrations  |Err  |Priority |\n      |Process Name        |Status     |Completions |Suspensions |     |GOPS     |\n      |Memory Usage        |Instr BO   |            |            |     |FPS      |\n      |                    |           |            |            |     |Latency  |\n      |====================|===========|============|============|=====|=========|\n      |43004               |223        |45          |0           |0    |Normal   |\n      |python.exe          |Active     |44          |0           |     |258      |\n      |270 MB              |4480 KB    |            |            |     |N/A      |\n      |                    |           |            |            |     |N/A      |\n      |--------------------|-----------|------------|------------|-----|---------|\n"
NPU_OWNERSHIP {"context_pids": [43004], "owned_pids": [7176, 40840, 43004, 48272, 66240, 67044, 67324, 67392], "foreign_pids": []}
HOST_TIMELINE {"elapsed_seconds": 236.187, "tree_rss_bytes": 611872768, "foreign_peers": []}
HOST_TIMELINE {"elapsed_seconds": 239.797, "tree_rss_bytes": 611889152, "foreign_peers": []}
NPU_TIMELINE "\n-----------------------------\n[003d:00:01.1] : NPU Phoenix\n-----------------------------\nAIE Partitions\n  Total Memory Usage: 270 MB\n  Partition Index   : 0\n    Columns: [1, 2, 3, 4]\n    HW Contexts:\n      |PID                 |Ctx ID     |Submissions |Migrations  |Err  |Priority |\n      |Process Name        |Status     |Completions |Suspensions |     |GOPS     |\n      |Memory Usage        |Instr BO   |            |            |     |FPS      |\n      |                    |           |            |            |     |Latency  |\n      |====================|===========|============|============|=====|=========|\n      |43004               |223        |122         |0           |0    |Normal   |\n      |python.exe          |Active     |121         |0           |     |258      |\n      |270 MB              |4480 KB    |            |            |     |N/A      |\n      |                    |           |            |            |     |N/A      |\n      |--------------------|-----------|------------|------------|-----|---------|\n"
NPU_OWNERSHIP {"context_pids": [43004], "owned_pids": [7176, 40840, 43004, 48272, 66240, 67044, 67324, 67392], "foreign_pids": []}
HOST_TIMELINE {"elapsed_seconds": 243.484, "tree_rss_bytes": 611901440, "foreign_peers": []}
[run] frame 100 | G2G 78.69 ms | 8 objects
NPU_TIMELINE "\n-----------------------------\n[003d:00:01.1] : NPU Phoenix\n-----------------------------\nAIE Partitions\n  Total Memory Usage: 270 MB\n  Partition Index   : 0\n    Columns: [1, 2, 3, 4]\n    HW Contexts:\n      |PID                 |Ctx ID     |Submissions |Migrations  |Err  |Priority |\n      |Process Name        |Status     |Completions |Suspensions |     |GOPS     |\n      |Memory Usage        |Instr BO   |            |            |     |FPS      |\n      |                    |           |            |            |     |Latency  |\n      |====================|===========|============|============|=====|=========|\n      |43004               |223        |187         |0           |0    |Normal   |\n      |python.exe          |Active     |186         |0           |     |258      |\n      |270 MB              |4480 KB    |            |            |     |N/A      |\n      |                    |           |            |            |     |N/A      |\n      |--------------------|-----------|------------|------------|-----|---------|\n"
NPU_OWNERSHIP {"context_pids": [43004], "owned_pids": [7176, 40840, 43004, 48272, 66240, 67044, 67324, 67392], "foreign_pids": []}
HOST_TIMELINE {"elapsed_seconds": 247.187, "tree_rss_bytes": 611909632, "foreign_peers": []}
HOST_TIMELINE {"elapsed_seconds": 250.75, "tree_rss_bytes": 611921920, "foreign_peers": []}
[run] frame 200 | G2G 77.87 ms | 8 objects
NPU_TIMELINE "\n-----------------------------\n[003d:00:01.1] : NPU Phoenix\n-----------------------------\nAIE Partitions\n  Total Memory Usage: 270 MB\n  Partition Index   : 0\n    Columns: [1, 2, 3, 4]\n    HW Contexts:\n      |PID                 |Ctx ID     |Submissions |Migrations  |Err  |Priority |\n      |Process Name        |Status     |Completions |Suspensions |     |GOPS     |\n      |Memory Usage        |Instr BO   |            |            |     |FPS      |\n      |                    |           |            |            |     |Latency  |\n      |====================|===========|============|============|=====|=========|\n      |43004               |223        |260         |0           |0    |Normal   |\n      |python.exe          |Active     |259         |0           |     |258      |\n      |270 MB              |4480 KB    |            |            |     |N/A      |\n      |                    |           |            |            |     |N/A      |\n      |--------------------|-----------|------------|------------|-----|---------|\n"
NPU_OWNERSHIP {"context_pids": [43004], "owned_pids": [7176, 40840, 43004, 48272, 66240, 67044, 67324, 67392], "foreign_pids": []}
HOST_TIMELINE {"elapsed_seconds": 254.437, "tree_rss_bytes": 611930112, "foreign_peers": []}
NPU_TIMELINE "\n-----------------------------\n[003d:00:01.1] : NPU Phoenix\n-----------------------------\nAIE Partitions\n  Total Memory Usage: 270 MB\n  Partition Index   : 0\n    Columns: [1, 2, 3, 4]\n    HW Contexts:\n      |PID                 |Ctx ID     |Submissions |Migrations  |Err  |Priority |\n      |Process Name        |Status     |Completions |Suspensions |     |GOPS     |\n      |Memory Usage        |Instr BO   |            |            |     |FPS      |\n      |                    |           |            |            |     |Latency  |\n      |====================|===========|============|============|=====|=========|\n      |43004               |223        |325         |0           |0    |Normal   |\n      |python.exe          |Active     |324         |0           |     |258      |\n      |270 MB              |4480 KB    |            |            |     |N/A      |\n      |                    |           |            |            |     |N/A      |\n      |--------------------|-----------|------------|------------|-----|---------|\n"
NPU_OWNERSHIP {"context_pids": [43004], "owned_pids": [7176, 40840, 43004, 48272, 66240, 67044, 67324, 67392], "foreign_pids": []}
HOST_TIMELINE {"elapsed_seconds": 258.141, "tree_rss_bytes": 612069376, "foreign_peers": []}
[run] frame 300 | G2G 78.19 ms | 8 objects
HOST_TIMELINE {"elapsed_seconds": 261.75, "tree_rss_bytes": 612073472, "foreign_peers": []}
NPU_TIMELINE "\n-----------------------------\n[003d:00:01.1] : NPU Phoenix\n-----------------------------\nAIE Partitions\n  Total Memory Usage: 270 MB\n  Partition Index   : 0\n    Columns: [1, 2, 3, 4]\n    HW Contexts:\n      |PID                 |Ctx ID     |Submissions |Migrations  |Err  |Priority |\n      |Process Name        |Status     |Completions |Suspensions |     |GOPS     |\n      |Memory Usage        |Instr BO   |            |            |     |FPS      |\n      |                    |           |            |            |     |Latency  |\n      |====================|===========|============|============|=====|=========|\n      |43004               |223        |401         |0           |0    |Normal   |\n      |python.exe          |Active     |400         |0           |     |258      |\n      |270 MB              |4480 KB    |            |            |     |N/A      |\n      |                    |           |            |            |     |N/A      |\n      |--------------------|-----------|------------|------------|-----|---------|\n"
NPU_OWNERSHIP {"context_pids": [43004], "owned_pids": [7176, 40840, 43004, 48272, 66240, 67044, 67324, 67392], "foreign_pids": []}
HOST_TIMELINE {"elapsed_seconds": 265.422, "tree_rss_bytes": 612081664, "foreign_peers": []}
[run] frame 400 | G2G 78.67 ms | 8 objects
NPU_TIMELINE "\n-----------------------------\n[003d:00:01.1] : NPU Phoenix\n-----------------------------\nAIE Partitions\n  Total Memory Usage: 270 MB\n  Partition Index   : 0\n    Columns: [1, 2, 3, 4]\n    HW Contexts:\n      |PID                 |Ctx ID     |Submissions |Migrations  |Err  |Priority |\n      |Process Name        |Status     |Completions |Suspensions |     |GOPS     |\n      |Memory Usage        |Instr BO   |            |            |     |FPS      |\n      |                    |           |            |            |     |Latency  |\n      |====================|===========|============|============|=====|=========|\n      |43004               |223        |466         |0           |0    |Normal   |\n      |python.exe          |Active     |465         |0           |     |258      |\n      |270 MB              |4480 KB    |            |            |     |N/A      |\n      |                    |           |            |            |     |N/A      |\n      |--------------------|-----------|------------|------------|-----|---------|\n"
NPU_OWNERSHIP {"context_pids": [43004], "owned_pids": [7176, 40840, 43004, 48272, 66240, 67044, 67324, 67392], "foreign_pids": []}
HOST_TIMELINE {"elapsed_seconds": 269.125, "tree_rss_bytes": 612089856, "foreign_peers": []}
HOST_TIMELINE {"elapsed_seconds": 272.812, "tree_rss_bytes": 612900864, "foreign_peers": []}
NPU_TIMELINE "\n-----------------------------\n[003d:00:01.1] : NPU Phoenix\n-----------------------------\nAIE Partitions\n  Total Memory Usage: 270 MB\n  Partition Index   : 0\n    Columns: [1, 2, 3, 4]\n    HW Contexts:\n      |PID                 |Ctx ID     |Submissions |Migrations  |Err  |Priority |\n      |Process Name        |Status     |Completions |Suspensions |     |GOPS     |\n      |Memory Usage        |Instr BO   |            |            |     |FPS      |\n      |                    |           |            |            |     |Latency  |\n      |====================|===========|============|============|=====|=========|\n      |43004               |223        |543         |0           |0    |Normal   |\n      |python.exe          |Active     |542         |0           |     |258      |\n      |270 MB              |4480 KB    |            |            |     |N/A      |\n      |                    |           |            |            |     |N/A      |\n      |--------------------|-----------|------------|------------|-----|---------|\n"
NPU_OWNERSHIP {"context_pids": [43004], "owned_pids": [7176, 40840, 43004, 48272, 66240, 67044, 67324, 67392], "foreign_pids": []}
[run] frame 500 | G2G 78.12 ms | 8 objects
[amd] G2G mean 78.523 ms | P50 78.458 | P95 79.327 | P99 79.824 | max 80.893 | over 500 timed frames after 50 warm-up
[amd] stage means (ms): letterbox 1.865 | session.run 74.398 | decode+NMS 2.260
HOST_TIMELINE {"elapsed_seconds": 276.531, "tree_rss_bytes": 21057536, "foreign_peers": []}

== 2026-09-22T03:45:09Z [ignition control yolov8x_split #2]
NPU_TIMELINE "\n-----------------------------\n[003d:00:01.1] : NPU Phoenix\n-----------------------------\nAIE Partitions\n  Total Memory Usage: 256 MB\n  Partition Index   : 0\n    Columns: [1, 2, 3, 4]\n    HW Contexts:\n      |PID                 |Ctx ID     |Submissions |Migrations  |Err  |Priority |\n      |Process Name        |Status     |Completions |Suspensions |     |GOPS     |\n      |Memory Usage        |Instr BO   |            |            |     |FPS      |\n      |                    |           |            |            |     |Latency  |\n      |====================|===========|============|============|=====|=========|\n      |55532               |224        |39          |0           |0    |Normal   |\n      |python.exe          |Active     |39          |0           |     |N/A      |\n      |256 MB              |7776 KB    |            |            |     |N/A      |\n      |                    |           |            |            |     |N/A      |\n      |--------------------|-----------|------------|------------|-----|---------|\n"
NPU_OWNERSHIP {"context_pids": [55532], "owned_pids": [7176, 40840, 43004, 48272, 55532, 66240, 67044, 67324, 67392], "foreign_pids": []}
HOST_TIMELINE {"elapsed_seconds": 280.281, "tree_rss_bytes": 538480640, "foreign_peers": []}
HOST_TIMELINE {"elapsed_seconds": 283.922, "tree_rss_bytes": 538480640, "foreign_peers": []}
NPU_TIMELINE "\n-----------------------------\n[003d:00:01.1] : NPU Phoenix\n-----------------------------\nAIE Partitions\n  Total Memory Usage: 256 MB\n  Partition Index   : 0\n    Columns: [1, 2, 3, 4]\n    HW Contexts:\n      |PID                 |Ctx ID     |Submissions |Migrations  |Err  |Priority |\n      |Process Name        |Status     |Completions |Suspensions |     |GOPS     |\n      |Memory Usage        |Instr BO   |            |            |     |FPS      |\n      |                    |           |            |            |     |Latency  |\n      |====================|===========|============|============|=====|=========|\n      |55532               |224        |186         |0           |0    |Normal   |\n      |python.exe          |Active     |185         |0           |     |N/A      |\n      |256 MB              |7776 KB    |            |            |     |N/A      |\n      |                    |           |            |            |     |N/A      |\n      |--------------------|-----------|------------|------------|-----|---------|\n"
NPU_OWNERSHIP {"context_pids": [55532], "owned_pids": [7176, 40840, 43004, 48272, 55532, 66240, 67044, 67324, 67392], "foreign_pids": []}
HOST_TIMELINE {"elapsed_seconds": 287.687, "tree_rss_bytes": 538497024, "foreign_peers": []}
NPU_TIMELINE "\n-----------------------------\n[003d:00:01.1] : NPU Phoenix\n-----------------------------\nAIE Partitions\n  Total Memory Usage: 256 MB\n  Partition Index   : 0\n    Columns: [1, 2, 3, 4]\n    HW Contexts:\n      |PID                 |Ctx ID     |Submissions |Migrations  |Err  |Priority |\n      |Process Name        |Status     |Completions |Suspensions |     |GOPS     |\n      |Memory Usage        |Instr BO   |            |            |     |FPS      |\n      |                    |           |            |            |     |Latency  |\n      |====================|===========|============|============|=====|=========|\n      |55532               |224        |310         |0           |0    |Normal   |\n      |python.exe          |Active     |309         |0           |     |N/A      |\n      |256 MB              |7776 KB    |            |            |     |N/A      |\n      |                    |           |            |            |     |N/A      |\n      |--------------------|-----------|------------|------------|-----|---------|\n"
NPU_OWNERSHIP {"context_pids": [55532], "owned_pids": [7176, 40840, 43004, 48272, 55532, 66240, 67044, 67324, 67392], "foreign_pids": []}
HOST_TIMELINE {"elapsed_seconds": 291.422, "tree_rss_bytes": 538497024, "foreign_peers": []}
HOST_TIMELINE {"elapsed_seconds": 295.25, "tree_rss_bytes": 538497024, "foreign_peers": []}
NPU_TIMELINE "\n-----------------------------\n[003d:00:01.1] : NPU Phoenix\n-----------------------------\nAIE Partitions\n  Total Memory Usage: 256 MB\n  Partition Index   : 0\n    Columns: [1, 2, 3, 4]\n    HW Contexts:\n      |PID                 |Ctx ID     |Submissions |Migrations  |Err  |Priority |\n      |Process Name        |Status     |Completions |Suspensions |     |GOPS     |\n      |Memory Usage        |Instr BO   |            |            |     |FPS      |\n      |                    |           |            |            |     |Latency  |\n      |====================|===========|============|============|=====|=========|\n      |55532               |224        |460         |0           |0    |Normal   |\n      |python.exe          |Active     |459         |0           |     |N/A      |\n      |256 MB              |7776 KB    |            |            |     |N/A      |\n      |                    |           |            |            |     |N/A      |\n      |--------------------|-----------|------------|------------|-----|---------|\n"
NPU_OWNERSHIP {"context_pids": [55532], "owned_pids": [7176, 40840, 43004, 48272, 55532, 66240, 67044, 67324, 67392], "foreign_pids": []}
HOST_TIMELINE {"elapsed_seconds": 298.953, "tree_rss_bytes": 538497024, "foreign_peers": []}
NPU_TIMELINE "\n-----------------------------\n[003d:00:01.1] : NPU Phoenix\n-----------------------------\nAIE Partitions\n  Total Memory Usage: 256 MB\n  Partition Index   : 0\n    Columns: [1, 2, 3, 4]\n    HW Contexts:\n      |PID                 |Ctx ID     |Submissions |Migrations  |Err  |Priority |\n      |Process Name        |Status     |Completions |Suspensions |     |GOPS     |\n      |Memory Usage        |Instr BO   |            |            |     |FPS      |\n      |                    |           |            |            |     |Latency  |\n      |====================|===========|============|============|=====|=========|\n      |55532               |224        |584         |0           |0    |Normal   |\n      |python.exe          |Active     |583         |0           |     |N/A      |\n      |256 MB              |7776 KB    |            |            |     |N/A      |\n      |                    |           |            |            |     |N/A      |\n      |--------------------|-----------|------------|------------|-----|---------|\n"
NPU_OWNERSHIP {"context_pids": [55532], "owned_pids": [7176, 40840, 43004, 48272, 55532, 66240, 67044, 67324, 67392], "foreign_pids": []}
HOST_TIMELINE {"elapsed_seconds": 302.578, "tree_rss_bytes": 538599424, "foreign_peers": []}
HOST_TIMELINE {"elapsed_seconds": 306.187, "tree_rss_bytes": 538599424, "foreign_peers": []}
NPU_TIMELINE "\n-----------------------------\n[003d:00:01.1] : NPU Phoenix\n-----------------------------\nAIE Partitions\n  Total Memory Usage: 256 MB\n  Partition Index   : 0\n    Columns: [1, 2, 3, 4]\n    HW Contexts:\n      |PID                 |Ctx ID     |Submissions |Migrations  |Err  |Priority |\n      |Process Name        |Status     |Completions |Suspensions |     |GOPS     |\n      |Memory Usage        |Instr BO   |            |            |     |FPS      |\n      |                    |           |            |            |     |Latency  |\n      |====================|===========|============|============|=====|=========|\n      |55532               |224        |727         |0           |0    |Normal   |\n      |python.exe          |Active     |726         |0           |     |N/A      |\n      |256 MB              |7776 KB    |            |            |     |N/A      |\n      |                    |           |            |            |     |N/A      |\n      |--------------------|-----------|------------|------------|-----|---------|\n"
NPU_OWNERSHIP {"context_pids": [55532], "owned_pids": [7176, 40840, 43004, 48272, 55532, 66240, 67044, 67324, 67392], "foreign_pids": []}
HOST_TIMELINE {"elapsed_seconds": 309.906, "tree_rss_bytes": 538599424, "foreign_peers": []}
NPU_TIMELINE "\n-----------------------------\n[003d:00:01.1] : NPU Phoenix\n-----------------------------\nAIE Partitions\n  Total Memory Usage: 256 MB\n  Partition Index   : 0\n    Columns: [1, 2, 3, 4]\n    HW Contexts:\n      |PID                 |Ctx ID     |Submissions |Migrations  |Err  |Priority |\n      |Process Name        |Status     |Completions |Suspensions |     |GOPS     |\n      |Memory Usage        |Instr BO   |            |            |     |FPS      |\n      |                    |           |            |            |     |Latency  |\n      |====================|===========|============|============|=====|=========|\n      |55532               |224        |848         |0           |0    |Normal   |\n      |python.exe          |Active     |847         |0           |     |N/A      |\n      |256 MB              |7776 KB    |            |            |     |N/A      |\n      |                    |           |            |            |     |N/A      |\n      |--------------------|-----------|------------|------------|-----|---------|\n"
NPU_OWNERSHIP {"context_pids": [55532], "owned_pids": [7176, 40840, 43004, 48272, 55532, 66240, 67044, 67324, 67392], "foreign_pids": []}
HOST_TIMELINE {"elapsed_seconds": 313.812, "tree_rss_bytes": 538599424, "foreign_peers": []}
HOST_TIMELINE {"elapsed_seconds": 317.422, "tree_rss_bytes": 538599424, "foreign_peers": []}
NPU_TIMELINE "\n-----------------------------\n[003d:00:01.1] : NPU Phoenix\n-----------------------------\nAIE Partitions\n  Total Memory Usage: 256 MB\n  Partition Index   : 0\n    Columns: [1, 2, 3, 4]\n    HW Contexts:\n      |PID                 |Ctx ID     |Submissions |Migrations  |Err  |Priority |\n      |Process Name        |Status     |Completions |Suspensions |     |GOPS     |\n      |Memory Usage        |Instr BO   |            |            |     |FPS      |\n      |                    |           |            |            |     |Latency  |\n      |====================|===========|============|============|=====|=========|\n      |55532               |224        |997         |0           |0    |Normal   |\n      |python.exe          |Active     |996         |0           |     |N/A      |\n      |256 MB              |7776 KB    |            |            |     |N/A      |\n      |                    |           |            |            |     |N/A      |\n      |--------------------|-----------|------------|------------|-----|---------|\n"
NPU_OWNERSHIP {"context_pids": [55532], "owned_pids": [7176, 40840, 43004, 48272, 55532, 66240, 67044, 67324, 67392], "foreign_pids": []}
HOST_TIMELINE {"elapsed_seconds": 321.062, "tree_rss_bytes": 538599424, "foreign_peers": []}
NPU_TIMELINE "\n-----------------------------\n[003d:00:01.1] : NPU Phoenix\n-----------------------------\nAIE Partitions\n  Total Memory Usage: 256 MB\n  Partition Index   : 0\n    Columns: [1, 2, 3, 4]\n    HW Contexts:\n      |PID                 |Ctx ID     |Submissions |Migrations  |Err  |Priority |\n      |Process Name        |Status     |Completions |Suspensions |     |GOPS     |\n      |Memory Usage        |Instr BO   |            |            |     |FPS      |\n      |                    |           |            |            |     |Latency  |\n      |====================|===========|============|============|=====|=========|\n      |55532               |224        |1119        |0           |0    |Normal   |\n      |python.exe          |Active     |1118        |0           |     |N/A      |\n      |256 MB              |7776 KB    |            |            |     |N/A      |\n      |                    |           |            |            |     |N/A      |\n      |--------------------|-----------|------------|------------|-----|---------|\n"
NPU_OWNERSHIP {"context_pids": [55532], "owned_pids": [7176, 40840, 43004, 48272, 55532, 66240, 67044, 67324, 67392], "foreign_pids": []}
HOST_TIMELINE {"elapsed_seconds": 324.703, "tree_rss_bytes": 538599424, "foreign_peers": []}
HOST_TIMELINE {"elapsed_seconds": 328.344, "tree_rss_bytes": 538599424, "foreign_peers": []}
NPU_TIMELINE "\n-----------------------------\n[003d:00:01.1] : NPU Phoenix\n-----------------------------\nAIE Partitions\n  Total Memory Usage: 256 MB\n  Partition Index   : 0\n    Columns: [1, 2, 3, 4]\n    HW Contexts:\n      |PID                 |Ctx ID     |Submissions |Migrations  |Err  |Priority |\n      |Process Name        |Status     |Completions |Suspensions |     |GOPS     |\n      |Memory Usage        |Instr BO   |            |            |     |FPS      |\n      |                    |           |            |            |     |Latency  |\n      |====================|===========|============|============|=====|=========|\n      |55532               |224        |1263        |0           |0    |Normal   |\n      |python.exe          |Active     |1262        |0           |     |N/A      |\n      |256 MB              |7776 KB    |            |            |     |N/A      |\n      |                    |           |            |            |     |N/A      |\n      |--------------------|-----------|------------|------------|-----|---------|\n"
NPU_OWNERSHIP {"context_pids": [55532], "owned_pids": [7176, 40840, 43004, 48272, 55532, 66240, 67044, 67324, 67392], "foreign_pids": []}
HOST_TIMELINE {"elapsed_seconds": 332.0, "tree_rss_bytes": 538599424, "foreign_peers": []}
NPU_TIMELINE "\n-----------------------------\n[003d:00:01.1] : NPU Phoenix\n-----------------------------\nAIE Partitions\n  Total Memory Usage: 256 MB\n  Partition Index   : 0\n    Columns: [1, 2, 3, 4]\n    HW Contexts:\n      |PID                 |Ctx ID     |Submissions |Migrations  |Err  |Priority |\n      |Process Name        |Status     |Completions |Suspensions |     |GOPS     |\n      |Memory Usage        |Instr BO   |            |            |     |FPS      |\n      |                    |           |            |            |     |Latency  |\n      |====================|===========|============|============|=====|=========|\n      |55532               |224        |1386        |0           |0    |Normal   |\n      |python.exe          |Active     |1385        |0           |     |N/A      |\n      |256 MB              |7776 KB    |            |            |     |N/A      |\n      |                    |           |            |            |     |N/A      |\n      |--------------------|-----------|------------|------------|-----|---------|\n"
NPU_OWNERSHIP {"context_pids": [55532], "owned_pids": [7176, 40840, 43004, 48272, 55532, 66240, 67044, 67324, 67392], "foreign_pids": []}
HOST_TIMELINE {"elapsed_seconds": 335.672, "tree_rss_bytes": 538599424, "foreign_peers": []}
HOST_TIMELINE {"elapsed_seconds": 339.266, "tree_rss_bytes": 538537984, "foreign_peers": []}
NPU_TIMELINE "\n-----------------------------\n[003d:00:01.1] : NPU Phoenix\n-----------------------------\nAIE Partitions\n  Total Memory Usage: 256 MB\n  Partition Index   : 0\n    Columns: [1, 2, 3, 4]\n    HW Contexts:\n      |PID                 |Ctx ID     |Submissions |Migrations  |Err  |Priority |\n      |Process Name        |Status     |Completions |Suspensions |     |GOPS     |\n      |Memory Usage        |Instr BO   |            |            |     |FPS      |\n      |                    |           |            |            |     |Latency  |\n      |====================|===========|============|============|=====|=========|\n      |55532               |224        |1527        |0           |0    |Normal   |\n      |python.exe          |Active     |1526        |0           |     |N/A      |\n      |256 MB              |7776 KB    |            |            |     |N/A      |\n      |                    |           |            |            |     |N/A      |\n      |--------------------|-----------|------------|------------|-----|---------|\n"
NPU_OWNERSHIP {"context_pids": [55532], "owned_pids": [7176, 40840, 43004, 48272, 55532, 66240, 67044, 67324, 67392], "foreign_pids": []}
HOST_TIMELINE {"elapsed_seconds": 342.891, "tree_rss_bytes": 538537984, "foreign_peers": []}
NPU_TIMELINE "\n-----------------------------\n[003d:00:01.1] : NPU Phoenix\n-----------------------------\nAIE Partitions\n  Total Memory Usage: 256 MB\n  Partition Index   : 0\n    Columns: [1, 2, 3, 4]\n    HW Contexts:\n      |PID                 |Ctx ID     |Submissions |Migrations  |Err  |Priority |\n      |Process Name        |Status     |Completions |Suspensions |     |GOPS     |\n      |Memory Usage        |Instr BO   |            |            |     |FPS      |\n      |                    |           |            |            |     |Latency  |\n      |====================|===========|============|============|=====|=========|\n      |55532               |224        |1649        |0           |0    |Normal   |\n      |python.exe          |Active     |1648        |0           |     |N/A      |\n      |256 MB              |7776 KB    |            |            |     |N/A      |\n      |                    |           |            |            |     |N/A      |\n      |--------------------|-----------|------------|------------|-----|---------|\n"
NPU_OWNERSHIP {"context_pids": [55532], "owned_pids": [7176, 40840, 43004, 48272, 55532, 66240, 67044, 67324, 67392], "foreign_pids": []}
[summary] stop: frame limit | 550 frames processed (50 warm-up, 500 timed) | 1 distinct source frames | image bus.jpg 810x1080
[summary] NPU power mode: default kept: the balanced power mode leaves the NPU's mode alone
[summary] G2G mean 123.422 ms | P50 123.979 | P95 125.565 | P99 125.867 | max 126.336 | over the last 500 timed frames; cold first frame 128.26 ms
[summary] stage means (ms): preprocess 0.338 | NPU + host forward 122.885 (dispatch 122.456, host 0.000, readback 0.430) | decode+NMS 0.187
[summary] boxes from NPU heads on 500/500 timed frames | 9.00 detections per frame
[summary] RSS 493.5 MB at the first timed frame, 493.4 MB at the end (-0.06 MB over 500 frames)
[summary] wrote <scratch>\ign_control_2.json
HOST_TIMELINE {"elapsed_seconds": 346.516, "tree_rss_bytes": 21159936, "foreign_peers": []}

== 2026-09-22T03:46:20Z [ignition test yolov8x_split #2]
HOST_TIMELINE {"elapsed_seconds": 350.047, "tree_rss_bytes": 537858048, "foreign_peers": []}
NPU_TIMELINE "\n-----------------------------\n[003d:00:01.1] : NPU Phoenix\n-----------------------------\nAIE Partitions\n  Total Memory Usage: 256 MB\n  Partition Index   : 0\n    Columns: [1, 2, 3, 4]\n    HW Contexts:\n      |PID                 |Ctx ID     |Submissions |Migrations  |Err  |Priority |\n      |Process Name        |Status     |Completions |Suspensions |     |GOPS     |\n      |Memory Usage        |Instr BO   |            |            |     |FPS      |\n      |                    |           |            |            |     |Latency  |\n      |====================|===========|============|============|=====|=========|\n      |4352                |225        |73          |0           |0    |Normal   |\n      |python.exe          |Active     |72          |0           |     |N/A      |\n      |256 MB              |7776 KB    |            |            |     |N/A      |\n      |                    |           |            |            |     |N/A      |\n      |--------------------|-----------|------------|------------|-----|---------|\n"
NPU_OWNERSHIP {"context_pids": [4352], "owned_pids": [4352, 7176, 40840, 43004, 48272, 55532, 66240, 67044, 67300, 67324, 67392], "foreign_pids": []}
HOST_TIMELINE {"elapsed_seconds": 353.656, "tree_rss_bytes": 537858048, "foreign_peers": []}
NPU_TIMELINE "\n-----------------------------\n[003d:00:01.1] : NPU Phoenix\n-----------------------------\nAIE Partitions\n  Total Memory Usage: 256 MB\n  Partition Index   : 0\n    Columns: [1, 2, 3, 4]\n    HW Contexts:\n      |PID                 |Ctx ID     |Submissions |Migrations  |Err  |Priority |\n      |Process Name        |Status     |Completions |Suspensions |     |GOPS     |\n      |Memory Usage        |Instr BO   |            |            |     |FPS      |\n      |                    |           |            |            |     |Latency  |\n      |====================|===========|============|============|=====|=========|\n      |4352                |225        |204         |0           |0    |Normal   |\n      |python.exe          |Active     |203         |0           |     |N/A      |\n      |256 MB              |7776 KB    |            |            |     |N/A      |\n      |                    |           |            |            |     |N/A      |\n      |--------------------|-----------|------------|------------|-----|---------|\n"
NPU_OWNERSHIP {"context_pids": [4352], "owned_pids": [4352, 7176, 40840, 43004, 48272, 55532, 66240, 67044, 67300, 67324, 67392], "foreign_pids": []}
HOST_TIMELINE {"elapsed_seconds": 357.328, "tree_rss_bytes": 537874432, "foreign_peers": []}
HOST_TIMELINE {"elapsed_seconds": 360.969, "tree_rss_bytes": 537878528, "foreign_peers": []}
NPU_TIMELINE "\n-----------------------------\n[003d:00:01.1] : NPU Phoenix\n-----------------------------\nAIE Partitions\n  Total Memory Usage: 256 MB\n  Partition Index   : 0\n    Columns: [1, 2, 3, 4]\n    HW Contexts:\n      |PID                 |Ctx ID     |Submissions |Migrations  |Err  |Priority |\n      |Process Name        |Status     |Completions |Suspensions |     |GOPS     |\n      |Memory Usage        |Instr BO   |            |            |     |FPS      |\n      |                    |           |            |            |     |Latency  |\n      |====================|===========|============|============|=====|=========|\n      |4352                |225        |356         |0           |0    |Normal   |\n      |python.exe          |Active     |355         |0           |     |N/A      |\n      |256 MB              |7776 KB    |            |            |     |N/A      |\n      |                    |           |            |            |     |N/A      |\n      |--------------------|-----------|------------|------------|-----|---------|\n"
NPU_OWNERSHIP {"context_pids": [4352], "owned_pids": [4352, 7176, 40840, 43004, 48272, 55532, 66240, 67044, 67300, 67324, 67392], "foreign_pids": []}
HOST_TIMELINE {"elapsed_seconds": 364.594, "tree_rss_bytes": 537878528, "foreign_peers": []}
NPU_TIMELINE "\n-----------------------------\n[003d:00:01.1] : NPU Phoenix\n-----------------------------\nAIE Partitions\n  Total Memory Usage: 256 MB\n  Partition Index   : 0\n    Columns: [1, 2, 3, 4]\n    HW Contexts:\n      |PID                 |Ctx ID     |Submissions |Migrations  |Err  |Priority |\n      |Process Name        |Status     |Completions |Suspensions |     |GOPS     |\n      |Memory Usage        |Instr BO   |            |            |     |FPS      |\n      |                    |           |            |            |     |Latency  |\n      |====================|===========|============|============|=====|=========|\n      |4352                |225        |488         |0           |0    |Normal   |\n      |python.exe          |Active     |487         |0           |     |N/A      |\n      |256 MB              |7776 KB    |            |            |     |N/A      |\n      |                    |           |            |            |     |N/A      |\n      |--------------------|-----------|------------|------------|-----|---------|\n"
NPU_OWNERSHIP {"context_pids": [4352], "owned_pids": [4352, 7176, 40840, 43004, 48272, 55532, 66240, 67044, 67300, 67324, 67392], "foreign_pids": []}
HOST_TIMELINE {"elapsed_seconds": 368.187, "tree_rss_bytes": 537878528, "foreign_peers": []}
HOST_TIMELINE {"elapsed_seconds": 371.812, "tree_rss_bytes": 537878528, "foreign_peers": []}
NPU_TIMELINE "\n-----------------------------\n[003d:00:01.1] : NPU Phoenix\n-----------------------------\nAIE Partitions\n  Total Memory Usage: 256 MB\n  Partition Index   : 0\n    Columns: [1, 2, 3, 4]\n    HW Contexts:\n      |PID                 |Ctx ID     |Submissions |Migrations  |Err  |Priority |\n      |Process Name        |Status     |Completions |Suspensions |     |GOPS     |\n      |Memory Usage        |Instr BO   |            |            |     |FPS      |\n      |                    |           |            |            |     |Latency  |\n      |====================|===========|============|============|=====|=========|\n      |4352                |225        |637         |0           |0    |Normal   |\n      |python.exe          |Active     |636         |0           |     |N/A      |\n      |256 MB              |7776 KB    |            |            |     |N/A      |\n      |                    |           |            |            |     |N/A      |\n      |--------------------|-----------|------------|------------|-----|---------|\n"
NPU_OWNERSHIP {"context_pids": [4352], "owned_pids": [4352, 7176, 40840, 43004, 48272, 55532, 66240, 67044, 67300, 67324, 67392], "foreign_pids": []}
HOST_TIMELINE {"elapsed_seconds": 375.5, "tree_rss_bytes": 537878528, "foreign_peers": []}
NPU_TIMELINE "\n-----------------------------\n[003d:00:01.1] : NPU Phoenix\n-----------------------------\nAIE Partitions\n  Total Memory Usage: 256 MB\n  Partition Index   : 0\n    Columns: [1, 2, 3, 4]\n    HW Contexts:\n      |PID                 |Ctx ID     |Submissions |Migrations  |Err  |Priority |\n      |Process Name        |Status     |Completions |Suspensions |     |GOPS     |\n      |Memory Usage        |Instr BO   |            |            |     |FPS      |\n      |                    |           |            |            |     |Latency  |\n      |====================|===========|============|============|=====|=========|\n      |4352                |225        |767         |0           |0    |Normal   |\n      |python.exe          |Active     |766         |0           |     |N/A      |\n      |256 MB              |7776 KB    |            |            |     |N/A      |\n      |                    |           |            |            |     |N/A      |\n      |--------------------|-----------|------------|------------|-----|---------|\n"
NPU_OWNERSHIP {"context_pids": [4352], "owned_pids": [4352, 7176, 40840, 43004, 48272, 55532, 66240, 67044, 67300, 67324, 67392], "foreign_pids": []}
HOST_TIMELINE {"elapsed_seconds": 379.125, "tree_rss_bytes": 537878528, "foreign_peers": []}
HOST_TIMELINE {"elapsed_seconds": 382.672, "tree_rss_bytes": 537878528, "foreign_peers": []}
NPU_TIMELINE "\n-----------------------------\n[003d:00:01.1] : NPU Phoenix\n-----------------------------\nAIE Partitions\n  Total Memory Usage: 256 MB\n  Partition Index   : 0\n    Columns: [1, 2, 3, 4]\n    HW Contexts:\n      |PID                 |Ctx ID     |Submissions |Migrations  |Err  |Priority |\n      |Process Name        |Status     |Completions |Suspensions |     |GOPS     |\n      |Memory Usage        |Instr BO   |            |            |     |FPS      |\n      |                    |           |            |            |     |Latency  |\n      |====================|===========|============|============|=====|=========|\n      |4352                |225        |916         |0           |0    |Normal   |\n      |python.exe          |Active     |915         |0           |     |N/A      |\n      |256 MB              |7776 KB    |            |            |     |N/A      |\n      |                    |           |            |            |     |N/A      |\n      |--------------------|-----------|------------|------------|-----|---------|\n"
NPU_OWNERSHIP {"context_pids": [4352], "owned_pids": [4352, 7176, 40840, 43004, 48272, 55532, 66240, 67044, 67300, 67324, 67392], "foreign_pids": []}
HOST_TIMELINE {"elapsed_seconds": 386.25, "tree_rss_bytes": 537878528, "foreign_peers": []}
NPU_TIMELINE "\n-----------------------------\n[003d:00:01.1] : NPU Phoenix\n-----------------------------\nAIE Partitions\n  Total Memory Usage: 256 MB\n  Partition Index   : 0\n    Columns: [1, 2, 3, 4]\n    HW Contexts:\n      |PID                 |Ctx ID     |Submissions |Migrations  |Err  |Priority |\n      |Process Name        |Status     |Completions |Suspensions |     |GOPS     |\n      |Memory Usage        |Instr BO   |            |            |     |FPS      |\n      |                    |           |            |            |     |Latency  |\n      |====================|===========|============|============|=====|=========|\n      |4352                |225        |1045        |0           |0    |Normal   |\n      |python.exe          |Active     |1044        |0           |     |N/A      |\n      |256 MB              |7776 KB    |            |            |     |N/A      |\n      |                    |           |            |            |     |N/A      |\n      |--------------------|-----------|------------|------------|-----|---------|\n"
NPU_OWNERSHIP {"context_pids": [4352], "owned_pids": [4352, 7176, 40840, 43004, 48272, 55532, 66240, 67044, 67300, 67324, 67392], "foreign_pids": []}
HOST_TIMELINE {"elapsed_seconds": 389.859, "tree_rss_bytes": 537878528, "foreign_peers": []}
HOST_TIMELINE {"elapsed_seconds": 393.453, "tree_rss_bytes": 537878528, "foreign_peers": []}
NPU_TIMELINE "\n-----------------------------\n[003d:00:01.1] : NPU Phoenix\n-----------------------------\nAIE Partitions\n  Total Memory Usage: 256 MB\n  Partition Index   : 0\n    Columns: [1, 2, 3, 4]\n    HW Contexts:\n      |PID                 |Ctx ID     |Submissions |Migrations  |Err  |Priority |\n      |Process Name        |Status     |Completions |Suspensions |     |GOPS     |\n      |Memory Usage        |Instr BO   |            |            |     |FPS      |\n      |                    |           |            |            |     |Latency  |\n      |====================|===========|============|============|=====|=========|\n      |4352                |225        |1196        |0           |0    |Normal   |\n      |python.exe          |Active     |1195        |0           |     |N/A      |\n      |256 MB              |7776 KB    |            |            |     |N/A      |\n      |                    |           |            |            |     |N/A      |\n      |--------------------|-----------|------------|------------|-----|---------|\n"
NPU_OWNERSHIP {"context_pids": [4352], "owned_pids": [4352, 7176, 40840, 43004, 48272, 55532, 66240, 67044, 67300, 67324, 67392], "foreign_pids": []}
HOST_TIMELINE {"elapsed_seconds": 397.094, "tree_rss_bytes": 537878528, "foreign_peers": []}
NPU_TIMELINE "\n-----------------------------\n[003d:00:01.1] : NPU Phoenix\n-----------------------------\nAIE Partitions\n  Total Memory Usage: 256 MB\n  Partition Index   : 0\n    Columns: [1, 2, 3, 4]\n    HW Contexts:\n      |PID                 |Ctx ID     |Submissions |Migrations  |Err  |Priority |\n      |Process Name        |Status     |Completions |Suspensions |     |GOPS     |\n      |Memory Usage        |Instr BO   |            |            |     |FPS      |\n      |                    |           |            |            |     |Latency  |\n      |====================|===========|============|============|=====|=========|\n      |4352                |225        |1325        |0           |0    |Normal   |\n      |python.exe          |Active     |1324        |0           |     |N/A      |\n      |256 MB              |7776 KB    |            |            |     |N/A      |\n      |                    |           |            |            |     |N/A      |\n      |--------------------|-----------|------------|------------|-----|---------|\n"
NPU_OWNERSHIP {"context_pids": [4352], "owned_pids": [4352, 7176, 40840, 43004, 48272, 55532, 66240, 67044, 67300, 67324, 67392], "foreign_pids": []}
HOST_TIMELINE {"elapsed_seconds": 400.703, "tree_rss_bytes": 537878528, "foreign_peers": []}
HOST_TIMELINE {"elapsed_seconds": 404.359, "tree_rss_bytes": 537858048, "foreign_peers": []}
NPU_TIMELINE "\n-----------------------------\n[003d:00:01.1] : NPU Phoenix\n-----------------------------\nAIE Partitions\n  Total Memory Usage: 256 MB\n  Partition Index   : 0\n    Columns: [1, 2, 3, 4]\n    HW Contexts:\n      |PID                 |Ctx ID     |Submissions |Migrations  |Err  |Priority |\n      |Process Name        |Status     |Completions |Suspensions |     |GOPS     |\n      |Memory Usage        |Instr BO   |            |            |     |FPS      |\n      |                    |           |            |            |     |Latency  |\n      |====================|===========|============|============|=====|=========|\n      |4352                |225        |1477        |0           |0    |Normal   |\n      |python.exe          |Active     |1476        |0           |     |N/A      |\n      |256 MB              |7776 KB    |            |            |     |N/A      |\n      |                    |           |            |            |     |N/A      |\n      |--------------------|-----------|------------|------------|-----|---------|\n"
NPU_OWNERSHIP {"context_pids": [4352], "owned_pids": [4352, 7176, 40840, 43004, 48272, 55532, 66240, 67044, 67300, 67324, 67392], "foreign_pids": []}
HOST_TIMELINE {"elapsed_seconds": 407.984, "tree_rss_bytes": 537858048, "foreign_peers": []}
NPU_TIMELINE "\n-----------------------------\n[003d:00:01.1] : NPU Phoenix\n-----------------------------\nAIE Partitions\n  Total Memory Usage: 256 MB\n  Partition Index   : 0\n    Columns: [1, 2, 3, 4]\n    HW Contexts:\n      |PID                 |Ctx ID     |Submissions |Migrations  |Err  |Priority |\n      |Process Name        |Status     |Completions |Suspensions |     |GOPS     |\n      |Memory Usage        |Instr BO   |            |            |     |FPS      |\n      |                    |           |            |            |     |Latency  |\n      |====================|===========|============|============|=====|=========|\n      |4352                |225        |1607        |0           |0    |Normal   |\n      |python.exe          |Active     |1606        |0           |     |N/A      |\n      |256 MB              |7776 KB    |            |            |     |N/A      |\n      |                    |           |            |            |     |N/A      |\n      |--------------------|-----------|------------|------------|-----|---------|\n"
NPU_OWNERSHIP {"context_pids": [4352], "owned_pids": [4352, 7176, 40840, 43004, 48272, 55532, 66240, 67044, 67300, 67324, 67392], "foreign_pids": []}
HOST_TIMELINE {"elapsed_seconds": 411.625, "tree_rss_bytes": 537792512, "foreign_peers": []}
[summary] stop: frame limit | 550 frames processed (50 warm-up, 500 timed) | 1 distinct source frames | image bus.jpg 810x1080
[summary] NPU power mode: default kept: the balanced power mode leaves the NPU's mode alone
[summary] G2G mean 116.011 ms | P50 116.239 | P95 118.045 | P99 118.561 | max 119.317 | over the last 500 timed frames; cold first frame 120.67 ms
[summary] stage means (ms): preprocess 0.333 | NPU + host forward 115.481 (dispatch 115.061, host 0.000, readback 0.420) | decode+NMS 0.187
[summary] boxes from NPU heads on 500/500 timed frames | 9.00 detections per frame
[summary] RSS 492.8 MB at the first timed frame, 492.7 MB at the end (-0.06 MB over 500 frames)
[summary] wrote <scratch>\ign_test_2.json
HOST_TIMELINE {"elapsed_seconds": 415.172, "tree_rss_bytes": 21143552, "foreign_peers": []}
NPU_TIMELINE "\n-----------------------------\n[003d:00:01.1] : NPU Phoenix\n-----------------------------\nAIE Partitions\n  No hardware contexts running on device\n\n"
NPU_OWNERSHIP {"context_pids": [], "owned_pids": [4352, 7176, 40840, 43004, 48272, 55532, 61508, 66240, 67044, 67300, 67324, 67392], "foreign_pids": []}

wrote C:\Users\<user>\PycharmProjects\ignite-xdna\<tooling>\worktrees\bf16-engine\results\aie\ptr_ab_yolov8x_split_phoenix_20260922T0340Z.log
POST_NPU_CONTEXT_WITNESS "\n-----------------------------\n[003d:00:01.1] : NPU Phoenix\n-----------------------------\nAIE Partitions\n  No hardware contexts running on device\n\n"
RESEARCH_PROCESS_RESULT {"exit_code": 0, "stop": null, "peak_tree_rss_bytes": 3025104896, "rss_measurement": "maximum observed across sampled descendant working sets; zero observations reported as null", "elapsed_seconds": 418.14099999994505, "foreign_contention_observed": false, "timing_eligible": true}
