UTC: 2026-09-20T12:54:30.152672+00:00
MACHINE: DESKTOP-CBL5NUA AMD64 Family 25 Model 117 Stepping 2, AuthenticAMD
COMMAND: python tools/fill_layout_sizing.py models/sesr_m7_xint8.onnx --weight-buffer
COMMIT: ae6c26f24c74c695bf35958aad518dd5d229f91d
SOURCE: working tree, modified under src/ -- the numbers describe the dirty tree:
        M src/ignite_xdna/compiler/cli.py
         M src/ignite_xdna/compiler/engine_compile.py
         M src/ignite_xdna/compiler/engine_schedule.py
         M src/ignite_xdna/compiler/graph_ir.py
         M src/ignite_xdna/compiler/graph_reference.py
         M src/ignite_xdna/runtime/graph_session.py
         M src/ignite_xdna/runtime/session.py
        ?? src/ignite_xdna/compiler/dense_regions.py
        ?? src/ignite_xdna/runtime/dense_session.py
PACKAGE: ignite_xdna\__init__.py

[sizing] models/sesr_m7_xint8.onnx: 5408 patterns offered to merge_runs, 338 four-dimensional across 2 shapes (cross-check against tools/fill_premerge_audit.py's count for this model)
[count] (4, 4, 8, 200) x169

[shape] sizes (4, 4, 8, 200) strides (10320, 532512, 2064, 1): 4 planes x 8 rows x 200 B = 6,400 B per packet, 4 packets per descriptor, line pitch 2,064 B (row is 9.7% of a line), chain step 5 lines
  [emitted]
    dims 4, chain ceiling 4 packets/descriptor (1x fewer descriptors than 4), per-packet footprint 6,400 B fits, baseline, chain-overlap dedup -
  [planes packed adjacent (plane stride 532,512 -> 16,512 B)]
    dims 3, chain ceiling 64 packets/descriptor (16x fewer descriptors than 4), per-packet footprint 6,400 B fits, replicates 8 of 5 stepped rows: 1.60x the bytes, because chained windows overlap, chain-overlap dedup -
  [lines spanned (row 200 B -> pitch 2,064 B)]
    dims 2, chain ceiling 64 packets/descriptor (16x fewer descriptors than 4), per-packet footprint 66,048 B ** 66,048 B EXCEEDS the 64 KB core ** (one packet at a time must land in local memory), delivers 6.51x the useful bytes (5.05 of 8 rows per packet after dedup), chain-overlap dedup 1.59x dedup
  [both: planes packed AND lines spanned]
    dims 1, chain ceiling 64 packets/descriptor (16x fewer descriptors than 4), per-packet footprint 66,048 B ** 66,048 B EXCEEDS the 64 KB core ** (one packet at a time must land in local memory), both changes; 6.51x the useful bytes, chain-overlap dedup 1.59x dedup
[count] (4, 8, 5, 160) x169

[shape] sizes (4, 8, 5, 160) strides (10320, 532512, 2064, 1): 8 planes x 5 rows x 160 B = 6,400 B per packet, 4 packets per descriptor, line pitch 2,064 B (row is 7.8% of a line), chain step 5 lines
  [emitted]
    dims 4, chain ceiling 4 packets/descriptor (1x fewer descriptors than 4), per-packet footprint 6,400 B fits, baseline, chain-overlap dedup -
  [planes packed adjacent (plane stride 532,512 -> 10,320 B)]
    dims 3, chain ceiling 64 packets/descriptor (16x fewer descriptors than 4), per-packet footprint 6,400 B fits, same bytes on the wire (chained windows abut or are disjoint: step 5 >= 5 rows), chain-overlap dedup -
  [lines spanned (row 160 B -> pitch 2,064 B)]
    dims 2, chain ceiling 64 packets/descriptor (16x fewer descriptors than 4), per-packet footprint 82,560 B ** 82,560 B EXCEEDS the 64 KB core ** (one packet at a time must land in local memory), delivers 12.90x the useful bytes (5.00 of 5 rows per packet after dedup), chain-overlap dedup 1.00x dedup
  [both: planes packed AND lines spanned]
    dims 1, chain ceiling 64 packets/descriptor (16x fewer descriptors than 4), per-packet footprint 82,560 B ** 82,560 B EXCEEDS the 64 KB core ** (one packet at a time must land in local memory), both changes; 12.90x the useful bytes, chain-overlap dedup 1.00x dedup

[sizsum] 338 four-dimensional descriptors today (338 patterns, 1352 packets)
[sizsum]   byte-free to re-chain (windows abut): 169 = 50% of them, 676 packets
[sizsum]   would replicate overlapping rows (1.0-3.2x bytes): 169 = 50%, 676 packets -> not proposed
[sizsum] ESTIMATE assuming byte-free packets re-chain within a stream: 169 descriptors -> 11, i.e. 158 of the stream's tasks; every figure above is arithmetic on the emitted strides, and no timing was taken
