RESEARCH_PLATFORM {"machine": "Desktop 2", "cpu": "AMD Ryzen 7 8700G w/ Radeon 780M Graphics", "os": "Windows-11-10.0.26200-SP0", "ram_bytes": 33381138432, "source_sha256": {"tools/research_process.py": "b527a07958df0ed575df38dfe88da348c972ee79eb459974555cf2655f94d37f", "tools/quant_calib_alphabet.py": "2dc0b2878c564853f340880209a425dfcf63b8536b2b8e9fd32344daade58d37", "tools/xint8_arithmetic_probe.py": "6aa3df08b9870c3c2264b868459d7ffbac3070dddc1349d7c6f3f480075f7041", "scripts/research-lowlevel.sh": "3455ad7933697936487712665505c216891865c6deada647302785f6e37020bd", "scripts/research-iron.sh": "128f8b5ee21f2209f8dda004cefc39fbf87a5170ca61c5cf18dc97a6ea6669c8", "kernels/memory_placement/probe.py": "e8d990169ad6091fa1b53852e9f61eff495b5def72d35165a5c5cf1759e38898", "kernels/memory_placement/memory_kernels.cc": "182e7af7071a1e851afb4a7ca266069c489aea1fbaaa85eca129708daeba5ba6", "scripts/research-matrix.sh": "739254171629deae822b0ad7dabc875aee19ace56dde77d3e8aab61663f97516", "kernels/memory_placement/gemm.py": "17c905ad66110d3346bbf0db898dfc6b780df59fae1dfb0c1747057ce1e5844e", "kernels/memory_placement/gemm_placement.cc": "f21acf7250b12914ea30cc1f77613239dfa18421a85a1b9a5199017dd916278a", "tools/research_summary.py": "0c00dcceef07053d06731b41a1f1ed58d3ba4ea09f82497de354ce9cef17da20", "tools/research_toolchain.py": "f0a126a24ae213acfaa43460cfd9def0c86d9cb70cfee0228aa271688467b314"}, "commit": "02c3c114ab2f03f5e4a31c7cee789b7e915ed14a", "command": ["bash", "scripts/research-iron.sh", "tests/test_fused_epilogue_kernel.py", "--hardware", "--iters", "3"], "seconds_limit": 1800.0, "rss_gib_limit": 10.0, "checks_only": false, "free_ram_bytes": 17557790720}
HOST_LOAD busy_cores=0.36 logical_cores=16 free_ram_gb=16.3 sample_sec=1
HOST_LOAD_TOP 0.11 pycharm64:8540 ws_mb=3037
HOST_LOAD_TOP 0.09 HWiNFO64:1824 ws_mb=43
HOST_LOAD_TOP 0.08 Taskmgr:13448 ws_mb=186
HOST_LOAD_TOP 0.08 powershell:24004 ws_mb=79
HOST_LOAD_VERDICT CLEAR

PRE_NPU_CONTEXT_WITNESS "\n-----------------------------\n[003d:00:01.1] : NPU Phoenix\n-----------------------------\nAIE Partitions\n  No hardware contexts running on device\n\n"
{"event": "offline_pass", "max_error_output_lsb": 1, "q8_inputs_checked": 65536, "scope": "CPU arithmetic and fixture validation; no hardware execution"}

-----------------------------
[003d:00:01.1] : NPU Phoenix
-----------------------------
AIE Partitions
  No hardware contexts running on device


NPU_TIMELINE "\n-----------------------------\n[003d:00:01.1] : NPU Phoenix\n-----------------------------\nAIE Partitions\n  No hardware contexts running on device\n\n"
NPU_OWNERSHIP {"context_pids": [], "owned_pids": [3620, 16132, 19544, 21192, 32720, 34288], "foreign_pids": []}
HOST_LOAD busy_cores=0.4 logical_cores=16 free_ram_gb=16.3 sample_sec=1
HOST_LOAD_TOP 0.23 pycharm64:8540 ws_mb=3037
HOST_LOAD_TOP 0.05 powershell:32720 ws_mb=80
HOST_LOAD_TOP 0.05 HWiNFO64:1824 ws_mb=43
HOST_LOAD_TOP 0.03 Taskmgr:13448 ws_mb=186
HOST_LOAD_TOP 0.02 <tool>:33604 ws_mb=1010
HOST_LOAD_VERDICT CLEAR

{"event": "artifact", "shim_patches": 8, "stage": "raw16", "transaction_sha256": "7ec4b5c1fba1bf2cdde66a69b3db41997018b7a4d6bfbdc08d9f98c1dbcf9f1c", "xclbin_sha256": "507ca88155c96666a48399abd373579475c182b16b05f0920b6906a5b122f1fe"}
{"event": "artifact", "shim_patches": 8, "stage": "fused16", "transaction_sha256": "7ec4b5c1fba1bf2cdde66a69b3db41997018b7a4d6bfbdc08d9f98c1dbcf9f1c", "xclbin_sha256": "cffdc9da307f247a688f99ce62ee2ce59940482e49a0dbad533ddbdb722058bc"}
{"event": "artifact", "shim_patches": 3, "stage": "raw1", "transaction_sha256": "7a786e24a27414fbc4acf2d34a3066c7835236465cd7cbcf224cd25c85fa2e93", "xclbin_sha256": "6d80549775ccee8bf8cc92a3a976c7dead264f63fdf8182ab00e7bc828543359"}
{"event": "artifact", "shim_patches": 3, "stage": "fused1", "transaction_sha256": "7a786e24a27414fbc4acf2d34a3066c7835236465cd7cbcf224cd25c85fa2e93", "xclbin_sha256": "4b8a9ead2ee1e54a0e0be71b2f9652d66c3c3be38e78d44012dfc9b5c4be9879"}
{"case": "random", "elements": 4096, "event": "comparison", "fixed_max_error": 0, "fixed_mismatches": 0, "float_max_error_lsb": 0, "input_sha256": "98fc47f94a2a47f09c735af5579fc5a47329717a3d6501d025326e0001ef3938", "output_sha256": "9575f879b42970d36ef7c0fde49322b68cf0eff5563c67cbb306a3d84346e25a", "per_core_mismatches": [0, 0, 0, 0, 0, 0, 0, 0, 0, 0, 0, 0, 0, 0, 0, 0], "seed": 17, "stage": "raw16"}
{"case": "boundaries", "elements": 4096, "event": "comparison", "fixed_max_error": 0, "fixed_mismatches": 0, "float_max_error_lsb": 0, "input_sha256": "50a2e193ab5720059a9ba23f0b927f43f7d6efe2a60d9519762cf5f73adf426e", "output_sha256": "988d603291fa05a925455ae001d086111b7fa185b051ddeb25b3355175023ee1", "per_core_mismatches": [0, 0, 0, 0, 0, 0, 0, 0, 0, 0, 0, 0, 0, 0, 0, 0], "seed": 17, "stage": "raw16"}
{"case": "channel_basis", "elements": 4096, "event": "comparison", "fixed_max_error": 0, "fixed_mismatches": 0, "float_max_error_lsb": 0, "input_sha256": "9fded167d59ebedf2530ceb070d37f991c4d55e5022cb22ce906247ff127cf2b", "output_sha256": "1812e1287c4889efa3856ee0df8ee97b0e58cfbea6767c677dba761d7b3f8e32", "per_core_mismatches": [0, 0, 0, 0, 0, 0, 0, 0, 0, 0, 0, 0, 0, 0, 0, 0], "seed": 17, "stage": "raw16"}
{"case": "cancellation", "elements": 4096, "event": "comparison", "fixed_max_error": 0, "fixed_mismatches": 0, "float_max_error_lsb": 0, "input_sha256": "28d3cf2fef25fad29f88856a7492bbc51610a304ff9e68bca2097148f6a9811d", "output_sha256": "07588df038cd6fdfd64456d9b09e5b8a415fc8e3a4b5ad5765b70472f65588af", "per_core_mismatches": [0, 0, 0, 0, 0, 0, 0, 0, 0, 0, 0, 0, 0, 0, 0, 0], "seed": 17, "stage": "raw16"}
{"case": "random", "elements": 4096, "event": "comparison", "fixed_max_error": 0, "fixed_mismatches": 0, "float_max_error_lsb": 0, "input_sha256": "58a203057a0d4620af8fcb1f50f6e9cc7720387e86f3917bd2fd197af92a011c", "output_sha256": "88038a7c86b0ff84dae3b274fcf44c83199c421ecb9060973d9de3a383d2e2e7", "per_core_mismatches": [0, 0, 0, 0, 0, 0, 0, 0, 0, 0, 0, 0, 0, 0, 0, 0], "seed": 91, "stage": "raw16"}
{"case": "boundaries", "elements": 4096, "event": "comparison", "fixed_max_error": 0, "fixed_mismatches": 0, "float_max_error_lsb": 0, "input_sha256": "911e3719ef865de8e97132346e95f73bd580c8407076929e870a5c01a7276970", "output_sha256": "988d603291fa05a925455ae001d086111b7fa185b051ddeb25b3355175023ee1", "per_core_mismatches": [0, 0, 0, 0, 0, 0, 0, 0, 0, 0, 0, 0, 0, 0, 0, 0], "seed": 91, "stage": "raw16"}
{"case": "channel_basis", "elements": 4096, "event": "comparison", "fixed_max_error": 0, "fixed_mismatches": 0, "float_max_error_lsb": 0, "input_sha256": "5fe24cb1f8dd814b2ad1bb2c6288463364b4410ea22d235e3024dcc549488c60", "output_sha256": "1812e1287c4889efa3856ee0df8ee97b0e58cfbea6767c677dba761d7b3f8e32", "per_core_mismatches": [0, 0, 0, 0, 0, 0, 0, 0, 0, 0, 0, 0, 0, 0, 0, 0], "seed": 91, "stage": "raw16"}
{"case": "cancellation", "elements": 4096, "event": "comparison", "fixed_max_error": 0, "fixed_mismatches": 0, "float_max_error_lsb": 0, "input_sha256": "28d3cf2fef25fad29f88856a7492bbc51610a304ff9e68bca2097148f6a9811d", "output_sha256": "07588df038cd6fdfd64456d9b09e5b8a415fc8e3a4b5ad5765b70472f65588af", "per_core_mismatches": [0, 0, 0, 0, 0, 0, 0, 0, 0, 0, 0, 0, 0, 0, 0, 0], "seed": 91, "stage": "raw16"}
{"case": "random", "elements": 4096, "event": "comparison", "fixed_max_error": 0, "fixed_mismatches": 0, "float_max_error_lsb": 1, "input_sha256": "98fc47f94a2a47f09c735af5579fc5a47329717a3d6501d025326e0001ef3938", "output_sha256": "f229732bf40faa7c0a3b4e79149ba0344a8f4d216375f64cb4d88149e2dc0c49", "per_core_mismatches": [0, 0, 0, 0, 0, 0, 0, 0, 0, 0, 0, 0, 0, 0, 0, 0], "seed": 17, "stage": "fused16"}
{"case": "boundaries", "elements": 4096, "event": "comparison", "fixed_max_error": 0, "fixed_mismatches": 0, "float_max_error_lsb": 1, "input_sha256": "50a2e193ab5720059a9ba23f0b927f43f7d6efe2a60d9519762cf5f73adf426e", "output_sha256": "afaf50209d3b1f50755469c2f93e1bf20f74bff4f6e61b59002419216a8c0e95", "per_core_mismatches": [0, 0, 0, 0, 0, 0, 0, 0, 0, 0, 0, 0, 0, 0, 0, 0], "seed": 17, "stage": "fused16"}
{"case": "channel_basis", "elements": 4096, "event": "comparison", "fixed_max_error": 0, "fixed_mismatches": 0, "float_max_error_lsb": 1, "input_sha256": "9fded167d59ebedf2530ceb070d37f991c4d55e5022cb22ce906247ff127cf2b", "output_sha256": "a565c43239378d4e0d47c8a262a1cdb87e996ebd93e656a9f408c7450d22e7b3", "per_core_mismatches": [0, 0, 0, 0, 0, 0, 0, 0, 0, 0, 0, 0, 0, 0, 0, 0], "seed": 17, "stage": "fused16"}
{"case": "cancellation", "elements": 4096, "event": "comparison", "fixed_max_error": 0, "fixed_mismatches": 0, "float_max_error_lsb": 1, "input_sha256": "28d3cf2fef25fad29f88856a7492bbc51610a304ff9e68bca2097148f6a9811d", "output_sha256": "1372a27eaa1bc73a3b60d924e020afe450e0b7c414f93903a60f284f0dc29814", "per_core_mismatches": [0, 0, 0, 0, 0, 0, 0, 0, 0, 0, 0, 0, 0, 0, 0, 0], "seed": 17, "stage": "fused16"}
{"case": "random", "elements": 4096, "event": "comparison", "fixed_max_error": 0, "fixed_mismatches": 0, "float_max_error_lsb": 1, "input_sha256": "58a203057a0d4620af8fcb1f50f6e9cc7720387e86f3917bd2fd197af92a011c", "output_sha256": "173044fe9c13e929ac0614fc11881e5ff1a25363f03c3b973d07b2f1916803db", "per_core_mismatches": [0, 0, 0, 0, 0, 0, 0, 0, 0, 0, 0, 0, 0, 0, 0, 0], "seed": 91, "stage": "fused16"}
{"case": "boundaries", "elements": 4096, "event": "comparison", "fixed_max_error": 0, "fixed_mismatches": 0, "float_max_error_lsb": 1, "input_sha256": "911e3719ef865de8e97132346e95f73bd580c8407076929e870a5c01a7276970", "output_sha256": "5d47ca69dc1b031ffee92ec4517af08319372560f6b75eb7a5877c5b61256b48", "per_core_mismatches": [0, 0, 0, 0, 0, 0, 0, 0, 0, 0, 0, 0, 0, 0, 0, 0], "seed": 91, "stage": "fused16"}
{"case": "channel_basis", "elements": 4096, "event": "comparison", "fixed_max_error": 0, "fixed_mismatches": 0, "float_max_error_lsb": 1, "input_sha256": "5fe24cb1f8dd814b2ad1bb2c6288463364b4410ea22d235e3024dcc549488c60", "output_sha256": "ad03ce6c27815f2881c14651e3688e3d6e927b0f8b3c382d55292bd56e72b496", "per_core_mismatches": [0, 0, 0, 0, 0, 0, 0, 0, 0, 0, 0, 0, 0, 0, 0, 0], "seed": 91, "stage": "fused16"}
{"case": "cancellation", "elements": 4096, "event": "comparison", "fixed_max_error": 0, "fixed_mismatches": 0, "float_max_error_lsb": 1, "input_sha256": "28d3cf2fef25fad29f88856a7492bbc51610a304ff9e68bca2097148f6a9811d", "output_sha256": "1372a27eaa1bc73a3b60d924e020afe450e0b7c414f93903a60f284f0dc29814", "per_core_mismatches": [0, 0, 0, 0, 0, 0, 0, 0, 0, 0, 0, 0, 0, 0, 0, 0], "seed": 91, "stage": "fused16"}
{"case": "random", "elements": 256, "event": "comparison", "fixed_max_error": 0, "fixed_mismatches": 0, "float_max_error_lsb": 0, "input_sha256": "2218cb2b5c7160e4eb999960557cbee34bdf91ffc1bd84a536ea098aa9dce0c7", "output_sha256": "f5c4f24a0df77ab41ded7cbab75adcb21546de158d5158aaf5bcba375951f7ca", "per_core_mismatches": [0], "seed": 101, "stage": "raw1"}
{"cycles": 323, "event": "cycle_sample", "measured": true, "memory_stall_events": 0, "seed": 101, "stage": "raw1"}
{"case": "random", "elements": 256, "event": "comparison", "fixed_max_error": 0, "fixed_mismatches": 0, "float_max_error_lsb": 1, "input_sha256": "2218cb2b5c7160e4eb999960557cbee34bdf91ffc1bd84a536ea098aa9dce0c7", "output_sha256": "05a87a6d630d87d136f694c74b72dc4bd5b6baa8c28ff7900411ea6981ee7811", "per_core_mismatches": [0], "seed": 101, "stage": "fused1"}
HOST_TIMELINE {"elapsed_seconds": 2.594, "tree_rss_bytes": 399953920, "foreign_peers": []}
{"cycles": 541, "event": "cycle_sample", "measured": true, "memory_stall_events": 0, "seed": 101, "stage": "fused1"}
{"case": "random", "elements": 256, "event": "comparison", "fixed_max_error": 0, "fixed_mismatches": 0, "float_max_error_lsb": 1, "input_sha256": "0d1340bd765278f1b371e3ec6f6f4e2c9a085e107e92f0c80798c3e4342b0bbc", "output_sha256": "aec138b1ca27baab15e44455beacf1f35f0caba815dc6cd4092fb7a32874d35c", "per_core_mismatches": [0], "seed": 102, "stage": "fused1"}
{"cycles": 541, "event": "cycle_sample", "measured": true, "memory_stall_events": 0, "seed": 102, "stage": "fused1"}
{"case": "random", "elements": 256, "event": "comparison", "fixed_max_error": 0, "fixed_mismatches": 0, "float_max_error_lsb": 0, "input_sha256": "0d1340bd765278f1b371e3ec6f6f4e2c9a085e107e92f0c80798c3e4342b0bbc", "output_sha256": "234490051693722dc0f7a0bed9b34630bb079bd8dc6c5881f4a9147ae6f7ce62", "per_core_mismatches": [0], "seed": 102, "stage": "raw1"}
{"cycles": 323, "event": "cycle_sample", "measured": true, "memory_stall_events": 0, "seed": 102, "stage": "raw1"}
{"case": "random", "elements": 256, "event": "comparison", "fixed_max_error": 0, "fixed_mismatches": 0, "float_max_error_lsb": 0, "input_sha256": "cd8624b35b1dd596711e16825c07ed721c6c46134e73f8acd6737d5e53da3322", "output_sha256": "d169c0c9b1e5d072b28b223732aed2f72114dd492830ffd44f162cd99cad8350", "per_core_mismatches": [0], "seed": 103, "stage": "raw1"}
{"cycles": 323, "event": "cycle_sample", "measured": true, "memory_stall_events": 0, "seed": 103, "stage": "raw1"}
{"case": "random", "elements": 256, "event": "comparison", "fixed_max_error": 0, "fixed_mismatches": 0, "float_max_error_lsb": 1, "input_sha256": "cd8624b35b1dd596711e16825c07ed721c6c46134e73f8acd6737d5e53da3322", "output_sha256": "b0599b450743692403976f2c6714b5cf98c9c25611ef4d44d3c015503772f482", "per_core_mismatches": [0], "seed": 103, "stage": "fused1"}
{"cycles": 541, "event": "cycle_sample", "measured": true, "memory_stall_events": 0, "seed": 103, "stage": "fused1"}
{"array_cores_checked": 16, "correctness": "PASS", "cycle_scope": "one core, bias loads through final stores; input DMA, local input staging and trace flush excluded", "event": "hardware_result", "fused_cycles": [541, 541, 541], "memory_stall_events": [0, 0, 0, 0, 0, 0], "output_dma_overlap": false, "outputs_per_array_run": 4096, "overhead_percent": 67.49226006191951, "overhead_target": "FAIL", "overlap_reason": "output FIFO released after the complete kernel call", "raw_cycles": [323, 323, 323]}
Traceback (most recent call last):
  File "C:\Users\<user>\PycharmProjects\ignite-xdna\tests\test_fused_epilogue_kernel.py", line 390, in <module>
    main()
    ~~~~^^
  File "C:\Users\<user>\PycharmProjects\ignite-xdna\tests\test_fused_epilogue_kernel.py", line 386, in main
    hardware(args)
    ~~~~~~~~^^^^^^
  File "C:\Users\<user>\PycharmProjects\ignite-xdna\tests\test_fused_epilogue_kernel.py", line 355, in hardware
    raise AssertionError(f'Fused cycle overhead {overhead:.2f}% exceeds the <8% target')
AssertionError: Fused cycle overhead 67.49% exceeds the <8% target
RESEARCH_PROCESS_RESULT {"exit_code": 1, "stop": null, "peak_tree_rss_bytes": 399953920, "rss_measurement": "maximum observed across sampled descendant working sets; zero observations reported as null", "elapsed_seconds": 3.1559999999954016, "foreign_contention_observed": false, "timing_eligible": false}
