RESEARCH_PLATFORM {"machine": "Desktop 2", "cpu": "AMD Ryzen 7 8700G w/ Radeon 780M Graphics", "os": "Windows-11-10.0.26200-SP0", "ram_bytes": 33381138432, "source_sha256": {"tools/research_process.py": "b527a07958df0ed575df38dfe88da348c972ee79eb459974555cf2655f94d37f", "tools/quant_calib_alphabet.py": "2dc0b2878c564853f340880209a425dfcf63b8536b2b8e9fd32344daade58d37", "tools/xint8_arithmetic_probe.py": "6aa3df08b9870c3c2264b868459d7ffbac3070dddc1349d7c6f3f480075f7041", "scripts/research-lowlevel.sh": "3455ad7933697936487712665505c216891865c6deada647302785f6e37020bd", "scripts/research-iron.sh": "128f8b5ee21f2209f8dda004cefc39fbf87a5170ca61c5cf18dc97a6ea6669c8", "kernels/memory_placement/probe.py": "e8d990169ad6091fa1b53852e9f61eff495b5def72d35165a5c5cf1759e38898", "kernels/memory_placement/memory_kernels.cc": "182e7af7071a1e851afb4a7ca266069c489aea1fbaaa85eca129708daeba5ba6", "scripts/research-matrix.sh": "739254171629deae822b0ad7dabc875aee19ace56dde77d3e8aab61663f97516", "kernels/memory_placement/gemm.py": "17c905ad66110d3346bbf0db898dfc6b780df59fae1dfb0c1747057ce1e5844e", "kernels/memory_placement/gemm_placement.cc": "f21acf7250b12914ea30cc1f77613239dfa18421a85a1b9a5199017dd916278a", "tools/research_summary.py": "0c00dcceef07053d06731b41a1f1ed58d3ba4ea09f82497de354ce9cef17da20", "tools/research_toolchain.py": "f0a126a24ae213acfaa43460cfd9def0c86d9cb70cfee0228aa271688467b314"}, "commit": "59c7cfd17f027442eda5f122df36ecdd16e754e3", "command": ["bash", "scripts/research-iron.sh", "tests/test_fused_epilogue_kernel.py", "--compile"], "seconds_limit": 1800.0, "rss_gib_limit": 10.0, "checks_only": false, "free_ram_bytes": 18085068800}
HOST_LOAD busy_cores=0.63 logical_cores=16 free_ram_gb=16.8 sample_sec=1
HOST_LOAD_TOP 0.3 agy:33604 ws_mb=983
HOST_LOAD_TOP 0.14 HWiNFO64:1824 ws_mb=43
HOST_LOAD_TOP 0.06 Taskmgr:13448 ws_mb=187
HOST_LOAD_TOP 0.06 powershell:5492 ws_mb=79
HOST_LOAD_TOP 0.05 pycharm64:8540 ws_mb=3149
HOST_LOAD_VERDICT CLEAR

PRE_NPU_CONTEXT_WITNESS "\n-----------------------------\n[003d:00:01.1] : NPU Phoenix\n-----------------------------\nAIE Partitions\n  No hardware contexts running on device\n\n"
{"event": "offline_pass", "max_error_output_lsb": 1, "q8_inputs_checked": 65536, "scope": "CPU arithmetic and fixture validation; no hardware execution"}
NPU_TIMELINE "\n-----------------------------\n[003d:00:01.1] : NPU Phoenix\n-----------------------------\nAIE Partitions\n  No hardware contexts running on device\n\n"
NPU_OWNERSHIP {"context_pids": [], "owned_pids": [17936, 20672, 21692, 22780, 23400, 27768, 32428], "foreign_pids": []}

-----------------------------
[003d:00:01.1] : NPU Phoenix
-----------------------------
AIE Partitions
  No hardware contexts running on device


HOST_LOAD busy_cores=0.61 logical_cores=16 free_ram_gb=16.8 sample_sec=1
HOST_LOAD_TOP 0.35 pycharm64:8540 ws_mb=3149
HOST_LOAD_TOP 0.08 Taskmgr:13448 ws_mb=187
HOST_LOAD_TOP 0.06 agy:33604 ws_mb=990
HOST_LOAD_TOP 0.05 powershell:32428 ws_mb=79
HOST_LOAD_TOP 0.05 HWiNFO64:1824 ws_mb=43
HOST_LOAD_VERDICT CLEAR

{"event": "compile_begin", "variant": "raw16"}
HOST_TIMELINE {"elapsed_seconds": 2.64, "tree_rss_bytes": 140267520, "foreign_peers": []}
HOST_TIMELINE {"elapsed_seconds": 5.265, "tree_rss_bytes": 152408064, "foreign_peers": []}
NPU_TIMELINE "\n-----------------------------\n[003d:00:01.1] : NPU Phoenix\n-----------------------------\nAIE Partitions\n  No hardware contexts running on device\n\n"
NPU_OWNERSHIP {"context_pids": [], "owned_pids": [17936, 20036, 20672, 21692, 22780, 22860, 23400, 23484, 27768, 32196, 32428], "foreign_pids": []}
{"directory": "C:\\Users\\<user>\\PycharmProjects\\ignite-xdna\\build\\fused_conv_epilogue\\6254dd82ab9cf474\\raw16", "elf_count": 16, "event": "compile_end", "variant": "raw16"}
{"dma_overlap": "requires trace", "event": "disassembly", "file": "conv2d_raw.o", "memory_stalls": "requires trace", "srs": 8, "stack_references": 0, "variant": "raw16", "vmac": 16}
{"event": "compile_begin", "variant": "fused16"}
HOST_TIMELINE {"elapsed_seconds": 7.828, "tree_rss_bytes": 143265792, "foreign_peers": []}
HOST_TIMELINE {"elapsed_seconds": 10.328, "tree_rss_bytes": 137379840, "foreign_peers": []}
NPU_TIMELINE "\n-----------------------------\n[003d:00:01.1] : NPU Phoenix\n-----------------------------\nAIE Partitions\n  No hardware contexts running on device\n\n"
NPU_OWNERSHIP {"context_pids": [], "owned_pids": [10116, 10140, 10584, 10924, 11216, 12200, 13856, 15036, 15208, 16464, 16560, 16832, 16988, 17168, 17552, 17676, 17936, 18348, 18528, 18804, 19124, 20036, 20488, 20672, 20832, 20972, 21668, 21692, 21848, 22076, 22364, 22712, 22780, 22860, 23400, 23484, 27768, 28940, 32164, 32196, 32428, 34012, 34264], "foreign_pids": []}
HOST_TIMELINE {"elapsed_seconds": 12.859, "tree_rss_bytes": 160157696, "foreign_peers": []}
{"directory": "C:\\Users\\<user>\\PycharmProjects\\ignite-xdna\\build\\fused_conv_epilogue\\6254dd82ab9cf474\\fused16", "elf_count": 16, "event": "compile_end", "variant": "fused16"}
{"dma_overlap": "requires trace", "event": "disassembly", "file": "conv2d_fused.o", "memory_stalls": "requires trace", "srs": 48, "stack_references": 4, "variant": "fused16", "vmac": 16}
{"event": "compile_begin", "variant": "raw1"}
HOST_TIMELINE {"elapsed_seconds": 15.437, "tree_rss_bytes": 239050752, "foreign_peers": []}
NPU_TIMELINE "\n-----------------------------\n[003d:00:01.1] : NPU Phoenix\n-----------------------------\nAIE Partitions\n  No hardware contexts running on device\n\n"
NPU_OWNERSHIP {"context_pids": [], "owned_pids": [6524, 7444, 10116, 10140, 10584, 10924, 11216, 12200, 13104, 13856, 14832, 15036, 15060, 15152, 15208, 16176, 16464, 16560, 16832, 16988, 17168, 17552, 17676, 17936, 18176, 18348, 18528, 18560, 18720, 18804, 19124, 19448, 20036, 20488, 20672, 20708, 20832, 20972, 21236, 21668, 21692, 21848, 22076, 22364, 22688, 22712, 22780, 22860, 23400, 23484, 23724, 25320, 25324, 27768, 28940, 32164, 32196, 32428, 34012, 34264, 34748], "foreign_pids": []}
{"directory": "C:\\Users\\<user>\\PycharmProjects\\ignite-xdna\\build\\fused_conv_epilogue\\6254dd82ab9cf474\\raw1", "elf_count": 1, "event": "compile_end", "variant": "raw1"}
{"dma_overlap": "requires trace", "event": "disassembly", "file": "conv2d_raw.o", "memory_stalls": "requires trace", "srs": 8, "stack_references": 0, "variant": "raw1", "vmac": 16}
{"event": "compile_begin", "variant": "fused1"}
HOST_TIMELINE {"elapsed_seconds": 18.14, "tree_rss_bytes": 199667712, "foreign_peers": []}
{"directory": "C:\\Users\\<user>\\PycharmProjects\\ignite-xdna\\build\\fused_conv_epilogue\\6254dd82ab9cf474\\fused1", "elf_count": 1, "event": "compile_end", "variant": "fused1"}
{"dma_overlap": "requires trace", "event": "disassembly", "file": "conv2d_fused.o", "memory_stalls": "requires trace", "srs": 48, "stack_references": 4, "variant": "fused1", "vmac": 16}
{"activation_address": 16384, "core_elves": 16, "dma_overlap": "requires port trace", "event": "elf_audit", "function_sha256": "da836ac83f83b98e24b247f777cf289c99b5f53b581e4f0f72680b8430f4b120", "input_address": 1024, "instruction_bytes": 1152, "scope": "static instruction and ABI audit; stalls require trace", "shim_arguments": [0, 1], "stack_references": 0, "stage": "raw16"}
HOST_TIMELINE {"elapsed_seconds": 20.672, "tree_rss_bytes": 145092608, "foreign_peers": []}
Traceback (most recent call last):
  File "C:\Users\<user>\PycharmProjects\ignite-xdna\tests\test_fused_epilogue_kernel.py", line 444, in <module>
    main()
    ~~~~^^
  File "C:\Users\<user>\PycharmProjects\ignite-xdna\tests\test_fused_epilogue_kernel.py", line 436, in main
    audit_bundles(artifact_directory(args.build_dir, args.cin))
    ~~~~~~~~~~~~~^^^^^^^^^^^^^^^^^^^^^^^^^^^^^^^^^^^^^^^^^^^^^^
  File "C:\Users\<user>\PycharmProjects\ignite-xdna\tests\test_fused_epilogue_kernel.py", line 215, in audit_bundles
    raise AssertionError(f'{symbol} has stack references in {elf.name}')
AssertionError: conv2d_fused has stack references in elfs_main_core_0_2.elf
RESEARCH_PROCESS_RESULT {"exit_code": 1, "stop": null, "peak_tree_rss_bytes": 374321152, "rss_measurement": "maximum observed across sampled descendant working sets; zero observations reported as null", "elapsed_seconds": 21.1559999999954, "foreign_contention_observed": false, "timing_eligible": false}
