RESEARCH_PLATFORM {"machine": "Desktop 2", "cpu": "AMD Ryzen 7 8700G w/ Radeon 780M Graphics", "os": "Windows-11-10.0.26200-SP0", "ram_bytes": 33381138432, "source_sha256": {"tools/research_process.py": "b527a07958df0ed575df38dfe88da348c972ee79eb459974555cf2655f94d37f", "tools/quant_calib_alphabet.py": "2dc0b2878c564853f340880209a425dfcf63b8536b2b8e9fd32344daade58d37", "tools/xint8_arithmetic_probe.py": "6aa3df08b9870c3c2264b868459d7ffbac3070dddc1349d7c6f3f480075f7041", "scripts/research-lowlevel.sh": "3455ad7933697936487712665505c216891865c6deada647302785f6e37020bd", "scripts/research-iron.sh": "128f8b5ee21f2209f8dda004cefc39fbf87a5170ca61c5cf18dc97a6ea6669c8", "kernels/memory_placement/probe.py": "e8d990169ad6091fa1b53852e9f61eff495b5def72d35165a5c5cf1759e38898", "kernels/memory_placement/memory_kernels.cc": "182e7af7071a1e851afb4a7ca266069c489aea1fbaaa85eca129708daeba5ba6", "scripts/research-matrix.sh": "739254171629deae822b0ad7dabc875aee19ace56dde77d3e8aab61663f97516", "kernels/memory_placement/gemm.py": "17c905ad66110d3346bbf0db898dfc6b780df59fae1dfb0c1747057ce1e5844e", "kernels/memory_placement/gemm_placement.cc": "f21acf7250b12914ea30cc1f77613239dfa18421a85a1b9a5199017dd916278a", "tools/research_summary.py": "0c00dcceef07053d06731b41a1f1ed58d3ba4ea09f82497de354ce9cef17da20", "tools/research_toolchain.py": "f0a126a24ae213acfaa43460cfd9def0c86d9cb70cfee0228aa271688467b314"}, "commit": "02c3c114ab2f03f5e4a31c7cee789b7e915ed14a", "command": ["bash", "scripts/research-iron.sh", "tests/test_fused_epilogue_kernel.py", "--compile"], "seconds_limit": 1800.0, "rss_gib_limit": 10.0, "checks_only": false, "free_ram_bytes": 17671737344}
HOST_LOAD busy_cores=0.9 logical_cores=16 free_ram_gb=16.4 sample_sec=1
HOST_LOAD_TOP 0.41 pycharm64:8540 ws_mb=3022
HOST_LOAD_TOP 0.09 HWiNFO64:1824 ws_mb=43
HOST_LOAD_TOP 0.06 powershell:19444 ws_mb=80
HOST_LOAD_TOP 0.06 msedge:15172 ws_mb=440
HOST_LOAD_TOP 0.06 Taskmgr:13448 ws_mb=186
HOST_LOAD_VERDICT CLEAR

PRE_NPU_CONTEXT_WITNESS "\n-----------------------------\n[003d:00:01.1] : NPU Phoenix\n-----------------------------\nAIE Partitions\n  No hardware contexts running on device\n\n"
{"event": "offline_pass", "max_error_output_lsb": 1, "q8_inputs_checked": 65536, "scope": "CPU arithmetic and fixture validation; no hardware execution"}
{"event": "compile_begin", "variant": "raw16"}
NPU_TIMELINE "\n-----------------------------\n[003d:00:01.1] : NPU Phoenix\n-----------------------------\nAIE Partitions\n  No hardware contexts running on device\n\n"
NPU_OWNERSHIP {"context_pids": [], "owned_pids": [7456, 8272, 17584, 18620, 30432, 33772], "foreign_pids": []}
HOST_TIMELINE {"elapsed_seconds": 2.64, "tree_rss_bytes": 219492352, "foreign_peers": []}
Traceback (most recent call last):
  File "C:\Users\<user>\PycharmProjects\ignite-xdna\tests\test_fused_epilogue_kernel.py", line 312, in <module>
    main()
    ~~~~^^
  File "C:\Users\<user>\PycharmProjects\ignite-xdna\tests\test_fused_epilogue_kernel.py", line 306, in main
    compile_bundles(artifact_directory(args.build_dir))
    ~~~~~~~~~~~~~~~^^^^^^^^^^^^^^^^^^^^^^^^^^^^^^^^^^^^
  File "C:\Users\<user>\PycharmProjects\ignite-xdna\tests\test_fused_epilogue_kernel.py", line 153, in compile_bundles
    specialization.compile(xclbin_path=target / 'design.xclbin', inst_path=target / 'insts.bin')
    ~~~~~~~~~~~~~~~~~~~~~~^^^^^^^^^^^^^^^^^^^^^^^^^^^^^^^^^^^^^^^^^^^^^^^^^^^^^^^^^^^^^^^^^^^^^^
  File "C:\Users\<user>\mlir-aie\ironenv\Lib\site-packages\mlir_aie\python\aie\utils\compile\jit\compilabledesign.py", line 394, in compile
    compile_external_kernel(func, kernel_dir, target_arch)
    ~~~~~~~~~~~~~~~~~~~~~~~^^^^^^^^^^^^^^^^^^^^^^^^^^^^^^^
  File "C:\Users\<user>\mlir-aie\ironenv\Lib\site-packages\mlir_aie\python\aie\utils\compile\utils.py", line 633, in compile_external_kernel
    compile_cxx_core_function(
    ~~~~~~~~~~~~~~~~~~~~~~~~~^
        source_path=source_file,
        ^^^^^^^^^^^^^^^^^^^^^^^^
    ...<9 lines>...
        use_chess=getattr(func, "_use_chess", False),
        ^^^^^^^^^^^^^^^^^^^^^^^^^^^^^^^^^^^^^^^^^^^^^
    )
    ^
  File "C:\Users\<user>\mlir-aie\ironenv\Lib\site-packages\mlir_aie\python\aie\utils\compile\utils.py", line 354, in compile_cxx_core_function
    raise RuntimeError(f"[{tool}] compilation failed:\n{ret.stderr.decode()}")
RuntimeError: [Peano] compilation failed:
C:\Users\<user>\PycharmProjects\ignite-xdna\build\fused_conv_epilogue\3211627aae0895e7\raw16\design.prj\conv2d_raw.cc:33:30: error: use 'template' keyword to treat 'to_vector' as a dependent template name

   33 |     auto r2 = aie::mul(r, r).to_vector<int16_t>(14);

      |                              ^

      |                              template 

C:\Users\<user>\PycharmProjects\ignite-xdna\build\fused_conv_epilogue\3211627aae0895e7\raw16\design.prj\conv2d_raw.cc:34:32: error: use 'template' keyword to treat 'to_vector' as a dependent template name

   34 |     auto r4 = aie::mul(r2, r2).to_vector<int16_t>(14);

      |                                ^

      |                                template 

C:\Users\<user>\PycharmProjects\ignite-xdna\build\fused_conv_epilogue\3211627aae0895e7\raw16\design.prj\conv2d_raw.cc:35:31: error: use 'template' keyword to treat 'to_vector' as a dependent template name

   35 |     auto r5 = aie::mul(r4, r).to_vector<int16_t>(14);

      |                               ^

      |                               template 

C:\Users\<user>\PycharmProjects\ignite-xdna\build\fused_conv_epilogue\3211627aae0895e7\raw16\design.prj\conv2d_raw.cc:36:30: error: use 'template' keyword to treat 'to_vector' as a dependent template name

   36 |     auto d = aie::mul(r5, t).to_vector<int16_t>(15); // Q8, includes /2

      |                              ^

      |                              template 

4 errors generated.


RESEARCH_PROCESS_RESULT {"exit_code": 1, "stop": null, "peak_tree_rss_bytes": 219492352, "rss_measurement": "maximum observed across sampled descendant working sets; zero observations reported as null", "elapsed_seconds": 3.0930000000007567, "foreign_contention_observed": false, "timing_eligible": false}
