RESEARCH_PLATFORM {"machine": "Desktop 2", "cpu": "AMD Ryzen 7 8700G w/ Radeon 780M Graphics", "os": "Windows-11-10.0.26200-SP0", "ram_bytes": 33381138432, "source_sha256": {"tools/research_process.py": "b527a07958df0ed575df38dfe88da348c972ee79eb459974555cf2655f94d37f", "tools/quant_calib_alphabet.py": "2dc0b2878c564853f340880209a425dfcf63b8536b2b8e9fd32344daade58d37", "tools/xint8_arithmetic_probe.py": "6aa3df08b9870c3c2264b868459d7ffbac3070dddc1349d7c6f3f480075f7041", "scripts/research-lowlevel.sh": "3455ad7933697936487712665505c216891865c6deada647302785f6e37020bd", "scripts/research-iron.sh": "128f8b5ee21f2209f8dda004cefc39fbf87a5170ca61c5cf18dc97a6ea6669c8", "kernels/memory_placement/probe.py": "e8d990169ad6091fa1b53852e9f61eff495b5def72d35165a5c5cf1759e38898", "kernels/memory_placement/memory_kernels.cc": "182e7af7071a1e851afb4a7ca266069c489aea1fbaaa85eca129708daeba5ba6", "scripts/research-matrix.sh": "739254171629deae822b0ad7dabc875aee19ace56dde77d3e8aab61663f97516", "kernels/memory_placement/gemm.py": "17c905ad66110d3346bbf0db898dfc6b780df59fae1dfb0c1747057ce1e5844e", "kernels/memory_placement/gemm_placement.cc": "f21acf7250b12914ea30cc1f77613239dfa18421a85a1b9a5199017dd916278a", "tools/research_summary.py": "0c00dcceef07053d06731b41a1f1ed58d3ba4ea09f82497de354ce9cef17da20", "tools/research_toolchain.py": "f0a126a24ae213acfaa43460cfd9def0c86d9cb70cfee0228aa271688467b314"}, "commit": "878887829000186d482221baeac2afbc624b8c2f", "command": ["bash", "scripts/research-iron.sh", "tests/test_fused_epilogue_kernel.py", "--compile"], "seconds_limit": 1800.0, "rss_gib_limit": 10.0, "checks_only": false, "free_ram_bytes": 17737408512}
HOST_LOAD busy_cores=1.64 logical_cores=16 free_ram_gb=16.5 sample_sec=1
HOST_LOAD_TOP 1.06 agy:33604 ws_mb=868
HOST_LOAD_TOP 0.38 pycharm64:8540 ws_mb=2897
HOST_LOAD_TOP 0.08 powershell:21852 ws_mb=80
HOST_LOAD_TOP 0.06 Taskmgr:13448 ws_mb=186
HOST_LOAD_TOP 0.06 HWiNFO64:1824 ws_mb=43
HOST_LOAD_VERDICT CLEAR

PRE_NPU_CONTEXT_WITNESS "\n-----------------------------\n[003d:00:01.1] : NPU Phoenix\n-----------------------------\nAIE Partitions\n  No hardware contexts running on device\n\n"
{"event": "offline_pass", "max_error_output_lsb": 1, "q8_inputs_checked": 65536, "scope": "CPU arithmetic and fixture validation; no hardware execution"}
{"event": "compile_begin", "variant": "raw16"}
NPU_TIMELINE "\n-----------------------------\n[003d:00:01.1] : NPU Phoenix\n-----------------------------\nAIE Partitions\n  No hardware contexts running on device\n\n"
NPU_OWNERSHIP {"context_pids": [], "owned_pids": [5308, 7528, 9068, 21032, 33592, 34552], "foreign_pids": []}
HOST_TIMELINE {"elapsed_seconds": 2.782, "tree_rss_bytes": 214163456, "foreign_peers": []}
{"directory": "C:\\Users\\<user>\\PycharmProjects\\ignite-xdna\\build\\fused_conv_epilogue\\raw16", "elf_count": 16, "event": "compile_end", "variant": "raw16"}
{"dma_overlap": "requires trace", "event": "disassembly", "file": "conv2d_raw.o", "memory_stalls": "requires trace", "srs": 8, "stack_references": 0, "variant": "raw16", "vmac": 16}
{"dma_overlap": "requires trace", "event": "disassembly", "file": "objects_main_core_0_2.o", "memory_stalls": "requires trace", "srs": 0, "stack_references": 18, "variant": "raw16", "vmac": 0}
{"dma_overlap": "requires trace", "event": "disassembly", "file": "objects_main_core_0_3.o", "memory_stalls": "requires trace", "srs": 0, "stack_references": 18, "variant": "raw16", "vmac": 0}
{"dma_overlap": "requires trace", "event": "disassembly", "file": "objects_main_core_0_4.o", "memory_stalls": "requires trace", "srs": 0, "stack_references": 18, "variant": "raw16", "vmac": 0}
{"dma_overlap": "requires trace", "event": "disassembly", "file": "objects_main_core_0_5.o", "memory_stalls": "requires trace", "srs": 0, "stack_references": 18, "variant": "raw16", "vmac": 0}
{"dma_overlap": "requires trace", "event": "disassembly", "file": "objects_main_core_1_2.o", "memory_stalls": "requires trace", "srs": 0, "stack_references": 18, "variant": "raw16", "vmac": 0}
{"dma_overlap": "requires trace", "event": "disassembly", "file": "objects_main_core_1_3.o", "memory_stalls": "requires trace", "srs": 0, "stack_references": 18, "variant": "raw16", "vmac": 0}
{"dma_overlap": "requires trace", "event": "disassembly", "file": "objects_main_core_1_4.o", "memory_stalls": "requires trace", "srs": 0, "stack_references": 18, "variant": "raw16", "vmac": 0}
{"dma_overlap": "requires trace", "event": "disassembly", "file": "objects_main_core_1_5.o", "memory_stalls": "requires trace", "srs": 0, "stack_references": 18, "variant": "raw16", "vmac": 0}
{"dma_overlap": "requires trace", "event": "disassembly", "file": "objects_main_core_2_2.o", "memory_stalls": "requires trace", "srs": 0, "stack_references": 18, "variant": "raw16", "vmac": 0}
{"dma_overlap": "requires trace", "event": "disassembly", "file": "objects_main_core_2_3.o", "memory_stalls": "requires trace", "srs": 0, "stack_references": 18, "variant": "raw16", "vmac": 0}
{"dma_overlap": "requires trace", "event": "disassembly", "file": "objects_main_core_2_4.o", "memory_stalls": "requires trace", "srs": 0, "stack_references": 18, "variant": "raw16", "vmac": 0}
{"dma_overlap": "requires trace", "event": "disassembly", "file": "objects_main_core_2_5.o", "memory_stalls": "requires trace", "srs": 0, "stack_references": 18, "variant": "raw16", "vmac": 0}
{"dma_overlap": "requires trace", "event": "disassembly", "file": "objects_main_core_3_2.o", "memory_stalls": "requires trace", "srs": 0, "stack_references": 18, "variant": "raw16", "vmac": 0}
{"dma_overlap": "requires trace", "event": "disassembly", "file": "objects_main_core_3_3.o", "memory_stalls": "requires trace", "srs": 0, "stack_references": 18, "variant": "raw16", "vmac": 0}
{"dma_overlap": "requires trace", "event": "disassembly", "file": "objects_main_core_3_4.o", "memory_stalls": "requires trace", "srs": 0, "stack_references": 18, "variant": "raw16", "vmac": 0}
{"dma_overlap": "requires trace", "event": "disassembly", "file": "objects_main_core_3_5.o", "memory_stalls": "requires trace", "srs": 0, "stack_references": 18, "variant": "raw16", "vmac": 0}
{"event": "compile_begin", "variant": "fused16"}
HOST_TIMELINE {"elapsed_seconds": 5.329, "tree_rss_bytes": 141287424, "foreign_peers": []}
NPU_TIMELINE "\n-----------------------------\n[003d:00:01.1] : NPU Phoenix\n-----------------------------\nAIE Partitions\n  No hardware contexts running on device\n\n"
NPU_OWNERSHIP {"context_pids": [], "owned_pids": [1744, 2816, 5308, 5572, 6328, 7528, 7804, 9068, 9300, 9756, 10416, 10860, 12660, 12764, 13176, 14836, 15928, 16728, 17196, 17804, 17912, 18284, 18956, 19564, 19820, 19908, 20268, 20844, 20848, 21032, 21212, 21356, 21600, 21664, 22428, 22628, 22772, 22792, 22800, 23360, 23424, 23952, 24692, 26880, 27780, 28376, 28864, 30012, 30736, 30996, 31048, 32732, 33344, 33592, 33976, 34084, 34436, 34552], "foreign_pids": []}
HOST_TIMELINE {"elapsed_seconds": 8.032, "tree_rss_bytes": 135352320, "foreign_peers": []}
{"directory": "C:\\Users\\<user>\\PycharmProjects\\ignite-xdna\\build\\fused_conv_epilogue\\fused16", "elf_count": 16, "event": "compile_end", "variant": "fused16"}
{"dma_overlap": "requires trace", "event": "disassembly", "file": "conv2d_fused.o", "memory_stalls": "requires trace", "srs": 32, "stack_references": 262, "variant": "fused16", "vmac": 32}
{"dma_overlap": "requires trace", "event": "disassembly", "file": "objects_main_core_0_2.o", "memory_stalls": "requires trace", "srs": 0, "stack_references": 18, "variant": "fused16", "vmac": 0}
{"dma_overlap": "requires trace", "event": "disassembly", "file": "objects_main_core_0_3.o", "memory_stalls": "requires trace", "srs": 0, "stack_references": 18, "variant": "fused16", "vmac": 0}
{"dma_overlap": "requires trace", "event": "disassembly", "file": "objects_main_core_0_4.o", "memory_stalls": "requires trace", "srs": 0, "stack_references": 18, "variant": "fused16", "vmac": 0}
{"dma_overlap": "requires trace", "event": "disassembly", "file": "objects_main_core_0_5.o", "memory_stalls": "requires trace", "srs": 0, "stack_references": 18, "variant": "fused16", "vmac": 0}
{"dma_overlap": "requires trace", "event": "disassembly", "file": "objects_main_core_1_2.o", "memory_stalls": "requires trace", "srs": 0, "stack_references": 18, "variant": "fused16", "vmac": 0}
{"dma_overlap": "requires trace", "event": "disassembly", "file": "objects_main_core_1_3.o", "memory_stalls": "requires trace", "srs": 0, "stack_references": 18, "variant": "fused16", "vmac": 0}
{"dma_overlap": "requires trace", "event": "disassembly", "file": "objects_main_core_1_4.o", "memory_stalls": "requires trace", "srs": 0, "stack_references": 18, "variant": "fused16", "vmac": 0}
{"dma_overlap": "requires trace", "event": "disassembly", "file": "objects_main_core_1_5.o", "memory_stalls": "requires trace", "srs": 0, "stack_references": 18, "variant": "fused16", "vmac": 0}
{"dma_overlap": "requires trace", "event": "disassembly", "file": "objects_main_core_2_2.o", "memory_stalls": "requires trace", "srs": 0, "stack_references": 18, "variant": "fused16", "vmac": 0}
{"dma_overlap": "requires trace", "event": "disassembly", "file": "objects_main_core_2_3.o", "memory_stalls": "requires trace", "srs": 0, "stack_references": 18, "variant": "fused16", "vmac": 0}
{"dma_overlap": "requires trace", "event": "disassembly", "file": "objects_main_core_2_4.o", "memory_stalls": "requires trace", "srs": 0, "stack_references": 18, "variant": "fused16", "vmac": 0}
{"dma_overlap": "requires trace", "event": "disassembly", "file": "objects_main_core_2_5.o", "memory_stalls": "requires trace", "srs": 0, "stack_references": 18, "variant": "fused16", "vmac": 0}
{"dma_overlap": "requires trace", "event": "disassembly", "file": "objects_main_core_3_2.o", "memory_stalls": "requires trace", "srs": 0, "stack_references": 18, "variant": "fused16", "vmac": 0}
{"dma_overlap": "requires trace", "event": "disassembly", "file": "objects_main_core_3_3.o", "memory_stalls": "requires trace", "srs": 0, "stack_references": 18, "variant": "fused16", "vmac": 0}
{"dma_overlap": "requires trace", "event": "disassembly", "file": "objects_main_core_3_4.o", "memory_stalls": "requires trace", "srs": 0, "stack_references": 18, "variant": "fused16", "vmac": 0}
{"dma_overlap": "requires trace", "event": "disassembly", "file": "objects_main_core_3_5.o", "memory_stalls": "requires trace", "srs": 0, "stack_references": 18, "variant": "fused16", "vmac": 0}
{"event": "compile_begin", "variant": "raw1"}
HOST_TIMELINE {"elapsed_seconds": 10.579, "tree_rss_bytes": 158044160, "foreign_peers": []}
NPU_TIMELINE "\n-----------------------------\n[003d:00:01.1] : NPU Phoenix\n-----------------------------\nAIE Partitions\n  No hardware contexts running on device\n\n"
NPU_OWNERSHIP {"context_pids": [], "owned_pids": [1580, 1744, 2816, 3156, 4468, 5168, 5308, 5500, 5524, 5572, 6328, 7528, 7804, 9068, 9300, 9756, 10416, 10860, 10928, 12660, 12764, 13176, 13488, 14836, 15796, 15928, 16728, 16892, 17196, 17576, 17804, 17912, 18084, 18276, 18284, 18844, 18956, 19420, 19564, 19820, 19908, 20028, 20268, 20680, 20820, 20844, 20848, 21032, 21212, 21344, 21356, 21364, 21600, 21664, 21796, 22300, 22428, 22456, 22612, 22628, 22652, 22684, 22772, 22792, 22800, 23360, 23424, 23952, 24692, 25248, 26144, 26332, 26880, 27780, 28376, 28864, 30012, 30100, 30736, 30996, 31048, 32732, 33344, 33592, 33976, 34084, 34104, 34436, 34516, 34552, 34812], "foreign_pids": []}
{"directory": "C:\\Users\\<user>\\PycharmProjects\\ignite-xdna\\build\\fused_conv_epilogue\\raw1", "elf_count": 1, "event": "compile_end", "variant": "raw1"}
{"dma_overlap": "requires trace", "event": "disassembly", "file": "conv2d_raw.o", "memory_stalls": "requires trace", "srs": 8, "stack_references": 0, "variant": "raw1", "vmac": 16}
{"dma_overlap": "requires trace", "event": "disassembly", "file": "objects_main_core_0_2.o", "memory_stalls": "requires trace", "srs": 0, "stack_references": 18, "variant": "raw1", "vmac": 0}
{"event": "compile_begin", "variant": "fused1"}
HOST_TIMELINE {"elapsed_seconds": 13.063, "tree_rss_bytes": 135532544, "foreign_peers": []}
HOST_TIMELINE {"elapsed_seconds": 15.547, "tree_rss_bytes": 236249088, "foreign_peers": []}
NPU_TIMELINE "\n-----------------------------\n[003d:00:01.1] : NPU Phoenix\n-----------------------------\nAIE Partitions\n  No hardware contexts running on device\n\n"
NPU_OWNERSHIP {"context_pids": [], "owned_pids": [1580, 1744, 2816, 3156, 4468, 5168, 5308, 5500, 5524, 5572, 6328, 7044, 7528, 7804, 9068, 9300, 9756, 10416, 10860, 10928, 12332, 12660, 12764, 13176, 13488, 14836, 15168, 15236, 15796, 15928, 16728, 16892, 17196, 17576, 17804, 17912, 18084, 18276, 18284, 18844, 18956, 19420, 19564, 19756, 19820, 19908, 20028, 20268, 20680, 20820, 20844, 20848, 21032, 21212, 21344, 21356, 21364, 21600, 21664, 21796, 22300, 22428, 22456, 22612, 22628, 22652, 22684, 22772, 22792, 22800, 23360, 23424, 23952, 24692, 25248, 26144, 26332, 26880, 27780, 28376, 28864, 30012, 30100, 30736, 30996, 31048, 32732, 33344, 33592, 33976, 34084, 34104, 34436, 34516, 34552, 34812], "foreign_pids": []}
{"directory": "C:\\Users\\<user>\\PycharmProjects\\ignite-xdna\\build\\fused_conv_epilogue\\fused1", "elf_count": 1, "event": "compile_end", "variant": "fused1"}
{"dma_overlap": "requires trace", "event": "disassembly", "file": "conv2d_fused.o", "memory_stalls": "requires trace", "srs": 32, "stack_references": 262, "variant": "fused1", "vmac": 32}
{"dma_overlap": "requires trace", "event": "disassembly", "file": "objects_main_core_0_2.o", "memory_stalls": "requires trace", "srs": 0, "stack_references": 18, "variant": "fused1", "vmac": 0}
RESEARCH_PROCESS_RESULT {"exit_code": 0, "stop": null, "peak_tree_rss_bytes": 353144832, "rss_measurement": "maximum observed across sampled descendant working sets; zero observations reported as null", "elapsed_seconds": 16.625, "foreign_contention_observed": false, "timing_eligible": true}
