RESEARCH_PLATFORM {"machine": "Desktop 2", "cpu": "AMD Ryzen 7 8700G w/ Radeon 780M Graphics", "os": "Windows-11-10.0.26200-SP0", "ram_bytes": 33381138432, "source_sha256": {"tools/research_process.py": "b527a07958df0ed575df38dfe88da348c972ee79eb459974555cf2655f94d37f", "tools/quant_calib_alphabet.py": "2dc0b2878c564853f340880209a425dfcf63b8536b2b8e9fd32344daade58d37", "tools/xint8_arithmetic_probe.py": "6aa3df08b9870c3c2264b868459d7ffbac3070dddc1349d7c6f3f480075f7041", "scripts/research-lowlevel.sh": "3455ad7933697936487712665505c216891865c6deada647302785f6e37020bd", "scripts/research-iron.sh": "128f8b5ee21f2209f8dda004cefc39fbf87a5170ca61c5cf18dc97a6ea6669c8", "kernels/memory_placement/probe.py": "e8d990169ad6091fa1b53852e9f61eff495b5def72d35165a5c5cf1759e38898", "kernels/memory_placement/memory_kernels.cc": "182e7af7071a1e851afb4a7ca266069c489aea1fbaaa85eca129708daeba5ba6", "scripts/research-matrix.sh": "739254171629deae822b0ad7dabc875aee19ace56dde77d3e8aab61663f97516", "kernels/memory_placement/gemm.py": "17c905ad66110d3346bbf0db898dfc6b780df59fae1dfb0c1747057ce1e5844e", "kernels/memory_placement/gemm_placement.cc": "f21acf7250b12914ea30cc1f77613239dfa18421a85a1b9a5199017dd916278a", "tools/research_summary.py": "0c00dcceef07053d06731b41a1f1ed58d3ba4ea09f82497de354ce9cef17da20", "tools/research_toolchain.py": "f0a126a24ae213acfaa43460cfd9def0c86d9cb70cfee0228aa271688467b314"}, "commit": "59c7cfd17f027442eda5f122df36ecdd16e754e3", "command": ["bash", "scripts/research-iron.sh", "tests/test_fused_epilogue_kernel.py", "--compile"], "seconds_limit": 1800.0, "rss_gib_limit": 10.0, "checks_only": false, "free_ram_bytes": 17836941312}
HOST_LOAD busy_cores=1.47 logical_cores=16 free_ram_gb=16.5 sample_sec=1
HOST_LOAD_TOP 0.9 agy:33604 ws_mb=1042
HOST_LOAD_TOP 0.33 msedge:15172 ws_mb=370
HOST_LOAD_TOP 0.09 pycharm64:8540 ws_mb=3025
HOST_LOAD_TOP 0.05 Taskmgr:13448 ws_mb=186
HOST_LOAD_TOP 0.05 HWiNFO64:1824 ws_mb=43
HOST_LOAD_VERDICT CLEAR

PRE_NPU_CONTEXT_WITNESS "\n-----------------------------\n[003d:00:01.1] : NPU Phoenix\n-----------------------------\nAIE Partitions\n  No hardware contexts running on device\n\n"
{"event": "offline_pass", "max_error_output_lsb": 1, "q8_inputs_checked": 65536, "scope": "CPU arithmetic and fixture validation; no hardware execution"}

-----------------------------
[003d:00:01.1] : NPU Phoenix
-----------------------------
AIE Partitions
  No hardware contexts running on device


NPU_TIMELINE "\n-----------------------------\n[003d:00:01.1] : NPU Phoenix\n-----------------------------\nAIE Partitions\n  No hardware contexts running on device\n\n"
NPU_OWNERSHIP {"context_pids": [], "owned_pids": [3156, 5784, 14068, 21952, 24472, 29888], "foreign_pids": []}
HOST_LOAD busy_cores=1.28 logical_cores=16 free_ram_gb=16.5 sample_sec=1
HOST_LOAD_TOP 0.99 agy:33604 ws_mb=1045
HOST_LOAD_TOP 0.06 powershell:5784 ws_mb=80
HOST_LOAD_TOP 0.06 python:24472 ws_mb=27
HOST_LOAD_TOP 0.05 pycharm64:8540 ws_mb=3025
HOST_LOAD_TOP 0.03 HWiNFO64:1824 ws_mb=43
HOST_LOAD_VERDICT CLEAR

{"event": "compile_begin", "variant": "raw16"}
HOST_TIMELINE {"elapsed_seconds": 2.766, "tree_rss_bytes": 147259392, "foreign_peers": []}
HOST_TIMELINE {"elapsed_seconds": 5.469, "tree_rss_bytes": 154062848, "foreign_peers": []}
NPU_TIMELINE "\n-----------------------------\n[003d:00:01.1] : NPU Phoenix\n-----------------------------\nAIE Partitions\n  No hardware contexts running on device\n\n"
NPU_OWNERSHIP {"context_pids": [], "owned_pids": [3156, 5784, 14068, 21656, 21952, 23760, 24472, 29888, 34728], "foreign_pids": []}
{"directory": "C:\\Users\\<user>\\PycharmProjects\\ignite-xdna\\build\\fused_conv_epilogue\\5822f2644925e291\\raw16", "elf_count": 16, "event": "compile_end", "variant": "raw16"}
{"dma_overlap": "requires trace", "event": "disassembly", "file": "conv2d_raw.o", "memory_stalls": "requires trace", "srs": 8, "stack_references": 0, "variant": "raw16", "vmac": 16}
{"event": "compile_begin", "variant": "fused16"}
HOST_TIMELINE {"elapsed_seconds": 8.297, "tree_rss_bytes": 155377664, "foreign_peers": []}
HOST_TIMELINE {"elapsed_seconds": 11.0, "tree_rss_bytes": 155885568, "foreign_peers": []}
NPU_TIMELINE "\n-----------------------------\n[003d:00:01.1] : NPU Phoenix\n-----------------------------\nAIE Partitions\n  No hardware contexts running on device\n\n"
NPU_OWNERSHIP {"context_pids": [], "owned_pids": [1580, 2040, 3156, 5784, 6804, 13912, 14068, 15016, 15108, 16260, 18736, 18760, 19788, 21656, 21680, 21952, 23116, 23308, 23760, 24472, 29888, 30100, 32944, 33828, 34728], "foreign_pids": []}
{"directory": "C:\\Users\\<user>\\PycharmProjects\\ignite-xdna\\build\\fused_conv_epilogue\\5822f2644925e291\\fused16", "elf_count": 16, "event": "compile_end", "variant": "fused16"}
{"dma_overlap": "requires trace", "event": "disassembly", "file": "conv2d_fused.o", "memory_stalls": "requires trace", "srs": 48, "stack_references": 0, "variant": "fused16", "vmac": 16}
{"event": "compile_begin", "variant": "raw1"}
HOST_TIMELINE {"elapsed_seconds": 13.844, "tree_rss_bytes": 157978624, "foreign_peers": []}
{"directory": "C:\\Users\\<user>\\PycharmProjects\\ignite-xdna\\build\\fused_conv_epilogue\\5822f2644925e291\\raw1", "elf_count": 1, "event": "compile_end", "variant": "raw1"}
{"dma_overlap": "requires trace", "event": "disassembly", "file": "conv2d_raw.o", "memory_stalls": "requires trace", "srs": 8, "stack_references": 0, "variant": "raw1", "vmac": 16}
HOST_TIMELINE {"elapsed_seconds": 16.422, "tree_rss_bytes": 107884544, "foreign_peers": []}
{"event": "compile_begin", "variant": "fused1"}
NPU_TIMELINE "\n-----------------------------\n[003d:00:01.1] : NPU Phoenix\n-----------------------------\nAIE Partitions\n  No hardware contexts running on device\n\n"
NPU_OWNERSHIP {"context_pids": [], "owned_pids": [1580, 2040, 3156, 5784, 6804, 8488, 10312, 12504, 13856, 13912, 14068, 14084, 15016, 15108, 15220, 16260, 17892, 18736, 18760, 19348, 19788, 20680, 20984, 21500, 21656, 21680, 21952, 22184, 23116, 23308, 23760, 23920, 24472, 25884, 26608, 29888, 30100, 32640, 32944, 33828, 34420, 34728], "foreign_pids": []}
HOST_TIMELINE {"elapsed_seconds": 19.0, "tree_rss_bytes": 237457408, "foreign_peers": []}
{"directory": "C:\\Users\\<user>\\PycharmProjects\\ignite-xdna\\build\\fused_conv_epilogue\\5822f2644925e291\\fused1", "elf_count": 1, "event": "compile_end", "variant": "fused1"}
{"dma_overlap": "requires trace", "event": "disassembly", "file": "conv2d_fused.o", "memory_stalls": "requires trace", "srs": 48, "stack_references": 0, "variant": "fused1", "vmac": 16}
{"abi_stack_references": 0, "activation_address": 16384, "compute_stack_references": 0, "core_elves": 16, "dma_overlap": "requires port trace", "event": "elf_audit", "function_sha256": "dea2e0dafb3f10dacda1fe6409299c4d9b910d68ccd9164340d58ce324d3dd11", "input_addresses": [1024], "instruction_bytes": 1152, "output_chunk_bytes": 64, "output_credits": 4, "output_ready_selector": 49, "scope": "static instruction and ABI audit; stalls require trace", "shim_arguments": [0, 1], "stage": "raw16", "vector_spills": 0}
{"abi_stack_references": 0, "activation_address": 16384, "compute_stack_references": 0, "core_elves": 16, "dma_overlap": "requires port trace", "event": "elf_audit", "function_sha256": "a125b6226d0ce116ec6abab14dea1a0ffc6fa16fd7089379a43776b601f1441b", "input_addresses": [1024], "instruction_bytes": 1152, "output_chunk_bytes": 64, "output_credits": 4, "output_ready_selector": 49, "scope": "static instruction and ABI audit; stalls require trace", "shim_arguments": [0, 1], "stage": "fused16", "vector_spills": 0}
{"abi_stack_references": 0, "activation_address": 16384, "compute_stack_references": 0, "core_elves": 1, "dma_overlap": "requires port trace", "event": "elf_audit", "function_sha256": "dea2e0dafb3f10dacda1fe6409299c4d9b910d68ccd9164340d58ce324d3dd11", "input_addresses": [1024], "instruction_bytes": 712, "output_chunk_bytes": 64, "output_credits": 4, "output_ready_selector": 49, "scope": "static instruction and ABI audit; stalls require trace", "shim_arguments": [0, 1, 2], "stage": "raw1", "vector_spills": 0}
{"abi_stack_references": 0, "activation_address": 16384, "compute_stack_references": 0, "core_elves": 1, "dma_overlap": "requires port trace", "event": "elf_audit", "function_sha256": "a125b6226d0ce116ec6abab14dea1a0ffc6fa16fd7089379a43776b601f1441b", "input_addresses": [1024], "instruction_bytes": 712, "output_chunk_bytes": 64, "output_credits": 4, "output_ready_selector": 49, "scope": "static instruction and ABI audit; stalls require trace", "shim_arguments": [0, 1, 2], "stage": "fused1", "vector_spills": 0}
RESEARCH_PROCESS_RESULT {"exit_code": 0, "stop": null, "peak_tree_rss_bytes": 321294336, "rss_measurement": "maximum observed across sampled descendant working sets; zero observations reported as null", "elapsed_seconds": 21.547000000005937, "foreign_contention_observed": false, "timing_eligible": true}
