RESEARCH_PLATFORM {"machine": "Desktop 2", "cpu": "AMD Ryzen 7 8700G w/ Radeon 780M Graphics", "os": "Windows-11-10.0.26200-SP0", "ram_bytes": 33381138432, "source_sha256": {"tools/research_process.py": "b527a07958df0ed575df38dfe88da348c972ee79eb459974555cf2655f94d37f", "tools/quant_calib_alphabet.py": "2dc0b2878c564853f340880209a425dfcf63b8536b2b8e9fd32344daade58d37", "tools/xint8_arithmetic_probe.py": "6aa3df08b9870c3c2264b868459d7ffbac3070dddc1349d7c6f3f480075f7041", "scripts/research-lowlevel.sh": "3455ad7933697936487712665505c216891865c6deada647302785f6e37020bd", "scripts/research-iron.sh": "128f8b5ee21f2209f8dda004cefc39fbf87a5170ca61c5cf18dc97a6ea6669c8", "kernels/memory_placement/probe.py": "e8d990169ad6091fa1b53852e9f61eff495b5def72d35165a5c5cf1759e38898", "kernels/memory_placement/memory_kernels.cc": "182e7af7071a1e851afb4a7ca266069c489aea1fbaaa85eca129708daeba5ba6", "scripts/research-matrix.sh": "739254171629deae822b0ad7dabc875aee19ace56dde77d3e8aab61663f97516", "kernels/memory_placement/gemm.py": "17c905ad66110d3346bbf0db898dfc6b780df59fae1dfb0c1747057ce1e5844e", "kernels/memory_placement/gemm_placement.cc": "f21acf7250b12914ea30cc1f77613239dfa18421a85a1b9a5199017dd916278a", "tools/research_summary.py": "0c00dcceef07053d06731b41a1f1ed58d3ba4ea09f82497de354ce9cef17da20", "tools/research_toolchain.py": "f0a126a24ae213acfaa43460cfd9def0c86d9cb70cfee0228aa271688467b314"}, "commit": "59c7cfd17f027442eda5f122df36ecdd16e754e3", "command": ["bash", "scripts/research-iron.sh", "tests/test_fused_epilogue_kernel.py", "--hardware", "--iters", "3"], "seconds_limit": 1800.0, "rss_gib_limit": 10.0, "checks_only": false, "free_ram_bytes": 17998213120}
HOST_LOAD busy_cores=1.89 logical_cores=16 free_ram_gb=16.7 sample_sec=1
HOST_LOAD_TOP 1.12 <tool>:33604 ws_mb=1007
HOST_LOAD_TOP 0.42 pycharm64:8540 ws_mb=3150
HOST_LOAD_TOP 0.16 HWiNFO64:1824 ws_mb=43
HOST_LOAD_TOP 0.06 Taskmgr:13448 ws_mb=187
HOST_LOAD_TOP 0.03 powershell:19300 ws_mb=79
HOST_LOAD_VERDICT CLEAR

PRE_NPU_CONTEXT_WITNESS "\n-----------------------------\n[003d:00:01.1] : NPU Phoenix\n-----------------------------\nAIE Partitions\n  No hardware contexts running on device\n\n"
{"event": "offline_pass", "max_error_output_lsb": 1, "q8_inputs_checked": 65536, "scope": "CPU arithmetic and fixture validation; no hardware execution"}

-----------------------------
[003d:00:01.1] : NPU Phoenix
-----------------------------
AIE Partitions
  No hardware contexts running on device


NPU_TIMELINE "\n-----------------------------\n[003d:00:01.1] : NPU Phoenix\n-----------------------------\nAIE Partitions\n  No hardware contexts running on device\n\n"
NPU_OWNERSHIP {"context_pids": [], "owned_pids": [6672, 14128, 29452, 29764, 29844, 29884], "foreign_pids": []}
HOST_LOAD busy_cores=1.89 logical_cores=16 free_ram_gb=16.7 sample_sec=1
HOST_LOAD_TOP 1.21 <tool>:33604 ws_mb=1018
HOST_LOAD_TOP 0.46 pycharm64:8540 ws_mb=3150
HOST_LOAD_TOP 0.06 python:29884 ws_mb=27
HOST_LOAD_TOP 0.06 HWiNFO64:1824 ws_mb=43
HOST_LOAD_TOP 0.05 Taskmgr:13448 ws_mb=187
HOST_LOAD_VERDICT CLEAR

{"cin": 512, "compiler": "clang version 22.0.0 (https://github.com/Xilinx/llvm-aie a36c62b9d26291fb06604bc976c897791f0bb578)\nTarget: x86_64-pc-windows-msvc\nThread model: posix\nInstalledDir: C:\\Users\\<user>\\mlir-aie\\ironenv\\Lib\\site-packages\\llvm-aie\\bin\nBuild config: +assertions\n", "design_sha256": "940063cce9f9d6576322a3a94f77be638e53caa9205be8e9347f00ad5491c079", "event": "build_identity", "function_sha256": {"fused1": "6eb00d8e1980bbadd5470d8b1aa87a3839fa7a275d1663d8626741924b4c4277", "fused16": "6eb00d8e1980bbadd5470d8b1aa87a3839fa7a275d1663d8626741924b4c4277", "raw1": "6fc757c38223e3e843c7d7e30593540e843bbb9feafa19da0e63499972592fae", "raw16": "6fc757c38223e3e843c7d7e30593540e843bbb9feafa19da0e63499972592fae"}, "source_sha256": "d1e040a681f2f0ac25dc74474a7daf0c6371d6385d80b9423286a377253435bc", "test_sha256": "04495dc9d4b946bf5f4ecd3deb0add451b594fd7bc8fb9eebc2978fc19e4ef87", "transport_sha256": "42d736bb2c03088831c93f8c7a320f01514fba337d4e9785dcc533bed7581bfe"}
{"event": "artifact", "shim_patches": 8, "stage": "raw16", "transaction_sha256": "9433185044425415fd2e97855bb8566a17186804d5679ef040f8fd9a1f8f0c5d", "xclbin_sha256": "b3891fa716d49b0cd58d4c644c22b9fb4a6f7380c19ada6bcd14c2b6306d2d94"}
{"event": "artifact", "shim_patches": 8, "stage": "fused16", "transaction_sha256": "9433185044425415fd2e97855bb8566a17186804d5679ef040f8fd9a1f8f0c5d", "xclbin_sha256": "8af20760399116466762c448713f9e35abbe98bf9b19d0e072e9342a3d9f1973"}
{"event": "artifact", "shim_patches": 3, "stage": "raw1", "transaction_sha256": "145a307a33053cab290271ab2cb3903a52a7da4b378fd102a240626e29ec7bc2", "xclbin_sha256": "3aea4993cbfe91546b28372abaffdf76748dbba042546765ae2c929d9ee68702"}
{"event": "artifact", "shim_patches": 3, "stage": "fused1", "transaction_sha256": "145a307a33053cab290271ab2cb3903a52a7da4b378fd102a240626e29ec7bc2", "xclbin_sha256": "374c7cd1811bdd89e5f42d5956fb6df34eaad572d21a8870637aac301c24777a"}
{"case": "random", "elements": 4096, "event": "comparison", "fixed_max_error": 0, "fixed_mismatches": 0, "float_max_error_lsb": 0, "input_sha256": "885d036979f65cd88e051d2a9d7f211cc4e325f0898fcce40ab266dc29eac8fc", "output_sha256": "771b3e2d03f241225d3e8ca15a8194e90f80890ea9b25a78e1da1d166437dd18", "per_core_mismatches": [0, 0, 0, 0, 0, 0, 0, 0, 0, 0, 0, 0, 0, 0, 0, 0], "seed": 17, "stage": "raw16"}
HOST_TIMELINE {"elapsed_seconds": 2.89, "tree_rss_bytes": 209592320, "foreign_peers": []}
{"case": "boundaries", "elements": 4096, "event": "comparison", "fixed_max_error": 0, "fixed_mismatches": 0, "float_max_error_lsb": 0, "input_sha256": "b5d14e43f99ac3296e92025e54bb88a58d05506fc6210de139d75aff6ecabd89", "output_sha256": "988d603291fa05a925455ae001d086111b7fa185b051ddeb25b3355175023ee1", "per_core_mismatches": [0, 0, 0, 0, 0, 0, 0, 0, 0, 0, 0, 0, 0, 0, 0, 0], "seed": 17, "stage": "raw16"}
{"case": "channel_basis", "elements": 4096, "event": "comparison", "fixed_max_error": 0, "fixed_mismatches": 0, "float_max_error_lsb": 0, "input_sha256": "d9213ce927ffced4fce28df8220bc1768d30594185de1830f30aa8a434691996", "output_sha256": "758e99e049fb0c6e995c57341c8d4aabd99d3e498857cd9f0175c2ea0a4586f0", "per_core_mismatches": [0, 0, 0, 0, 0, 0, 0, 0, 0, 0, 0, 0, 0, 0, 0, 0], "seed": 17, "stage": "raw16"}
{"case": "cancellation", "elements": 4096, "event": "comparison", "fixed_max_error": 0, "fixed_mismatches": 0, "float_max_error_lsb": 0, "input_sha256": "f7e1f72e434205ddef578e9f27ce00e64efd7350bf5d9cf98f82f404c7378f2b", "output_sha256": "07588df038cd6fdfd64456d9b09e5b8a415fc8e3a4b5ad5765b70472f65588af", "per_core_mismatches": [0, 0, 0, 0, 0, 0, 0, 0, 0, 0, 0, 0, 0, 0, 0, 0], "seed": 17, "stage": "raw16"}
{"case": "random", "elements": 4096, "event": "comparison", "fixed_max_error": 0, "fixed_mismatches": 0, "float_max_error_lsb": 0, "input_sha256": "66900de5c528c7241146acfde140bbedd9b6eece36ea28ece7ef8ceda11144e8", "output_sha256": "e7ddb4eaa7f0770f9231d5d81977b6dcd6b6a694be7de41a1db31fdbb9485ca8", "per_core_mismatches": [0, 0, 0, 0, 0, 0, 0, 0, 0, 0, 0, 0, 0, 0, 0, 0], "seed": 91, "stage": "raw16"}
{"case": "boundaries", "elements": 4096, "event": "comparison", "fixed_max_error": 0, "fixed_mismatches": 0, "float_max_error_lsb": 0, "input_sha256": "24c438f7c622e66f250c0cb3c5d2451947af48eeed426b2286f40676e988dd91", "output_sha256": "988d603291fa05a925455ae001d086111b7fa185b051ddeb25b3355175023ee1", "per_core_mismatches": [0, 0, 0, 0, 0, 0, 0, 0, 0, 0, 0, 0, 0, 0, 0, 0], "seed": 91, "stage": "raw16"}
{"case": "channel_basis", "elements": 4096, "event": "comparison", "fixed_max_error": 0, "fixed_mismatches": 0, "float_max_error_lsb": 0, "input_sha256": "b5047118750273c311f60a0eec6c66198552dac7263f71e660bb388406e726d4", "output_sha256": "758e99e049fb0c6e995c57341c8d4aabd99d3e498857cd9f0175c2ea0a4586f0", "per_core_mismatches": [0, 0, 0, 0, 0, 0, 0, 0, 0, 0, 0, 0, 0, 0, 0, 0], "seed": 91, "stage": "raw16"}
{"case": "cancellation", "elements": 4096, "event": "comparison", "fixed_max_error": 0, "fixed_mismatches": 0, "float_max_error_lsb": 0, "input_sha256": "f7e1f72e434205ddef578e9f27ce00e64efd7350bf5d9cf98f82f404c7378f2b", "output_sha256": "07588df038cd6fdfd64456d9b09e5b8a415fc8e3a4b5ad5765b70472f65588af", "per_core_mismatches": [0, 0, 0, 0, 0, 0, 0, 0, 0, 0, 0, 0, 0, 0, 0, 0], "seed": 91, "stage": "raw16"}
{"case": "random", "elements": 4096, "event": "comparison", "fixed_max_error": 0, "fixed_mismatches": 0, "float_max_error_lsb": 1, "input_sha256": "885d036979f65cd88e051d2a9d7f211cc4e325f0898fcce40ab266dc29eac8fc", "output_sha256": "d6671ca0a80fdce153b281c684eaeb9570c56709513cf5fce0b3ff67ed7ba232", "per_core_mismatches": [0, 0, 0, 0, 0, 0, 0, 0, 0, 0, 0, 0, 0, 0, 0, 0], "seed": 17, "stage": "fused16"}
{"case": "boundaries", "elements": 4096, "event": "comparison", "fixed_max_error": 0, "fixed_mismatches": 0, "float_max_error_lsb": 1, "input_sha256": "b5d14e43f99ac3296e92025e54bb88a58d05506fc6210de139d75aff6ecabd89", "output_sha256": "a9d5d866fb67c193cd6706624a0154a6a6d3a1e746071933fa6d8bd657b93c4c", "per_core_mismatches": [0, 0, 0, 0, 0, 0, 0, 0, 0, 0, 0, 0, 0, 0, 0, 0], "seed": 17, "stage": "fused16"}
{"case": "channel_basis", "elements": 4096, "event": "comparison", "fixed_max_error": 0, "fixed_mismatches": 0, "float_max_error_lsb": 1, "input_sha256": "d9213ce927ffced4fce28df8220bc1768d30594185de1830f30aa8a434691996", "output_sha256": "1d2a81b390b8bfccbe81a16ed930114750213f8134ece560cfca9f6159c7bc04", "per_core_mismatches": [0, 0, 0, 0, 0, 0, 0, 0, 0, 0, 0, 0, 0, 0, 0, 0], "seed": 17, "stage": "fused16"}
{"case": "cancellation", "elements": 4096, "event": "comparison", "fixed_max_error": 0, "fixed_mismatches": 0, "float_max_error_lsb": 1, "input_sha256": "f7e1f72e434205ddef578e9f27ce00e64efd7350bf5d9cf98f82f404c7378f2b", "output_sha256": "1372a27eaa1bc73a3b60d924e020afe450e0b7c414f93903a60f284f0dc29814", "per_core_mismatches": [0, 0, 0, 0, 0, 0, 0, 0, 0, 0, 0, 0, 0, 0, 0, 0], "seed": 17, "stage": "fused16"}
{"case": "random", "elements": 4096, "event": "comparison", "fixed_max_error": 0, "fixed_mismatches": 0, "float_max_error_lsb": 1, "input_sha256": "66900de5c528c7241146acfde140bbedd9b6eece36ea28ece7ef8ceda11144e8", "output_sha256": "c9e5f6bbf84e177b689e8d0ae826e322e976be4a5fe53e3dd05ff360c29bde2a", "per_core_mismatches": [0, 0, 0, 0, 0, 0, 0, 0, 0, 0, 0, 0, 0, 0, 0, 0], "seed": 91, "stage": "fused16"}
{"case": "boundaries", "elements": 4096, "event": "comparison", "fixed_max_error": 0, "fixed_mismatches": 0, "float_max_error_lsb": 1, "input_sha256": "24c438f7c622e66f250c0cb3c5d2451947af48eeed426b2286f40676e988dd91", "output_sha256": "3e4ff6eff73012746d7711fa46e4c0a7ea80dd5b471d2f0339d2e734dbef0b3a", "per_core_mismatches": [0, 0, 0, 0, 0, 0, 0, 0, 0, 0, 0, 0, 0, 0, 0, 0], "seed": 91, "stage": "fused16"}
{"case": "channel_basis", "elements": 4096, "event": "comparison", "fixed_max_error": 0, "fixed_mismatches": 0, "float_max_error_lsb": 1, "input_sha256": "b5047118750273c311f60a0eec6c66198552dac7263f71e660bb388406e726d4", "output_sha256": "1e85209c0bf972002f0b8f08e833dfb0b38eb3d8f607af3b3bff92823bc50855", "per_core_mismatches": [0, 0, 0, 0, 0, 0, 0, 0, 0, 0, 0, 0, 0, 0, 0, 0], "seed": 91, "stage": "fused16"}
{"case": "cancellation", "elements": 4096, "event": "comparison", "fixed_max_error": 0, "fixed_mismatches": 0, "float_max_error_lsb": 1, "input_sha256": "f7e1f72e434205ddef578e9f27ce00e64efd7350bf5d9cf98f82f404c7378f2b", "output_sha256": "1372a27eaa1bc73a3b60d924e020afe450e0b7c414f93903a60f284f0dc29814", "per_core_mismatches": [0, 0, 0, 0, 0, 0, 0, 0, 0, 0, 0, 0, 0, 0, 0, 0], "seed": 91, "stage": "fused16"}
{"case": "random", "elements": 256, "event": "comparison", "fixed_max_error": 0, "fixed_mismatches": 0, "float_max_error_lsb": 0, "input_sha256": "f18d32f53636980ae874f61256e20a8a5bceb269b6c702b6d724fe2d6afddd01", "output_sha256": "e353709b391a7657e7bc3fa4bb28d97cdf2ed840373a518aacc8002cd9eb8f51", "per_core_mismatches": [0], "seed": 101, "stage": "raw1"}
{"bracket_cycles": [15, 153, 153, 153, 153, 153, 153, 153, 153, 153, 153, 153, 153, 153, 153, 153, 153, 153, 153, 153, 153, 153, 153, 153, 153, 153, 153, 153, 153, 153, 153, 153, 153, 153, 153, 153, 153, 153, 153, 153, 153, 153, 153, 153, 153, 153, 153, 153, 153, 153, 153, 153, 153, 153, 153, 153, 153, 153, 153, 153, 153, 153, 153, 153, 153, 46], "cycles": 9853, "elapsed_cycles": 53874, "event": "cycle_sample", "measured": true, "memory_stall_events": 1, "output_dma_active_events": 22, "seed": 101, "stage": "raw1"}
{"case": "random", "elements": 256, "event": "comparison", "fixed_max_error": 0, "fixed_mismatches": 0, "float_max_error_lsb": 1, "input_sha256": "f18d32f53636980ae874f61256e20a8a5bceb269b6c702b6d724fe2d6afddd01", "output_sha256": "3d4d1315b26fca68e21eccf0ff3cc2fafd754a2efb3dfde0b52adf6a2f277f69", "per_core_mismatches": [0], "seed": 101, "stage": "fused1"}
{"bracket_cycles": [15, 153, 153, 153, 153, 153, 153, 153, 153, 153, 153, 153, 153, 153, 153, 153, 153, 153, 153, 153, 153, 153, 153, 153, 153, 153, 153, 153, 153, 153, 153, 153, 153, 153, 153, 153, 153, 153, 153, 153, 153, 153, 153, 153, 153, 153, 153, 153, 153, 153, 153, 153, 153, 153, 153, 153, 153, 153, 153, 153, 153, 153, 153, 153, 153, 305], "cycles": 10112, "elapsed_cycles": 53785, "event": "cycle_sample", "measured": true, "memory_stall_events": 0, "output_dma_active_events": 48, "seed": 101, "stage": "fused1"}
{"case": "random", "elements": 256, "event": "comparison", "fixed_max_error": 0, "fixed_mismatches": 0, "float_max_error_lsb": 1, "input_sha256": "bf0ff3bec7ec425255dcb0c11f8583e49f8e706640d8696a162ccc2ac0dad2a6", "output_sha256": "8a798a11a338344558e9434c801c5c7db000a5a338d8855b76810cb9e4e0c03f", "per_core_mismatches": [0], "seed": 102, "stage": "fused1"}
{"bracket_cycles": [15, 153, 153, 153, 153, 153, 153, 153, 153, 153, 153, 153, 153, 153, 153, 153, 153, 153, 153, 153, 153, 153, 153, 153, 153, 153, 153, 153, 153, 153, 153, 153, 153, 153, 153, 153, 153, 153, 153, 153, 153, 153, 153, 153, 153, 153, 153, 153, 153, 153, 153, 153, 153, 153, 153, 153, 153, 153, 153, 153, 153, 153, 153, 153, 153, 305], "cycles": 10112, "elapsed_cycles": 53566, "event": "cycle_sample", "measured": true, "memory_stall_events": 0, "output_dma_active_events": 48, "seed": 102, "stage": "fused1"}
{"case": "random", "elements": 256, "event": "comparison", "fixed_max_error": 0, "fixed_mismatches": 0, "float_max_error_lsb": 0, "input_sha256": "bf0ff3bec7ec425255dcb0c11f8583e49f8e706640d8696a162ccc2ac0dad2a6", "output_sha256": "c140a14629b651f61bc8621d39e4d2249c652cb367fc674c4f5af73dd4a382c8", "per_core_mismatches": [0], "seed": 102, "stage": "raw1"}
{"bracket_cycles": [15, 153, 153, 153, 153, 153, 153, 153, 153, 153, 153, 153, 153, 153, 153, 153, 153, 153, 153, 153, 153, 153, 153, 153, 153, 153, 153, 153, 153, 153, 153, 153, 153, 153, 153, 153, 153, 153, 153, 153, 153, 153, 153, 153, 153, 153, 153, 153, 153, 153, 153, 153, 153, 153, 153, 153, 153, 153, 153, 153, 153, 153, 153, 153, 153, 46], "cycles": 9853, "elapsed_cycles": 54800, "event": "cycle_sample", "measured": true, "memory_stall_events": 1, "output_dma_active_events": 22, "seed": 102, "stage": "raw1"}
{"case": "random", "elements": 256, "event": "comparison", "fixed_max_error": 0, "fixed_mismatches": 0, "float_max_error_lsb": 0, "input_sha256": "a916030c953cd036e62b9a30869e74869768b172623224e19c5210540edda37f", "output_sha256": "6317d5749b2539dae3abfaa8645d736ea61a8170611df3513ea4d98c40c4ff63", "per_core_mismatches": [0], "seed": 103, "stage": "raw1"}
{"bracket_cycles": [15, 153, 153, 153, 153, 153, 153, 153, 153, 153, 153, 153, 153, 153, 153, 153, 153, 153, 153, 153, 153, 153, 153, 153, 153, 153, 153, 153, 153, 153, 153, 153, 153, 153, 153, 153, 153, 153, 153, 153, 153, 153, 153, 153, 153, 153, 153, 153, 153, 153, 153, 153, 153, 153, 153, 153, 153, 153, 153, 153, 153, 153, 153, 153, 153, 46], "cycles": 9853, "elapsed_cycles": 53530, "event": "cycle_sample", "measured": true, "memory_stall_events": 1, "output_dma_active_events": 22, "seed": 103, "stage": "raw1"}
{"case": "random", "elements": 256, "event": "comparison", "fixed_max_error": 0, "fixed_mismatches": 0, "float_max_error_lsb": 1, "input_sha256": "a916030c953cd036e62b9a30869e74869768b172623224e19c5210540edda37f", "output_sha256": "66624187ceb1157d84f1f79a1a75edb16a159fcd8e15f2d7eb7acf05aacaaa7d", "per_core_mismatches": [0], "seed": 103, "stage": "fused1"}
{"bracket_cycles": [15, 153, 153, 153, 153, 153, 153, 153, 153, 153, 153, 153, 153, 153, 153, 153, 153, 153, 153, 153, 153, 153, 153, 153, 153, 153, 153, 153, 153, 153, 153, 153, 153, 153, 153, 153, 153, 153, 153, 153, 153, 153, 153, 153, 153, 153, 153, 153, 153, 153, 153, 153, 153, 153, 153, 153, 153, 153, 153, 153, 153, 153, 153, 153, 153, 305], "cycles": 10112, "elapsed_cycles": 53458, "event": "cycle_sample", "measured": true, "memory_stall_events": 0, "output_dma_active_events": 48, "seed": 103, "stage": "fused1"}
{"array_cores_checked": 16, "cin": 512, "correctness": "PASS", "cout": 32, "cycle_scope": "one core, sum of bias/MAC/epilogue brackets; input DMA waits, local input staging and trace flush excluded", "event": "hardware_result", "fused_cycles": [10112, 10112, 10112], "memory_stall_events": [1, 0, 0, 1, 1, 0], "output_dma_active_events": [22, 48, 48, 22, 22, 48], "output_dma_overlap": true, "outputs_per_array_run": 4096, "overhead_percent": 2.628641023038658, "overhead_target": "PASS", "raw_cycles": [9853, 9853, 9853]}
HOST_TIMELINE {"elapsed_seconds": 5.656, "tree_rss_bytes": 0, "foreign_peers": []}
RESEARCH_PROCESS_RESULT {"exit_code": 0, "stop": null, "peak_tree_rss_bytes": 476086272, "rss_measurement": "maximum observed across sampled descendant working sets; zero observations reported as null", "elapsed_seconds": 6.343000000000757, "foreign_contention_observed": false, "timing_eligible": true}
