RESEARCH_PLATFORM {"machine": "Desktop 2", "cpu": "AMD Ryzen 7 8700G w/ Radeon 780M Graphics", "os": "Windows-11-10.0.26200-SP0", "ram_bytes": 33381138432, "source_sha256": {"tools/research_process.py": "b527a07958df0ed575df38dfe88da348c972ee79eb459974555cf2655f94d37f", "tools/quant_calib_alphabet.py": "2dc0b2878c564853f340880209a425dfcf63b8536b2b8e9fd32344daade58d37", "tools/xint8_arithmetic_probe.py": "6aa3df08b9870c3c2264b868459d7ffbac3070dddc1349d7c6f3f480075f7041", "scripts/research-lowlevel.sh": "3455ad7933697936487712665505c216891865c6deada647302785f6e37020bd", "scripts/research-iron.sh": "128f8b5ee21f2209f8dda004cefc39fbf87a5170ca61c5cf18dc97a6ea6669c8", "kernels/memory_placement/probe.py": "e8d990169ad6091fa1b53852e9f61eff495b5def72d35165a5c5cf1759e38898", "kernels/memory_placement/memory_kernels.cc": "182e7af7071a1e851afb4a7ca266069c489aea1fbaaa85eca129708daeba5ba6", "scripts/research-matrix.sh": "739254171629deae822b0ad7dabc875aee19ace56dde77d3e8aab61663f97516", "kernels/memory_placement/gemm.py": "17c905ad66110d3346bbf0db898dfc6b780df59fae1dfb0c1747057ce1e5844e", "kernels/memory_placement/gemm_placement.cc": "f21acf7250b12914ea30cc1f77613239dfa18421a85a1b9a5199017dd916278a", "tools/research_summary.py": "0c00dcceef07053d06731b41a1f1ed58d3ba4ea09f82497de354ce9cef17da20", "tools/research_toolchain.py": "f0a126a24ae213acfaa43460cfd9def0c86d9cb70cfee0228aa271688467b314"}, "commit": "59c7cfd17f027442eda5f122df36ecdd16e754e3", "command": ["bash", "scripts/research-iron.sh", "tests/test_fused_epilogue_kernel.py", "--compile"], "seconds_limit": 1800.0, "rss_gib_limit": 10.0, "checks_only": false, "free_ram_bytes": 18041516032}
HOST_LOAD busy_cores=0.66 logical_cores=16 free_ram_gb=16.8 sample_sec=1
HOST_LOAD_TOP 0.26 pycharm64:8540 ws_mb=3150
HOST_LOAD_TOP 0.15 HWiNFO64:1824 ws_mb=43
HOST_LOAD_TOP 0.06 Taskmgr:13448 ws_mb=187
HOST_LOAD_TOP 0.06 powershell:16388 ws_mb=79
HOST_LOAD_TOP 0.05 <tool>:33604 ws_mb=1006
HOST_LOAD_VERDICT CLEAR

PRE_NPU_CONTEXT_WITNESS "\n-----------------------------\n[003d:00:01.1] : NPU Phoenix\n-----------------------------\nAIE Partitions\n  No hardware contexts running on device\n\n"
{"event": "offline_pass", "max_error_output_lsb": 1, "q8_inputs_checked": 65536, "scope": "CPU arithmetic and fixture validation; no hardware execution"}
NPU_TIMELINE "\n-----------------------------\n[003d:00:01.1] : NPU Phoenix\n-----------------------------\nAIE Partitions\n  No hardware contexts running on device\n\n"
NPU_OWNERSHIP {"context_pids": [], "owned_pids": [1872, 10860, 16588, 16788, 21816, 22348, 30988], "foreign_pids": []}

-----------------------------
[003d:00:01.1] : NPU Phoenix
-----------------------------
AIE Partitions
  No hardware contexts running on device


HOST_LOAD busy_cores=1.17 logical_cores=16 free_ram_gb=16.8 sample_sec=1
HOST_LOAD_TOP 0.52 pycharm64:8540 ws_mb=3150
HOST_LOAD_TOP 0.18 HWiNFO64:1824 ws_mb=43
HOST_LOAD_TOP 0.09 <tool>:33604 ws_mb=1005
HOST_LOAD_TOP 0.09 Taskmgr:13448 ws_mb=187
HOST_LOAD_TOP 0.06 powershell:22348 ws_mb=80
HOST_LOAD_VERDICT CLEAR

{"event": "compile_begin", "variant": "raw16"}
HOST_TIMELINE {"elapsed_seconds": 2.656, "tree_rss_bytes": 138960896, "foreign_peers": []}
HOST_TIMELINE {"elapsed_seconds": 5.172, "tree_rss_bytes": 181026816, "foreign_peers": []}
NPU_TIMELINE "\n-----------------------------\n[003d:00:01.1] : NPU Phoenix\n-----------------------------\nAIE Partitions\n  No hardware contexts running on device\n\n"
NPU_OWNERSHIP {"context_pids": [], "owned_pids": [1872, 10860, 16588, 16788, 19136, 19552, 21816, 22348, 30988], "foreign_pids": []}
HOST_TIMELINE {"elapsed_seconds": 7.781, "tree_rss_bytes": 111083520, "foreign_peers": []}
{"directory": "C:\\Users\\<user>\\PycharmProjects\\ignite-xdna\\build\\fused_conv_epilogue\\b5378f591f09b24a\\raw16", "elf_count": 16, "event": "compile_end", "variant": "raw16"}
{"dma_overlap": "requires trace", "event": "disassembly", "file": "conv2d_raw.o", "memory_stalls": "requires trace", "srs": 8, "stack_references": 34, "variant": "raw16", "vmac": 72}
{"event": "compile_begin", "variant": "fused16"}
HOST_TIMELINE {"elapsed_seconds": 10.312, "tree_rss_bytes": 230739968, "foreign_peers": []}
NPU_TIMELINE "\n-----------------------------\n[003d:00:01.1] : NPU Phoenix\n-----------------------------\nAIE Partitions\n  No hardware contexts running on device\n\n"
NPU_OWNERSHIP {"context_pids": [], "owned_pids": [1872, 3380, 3908, 4356, 7712, 8840, 10860, 12828, 15632, 16588, 16788, 17736, 18048, 19136, 19412, 19428, 19552, 19856, 19936, 20972, 21148, 21212, 21696, 21816, 22348, 22452, 23500, 30988, 31316, 31436, 31588, 31824, 32152, 32244, 33248, 33440, 34284, 34512, 34576, 34648], "foreign_pids": []}
HOST_TIMELINE {"elapsed_seconds": 12.922, "tree_rss_bytes": 158212096, "foreign_peers": []}
{"directory": "C:\\Users\\<user>\\PycharmProjects\\ignite-xdna\\build\\fused_conv_epilogue\\b5378f591f09b24a\\fused16", "elf_count": 16, "event": "compile_end", "variant": "fused16"}
{"dma_overlap": "requires trace", "event": "disassembly", "file": "conv2d_fused.o", "memory_stalls": "requires trace", "srs": 48, "stack_references": 66, "variant": "fused16", "vmac": 72}
{"event": "compile_begin", "variant": "raw1"}
HOST_TIMELINE {"elapsed_seconds": 15.687, "tree_rss_bytes": 214233088, "foreign_peers": []}
NPU_TIMELINE "\n-----------------------------\n[003d:00:01.1] : NPU Phoenix\n-----------------------------\nAIE Partitions\n  No hardware contexts running on device\n\n"
NPU_OWNERSHIP {"context_pids": [], "owned_pids": [1872, 2512, 3380, 3908, 4356, 7620, 7712, 8840, 10860, 12828, 15632, 16588, 16664, 16788, 17736, 18048, 19136, 19196, 19412, 19428, 19540, 19552, 19856, 19936, 20972, 21148, 21212, 21628, 21696, 21816, 22068, 22348, 22452, 22840, 22924, 23500, 24004, 27668, 28840, 29888, 30988, 31316, 31436, 31588, 31824, 32152, 32192, 32244, 32480, 32864, 33248, 33440, 33444, 34204, 34284, 34512, 34576, 34648], "foreign_pids": []}
{"directory": "C:\\Users\\<user>\\PycharmProjects\\ignite-xdna\\build\\fused_conv_epilogue\\b5378f591f09b24a\\raw1", "elf_count": 1, "event": "compile_end", "variant": "raw1"}
{"dma_overlap": "requires trace", "event": "disassembly", "file": "conv2d_raw.o", "memory_stalls": "requires trace", "srs": 8, "stack_references": 34, "variant": "raw1", "vmac": 72}
{"event": "compile_begin", "variant": "fused1"}
HOST_TIMELINE {"elapsed_seconds": 18.312, "tree_rss_bytes": 162537472, "foreign_peers": []}
HOST_TIMELINE {"elapsed_seconds": 21.016, "tree_rss_bytes": 136343552, "foreign_peers": []}
{"directory": "C:\\Users\\<user>\\PycharmProjects\\ignite-xdna\\build\\fused_conv_epilogue\\b5378f591f09b24a\\fused1", "elf_count": 1, "event": "compile_end", "variant": "fused1"}
{"dma_overlap": "requires trace", "event": "disassembly", "file": "conv2d_fused.o", "memory_stalls": "requires trace", "srs": 48, "stack_references": 66, "variant": "fused1", "vmac": 72}
Traceback (most recent call last):
  File "C:\Users\<user>\PycharmProjects\ignite-xdna\tests\test_fused_epilogue_kernel.py", line 451, in <module>
    main()
    ~~~~^^
  File "C:\Users\<user>\PycharmProjects\ignite-xdna\tests\test_fused_epilogue_kernel.py", line 443, in main
    audit_bundles(artifact_directory(args.build_dir, args.cin))
    ~~~~~~~~~~~~~^^^^^^^^^^^^^^^^^^^^^^^^^^^^^^^^^^^^^^^^^^^^^^
  File "C:\Users\<user>\PycharmProjects\ignite-xdna\tests\test_fused_epilogue_kernel.py", line 221, in audit_bundles
    raise AssertionError(f'{symbol} spills within compute or spills vectors in {elf.name}')
AssertionError: conv2d_raw spills within compute or spills vectors in elfs_main_core_0_2.elf
RESEARCH_PROCESS_RESULT {"exit_code": 1, "stop": null, "peak_tree_rss_bytes": 434016256, "rss_measurement": "maximum observed across sampled descendant working sets; zero observations reported as null", "elapsed_seconds": 21.734000000004016, "foreign_contention_observed": false, "timing_eligible": false}
