RESEARCH_PLATFORM {"machine": "Desktop 2", "cpu": "AMD Ryzen 7 8700G w/ Radeon 780M Graphics", "os": "Windows-11-10.0.26200-SP0", "ram_bytes": 33381138432, "source_sha256": {"tools/research_process.py": "b527a07958df0ed575df38dfe88da348c972ee79eb459974555cf2655f94d37f", "tools/quant_calib_alphabet.py": "2dc0b2878c564853f340880209a425dfcf63b8536b2b8e9fd32344daade58d37", "tools/xint8_arithmetic_probe.py": "6aa3df08b9870c3c2264b868459d7ffbac3070dddc1349d7c6f3f480075f7041", "scripts/research-lowlevel.sh": "3455ad7933697936487712665505c216891865c6deada647302785f6e37020bd", "scripts/research-iron.sh": "128f8b5ee21f2209f8dda004cefc39fbf87a5170ca61c5cf18dc97a6ea6669c8", "kernels/memory_placement/probe.py": "e8d990169ad6091fa1b53852e9f61eff495b5def72d35165a5c5cf1759e38898", "kernels/memory_placement/memory_kernels.cc": "182e7af7071a1e851afb4a7ca266069c489aea1fbaaa85eca129708daeba5ba6", "scripts/research-matrix.sh": "739254171629deae822b0ad7dabc875aee19ace56dde77d3e8aab61663f97516", "kernels/memory_placement/gemm.py": "17c905ad66110d3346bbf0db898dfc6b780df59fae1dfb0c1747057ce1e5844e", "kernels/memory_placement/gemm_placement.cc": "f21acf7250b12914ea30cc1f77613239dfa18421a85a1b9a5199017dd916278a", "tools/research_summary.py": "0c00dcceef07053d06731b41a1f1ed58d3ba4ea09f82497de354ce9cef17da20", "tools/research_toolchain.py": "f0a126a24ae213acfaa43460cfd9def0c86d9cb70cfee0228aa271688467b314"}, "commit": "02c3c114ab2f03f5e4a31c7cee789b7e915ed14a", "command": ["bash", "scripts/research-iron.sh", "tests/test_fused_epilogue_kernel.py", "--hardware", "--iters", "3"], "seconds_limit": 1800.0, "rss_gib_limit": 10.0, "checks_only": false, "free_ram_bytes": 17833680896}
HOST_LOAD busy_cores=1.31 logical_cores=16 free_ram_gb=16.6 sample_sec=1
HOST_LOAD_TOP 0.55 pycharm64:8540 ws_mb=3095
HOST_LOAD_TOP 0.54 <tool>:33604 ws_mb=922
HOST_LOAD_TOP 0.06 powershell:16168 ws_mb=79
HOST_LOAD_TOP 0.06 Taskmgr:13448 ws_mb=187
HOST_LOAD_TOP 0.06 HWiNFO64:1824 ws_mb=43
HOST_LOAD_VERDICT CLEAR

PRE_NPU_CONTEXT_WITNESS "\n-----------------------------\n[003d:00:01.1] : NPU Phoenix\n-----------------------------\nAIE Partitions\n  No hardware contexts running on device\n\n"
{"event": "offline_pass", "max_error_output_lsb": 1, "q8_inputs_checked": 65536, "scope": "CPU arithmetic and fixture validation; no hardware execution"}

-----------------------------
[003d:00:01.1] : NPU Phoenix
-----------------------------
AIE Partitions
  No hardware contexts running on device


NPU_TIMELINE "\n-----------------------------\n[003d:00:01.1] : NPU Phoenix\n-----------------------------\nAIE Partitions\n  No hardware contexts running on device\n\n"
NPU_OWNERSHIP {"context_pids": [], "owned_pids": [2076, 13372, 16996, 17060, 28220, 33632], "foreign_pids": []}
HOST_LOAD busy_cores=0.78 logical_cores=16 free_ram_gb=16.6 sample_sec=1
HOST_LOAD_TOP 0.16 HWiNFO64:1824 ws_mb=43
HOST_LOAD_TOP 0.12 pycharm64:8540 ws_mb=3095
HOST_LOAD_TOP 0.09 <tool>:33604 ws_mb=913
HOST_LOAD_TOP 0.09 Taskmgr:13448 ws_mb=187
HOST_LOAD_TOP 0.08 python:16996 ws_mb=27
HOST_LOAD_VERDICT CLEAR

{"event": "artifact", "shim_patches": 8, "stage": "raw16", "transaction_sha256": "7ec4b5c1fba1bf2cdde66a69b3db41997018b7a4d6bfbdc08d9f98c1dbcf9f1c", "xclbin_sha256": "a31f75ed741c25979d688042463cac93bf1d0a91427769b94d9761dff016bdc9"}
{"event": "artifact", "shim_patches": 8, "stage": "fused16", "transaction_sha256": "7ec4b5c1fba1bf2cdde66a69b3db41997018b7a4d6bfbdc08d9f98c1dbcf9f1c", "xclbin_sha256": "e100c9aa03b5d136404d7795183cb4159d96b6421a0cedec2c16008b01d4805b"}
{"event": "artifact", "shim_patches": 3, "stage": "raw1", "transaction_sha256": "60b6ca179056f258d64be674d99cda32dddc1d869d6b42ba9a2aef16d21772f2", "xclbin_sha256": "65fdffdc6412032880645a975e9d4c4ed10cd49df8a83e4b9a03f22ffdd05815"}
{"event": "artifact", "shim_patches": 3, "stage": "fused1", "transaction_sha256": "60b6ca179056f258d64be674d99cda32dddc1d869d6b42ba9a2aef16d21772f2", "xclbin_sha256": "091c0d5a5ce2adb20f913e55c0de55b2ceeb4a29974555945ca06de5183ce385"}
HOST_TIMELINE {"elapsed_seconds": 2.672, "tree_rss_bytes": 197144576, "foreign_peers": []}
HOST_TIMELINE {"elapsed_seconds": 5.188, "tree_rss_bytes": 197144576, "foreign_peers": []}
NPU_TIMELINE "\n-----------------------------\n[003d:00:01.1] : NPU Phoenix\n-----------------------------\nAIE Partitions\n  Total Memory Usage: 64 MB\n  Partition Index   : 0\n    Columns: [1, 2, 3, 4]\n    HW Contexts:\n      |PID                 |Ctx ID     |Submissions |Migrations  |Err  |Priority |\n      |Process Name        |Status     |Completions |Suspensions |     |GOPS     |\n      |Memory Usage        |Instr BO   |            |            |     |FPS      |\n      |                    |           |            |            |     |Latency  |\n      |====================|===========|============|============|=====|=========|\n      |13372               |205        |1           |0           |0    |Normal   |\n      |python.exe          |Active     |0           |0           |     |N/A      |\n      |64 MB               |96 KB      |            |            |     |N/A      |\n      |                    |           |            |            |     |N/A      |\n      |--------------------|-----------|------------|------------|-----|---------|\n"
NPU_OWNERSHIP {"context_pids": [13372], "owned_pids": [2076, 13372, 16996, 17060, 28220, 33632], "foreign_pids": []}
HOST_TIMELINE {"elapsed_seconds": 7.75, "tree_rss_bytes": 197144576, "foreign_peers": []}
Traceback (most recent call last):
  File "C:\Users\<user>\PycharmProjects\ignite-xdna\tests\test_fused_epilogue_kernel.py", line 405, in <module>
    main()
    ~~~~^^
  File "C:\Users\<user>\PycharmProjects\ignite-xdna\tests\test_fused_epilogue_kernel.py", line 401, in main
    hardware(args)
    ~~~~~~~~^^^^^^
  File "C:\Users\<user>\PycharmProjects\ignite-xdna\tests\test_fused_epilogue_kernel.py", line 349, in hardware
    run_stage(16, fused, correctness)
    ~~~~~~~~~^^^^^^^^^^^^^^^^^^^^^^^^
  File "C:\Users\<user>\PycharmProjects\ignite-xdna\tests\test_fused_epilogue_kernel.py", line 308, in run_stage
    raise RuntimeError(f'{stage}: hardware completion failed: {state}')
RuntimeError: raw16: hardware completion failed: ert_cmd_state.ERT_CMD_STATE_TIMEOUT
HOST_TIMELINE {"elapsed_seconds": 10.282, "tree_rss_bytes": 197259264, "foreign_peers": []}
NPU_TIMELINE "\n-----------------------------\n[003d:00:01.1] : NPU Phoenix\n-----------------------------\nAIE Partitions\n  Total Memory Usage: 16 KB\n  Partition Index   : 0\n    Columns: [1, 2, 3, 4]\n    HW Contexts:\n      |PID                 |Ctx ID     |Submissions |Migrations  |Err  |Priority |\n      |Process Name        |Status     |Completions |Suspensions |     |GOPS     |\n      |Memory Usage        |Instr BO   |            |            |     |FPS      |\n      |                    |           |            |            |     |Latency  |\n      |====================|===========|============|============|=====|=========|\n      |13372               |205        |1           |0           |1    |Normal   |\n      |python.exe          |Active     |0           |0           |     |N/A      |\n      |16 KB               |96 KB      |            |            |     |N/A      |\n      |                    |           |            |            |     |N/A      |\n      |--------------------|-----------|------------|------------|-----|---------|\n"
NPU_OWNERSHIP {"context_pids": [13372], "owned_pids": [2076, 13372, 16996, 17060, 28220, 33632], "foreign_pids": []}
RESEARCH_PROCESS_RESULT {"exit_code": 1, "stop": null, "peak_tree_rss_bytes": 197275648, "rss_measurement": "maximum observed across sampled descendant working sets; zero observations reported as null", "elapsed_seconds": 11.703000000001339, "foreign_contention_observed": false, "timing_eligible": false}
