RESEARCH_PLATFORM {"machine": "Desktop 2", "cpu": "AMD Ryzen 7 8700G w/ Radeon 780M Graphics", "os": "Windows-11-10.0.26200-SP0", "ram_bytes": 33381138432, "source_sha256": {"tools/research_process.py": "b527a07958df0ed575df38dfe88da348c972ee79eb459974555cf2655f94d37f", "tools/quant_calib_alphabet.py": "2dc0b2878c564853f340880209a425dfcf63b8536b2b8e9fd32344daade58d37", "tools/xint8_arithmetic_probe.py": "6aa3df08b9870c3c2264b868459d7ffbac3070dddc1349d7c6f3f480075f7041", "scripts/research-lowlevel.sh": "3455ad7933697936487712665505c216891865c6deada647302785f6e37020bd", "scripts/research-iron.sh": "128f8b5ee21f2209f8dda004cefc39fbf87a5170ca61c5cf18dc97a6ea6669c8", "kernels/memory_placement/probe.py": "e8d990169ad6091fa1b53852e9f61eff495b5def72d35165a5c5cf1759e38898", "kernels/memory_placement/memory_kernels.cc": "182e7af7071a1e851afb4a7ca266069c489aea1fbaaa85eca129708daeba5ba6", "scripts/research-matrix.sh": "739254171629deae822b0ad7dabc875aee19ace56dde77d3e8aab61663f97516", "kernels/memory_placement/gemm.py": "17c905ad66110d3346bbf0db898dfc6b780df59fae1dfb0c1747057ce1e5844e", "kernels/memory_placement/gemm_placement.cc": "f21acf7250b12914ea30cc1f77613239dfa18421a85a1b9a5199017dd916278a", "tools/research_summary.py": "0c00dcceef07053d06731b41a1f1ed58d3ba4ea09f82497de354ce9cef17da20", "tools/research_toolchain.py": "f0a126a24ae213acfaa43460cfd9def0c86d9cb70cfee0228aa271688467b314"}, "commit": "878887829000186d482221baeac2afbc624b8c2f", "command": ["bash", "scripts/research-iron.sh", "tests/test_fused_epilogue_kernel.py", "--hardware", "--iters", "3"], "seconds_limit": 1800.0, "rss_gib_limit": 10.0, "checks_only": false, "free_ram_bytes": 17637208064}
HOST_LOAD busy_cores=1.23 logical_cores=16 free_ram_gb=16.4 sample_sec=1
HOST_LOAD_TOP 0.5 pycharm64:8540 ws_mb=2995
HOST_LOAD_TOP 0.42 agy:33604 ws_mb=861
HOST_LOAD_TOP 0.14 HWiNFO64:1824 ws_mb=43
HOST_LOAD_TOP 0.06 Taskmgr:13448 ws_mb=186
HOST_LOAD_TOP 0.05 powershell:33788 ws_mb=79
HOST_LOAD_VERDICT CLEAR

PRE_NPU_CONTEXT_WITNESS "\n-----------------------------\n[003d:00:01.1] : NPU Phoenix\n-----------------------------\nAIE Partitions\n  No hardware contexts running on device\n\n"
{"event": "offline_pass", "max_error_output_lsb": 1, "q8_inputs_checked": 65536, "scope": "CPU arithmetic and fixture validation; no hardware execution"}
NPU_TIMELINE "\n-----------------------------\n[003d:00:01.1] : NPU Phoenix\n-----------------------------\nAIE Partitions\n  Total Memory Usage: 4 KB\n  Partition Index   : 0\n    Columns: [1, 2, 3, 4]\n    HW Contexts:\n      |PID                 |Ctx ID     |Submissions |Migrations  |Err  |Priority |\n      |Process Name        |Status     |Completions |Suspensions |     |GOPS     |\n      |Memory Usage        |Instr BO   |            |            |     |FPS      |\n      |                    |           |            |            |     |Latency  |\n      |====================|===========|============|============|=====|=========|\n      |15580               |152        |0           |0           |0    |Normal   |\n      |python.exe          |Active     |0           |0           |     |N/A      |\n      |4 KB                |N/A        |            |            |     |N/A      |\n      |                    |           |            |            |     |N/A      |\n      |--------------------|-----------|------------|------------|-----|---------|\n"
NPU_OWNERSHIP {"context_pids": [15580], "owned_pids": [5984, 13264, 15580, 18912, 20132], "foreign_pids": []}
{"event": "artifact", "shim_patches": 8, "stage": "raw16", "transaction_sha256": "7ec4b5c1fba1bf2cdde66a69b3db41997018b7a4d6bfbdc08d9f98c1dbcf9f1c", "xclbin_sha256": "903480891c75ca7921207c51b04cb976eec2eb5d0ca2f0ba67c2e3d4b96231a4"}
{"event": "artifact", "shim_patches": 8, "stage": "fused16", "transaction_sha256": "7ec4b5c1fba1bf2cdde66a69b3db41997018b7a4d6bfbdc08d9f98c1dbcf9f1c", "xclbin_sha256": "273562600580fafc10987c3ce4597e997059e2ecbe05f8e5199f4afed02b99dd"}
{"event": "artifact", "shim_patches": 3, "stage": "raw1", "transaction_sha256": "7a786e24a27414fbc4acf2d34a3066c7835236465cd7cbcf224cd25c85fa2e93", "xclbin_sha256": "eed5d2085ba31bcc182b4f1938981dbd383094d15accee638a7b2bde745a2bc4"}
{"event": "artifact", "shim_patches": 3, "stage": "fused1", "transaction_sha256": "7a786e24a27414fbc4acf2d34a3066c7835236465cd7cbcf224cd25c85fa2e93", "xclbin_sha256": "d5e978cabdaa1aa1bee614996921a4e784c4b92c69436cb8142a6b3d5659eb33"}
{"case": "random", "elements": 4096, "event": "comparison", "fixed_max_error": 0, "fixed_mismatches": 0, "float_max_error_lsb": 0, "input_sha256": "98fc47f94a2a47f09c735af5579fc5a47329717a3d6501d025326e0001ef3938", "output_sha256": "9575f879b42970d36ef7c0fde49322b68cf0eff5563c67cbb306a3d84346e25a", "per_core_mismatches": [0, 0, 0, 0, 0, 0, 0, 0, 0, 0, 0, 0, 0, 0, 0, 0], "seed": 17, "stage": "raw16"}
{"case": "boundaries", "elements": 4096, "event": "comparison", "fixed_max_error": 0, "fixed_mismatches": 0, "float_max_error_lsb": 0, "input_sha256": "50a2e193ab5720059a9ba23f0b927f43f7d6efe2a60d9519762cf5f73adf426e", "output_sha256": "988d603291fa05a925455ae001d086111b7fa185b051ddeb25b3355175023ee1", "per_core_mismatches": [0, 0, 0, 0, 0, 0, 0, 0, 0, 0, 0, 0, 0, 0, 0, 0], "seed": 17, "stage": "raw16"}
{"case": "channel_basis", "elements": 4096, "event": "comparison", "fixed_max_error": 0, "fixed_mismatches": 0, "float_max_error_lsb": 0, "input_sha256": "9fded167d59ebedf2530ceb070d37f991c4d55e5022cb22ce906247ff127cf2b", "output_sha256": "1812e1287c4889efa3856ee0df8ee97b0e58cfbea6767c677dba761d7b3f8e32", "per_core_mismatches": [0, 0, 0, 0, 0, 0, 0, 0, 0, 0, 0, 0, 0, 0, 0, 0], "seed": 17, "stage": "raw16"}
{"case": "cancellation", "elements": 4096, "event": "comparison", "fixed_max_error": 0, "fixed_mismatches": 0, "float_max_error_lsb": 0, "input_sha256": "28d3cf2fef25fad29f88856a7492bbc51610a304ff9e68bca2097148f6a9811d", "output_sha256": "07588df038cd6fdfd64456d9b09e5b8a415fc8e3a4b5ad5765b70472f65588af", "per_core_mismatches": [0, 0, 0, 0, 0, 0, 0, 0, 0, 0, 0, 0, 0, 0, 0, 0], "seed": 17, "stage": "raw16"}
{"case": "random", "elements": 4096, "event": "comparison", "fixed_max_error": 0, "fixed_mismatches": 0, "float_max_error_lsb": 0, "input_sha256": "58a203057a0d4620af8fcb1f50f6e9cc7720387e86f3917bd2fd197af92a011c", "output_sha256": "88038a7c86b0ff84dae3b274fcf44c83199c421ecb9060973d9de3a383d2e2e7", "per_core_mismatches": [0, 0, 0, 0, 0, 0, 0, 0, 0, 0, 0, 0, 0, 0, 0, 0], "seed": 91, "stage": "raw16"}
{"case": "boundaries", "elements": 4096, "event": "comparison", "fixed_max_error": 0, "fixed_mismatches": 0, "float_max_error_lsb": 0, "input_sha256": "911e3719ef865de8e97132346e95f73bd580c8407076929e870a5c01a7276970", "output_sha256": "988d603291fa05a925455ae001d086111b7fa185b051ddeb25b3355175023ee1", "per_core_mismatches": [0, 0, 0, 0, 0, 0, 0, 0, 0, 0, 0, 0, 0, 0, 0, 0], "seed": 91, "stage": "raw16"}
{"case": "channel_basis", "elements": 4096, "event": "comparison", "fixed_max_error": 0, "fixed_mismatches": 0, "float_max_error_lsb": 0, "input_sha256": "5fe24cb1f8dd814b2ad1bb2c6288463364b4410ea22d235e3024dcc549488c60", "output_sha256": "1812e1287c4889efa3856ee0df8ee97b0e58cfbea6767c677dba761d7b3f8e32", "per_core_mismatches": [0, 0, 0, 0, 0, 0, 0, 0, 0, 0, 0, 0, 0, 0, 0, 0], "seed": 91, "stage": "raw16"}
{"case": "cancellation", "elements": 4096, "event": "comparison", "fixed_max_error": 0, "fixed_mismatches": 0, "float_max_error_lsb": 0, "input_sha256": "28d3cf2fef25fad29f88856a7492bbc51610a304ff9e68bca2097148f6a9811d", "output_sha256": "07588df038cd6fdfd64456d9b09e5b8a415fc8e3a4b5ad5765b70472f65588af", "per_core_mismatches": [0, 0, 0, 0, 0, 0, 0, 0, 0, 0, 0, 0, 0, 0, 0, 0], "seed": 91, "stage": "raw16"}
{"case": "random", "elements": 4096, "event": "comparison", "fixed_max_error": 0, "fixed_mismatches": 0, "float_max_error_lsb": 1, "input_sha256": "98fc47f94a2a47f09c735af5579fc5a47329717a3d6501d025326e0001ef3938", "output_sha256": "f229732bf40faa7c0a3b4e79149ba0344a8f4d216375f64cb4d88149e2dc0c49", "per_core_mismatches": [0, 0, 0, 0, 0, 0, 0, 0, 0, 0, 0, 0, 0, 0, 0, 0], "seed": 17, "stage": "fused16"}
{"case": "boundaries", "elements": 4096, "event": "comparison", "fixed_max_error": 0, "fixed_mismatches": 0, "float_max_error_lsb": 1, "input_sha256": "50a2e193ab5720059a9ba23f0b927f43f7d6efe2a60d9519762cf5f73adf426e", "output_sha256": "afaf50209d3b1f50755469c2f93e1bf20f74bff4f6e61b59002419216a8c0e95", "per_core_mismatches": [0, 0, 0, 0, 0, 0, 0, 0, 0, 0, 0, 0, 0, 0, 0, 0], "seed": 17, "stage": "fused16"}
{"case": "channel_basis", "elements": 4096, "event": "comparison", "fixed_max_error": 0, "fixed_mismatches": 0, "float_max_error_lsb": 1, "input_sha256": "9fded167d59ebedf2530ceb070d37f991c4d55e5022cb22ce906247ff127cf2b", "output_sha256": "a565c43239378d4e0d47c8a262a1cdb87e996ebd93e656a9f408c7450d22e7b3", "per_core_mismatches": [0, 0, 0, 0, 0, 0, 0, 0, 0, 0, 0, 0, 0, 0, 0, 0], "seed": 17, "stage": "fused16"}
{"case": "cancellation", "elements": 4096, "event": "comparison", "fixed_max_error": 0, "fixed_mismatches": 0, "float_max_error_lsb": 1, "input_sha256": "28d3cf2fef25fad29f88856a7492bbc51610a304ff9e68bca2097148f6a9811d", "output_sha256": "1372a27eaa1bc73a3b60d924e020afe450e0b7c414f93903a60f284f0dc29814", "per_core_mismatches": [0, 0, 0, 0, 0, 0, 0, 0, 0, 0, 0, 0, 0, 0, 0, 0], "seed": 17, "stage": "fused16"}
{"case": "random", "elements": 4096, "event": "comparison", "fixed_max_error": 0, "fixed_mismatches": 0, "float_max_error_lsb": 1, "input_sha256": "58a203057a0d4620af8fcb1f50f6e9cc7720387e86f3917bd2fd197af92a011c", "output_sha256": "173044fe9c13e929ac0614fc11881e5ff1a25363f03c3b973d07b2f1916803db", "per_core_mismatches": [0, 0, 0, 0, 0, 0, 0, 0, 0, 0, 0, 0, 0, 0, 0, 0], "seed": 91, "stage": "fused16"}
{"case": "boundaries", "elements": 4096, "event": "comparison", "fixed_max_error": 0, "fixed_mismatches": 0, "float_max_error_lsb": 1, "input_sha256": "911e3719ef865de8e97132346e95f73bd580c8407076929e870a5c01a7276970", "output_sha256": "5d47ca69dc1b031ffee92ec4517af08319372560f6b75eb7a5877c5b61256b48", "per_core_mismatches": [0, 0, 0, 0, 0, 0, 0, 0, 0, 0, 0, 0, 0, 0, 0, 0], "seed": 91, "stage": "fused16"}
{"case": "channel_basis", "elements": 4096, "event": "comparison", "fixed_max_error": 0, "fixed_mismatches": 0, "float_max_error_lsb": 1, "input_sha256": "5fe24cb1f8dd814b2ad1bb2c6288463364b4410ea22d235e3024dcc549488c60", "output_sha256": "ad03ce6c27815f2881c14651e3688e3d6e927b0f8b3c382d55292bd56e72b496", "per_core_mismatches": [0, 0, 0, 0, 0, 0, 0, 0, 0, 0, 0, 0, 0, 0, 0, 0], "seed": 91, "stage": "fused16"}
{"case": "cancellation", "elements": 4096, "event": "comparison", "fixed_max_error": 0, "fixed_mismatches": 0, "float_max_error_lsb": 1, "input_sha256": "28d3cf2fef25fad29f88856a7492bbc51610a304ff9e68bca2097148f6a9811d", "output_sha256": "1372a27eaa1bc73a3b60d924e020afe450e0b7c414f93903a60f284f0dc29814", "per_core_mismatches": [0, 0, 0, 0, 0, 0, 0, 0, 0, 0, 0, 0, 0, 0, 0, 0], "seed": 91, "stage": "fused16"}
{"case": "random", "elements": 256, "event": "comparison", "fixed_max_error": 0, "fixed_mismatches": 0, "float_max_error_lsb": 0, "input_sha256": "2218cb2b5c7160e4eb999960557cbee34bdf91ffc1bd84a536ea098aa9dce0c7", "output_sha256": "f5c4f24a0df77ab41ded7cbab75adcb21546de158d5158aaf5bcba375951f7ca", "per_core_mismatches": [0], "seed": 101, "stage": "raw1"}
{"cycles": 394, "event": "cycle_sample", "measured": false, "memory_stall_events": 72, "seed": 101, "stage": "raw1"}
{"case": "random", "elements": 256, "event": "comparison", "fixed_max_error": 0, "fixed_mismatches": 0, "float_max_error_lsb": 0, "input_sha256": "2218cb2b5c7160e4eb999960557cbee34bdf91ffc1bd84a536ea098aa9dce0c7", "output_sha256": "f5c4f24a0df77ab41ded7cbab75adcb21546de158d5158aaf5bcba375951f7ca", "per_core_mismatches": [0], "seed": 101, "stage": "raw1"}
Traceback (most recent call last):
  File "C:\Users\<user>\PycharmProjects\ignite-xdna\tests\test_fused_epilogue_kernel.py", line 309, in <module>
    main()
    ~~~~^^
  File "C:\Users\<user>\PycharmProjects\ignite-xdna\tests\test_fused_epilogue_kernel.py", line 305, in main
    hardware(args)
    ~~~~~~~~^^^^^^
  File "C:\Users\<user>\PycharmProjects\ignite-xdna\tests\test_fused_epilogue_kernel.py", line 267, in hardware
    run_stage(1, fused, [(101 + repeat, 'random', False), (101 + repeat, 'random', True)])
    ~~~~~~~~~^^^^^^^^^^^^^^^^^^^^^^^^^^^^^^^^^^^^^^^^^^^^^^^^^^^^^^^^^^^^^^^^^^^^^^^^^^^^^
  File "C:\Users\<user>\PycharmProjects\ignite-xdna\tests\test_fused_epilogue_kernel.py", line 243, in run_stage
    first, last, pairs, _ = reader.stamps()
                            ~~~~~~~~~~~~~^^
  File "C:\Users\<user>\PycharmProjects\ignite-xdna\kernels\clock_probe\clock_probe.py", line 305, in stamps
    bs = self.core_stream()
  File "C:\Users\<user>\PycharmProjects\ignite-xdna\kernels\clock_probe\clock_probe.py", line 293, in core_stream
    sorted_pkts = trace_pkts_de_interleave(words[:end])
  File "C:\Users\<user>\mlir-aie\ironenv\Lib\site-packages\mlir_aie\python\aie\utils\trace\utils.py", line 277, in trace_pkts_de_interleave
    trace_pkts_sorted[curr_pkt_type][curr_loc].append(word_stream[i])
    ~~~~~~~~~~~~~~~~~~~~~~~~~~~~~~~~^^^^^^^^^^
KeyError: ''
RESEARCH_PROCESS_RESULT {"exit_code": 1, "stop": null, "peak_tree_rss_bytes": 332980224, "rss_measurement": "maximum observed across sampled descendant working sets; zero observations reported as null", "elapsed_seconds": 1.1710000000020955, "foreign_contention_observed": false, "timing_eligible": false}
