INT4 study, gate A: which int4 operand pairs does the toolchain lower?
UTC: 2026-09-23T04:53:41Z
MACHINE: DESKTOP-CBL5NUA
COMMIT: f1194be (worktree-int4-study)
COMMAND: python kernels/int4_study/isa_gate.py --log results/aie/int4_isa_gate_desktop2_20260923.log
TOOLCHAIN: llvm_aie-22.0.0.2026090201+a36c62b9, mlir_aie-1.4.2
SCOPE: compile only. No NPU, no hardware context. Verdicts are about the
  aie_api/Peano toolchain, never the silicon (see the docstring).

PRE-REGISTERED (written before the run, from the header listing):
  aie2: int8/uint8 x int4/uint4 compile; int4 x int8, int4 x int4 and int16 x int4 do not.
  aie2 control word: no intrinsic with a 4-bit A; 4-bit B only against 8-bit A.
  Gate A kills the aie_api/Peano DENSE path for int4 activations, W4A4 and W16A4 on aie2
  if those mmuls fail while their harness controls compile.
NOT PRE-REGISTERED: section 1's wrapper listing and section 3 were added after a dry
  run showed aie2p's int8 x int4 object containing unpack instructions. They are
  observations about how the toolchain lowers int4, not tested predictions.

1. MAC CONTROL WORD: (amode, bmode) codes each target's intrinsics emit
aie2: 3516 MAC intrinsics parsed from aiev2_vmult.h
  amode bmode  A element types                    B element types                    shapes
      0     0  int8, uint8                        int4, int4_sparse, uint4, uint4_sparse 4x16_16x8, 4x32_32x8
      0     1  int8, uint8                        int8, int8_sparse, uint8, uint8_sparse 4x16_16x8, 4x8_8x8, conv_32x8, conv_4x4_8ch, conv_8x8_4ch, elem_32_2
      0     2  int16, uint16                      int8, uint8                        4x4_4x4_2ch, 4x4_4x8
      0     3  int16, uint16                      int16, uint16                      4x2_2x8, elem_32
      1     0  cint32, int32, uint32              cint16, int16, uint16              4x2_2x4, elem_8, elem_8_cc, elem_8_cn, elem_8_nc
      1     2  int16, uint16                      int8, int8_sparse, uint8, uint8_sparse 2x16_16x8, 2x8_8x8, 4x8_8x4
      1     3  cint16, int16, uint16              cint16, int16, int16_sparse, uint16, uint16_sparse 2x4_4x8, 2x8_8x8, 4x4_4x4, conv_16x4, elem_16_2, elem_8_2, elem_8_2_cc, elem_8_2_cn, elem_8_2_nc
      2     3  bfloat16                           bfloat16, bfloat16_sparse          4x16_16x4, 4x8_8x4, elem_16_2
  codes never emitted (amode, bmode): [(1, 1), (2, 0), (2, 1), (2, 2), (3, 0), (3, 1), (3, 2), (3, 3)]
  control words with a 4-bit A operand: none
  control words with a 4-bit B operand, as (A, B): [('int8', 'int4'), ('int8', 'int4_sparse'), ('int8', 'uint4'), ('int8', 'uint4_sparse'), ('uint8', 'int4'), ('uint8', 'int4_sparse'), ('uint8', 'uint4'), ('uint8', 'uint4_sparse')]
  4-bit-operand intrinsics with no control word of their own (wrappers): 0

aie2p: 6192 MAC intrinsics parsed from aie2p_vmult.h
  amode bmode  A element types                    B element types                    shapes
      0     1  int8, uint8                        int8, uint8                        4x8_8x16, 8x8_8x8, conv_64x8, conv_8x8_8ch, elem_64, elem_64_2
      0     2  int16, uint16                      int8, uint8                        4x4_4x4_4ch, 8x4_4x8
      0     3  int16, uint16                      int16, uint16                      8x2_2x8, elem_64
      1     0  int32, uint32                      int16, uint16                      4x2_2x8
      1     2  int16, uint16                      int8, uint8                        4x8_8x8
      1     3  int16, uint16                      int16, uint16                      4x4_4x8, conv_32x4, conv_4x4_8ch, elem_16_2, elem_32, elem_32_2
      2     1  bfp16ebs8                          bfp16ebs8                          4x8_8x16T, 8x8_8x8T
      2     3  bfloat16                           bfloat16                           elem_16, elem_32, elem_64
  codes never emitted (amode, bmode): [(0, 0), (1, 1), (2, 0), (2, 2), (3, 0), (3, 1), (3, 2), (3, 3)]
  control words with a 4-bit A operand: none
  control words with a 4-bit B operand, as (A, B): none
  4-bit-operand intrinsics with no control word of their own (wrappers): 88
    addmac_4x16_16x16(v64int8 a, int sgn_x, v256int4 b, int sgn_y, v64acc32 acc1, v64acc32 acc2): unpacks to 8 bits
    addmac_4x16_16x16(v64int8 a, int sgn_x, v256uint4 b, int sgn_y, v64acc32 acc1, v64acc32 acc2): unpacks to 8 bits
    addmac_4x16_16x16(v64int8 a, v256int4 b, v64acc32 acc1, v64acc32 acc2): unpacks to 8 bits
    addmac_4x16_16x16(v64int8 a, v256uint4 b, v64acc32 acc1, v64acc32 acc2): unpacks to 8 bits
    addmac_4x16_16x16(v64uint8 a, int sgn_x, v256int4 b, int sgn_y, v64acc32 acc1, v64acc32 acc2): unpacks to 8 bits
    addmac_4x16_16x16(v64uint8 a, int sgn_x, v256uint4 b, int sgn_y, v64acc32 acc1, v64acc32 acc2): unpacks to 8 bits
    ... 82 more; unpacking: 88/88

2. aie::mmul COMPILES (IRON's Peano flags; per-pair harness control = -DNO_MMUL)
  target A      B      MxKxN    acc    harness  mmul   expect  match MAC ops / first error
  aie2   int8   int4   4x16x8   acc32  ok       pass   pass    yes   vmul
  aie2   uint8  int4   4x16x8   acc32  ok       pass   pass    yes   vmul
  aie2   uint8  uint4  4x16x8   acc32  ok       pass   pass    yes   vmul
  aie2   int8   int4   8x16x8   acc32  ok       pass   pass    yes   vmul
  aie2   uint8  int8   4x8x8    acc32  ok       pass   pass    yes   vmul
  aie2   int4   int8   4x16x8   acc32  ok       fail   fail    yes   implicit instantiation of undefined template 'aie::detail::mmul<4, 16, 8, _BitInt(4), signed char, 32, aie::accum_ownership::owned>'
  aie2   int4   int8   4x8x8    acc32  ok       fail   fail    yes   implicit instantiation of undefined template 'aie::detail::mmul<4, 8, 8, _BitInt(4), signed char, 32, aie::accum_ownership::owned>'
  aie2   int4   int4   4x16x8   acc32  ok       fail   fail    yes   implicit instantiation of undefined template 'aie::detail::mmul<4, 16, 8, _BitInt(4), _BitInt(4), 32, aie::accum_ownership::owned>'
  aie2   int4   int4   4x32x8   acc32  ok       fail   fail    yes   implicit instantiation of undefined template 'aie::detail::mmul<4, 32, 8, _BitInt(4), _BitInt(4), 32, aie::accum_ownership::owned>'
  aie2   int16  int4   4x16x8   acc32  ok       fail   fail    yes   implicit instantiation of undefined template 'aie::detail::mmul<4, 16, 8, short, _BitInt(4), 32, aie::accum_ownership::owned>'
  aie2   int16  int4   4x16x8   acc64  ok       fail   fail    yes   implicit instantiation of undefined template 'aie::detail::mmul<4, 16, 8, short, _BitInt(4), 64, aie::accum_ownership::owned>'
  aie2   int16  int4   4x4x8    acc64  ok       fail   fail    yes   implicit instantiation of undefined template 'aie::detail::mmul<4, 4, 8, short, _BitInt(4), 64, aie::accum_ownership::owned>'
  aie2p  int8   int4   4x16x16  acc32  ok       pass   pass    yes   vldb.unpack, unpacksign1, crunpacksize, vmul, vmac
  aie2p  int4   int8   4x16x8   acc32  ok       fail   fail    yes   implicit instantiation of undefined template 'aie::detail::mmul<4, 16, 8, _BitInt(4), signed char, 32, aie::accum_ownership::owned>'
  aie2p  int4   int4   4x16x8   acc32  ok       fail   fail    yes   implicit instantiation of undefined template 'aie::detail::mmul<4, 16, 8, _BitInt(4), _BitInt(4), 32, aie::accum_ownership::owned>'
  aie2p  int16  int4   4x16x8   acc64  ok       fail   fail    yes   implicit instantiation of undefined template 'aie::detail::mmul<4, 16, 8, short, _BitInt(4), 64, aie::accum_ownership::owned>'

expectation mismatches: 0

3. HOW aie_api LOWERS int8 x int4 PER TARGET (aie_api detail/<target>/mmul_8_4.hpp)
aie2: the compiler defines __AIE_ARCH__ = 20; mmul_8_4.hpp has no __AIE_ARCH__ branches
  __AIE_ARCH__ == (all): a 4-bit-B MAC control word (bmode 0) straight into the MAC; calls mac_4x16_16x8, mac_4x16_16x8_conf, mul_4x16_16x8  <- this target
aie2p: the compiler defines __AIE_ARCH__ = 21; mmul_8_4.hpp has __AIE_ARCH__ branches
  __AIE_ARCH__ == 21: the Peano intrinsic itself UNPACKS B to 8 bits, then 8-bit MACs; calls mac_4x16_16x16_conf, mul_4x16_16x16  <- this target
  __AIE_ARCH__ == 22: aie_api UNPACKS B to 8 bits, then an 8-bit MAC; calls mac_4x8_8x16_conf, mac_8x8_8x8_conf, mul_8x8_8x8
