
-----------------------------
[003d:00:01.1] : NPU Phoenix
-----------------------------
AIE Partitions
  No hardware contexts running on device


HOST_LOAD busy_cores=0.79 logical_cores=16 free_ram_gb=16.9 sample_sec=1
HOST_LOAD_TOP 0.38 python:16620 ws_mb=71
HOST_LOAD_TOP 0.15 pycharm64:8540 ws_mb=2987
HOST_LOAD_TOP 0.08 powershell:29872 ws_mb=79
HOST_LOAD_TOP 0.06 powershell:34500 ws_mb=81
HOST_LOAD_TOP 0.05 HWiNFO64:1824 ws_mb=43
HOST_LOAD_VERDICT CLEAR

{"L": 301056, "chunk": 3072, "device_index": 0, "event": "environment", "iters": 30, "machine": "Desktop 2 / Ryzen 7 8700G / Phoenix", "pid": 4192, "python": "3.13.15 | packaged by conda-forge | (main, Sep  2 2026, 21:52:43) [MSC v.1944 64 bit (AMD64)]", "scope": "native graph BOs; system DDR remains", "warmup": 3}
COMPILE_BEGIN stage=conv_up L=301056 chunk=3072
COMPILE_END stage=conv_up
COMPILE_BEGIN stage=groupnorm L=301056 chunk=3072
COMPILE_END stage=groupnorm
COMPILE_BEGIN stage=conv_down L=301056 chunk=3072
COMPILE_END stage=conv_down
{"event": "artifact", "instruction_bytes": 2288, "shim_patch_count": 16, "stage": "conv_up", "transaction_sha256": "987a6952a4a3e6660b1d63488097205b3f5a74cbcf3b47c4c7619b205d32b5ae", "xclbin_sha256": "0c8b17a0f35504d9d8755ee70f14ee7ce3380eb8f218ba704cfaecaf8695309e"}
{"event": "artifact", "instruction_bytes": 4208, "shim_patch_count": 32, "stage": "groupnorm", "transaction_sha256": "68da44f1077ccb5edb4ee91f8e722fbc66bad6802d86b3ff82510b34f9bb3771", "xclbin_sha256": "cb6fe95597de637b17946679abdbbb2f7642dba55b32ddeede7a222b6a9f8d02"}
{"event": "artifact", "instruction_bytes": 2288, "shim_patch_count": 16, "stage": "conv_down", "transaction_sha256": "987a6952a4a3e6660b1d63488097205b3f5a74cbcf3b47c4c7619b205d32b5ae", "xclbin_sha256": "a7aa1237544f4fafe133232d161144553f3f0f63d138e43a28ad4bc39901739c"}

-----------------------------
[003d:00:01.1] : NPU Phoenix
-----------------------------
AIE Partitions
  No hardware contexts running on device


HOST_LOAD busy_cores=0.33 logical_cores=16 free_ram_gb=17 sample_sec=1
HOST_LOAD_TOP 0.14 pycharm64:8540 ws_mb=2997
HOST_LOAD_TOP 0.09 HWiNFO64:1824 ws_mb=43
HOST_LOAD_TOP 0.05 Taskmgr:13448 ws_mb=184
HOST_LOAD_TOP 0.03 powershell:20896 ws_mb=79
HOST_LOAD_TOP 0.02 OpenConsole:29792 ws_mb=11
HOST_LOAD_VERDICT CLEAR

{"event": "stage_buffers", "group_ids": {"3": 8781824, "4": 8781824}, "stage": "conv_up"}
{"event": "stage_buffers", "group_ids": {"3": 8847360, "4": 8847360, "5": 8847360}, "stage": "groupnorm"}
{"event": "stage_buffers", "group_ids": {"3": 8912896, "4": 8912896}, "stage": "conv_down"}
{"consumer": "groupnorm", "consumer_group_id": 8847360, "consumer_patches": [{"bo_address_plus_offset": "0x8000000", "offset": 0, "register": "0x1d024"}, {"bo_address_plus_offset": "0x8000000", "offset": 0, "register": "0x1d044"}, {"bo_address_plus_offset": "0x824c000", "offset": 2408448, "register": "0x1d084"}, {"bo_address_plus_offset": "0x824c000", "offset": 2408448, "register": "0x1d0a4"}, {"bo_address_plus_offset": "0x8498000", "offset": 4816896, "register": "0x201d024"}, {"bo_address_plus_offset": "0x8498000", "offset": 4816896, "register": "0x201d044"}, {"bo_address_plus_offset": "0x86e4000", "offset": 7225344, "register": "0x201d084"}, {"bo_address_plus_offset": "0x86e4000", "offset": 7225344, "register": "0x201d0a4"}, {"bo_address_plus_offset": "0x8930000", "offset": 9633792, "register": "0x401d024"}, {"bo_address_plus_offset": "0x8930000", "offset": 9633792, "register": "0x401d044"}, {"bo_address_plus_offset": "0x8b7c000", "offset": 12042240, "register": "0x401d084"}, {"bo_address_plus_offset": "0x8b7c000", "offset": 12042240, "register": "0x401d0a4"}, {"bo_address_plus_offset": "0x8dc8000", "offset": 14450688, "register": "0x601d024"}, {"bo_address_plus_offset": "0x8dc8000", "offset": 14450688, "register": "0x601d044"}, {"bo_address_plus_offset": "0x9014000", "offset": 16859136, "register": "0x601d084"}, {"bo_address_plus_offset": "0x9014000", "offset": 16859136, "register": "0x601d0a4"}], "dpa": "0x8000000", "event": "binding", "group_id": 8781824, "memory_bank": 0, "nbytes": 19267584, "producer": "conv_up", "same_bo": true}
{"consumer": "conv_down", "consumer_group_id": 8912896, "consumer_patches": [{"bo_address_plus_offset": "0xa4c0000", "offset": 0, "register": "0x1d004"}, {"bo_address_plus_offset": "0xa70c000", "offset": 2408448, "register": "0x1d044"}, {"bo_address_plus_offset": "0xa958000", "offset": 4816896, "register": "0x201d004"}, {"bo_address_plus_offset": "0xaba4000", "offset": 7225344, "register": "0x201d044"}, {"bo_address_plus_offset": "0xadf0000", "offset": 9633792, "register": "0x401d004"}, {"bo_address_plus_offset": "0xb03c000", "offset": 12042240, "register": "0x401d044"}, {"bo_address_plus_offset": "0xb288000", "offset": 14450688, "register": "0x601d004"}, {"bo_address_plus_offset": "0xb4d4000", "offset": 16859136, "register": "0x601d044"}], "dpa": "0xa4c0000", "event": "binding", "group_id": 8847360, "memory_bank": 0, "nbytes": 19267584, "producer": "groupnorm", "same_bo": true}

-----------------------------
[003d:00:01.1] : NPU Phoenix
-----------------------------
AIE Partitions
  Total Memory Usage: 375 MB
  Partition Index   : 0
    Columns: [1, 2, 3, 4]
    HW Contexts:
      |PID                 |Ctx ID     |Submissions |Migrations  |Err  |Priority |
      |Process Name        |Status     |Completions |Suspensions |     |GOPS     |
      |Memory Usage        |Instr BO   |            |            |     |FPS      |
      |                    |           |            |            |     |Latency  |
      |====================|===========|============|============|=====|=========|
      |4192                |134        |0           |0           |0    |Normal   |
      |python.exe          |Active     |0           |0           |     |N/A      |
      |375 MB              |64 KB      |            |            |     |N/A      |
      |                    |           |            |            |     |N/A      |
      |--------------------|-----------|------------|------------|-----|---------|
      |4192                |135        |0           |0           |0    |Normal   |
      |python.exe          |Active     |0           |0           |     |N/A      |
      |375 MB              |96 KB      |            |            |     |N/A      |
      |                    |           |            |            |     |N/A      |
      |--------------------|-----------|------------|------------|-----|---------|
      |4192                |136        |0           |0           |0    |Normal   |
      |python.exe          |Active     |0           |0           |     |N/A      |
      |375 MB              |64 KB      |            |            |     |N/A      |
      |                    |           |            |            |     |N/A      |
      |--------------------|-----------|------------|------------|-----|---------|

{"dispatches": 0, "event": "ownership_guards", "verdict": "PASS"}
{"event": "parameters", "sha256": "1d2942e9d4128d4abcb823b29f4d0f96210dca3b281f5ee0fa564aea5cbdde0e"}
{"all_stages_bit_exact": true, "bytes_per_stage": 19267584, "direct_wall_us": 8594.2, "event": "parity", "groupnorm_cpu_max_abs": 0.01567881998117482, "handoff_us": [3.5, 3.5], "input_sha256": "cd9681ebc93177c8059a55455e63ca450b460bf38aa44773ae8343dead6c502c", "interstage_host_read_bytes": 0, "interstage_host_sync_calls": 0, "interstage_host_write_bytes": 0, "iteration": 0, "output_sha256": ["da76301225e48a4706294cd0c6b97af7ab9da8013530bed332093834d68e05f0", "98899341ff44865bfaeca1a43d2a7d2f83dacba17609796c37ce47ca96080098", "ceae1add7e55fbe346e7f4635fc93215e48b04736e62cb324bc540c48875c182"], "serial_wall_us": 19324.9, "stage_us": [1354.9, 1893.5, 1293.9]}
{"all_stages_bit_exact": true, "bytes_per_stage": 19267584, "direct_wall_us": 8540.8, "event": "parity", "groupnorm_cpu_max_abs": 0.015740857311158152, "handoff_us": [2.3, 1.4], "input_sha256": "cf7fa99f92bcf953aa15061412452eb1ad50f75394484cf2d8e83f2e002ba6b9", "interstage_host_read_bytes": 0, "interstage_host_sync_calls": 0, "interstage_host_write_bytes": 0, "iteration": 1, "output_sha256": ["f07de03c08dd9ec5cb055ffe1abfc84872a5c6cc5773d680afe87ec855a23e11", "9e0136d12d15137bbe7d9a633983c276930baa9ba88e2a132abdf7814353eccf", "cb3af19ade87de7a2b5a69344a08911963d0b1048b55cbfe3c922fe62475c515"], "serial_wall_us": 18209.5, "stage_us": [1386.1, 1856.2, 1271.7]}
{"all_stages_bit_exact": true, "bytes_per_stage": 19267584, "direct_wall_us": 8549.2, "event": "parity", "groupnorm_cpu_max_abs": 0.015740036649089184, "handoff_us": [2.3, 1.4], "input_sha256": "1b74f26140b35f31f408fc632b2fe3487dc0f6fdc8b21af821fa1ce211a19594", "interstage_host_read_bytes": 0, "interstage_host_sync_calls": 0, "interstage_host_write_bytes": 0, "iteration": 2, "output_sha256": ["f0f7b63d224fcab35ecd97f1ea651d50ce10a527d521555e7e54b60fc86a0348", "3046a2cf1bfc3eaa097b11490783b43a4e91c33b2f21d054deafa62de1650bc9", "9fa7731f6b202fc3d56b2befa61c4b3fd07f2d97253ce535ae2a422cbf278cc1"], "serial_wall_us": 27455.4, "stage_us": [1373.9, 1871.0, 1245.4]}
{"all_stages_bit_exact": true, "bytes_per_stage": 19267584, "direct_wall_us": 9387.0, "event": "parity", "groupnorm_cpu_max_abs": 0.01574042677728915, "handoff_us": [1.8, 0.8], "input_sha256": "9ba5805a7c76e3cff24b92deebe2607ae048c78fb478e98b3a5a2c7ffc42c599", "interstage_host_read_bytes": 0, "interstage_host_sync_calls": 0, "interstage_host_write_bytes": 0, "iteration": 3, "output_sha256": ["5cc31b5fa893a7bb51021846194ad92c8d286beb4a49b1d9d16c4e46b49621d9", "04635006774423bd81e0d8a9cbffd1fdd0bccd4c9c274bac74c63e73ebdba6da", "26e369233d9e97016220d025ffdd80e780714258ac51c9b85a427dfd13e39e33"], "serial_wall_us": 18992.3, "stage_us": [1376.7, 1867.7, 1238.2]}
{"all_stages_bit_exact": true, "bytes_per_stage": 19267584, "direct_wall_us": 8624.9, "event": "parity", "groupnorm_cpu_max_abs": 0.015818924042519278, "handoff_us": [2.3, 1.1], "input_sha256": "91c6d75c02395419efc9a4dc7e002030b716b32017b7a71c5cc432cb9078c26d", "interstage_host_read_bytes": 0, "interstage_host_sync_calls": 0, "interstage_host_write_bytes": 0, "iteration": 4, "output_sha256": ["f52e6de6ccacf6494a9b5e859390d875718f054179ae65694b859b472cce63b5", "8f078f10768751c6ad733cbdcc844ebdb8ff82863cb7a1fdb85bb2804377c909", "516c67edb17cd0adcee48d8cd218cbb7b269d1fd62914c03e7705c572cebe73b"], "serial_wall_us": 17715.7, "stage_us": [1368.8, 1865.3, 1229.8]}
{"all_stages_bit_exact": true, "bytes_per_stage": 19267584, "direct_wall_us": 8506.6, "event": "parity", "groupnorm_cpu_max_abs": 0.015761082758331213, "handoff_us": [3.2, 1.5], "input_sha256": "a9230affe5eaf9af45a1694d7c3bf6bd7459551f50a845b39a8c518e480b063f", "interstage_host_read_bytes": 0, "interstage_host_sync_calls": 0, "interstage_host_write_bytes": 0, "iteration": 5, "output_sha256": ["65ff57b12f728d6d0c1f0a8cc69930f6d2b496b49e82697d8fe7ff5a239ab73e", "b090a34b70f8dd77752a5a551e4049de763e1fafe75059fa3e6f150b34bad140", "fce76fbd9a741897560aff0d4d469b87ab61dbfd3d9feac5f6b2eaaf2b3cbc0a"], "serial_wall_us": 18735.3, "stage_us": [1371.5, 1865.7, 1233.6]}
{"all_stages_bit_exact": true, "bytes_per_stage": 19267584, "direct_wall_us": 9073.3, "event": "parity", "groupnorm_cpu_max_abs": 0.015700226047815846, "handoff_us": [2.2, 6.5], "input_sha256": "e9000e25b3f537b04af26b520c0acc2d89d4c40a7169ef9ab81084490268547c", "interstage_host_read_bytes": 0, "interstage_host_sync_calls": 0, "interstage_host_write_bytes": 0, "iteration": 6, "output_sha256": ["0659ed9e6ff24e5577ed3dc7f7ff43ec19fd3556cc09687b95f4878fa2e4cdcb", "266007190475c99f1d8199d0412831c455840c57dceceb890751ac67314311d1", "ff9aa38a7dfaf73fc0882f4c27764116cb6c42c6e7b9cb2fa6051093837a450a"], "serial_wall_us": 19722.6, "stage_us": [1323.0, 1940.5, 1525.2]}
{"all_stages_bit_exact": true, "bytes_per_stage": 19267584, "direct_wall_us": 8691.9, "event": "parity", "groupnorm_cpu_max_abs": 0.015719867846110347, "handoff_us": [3.5, 0.8], "input_sha256": "ee8887bf26db0607a5e17068d1cf23b7ad3fe07b4e8432cf467b5e8d8893ebaa", "interstage_host_read_bytes": 0, "interstage_host_sync_calls": 0, "interstage_host_write_bytes": 0, "iteration": 7, "output_sha256": ["9bd87514d2e00260ce34cb37e53453d097160e10d0f7d6cc648971035409abc9", "3f73443059fb8a80d566a3e9e796c2af98f4c7dffef18449e7e88d61218aab67", "026a139e3f44e8b9475ad3b5229ae8a36d793cd2ab2c5e57bc2177141de2f4d8"], "serial_wall_us": 19731.6, "stage_us": [1449.3, 1980.9, 1284.1]}
{"all_stages_bit_exact": true, "bytes_per_stage": 19267584, "direct_wall_us": 8657.3, "event": "parity", "groupnorm_cpu_max_abs": 0.015768650060572043, "handoff_us": [1.8, 0.7], "input_sha256": "3075d3bcb93b634c0a2ae6dc946ffc69287b9452f1a97bdf78e260bad28046c8", "interstage_host_read_bytes": 0, "interstage_host_sync_calls": 0, "interstage_host_write_bytes": 0, "iteration": 8, "output_sha256": ["4485e627ed38f05aa069a948b5fd5c3845d61ffb9922717a1419989951a989a4", "d09e8386bbe64eefd4d900fed486b97cd34cc7b4e0fc6a85939bcbaca0dc5c82", "d1c4d425e5c9740912240cb43ac925e5a541f37dcc1b6feb6fb1b01f2603430e"], "serial_wall_us": 18064.5, "stage_us": [1358.0, 1845.3, 1234.3]}
{"all_stages_bit_exact": true, "bytes_per_stage": 19267584, "direct_wall_us": 8517.0, "event": "parity", "groupnorm_cpu_max_abs": 0.01573562238224735, "handoff_us": [3.7, 2.6], "input_sha256": "3340c535fe052b37fa37121384903b4fe2bb41e9d03ebb6a8e9ce7ac27bb8a1f", "interstage_host_read_bytes": 0, "interstage_host_sync_calls": 0, "interstage_host_write_bytes": 0, "iteration": 9, "output_sha256": ["efd9f9dfffcb27220b612206f5af3efa326198dfc521f046731ba411c00a16a8", "e87eaeccb7538610cc6f254c60282c4f4702ac5e94ceea5ffec2727319043a17", "0b3aa31a084ce7590f7ca61bc060e8b10d5d493f165bef18166d65941de93682"], "serial_wall_us": 18510.9, "stage_us": [1368.9, 1930.9, 1266.6]}
{"all_stages_bit_exact": true, "bytes_per_stage": 19267584, "direct_wall_us": 8895.2, "event": "parity", "groupnorm_cpu_max_abs": 0.015604392620057084, "handoff_us": [2.1, 0.9], "input_sha256": "579833d92a9e8e313c9e5191eb15481c5f3c1dbc4efef8d5fd9085840fa57f30", "interstage_host_read_bytes": 0, "interstage_host_sync_calls": 0, "interstage_host_write_bytes": 0, "iteration": 10, "output_sha256": ["b5653bd84add75571b9c6154d6eefa82375f53da6a066ae636a1e0bd3ef98211", "6641902e21c582908d7ab29e81c81053ef5446ec7631d37181b0efa3d2035977", "197ef3a3222a68abaea72920d8905fdddfac221017d70b0c6594dbded9de11cf"], "serial_wall_us": 18465.6, "stage_us": [1365.6, 1863.0, 1248.8]}
{"all_stages_bit_exact": true, "bytes_per_stage": 19267584, "direct_wall_us": 8782.7, "event": "parity", "groupnorm_cpu_max_abs": 0.015786686106720182, "handoff_us": [1.7, 0.7], "input_sha256": "3fd980dbd8e8b2c88857131c5e7741edf2444d6700433fedfbcac7814f03f0d5", "interstage_host_read_bytes": 0, "interstage_host_sync_calls": 0, "interstage_host_write_bytes": 0, "iteration": 11, "output_sha256": ["f80d8d23999cb71748225112d3091c0f11df41c54d4585bb83548e204670c55b", "8d992a1ebe8549521afafd47e3bd94fb32745d078a276ad25bd33f1888b859f3", "4c7ad5324e4df964c7d8defc8893e2ea8d6efc7476006c04c14e860a6cf08c64"], "serial_wall_us": 18285.3, "stage_us": [1431.1, 1917.1, 1283.4]}
{"all_stages_bit_exact": true, "bytes_per_stage": 19267584, "direct_wall_us": 8392.1, "event": "parity", "groupnorm_cpu_max_abs": 0.02729626509590588, "handoff_us": [2.3, 1.6], "input_sha256": "422e46fe335fb07054bd930c9f5a62d649b8deaf8b2dbdd0ccba02c0ff404d12", "interstage_host_read_bytes": 0, "interstage_host_sync_calls": 0, "interstage_host_write_bytes": 0, "iteration": 12, "output_sha256": ["5eaaae3f0ee56e3598666ecd44243b81f72fdd5e0f79edee77f78b343c8b9aa0", "c050b394e9ae98a2c1dce4052ec5e455d2bad75820a5ca96086b0c073eb79195", "d34c5f089bdabb1efd2bd081e6a9146663272474569a99a64606649ec1d8fa6f"], "serial_wall_us": 18205.0, "stage_us": [1340.3, 1858.7, 1238.8]}
{"all_stages_bit_exact": true, "bytes_per_stage": 19267584, "direct_wall_us": 8884.8, "event": "parity", "groupnorm_cpu_max_abs": 0.01577021809165835, "handoff_us": [2.2, 0.8], "input_sha256": "12059277460b7aeb9bebf8894530bb3ffaa3f5772dc7fbf0d1cc9b06f94adc19", "interstage_host_read_bytes": 0, "interstage_host_sync_calls": 0, "interstage_host_write_bytes": 0, "iteration": 13, "output_sha256": ["cb45d3a7314a9f162c46477531bd69592f91c98cd95f74e268712fd385accf57", "b1c2f1505e3c63bae5c5bddfea5515641291fe4bc606a15d0f577b719e63dcaf", "22f0a4e6f720700c3440a00974674f7b9b530549df92156bebbb507b42363ed0"], "serial_wall_us": 24871.9, "stage_us": [1383.0, 1862.7, 1239.8]}
{"all_stages_bit_exact": true, "bytes_per_stage": 19267584, "direct_wall_us": 8627.7, "event": "parity", "groupnorm_cpu_max_abs": 0.0157752480752551, "handoff_us": [2.3, 2.2], "input_sha256": "bb8899d038cbb9d52392b3a87e82d21f660ce1b597cc581ae5aefeee25ddbe08", "interstage_host_read_bytes": 0, "interstage_host_sync_calls": 0, "interstage_host_write_bytes": 0, "iteration": 14, "output_sha256": ["e9719c92420e305cf8bec399d4725d14c16479b8fe88b5f9879768d39c0381fc", "2190573f7c51d643a5f8416ffb07858e0557511863afc0c712a4fbf78fc3930d", "b6e2b6ebccc5fe2ff5d270782c563bcecb7d29ffdfd031f12f69936fdc5ae3b6"], "serial_wall_us": 18268.8, "stage_us": [1357.8, 1873.3, 1251.5]}
{"all_stages_bit_exact": true, "bytes_per_stage": 19267584, "direct_wall_us": 8617.3, "event": "parity", "groupnorm_cpu_max_abs": 0.015753838501473716, "handoff_us": [2.7, 1.6], "input_sha256": "03272f8291612cdde0639ca0d956f1584575e8ec6c5667b229cc97fd02f8317f", "interstage_host_read_bytes": 0, "interstage_host_sync_calls": 0, "interstage_host_write_bytes": 0, "iteration": 15, "output_sha256": ["801306f6729b830b1052874f082695c3bdb7d772055c14e952d6f7099fba2dfd", "5c414a8a217dab0f82d6053ca75e8db7b9471b4dfcd0494e05b8cee4b41c936d", "0e0d370b4fc09cad74544303baa2a4b6e27e47500c5ae6ed0e14112b6da79322"], "serial_wall_us": 17835.0, "stage_us": [1356.5, 1896.3, 1251.9]}
{"all_stages_bit_exact": true, "bytes_per_stage": 19267584, "direct_wall_us": 8495.8, "event": "parity", "groupnorm_cpu_max_abs": 0.01582543385728563, "handoff_us": [2.7, 2.1], "input_sha256": "248c7aa15c0bedc1df7f5960f6aa156e41bb59dcc4fa02728218a522745709b2", "interstage_host_read_bytes": 0, "interstage_host_sync_calls": 0, "interstage_host_write_bytes": 0, "iteration": 16, "output_sha256": ["443478f2f89d851881a189413558430625195445af9e2ad91ff347c4dbb69eaf", "615992ab88d9e347f786408486bff3b7a317195eb58b9c4668ab6bf28be31a1d", "1e7c7d47e71c91fae892b1a4f8992d9e976bcd2051fec24c6201a9be9e5422cf"], "serial_wall_us": 18211.1, "stage_us": [1334.3, 1887.6, 1247.8]}
{"all_stages_bit_exact": true, "bytes_per_stage": 19267584, "direct_wall_us": 8496.7, "event": "parity", "groupnorm_cpu_max_abs": 0.015752181629431483, "handoff_us": [2.1, 1.9], "input_sha256": "2016adc7502c343195ca5760f7f5241ec1fc9d7202144c043c82e9df325c940a", "interstage_host_read_bytes": 0, "interstage_host_sync_calls": 0, "interstage_host_write_bytes": 0, "iteration": 17, "output_sha256": ["f247c085b91a523b56c4424798c3e8686fb19308003759ec9cc8ca4ffcd22b12", "07ea926c60e07118b2ac2a4448967daff485fe54983bc206deaed794a3bd8841", "0315ee4ce1d2a88aa8ce142576816dc8cc015610bffd3dd580e67cce2d9f9b21"], "serial_wall_us": 18034.8, "stage_us": [1424.3, 1877.6, 1257.2]}
{"all_stages_bit_exact": true, "bytes_per_stage": 19267584, "direct_wall_us": 8534.1, "event": "parity", "groupnorm_cpu_max_abs": 0.015748755829463335, "handoff_us": [2.1, 0.8], "input_sha256": "62f6c95818191a4e52dd30910bb775dd4cc3b3d1c52d055debad5090b461b29b", "interstage_host_read_bytes": 0, "interstage_host_sync_calls": 0, "interstage_host_write_bytes": 0, "iteration": 18, "output_sha256": ["bab564b1bbdac43841f152c03a08bc98b4b616febd62de2a76281e7bff99244b", "c65350de01cc5aeea5223b80e635b008a025162f2d8cb0c6ccc73e0e29a634b3", "a5c26c15c1d4ac383eddd0a3244f607f9b23a89f3d365c499ba5a2295e2cfd01"], "serial_wall_us": 17791.8, "stage_us": [1333.9, 1868.1, 1239.3]}
{"all_stages_bit_exact": true, "bytes_per_stage": 19267584, "direct_wall_us": 8538.7, "event": "parity", "groupnorm_cpu_max_abs": 0.015725049805543456, "handoff_us": [2.6, 2.0], "input_sha256": "7ec3a721b597ee41b199d135571e58d50b4d698c7a55a5417f53ad7013b4c248", "interstage_host_read_bytes": 0, "interstage_host_sync_calls": 0, "interstage_host_write_bytes": 0, "iteration": 19, "output_sha256": ["8d8ab50328afd59dee306e3046a5ce0c522cd889c45ae35b7e56f4aba709b718", "2d351e41fa9eb42b11b1a9b0194dc04840d1d49c6b7aa97db4217848462e37b3", "3d81bf5402c6a45d5c74a74cced7363ca677b81dcb942696783afb1a314dce82"], "serial_wall_us": 18683.5, "stage_us": [1375.5, 1893.0, 1260.8]}
{"all_stages_bit_exact": true, "bytes_per_stage": 19267584, "direct_wall_us": 8792.2, "event": "parity", "groupnorm_cpu_max_abs": 0.015700981975750317, "handoff_us": [2.8, 0.9], "input_sha256": "10a39810ad29f853161c7d487d256ecb1c1a28d9a50873cbdf15486ac17de003", "interstage_host_read_bytes": 0, "interstage_host_sync_calls": 0, "interstage_host_write_bytes": 0, "iteration": 20, "output_sha256": ["44fcf02b4219203f0470d27ee1caf5f8e7c82761210a83018a22ca651f9e5a46", "619ba9abd844fa9947da00f250fa2cdd0cd7aa1cb769d9e0c629c9c42b0e2002", "9f451395ab8091388e78cf2c3792cf3fb3344a01420dd80fabdf159b8af0744d"], "serial_wall_us": 18316.9, "stage_us": [1372.6, 1863.3, 1221.9]}
{"all_stages_bit_exact": true, "bytes_per_stage": 19267584, "direct_wall_us": 8925.1, "event": "parity", "groupnorm_cpu_max_abs": 0.01578666125352779, "handoff_us": [2.1, 1.2], "input_sha256": "385c8eced38b07a514157f40353b10c39db4e615fc10e17c8b5978a167a8e276", "interstage_host_read_bytes": 0, "interstage_host_sync_calls": 0, "interstage_host_write_bytes": 0, "iteration": 21, "output_sha256": ["b92b041e2bc9afdb3b4132f2e1fd0f85cd6277a145f7d073d01ed695aaedc95d", "b62180d44de236479b2166d5119b462f468fc9bfd58bbf92753bf6897ac8c0bd", "ee5b6ec7ad5734e526c4b75a1e3b84bbfd3b59ed0b2f9ba2f307fbaec231cc10"], "serial_wall_us": 19329.1, "stage_us": [1432.9, 1923.2, 1287.8]}
{"all_stages_bit_exact": true, "bytes_per_stage": 19267584, "direct_wall_us": 8748.6, "event": "parity", "groupnorm_cpu_max_abs": 0.015723518655285318, "handoff_us": [1.9, 0.8], "input_sha256": "710d3f53f77de3d552e40058f0e0b7ab05f318b40d2a4c0ec994a03e94d9a4c9", "interstage_host_read_bytes": 0, "interstage_host_sync_calls": 0, "interstage_host_write_bytes": 0, "iteration": 22, "output_sha256": ["807ea283b83bd453ca13887867a0be607399f78e25bb27ceaf02823324c99eed", "31cd69b3b337c8af9f9a13b353af6381317a6d5790a9dac178ee7afed01a6f71", "db54530373a54b08fdbb697bfc149a0fa6caf34d4d671a41bd34691b2dd21d9d"], "serial_wall_us": 18270.5, "stage_us": [1396.2, 1893.9, 1272.8]}
{"all_stages_bit_exact": true, "bytes_per_stage": 19267584, "direct_wall_us": 9543.6, "event": "parity", "groupnorm_cpu_max_abs": 0.01571570860222593, "handoff_us": [2.6, 2.4], "input_sha256": "c8d225748d21e69c1618c35de229fe00ec66405ff13bdd13bd52c3ba73cf1d8a", "interstage_host_read_bytes": 0, "interstage_host_sync_calls": 0, "interstage_host_write_bytes": 0, "iteration": 23, "output_sha256": ["999599d0104b74d9e739c1204e11a8aedcd73110e11cdefb49422bbdc04cf3df", "92b6d871d06a233bbfc1b770e0febf3c1eeb959605d6519b0aeb20dc54c7ac1f", "39b405da1a53edde7ce0341e973a2eb499c0b979b1139f9e122981ec3dbcacac"], "serial_wall_us": 18878.5, "stage_us": [1395.5, 1914.8, 1301.1]}
{"all_stages_bit_exact": true, "bytes_per_stage": 19267584, "direct_wall_us": 8547.9, "event": "parity", "groupnorm_cpu_max_abs": 0.015733096927951884, "handoff_us": [2.2, 0.9], "input_sha256": "2a23e7c94f1a648c19637ad891ce1b2a29e62b2725c352c6f7f24ac139ce3464", "interstage_host_read_bytes": 0, "interstage_host_sync_calls": 0, "interstage_host_write_bytes": 0, "iteration": 24, "output_sha256": ["db28f985f3793e638283095e2a35997d5fa68e61c522472755b0920654448891", "a0028f1379414f13e65b2f5154c22380e9ec466b9918d16f3037f552089585b9", "df3e59f87bef081c005d30aaa66ae6f21a1efd66a44c65357fd60e32685d7b8a"], "serial_wall_us": 18276.7, "stage_us": [1379.6, 1850.8, 1253.4]}
{"all_stages_bit_exact": true, "bytes_per_stage": 19267584, "direct_wall_us": 9685.8, "event": "parity", "groupnorm_cpu_max_abs": 0.015797107683130918, "handoff_us": [2.1, 0.8], "input_sha256": "3e9a6699f0baf6868c10f9a61ac760100767c7d86c4cdfdbeebe48e04a97f5da", "interstage_host_read_bytes": 0, "interstage_host_sync_calls": 0, "interstage_host_write_bytes": 0, "iteration": 25, "output_sha256": ["98d7ec5355a1309b6072475490e85f2a3258d206c313077b08fd57c41455505d", "a5aa73d2ccc25a779b14215fda28c855bdcbe934ba9a4c76511482f598ed1ae4", "6cedacbfb6600abc594507c87757ec3a885b4d115158358573aaa81dad53abc8"], "serial_wall_us": 17803.1, "stage_us": [1439.3, 1923.7, 1273.9]}
{"all_stages_bit_exact": true, "bytes_per_stage": 19267584, "direct_wall_us": 8574.7, "event": "parity", "groupnorm_cpu_max_abs": 0.015724944627752535, "handoff_us": [2.6, 1.1], "input_sha256": "e086d1314ba5d4ade78eeee5fd9975fd2a223f90ea765c6381d6ca2e1531ce30", "interstage_host_read_bytes": 0, "interstage_host_sync_calls": 0, "interstage_host_write_bytes": 0, "iteration": 26, "output_sha256": ["1e67e5fa8cbd453dcdd4d26fa046d43ad6cc05997b734b80e810957ab04f17ca", "3fc81e08a4bc0568251e4ded8994aa14b05ba774796dd9067ded2f2675cb99bd", "2b6af119811fef058897fcf71bd40bd3aa32d85704f4550a58afec956dab8015"], "serial_wall_us": 18036.4, "stage_us": [1365.7, 1864.9, 1252.6]}
{"all_stages_bit_exact": true, "bytes_per_stage": 19267584, "direct_wall_us": 8666.1, "event": "parity", "groupnorm_cpu_max_abs": 0.015728476515670664, "handoff_us": [1.9, 0.8], "input_sha256": "82889b51186b3d47727bd5b9ebc292680a1935b8888a91461aed2ed07e878419", "interstage_host_read_bytes": 0, "interstage_host_sync_calls": 0, "interstage_host_write_bytes": 0, "iteration": 27, "output_sha256": ["d4e8ed36f6ffaa9aef6eaae59497df4eebb58693a9e1d0579a95731bb9bf54c2", "d75c5880f60ae69e4f7feea0329ba2f1bb2e6778f95a7b41d02a5ba8fd630c1b", "7a8796772444dfe5d6182f413f83a5c8e002e0486ca468938f0abfcf3c97aa19"], "serial_wall_us": 18522.0, "stage_us": [1359.4, 1859.1, 1232.8]}
{"all_stages_bit_exact": true, "bytes_per_stage": 19267584, "direct_wall_us": 9009.5, "event": "parity", "groupnorm_cpu_max_abs": 0.015748253923082878, "handoff_us": [1.9, 2.7], "input_sha256": "b0fa335de110fd53f9aa351551264bf40856d9b3985611f9689b7e7204be40e9", "interstage_host_read_bytes": 0, "interstage_host_sync_calls": 0, "interstage_host_write_bytes": 0, "iteration": 28, "output_sha256": ["bbc0c7aafe31de021e1d80b97470093d43f83a9e8540d36f791179b47770bfe5", "2aec24cc53b98dc84b40cf6baa80619b62b630c627b004d68646733d407fae10", "edb07427c50b680821ac7a8e13e1de0ef6112b7fd2ddc9bd7f96b7b7148ee944"], "serial_wall_us": 18720.5, "stage_us": [1392.2, 1936.8, 1283.3]}
{"all_stages_bit_exact": true, "bytes_per_stage": 19267584, "direct_wall_us": 9525.2, "event": "parity", "groupnorm_cpu_max_abs": 0.015770139641006153, "handoff_us": [2.9, 4.2], "input_sha256": "310ac24039efff7fd00f01abed7f3039d774507aded6fce9593a635b69dab7c0", "interstage_host_read_bytes": 0, "interstage_host_sync_calls": 0, "interstage_host_write_bytes": 0, "iteration": 29, "output_sha256": ["58e4078b56553fa525975369ee083f18159a808289e664884a1fe33695391a97", "9cf96716f5ed238625e4974e98ffa18dad6c7e26ed920507268a8d75f2967be6", "d69828222828200c5b4a7ba374dd33f9eac2f88d873e8ee925e706d1e224872c"], "serial_wall_us": 18142.2, "stage_us": [1410.0, 2293.6, 1309.5]}
{"all_stages_bit_exact": true, "bytes_per_stage": 19267584, "direct_wall_us": 9326.3, "event": "parity", "groupnorm_cpu_max_abs": 0.015777251509795143, "handoff_us": [2.4, 1.4], "input_sha256": "ac71173d07c16eae416c6cb738c686949b1f56b60a42f4f504b0f00826845095", "interstage_host_read_bytes": 0, "interstage_host_sync_calls": 0, "interstage_host_write_bytes": 0, "iteration": 30, "output_sha256": ["eb45e7508a5aa64f0a6e9eedb69453b0773e1c4bfa7e3d7a2e56fdd633b97510", "0f8009cd67520e855db42685d303f1f7c15119016e50e1fda25936ed0eb9e04f", "fdf58cde24a98262c2a4e805cbb74cc910364b080c38dacafd4788001a7b360c"], "serial_wall_us": 19996.0, "stage_us": [1443.8, 1885.3, 1261.6]}
{"all_stages_bit_exact": true, "bytes_per_stage": 19267584, "direct_wall_us": 9072.9, "event": "parity", "groupnorm_cpu_max_abs": 0.015732466401725986, "handoff_us": [2.1, 1.3], "input_sha256": "ca92220c6b80ac70319572be5fd8c178bc440486fd98e1cc2400cf4421c8b319", "interstage_host_read_bytes": 0, "interstage_host_sync_calls": 0, "interstage_host_write_bytes": 0, "iteration": 31, "output_sha256": ["8890c96fab281b45d4d0fbcbf56ed5d22eed76af52a1424cb607564570366820", "c098466ca4a95f85867c949eedda0155f4435aa1ace8664417173d3b0f497bd3", "3606f3ec3a5e0c0ab013ce147cafd8596b5fc0afaf0dee6e5e6f30b8f5cdec8c"], "serial_wall_us": 20063.5, "stage_us": [1354.3, 1900.6, 1275.6]}
{"all_stages_bit_exact": true, "bytes_per_stage": 19267584, "direct_wall_us": 9332.4, "event": "parity", "groupnorm_cpu_max_abs": 0.01578099024882018, "handoff_us": [3.0, 3.8], "input_sha256": "d8d3144d7546a280eb576936c50cb36dff7d96e04eab3e5fa68cf406f088bf0c", "interstage_host_read_bytes": 0, "interstage_host_sync_calls": 0, "interstage_host_write_bytes": 0, "iteration": 32, "output_sha256": ["53fe571e3259ea87ede796587925b520512ce178e1c1c5d0ac6170b3b8da6f42", "b5dfd0ee68a6594316dc79fa6dab07cb0c3b726f49390bd704c5355d02122393", "120c96307ae6f331695f1d1166ee9d836a271076e45ea6f3b8489effa7e75d2f"], "serial_wall_us": 19812.9, "stage_us": [1418.0, 1934.3, 1281.8]}

-----------------------------
[003d:00:01.1] : NPU Phoenix
-----------------------------
AIE Partitions
  Total Memory Usage: 375 MB
  Partition Index   : 0
    Columns: [1, 2, 3, 4]
    HW Contexts:
      |PID                 |Ctx ID     |Submissions |Migrations  |Err  |Priority |
      |Process Name        |Status     |Completions |Suspensions |     |GOPS     |
      |Memory Usage        |Instr BO   |            |            |     |FPS      |
      |                    |           |            |            |     |Latency  |
      |====================|===========|============|============|=====|=========|
      |4192                |134        |66          |0           |0    |Normal   |
      |python.exe          |Active     |66          |0           |     |N/A      |
      |375 MB              |64 KB      |            |            |     |N/A      |
      |                    |           |            |            |     |N/A      |
      |--------------------|-----------|------------|------------|-----|---------|
      |4192                |135        |66          |0           |0    |Normal   |
      |python.exe          |Active     |66          |0           |     |N/A      |
      |375 MB              |96 KB      |            |            |     |N/A      |
      |                    |           |            |            |     |N/A      |
      |--------------------|-----------|------------|------------|-----|---------|
      |4192                |136        |66          |0           |0    |Normal   |
      |python.exe          |Active     |66          |0           |     |N/A      |
      |375 MB              |64 KB      |            |            |     |N/A      |
      |                    |           |            |            |     |N/A      |
      |--------------------|-----------|------------|------------|-----|---------|

{"compared_bytes": 1907490816, "completion_to_next_submit": {"max_us": 6.5, "mean_us": 2.045, "median_us": 2.1, "min_us": 0.7}, "cpu_oracle": "Conv bit-exact; GroupNorm bf16 tolerance", "direct_submit_through_final_read": {"max_us": 9685.8, "mean_us": 8849.113333333333, "median_us": 8720.25, "min_us": 8392.1}, "event": "summary", "interstage_host_read_bytes": 0, "interstage_host_sync_calls": 0, "interstage_host_write_bytes": 0, "parity_scope": "all bytes at all stages vs serial host-copy AIE execution", "serial_submit_through_final_read": {"max_us": 24871.9, "mean_us": 18809.8, "median_us": 18391.25, "min_us": 17715.7}, "stage_submit_wait": [{"max_us": 1449.3, "mean_us": 1382.6, "median_us": 1374.05, "min_us": 1323.0}, {"max_us": 2293.6, "mean_us": 1904.6, "median_us": 1886.4499999999998, "min_us": 1845.3}, {"max_us": 1525.2, "mean_us": 1267.9733333333334, "median_us": 1255.3000000000002, "min_us": 1221.9}], "traffic_scope": "DeviceBuffer API, not physical DDR bus counters", "verdict": "PASS"}
