
-----------------------------
[003d:00:01.1] : NPU Phoenix
-----------------------------
AIE Partitions
  No hardware contexts running on device


HOST_LOAD busy_cores=0.72 logical_cores=16 free_ram_gb=17 sample_sec=1
HOST_LOAD_TOP 0.34 pycharm64:8540 ws_mb=3012
HOST_LOAD_TOP 0.17 HWiNFO64:1824 ws_mb=43
HOST_LOAD_TOP 0.06 powershell:15256 ws_mb=79
HOST_LOAD_TOP 0.06 Taskmgr:13448 ws_mb=184
HOST_LOAD_TOP 0.05 <tool>:19240 ws_mb=251
HOST_LOAD_VERDICT CLEAR

{"L": 1024, "chunk": 256, "device_index": 0, "event": "environment", "iters": 30, "machine": "Desktop 2 / Ryzen 7 8700G / Phoenix", "pid": 20084, "python": "3.13.15 | packaged by conda-forge | (main, Sep  2 2026, 21:52:43) [MSC v.1944 64 bit (AMD64)]", "scope": "native graph BOs; system DDR remains", "warmup": 3}
{"event": "artifact", "instruction_bytes": 2288, "shim_patch_count": 16, "stage": "conv_up", "transaction_sha256": "63583237d6b9b0df66b426216b9de6e48d7b314e23e50a068986344e59e534a4", "xclbin_sha256": "eb45d9fd4dfece84161c59b893047da17f077ae146b93ce505ee71362dcfd85d"}
{"event": "artifact", "instruction_bytes": 4208, "shim_patch_count": 32, "stage": "groupnorm", "transaction_sha256": "392b6160088f686096c617e6d6be389c47415b19e60df9e62f5cf1b05c8be5ed", "xclbin_sha256": "20122f5a1586e49e042923ce6baf93ac003420200ae3efb1acd2414397259714"}
{"event": "artifact", "instruction_bytes": 2288, "shim_patch_count": 16, "stage": "conv_down", "transaction_sha256": "63583237d6b9b0df66b426216b9de6e48d7b314e23e50a068986344e59e534a4", "xclbin_sha256": "0939e1970c71eaf4a56114ed0bfff46d8d70827815af6f2c448384c008c4675f"}

-----------------------------
[003d:00:01.1] : NPU Phoenix
-----------------------------
AIE Partitions
  No hardware contexts running on device


HOST_LOAD busy_cores=0.97 logical_cores=16 free_ram_gb=17 sample_sec=1
HOST_LOAD_TOP 0.8 pycharm64:8540 ws_mb=3012
HOST_LOAD_TOP 0.06 powershell:15592 ws_mb=80
HOST_LOAD_TOP 0.06 HWiNFO64:1824 ws_mb=43
HOST_LOAD_TOP 0.03 Taskmgr:13448 ws_mb=184
HOST_LOAD_TOP 0.02 <tool>:33604 ws_mb=787
HOST_LOAD_VERDICT CLEAR

{"event": "stage_buffers", "group_ids": {"3": 8585216, "4": 8585216}, "stage": "conv_up"}
{"event": "stage_buffers", "group_ids": {"3": 8650752, "4": 8650752, "5": 8650752}, "stage": "groupnorm"}
{"event": "stage_buffers", "group_ids": {"3": 8716288, "4": 8716288}, "stage": "conv_down"}
{"consumer": "groupnorm", "consumer_group_id": 8650752, "consumer_patches": [{"bo_address_plus_offset": "0x43000", "offset": 0, "register": "0x1d024"}, {"bo_address_plus_offset": "0x43000", "offset": 0, "register": "0x1d044"}, {"bo_address_plus_offset": "0x45000", "offset": 8192, "register": "0x1d084"}, {"bo_address_plus_offset": "0x45000", "offset": 8192, "register": "0x1d0a4"}, {"bo_address_plus_offset": "0x47000", "offset": 16384, "register": "0x201d024"}, {"bo_address_plus_offset": "0x47000", "offset": 16384, "register": "0x201d044"}, {"bo_address_plus_offset": "0x49000", "offset": 24576, "register": "0x201d084"}, {"bo_address_plus_offset": "0x49000", "offset": 24576, "register": "0x201d0a4"}, {"bo_address_plus_offset": "0x4b000", "offset": 32768, "register": "0x401d024"}, {"bo_address_plus_offset": "0x4b000", "offset": 32768, "register": "0x401d044"}, {"bo_address_plus_offset": "0x4d000", "offset": 40960, "register": "0x401d084"}, {"bo_address_plus_offset": "0x4d000", "offset": 40960, "register": "0x401d0a4"}, {"bo_address_plus_offset": "0x4f000", "offset": 49152, "register": "0x601d024"}, {"bo_address_plus_offset": "0x4f000", "offset": 49152, "register": "0x601d044"}, {"bo_address_plus_offset": "0x51000", "offset": 57344, "register": "0x601d084"}, {"bo_address_plus_offset": "0x51000", "offset": 57344, "register": "0x601d0a4"}], "dpa": "0x43000", "event": "binding", "group_id": 8585216, "memory_bank": 0, "nbytes": 65536, "producer": "conv_up", "same_bo": true}
{"consumer": "conv_down", "consumer_group_id": 8716288, "consumer_patches": [{"bo_address_plus_offset": "0x66000", "offset": 0, "register": "0x1d004"}, {"bo_address_plus_offset": "0x68000", "offset": 8192, "register": "0x1d044"}, {"bo_address_plus_offset": "0x6a000", "offset": 16384, "register": "0x201d004"}, {"bo_address_plus_offset": "0x6c000", "offset": 24576, "register": "0x201d044"}, {"bo_address_plus_offset": "0x6e000", "offset": 32768, "register": "0x401d004"}, {"bo_address_plus_offset": "0x70000", "offset": 40960, "register": "0x401d044"}, {"bo_address_plus_offset": "0x72000", "offset": 49152, "register": "0x601d004"}, {"bo_address_plus_offset": "0x74000", "offset": 57344, "register": "0x601d044"}], "dpa": "0x66000", "event": "binding", "group_id": 8650752, "memory_bank": 0, "nbytes": 65536, "producer": "groupnorm", "same_bo": true}

-----------------------------
[003d:00:01.1] : NPU Phoenix
-----------------------------
AIE Partitions
  Total Memory Usage: 192 MB
  Partition Index   : 0
    Columns: [1, 2, 3, 4]
    HW Contexts:
      |PID                 |Ctx ID     |Submissions |Migrations  |Err  |Priority |
      |Process Name        |Status     |Completions |Suspensions |     |GOPS     |
      |Memory Usage        |Instr BO   |            |            |     |FPS      |
      |                    |           |            |            |     |Latency  |
      |====================|===========|============|============|=====|=========|
      |20084               |131        |0           |0           |0    |Normal   |
      |python.exe          |Active     |0           |0           |     |N/A      |
      |192 MB              |64 KB      |            |            |     |N/A      |
      |                    |           |            |            |     |N/A      |
      |--------------------|-----------|------------|------------|-----|---------|
      |20084               |132        |0           |0           |0    |Normal   |
      |python.exe          |Active     |0           |0           |     |N/A      |
      |192 MB              |96 KB      |            |            |     |N/A      |
      |                    |           |            |            |     |N/A      |
      |--------------------|-----------|------------|------------|-----|---------|
      |20084               |133        |0           |0           |0    |Normal   |
      |python.exe          |Active     |0           |0           |     |N/A      |
      |192 MB              |64 KB      |            |            |     |N/A      |
      |                    |           |            |            |     |N/A      |
      |--------------------|-----------|------------|------------|-----|---------|

{"dispatches": 0, "event": "ownership_guards", "verdict": "PASS"}
{"event": "parameters", "sha256": "b00b5d6dcd25b30ec03bf4cee1d8dc977c7ec16604aadffe37f3d916a9f29b7b"}
{"all_stages_bit_exact": true, "bytes_per_stage": 65536, "direct_wall_us": 1763.6, "event": "parity", "groupnorm_cpu_max_abs": 0.01478867080674462, "handoff_us": [1.7, 1.9], "input_sha256": "533e2fc7c5bb521e4b696d798aa2e5fd30a07992abe5218587996b283047f4b8", "interstage_host_read_bytes": 0, "interstage_host_sync_calls": 0, "interstage_host_write_bytes": 0, "iteration": 0, "output_sha256": ["9bd33dae09e9428fc74b599c005d577a7e1aae353957963eb6fbf8317e2891c2", "33757ea95d0d4c959a2266b7d1dff1b95b14a61d00adad743e67bddfe8cf8555", "6b2496f36c31af20db615acedb2beac3dc395addf94300dbce917b4324ac58f6"], "serial_wall_us": 2029.9, "stage_us": [560.3, 580.5, 559.0]}
{"all_stages_bit_exact": true, "bytes_per_stage": 65536, "direct_wall_us": 1738.4, "event": "parity", "groupnorm_cpu_max_abs": 0.014989536954863603, "handoff_us": [1.0, 0.9], "input_sha256": "8f36602e9f10321e8077067d6e47cf374f54a81c84cc0a11c2d063231fd11582", "interstage_host_read_bytes": 0, "interstage_host_sync_calls": 0, "interstage_host_write_bytes": 0, "iteration": 1, "output_sha256": ["693df7dfc00123a36c38bd2c6ca1917f203e99944ec2ca712c0f83dffef0cb9b", "72a127d4a44ad9057b0f2cb19fdc7f3937caeaa3cd3ca53e78c0e8931a29810a", "9a569e7942782bdbe68b988a12da8df85c04895fcf20981a0e0307d234d9c000"], "serial_wall_us": 1906.9, "stage_us": [585.9, 562.8, 537.9]}
{"all_stages_bit_exact": true, "bytes_per_stage": 65536, "direct_wall_us": 1800.1, "event": "parity", "groupnorm_cpu_max_abs": 0.015438235822896829, "handoff_us": [1.7, 2.5], "input_sha256": "07d2ed8c4d1683ce37baffaeedef00ed7dfccb84bca9ddb07b7e24685a846dfe", "interstage_host_read_bytes": 0, "interstage_host_sync_calls": 0, "interstage_host_write_bytes": 0, "iteration": 2, "output_sha256": ["96aed87c14687df0ba790714adb65ad0c693e346ba3774ea845b6d56fa08cc23", "080b4bdaae3e7a8fca79d0b2fd3a9c03c707d03f4f262ad2bdf8bb044d429622", "7ea1211c29d39d6323e3a59cb790ae00b6debd064a21d25535284af23d88efc3"], "serial_wall_us": 1758.7, "stage_us": [564.7, 606.9, 573.2]}
{"all_stages_bit_exact": true, "bytes_per_stage": 65536, "direct_wall_us": 1727.9, "event": "parity", "groupnorm_cpu_max_abs": 0.015298153108304291, "handoff_us": [1.6, 0.9], "input_sha256": "56568a53b824896a9e7f90ccde32c7531e2cc8b8bed8e00b0b1b2a41b8487383", "interstage_host_read_bytes": 0, "interstage_host_sync_calls": 0, "interstage_host_write_bytes": 0, "iteration": 3, "output_sha256": ["b8e536afe68d209c99a9c357149bf3ad72885199699afc94c3ca1ccc35e8dfe9", "265fe0ecab972ce4c27bf5c1e86dff0b131eb097c07c2e4d44970050cdcf9cd8", "e487190c8ae06986d8acfde719be26af5a25cea536e47116940b421f69ac6784"], "serial_wall_us": 1807.5, "stage_us": [580.2, 566.2, 531.9]}
{"all_stages_bit_exact": true, "bytes_per_stage": 65536, "direct_wall_us": 1713.9, "event": "parity", "groupnorm_cpu_max_abs": 0.015495327058763664, "handoff_us": [1.4, 0.9], "input_sha256": "42533110748c899e1f612976c0092632f00825bff641d6abd3f0639202e676a2", "interstage_host_read_bytes": 0, "interstage_host_sync_calls": 0, "interstage_host_write_bytes": 0, "iteration": 4, "output_sha256": ["9caa5b9dc00b741ca7b3f7f8521f7bc61800736555c7c29d325197eef91af659", "91456ceca5dcbea145244c88cce75e394a08b0e9e45f1ce43d4c0794e954edde", "ba41f633477fc34ac099f595b9aef4c099a1af90417cd40ce3dc66a8a7e9e49e"], "serial_wall_us": 1731.0, "stage_us": [572.3, 559.8, 536.4]}
{"all_stages_bit_exact": true, "bytes_per_stage": 65536, "direct_wall_us": 1925.0, "event": "parity", "groupnorm_cpu_max_abs": 0.015446184811900743, "handoff_us": [2.4, 1.0], "input_sha256": "bf1860c794acc57e65d9e0857fdaf3623e1689d15ea24b70c08b16f639ed9d65", "interstage_host_read_bytes": 0, "interstage_host_sync_calls": 0, "interstage_host_write_bytes": 0, "iteration": 5, "output_sha256": ["a7ae8edfc249e3cd61e7cdc625e9e6784c74d824c77c1d364f0bb93c7d165a81", "df9a66f90e732481d4c9c95a41726c69c07a1b670b001a3c5b5604ab9e46e379", "9f0ce51418c277acbd61bd2899b3ebca03bb151f98ec1357ac5e2190e86fa5b1"], "serial_wall_us": 1841.7, "stage_us": [602.5, 596.0, 664.3]}
{"all_stages_bit_exact": true, "bytes_per_stage": 65536, "direct_wall_us": 1747.0, "event": "parity", "groupnorm_cpu_max_abs": 0.015239790503116524, "handoff_us": [1.4, 1.6], "input_sha256": "179164acddccf4efeb8c6f61ae5ed1b1e9e2740ddeca8f3a8831fb1a2310624e", "interstage_host_read_bytes": 0, "interstage_host_sync_calls": 0, "interstage_host_write_bytes": 0, "iteration": 6, "output_sha256": ["111ded14d6c9aed2f92695c0d31d2092ae2ad3f89af590bf90c6d1285d8c8922", "bfd3cc123001e0421af1ed225764b5bb23da59d9e5dd8acd5ab203ac1dbf3be0", "edbe6b3003dd15b9861f6d9e301fa008d37262c8c7c6c82ccd2667ffe359df3b"], "serial_wall_us": 2096.4, "stage_us": [566.0, 563.0, 544.3]}
{"all_stages_bit_exact": true, "bytes_per_stage": 65536, "direct_wall_us": 1737.4, "event": "parity", "groupnorm_cpu_max_abs": 0.01520659806357294, "handoff_us": [1.5, 5.1], "input_sha256": "877904be64b43b921d01f79c26d7d00c90b78e2017f2c003750deeb2c613ae33", "interstage_host_read_bytes": 0, "interstage_host_sync_calls": 0, "interstage_host_write_bytes": 0, "iteration": 7, "output_sha256": ["d38d79529f3331ebd3ecf45798502f07eb9a4fd769d822025d2c3c508468011f", "57a20b9de338ead1302f2d11d032452935767723dafa698ab614d3c658635116", "844dcaffa5ff579eecd01781d47da9b01b313f4ac073cc1330d7e7fbe5051035"], "serial_wall_us": 1739.4, "stage_us": [579.6, 567.3, 544.3]}
{"all_stages_bit_exact": true, "bytes_per_stage": 65536, "direct_wall_us": 1709.3, "event": "parity", "groupnorm_cpu_max_abs": 0.014214818840383003, "handoff_us": [0.9, 1.2], "input_sha256": "160e5766ee7d1c445b2c23c6556afa7463ec6e24b84f3ddbea7472e0abae9b16", "interstage_host_read_bytes": 0, "interstage_host_sync_calls": 0, "interstage_host_write_bytes": 0, "iteration": 8, "output_sha256": ["4d1d1e01dc3f6691ce9838c082819ed2bc2e8c86db6306b7471897653be11448", "9e64e8ba821325d9f2115f55c4cc4c6914e1e4694026d890b865cd110ea3ab7f", "8de613975831992693062d4e3ebb2badddc122f4f619ea3f7b87b8c0efe67bad"], "serial_wall_us": 1716.1, "stage_us": [541.8, 550.6, 557.8]}
{"all_stages_bit_exact": true, "bytes_per_stage": 65536, "direct_wall_us": 1792.0, "event": "parity", "groupnorm_cpu_max_abs": 0.015536272529563355, "handoff_us": [1.5, 1.5], "input_sha256": "d555f2a2fbc30326ae8d8335295b7181fc04c86a9e17781df2706c7271c826e6", "interstage_host_read_bytes": 0, "interstage_host_sync_calls": 0, "interstage_host_write_bytes": 0, "iteration": 9, "output_sha256": ["5c415b9008be5a082578904fbd6e34ec6b901a6c7d105e64e942bb636e499eb4", "b2c999e15702ef4ad6490990567616498e933166a22aef1671bd4c58cc53ecba", "98208d2a36d49d436ca82414fdf84cfc4789d919588304df0ffc6aeef93d6ba1"], "serial_wall_us": 1880.6, "stage_us": [579.8, 575.7, 585.0]}
{"all_stages_bit_exact": true, "bytes_per_stage": 65536, "direct_wall_us": 1875.9, "event": "parity", "groupnorm_cpu_max_abs": 0.015576542438576979, "handoff_us": [2.6, 1.6], "input_sha256": "e2b89306c3ed88296e9dd97ab5dd29793c3c17d05e7db664761803bf7ff16f64", "interstage_host_read_bytes": 0, "interstage_host_sync_calls": 0, "interstage_host_write_bytes": 0, "iteration": 10, "output_sha256": ["529946a7d711185e87a51949038618be39aea3b9e14a67aec50355c535e6d212", "4d53cfc7eccfa76bc7467e37a787a3688ad7255fe47dcc2564e6b7f72c568ea7", "89274de36138c5d700274a472d46d3b531398cd1d5803d5890ba279b63a2f35a"], "serial_wall_us": 1797.8, "stage_us": [656.0, 605.9, 551.6]}
{"all_stages_bit_exact": true, "bytes_per_stage": 65536, "direct_wall_us": 1692.7, "event": "parity", "groupnorm_cpu_max_abs": 0.015603634381613496, "handoff_us": [1.1, 0.7], "input_sha256": "77dff21bfd3815c4a273cf7a2c1ad498cc85672d5aeb7db50982f8ac995bb97c", "interstage_host_read_bytes": 0, "interstage_host_sync_calls": 0, "interstage_host_write_bytes": 0, "iteration": 11, "output_sha256": ["7702bc8bded7ab5380a615ac95ba4404075f63ba6f220d02e9917b80470b7e2c", "60ec8019e6bdb94f5fc61ac3507db161688c7d6f779657fe3eebcb138dd6a025", "3f984ea4701667fe2abadbb3b6d636b86f0ade0db2667740007bc49b2afee825"], "serial_wall_us": 1825.5, "stage_us": [575.9, 558.8, 522.8]}
{"all_stages_bit_exact": true, "bytes_per_stage": 65536, "direct_wall_us": 1912.8, "event": "parity", "groupnorm_cpu_max_abs": 0.015282833014844677, "handoff_us": [3.1, 1.4], "input_sha256": "c4a0cf0d195cf267048537b7583628e27c1152934a6fb289c23108b7561b3f72", "interstage_host_read_bytes": 0, "interstage_host_sync_calls": 0, "interstage_host_write_bytes": 0, "iteration": 12, "output_sha256": ["c9988a554975c7f1fc8f03ccdb192d6782fc17f16a4a84f82056834946b28de2", "255b9168dc64f8c4850b9636a5ee41c18b43c8af8f977d815ab95087283d93fc", "909c4d56d5cc99a9c19d5ffa56e03cf79ac24dd4b05067fb90a9c1ef8211d12a"], "serial_wall_us": 2042.3, "stage_us": [593.0, 629.4, 618.1]}
{"all_stages_bit_exact": true, "bytes_per_stage": 65536, "direct_wall_us": 1745.8, "event": "parity", "groupnorm_cpu_max_abs": 0.01528388087276511, "handoff_us": [1.2, 0.7], "input_sha256": "f77d2ea4fc4f601898303fdc9a4f36ce3c141063e95149e4d0758ca66d9f0058", "interstage_host_read_bytes": 0, "interstage_host_sync_calls": 0, "interstage_host_write_bytes": 0, "iteration": 13, "output_sha256": ["a7aa211735c06cf4ac56db960860598cc45b1f5880511ddf83922f022e1c9bf4", "9ef9b1adb0f42eee5a2519a527a4ccf3bbd6d1520c890dbdbdb937c57d7186ef", "1fd3c87184cc01cb80d723aeb664becfe5c8457c7a3efdf7f311479ca25b3bb2"], "serial_wall_us": 1844.1, "stage_us": [583.3, 558.2, 558.2]}
{"all_stages_bit_exact": true, "bytes_per_stage": 65536, "direct_wall_us": 1933.6, "event": "parity", "groupnorm_cpu_max_abs": 0.015542114760125791, "handoff_us": [2.1, 2.4], "input_sha256": "a0e4f395dc2a4d88d833794bb9f5a4883d78a29087d946f4ee3dd80e815e62ce", "interstage_host_read_bytes": 0, "interstage_host_sync_calls": 0, "interstage_host_write_bytes": 0, "iteration": 14, "output_sha256": ["0cdccc2a3aef5c12776d12fb963344d2eae41b2cf01e382671cb46918ff2f758", "319891cf1f9007bb6ebf5973d703e7a723a8a29194cb77759b23609812d82460", "6bbdeb22154fa9aa2e0afc5893b755dc343285cd41325f674e9bcaa82a82e341"], "serial_wall_us": 1839.3, "stage_us": [598.2, 670.9, 602.3]}
{"all_stages_bit_exact": true, "bytes_per_stage": 65536, "direct_wall_us": 1851.6, "event": "parity", "groupnorm_cpu_max_abs": 0.01543157820058827, "handoff_us": [2.4, 0.9], "input_sha256": "5b8f6da8920baaa70e310d9e2a2552ff37958ee13d5c68a4b29c0a3ead807961", "interstage_host_read_bytes": 0, "interstage_host_sync_calls": 0, "interstage_host_write_bytes": 0, "iteration": 15, "output_sha256": ["f4f7118ee9d3eddf3158db06c189756477f6256b8af9082bc482c85c1d815082", "0a0635fa6444c79f81602abbc3df9f93f1d7b68507ceaa34834d9cf2b7f2921b", "15fc9f9de3029e13dc901ec7b8abc6835af0dd8934806d37a239c7a96dd36536"], "serial_wall_us": 1873.8, "stage_us": [591.8, 586.5, 595.3]}
{"all_stages_bit_exact": true, "bytes_per_stage": 65536, "direct_wall_us": 1668.7, "event": "parity", "groupnorm_cpu_max_abs": 0.015583872538084798, "handoff_us": [0.7, 0.6], "input_sha256": "bbd673eb5a88d2fc2264631be98d2c41528d55cdf5b5d031137bf2723dee26d9", "interstage_host_read_bytes": 0, "interstage_host_sync_calls": 0, "interstage_host_write_bytes": 0, "iteration": 16, "output_sha256": ["50f50ed3c57faf4059dd3a18963cebf69347c61f8b68288e21102904f64d24b4", "b4ccd1c8f7cea9fac7ea424a1a6ffaaa521924e150b11ca9609ad7a9e0999888", "2d29d7d8b21d000c2d48025f0f2d53bb81f1da2c3fe4340817d1262e9f605377"], "serial_wall_us": 1898.4, "stage_us": [547.3, 547.0, 528.3]}
{"all_stages_bit_exact": true, "bytes_per_stage": 65536, "direct_wall_us": 1774.5, "event": "parity", "groupnorm_cpu_max_abs": 0.015303767274314595, "handoff_us": [2.3, 0.9], "input_sha256": "53268398ff90c3463dc8d30ccb4d40e6bf6d9e35ea06c6b5a78b6721987d5e9a", "interstage_host_read_bytes": 0, "interstage_host_sync_calls": 0, "interstage_host_write_bytes": 0, "iteration": 17, "output_sha256": ["7429285f73ae96c1c7909d9659974fcfae308a12a7136d0a07e86e56e65c9e84", "09fa8af3057e95334264f0ee073012d4f36b05d1255b7e31a81c0240a2479565", "d033932ce17e6fb57909aa89e56275c9394be44fe0bda7d5ff070011a0f93046"], "serial_wall_us": 1789.2, "stage_us": [592.4, 580.3, 536.8]}
{"all_stages_bit_exact": true, "bytes_per_stage": 65536, "direct_wall_us": 1987.2, "event": "parity", "groupnorm_cpu_max_abs": 0.015586426659035979, "handoff_us": [4.6, 1.4], "input_sha256": "d892305044a166b4c7de228048944f2c73d65141384a44c0eacfee4a3ef83166", "interstage_host_read_bytes": 0, "interstage_host_sync_calls": 0, "interstage_host_write_bytes": 0, "iteration": 18, "output_sha256": ["110d1ed8e385ddf21838fe023111a946b2cbd278eaf817b0d2cd6cb1fae7399e", "ab47445b48d592e17f105ff6c0f67809df2462178f862b7077d70301bc89b8fc", "aa5bb585acdde6f0d014915f797116cc1a911cc111b180cc296cd7b9785fa228"], "serial_wall_us": 1931.9, "stage_us": [611.1, 645.9, 623.5]}
{"all_stages_bit_exact": true, "bytes_per_stage": 65536, "direct_wall_us": 1931.3, "event": "parity", "groupnorm_cpu_max_abs": 0.015611587178933739, "handoff_us": [2.2, 1.4], "input_sha256": "fc9d27b6ec69ab6c68b389ffaf0029cb609b46a7054125ef7ef4e8767e98d466", "interstage_host_read_bytes": 0, "interstage_host_sync_calls": 0, "interstage_host_write_bytes": 0, "iteration": 19, "output_sha256": ["8bf6073c658ad5e5bf571d9457adc8cf6b88decb8e6683681635961d9f523876", "7331ee37168be532225f38279572c9a59a0df0d1cb0d04cbab67b9952bdbfc89", "49029d99ed5b6faf77331273f3d9d45324e5e777f3aae0c242f83076d0564b5a"], "serial_wall_us": 1767.9, "stage_us": [677.6, 616.9, 573.3]}
{"all_stages_bit_exact": true, "bytes_per_stage": 65536, "direct_wall_us": 1723.3, "event": "parity", "groupnorm_cpu_max_abs": 0.01528601540372776, "handoff_us": [1.7, 1.1], "input_sha256": "4c16b588ce70555b232e0b5470cd320fbe6c14d982f465a96a7901de9121e5c6", "interstage_host_read_bytes": 0, "interstage_host_sync_calls": 0, "interstage_host_write_bytes": 0, "iteration": 20, "output_sha256": ["6b83034bed079d4ca0f29fc606ca18f240eb975e7c0246e6393a02e68d1f51e3", "c0996fda4c025757324decefe3ed53150f6e9d550edc1559ea12c1950071f6f0", "33e761b3e557006bb8134d88ff4d13c5c2a1ff14ce3979166f40a6292b522d38"], "serial_wall_us": 1877.7, "stage_us": [576.1, 579.6, 528.9]}
{"all_stages_bit_exact": true, "bytes_per_stage": 65536, "direct_wall_us": 1675.8, "event": "parity", "groupnorm_cpu_max_abs": 0.015140880234678633, "handoff_us": [1.1, 0.7], "input_sha256": "a96b0029731fc9f6b55f8f3f6ea0bab7a236e47530bd572d6e680b3ed8d809b1", "interstage_host_read_bytes": 0, "interstage_host_sync_calls": 0, "interstage_host_write_bytes": 0, "iteration": 21, "output_sha256": ["102fccd83cf38260530092c7dc1176ea711ef6c2e1a3d52c201fb9c84d7a998e", "5a31bd96ed7fc88cb6a14415b24a2a0e1e7575a02bee084bb176a0f90f42d7fa", "44e28149b1a6642d385bf6fd28d3639a1ba9c2b675820e72ef2a56dac760aa4a"], "serial_wall_us": 1808.5, "stage_us": [565.8, 552.8, 524.0]}
{"all_stages_bit_exact": true, "bytes_per_stage": 65536, "direct_wall_us": 1687.5, "event": "parity", "groupnorm_cpu_max_abs": 0.015333408347789401, "handoff_us": [1.1, 1.4], "input_sha256": "4af9a35679057461525ed5d9ef5f57f16676184fd9743759c466ecd98fcd8c83", "interstage_host_read_bytes": 0, "interstage_host_sync_calls": 0, "interstage_host_write_bytes": 0, "iteration": 22, "output_sha256": ["fb06d839167fe8abc55c38f442cf25693bdd84ea36689f2feb13b893153db6c8", "ff135c57fa6ea2ff9467389652e5ede866cd6a7bddf0b13b8b51c174b6f8a80e", "c40b12c4d6c3d3c273beab3fb1f0dbfea6907410b6abefd02ae45d9794d1bd9a"], "serial_wall_us": 1894.4, "stage_us": [544.5, 563.3, 522.6]}
{"all_stages_bit_exact": true, "bytes_per_stage": 65536, "direct_wall_us": 1816.7, "event": "parity", "groupnorm_cpu_max_abs": 0.015234510878710417, "handoff_us": [1.5, 1.5], "input_sha256": "afa565cd274151e0c2435f78789f883945195718cb6c0ca2dc5f70efc0a40d33", "interstage_host_read_bytes": 0, "interstage_host_sync_calls": 0, "interstage_host_write_bytes": 0, "iteration": 23, "output_sha256": ["24c6b8cfc06490d2e765883dc1b0a575ac5da61ded30b78a80d0b0fdce78dc41", "a099dd7d2200b1544bd6f0366a68df5602505ba3a9de948fb3dbb2876e7ad3f2", "c4475408c5dad994888f639d4f70286e503d9b2fb942c8e374c82caf826e7d1d"], "serial_wall_us": 1801.7, "stage_us": [628.5, 582.4, 549.5]}
{"all_stages_bit_exact": true, "bytes_per_stage": 65536, "direct_wall_us": 1777.4, "event": "parity", "groupnorm_cpu_max_abs": 0.015613613178695473, "handoff_us": [0.7, 2.4], "input_sha256": "6fe9e918aeabab7c3e898d60e655570e221636d62a17c594c6c08e251fab7b54", "interstage_host_read_bytes": 0, "interstage_host_sync_calls": 0, "interstage_host_write_bytes": 0, "iteration": 24, "output_sha256": ["2379927141c51c24b06c226cb95ad32fe061c2d07b4ec0177cc4ce48c3156afc", "71889e6f7af621f0db3b370713f0b20fd7757f22b74070c73b698fce2c88cc62", "bbb38cb08ace27f1a75c36ab7e2d07663280c1c33cf38e71d010e1486ed7e0c6"], "serial_wall_us": 1767.2, "stage_us": [558.4, 572.3, 582.6]}
{"all_stages_bit_exact": true, "bytes_per_stage": 65536, "direct_wall_us": 1882.8, "event": "parity", "groupnorm_cpu_max_abs": 0.015265013922244108, "handoff_us": [1.5, 2.3], "input_sha256": "1ba6375fe1747ca1deb54f7463b6ab883edbaf892f9c7caf8fa480c8687cc68d", "interstage_host_read_bytes": 0, "interstage_host_sync_calls": 0, "interstage_host_write_bytes": 0, "iteration": 25, "output_sha256": ["a494a9d80d114767eab0b2cae26df9650f041b4e9227bd4082792727cd7bae45", "7e243ffd87811aadb2d6f3faccfe9c845fd3502088d2f400283687dc827ca5bc", "837e1df054d80513c827c9f612904dc295230d4068c57d0edc4ccf2ed56913b4"], "serial_wall_us": 1764.0, "stage_us": [596.8, 606.8, 619.3]}
{"all_stages_bit_exact": true, "bytes_per_stage": 65536, "direct_wall_us": 1828.2, "event": "parity", "groupnorm_cpu_max_abs": 0.015553837711699714, "handoff_us": [7.5, 1.3], "input_sha256": "7b32d342a101ce7aefd8b37d6920f6742c48cedc67b493c93e9425c4e8a72208", "interstage_host_read_bytes": 0, "interstage_host_sync_calls": 0, "interstage_host_write_bytes": 0, "iteration": 26, "output_sha256": ["0f2efc320039fee8e54310fbb6f50f0ff7caca2838a923485998c630af478c5a", "609ec48ae961977411242ea9b775072b6f7a4b04dd39d60037f4678df069951a", "cd9f20874b0f02203a3021bb267d887c576f6e98510e3df3c7cb60ad496cd88c"], "serial_wall_us": 1929.6, "stage_us": [586.8, 594.3, 558.1]}
{"all_stages_bit_exact": true, "bytes_per_stage": 65536, "direct_wall_us": 2097.3, "event": "parity", "groupnorm_cpu_max_abs": 0.015573590150634864, "handoff_us": [2.9, 2.2], "input_sha256": "b2bcffd2851069c426f4e23332125abc7ab6fc63d6e35d535b6ea9ab2f9c6506", "interstage_host_read_bytes": 0, "interstage_host_sync_calls": 0, "interstage_host_write_bytes": 0, "iteration": 27, "output_sha256": ["fd31426e972d63d33653d6d6214413540fb2f434d101e86dcde422a20ac16914", "110f342bc50a2b730eb7daa38a28da56eff2d67b698fe2e9f8b1ad2fc37f4dcf", "b73b8b3d16b6b5327e1ff14ae8f63118a0bee2632be1f3e72efd1a6e190e2706"], "serial_wall_us": 1879.0, "stage_us": [699.4, 724.1, 596.7]}
{"all_stages_bit_exact": true, "bytes_per_stage": 65536, "direct_wall_us": 1759.8, "event": "parity", "groupnorm_cpu_max_abs": 0.015253315934780964, "handoff_us": [1.5, 1.0], "input_sha256": "e96c97efa6193e8d8811cb5a693eb2021d9d10bc50d80e01dce252689cc5df28", "interstage_host_read_bytes": 0, "interstage_host_sync_calls": 0, "interstage_host_write_bytes": 0, "iteration": 28, "output_sha256": ["c4bc7894bf561f5409854bee20fa79e09f9c6fb331e6243afa7eec5177e9ffa3", "29c3795dfc01439903b88cac56c1d443943d98ac3ecc268f79e310ea86f28f1d", "11e418de53d63b97f94ffbed3c29ae99bc65d7753caa1feb99e0a3f17891e30d"], "serial_wall_us": 1866.8, "stage_us": [583.2, 581.9, 544.1]}
{"all_stages_bit_exact": true, "bytes_per_stage": 65536, "direct_wall_us": 1775.3, "event": "parity", "groupnorm_cpu_max_abs": 0.015501623841936762, "handoff_us": [0.9, 0.5], "input_sha256": "e0bb122da23fc6f9d91d3f45d8ac9e3fd12375822ccda2f778d2c7a8615168f9", "interstage_host_read_bytes": 0, "interstage_host_sync_calls": 0, "interstage_host_write_bytes": 0, "iteration": 29, "output_sha256": ["1af33779722535a402edf990b4ff61f2ead6d2ef18291f7e6fe19e6b8af3f6c1", "6fec48d33b9bb3cf1ee9dcae1cbe7270eb5f0d5dde1ee27d848b1b36d5464ee5", "c97d3a0f27bc40e6f0ab3a8d1a6ba420ce27f59e63795f9798495dc64b671c03"], "serial_wall_us": 1773.4, "stage_us": [596.7, 562.6, 549.2]}
{"all_stages_bit_exact": true, "bytes_per_stage": 65536, "direct_wall_us": 1822.9, "event": "parity", "groupnorm_cpu_max_abs": 0.015590598793803423, "handoff_us": [1.4, 2.1], "input_sha256": "72a8fcfaf886c46064d5b5a026a79562ad11b3b1d03c1fe031c2377267f05118", "interstage_host_read_bytes": 0, "interstage_host_sync_calls": 0, "interstage_host_write_bytes": 0, "iteration": 30, "output_sha256": ["942d0010ae406d4bf13100d63b1e239cd041c1c039bd40312e8b4be45a358fed", "f9d91dffadc5d5afdbdadcfb57bf24ab705cc45e767ee42f817c82166797ce8a", "0cdf2bb16c033230c3efb95cf057f51279af8284d73858e0477e18a718fd76dc"], "serial_wall_us": 1725.0, "stage_us": [557.0, 580.0, 618.0]}
{"all_stages_bit_exact": true, "bytes_per_stage": 65536, "direct_wall_us": 1940.1, "event": "parity", "groupnorm_cpu_max_abs": 0.015471596611178029, "handoff_us": [1.9, 1.5], "input_sha256": "019fc16e94c50d3814899f5c2fbfddeab120096eef03f0f90846dfbe3f3b97e8", "interstage_host_read_bytes": 0, "interstage_host_sync_calls": 0, "interstage_host_write_bytes": 0, "iteration": 31, "output_sha256": ["0a2c558730a0a0b78d1acb033ba3acb5454f7f10cb9b4ad63ad59fbeaad20381", "c20be9a04aa0b9293aabb5eaa8354128ac612f02c8a72f44eb61a798c40b001a", "0b2c263649c50cefa056a32bc212f820ba3900464cd1998ed2fa06a453ae1705"], "serial_wall_us": 2085.3, "stage_us": [647.8, 605.5, 588.4]}
{"all_stages_bit_exact": true, "bytes_per_stage": 65536, "direct_wall_us": 1799.8, "event": "parity", "groupnorm_cpu_max_abs": 0.015639068152591307, "handoff_us": [1.5, 0.9], "input_sha256": "8e232df59f217ebec7f73d98aa7b6476e3fcc39d649c9e19e385ddeaf977a240", "interstage_host_read_bytes": 0, "interstage_host_sync_calls": 0, "interstage_host_write_bytes": 0, "iteration": 32, "output_sha256": ["76d237f9c20feee2ee41593d2bd89d3ffd46cd426bef5d073d8352050eb2f661", "2f70bbf3c91dbb5720021ef1acd3536edd52a2e38fef863cbead970c8b196642", "74a14d85af4e9bd3f975fb510090bbebe66e647f4acb84da5c24ecbe73a93769"], "serial_wall_us": 1845.6, "stage_us": [579.2, 584.8, 562.4]}

-----------------------------
[003d:00:01.1] : NPU Phoenix
-----------------------------
AIE Partitions
  Total Memory Usage: 192 MB
  Partition Index   : 0
    Columns: [1, 2, 3, 4]
    HW Contexts:
      |PID                 |Ctx ID     |Submissions |Migrations  |Err  |Priority |
      |Process Name        |Status     |Completions |Suspensions |     |GOPS     |
      |Memory Usage        |Instr BO   |            |            |     |FPS      |
      |                    |           |            |            |     |Latency  |
      |====================|===========|============|============|=====|=========|
      |20084               |131        |66          |0           |0    |Normal   |
      |python.exe          |Active     |66          |0           |     |N/A      |
      |192 MB              |64 KB      |            |            |     |N/A      |
      |                    |           |            |            |     |N/A      |
      |--------------------|-----------|------------|------------|-----|---------|
      |20084               |132        |66          |0           |0    |Normal   |
      |python.exe          |Active     |66          |0           |     |N/A      |
      |192 MB              |96 KB      |            |            |     |N/A      |
      |                    |           |            |            |     |N/A      |
      |--------------------|-----------|------------|------------|-----|---------|
      |20084               |133        |66          |0           |0    |Normal   |
      |python.exe          |Active     |66          |0           |     |N/A      |
      |192 MB              |64 KB      |            |            |     |N/A      |
      |                    |           |            |            |     |N/A      |
      |--------------------|-----------|------------|------------|-----|---------|

{"compared_bytes": 6488064, "completion_to_next_submit": {"max_us": 7.5, "mean_us": 1.6883333333333332, "median_us": 1.45, "min_us": 0.5}, "cpu_oracle": "Conv bit-exact; GroupNorm bf16 tolerance", "direct_submit_through_final_read": {"max_us": 2097.3, "mean_us": 1810.45, "median_us": 1784.7, "min_us": 1668.7}, "event": "summary", "interstage_host_read_bytes": 0, "interstage_host_sync_calls": 0, "interstage_host_write_bytes": 0, "parity_scope": "all bytes at all stages vs serial host-copy AIE execution", "serial_submit_through_final_read": {"max_us": 2096.4, "mean_us": 1848.0366666666666, "median_us": 1840.5, "min_us": 1716.1}, "stage_submit_wait": [{"max_us": 699.4, "mean_us": 592.3, "median_us": 583.25, "min_us": 541.8}, {"max_us": 724.1, "mean_us": 588.96, "median_us": 580.15, "min_us": 547.0}, {"max_us": 664.3, "mean_us": 567.2666666666667, "median_us": 557.95, "min_us": 522.6}], "traffic_scope": "DeviceBuffer API, not physical DDR bus counters", "verdict": "PASS"}
