L1-resident GEMM tile: compiler vs hand schedule (tools/l1_tile_bench.py)
date: 2026-09-23T01:38:48  host: DESKTOP-CBL5NUA
peano: clang version 22.0.0 (https://github.com/Xilinx/llvm-aie a36c62b9d26291fb06604bc976c897791f0bb578)
aiecc: mlir-aie ironenv v1.4.2; mm.cc from the mlir-aie checkout (not vendored)
xrt-smi: Version              : 2.21.0
xrt-smi: NPU Driver Version   : 32.0.20101.3760
xrt-smi: NPU Firmware Version : 1.5.5.391
pmode: default (not changed by this run; docs/SILICON.md measured 1.80 GHz in default)
shape: M32 x K64 x N32; mode direct; loop counter i32
seed 20260923; calls [0, 250000, 500000, 1000000], 5 reps each, 3 warm-ups
partitions before: idle

## empty  (`empty_call`, bf16, M32 x K64 x N32, direct mode)
compile: clang++.exe --target=aie2-none-unknown-elf -c empty_call.s -o kernel.o
placement (tile-local offset, bank): inB_cons_buff_0 0x0400-0x1440 b0, outC_buff_0 0x4000-0x5000 b1, inA_cons_buff_0 0x8000-0x9000 b2
static: 7 bundles in `empty_call`, 0 issue a vmac; loops none
correctness layout=tiled calls=1: EXACT (C unchanged)
correctness layout=tiled calls=3: EXACT (C unchanged)
calls=       0: mean     0.249 ms  (min 0.216, max 0.331, n=5)
calls=  250000: mean     2.872 ms  (min 2.856, max 2.884, n=5)
calls=  500000: mean     5.658 ms  (min 5.509, max 6.153, n=5)
calls= 1000000: mean    10.851 ms  (min 10.812, max 10.877, n=5)
fit: time = 0.260 ms + 10.62 ns x calls   (R^2 0.998795)
per call: 19.1 cycles at 1.8 GHz -- the harness's own cost per call, no MACs

## mm_bf16_f32  (`matmul_bf16_f32`, bf16, M32 x K64 x N32, direct mode)
compile: clang++.exe -O2 -std=c++20 --target=aie2-none-unknown-elf -DNDEBUG -Wno-parentheses -Wno-attributes -Wno-macro-redefined -Wno-empty-body -D__AIE_API_AIE_ADF_HPP__ -DVECTORIZED_ONLY -DDIM_M=32 -DDIM_K=64 -DDIM_N=32 -Dbf16_f32_ONLY -IC:\Users\<user>\mlir-aie\ironenv\Lib\site-packages\mlir_aie\include -c mm.cc -o kernel.o
placement (tile-local offset, bank): inB_cons_buff_0 0x0400-0x1440 b0, outC_buff_0 0x4000-0x5000 b1, inA_cons_buff_0 0x8000-0x9000 b2
static: 191 bundles in `matmul_bf16_f32`, 32 issue a vmac; loops .L_LEnd0 16/32
correctness layout=tiled calls=1: EXACT (C0 + calls*A@B)
correctness layout=tiled calls=3: EXACT (C0 + calls*A@B)
calls=       0: mean     0.264 ms  (min 0.187, max 0.361, n=5)
calls=  250000: mean   197.540 ms  (min 197.232, max 198.177, n=5)
calls=  500000: mean   394.507 ms  (min 394.207, max 394.759, n=5)
calls= 1000000: mean   788.443 ms  (min 788.194, max 788.686, n=5)
fit: time = 0.387 ms + 788.12 ns x calls   (R^2 0.999999)
per call: 1418.6 cycles at 1.8 GHz; ideal 512 (32*64*32 MACs / 128 per cycle) -> 36.1% issue efficiency
rate: 166.3 GFLOPS from the slope (36.1% of 460.8); 166.2 by the reference's method (2*MACs*1000000 / mean wall at 1000000 calls)

## mm_i8_i32  (`matmul_i8_i32`, i8, M32 x K64 x N32, direct mode)
compile: clang++.exe -O2 -std=c++20 --target=aie2-none-unknown-elf -DNDEBUG -Wno-parentheses -Wno-attributes -Wno-macro-redefined -Wno-empty-body -D__AIE_API_AIE_ADF_HPP__ -DVECTORIZED_ONLY -DDIM_M=32 -DDIM_K=64 -DDIM_N=32 -Di8_i32_ONLY -IC:\Users\<user>\mlir-aie\ironenv\Lib\site-packages\mlir_aie\include -c mm.cc -o kernel.o
placement (tile-local offset, bank): outC_buff_0 0x0400-0x1400 b0, inB_cons_buff_0 0x4000-0x4840 b1, inA_cons_buff_0 0x8000-0x8800 b2
static: 141 bundles in `matmul_i8_i32`, 24 issue a vmac; loops .L_LEnd0 8/9
correctness layout=tiled calls=1: EXACT (C0 + calls*A@B)
correctness layout=tiled calls=3: EXACT (C0 + calls*A@B)
calls=       0: mean     0.212 ms  (min 0.191, max 0.263, n=5)
calls=  250000: mean   103.987 ms  (min 103.790, max 104.483, n=5)
calls=  500000: mean   207.457 ms  (min 207.273, max 207.644, n=5)
calls= 1000000: mean   414.374 ms  (min 414.215, max 414.546, n=5)
fit: time = 0.338 ms + 414.10 ns x calls   (R^2 0.999999)
per call: 745.4 cycles at 1.8 GHz; ideal 256 (32*64*32 MACs / 256 per cycle) -> 34.3% issue efficiency
rate: 316.5 GOPS from the slope (34.3% of 921.6); 316.3 by the reference's method (2*MACs*1000000 / mean wall at 1000000 calls)

partitions after close: idle

harness loop: i32; empty control: 19.1 cycles per call

| kernel | output | static vmac/bundles | cycles/call | over empty | ideal | eff. (over empty) | rate (slope) | % peak | reference method |
|---|---|---|---|---|---|---|---|---|---|
| mm_bf16_f32 | exact (tiled) | 32/191 | 1418.6 | 1399.5 | 512 | 36.6% | 166.3 GFLOPS | 36.1% | 166.2 |
| mm_i8_i32 | exact (tiled) | 24/141 | 745.4 | 726.3 | 256 | 35.2% | 316.5 GOPS | 34.3% | 316.3 |
