L1-resident 32x32x32 tile: compiler vs hand schedule (tools/l1_tile_bench.py)
date: 2026-09-23T01:30:42  host: DESKTOP-CBL5NUA
peano: clang version 22.0.0 (https://github.com/Xilinx/llvm-aie a36c62b9d26291fb06604bc976c897791f0bb578)
aiecc: mlir-aie ironenv v1.4.2; mm.cc from the mlir-aie checkout (not vendored)
xrt-smi: Version              : 2.21.0
xrt-smi: NPU Driver Version   : 32.0.20101.3760
xrt-smi: NPU Firmware Version : 1.5.5.391
pmode: default (not changed by this run; docs/SILICON.md measured 1.80 GHz in default)
buffers: A 0x400, B 0x4000, C 0x8000; seed 20260923; calls [0, 250000, 500000, 1000000], 5 reps each, 3 warm-ups
partitions before: idle

## empty  (`empty_call`, bf16)
compile: clang++.exe --target=aie2-none-unknown-elf -c empty_call.s -o kernel.o
placement (tile-local offset, bank): tileA 0x0400-0x0c00 b0, inF_cons_buff_0 0x0c00-0x2c40 b0, outF_buff_0 0x2c40-0x3c40 b0, tileB 0x4000-0x4800 b1, tileC 0x8000-0x9000 b2
static: 7 bundles in `empty_call`, 0 issue a vmac; loops none
correctness layout=tiled calls=1: EXACT (C unchanged)
correctness layout=tiled calls=3: EXACT (C unchanged)
calls=       0: mean     0.388 ms  (min 0.213, max 0.829, n=5)
calls=  250000: mean     2.956 ms  (min 2.873, max 3.049, n=5)
calls=  500000: mean     5.818 ms  (min 5.636, max 6.091, n=5)
calls= 1000000: mean    11.061 ms  (min 10.830, max 11.239, n=5)
fit: time = 0.367 ms + 10.72 ns x calls   (R^2 0.997961)
per call: 19.3 cycles at 1.8 GHz -- the harness's own cost per call, no MACs

## tnzr_bf16  (`tensor_kernel_32x32x32_bf16_bf16_fp32`, bf16)
compile: clang++.exe --target=aie2-none-unknown-elf -c tensor_kernel_32x32x32_bf16_bf16_fp32.s -o kernel.o
placement (tile-local offset, bank): tileA 0x0400-0x0c00 b0, inF_cons_buff_0 0x0c00-0x2c40 b0, outF_buff_0 0x2c40-0x3c40 b0, tileB 0x4000-0x4800 b1, tileC 0x8000-0x9000 b2
static: 160 bundles in `tensor_kernel_32x32x32_bf16_bf16_fp32`, 128 issue a vmac; loops .l_start..l_end 64/64
correctness layout=tiled calls=1: EXACT (C0 + calls*A@B)
correctness layout=tiled calls=3: EXACT (C0 + calls*A@B)
correctness layout=rowmajor calls=1: mismatch (max |err| vs accumulate 180)
correctness layout=rowmajor calls=3: mismatch (max |err| vs accumulate 540)
calls=       0: mean     0.314 ms  (min 0.240, max 0.461, n=5)
calls=  250000: mean    42.223 ms  (min 42.167, max 42.284, n=5)
calls=  500000: mean    84.231 ms  (min 84.041, max 84.382, n=5)
calls= 1000000: mean   167.716 ms  (min 167.630, max 167.923, n=5)
fit: time = 0.381 ms + 167.41 ns x calls   (R^2 0.999995)
per call: 301.3 cycles at 1.8 GHz; ideal 256 (32^3 MACs / 128 per cycle) -> 85.0% issue efficiency
rate: 391.5 GFLOPS from the slope (85.0% of 460.8); 390.8 by the reference's method (2*32^3*1000000 / mean wall at 1000000 calls)

## mm_bf16_f32  (`matmul_bf16_f32`, bf16)
compile: clang++.exe -O2 -std=c++20 --target=aie2-none-unknown-elf -DNDEBUG -Wno-parentheses -Wno-attributes -Wno-macro-redefined -Wno-empty-body -D__AIE_API_AIE_ADF_HPP__ -DVECTORIZED_ONLY -DDIM_M=32 -DDIM_K=32 -DDIM_N=32 -Dbf16_f32_ONLY -IC:\Users\<user>\mlir-aie\ironenv\Lib\site-packages\mlir_aie\include -c mm.cc -o kernel.o
placement (tile-local offset, bank): tileA 0x0400-0x0c00 b0, inF_cons_buff_0 0x0c00-0x2c40 b0, outF_buff_0 0x2c40-0x3c40 b0, tileB 0x4000-0x4800 b1, tileC 0x8000-0x9000 b2
static: 195 bundles in `matmul_bf16_f32`, 32 issue a vmac; loops .L_LEnd0 16/32
correctness layout=tiled calls=1: EXACT (C0 + calls*A@B)
correctness layout=tiled calls=3: EXACT (C0 + calls*A@B)
calls=       0: mean     0.337 ms  (min 0.262, max 0.380, n=5)
calls=  250000: mean   125.281 ms  (min 125.109, max 125.482, n=5)
calls=  500000: mean   250.023 ms  (min 249.871, max 250.160, n=5)
calls= 1000000: mean   499.607 ms  (min 499.384, max 499.748, n=5)
fit: time = 0.397 ms + 499.23 ns x calls   (R^2 1.000000)
per call: 898.6 cycles at 1.8 GHz; ideal 256 (32^3 MACs / 128 per cycle) -> 28.5% issue efficiency
rate: 131.3 GFLOPS from the slope (28.5% of 460.8); 131.2 by the reference's method (2*32^3*1000000 / mean wall at 1000000 calls)

## mm_i8_i32  (`matmul_i8_i32`, i8)
compile: clang++.exe -O2 -std=c++20 --target=aie2-none-unknown-elf -DNDEBUG -Wno-parentheses -Wno-attributes -Wno-macro-redefined -Wno-empty-body -D__AIE_API_AIE_ADF_HPP__ -DVECTORIZED_ONLY -DDIM_M=32 -DDIM_K=32 -DDIM_N=32 -Di8_i32_ONLY -IC:\Users\<user>\mlir-aie\ironenv\Lib\site-packages\mlir_aie\include -c mm.cc -o kernel.o
placement (tile-local offset, bank): tileA 0x0400-0x0800 b0, inF_cons_buff_0 0x0800-0x2040 b0, outF_buff_0 0x2040-0x3040 b0, tileB 0x4000-0x4400 b1, tileC 0x8000-0x9000 b2
static: 139 bundles in `matmul_i8_i32`, 24 issue a vmac; loops .L_LEnd0 8/9
correctness layout=tiled calls=1: EXACT (C0 + calls*A@B)
correctness layout=tiled calls=3: EXACT (C0 + calls*A@B)
calls=       0: mean     0.279 ms  (min 0.258, max 0.322, n=5)
calls=  250000: mean    74.530 ms  (min 74.342, max 74.812, n=5)
calls=  500000: mean   148.646 ms  (min 148.524, max 148.830, n=5)
calls= 1000000: mean   296.646 ms  (min 296.489, max 296.899, n=5)
fit: time = 0.379 ms + 296.33 ns x calls   (R^2 0.999998)
per call: 533.4 cycles at 1.8 GHz; ideal 128 (32^3 MACs / 256 per cycle) -> 24.0% issue efficiency
rate: 221.2 GOPS from the slope (24.0% of 921.6); 220.9 by the reference's method (2*32^3*1000000 / mean wall at 1000000 calls)

partitions after close: idle

harness loop: i32; empty control: 19.3 cycles per call

| kernel | output | static vmac/bundles | cycles/call | over empty | ideal | eff. (over empty) | rate (slope) | % peak | reference method |
|---|---|---|---|---|---|---|---|---|---|
| tnzr_bf16 | exact (tiled) | 128/160 | 301.3 | 282.0 | 256 | 90.8% | 391.5 GFLOPS | 85.0% | 390.8 |
| mm_bf16_f32 | exact (tiled) | 32/195 | 898.6 | 879.3 | 256 | 29.1% | 131.3 GFLOPS | 28.5% | 131.2 |
| mm_i8_i32 | exact (tiled) | 24/139 | 533.4 | 514.1 | 128 | 24.9% | 221.2 GOPS | 24.0% | 220.9 |
