L1-resident 32x32x32 tile: compiler vs hand schedule (tools/l1_tile_bench.py)
date: 2026-09-23T01:33:37  host: DESKTOP-CBL5NUA
peano: clang version 22.0.0 (https://github.com/Xilinx/llvm-aie a36c62b9d26291fb06604bc976c897791f0bb578)
aiecc: mlir-aie ironenv v1.4.2; mm.cc from the mlir-aie checkout (not vendored)
xrt-smi: Version              : 2.21.0
xrt-smi: NPU Driver Version   : 32.0.20101.3760
xrt-smi: NPU Firmware Version : 1.5.5.391
pmode: default (not changed by this run; docs/SILICON.md measured 1.80 GHz in default)
shape: M32 x K128 x N32; loop counter i32
buffers: A 0x400, B 0x4000, C 0x8000; seed 20260923; calls [0, 250000, 500000, 1000000], 5 reps each, 3 warm-ups
partitions before: idle

## empty  (`empty_call`, bf16, M32 x K128 x N32)
compile: clang++.exe --target=aie2-none-unknown-elf -c empty_call.s -o kernel.o
placement (tile-local offset, bank): tileA 0x0400-0x2400 b0, tileB 0x4000-0x6000 b1, tileC 0x8000-0x9000 b2, inF_cons_buff_0 0x9000-0xe040 b2, outF_buff_0 0xe040-0xf040 b3
static: 7 bundles in `empty_call`, 0 issue a vmac; loops none
correctness layout=tiled calls=1: EXACT (C unchanged)
correctness layout=tiled calls=3: EXACT (C unchanged)
calls=       0: mean     0.305 ms  (min 0.253, max 0.383, n=5)
calls=  250000: mean     2.987 ms  (min 2.928, max 3.026, n=5)
calls=  500000: mean     5.645 ms  (min 5.587, max 5.758, n=5)
calls= 1000000: mean    11.031 ms  (min 10.930, max 11.247, n=5)
fit: time = 0.301 ms + 10.72 ns x calls   (R^2 0.999618)
per call: 19.3 cycles at 1.8 GHz -- the harness's own cost per call, no MACs

## mm_bf16_f32  (`matmul_bf16_f32`, bf16, M32 x K128 x N32)
compile: clang++.exe -O2 -std=c++20 --target=aie2-none-unknown-elf -DNDEBUG -Wno-parentheses -Wno-attributes -Wno-macro-redefined -Wno-empty-body -D__AIE_API_AIE_ADF_HPP__ -DVECTORIZED_ONLY -DDIM_M=32 -DDIM_N=32 -DDIM_K=128 -Dbf16_f32_ONLY -IC:\Users\<user>\mlir-aie\ironenv\Lib\site-packages\mlir_aie\include -c mm.cc -o kernel.o
placement (tile-local offset, bank): tileA 0x0400-0x2400 b0, tileB 0x4000-0x6000 b1, tileC 0x8000-0x9000 b2, inF_cons_buff_0 0x9000-0xe040 b2, outF_buff_0 0xe040-0xf040 b3
static: 195 bundles in `matmul_bf16_f32`, 32 issue a vmac; loops .L_LEnd0 16/32
correctness layout=tiled calls=1: EXACT (C0 + calls*A@B)
correctness layout=tiled calls=3: EXACT (C0 + calls*A@B)
calls=       0: mean     0.347 ms  (min 0.318, max 0.415, n=5)
calls=  250000: mean   345.288 ms  (min 345.075, max 345.711, n=5)
calls=  500000: mean   690.129 ms  (min 689.912, max 690.240, n=5)
calls= 1000000: mean  1379.490 ms  (min 1379.389, max 1379.675, n=5)
fit: time = 0.452 ms + 1379.11 ns x calls   (R^2 1.000000)
per call: 2482.4 cycles at 1.8 GHz; ideal 1024 (32*128*32 MACs / 128 per cycle) -> 41.3% issue efficiency
rate: 190.1 GFLOPS from the slope (41.3% of 460.8); 190.0 by the reference's method (2*MACs*1000000 / mean wall at 1000000 calls)

## mm_i8_i32  (`matmul_i8_i32`, i8, M32 x K128 x N32)
compile: clang++.exe -O2 -std=c++20 --target=aie2-none-unknown-elf -DNDEBUG -Wno-parentheses -Wno-attributes -Wno-macro-redefined -Wno-empty-body -D__AIE_API_AIE_ADF_HPP__ -DVECTORIZED_ONLY -DDIM_M=32 -DDIM_N=32 -DDIM_K=128 -Di8_i32_ONLY -IC:\Users\<user>\mlir-aie\ironenv\Lib\site-packages\mlir_aie\include -c mm.cc -o kernel.o
placement (tile-local offset, bank): tileA 0x0400-0x1400 b0, tileB 0x4000-0x5000 b1, tileC 0x8000-0x9000 b2, inF_cons_buff_0 0x9000-0xc040 b2, outF_buff_0 0xc040-0xd040 b3
static: 137 bundles in `matmul_i8_i32`, 24 issue a vmac; loops .L_LEnd0 8/9
correctness layout=tiled calls=1: EXACT (C0 + calls*A@B)
correctness layout=tiled calls=3: EXACT (C0 + calls*A@B)
calls=       0: mean     0.382 ms  (min 0.273, max 0.498, n=5)
calls=  250000: mean   140.731 ms  (min 140.479, max 141.047, n=5)
calls=  500000: mean   280.900 ms  (min 280.740, max 281.031, n=5)
calls= 1000000: mean   561.194 ms  (min 561.007, max 561.446, n=5)
fit: time = 0.463 ms + 560.78 ns x calls   (R^2 0.999999)
per call: 1009.4 cycles at 1.8 GHz; ideal 512 (32*128*32 MACs / 256 per cycle) -> 50.7% issue efficiency
rate: 467.5 GOPS from the slope (50.7% of 921.6); 467.1 by the reference's method (2*MACs*1000000 / mean wall at 1000000 calls)

partitions after close: idle

harness loop: i32; empty control: 19.3 cycles per call

| kernel | output | static vmac/bundles | cycles/call | over empty | ideal | eff. (over empty) | rate (slope) | % peak | reference method |
|---|---|---|---|---|---|---|---|---|---|
| mm_bf16_f32 | exact (tiled) | 32/195 | 2482.4 | 2463.1 | 1024 | 41.6% | 190.1 GFLOPS | 41.3% | 190.0 |
| mm_i8_i32 | exact (tiled) | 24/137 | 1009.4 | 990.1 | 512 | 51.7% | 467.5 GOPS | 50.7% | 467.1 |
