L1-resident GEMM tile: compiler vs hand schedule (tools/l1_tile_bench.py)
date: 2026-09-23T01:45:46  host: DESKTOP-CBL5NUA
peano: clang version 22.0.0 (https://github.com/Xilinx/llvm-aie a36c62b9d26291fb06604bc976c897791f0bb578)
aiecc: mlir-aie ironenv v1.4.2; mm.cc from the mlir-aie checkout (not vendored)
xrt-smi: Version              : 2.21.0
xrt-smi: NPU Driver Version   : 32.0.20101.3760
xrt-smi: NPU Firmware Version : 1.5.5.391
pmode: default (not changed by this run; docs/SILICON.md measured 1.80 GHz in default)
shape: M32 x K64 x N32; mode copy; loop counter i32
buffers: A 0x8000, B 0x4000, C 0x400 (fixed)
seed 20260923; calls [0, 250000, 500000, 1000000], 5 reps each, 3 warm-ups
partitions before: idle

## empty  (`empty_call`, bf16, M32 x K64 x N32, copy mode)
compile: clang++.exe --target=aie2-none-unknown-elf -c empty_call.s -o kernel.o
placement (tile-local offset, bank): tileC 0x0400-0x1400 b0, tileB 0x4000-0x5000 b1, tileA 0x8000-0x9000 b2, inF_cons_buff_0 0x9000-0xc040 b2-3, outF_buff_0 0xc040-0xd040 b3
static: 7 bundles in `empty_call`, 0 issue a vmac; loops none
correctness layout=tiled calls=1: EXACT (C unchanged)
correctness layout=tiled calls=3: EXACT (C unchanged)
calls=       0: mean     0.291 ms  (min 0.251, max 0.371, n=5)
calls=  250000: mean     2.926 ms  (min 2.882, max 2.976, n=5)
calls=  500000: mean     5.831 ms  (min 5.609, max 6.117, n=5)
calls= 1000000: mean    11.120 ms  (min 10.943, max 11.277, n=5)
fit: time = 0.287 ms + 10.87 ns x calls   (R^2 0.998714)
per call: 19.6 cycles at 1.8 GHz -- the harness's own cost per call, no MACs

## mm_i8_i32  (`matmul_i8_i32`, i8, M32 x K64 x N32, copy mode)
compile: clang++.exe -O2 -std=c++20 --target=aie2-none-unknown-elf -DNDEBUG -Wno-parentheses -Wno-attributes -Wno-macro-redefined -Wno-empty-body -D__AIE_API_AIE_ADF_HPP__ -DVECTORIZED_ONLY -DDIM_M=32 -DDIM_K=64 -DDIM_N=32 -Di8_i32_ONLY -IC:\Users\<user>\mlir-aie\ironenv\Lib\site-packages\mlir_aie\include -c mm.cc -o kernel.o
placement (tile-local offset, bank): tileC 0x0400-0x1400 b0, inF_cons_buff_0 0x1400-0x3440 b0, tileB 0x4000-0x4800 b1, outF_buff_0 0x4800-0x5800 b1, tileA 0x8000-0x8800 b2
static: 141 bundles in `matmul_i8_i32`, 24 issue a vmac; loops .L_LEnd0 8/9
correctness layout=tiled calls=1: EXACT (C0 + calls*A@B)
correctness layout=tiled calls=3: EXACT (C0 + calls*A@B)
calls=       0: mean     0.319 ms  (min 0.255, max 0.419, n=5)
calls=  250000: mean   104.002 ms  (min 103.888, max 104.222, n=5)
calls=  500000: mean   207.589 ms  (min 207.436, max 207.958, n=5)
calls= 1000000: mean   414.576 ms  (min 414.318, max 414.799, n=5)
fit: time = 0.395 ms + 414.23 ns x calls   (R^2 0.999999)
per call: 745.6 cycles at 1.8 GHz; ideal 256 (32*64*32 MACs / 256 per cycle) -> 34.3% issue efficiency
rate: 316.4 GOPS from the slope (34.3% of 921.6); 316.2 by the reference's method (2*MACs*1000000 / mean wall at 1000000 calls)

partitions after close: idle

harness loop: i32; empty control: 19.6 cycles per call

| kernel | output | static vmac/bundles | cycles/call | over empty | ideal | eff. (over empty) | rate (slope) | % peak | reference method |
|---|---|---|---|---|---|---|---|---|---|
| mm_i8_i32 | exact (tiled) | 24/141 | 745.6 | 726.1 | 256 | 35.3% | 316.4 GOPS | 34.3% | 316.2 |
