L1-resident GEMM tile: compiler vs hand schedule (tools/l1_tile_bench.py)
date: 2026-09-23T01:38:25  host: DESKTOP-CBL5NUA
peano: clang version 22.0.0 (https://github.com/Xilinx/llvm-aie a36c62b9d26291fb06604bc976c897791f0bb578)
aiecc: mlir-aie ironenv v1.4.2; mm.cc from the mlir-aie checkout (not vendored)
xrt-smi: Version              : 2.21.0
xrt-smi: NPU Driver Version   : 32.0.20101.3760
xrt-smi: NPU Firmware Version : 1.5.5.391
pmode: default (not changed by this run; docs/SILICON.md measured 1.80 GHz in default)
shape: M64 x K64 x N64; mode direct; loop counter i32
seed 20260923; calls [0, 100000, 200000, 400000], 5 reps each, 3 warm-ups
partitions before: idle

## empty  (`empty_call`, bf16, M64 x K64 x N64, direct mode)
compile: clang++.exe --target=aie2-none-unknown-elf -c empty_call.s -o kernel.o
placement (tile-local offset, bank): outC_buff_0 0x4000-0x8000 b1, inB_cons_buff_0 0x8000-0xa040 b2, inA_cons_buff_0 0xc000-0xe000 b3
static: 7 bundles in `empty_call`, 0 issue a vmac; loops none
correctness layout=tiled calls=1: EXACT (C unchanged)
correctness layout=tiled calls=3: EXACT (C unchanged)
calls=       0: mean     0.290 ms  (min 0.268, max 0.312, n=5)
calls=  100000: mean     1.316 ms  (min 1.285, max 1.337, n=5)
calls=  200000: mean     2.447 ms  (min 2.371, max 2.484, n=5)
calls=  400000: mean     4.806 ms  (min 4.539, max 5.025, n=5)
fit: time = 0.229 ms + 11.35 ns x calls   (R^2 0.995405)
per call: 20.4 cycles at 1.8 GHz -- the harness's own cost per call, no MACs

## mm_bf16_f32  (`matmul_bf16_f32`, bf16, M64 x K64 x N64, direct mode)
compile: clang++.exe -O2 -std=c++20 --target=aie2-none-unknown-elf -DNDEBUG -Wno-parentheses -Wno-attributes -Wno-macro-redefined -Wno-empty-body -D__AIE_API_AIE_ADF_HPP__ -DVECTORIZED_ONLY -DDIM_M=64 -DDIM_K=64 -DDIM_N=64 -Dbf16_f32_ONLY -IC:\Users\<user>\mlir-aie\ironenv\Lib\site-packages\mlir_aie\include -c mm.cc -o kernel.o
placement (tile-local offset, bank): outC_buff_0 0x4000-0x8000 b1, inB_cons_buff_0 0x8000-0xa040 b2, inA_cons_buff_0 0xc000-0xe000 b3
static: 197 bundles in `matmul_bf16_f32`, 32 issue a vmac; loops .L_LEnd0 16/32
correctness layout=tiled calls=1: EXACT (C0 + calls*A@B)
correctness layout=tiled calls=3: EXACT (C0 + calls*A@B)
calls=       0: mean     0.323 ms  (min 0.278, max 0.406, n=5)
calls=  100000: mean   301.979 ms  (min 301.784, max 302.494, n=5)
calls=  200000: mean   603.368 ms  (min 603.300, max 603.450, n=5)
calls=  400000: mean  1206.457 ms  (min 1206.234, max 1206.756, n=5)
fit: time = 0.367 ms + 3015.22 ns x calls   (R^2 1.000000)
per call: 5427.4 cycles at 1.8 GHz; ideal 2048 (64*64*64 MACs / 128 per cycle) -> 37.7% issue efficiency
rate: 173.9 GFLOPS from the slope (37.7% of 460.8); 173.8 by the reference's method (2*MACs*400000 / mean wall at 400000 calls)

## mm_i8_i32  (`matmul_i8_i32`, i8, M64 x K64 x N64, direct mode)
compile: clang++.exe -O2 -std=c++20 --target=aie2-none-unknown-elf -DNDEBUG -Wno-parentheses -Wno-attributes -Wno-macro-redefined -Wno-empty-body -D__AIE_API_AIE_ADF_HPP__ -DVECTORIZED_ONLY -DDIM_M=64 -DDIM_K=64 -DDIM_N=64 -Di8_i32_ONLY -IC:\Users\<user>\mlir-aie\ironenv\Lib\site-packages\mlir_aie\include -c mm.cc -o kernel.o
placement (tile-local offset, bank): outC_buff_0 0x4000-0x8000 b1, inB_cons_buff_0 0x8000-0x9040 b2, inA_cons_buff_0 0xc000-0xd000 b3
static: 144 bundles in `matmul_i8_i32`, 24 issue a vmac; loops .L_LEnd0 8/9
correctness layout=tiled calls=1: EXACT (C0 + calls*A@B)
correctness layout=tiled calls=3: EXACT (C0 + calls*A@B)
calls=       0: mean     0.351 ms  (min 0.301, max 0.411, n=5)
calls=  100000: mean   145.350 ms  (min 144.992, max 145.579, n=5)
calls=  200000: mean   290.121 ms  (min 289.976, max 290.221, n=5)
calls=  400000: mean   579.258 ms  (min 579.122, max 579.633, n=5)
fit: time = 0.523 ms + 1447.12 ns x calls   (R^2 0.999999)
per call: 2604.8 cycles at 1.8 GHz; ideal 1024 (64*64*64 MACs / 256 per cycle) -> 39.3% issue efficiency
rate: 362.3 GOPS from the slope (39.3% of 921.6); 362.0 by the reference's method (2*MACs*400000 / mean wall at 400000 calls)

partitions after close: idle

harness loop: i32; empty control: 20.4 cycles per call

| kernel | output | static vmac/bundles | cycles/call | over empty | ideal | eff. (over empty) | rate (slope) | % peak | reference method |
|---|---|---|---|---|---|---|---|---|---|
| mm_bf16_f32 | exact (tiled) | 32/197 | 5427.4 | 5407.0 | 2048 | 37.9% | 173.9 GFLOPS | 37.7% | 173.8 |
| mm_i8_i32 | exact (tiled) | 24/144 | 2604.8 | 2584.4 | 1024 | 39.6% | 362.3 GOPS | 39.3% | 362.0 |
