# Latency comparisons re-measured in Ignition's balanced default, host DESKTOP-CBL5NUA (Desktop 2), start 2026-09-16T17:45:09Z
# ignite-xdna main 554ab57 (0.3.0) via the mlir-aie-iron conda env's editable install; Ignition main (v0.3.2) live_ignition.py; AMD arms in resnet_env17 with Ryzen AI 1.7.1
[xrt-smi before] [003d:00:01.1] : NPU Phoenix | AIE Partitions | No hardware contexts running on device
[cpu] CPU 7.4 % over 5 s; busiest System Idle Process 0, System 0,  0, Registry 0

## Witnesses

== 2026-09-16T17:45:15Z [verify yolov8n_full.ignite] $ <conda envs>\mlir-aie-iron\python.exe tools/verify_engine_container.py --container build/yolov8n_full.ignite --model models/yolov8n_cut_xint8.onnx --iters 2
[verify] detect container yolov8n_full.ignite: 66 layers, reference in 0.5 s
  L 0 /model.0/conv/Conv                           EXACT
  L 1 /model.1/conv/Conv                           EXACT
  L 2 /model.2/cv1/conv/Conv                       EXACT
  L 3 /model.2/m.0/cv1/conv/Conv                   EXACT
  L 4 /model.2/m.0/cv2/conv/Conv                   EXACT
  L 5 /model.2/cv2/conv/Conv                       EXACT
  L 6 /model.3/conv/Conv                           EXACT
  L 7 /model.4/cv1/conv/Conv                       EXACT
  L 8 /model.4/m.0/cv1/conv/Conv                   EXACT
  L 9 /model.4/m.0/cv2/conv/Conv                   EXACT
  L10 /model.4/m.1/cv1/conv/Conv                   EXACT
  L11 /model.4/m.1/cv2/conv/Conv                   EXACT
  L12 /model.4/cv2/conv/Conv                       EXACT
  L13 /model.5/conv/Conv                           EXACT
  L14 /model.6/cv1/conv/Conv                       EXACT
  L15 /model.6/m.0/cv1/conv/Conv                   EXACT
  L16 /model.6/m.0/cv2/conv/Conv                   EXACT
  L17 /model.6/m.1/cv1/conv/Conv                   EXACT
  L18 /model.6/m.1/cv2/conv/Conv                   EXACT
  L19 /model.6/cv2/conv/Conv                       EXACT
  L20 /model.7/conv/Conv                           EXACT
  L21 /model.8/cv1/conv/Conv                       EXACT
  L22 /model.8/m.0/cv1/conv/Conv                   EXACT
  L23 /model.8/m.0/cv2/conv/Conv                   EXACT
  L24 /model.8/cv2/conv/Conv                       EXACT
  L25 /model.9/cv1/conv/Conv                       EXACT
  L26 /model.9/m/MaxPool                           EXACT
  L27 /model.9/m_1/MaxPool                         EXACT
  L28 /model.9/m_2/MaxPool                         EXACT
  L29 /model.9/cv2/conv/Conv                       EXACT
  L30 /model.12/cv1/conv/Conv                      EXACT
  L31 /model.12/m.0/cv1/conv/Conv                  EXACT
  L32 /model.12/m.0/cv2/conv/Conv                  EXACT
  L33 /model.12/cv2/conv/Conv                      EXACT
  L34 /model.15/cv1/conv/Conv                      EXACT
  L35 /model.15/m.0/cv1/conv/Conv                  EXACT
  L36 /model.15/m.0/cv2/conv/Conv                  EXACT
  L37 /model.15/cv2/conv/Conv                      EXACT
  L38 /model.16/conv/Conv                          EXACT
  L39 /model.22/cv2.0/cv2.0.0/conv/Conv            EXACT
  L40 /model.22/cv3.0/cv3.0.0/conv/Conv            EXACT
  L41 /model.22/cv2.0/cv2.0.1/conv/Conv            EXACT
  L42 /model.22/cv3.0/cv3.0.1/conv/Conv            EXACT
  L43 /model.18/cv1/conv/Conv                      EXACT
  L44 /model.22/cv2.0/cv2.0.2/Conv                 EXACT
  L45 /model.22/cv3.0/cv3.0.2/Conv                 EXACT
  L46 /model.18/m.0/cv1/conv/Conv                  EXACT
  L47 /model.18/m.0/cv2/conv/Conv                  EXACT
  L48 /model.18/cv2/conv/Conv                      EXACT
  L49 /model.19/conv/Conv                          EXACT
  L50 /model.22/cv2.1/cv2.1.0/conv/Conv            EXACT
  L51 /model.22/cv3.1/cv3.1.0/conv/Conv            EXACT
  L52 /model.22/cv2.1/cv2.1.1/conv/Conv            EXACT
  L53 /model.22/cv3.1/cv3.1.1/conv/Conv            EXACT
  L54 /model.21/cv1/conv/Conv                      EXACT
  L55 /model.22/cv2.1/cv2.1.2/Conv                 EXACT
  L56 /model.22/cv3.1/cv3.1.2/Conv                 EXACT
  L57 /model.21/m.0/cv1/conv/Conv                  EXACT
  L58 /model.21/m.0/cv2/conv/Conv                  EXACT
  L59 /model.21/cv2/conv/Conv                      EXACT
  L60 /model.22/cv2.2/cv2.2.0/conv/Conv            EXACT
  L61 /model.22/cv3.2/cv3.2.0/conv/Conv            EXACT
  L62 /model.22/cv2.2/cv2.2.1/conv/Conv            EXACT
  L63 /model.22/cv3.2/cv3.2.1/conv/Conv            EXACT
  L64 /model.22/cv2.2/cv2.2.2/Conv                 EXACT
  L65 /model.22/cv3.2/cv3.2.2/Conv                 EXACT
[verify] 66/66 layers exact | first dispatch 8.791 ms | dispatch mean 7.236 ms, min 7.188, max 7.284 over 2
[verify] PASS
== 2026-09-16T17:45:16Z [verify yolov8n_full.ignite] exit 0 after 1.1 s

== 2026-09-16T17:45:16Z [verify yolov8s.ignite] $ <conda envs>\mlir-aie-iron\python.exe tools/verify_engine_container.py --container build/yolov8s.ignite --model models/yolov8s_cut_xint8.onnx --iters 2
[verify] detect container yolov8s.ignite: 66 layers, reference in 1.1 s
  L 0 /model.0/conv/Conv                           EXACT
  L 1 /model.1/conv/Conv                           EXACT
  L 2 /model.2/cv1/conv/Conv                       EXACT
  L 3 /model.2/m.0/cv1/conv/Conv                   EXACT
  L 4 /model.2/m.0/cv2/conv/Conv                   EXACT
  L 5 /model.2/cv2/conv/Conv                       EXACT
  L 6 /model.3/conv/Conv                           EXACT
  L 7 /model.4/cv1/conv/Conv                       EXACT
  L 8 /model.4/m.0/cv1/conv/Conv                   EXACT
  L 9 /model.4/m.0/cv2/conv/Conv                   EXACT
  L10 /model.4/m.1/cv1/conv/Conv                   EXACT
  L11 /model.4/m.1/cv2/conv/Conv                   EXACT
  L12 /model.4/cv2/conv/Conv                       EXACT
  L13 /model.5/conv/Conv                           EXACT
  L14 /model.6/cv1/conv/Conv                       EXACT
  L15 /model.6/m.0/cv1/conv/Conv                   EXACT
  L16 /model.6/m.0/cv2/conv/Conv                   EXACT
  L17 /model.6/m.1/cv1/conv/Conv                   EXACT
  L18 /model.6/m.1/cv2/conv/Conv                   EXACT
  L19 /model.6/cv2/conv/Conv                       EXACT
  L20 /model.7/conv/Conv                           EXACT
  L21 /model.8/cv1/conv/Conv                       EXACT
  L22 /model.8/m.0/cv1/conv/Conv                   EXACT
  L23 /model.8/m.0/cv2/conv/Conv                   EXACT
  L24 /model.8/cv2/conv/Conv                       EXACT
  L25 /model.9/cv1/conv/Conv                       EXACT
  L26 /model.9/m/MaxPool                           EXACT
  L27 /model.9/m_1/MaxPool                         EXACT
  L28 /model.9/m_2/MaxPool                         EXACT
  L29 /model.9/cv2/conv/Conv                       EXACT
  L30 /model.12/cv1/conv/Conv                      EXACT
  L31 /model.12/m.0/cv1/conv/Conv                  EXACT
  L32 /model.12/m.0/cv2/conv/Conv                  EXACT
  L33 /model.12/cv2/conv/Conv                      EXACT
  L34 /model.15/cv1/conv/Conv                      EXACT
  L35 /model.15/m.0/cv1/conv/Conv                  EXACT
  L36 /model.15/m.0/cv2/conv/Conv                  EXACT
  L37 /model.15/cv2/conv/Conv                      EXACT
  L38 /model.16/conv/Conv                          EXACT
  L39 /model.22/cv2.0/cv2.0.0/conv/Conv            EXACT
  L40 /model.22/cv3.0/cv3.0.0/conv/Conv            EXACT
  L41 /model.22/cv2.0/cv2.0.1/conv/Conv            EXACT
  L42 /model.22/cv3.0/cv3.0.1/conv/Conv            EXACT
  L43 /model.18/cv1/conv/Conv                      EXACT
  L44 /model.22/cv2.0/cv2.0.2/Conv                 EXACT
  L45 /model.22/cv3.0/cv3.0.2/Conv                 EXACT
  L46 /model.18/m.0/cv1/conv/Conv                  EXACT
  L47 /model.18/m.0/cv2/conv/Conv                  EXACT
  L48 /model.18/cv2/conv/Conv                      EXACT
  L49 /model.19/conv/Conv                          EXACT
  L50 /model.22/cv2.1/cv2.1.0/conv/Conv            EXACT
  L51 /model.22/cv3.1/cv3.1.0/conv/Conv            EXACT
  L52 /model.22/cv2.1/cv2.1.1/conv/Conv            EXACT
  L53 /model.22/cv3.1/cv3.1.1/conv/Conv            EXACT
  L54 /model.21/cv1/conv/Conv                      EXACT
  L55 /model.22/cv2.1/cv2.1.2/Conv                 EXACT
  L56 /model.22/cv3.1/cv3.1.2/Conv                 EXACT
  L57 /model.21/m.0/cv1/conv/Conv                  EXACT
  L58 /model.21/m.0/cv2/conv/Conv                  EXACT
  L59 /model.21/cv2/conv/Conv                      EXACT
  L60 /model.22/cv2.2/cv2.2.0/conv/Conv            EXACT
  L61 /model.22/cv3.2/cv3.2.0/conv/Conv            EXACT
  L62 /model.22/cv2.2/cv2.2.1/conv/Conv            EXACT
  L63 /model.22/cv3.2/cv3.2.1/conv/Conv            EXACT
  L64 /model.22/cv2.2/cv2.2.2/Conv                 EXACT
  L65 /model.22/cv3.2/cv3.2.2/Conv                 EXACT
[verify] 66/66 layers exact | first dispatch 18.763 ms | dispatch mean 16.878 ms, min 16.853, max 16.903 over 2
[verify] PASS
== 2026-09-16T17:45:18Z [verify yolov8s.ignite] exit 0 after 1.8 s

== 2026-09-16T17:45:18Z [verify sesr_m7.ignite] $ <conda envs>\mlir-aie-iron\python.exe tools/verify_engine_container.py --container build/sesr_m7.ignite --model models/sesr_m7_xint8.onnx --iters 2
[verify] super_resolution container sesr_m7.ignite: 9 layers, reference in 0.4 s
  L 0 /head/Conv                                   EXACT
  L 1 /body.0/body.0.0/Conv                        EXACT
  L 2 /body.1/body.1.0/Conv                        EXACT
  L 3 /body.2/body.2.0/Conv                        EXACT
  L 4 /body.3/body.3.0/Conv                        EXACT
  L 5 /body.4/body.4.0/Conv                        EXACT
  L 6 /body.5/body.5.0/Conv                        EXACT
  L 7 /body.6/body.6.0/Conv                        EXACT
  L 8 /tail/Conv                                   EXACT
[verify] 9/9 layers exact | first dispatch 5.739 ms | dispatch mean 4.182 ms, min 4.171, max 4.193 over 2
[verify] PASS
== 2026-09-16T17:45:19Z [verify sesr_m7.ignite] exit 0 after 0.9 s

== 2026-09-16T17:45:19Z [verify yolov8n_pose.ignite] $ <conda envs>\mlir-aie-iron\python.exe tools/verify_engine_container.py --container build/yolov8n_pose.ignite --model models/yolov8n-pose_cut_xint8.onnx --iters 2
[verify] pose container yolov8n_pose.ignite: 75 layers, reference in 0.5 s
  L 0 /model.0/conv/Conv                           EXACT
  L 1 /model.1/conv/Conv                           EXACT
  L 2 /model.2/cv1/conv/Conv                       EXACT
  L 3 /model.2/m.0/cv1/conv/Conv                   EXACT
  L 4 /model.2/m.0/cv2/conv/Conv                   EXACT
  L 5 /model.2/cv2/conv/Conv                       EXACT
  L 6 /model.3/conv/Conv                           EXACT
  L 7 /model.4/cv1/conv/Conv                       EXACT
  L 8 /model.4/m.0/cv1/conv/Conv                   EXACT
  L 9 /model.4/m.0/cv2/conv/Conv                   EXACT
  L10 /model.4/m.1/cv1/conv/Conv                   EXACT
  L11 /model.4/m.1/cv2/conv/Conv                   EXACT
  L12 /model.4/cv2/conv/Conv                       EXACT
  L13 /model.5/conv/Conv                           EXACT
  L14 /model.6/cv1/conv/Conv                       EXACT
  L15 /model.6/m.0/cv1/conv/Conv                   EXACT
  L16 /model.6/m.0/cv2/conv/Conv                   EXACT
  L17 /model.6/m.1/cv1/conv/Conv                   EXACT
  L18 /model.6/m.1/cv2/conv/Conv                   EXACT
  L19 /model.6/cv2/conv/Conv                       EXACT
  L20 /model.7/conv/Conv                           EXACT
  L21 /model.8/cv1/conv/Conv                       EXACT
  L22 /model.8/m.0/cv1/conv/Conv                   EXACT
  L23 /model.8/m.0/cv2/conv/Conv                   EXACT
  L24 /model.8/cv2/conv/Conv                       EXACT
  L25 /model.9/cv1/conv/Conv                       EXACT
  L26 /model.9/m/MaxPool                           EXACT
  L27 /model.9/m_1/MaxPool                         EXACT
  L28 /model.9/m_2/MaxPool                         EXACT
  L29 /model.9/cv2/conv/Conv                       EXACT
  L30 /model.12/cv1/conv/Conv                      EXACT
  L31 /model.12/m.0/cv1/conv/Conv                  EXACT
  L32 /model.12/m.0/cv2/conv/Conv                  EXACT
  L33 /model.12/cv2/conv/Conv                      EXACT
  L34 /model.15/cv1/conv/Conv                      EXACT
  L35 /model.15/m.0/cv1/conv/Conv                  EXACT
  L36 /model.15/m.0/cv2/conv/Conv                  EXACT
  L37 /model.15/cv2/conv/Conv                      EXACT
  L38 /model.16/conv/Conv                          EXACT
  L39 /model.22/cv2.0/cv2.0.0/conv/Conv            EXACT
  L40 /model.22/cv3.0/cv3.0.0/conv/Conv            EXACT
  L41 /model.22/cv4.0/cv4.0.0/conv/Conv            EXACT
  L42 /model.22/cv2.0/cv2.0.1/conv/Conv            EXACT
  L43 /model.22/cv3.0/cv3.0.1/conv/Conv            EXACT
  L44 /model.22/cv4.0/cv4.0.1/conv/Conv            EXACT
  L45 /model.18/cv1/conv/Conv                      EXACT
  L46 /model.22/cv2.0/cv2.0.2/Conv                 EXACT
  L47 /model.22/cv3.0/cv3.0.2/Conv                 EXACT
  L48 /model.22/cv4.0/cv4.0.2/Conv                 EXACT
  L49 /model.18/m.0/cv1/conv/Conv                  EXACT
  L50 /model.18/m.0/cv2/conv/Conv                  EXACT
  L51 /model.18/cv2/conv/Conv                      EXACT
  L52 /model.19/conv/Conv                          EXACT
  L53 /model.22/cv2.1/cv2.1.0/conv/Conv            EXACT
  L54 /model.22/cv3.1/cv3.1.0/conv/Conv            EXACT
  L55 /model.22/cv4.1/cv4.1.0/conv/Conv            EXACT
  L56 /model.22/cv2.1/cv2.1.1/conv/Conv            EXACT
  L57 /model.22/cv3.1/cv3.1.1/conv/Conv            EXACT
  L58 /model.22/cv4.1/cv4.1.1/conv/Conv            EXACT
  L59 /model.21/cv1/conv/Conv                      EXACT
  L60 /model.22/cv2.1/cv2.1.2/Conv                 EXACT
  L61 /model.22/cv3.1/cv3.1.2/Conv                 EXACT
  L62 /model.22/cv4.1/cv4.1.2/Conv                 EXACT
  L63 /model.21/m.0/cv1/conv/Conv                  EXACT
  L64 /model.21/m.0/cv2/conv/Conv                  EXACT
  L65 /model.21/cv2/conv/Conv                      EXACT
  L66 /model.22/cv2.2/cv2.2.0/conv/Conv            EXACT
  L67 /model.22/cv3.2/cv3.2.0/conv/Conv            EXACT
  L68 /model.22/cv4.2/cv4.2.0/conv/Conv            EXACT
  L69 /model.22/cv2.2/cv2.2.1/conv/Conv            EXACT
  L70 /model.22/cv3.2/cv3.2.1/conv/Conv            EXACT
  L71 /model.22/cv4.2/cv4.2.1/conv/Conv            EXACT
  L72 /model.22/cv2.2/cv2.2.2/Conv                 EXACT
  L73 /model.22/cv3.2/cv3.2.2/Conv                 EXACT
  L74 /model.22/cv4.2/cv4.2.2/Conv                 EXACT
[verify] 75/75 layers exact | first dispatch 9.158 ms | dispatch mean 7.671 ms, min 7.664, max 7.677 over 2
[verify] PASS
== 2026-09-16T17:45:20Z [verify yolov8n_pose.ignite] exit 0 after 1.0 s

== 2026-09-16T17:45:20Z [verify yolo11n.ignite] $ <conda envs>\mlir-aie-iron\python.exe tools/verify_engine_container.py --container build/yolo11n.ignite --model models/yolo11n_cut_xint8.onnx --iters 2
[verify] detect container yolo11n.ignite: 84 layers, reference in 0.5 s
  L 0 /model.0/conv/Conv                           EXACT
  L 1 /model.1/conv/Conv                           EXACT
  L 2 /model.2/cv1/conv/Conv                       EXACT
  L 3 /model.2/m.0/cv1/conv/Conv                   EXACT
  L 4 /model.2/m.0/cv2/conv/Conv                   EXACT
  L 5 /model.2/cv2/conv/Conv                       EXACT
  L 6 /model.3/conv/Conv                           EXACT
  L 7 /model.4/cv1/conv/Conv                       EXACT
  L 8 /model.4/m.0/cv1/conv/Conv                   EXACT
  L 9 /model.4/m.0/cv2/conv/Conv                   EXACT
  L10 /model.4/cv2/conv/Conv                       EXACT
  L11 /model.5/conv/Conv                           EXACT
  L12 /model.6/cv1/conv/Conv                       EXACT
  L13 /model.6/m.0/cv1/conv/Conv                   EXACT
  L14 /model.6/m.0/cv2/conv/Conv                   EXACT
  L15 /model.6/m.0/m/m.0/cv1/conv/Conv             EXACT
  L16 /model.6/m.0/m/m.0/cv2/conv/Conv             EXACT
  L17 /model.6/m.0/m/m.1/cv1/conv/Conv             EXACT
  L18 /model.6/m.0/m/m.1/cv2/conv/Conv             EXACT
  L19 /model.6/m.0/cv3/conv/Conv                   EXACT
  L20 /model.6/cv2/conv/Conv                       EXACT
  L21 /model.7/conv/Conv                           EXACT
  L22 /model.8/cv1/conv/Conv                       EXACT
  L23 /model.8/m.0/cv1/conv/Conv                   EXACT
  L24 /model.8/m.0/cv2/conv/Conv                   EXACT
  L25 /model.8/m.0/m/m.0/cv1/conv/Conv             EXACT
  L26 /model.8/m.0/m/m.0/cv2/conv/Conv             EXACT
  L27 /model.8/m.0/m/m.1/cv1/conv/Conv             EXACT
  L28 /model.8/m.0/m/m.1/cv2/conv/Conv             EXACT
  L29 /model.8/m.0/cv3/conv/Conv                   EXACT
  L30 /model.8/cv2/conv/Conv                       EXACT
  L31 /model.9/cv1/conv/Conv                       EXACT
  L32 /model.9/m/MaxPool                           EXACT
  L33 /model.9/m_1/MaxPool                         EXACT
  L34 /model.9/m_2/MaxPool                         EXACT
  L35 /model.9/cv2/conv/Conv                       EXACT
  L36 HOST /model.10/                                   EXACT
  L37 /model.13/cv1/conv/Conv                      EXACT
  L38 /model.13/m.0/cv1/conv/Conv                  EXACT
  L39 /model.13/m.0/cv2/conv/Conv                  EXACT
  L40 /model.13/cv2/conv/Conv                      EXACT
  L41 /model.16/cv1/conv/Conv                      EXACT
  L42 /model.16/m.0/cv1/conv/Conv                  EXACT
  L43 /model.16/m.0/cv2/conv/Conv                  EXACT
  L44 /model.16/cv2/conv/Conv                      EXACT
  L45 /model.17/conv/Conv                          EXACT
  L46 /model.23/cv2.0/cv2.0.0/conv/Conv            EXACT
  L47 /model.23/cv3.0/cv3.0.0/cv3.0.0.0/conv/Conv  EXACT
  L48 /model.23/cv2.0/cv2.0.1/conv/Conv            EXACT
  L49 /model.23/cv3.0/cv3.0.0/cv3.0.0.1/conv/Conv  EXACT
  L50 /model.19/cv1/conv/Conv                      EXACT
  L51 /model.23/cv2.0/cv2.0.2/Conv                 EXACT
  L52 /model.23/cv3.0/cv3.0.1/cv3.0.1.0/conv/Conv  EXACT
  L53 /model.19/m.0/cv1/conv/Conv                  EXACT
  L54 /model.23/cv3.0/cv3.0.1/cv3.0.1.1/conv/Conv  EXACT
  L55 /model.19/m.0/cv2/conv/Conv                  EXACT
  L56 /model.23/cv3.0/cv3.0.2/Conv                 EXACT
  L57 /model.19/cv2/conv/Conv                      EXACT
  L58 /model.20/conv/Conv                          EXACT
  L59 /model.23/cv2.1/cv2.1.0/conv/Conv            EXACT
  L60 /model.23/cv3.1/cv3.1.0/cv3.1.0.0/conv/Conv  EXACT
  L61 /model.23/cv2.1/cv2.1.1/conv/Conv            EXACT
  L62 /model.23/cv3.1/cv3.1.0/cv3.1.0.1/conv/Conv  EXACT
  L63 /model.22/cv1/conv/Conv                      EXACT
  L64 /model.23/cv2.1/cv2.1.2/Conv                 EXACT
  L65 /model.23/cv3.1/cv3.1.1/cv3.1.1.0/conv/Conv  EXACT
  L66 /model.22/m.0/cv1/conv/Conv                  EXACT
  L67 /model.22/m.0/cv2/conv/Conv                  EXACT
  L68 /model.23/cv3.1/cv3.1.1/cv3.1.1.1/conv/Conv  EXACT
  L69 /model.22/m.0/m/m.0/cv1/conv/Conv            EXACT
  L70 /model.23/cv3.1/cv3.1.2/Conv                 EXACT
  L71 /model.22/m.0/m/m.0/cv2/conv/Conv            EXACT
  L72 /model.22/m.0/m/m.1/cv1/conv/Conv            EXACT
  L73 /model.22/m.0/m/m.1/cv2/conv/Conv            EXACT
  L74 /model.22/m.0/cv3/conv/Conv                  EXACT
  L75 /model.22/cv2/conv/Conv                      EXACT
  L76 /model.23/cv2.2/cv2.2.0/conv/Conv            EXACT
  L77 /model.23/cv3.2/cv3.2.0/cv3.2.0.0/conv/Conv  EXACT
  L78 /model.23/cv2.2/cv2.2.1/conv/Conv            EXACT
  L79 /model.23/cv3.2/cv3.2.0/cv3.2.0.1/conv/Conv  EXACT
  L80 /model.23/cv2.2/cv2.2.2/Conv                 EXACT
  L81 /model.23/cv3.2/cv3.2.1/cv3.2.1.0/conv/Conv  EXACT
  L82 /model.23/cv3.2/cv3.2.1/cv3.2.1.1/conv/Conv  EXACT
  L83 /model.23/cv3.2/cv3.2.2/Conv                 EXACT
[verify] 84/84 layers exact | first dispatch 9.958 ms | dispatch mean 8.416 ms, min 8.391, max 8.440 over 2
[verify] 1 host segment(s) ['/model.10/']: host mean 1.563 ms, min 1.521, max 1.604 (NPU dispatch above excludes it)
[verify] PASS
== 2026-09-16T17:45:21Z [verify yolo11n.ignite] exit 0 after 1.1 s

== 2026-09-16T17:45:21Z [verify yolo11n_core.ignite] $ <conda envs>\mlir-aie-iron\python.exe tools/verify_engine_container.py --container build/yolo11n_core.ignite --model models/yolo11n_cut_xint8.onnx --iters 2
[verify] detect container yolo11n_core.ignite: 91 layers, reference in 0.5 s
  L 0 /model.0/conv/Conv                           EXACT
  L 1 /model.1/conv/Conv                           EXACT
  L 2 /model.2/cv1/conv/Conv                       EXACT
  L 3 /model.2/m.0/cv1/conv/Conv                   EXACT
  L 4 /model.2/m.0/cv2/conv/Conv                   EXACT
  L 5 /model.2/cv2/conv/Conv                       EXACT
  L 6 /model.3/conv/Conv                           EXACT
  L 7 /model.4/cv1/conv/Conv                       EXACT
  L 8 /model.4/m.0/cv1/conv/Conv                   EXACT
  L 9 /model.4/m.0/cv2/conv/Conv                   EXACT
  L10 /model.4/cv2/conv/Conv                       EXACT
  L11 /model.5/conv/Conv                           EXACT
  L12 /model.6/cv1/conv/Conv                       EXACT
  L13 /model.6/m.0/cv1/conv/Conv                   EXACT
  L14 /model.6/m.0/cv2/conv/Conv                   EXACT
  L15 /model.6/m.0/m/m.0/cv1/conv/Conv             EXACT
  L16 /model.6/m.0/m/m.0/cv2/conv/Conv             EXACT
  L17 /model.6/m.0/m/m.1/cv1/conv/Conv             EXACT
  L18 /model.6/m.0/m/m.1/cv2/conv/Conv             EXACT
  L19 /model.6/m.0/cv3/conv/Conv                   EXACT
  L20 /model.6/cv2/conv/Conv                       EXACT
  L21 /model.7/conv/Conv                           EXACT
  L22 /model.8/cv1/conv/Conv                       EXACT
  L23 /model.8/m.0/cv1/conv/Conv                   EXACT
  L24 /model.8/m.0/cv2/conv/Conv                   EXACT
  L25 /model.8/m.0/m/m.0/cv1/conv/Conv             EXACT
  L26 /model.8/m.0/m/m.0/cv2/conv/Conv             EXACT
  L27 /model.8/m.0/m/m.1/cv1/conv/Conv             EXACT
  L28 /model.8/m.0/m/m.1/cv2/conv/Conv             EXACT
  L29 /model.8/m.0/cv3/conv/Conv                   EXACT
  L30 /model.8/cv2/conv/Conv                       EXACT
  L31 /model.9/cv1/conv/Conv                       EXACT
  L32 /model.9/m/MaxPool                           EXACT
  L33 /model.9/m_1/MaxPool                         EXACT
  L34 /model.9/m_2/MaxPool                         EXACT
  L35 /model.9/cv2/conv/Conv                       EXACT
  L36 /model.10/cv1/conv/Conv                      EXACT
  L37 /model.10/m/m.0/attn/qkv/conv/Conv           EXACT
  L38 HOST /model.10/m/m.0/attn/qkv/conv/Conv=/model.10/m/m.0/attn/Reshape_1 EXACT
  L39 /model.10/m/m.0/attn/pe/conv/Conv            EXACT
  L40 /model.10/m/m.0/attn/proj/conv/Conv          EXACT
  L41 /model.10/m/m.0/ffn/ffn.0/conv/Conv          EXACT
  L42 /model.10/m/m.0/ffn/ffn.1/conv/Conv          EXACT
  L43 /model.10/cv2/conv/Conv                      EXACT
  L44 /model.13/cv1/conv/Conv                      EXACT
  L45 /model.13/m.0/cv1/conv/Conv                  EXACT
  L46 /model.13/m.0/cv2/conv/Conv                  EXACT
  L47 /model.13/cv2/conv/Conv                      EXACT
  L48 /model.16/cv1/conv/Conv                      EXACT
  L49 /model.16/m.0/cv1/conv/Conv                  EXACT
  L50 /model.16/m.0/cv2/conv/Conv                  EXACT
  L51 /model.16/cv2/conv/Conv                      EXACT
  L52 /model.17/conv/Conv                          EXACT
  L53 /model.23/cv2.0/cv2.0.0/conv/Conv            EXACT
  L54 /model.23/cv3.0/cv3.0.0/cv3.0.0.0/conv/Conv  EXACT
  L55 /model.23/cv2.0/cv2.0.1/conv/Conv            EXACT
  L56 /model.23/cv3.0/cv3.0.0/cv3.0.0.1/conv/Conv  EXACT
  L57 /model.19/cv1/conv/Conv                      EXACT
  L58 /model.23/cv2.0/cv2.0.2/Conv                 EXACT
  L59 /model.23/cv3.0/cv3.0.1/cv3.0.1.0/conv/Conv  EXACT
  L60 /model.19/m.0/cv1/conv/Conv                  EXACT
  L61 /model.23/cv3.0/cv3.0.1/cv3.0.1.1/conv/Conv  EXACT
  L62 /model.19/m.0/cv2/conv/Conv                  EXACT
  L63 /model.23/cv3.0/cv3.0.2/Conv                 EXACT
  L64 /model.19/cv2/conv/Conv                      EXACT
  L65 /model.20/conv/Conv                          EXACT
  L66 /model.23/cv2.1/cv2.1.0/conv/Conv            EXACT
  L67 /model.23/cv3.1/cv3.1.0/cv3.1.0.0/conv/Conv  EXACT
  L68 /model.23/cv2.1/cv2.1.1/conv/Conv            EXACT
  L69 /model.23/cv3.1/cv3.1.0/cv3.1.0.1/conv/Conv  EXACT
  L70 /model.22/cv1/conv/Conv                      EXACT
  L71 /model.23/cv2.1/cv2.1.2/Conv                 EXACT
  L72 /model.23/cv3.1/cv3.1.1/cv3.1.1.0/conv/Conv  EXACT
  L73 /model.22/m.0/cv1/conv/Conv                  EXACT
  L74 /model.22/m.0/cv2/conv/Conv                  EXACT
  L75 /model.23/cv3.1/cv3.1.1/cv3.1.1.1/conv/Conv  EXACT
  L76 /model.22/m.0/m/m.0/cv1/conv/Conv            EXACT
  L77 /model.23/cv3.1/cv3.1.2/Conv                 EXACT
  L78 /model.22/m.0/m/m.0/cv2/conv/Conv            EXACT
  L79 /model.22/m.0/m/m.1/cv1/conv/Conv            EXACT
  L80 /model.22/m.0/m/m.1/cv2/conv/Conv            EXACT
  L81 /model.22/m.0/cv3/conv/Conv                  EXACT
  L82 /model.22/cv2/conv/Conv                      EXACT
  L83 /model.23/cv2.2/cv2.2.0/conv/Conv            EXACT
  L84 /model.23/cv3.2/cv3.2.0/cv3.2.0.0/conv/Conv  EXACT
  L85 /model.23/cv2.2/cv2.2.1/conv/Conv            EXACT
  L86 /model.23/cv3.2/cv3.2.0/cv3.2.0.1/conv/Conv  EXACT
  L87 /model.23/cv2.2/cv2.2.2/Conv                 EXACT
  L88 /model.23/cv3.2/cv3.2.1/cv3.2.1.0/conv/Conv  EXACT
  L89 /model.23/cv3.2/cv3.2.1/cv3.2.1.1/conv/Conv  EXACT
  L90 /model.23/cv3.2/cv3.2.2/Conv                 EXACT
[verify] 91/91 layers exact | first dispatch 10.312 ms | dispatch mean 8.768 ms, min 8.755, max 8.780 over 2
[verify] 1 host segment(s) ['/model.10/m/m.0/attn/qkv/conv/Conv=/model.10/m/m.0/attn/Reshape_1']: host mean 0.594 ms, min 0.561, max 0.628 (NPU dispatch above excludes it)
[verify] PASS
== 2026-09-16T17:45:22Z [verify yolo11n_core.ignite] exit 0 after 1.1 s
[xrt-smi after witnesses] [003d:00:01.1] : NPU Phoenix | AIE Partitions | No hardware contexts running on device

## Timed: YOLOv8n
[cpu] CPU 8.8 % over 2 s; busiest System Idle Process 0, System 0,  0, Registry 0
[xrt-smi before yolov8n #1] [003d:00:01.1] : NPU Phoenix | AIE Partitions | No hardware contexts running on device

== 2026-09-16T17:45:25Z [amd yolov8n #1] $ <conda envs>\resnet_env17\python.exe <ignite-xdna main>\tools\amd_vitisai_yolo.py --model <ignite-xdna main>\models\yolov8n_cut_xint8.onnx --image <Ignition main>\examples\assets\bus.jpg --ignition-src <Ignition main>\src --cache-dir <scratch>\vitisai_cache --cache-key yolov8n_energy --xclbin <ignite-xdna main>\yolocutcachekey\4x4.xclbin --json <scratch>\sitting_balanced\amd_yolov8n_1.json
[amd] ort 1.23.3.dev20260320 | model yolov8n_cut_xint8.onnx | session load 0.40 s | EP report node devices report not found
[amd] G2G mean 10.392 ms | P50 10.464 | P95 10.862 | P99 11.164 | max 12.137 | over 500 timed frames after 50 warm-up
[amd] stage means (ms): letterbox 1.784 | session.run 6.539 | decode+NMS 2.069
[amd] detections on the last frame: 5 {'person': 4, 'bus': 1} | RSS 305.3 MB
== 2026-09-16T17:45:32Z [amd yolov8n #1] exit 0 after 6.4 s

== 2026-09-16T17:45:32Z [ignition yolov8n balanced #1] $ <conda envs>\mlir-aie-iron\python.exe live_ignition.py --model <ignite-xdna main>\build\yolov8n_full.ignite --source <Ignition main>\examples\assets\bus.jpg --headless --warmup 50 --frames 500 --json <scratch>\sitting_balanced\ign_yolov8n_balanced_1.json
[Ignition] loading <ignite-xdna main>\build\yolov8n_full.ignite (bare-metal .ignite container)
[Ignition] Native XDNA1 NPU backend active (Device 0)
[Ignition] task: detect
[Ignition] power mode balanced: 8 worker threads, sleeping between regions (8 cores / 16 threads on this host)
[Ignition] source: image bus.jpg 810x1080
[Ignition] shutdown: source released, window closed, NPU hardware context released
[summary] stop: frame limit | 550 frames processed (50 warm-up, 500 timed) | 1 distinct source frames | image bus.jpg 810x1080
[summary] G2G mean 8.420 ms | P50 8.382 | P95 8.738 | P99 9.233 | max 9.462 | over the last 500 timed frames; cold first frame 11.17 ms
[summary] stage means (ms): preprocess 0.545 | NPU forward 7.827 (dispatch 7.221, readback 0.607) | decode+NMS 0.041
[summary] boxes from NPU heads on 500/500 timed frames | 5.00 detections per frame
[summary] RSS 191.8 MB at the first timed frame, 191.8 MB at the end (+0.00 MB over 500 frames)
[summary] wrote <scratch>\sitting_balanced\ign_yolov8n_balanced_1.json
== 2026-09-16T17:45:37Z [ignition yolov8n balanced #1] exit 0 after 5.1 s

== 2026-09-16T17:45:37Z [ignition yolov8n performance #1] $ <conda envs>\mlir-aie-iron\python.exe live_ignition.py --model <ignite-xdna main>\build\yolov8n_full.ignite --source <Ignition main>\examples\assets\bus.jpg --headless --warmup 50 --frames 500 --json <scratch>\sitting_balanced\ign_yolov8n_performance_1.json --power-mode performance
[Ignition] loading <ignite-xdna main>\build\yolov8n_full.ignite (bare-metal .ignite container)
[Ignition] Native XDNA1 NPU backend active (Device 0)
[Ignition] task: detect
[Ignition] power mode performance: 16 worker threads, spinning between regions (8 cores / 16 threads on this host)
[Ignition] source: image bus.jpg 810x1080
[Ignition] shutdown: source released, window closed, NPU hardware context released
[summary] stop: frame limit | 550 frames processed (50 warm-up, 500 timed) | 1 distinct source frames | image bus.jpg 810x1080
[summary] G2G mean 7.982 ms | P50 7.975 | P95 8.090 | P99 8.379 | max 10.148 | over the last 500 timed frames; cold first frame 11.92 ms
[summary] stage means (ms): preprocess 0.417 | NPU forward 7.524 (dispatch 7.248, readback 0.276) | decode+NMS 0.036
[summary] boxes from NPU heads on 500/500 timed frames | 5.00 detections per frame
[summary] RSS 191.8 MB at the first timed frame, 191.8 MB at the end (+0.00 MB over 500 frames)
[summary] wrote <scratch>\sitting_balanced\ign_yolov8n_performance_1.json
== 2026-09-16T17:45:42Z [ignition yolov8n performance #1] exit 0 after 4.9 s
[cpu] CPU 8.0 % over 2 s; busiest System Idle Process 0, System 0,  0, Registry 0
[xrt-smi before yolov8n #2] [003d:00:01.1] : NPU Phoenix | AIE Partitions | No hardware contexts running on device

== 2026-09-16T17:45:45Z [amd yolov8n #2] $ <conda envs>\resnet_env17\python.exe <ignite-xdna main>\tools\amd_vitisai_yolo.py --model <ignite-xdna main>\models\yolov8n_cut_xint8.onnx --image <Ignition main>\examples\assets\bus.jpg --ignition-src <Ignition main>\src --cache-dir <scratch>\vitisai_cache --cache-key yolov8n_energy --xclbin <ignite-xdna main>\yolocutcachekey\4x4.xclbin --json <scratch>\sitting_balanced\amd_yolov8n_2.json
[amd] ort 1.23.3.dev20260320 | model yolov8n_cut_xint8.onnx | session load 0.38 s | EP report node devices report not found
[amd] G2G mean 10.335 ms | P50 10.395 | P95 10.820 | P99 11.246 | max 11.602 | over 500 timed frames after 50 warm-up
[amd] stage means (ms): letterbox 1.774 | session.run 6.513 | decode+NMS 2.048
[amd] detections on the last frame: 5 {'person': 4, 'bus': 1} | RSS 304.8 MB
== 2026-09-16T17:45:51Z [amd yolov8n #2] exit 0 after 6.4 s

== 2026-09-16T17:45:51Z [ignition yolov8n balanced #2] $ <conda envs>\mlir-aie-iron\python.exe live_ignition.py --model <ignite-xdna main>\build\yolov8n_full.ignite --source <Ignition main>\examples\assets\bus.jpg --headless --warmup 50 --frames 500 --json <scratch>\sitting_balanced\ign_yolov8n_balanced_2.json
[Ignition] loading <ignite-xdna main>\build\yolov8n_full.ignite (bare-metal .ignite container)
[Ignition] Native XDNA1 NPU backend active (Device 0)
[Ignition] task: detect
[Ignition] power mode balanced: 8 worker threads, sleeping between regions (8 cores / 16 threads on this host)
[Ignition] source: image bus.jpg 810x1080
[Ignition] shutdown: source released, window closed, NPU hardware context released
[summary] stop: frame limit | 550 frames processed (50 warm-up, 500 timed) | 1 distinct source frames | image bus.jpg 810x1080
[summary] G2G mean 8.386 ms | P50 8.364 | P95 8.685 | P99 8.879 | max 9.338 | over the last 500 timed frames; cold first frame 11.23 ms
[summary] stage means (ms): preprocess 0.534 | NPU forward 7.802 (dispatch 7.203, readback 0.599) | decode+NMS 0.042
[summary] boxes from NPU heads on 500/500 timed frames | 5.00 detections per frame
[summary] RSS 191.7 MB at the first timed frame, 191.7 MB at the end (+0.00 MB over 500 frames)
[summary] wrote <scratch>\sitting_balanced\ign_yolov8n_balanced_2.json
== 2026-09-16T17:45:56Z [ignition yolov8n balanced #2] exit 0 after 5.1 s

== 2026-09-16T17:45:56Z [ignition yolov8n performance #2] $ <conda envs>\mlir-aie-iron\python.exe live_ignition.py --model <ignite-xdna main>\build\yolov8n_full.ignite --source <Ignition main>\examples\assets\bus.jpg --headless --warmup 50 --frames 500 --json <scratch>\sitting_balanced\ign_yolov8n_performance_2.json --power-mode performance
[Ignition] loading <ignite-xdna main>\build\yolov8n_full.ignite (bare-metal .ignite container)
[Ignition] Native XDNA1 NPU backend active (Device 0)
[Ignition] task: detect
[Ignition] power mode performance: 16 worker threads, spinning between regions (8 cores / 16 threads on this host)
[Ignition] source: image bus.jpg 810x1080
[Ignition] shutdown: source released, window closed, NPU hardware context released
[summary] stop: frame limit | 550 frames processed (50 warm-up, 500 timed) | 1 distinct source frames | image bus.jpg 810x1080
[summary] G2G mean 7.960 ms | P50 7.945 | P95 8.144 | P99 8.320 | max 10.621 | over the last 500 timed frames; cold first frame 11.53 ms
[summary] stage means (ms): preprocess 0.419 | NPU forward 7.498 (dispatch 7.219, readback 0.279) | decode+NMS 0.037
[summary] boxes from NPU heads on 500/500 timed frames | 5.00 detections per frame
[summary] RSS 192.1 MB at the first timed frame, 192.1 MB at the end (+0.00 MB over 500 frames)
[summary] wrote <scratch>\sitting_balanced\ign_yolov8n_performance_2.json
== 2026-09-16T17:46:01Z [ignition yolov8n performance #2] exit 0 after 4.9 s

## Timed: YOLOv8s and SESR M7
[cpu] CPU 7.7 % over 2 s; busiest System Idle Process 0, System 0,  0, Registry 0
[xrt-smi before yolov8s #1] [003d:00:01.1] : NPU Phoenix | AIE Partitions | No hardware contexts running on device

== 2026-09-16T17:46:04Z [amd yolov8s #1] $ <conda envs>\resnet_env17\python.exe <ignite-xdna main>\tools\amd_vitisai_yolo.py --model <ignite-xdna main>\models\yolov8s_cut_xint8.onnx --image <Ignition main>\examples\assets\bus.jpg --ignition-src <Ignition main>\src --cache-dir <scratch>\sitting\vitisai_cache --cache-key yolov8s_sitting --xclbin <ignite-xdna main>\yolocutcachekey\4x4.xclbin --json <scratch>\sitting_balanced\amd_yolov8s_1.json
[amd] ort 1.23.3.dev20260320 | model yolov8s_cut_xint8.onnx | session load 0.42 s | EP report node devices report not found
[amd] G2G mean 16.744 ms | P50 16.753 | P95 17.093 | P99 17.565 | max 18.486 | over 500 timed frames after 50 warm-up
[amd] stage means (ms): letterbox 1.779 | session.run 12.792 | decode+NMS 2.172
[amd] detections on the last frame: 5 {'person': 4, 'bus': 1} | RSS 337.3 MB
== 2026-09-16T17:46:14Z [amd yolov8s #1] exit 0 after 9.9 s

== 2026-09-16T17:46:14Z [ignition yolov8s #1] $ <conda envs>\mlir-aie-iron\python.exe live_ignition.py --model <ignite-xdna main>\build\yolov8s.ignite --source <Ignition main>\examples\assets\bus.jpg --headless --warmup 50 --frames 500 --json <scratch>\sitting_balanced\ign_yolov8s_1.json
[Ignition] loading <ignite-xdna main>\build\yolov8s.ignite (bare-metal .ignite container)
[Ignition] Native XDNA1 NPU backend active (Device 0)
[Ignition] task: detect
[Ignition] power mode balanced: 8 worker threads, sleeping between regions (8 cores / 16 threads on this host)
[Ignition] source: image bus.jpg 810x1080
[Ignition] shutdown: source released, window closed, NPU hardware context released
[summary] stop: frame limit | 550 frames processed (50 warm-up, 500 timed) | 1 distinct source frames | image bus.jpg 810x1080
[summary] G2G mean 18.046 ms | P50 18.016 | P95 18.323 | P99 18.545 | max 19.122 | over the last 500 timed frames; cold first frame 20.95 ms
[summary] stage means (ms): preprocess 0.548 | NPU forward 17.443 (dispatch 16.792, readback 0.651) | decode+NMS 0.047
[summary] boxes from NPU heads on 500/500 timed frames | 6.00 detections per frame
[summary] RSS 241.8 MB at the first timed frame, 241.8 MB at the end (+0.00 MB over 500 frames)
[summary] wrote <scratch>\sitting_balanced\ign_yolov8s_1.json
== 2026-09-16T17:46:24Z [ignition yolov8s #1] exit 0 after 10.4 s
[cpu] CPU 9.4 % over 2 s; busiest System Idle Process 0, System 0,  0, Registry 0
[xrt-smi before yolov8s #2] [003d:00:01.1] : NPU Phoenix | AIE Partitions | No hardware contexts running on device

== 2026-09-16T17:46:28Z [amd yolov8s #2] $ <conda envs>\resnet_env17\python.exe <ignite-xdna main>\tools\amd_vitisai_yolo.py --model <ignite-xdna main>\models\yolov8s_cut_xint8.onnx --image <Ignition main>\examples\assets\bus.jpg --ignition-src <Ignition main>\src --cache-dir <scratch>\sitting\vitisai_cache --cache-key yolov8s_sitting --xclbin <ignite-xdna main>\yolocutcachekey\4x4.xclbin --json <scratch>\sitting_balanced\amd_yolov8s_2.json
[amd] ort 1.23.3.dev20260320 | model yolov8s_cut_xint8.onnx | session load 0.43 s | EP report node devices report not found
[amd] G2G mean 16.564 ms | P50 16.604 | P95 16.972 | P99 17.239 | max 17.936 | over 500 timed frames after 50 warm-up
[amd] stage means (ms): letterbox 1.756 | session.run 12.669 | decode+NMS 2.138
[amd] detections on the last frame: 5 {'person': 4, 'bus': 1} | RSS 339.6 MB
== 2026-09-16T17:46:37Z [amd yolov8s #2] exit 0 after 9.8 s

== 2026-09-16T17:46:37Z [ignition yolov8s #2] $ <conda envs>\mlir-aie-iron\python.exe live_ignition.py --model <ignite-xdna main>\build\yolov8s.ignite --source <Ignition main>\examples\assets\bus.jpg --headless --warmup 50 --frames 500 --json <scratch>\sitting_balanced\ign_yolov8s_2.json
[Ignition] loading <ignite-xdna main>\build\yolov8s.ignite (bare-metal .ignite container)
[Ignition] Native XDNA1 NPU backend active (Device 0)
[Ignition] task: detect
[Ignition] power mode balanced: 8 worker threads, sleeping between regions (8 cores / 16 threads on this host)
[Ignition] source: image bus.jpg 810x1080
[Ignition] shutdown: source released, window closed, NPU hardware context released
[summary] stop: frame limit | 550 frames processed (50 warm-up, 500 timed) | 1 distinct source frames | image bus.jpg 810x1080
[summary] G2G mean 17.988 ms | P50 17.951 | P95 18.306 | P99 18.569 | max 18.861 | over the last 500 timed frames; cold first frame 20.90 ms
[summary] stage means (ms): preprocess 0.546 | NPU forward 17.389 (dispatch 16.755, readback 0.635) | decode+NMS 0.046
[summary] boxes from NPU heads on 500/500 timed frames | 6.00 detections per frame
[summary] RSS 242.9 MB at the first timed frame, 242.9 MB at the end (+0.00 MB over 500 frames)
[summary] wrote <scratch>\sitting_balanced\ign_yolov8s_2.json
== 2026-09-16T17:46:48Z [ignition yolov8s #2] exit 0 after 10.4 s
[cpu] CPU 7.5 % over 2 s; busiest System Idle Process 0, System 0,  0, Registry 0
[xrt-smi before sesr_m7 #1] [003d:00:01.1] : NPU Phoenix | AIE Partitions | No hardware contexts running on device

== 2026-09-16T17:46:51Z [amd sesr_m7 #1] $ <conda envs>\resnet_env17\python.exe <scratch>\amd_vitisai_sesr.py --model <ignite-xdna main>\models\sesr_m7_xint8.onnx --image <Ignition main>\examples\assets\bus.jpg --ignition-src <Ignition main>\src --cache-dir <scratch>\sitting\vitisai_cache --cache-key sesr_m7_sitting --xclbin <ignite-xdna main>\yolocutcachekey\4x4.xclbin --json <scratch>\sitting_balanced\amd_sesr_m7_1.json
[amd] ort 1.23.3.dev20260320 | model sesr_m7_xint8.onnx | session load 0.28 s | EP report node devices report not found
[amd] G2G mean 4.365 ms | P50 4.524 | P95 4.790 | P99 4.896 | max 6.015 | over 500 timed frames after 50 warm-up
[amd] stage means (ms): preprocess 0.409 | session.run 1.492 | postprocess 2.464
[amd] output (512, 512, 3) from input (256, 256) | RSS 265.3 MB
== 2026-09-16T17:46:54Z [amd sesr_m7 #1] exit 0 after 3.0 s

== 2026-09-16T17:46:54Z [ignition sesr_m7 #1] $ <conda envs>\mlir-aie-iron\python.exe live_ignition.py --model <ignite-xdna main>\build\sesr_m7.ignite --source <Ignition main>\examples\assets\bus.jpg --headless --warmup 50 --frames 500 --json <scratch>\sitting_balanced\ign_sesr_m7_1.json
[Ignition] loading <ignite-xdna main>\build\sesr_m7.ignite (bare-metal .ignite container)
[Ignition] Native XDNA1 NPU backend active (Device 0)
[Ignition] task: super_resolution
[Ignition] power mode balanced: 8 worker threads, sleeping between regions (8 cores / 16 threads on this host)
[Ignition] source: image bus.jpg 810x1080
[Ignition] shutdown: source released, window closed, NPU hardware context released
[summary] stop: frame limit | 550 frames processed (50 warm-up, 500 timed) | 1 distinct source frames | image bus.jpg 810x1080
[summary] G2G mean 6.840 ms | P50 6.984 | P95 7.194 | P99 7.340 | max 7.502 | over the last 500 timed frames; cold first frame 8.41 ms
[summary] stage means (ms): preprocess 0.434 | NPU forward 4.199 (dispatch 4.178, readback 0.020) | image output 2.202
[summary] output image [512, 512, 3] from the NPU
[summary] RSS 163.4 MB at the first timed frame, 163.4 MB at the end (+0.00 MB over 500 frames)
[summary] wrote <scratch>\sitting_balanced\ign_sesr_m7_1.json
== 2026-09-16T17:46:58Z [ignition sesr_m7 #1] exit 0 after 4.2 s
[cpu] CPU 7.7 % over 2 s; busiest System Idle Process 0, System 0,  0, Registry 0
[xrt-smi before sesr_m7 #2] [003d:00:01.1] : NPU Phoenix | AIE Partitions | No hardware contexts running on device

== 2026-09-16T17:47:01Z [amd sesr_m7 #2] $ <conda envs>\resnet_env17\python.exe <scratch>\amd_vitisai_sesr.py --model <ignite-xdna main>\models\sesr_m7_xint8.onnx --image <Ignition main>\examples\assets\bus.jpg --ignition-src <Ignition main>\src --cache-dir <scratch>\sitting\vitisai_cache --cache-key sesr_m7_sitting --xclbin <ignite-xdna main>\yolocutcachekey\4x4.xclbin --json <scratch>\sitting_balanced\amd_sesr_m7_2.json
[amd] ort 1.23.3.dev20260320 | model sesr_m7_xint8.onnx | session load 0.28 s | EP report node devices report not found
[amd] G2G mean 4.332 ms | P50 4.500 | P95 4.802 | P99 4.918 | max 5.229 | over 500 timed frames after 50 warm-up
[amd] stage means (ms): preprocess 0.417 | session.run 1.495 | postprocess 2.420
[amd] output (512, 512, 3) from input (256, 256) | RSS 265.3 MB
== 2026-09-16T17:47:04Z [amd sesr_m7 #2] exit 0 after 2.9 s

== 2026-09-16T17:47:04Z [ignition sesr_m7 #2] $ <conda envs>\mlir-aie-iron\python.exe live_ignition.py --model <ignite-xdna main>\build\sesr_m7.ignite --source <Ignition main>\examples\assets\bus.jpg --headless --warmup 50 --frames 500 --json <scratch>\sitting_balanced\ign_sesr_m7_2.json
[Ignition] loading <ignite-xdna main>\build\sesr_m7.ignite (bare-metal .ignite container)
[Ignition] Native XDNA1 NPU backend active (Device 0)
[Ignition] task: super_resolution
[Ignition] power mode balanced: 8 worker threads, sleeping between regions (8 cores / 16 threads on this host)
[Ignition] source: image bus.jpg 810x1080
[Ignition] shutdown: source released, window closed, NPU hardware context released
[summary] stop: frame limit | 550 frames processed (50 warm-up, 500 timed) | 1 distinct source frames | image bus.jpg 810x1080
[summary] G2G mean 6.815 ms | P50 6.973 | P95 7.184 | P99 7.222 | max 7.452 | over the last 500 timed frames; cold first frame 7.80 ms
[summary] stage means (ms): preprocess 0.431 | NPU forward 4.198 (dispatch 4.178, readback 0.021) | image output 2.181
[summary] output image [512, 512, 3] from the NPU
[summary] RSS 162.9 MB at the first timed frame, 162.9 MB at the end (+0.00 MB over 500 frames)
[summary] wrote <scratch>\sitting_balanced\ign_sesr_m7_2.json
== 2026-09-16T17:47:08Z [ignition sesr_m7 #2] exit 0 after 4.1 s

## Timed: YOLO11n
[cpu] CPU 7.2 % over 2 s; busiest System Idle Process 0, System 0,  0, Registry 0
[xrt-smi before yolo11n #1] [003d:00:01.1] : NPU Phoenix | AIE Partitions | No hardware contexts running on device

== 2026-09-16T17:47:11Z [amd yolo11n #1] $ <conda envs>\resnet_env17\python.exe <ignite-xdna main>\tools\amd_vitisai_yolo.py --model <ignite-xdna main>\models\yolo11n_cut_xint8.onnx --image <Ignition main>\examples\assets\bus.jpg --ignition-src <Ignition main>\src --cache-dir <scratch>\vitisai_cache --cache-key yolo11ncutcachekey_sitting --xclbin <ignite-xdna main>\yolocutcachekey\4x4.xclbin --json <scratch>\sitting_balanced\amd_yolo11n_1.json
2026-09-16 13:47:11.8654305 [W:onnxruntime:, session_state.cc:1316 onnxruntime::VerifyEachNodeIsAssignedToAnEp] Some nodes were not assigned to the preferred execution providers which may or may not have an negative impact on performance. e.g. ORT explicitly assigns shape related ops to CPU to improve perf.
2026-09-16 13:47:11.8669161 [W:onnxruntime:, session_state.cc:1318 onnxruntime::VerifyEachNodeIsAssignedToAnEp] Rerunning with verbose output on a non-minimal build will show node assignments.
[amd] ort 1.23.3.dev20260320 | model yolo11n_cut_xint8.onnx | session load 0.49 s | EP report node devices report not found
[amd] G2G mean 36.540 ms | P50 36.542 | P95 38.081 | P99 38.963 | max 40.916 | over 500 timed frames after 50 warm-up
[amd] stage means (ms): letterbox 1.839 | session.run 32.824 | decode+NMS 1.877
[amd] detections on the last frame: 7 {'person': 5, 'bus': 1, 'handbag': 1} | RSS 343.2 MB
== 2026-09-16T17:47:32Z [amd yolo11n #1] exit 0 after 20.9 s

== 2026-09-16T17:47:32Z [ignition yolo11n whole block #1] $ <conda envs>\mlir-aie-iron\python.exe live_ignition.py --model <ignite-xdna main>\build\yolo11n.ignite --source <Ignition main>\examples\assets\bus.jpg --headless --warmup 50 --frames 500 --json <scratch>\sitting_balanced\ign_yolo11n_whole_1.json
[Ignition] loading <ignite-xdna main>\build\yolo11n.ignite (bare-metal .ignite container)
[Ignition] Native XDNA1 NPU backend active (Device 0)
[Ignition] task: detect
[Ignition] power mode balanced: 8 worker threads, sleeping between regions (8 cores / 16 threads on this host)
[Ignition] source: image bus.jpg 810x1080
[Ignition] shutdown: source released, window closed, NPU hardware context released
[summary] stop: frame limit | 550 frames processed (50 warm-up, 500 timed) | 1 distinct source frames | image bus.jpg 810x1080
[summary] G2G mean 11.182 ms | P50 11.179 | P95 11.528 | P99 11.973 | max 12.389 | over the last 500 timed frames; cold first frame 15.28 ms
[summary] stage means (ms): preprocess 0.641 | NPU + host forward 10.492 (dispatch 8.362, host 1.636, readback 0.494) | decode+NMS 0.041
[summary] boxes from NPU heads on 500/500 timed frames | 6.00 detections per frame
[summary] RSS 203.1 MB at the first timed frame, 203.1 MB at the end (+0.01 MB over 500 frames)
[summary] wrote <scratch>\sitting_balanced\ign_yolo11n_whole_1.json
== 2026-09-16T17:47:38Z [ignition yolo11n whole block #1] exit 0 after 6.7 s

== 2026-09-16T17:47:38Z [ignition yolo11n attention core #1] $ <conda envs>\mlir-aie-iron\python.exe live_ignition.py --model <ignite-xdna main>\build\yolo11n_core.ignite --source <Ignition main>\examples\assets\bus.jpg --headless --warmup 50 --frames 500 --json <scratch>\sitting_balanced\ign_yolo11n_core_1.json
[Ignition] loading <ignite-xdna main>\build\yolo11n_core.ignite (bare-metal .ignite container)
[Ignition] Native XDNA1 NPU backend active (Device 0)
[Ignition] task: detect
[Ignition] power mode balanced: 8 worker threads, sleeping between regions (8 cores / 16 threads on this host)
[Ignition] source: image bus.jpg 810x1080
[Ignition] shutdown: source released, window closed, NPU hardware context released
[summary] stop: frame limit | 550 frames processed (50 warm-up, 500 timed) | 1 distinct source frames | image bus.jpg 810x1080
[summary] G2G mean 10.439 ms | P50 10.418 | P95 10.780 | P99 11.098 | max 27.024 | over the last 500 timed frames; cold first frame 14.19 ms
[summary] stage means (ms): preprocess 0.644 | NPU + host forward 9.750 (dispatch 8.748, host 0.527, readback 0.475) | decode+NMS 0.038
[summary] boxes from NPU heads on 500/500 timed frames | 6.00 detections per frame
[summary] RSS 201.2 MB at the first timed frame, 201.2 MB at the end (+0.00 MB over 500 frames)
[summary] wrote <scratch>\sitting_balanced\ign_yolo11n_core_1.json
== 2026-09-16T17:47:45Z [ignition yolo11n attention core #1] exit 0 after 6.3 s
[cpu] CPU 8.0 % over 2 s; busiest System Idle Process 0, System 0,  0, Registry 0
[xrt-smi before yolo11n #2] [003d:00:01.1] : NPU Phoenix | AIE Partitions | No hardware contexts running on device

== 2026-09-16T17:47:48Z [amd yolo11n #2] $ <conda envs>\resnet_env17\python.exe <ignite-xdna main>\tools\amd_vitisai_yolo.py --model <ignite-xdna main>\models\yolo11n_cut_xint8.onnx --image <Ignition main>\examples\assets\bus.jpg --ignition-src <Ignition main>\src --cache-dir <scratch>\vitisai_cache --cache-key yolo11ncutcachekey_sitting --xclbin <ignite-xdna main>\yolocutcachekey\4x4.xclbin --json <scratch>\sitting_balanced\amd_yolo11n_2.json
2026-09-16 13:47:48.7323841 [W:onnxruntime:, session_state.cc:1316 onnxruntime::VerifyEachNodeIsAssignedToAnEp] Some nodes were not assigned to the preferred execution providers which may or may not have an negative impact on performance. e.g. ORT explicitly assigns shape related ops to CPU to improve perf.
2026-09-16 13:47:48.7327216 [W:onnxruntime:, session_state.cc:1318 onnxruntime::VerifyEachNodeIsAssignedToAnEp] Rerunning with verbose output on a non-minimal build will show node assignments.
[amd] ort 1.23.3.dev20260320 | model yolo11n_cut_xint8.onnx | session load 0.49 s | EP report node devices report not found
[amd] G2G mean 36.644 ms | P50 36.715 | P95 38.128 | P99 39.058 | max 41.053 | over 500 timed frames after 50 warm-up
[amd] stage means (ms): letterbox 1.882 | session.run 32.827 | decode+NMS 1.935
[amd] detections on the last frame: 7 {'person': 5, 'bus': 1, 'handbag': 1} | RSS 343.1 MB
== 2026-09-16T17:48:09Z [amd yolo11n #2] exit 0 after 20.9 s

== 2026-09-16T17:48:09Z [ignition yolo11n whole block #2] $ <conda envs>\mlir-aie-iron\python.exe live_ignition.py --model <ignite-xdna main>\build\yolo11n.ignite --source <Ignition main>\examples\assets\bus.jpg --headless --warmup 50 --frames 500 --json <scratch>\sitting_balanced\ign_yolo11n_whole_2.json
[Ignition] loading <ignite-xdna main>\build\yolo11n.ignite (bare-metal .ignite container)
[Ignition] Native XDNA1 NPU backend active (Device 0)
[Ignition] task: detect
[Ignition] power mode balanced: 8 worker threads, sleeping between regions (8 cores / 16 threads on this host)
[Ignition] source: image bus.jpg 810x1080
[Ignition] shutdown: source released, window closed, NPU hardware context released
[summary] stop: frame limit | 550 frames processed (50 warm-up, 500 timed) | 1 distinct source frames | image bus.jpg 810x1080
[summary] G2G mean 11.177 ms | P50 11.170 | P95 11.482 | P99 11.688 | max 12.579 | over the last 500 timed frames; cold first frame 15.22 ms
[summary] stage means (ms): preprocess 0.637 | NPU + host forward 10.494 (dispatch 8.380, host 1.631, readback 0.483) | decode+NMS 0.039
[summary] boxes from NPU heads on 500/500 timed frames | 6.00 detections per frame
[summary] RSS 203.3 MB at the first timed frame, 203.3 MB at the end (+0.01 MB over 500 frames)
[summary] wrote <scratch>\sitting_balanced\ign_yolo11n_whole_2.json
== 2026-09-16T17:48:15Z [ignition yolo11n whole block #2] exit 0 after 6.7 s

== 2026-09-16T17:48:15Z [ignition yolo11n attention core #2] $ <conda envs>\mlir-aie-iron\python.exe live_ignition.py --model <ignite-xdna main>\build\yolo11n_core.ignite --source <Ignition main>\examples\assets\bus.jpg --headless --warmup 50 --frames 500 --json <scratch>\sitting_balanced\ign_yolo11n_core_2.json
[Ignition] loading <ignite-xdna main>\build\yolo11n_core.ignite (bare-metal .ignite container)
[Ignition] Native XDNA1 NPU backend active (Device 0)
[Ignition] task: detect
[Ignition] power mode balanced: 8 worker threads, sleeping between regions (8 cores / 16 threads on this host)
[Ignition] source: image bus.jpg 810x1080
[Ignition] shutdown: source released, window closed, NPU hardware context released
[summary] stop: frame limit | 550 frames processed (50 warm-up, 500 timed) | 1 distinct source frames | image bus.jpg 810x1080
[summary] G2G mean 10.369 ms | P50 10.385 | P95 10.743 | P99 11.142 | max 11.800 | over the last 500 timed frames; cold first frame 14.09 ms
[summary] stage means (ms): preprocess 0.645 | NPU + host forward 9.681 (dispatch 8.692, host 0.500, readback 0.489) | decode+NMS 0.036
[summary] boxes from NPU heads on 500/500 timed frames | 6.00 detections per frame
[summary] RSS 201.6 MB at the first timed frame, 201.6 MB at the end (+0.00 MB over 500 frames)
[summary] wrote <scratch>\sitting_balanced\ign_yolo11n_core_2.json
== 2026-09-16T17:48:22Z [ignition yolo11n attention core #2] exit 0 after 6.2 s

## Timed: YOLOv8n-pose
[cpu] CPU 7.6 % over 2 s; busiest System Idle Process 0, System 0,  0, Registry 0
[xrt-smi before pose #1] [003d:00:01.1] : NPU Phoenix | AIE Partitions | No hardware contexts running on device

== 2026-09-16T17:48:25Z [amd pose #1] $ <conda envs>\resnet_env17\python.exe pipelines/yolov8n-pose/4_pose.py --model models/yolov8n-pose_cut_xint8.onnx --ep npu --source assets/bus.jpg --warmup 50 --runs 500 --log 2 --out <scratch>\sitting_balanced\amd_pose_1.jpg
RYZEN_AI_INSTALLATION_PATH = C:\Program Files\RyzenAI\1.7.1
xclbin: C:\Program Files\RyzenAI\1.7.1\voe-4.0-win_amd64\xclbins\phoenix\4x4.xclbin
onnxruntime 1.23.3.dev20260320  providers: ['VitisAIExecutionProvider', 'DmlExecutionProvider', 'CPUExecutionProvider']
cache:  <ignite-xdna main>\yoloposecutcachekey
First run compiles the model. It takes a while and looks frozen. It isn't.
model: head-cut (9 outputs), decode tail runs in numpy
input: 640x640

=== NPU | models/yolov8n-pose_cut_xint8.onnx | 640px | assets/bus.jpg ===
infer   mean 8.72 ms   median 8.77 ms   p95 8.95 ms   (114.7 fps)
post    mean 0.11 ms
pre     mean 2.969 ms
g2g     mean 11.955 ms   p50 11.971   p95 12.215   p99 12.777 ms   over 500 runs (83.6 fps)
3 people:
   person 0.88  (45,397,196,509)  16/17 keypoints visible
   person 0.85  (224,406,118,451)  17/17 keypoints visible
   person 0.73  (669,399,140,477)  8/17 keypoints visible
wrote <scratch>\sitting_balanced\amd_pose_1.jpg
== 2026-09-16T17:48:32Z [amd pose #1] exit 0 after 7.3 s

== 2026-09-16T17:48:32Z [ignite pose #1] $ <conda envs>\mlir-aie-iron\python.exe pipelines/yolov8n-pose/4_pose.py --model build/yolov8n_pose.ignite --ep ignite --source assets/bus.jpg --warmup 50 --runs 500 --out <scratch>\sitting_balanced\ignite_pose_1.jpg
ignite_xdna: <ignite-xdna main>\ignite_xdna\__init__.py
model: graph-engine container (task pose), every layer on the NPU, decode tail runs in numpy, ingress native
input: 640x640

=== IGNITE | build/yolov8n_pose.ignite | 640px | assets/bus.jpg ===
infer   mean 8.33 ms   median 8.33 ms   p95 8.41 ms   (120.1 fps)
post    mean 0.08 ms
pre     mean 0.574 ms
g2g     mean 8.987 ms   p50 8.956   p95 9.225   p99 9.500 ms   over 500 runs (111.3 fps)
3 people:
   person 0.94  (218,405,124,450)  17/17 keypoints visible
   person 0.92  (44,398,204,504)  16/17 keypoints visible
   person 0.88  (668,393,143,484)  10/17 keypoints visible
wrote <scratch>\sitting_balanced\ignite_pose_1.jpg
== 2026-09-16T17:48:37Z [ignite pose #1] exit 0 after 5.3 s

== 2026-09-16T17:48:37Z [ignition pose #1] $ <conda envs>\mlir-aie-iron\python.exe live_ignition.py --model <ignite-xdna main>\build\yolov8n_pose.ignite --source <ignite-xdna main>\assets\bus.jpg --headless --warmup 50 --frames 500 --json <scratch>\sitting_balanced\ign_pose_1.json
[Ignition] loading <ignite-xdna main>\build\yolov8n_pose.ignite (bare-metal .ignite container)
[Ignition] Native XDNA1 NPU backend active (Device 0)
[Ignition] task: pose
[Ignition] power mode balanced: 8 worker threads, sleeping between regions (8 cores / 16 threads on this host)
[Ignition] source: image bus.jpg 810x1080
[Ignition] shutdown: source released, window closed, NPU hardware context released
[summary] stop: frame limit | 550 frames processed (50 warm-up, 500 timed) | 1 distinct source frames | image bus.jpg 810x1080
[summary] G2G mean 9.025 ms | P50 8.997 | P95 9.270 | P99 9.443 | max 9.842 | over the last 500 timed frames; cold first frame 12.07 ms
[summary] stage means (ms): preprocess 0.591 | NPU forward 8.115 (dispatch 7.564, readback 0.536) | decode+NMS 0.314
[summary] keypoints from NPU heads on 500/500 timed frames | 3.00 people per frame
[summary] RSS 181.5 MB at the first timed frame, 181.6 MB at the end (+0.10 MB over 500 frames)
[summary] wrote <scratch>\sitting_balanced\ign_pose_1.json
== 2026-09-16T17:48:43Z [ignition pose #1] exit 0 after 5.4 s
[cpu] CPU 7.2 % over 2 s; busiest System Idle Process 0, System 0,  0, Registry 0
[xrt-smi before pose #2] [003d:00:01.1] : NPU Phoenix | AIE Partitions | No hardware contexts running on device

== 2026-09-16T17:48:46Z [amd pose #2] $ <conda envs>\resnet_env17\python.exe pipelines/yolov8n-pose/4_pose.py --model models/yolov8n-pose_cut_xint8.onnx --ep npu --source assets/bus.jpg --warmup 50 --runs 500 --log 2 --out <scratch>\sitting_balanced\amd_pose_2.jpg
RYZEN_AI_INSTALLATION_PATH = C:\Program Files\RyzenAI\1.7.1
xclbin: C:\Program Files\RyzenAI\1.7.1\voe-4.0-win_amd64\xclbins\phoenix\4x4.xclbin
onnxruntime 1.23.3.dev20260320  providers: ['VitisAIExecutionProvider', 'DmlExecutionProvider', 'CPUExecutionProvider']
cache:  <ignite-xdna main>\yoloposecutcachekey
First run compiles the model. It takes a while and looks frozen. It isn't.
model: head-cut (9 outputs), decode tail runs in numpy
input: 640x640

=== NPU | models/yolov8n-pose_cut_xint8.onnx | 640px | assets/bus.jpg ===
infer   mean 8.72 ms   median 8.75 ms   p95 8.96 ms   (114.7 fps)
post    mean 0.12 ms
pre     mean 3.024 ms
g2g     mean 12.020 ms   p50 11.996   p95 12.335   p99 13.118 ms   over 500 runs (83.2 fps)
3 people:
   person 0.88  (45,397,196,509)  16/17 keypoints visible
   person 0.85  (224,406,118,451)  17/17 keypoints visible
   person 0.73  (669,399,140,477)  8/17 keypoints visible
wrote <scratch>\sitting_balanced\amd_pose_2.jpg
== 2026-09-16T17:48:53Z [amd pose #2] exit 0 after 7.3 s

== 2026-09-16T17:48:53Z [ignite pose #2] $ <conda envs>\mlir-aie-iron\python.exe pipelines/yolov8n-pose/4_pose.py --model build/yolov8n_pose.ignite --ep ignite --source assets/bus.jpg --warmup 50 --runs 500 --out <scratch>\sitting_balanced\ignite_pose_2.jpg
ignite_xdna: <ignite-xdna main>\ignite_xdna\__init__.py
model: graph-engine container (task pose), every layer on the NPU, decode tail runs in numpy, ingress native
input: 640x640

=== IGNITE | build/yolov8n_pose.ignite | 640px | assets/bus.jpg ===
infer   mean 8.35 ms   median 8.36 ms   p95 8.44 ms   (119.7 fps)
post    mean 0.08 ms
pre     mean 0.599 ms
g2g     mean 9.039 ms   p50 9.002   p95 9.305   p99 9.601 ms   over 500 runs (110.6 fps)
3 people:
   person 0.94  (218,405,124,450)  17/17 keypoints visible
   person 0.92  (44,398,204,504)  16/17 keypoints visible
   person 0.88  (668,393,143,484)  10/17 keypoints visible
wrote <scratch>\sitting_balanced\ignite_pose_2.jpg
== 2026-09-16T17:48:58Z [ignite pose #2] exit 0 after 5.4 s

== 2026-09-16T17:48:58Z [ignition pose #2] $ <conda envs>\mlir-aie-iron\python.exe live_ignition.py --model <ignite-xdna main>\build\yolov8n_pose.ignite --source <ignite-xdna main>\assets\bus.jpg --headless --warmup 50 --frames 500 --json <scratch>\sitting_balanced\ign_pose_2.json
[Ignition] loading <ignite-xdna main>\build\yolov8n_pose.ignite (bare-metal .ignite container)
[Ignition] Native XDNA1 NPU backend active (Device 0)
[Ignition] task: pose
[Ignition] power mode balanced: 8 worker threads, sleeping between regions (8 cores / 16 threads on this host)
[Ignition] source: image bus.jpg 810x1080
[Ignition] shutdown: source released, window closed, NPU hardware context released
[summary] stop: frame limit | 550 frames processed (50 warm-up, 500 timed) | 1 distinct source frames | image bus.jpg 810x1080
[summary] G2G mean 8.970 ms | P50 8.934 | P95 9.278 | P99 9.623 | max 9.901 | over the last 500 timed frames; cold first frame 12.30 ms
[summary] stage means (ms): preprocess 0.577 | NPU forward 8.069 (dispatch 7.527, readback 0.526) | decode+NMS 0.319
[summary] keypoints from NPU heads on 500/500 timed frames | 3.00 people per frame
[summary] RSS 181.5 MB at the first timed frame, 181.7 MB at the end (+0.21 MB over 500 frames)
[summary] wrote <scratch>\sitting_balanced\ign_pose_2.json
== 2026-09-16T17:49:04Z [ignition pose #2] exit 0 after 5.3 s
[xrt-smi after] [003d:00:01.1] : NPU Phoenix | AIE Partitions | No hardware contexts running on device

# end 2026-09-16T17:49:04Z exit 0
