# Model-zoo merge on Device 0 [003d:00:01.1], started 2026-09-14 22:09:56 UTC
# host DESKTOP-CBL5NUA (Desktop 2) | ignite-xdna v0.1.0-phoenix-npu-9-g6bd2718 (6bd2718280793817142d11f4443253c087944ad7) | Ignition v0.2.0-20-g3cf2c49 (3cf2c490035f24d57ea99a90d9b380a89ed67eeb)
# Steps run one at a time from <ignite-xdna> (Ignition steps from <Ignition>). NPU steps read xrt-smi before
# and after; a context before a step stops the sitting. Camera-tool [hud] lines for runs over 20 frames are
# kept for frames 1-3, every 100th and the last; their [summary] lines cover every timed frame.
# Containers before the sitting: {"yolov8n_full": {"sha16": "d08bac20aa1c0d6e", "bytes": 8823680}, "yolov8s": {"sha16": "5dd57f130c54ce9a", "bytes": 30743680}, "sesr_m7": {"sha16": "6904efef68d32776", "bytes": 511168}} (build/, from the 12:47 UTC
# sitting); the main checkout's pre-model-zoo yolov8n_full.ignite {"sha16": "ce64c451ea9bd620", "bytes": 8822528}
===== [1/20] imports under scripts/research-iron.sh =====
$ C:\Program Files\Git\usr\bin\bash.exe scripts/research-iron.sh -c import sys, runpy; sys.path[:0] = ['src', '.']; import ignite_xdna, ignite_xdna.pipelines.decode_native as dn; print('[pin]', ignite_xdna.__file__, '| decode_native', dn.__file__, 'available', dn.available(), flush=True); script = sys.argv[1]; sys.argv = sys.argv[1:]; runpy.run_path(script, run_name='__main__') tools/verify_engine_container.py --help
[pin] <ignite-xdna>\src\ignite_xdna\__init__.py | decode_native <ignite-xdna>\src\ignite_xdna\pipelines\decode_native.py available True
usage: verify_engine_container.py [-h] --container CONTAINER --model MODEL
                                  [--image IMAGE] [--device DEVICE]
                                  [--iters ITERS] [--json JSON]

Run a graph-engine .ignite container on Device 0 and compare every layer tensor with the integer reference.

    bash scripts/research-iron.sh tools/verify_engine_container.py --container build/yolov8s.ignite         --model models/yolov8s_cut_xint8.onnx [--image assets/bus.jpg] [--iters 20]

The reference is ``graph_reference.run_direct`` on the same quantized input (itself checked
against ONNX Runtime's uint8 intermediates by the compiler tests). The input is staged into the
container's input plane already quantized, so the comparison isolates the device: every conv,
pool and residual tensor the workspace holds after one dispatch is read back and compared byte
for byte. ``--iters`` then times further dispatches of the same frame. Exit 0 only if every
layer is exact.

Detection containers take the image resized to the model input, RGB / 255; super-resolution
containers take it resized to the model input, RGB minus 128 (the models' own QuantizeLinear
then gives the uint8 input).

options:
  -h, --help            show this help message and exit
  --container CONTAINER
  --model MODEL         the QDQ ONNX model the container was compiled from
  --image IMAGE
  --device DEVICE
  --iters ITERS         extra timed dispatches after the checked one
  --json JSON           write per-layer results and timings here
[rc] 0 in 0.5 s
===== [2/20] imports under mlir-aie-iron from the Ignition worktree =====
$ C:\Users\<user>\miniforge3\envs\mlir-aie-iron\python.exe -c import sys, json; sys.path.insert(0, 'src'); import ignition, ignition.pipelines.vision as v, ignite_xdna; import ignite_xdna.pipelines.sr_pipeline as sr, ignite_xdna.pipelines.decode_native as dn; print('[pin]', json.dumps({'ignition': ignition.__file__, 'vision': v.__file__, 'ignite_xdna': ignite_xdna.__file__, 'sr_pipeline': sr.__file__, 'decode_native_available': dn.available()}), flush=True)
cwd: <Ignition>
env: {"PYTHONPATH": "<ignite-xdna>\\src"}
[pin] {"ignition": "<Ignition>\\src\\ignition\\__init__.py", "vision": "<Ignition>\\src\\ignition\\pipelines\\vision.py", "ignite_xdna": "<ignite-xdna>\\src\\ignite_xdna\\__init__.py", "sr_pipeline": "<ignite-xdna>\\src\\ignite_xdna\\pipelines\\sr_pipeline.py", "decode_native_available": true}
[rc] 0 in 0.3 s
===== [3/20] compile yolov8n_full from the merged tree =====
$ C:\Program Files\Git\usr\bin\bash.exe scripts/research-iron.sh -c import sys; sys.path[:0] = ['src', '.']; import ignite_xdna, kernels.aie2.conv_engine.design as d; print('[pin]', ignite_xdna.__file__, d.__file__, flush=True); from ignite_xdna.compiler.cli import main; raise SystemExit(main(sys.argv[1:])) compile --model models/yolov8n_cut_xint8.onnx --output build/merged/yolov8n_full.ignite
[pin] <ignite-xdna>\src\ignite_xdna\__init__.py <ignite-xdna>\kernels\aie2\conv_engine\design.py
[*] Lowered 66 layers; workspace 22.0 MB; 1415 rounds, 8.16 MB static packets
[+] build\merged\yolov8n_full.ignite written: 8,823,680 bytes in 11.9 s (xclbin 188,542 B, insts 430,180 B, packets 8,164,864 B)
    [OK] head_status: present (six heads declared in head_layout, 1209600 of 1209600 egress bytes)
    [OK] egress bytes: 1,209,600

All compilation and packaging checks passed successfully!
[rc] 0 in 12.5 s
===== [4/20] compile yolov8s from the merged tree =====
$ C:\Program Files\Git\usr\bin\bash.exe scripts/research-iron.sh -c import sys; sys.path[:0] = ['src', '.']; import ignite_xdna, kernels.aie2.conv_engine.design as d; print('[pin]', ignite_xdna.__file__, d.__file__, flush=True); from ignite_xdna.compiler.cli import main; raise SystemExit(main(sys.argv[1:])) compile --model models/yolov8s_cut_xint8.onnx --output build/merged/yolov8s.ignite
[pin] <ignite-xdna>\src\ignite_xdna\__init__.py <ignite-xdna>\kernels\aie2\conv_engine\design.py
[*] Lowered 66 layers; workspace 32.2 MB; 2173 rounds, 29.50 MB static packets
[+] build\merged\yolov8s.ignite written: 30,743,680 bytes in 25.6 s (xclbin 188,542 B, insts 1,019,140 B, packets 29,495,808 B)
    [OK] head_status: present (six heads declared in head_layout, 1209600 of 1209600 egress bytes)
    [OK] egress bytes: 1,209,600

All compilation and packaging checks passed successfully!
[rc] 0 in 26.1 s
===== [5/20] compile sesr_m7 from the merged tree =====
$ C:\Program Files\Git\usr\bin\bash.exe scripts/research-iron.sh -c import sys; sys.path[:0] = ['src', '.']; import ignite_xdna, kernels.aie2.conv_engine.design as d; print('[pin]', ignite_xdna.__file__, d.__file__, flush=True); from ignite_xdna.compiler.cli import main; raise SystemExit(main(sys.argv[1:])) compile --model models/sesr_m7_xint8.onnx --output build/merged/sesr_m7.ignite
[pin] <ignite-xdna>\src\ignite_xdna\__init__.py <ignite-xdna>\kernels\aie2\conv_engine\design.py
[*] Lowered 9 layers; workspace 19.7 MB; 1521 rounds, 0.17 MB static packets
[+] build\merged\sesr_m7.ignite written: 511,168 bytes in 6.6 s (xclbin 188,542 B, insts 144,880 B, packets 170,496 B)
    [OK] dense output: 12x256x256 uint8 at scale 2.0, host depth_to_space x2 -> image [1, 3, 512, 512]
    [OK] egress bytes: 786,432

All compilation and packaging checks passed successfully!
[rc] 0 in 7.2 s
[containers] rebuilt from the merged tree: {"yolov8n_full": {"sha16": "6748a1773bbc567b", "bytes": 8823680, "identical_to_branch_sitting_build": false}, "yolov8s": {"sha16": "ebae786b08737a2f", "bytes": 30743680, "identical_to_branch_sitting_build": false}, "sesr_m7": {"sha16": "296a0238b0fd6402", "bytes": 511168, "identical_to_branch_sitting_build": false}}
===== [6/20] verify yolov8n_full per layer =====
$ C:\Program Files\Git\usr\bin\bash.exe scripts/research-iron.sh -c import sys, runpy; sys.path[:0] = ['src', '.']; import ignite_xdna, ignite_xdna.pipelines.decode_native as dn; print('[pin]', ignite_xdna.__file__, '| decode_native', dn.__file__, 'available', dn.available(), flush=True); script = sys.argv[1]; sys.argv = sys.argv[1:]; runpy.run_path(script, run_name='__main__') tools/verify_engine_container.py --container build/merged/yolov8n_full.ignite --model models/yolov8n_cut_xint8.onnx --iters 200 --json <sitting>\json\verify_yolov8n_full.json
[xrt-smi before] idle=True: ----------------------------- | [003d:00:01.1] : NPU Phoenix | ----------------------------- | AIE Partitions | No hardware contexts running on device
[pin] <ignite-xdna>\src\ignite_xdna\__init__.py | decode_native <ignite-xdna>\src\ignite_xdna\pipelines\decode_native.py available True
[verify] detect container yolov8n_full.ignite: 66 layers, reference in 0.5 s
  L 0 /model.0/conv/Conv                           EXACT
  L 1 /model.1/conv/Conv                           EXACT
  L 2 /model.2/cv1/conv/Conv                       EXACT
  L 3 /model.2/m.0/cv1/conv/Conv                   EXACT
  L 4 /model.2/m.0/cv2/conv/Conv                   EXACT
  L 5 /model.2/cv2/conv/Conv                       EXACT
  L 6 /model.3/conv/Conv                           EXACT
  L 7 /model.4/cv1/conv/Conv                       EXACT
  L 8 /model.4/m.0/cv1/conv/Conv                   EXACT
  L 9 /model.4/m.0/cv2/conv/Conv                   EXACT
  L10 /model.4/m.1/cv1/conv/Conv                   EXACT
  L11 /model.4/m.1/cv2/conv/Conv                   EXACT
  L12 /model.4/cv2/conv/Conv                       EXACT
  L13 /model.5/conv/Conv                           EXACT
  L14 /model.6/cv1/conv/Conv                       EXACT
  L15 /model.6/m.0/cv1/conv/Conv                   EXACT
  L16 /model.6/m.0/cv2/conv/Conv                   EXACT
  L17 /model.6/m.1/cv1/conv/Conv                   EXACT
  L18 /model.6/m.1/cv2/conv/Conv                   EXACT
  L19 /model.6/cv2/conv/Conv                       EXACT
  L20 /model.7/conv/Conv                           EXACT
  L21 /model.8/cv1/conv/Conv                       EXACT
  L22 /model.8/m.0/cv1/conv/Conv                   EXACT
  L23 /model.8/m.0/cv2/conv/Conv                   EXACT
  L24 /model.8/cv2/conv/Conv                       EXACT
  L25 /model.9/cv1/conv/Conv                       EXACT
  L26 /model.9/m/MaxPool                           EXACT
  L27 /model.9/m_1/MaxPool                         EXACT
  L28 /model.9/m_2/MaxPool                         EXACT
  L29 /model.9/cv2/conv/Conv                       EXACT
  L30 /model.12/cv1/conv/Conv                      EXACT
  L31 /model.12/m.0/cv1/conv/Conv                  EXACT
  L32 /model.12/m.0/cv2/conv/Conv                  EXACT
  L33 /model.12/cv2/conv/Conv                      EXACT
  L34 /model.15/cv1/conv/Conv                      EXACT
  L35 /model.15/m.0/cv1/conv/Conv                  EXACT
  L36 /model.15/m.0/cv2/conv/Conv                  EXACT
  L37 /model.15/cv2/conv/Conv                      EXACT
  L38 /model.16/conv/Conv                          EXACT
  L39 /model.22/cv2.0/cv2.0.0/conv/Conv            EXACT
  L40 /model.22/cv3.0/cv3.0.0/conv/Conv            EXACT
  L41 /model.22/cv2.0/cv2.0.1/conv/Conv            EXACT
  L42 /model.22/cv3.0/cv3.0.1/conv/Conv            EXACT
  L43 /model.18/cv1/conv/Conv                      EXACT
  L44 /model.22/cv2.0/cv2.0.2/Conv                 EXACT
  L45 /model.22/cv3.0/cv3.0.2/Conv                 EXACT
  L46 /model.18/m.0/cv1/conv/Conv                  EXACT
  L47 /model.18/m.0/cv2/conv/Conv                  EXACT
  L48 /model.18/cv2/conv/Conv                      EXACT
  L49 /model.19/conv/Conv                          EXACT
  L50 /model.22/cv2.1/cv2.1.0/conv/Conv            EXACT
  L51 /model.22/cv3.1/cv3.1.0/conv/Conv            EXACT
  L52 /model.22/cv2.1/cv2.1.1/conv/Conv            EXACT
  L53 /model.22/cv3.1/cv3.1.1/conv/Conv            EXACT
  L54 /model.21/cv1/conv/Conv                      EXACT
  L55 /model.22/cv2.1/cv2.1.2/Conv                 EXACT
  L56 /model.22/cv3.1/cv3.1.2/Conv                 EXACT
  L57 /model.21/m.0/cv1/conv/Conv                  EXACT
  L58 /model.21/m.0/cv2/conv/Conv                  EXACT
  L59 /model.21/cv2/conv/Conv                      EXACT
  L60 /model.22/cv2.2/cv2.2.0/conv/Conv            EXACT
  L61 /model.22/cv3.2/cv3.2.0/conv/Conv            EXACT
  L62 /model.22/cv2.2/cv2.2.1/conv/Conv            EXACT
  L63 /model.22/cv3.2/cv3.2.1/conv/Conv            EXACT
  L64 /model.22/cv2.2/cv2.2.2/Conv                 EXACT
  L65 /model.22/cv3.2/cv3.2.2/Conv                 EXACT
[verify] 66/66 layers exact | first dispatch 8.918 ms | dispatch mean 7.379 ms, min 7.161, max 7.873 over 200
[verify] PASS
[xrt-smi after] idle=True: ----------------------------- | [003d:00:01.1] : NPU Phoenix | ----------------------------- | AIE Partitions | No hardware contexts running on device
[rc] 0 in 2.6 s
===== [7/20] verify yolov8s per layer =====
$ C:\Program Files\Git\usr\bin\bash.exe scripts/research-iron.sh -c import sys, runpy; sys.path[:0] = ['src', '.']; import ignite_xdna, ignite_xdna.pipelines.decode_native as dn; print('[pin]', ignite_xdna.__file__, '| decode_native', dn.__file__, 'available', dn.available(), flush=True); script = sys.argv[1]; sys.argv = sys.argv[1:]; runpy.run_path(script, run_name='__main__') tools/verify_engine_container.py --container build/merged/yolov8s.ignite --model models/yolov8s_cut_xint8.onnx --iters 200 --json <sitting>\json\verify_yolov8s.json
[xrt-smi before] idle=True: ----------------------------- | [003d:00:01.1] : NPU Phoenix | ----------------------------- | AIE Partitions | No hardware contexts running on device
[pin] <ignite-xdna>\src\ignite_xdna\__init__.py | decode_native <ignite-xdna>\src\ignite_xdna\pipelines\decode_native.py available True
[verify] detect container yolov8s.ignite: 66 layers, reference in 1.0 s
  L 0 /model.0/conv/Conv                           EXACT
  L 1 /model.1/conv/Conv                           EXACT
  L 2 /model.2/cv1/conv/Conv                       EXACT
  L 3 /model.2/m.0/cv1/conv/Conv                   EXACT
  L 4 /model.2/m.0/cv2/conv/Conv                   EXACT
  L 5 /model.2/cv2/conv/Conv                       EXACT
  L 6 /model.3/conv/Conv                           EXACT
  L 7 /model.4/cv1/conv/Conv                       EXACT
  L 8 /model.4/m.0/cv1/conv/Conv                   EXACT
  L 9 /model.4/m.0/cv2/conv/Conv                   EXACT
  L10 /model.4/m.1/cv1/conv/Conv                   EXACT
  L11 /model.4/m.1/cv2/conv/Conv                   EXACT
  L12 /model.4/cv2/conv/Conv                       EXACT
  L13 /model.5/conv/Conv                           EXACT
  L14 /model.6/cv1/conv/Conv                       EXACT
  L15 /model.6/m.0/cv1/conv/Conv                   EXACT
  L16 /model.6/m.0/cv2/conv/Conv                   EXACT
  L17 /model.6/m.1/cv1/conv/Conv                   EXACT
  L18 /model.6/m.1/cv2/conv/Conv                   EXACT
  L19 /model.6/cv2/conv/Conv                       EXACT
  L20 /model.7/conv/Conv                           EXACT
  L21 /model.8/cv1/conv/Conv                       EXACT
  L22 /model.8/m.0/cv1/conv/Conv                   EXACT
  L23 /model.8/m.0/cv2/conv/Conv                   EXACT
  L24 /model.8/cv2/conv/Conv                       EXACT
  L25 /model.9/cv1/conv/Conv                       EXACT
  L26 /model.9/m/MaxPool                           EXACT
  L27 /model.9/m_1/MaxPool                         EXACT
  L28 /model.9/m_2/MaxPool                         EXACT
  L29 /model.9/cv2/conv/Conv                       EXACT
  L30 /model.12/cv1/conv/Conv                      EXACT
  L31 /model.12/m.0/cv1/conv/Conv                  EXACT
  L32 /model.12/m.0/cv2/conv/Conv                  EXACT
  L33 /model.12/cv2/conv/Conv                      EXACT
  L34 /model.15/cv1/conv/Conv                      EXACT
  L35 /model.15/m.0/cv1/conv/Conv                  EXACT
  L36 /model.15/m.0/cv2/conv/Conv                  EXACT
  L37 /model.15/cv2/conv/Conv                      EXACT
  L38 /model.16/conv/Conv                          EXACT
  L39 /model.22/cv2.0/cv2.0.0/conv/Conv            EXACT
  L40 /model.22/cv3.0/cv3.0.0/conv/Conv            EXACT
  L41 /model.22/cv2.0/cv2.0.1/conv/Conv            EXACT
  L42 /model.22/cv3.0/cv3.0.1/conv/Conv            EXACT
  L43 /model.18/cv1/conv/Conv                      EXACT
  L44 /model.22/cv2.0/cv2.0.2/Conv                 EXACT
  L45 /model.22/cv3.0/cv3.0.2/Conv                 EXACT
  L46 /model.18/m.0/cv1/conv/Conv                  EXACT
  L47 /model.18/m.0/cv2/conv/Conv                  EXACT
  L48 /model.18/cv2/conv/Conv                      EXACT
  L49 /model.19/conv/Conv                          EXACT
  L50 /model.22/cv2.1/cv2.1.0/conv/Conv            EXACT
  L51 /model.22/cv3.1/cv3.1.0/conv/Conv            EXACT
  L52 /model.22/cv2.1/cv2.1.1/conv/Conv            EXACT
  L53 /model.22/cv3.1/cv3.1.1/conv/Conv            EXACT
  L54 /model.21/cv1/conv/Conv                      EXACT
  L55 /model.22/cv2.1/cv2.1.2/Conv                 EXACT
  L56 /model.22/cv3.1/cv3.1.2/Conv                 EXACT
  L57 /model.21/m.0/cv1/conv/Conv                  EXACT
  L58 /model.21/m.0/cv2/conv/Conv                  EXACT
  L59 /model.21/cv2/conv/Conv                      EXACT
  L60 /model.22/cv2.2/cv2.2.0/conv/Conv            EXACT
  L61 /model.22/cv3.2/cv3.2.0/conv/Conv            EXACT
  L62 /model.22/cv2.2/cv2.2.1/conv/Conv            EXACT
  L63 /model.22/cv3.2/cv3.2.1/conv/Conv            EXACT
  L64 /model.22/cv2.2/cv2.2.2/Conv                 EXACT
  L65 /model.22/cv3.2/cv3.2.2/Conv                 EXACT
[verify] 66/66 layers exact | first dispatch 18.543 ms | dispatch mean 16.959 ms, min 16.684, max 17.517 over 200
[verify] PASS
[xrt-smi after] idle=True: ----------------------------- | [003d:00:01.1] : NPU Phoenix | ----------------------------- | AIE Partitions | No hardware contexts running on device
[rc] 0 in 5.1 s
===== [8/20] verify sesr_m7 per layer =====
$ C:\Program Files\Git\usr\bin\bash.exe scripts/research-iron.sh -c import sys, runpy; sys.path[:0] = ['src', '.']; import ignite_xdna, ignite_xdna.pipelines.decode_native as dn; print('[pin]', ignite_xdna.__file__, '| decode_native', dn.__file__, 'available', dn.available(), flush=True); script = sys.argv[1]; sys.argv = sys.argv[1:]; runpy.run_path(script, run_name='__main__') tools/verify_engine_container.py --container build/merged/sesr_m7.ignite --model models/sesr_m7_xint8.onnx --iters 200 --json <sitting>\json\verify_sesr_m7.json
[xrt-smi before] idle=True: ----------------------------- | [003d:00:01.1] : NPU Phoenix | ----------------------------- | AIE Partitions | No hardware contexts running on device
[pin] <ignite-xdna>\src\ignite_xdna\__init__.py | decode_native <ignite-xdna>\src\ignite_xdna\pipelines\decode_native.py available True
[verify] super_resolution container sesr_m7.ignite: 9 layers, reference in 0.4 s
  L 0 /head/Conv                                   EXACT
  L 1 /body.0/body.0.0/Conv                        EXACT
  L 2 /body.1/body.1.0/Conv                        EXACT
  L 3 /body.2/body.2.0/Conv                        EXACT
  L 4 /body.3/body.3.0/Conv                        EXACT
  L 5 /body.4/body.4.0/Conv                        EXACT
  L 6 /body.5/body.5.0/Conv                        EXACT
  L 7 /body.6/body.6.0/Conv                        EXACT
  L 8 /tail/Conv                                   EXACT
[verify] 9/9 layers exact | first dispatch 5.830 ms | dispatch mean 4.291 ms, min 4.126, max 4.763 over 200
[verify] PASS
[xrt-smi after] idle=True: ----------------------------- | [003d:00:01.1] : NPU Phoenix | ----------------------------- | AIE Partitions | No hardware contexts running on device
[rc] 0 in 1.9 s
===== [9/20] tests yolov8n_full, rebuilt container (default budgets 8.0 / 9.5 ms) =====
$ C:\Program Files\Git\usr\bin\bash.exe scripts/research-iron.sh -c import sys, runpy; sys.path[:0] = ['src', '.']; import ignite_xdna, ignite_xdna.pipelines.decode_native as dn; print('[pin]', ignite_xdna.__file__, '| decode_native', dn.__file__, 'available', dn.available(), flush=True); script = sys.argv[1]; sys.argv = sys.argv[1:]; runpy.run_path(script, run_name='__main__') tests/test_npu_inference.py DetectHeadLayoutOffline CameraCaptureOffline NpuInferenceOnSilicon
env: {"IGNITE_MODEL": "build/merged/yolov8n_full.ignite"}
[xrt-smi before] idle=True: ----------------------------- | [003d:00:01.1] : NPU Phoenix | ----------------------------- | AIE Partitions | No hardware contexts running on device
[pin] <ignite-xdna>\src\ignite_xdna\__init__.py | decode_native <ignite-xdna>\src\ignite_xdna\pipelines\decode_native.py available True

[decode] synthetic heads: 5 detections, classes ['bus', 'car', 'person'], int8 path == float path

[oracle] bus.jpg: 5 detections: person 0.90, person 0.88, person 0.88, person 0.50, bus 0.50

[camera] index 99: MSMF not opened 0.05s; DSHOW not opened 0.00s; ANY not opened 0.05s; MSMF not opened 0.05s; DSHOW not opened 0.00s; ANY not opened 0.05s

[silicon] heads present: six heads declared in head_layout, 1209600 of 1209600 egress bytes
[silicon] IoU vs oracle per detection: [1.0, 1.0, 1.0, 1.0, 1.0]

[silicon] 500 frames (1280x720 synthetic): G2G mean 7.772 ms median 7.785 p95 7.904 p99 8.013 max 8.242 | preprocess 0.357 | NPU 7.403 | postprocess 0.013 ms | boxes from ['npu'] | buffer objects allocated after warm-up: {'host_bo': 0, 'instr_bo': 0} | working set 300.2 -> 300.2 MB (+0.04 MB)

[camera-tool] [Ignition] Initializing bare-metal detect pipeline (yolov8n_cut_xint8) on Device 0 from build\merged\yolov8n_full.ignite ... | [Ignition] NPU heads present: six heads declared in head_layout, 1209600 of 1209600 egress bytes | [Ignition] boxes: npu | [Ignition] source: image <ignite-xdna>\assets\bus.jpg | [hud] frame 1/5 | Ignition yolov8n_cut_xint8 | Device 0 | G2G 11.82 ms | NPU  9.28 ms | loop   83.1 FPS | objects 5 | boxes: npu | NPU heads: present | [hud] frame 2/5 | Ignition yolov8n_cut_xint8 | Device 0 | G2G  7.83 ms | NPU  7.45 ms | loop   47.9 FPS | objects 5 | boxes: npu | NPU heads: present | [hud] frame 3/5 | Ignition yolov8n_cut_xint8 | Device 0 | G2G  7.95 ms | NPU  7.60 ms | loop   83.1 FPS | objects 5 | boxes: npu | NPU heads: present | [hud] frame 4/5 | Ignition yolov8n_cut_xint8 | Device 0 | G2G  7.90 ms | NPU  7.42 ms | loop   97.0 FPS | objects 5 | boxes: npu | NPU heads: present | [hud] frame 5/5 | Ignition yolov8n_cut_xint8 | Device 0 | G2G  7.81 ms | NPU  7.47 ms | loop  116.6 FPS | objects 5 | boxes: npu | NPU heads: present | [summary] frames 5 | warm-up 0 | source image | yolov8n_cut_xint8 (detect) | G2G mean 8.664 ms median 7.904 p95 11.047 p99 11.667 max 11.822 | boxes npu | 5.00 objects per frame | NPU heads present | [summary] stages (ms): host staging mean 0.687 p50 0.333 p99 1.992 | NPU dispatch mean 7.574 p50 7.285 p99 8.758 | egress readback mean 0.269 p50 0.205 p99 0.454 | NPU forward mean 7.842 p50 7.467 p99 9.212 | postprocess mean 0.134 p50 0.047 p99 0.469 | [Ignition] Hardware context released.
[stderr]
test_01_shipped_container_reports_heads_absent (__main__.DetectHeadLayoutOffline.test_01_shipped_container_reports_heads_absent) ... ok
test_02_layout_rejects_malformed_declarations (__main__.DetectHeadLayoutOffline.test_02_layout_rejects_malformed_declarations) ... ok
test_03_pack_unpack_round_trip_is_exact_and_zero_copy (__main__.DetectHeadLayoutOffline.test_03_pack_unpack_round_trip_is_exact_and_zero_copy) ... ok
test_04_int8_pruning_matches_float_decode (__main__.DetectHeadLayoutOffline.test_04_int8_pruning_matches_float_decode) ... ok
test_05_cpu_oracle_on_bus_jpg_decodes_person_and_bus (__main__.DetectHeadLayoutOffline.test_05_cpu_oracle_on_bus_jpg_decodes_person_and_bus) ... ok
test_06_camera_manager_degrades_without_a_camera (__main__.CameraCaptureOffline.test_06_camera_manager_degrades_without_a_camera) ... [ WARN:0@0.000] global cap_ffmpeg_impl.hpp:1246 open VIDEOIO/FFMPEG: OpenCV should be configured with libavdevice to open a camera device
ok
test_07_image_source_and_property_readback (__main__.CameraCaptureOffline.test_07_image_source_and_property_readback) ... ok
test_10_head_status_and_oracle_free_detections (__main__.NpuInferenceOnSilicon.test_10_head_status_and_oracle_free_detections) ... ok
test_11_hundred_frames_no_buffer_growth_and_latency (__main__.NpuInferenceOnSilicon.test_11_hundred_frames_no_buffer_growth_and_latency)
N_FRAMES continuous frames: no buffer objects allocated, < 5 MB working-set drift, G2G within budget. ... ok
test_12_camera_tool_headless_on_bus_jpg (__main__.NpuInferenceOnSilicon.test_12_camera_tool_headless_on_bus_jpg) ... ok

----------------------------------------------------------------------
Ran 10 tests in 5.547s

OK
[xrt-smi after] idle=True: ----------------------------- | [003d:00:01.1] : NPU Phoenix | ----------------------------- | AIE Partitions | No hardware contexts running on device
[rc] 0 in 6.0 s
===== [10/20] tests yolov8n_full, pre-model-zoo container (default budgets 8.0 / 9.5 ms) =====
$ C:\Program Files\Git\usr\bin\bash.exe scripts/research-iron.sh -c import sys, runpy; sys.path[:0] = ['src', '.']; import ignite_xdna, ignite_xdna.pipelines.decode_native as dn; print('[pin]', ignite_xdna.__file__, '| decode_native', dn.__file__, 'available', dn.available(), flush=True); script = sys.argv[1]; sys.argv = sys.argv[1:]; runpy.run_path(script, run_name='__main__') tests/test_npu_inference.py NpuInferenceOnSilicon
env: {"IGNITE_MODEL": "<ignite-xdna main checkout>\\build\\yolov8n_full.ignite"}
[xrt-smi before] idle=True: ----------------------------- | [003d:00:01.1] : NPU Phoenix | ----------------------------- | AIE Partitions | No hardware contexts running on device
[pin] <ignite-xdna>\src\ignite_xdna\__init__.py | decode_native <ignite-xdna>\src\ignite_xdna\pipelines\decode_native.py available True

[silicon] heads present: six heads declared in head_layout, 1209600 of 1209600 egress bytes
[silicon] IoU vs oracle per detection: [1.0, 1.0, 1.0, 1.0, 1.0]

[silicon] 500 frames (1280x720 synthetic): G2G mean 7.780 ms median 7.789 p95 7.918 p99 8.032 max 8.232 | preprocess 0.355 | NPU 7.413 | postprocess 0.013 ms | boxes from ['npu'] | buffer objects allocated after warm-up: {'host_bo': 0, 'instr_bo': 0} | working set 281.8 -> 281.9 MB (+0.06 MB)

[camera-tool] [Ignition] Initializing bare-metal detect pipeline (yolov8n_cut_xint8) on Device 0 from <ignite-xdna main checkout>\build\yolov8n_full.ignite ... | [Ignition] NPU heads present: six heads declared in head_layout, 1209600 of 1209600 egress bytes | [Ignition] boxes: npu | [Ignition] source: image <ignite-xdna>\assets\bus.jpg | [hud] frame 1/5 | Ignition yolov8n_cut_xint8 | Device 0 | G2G 12.11 ms | NPU  9.33 ms | loop   81.1 FPS | objects 5 | boxes: npu | NPU heads: present | [hud] frame 2/5 | Ignition yolov8n_cut_xint8 | Device 0 | G2G  7.76 ms | NPU  7.38 ms | loop   46.5 FPS | objects 5 | boxes: npu | NPU heads: present | [hud] frame 3/5 | Ignition yolov8n_cut_xint8 | Device 0 | G2G  8.10 ms | NPU  7.60 ms | loop   81.1 FPS | objects 5 | boxes: npu | NPU heads: present | [hud] frame 4/5 | Ignition yolov8n_cut_xint8 | Device 0 | G2G  7.91 ms | NPU  7.42 ms | loop   94.9 FPS | objects 5 | boxes: npu | NPU heads: present | [hud] frame 5/5 | Ignition yolov8n_cut_xint8 | Device 0 | G2G  7.76 ms | NPU  7.42 ms | loop  114.5 FPS | objects 5 | boxes: npu | NPU heads: present | [summary] frames 5 | warm-up 0 | source image | yolov8n_cut_xint8 (detect) | G2G mean 8.731 ms median 7.912 p95 11.311 p99 11.953 max 12.113 | boxes npu | 5.00 objects per frame | NPU heads present | [summary] stages (ms): host staging mean 0.763 p50 0.448 p99 2.204 | NPU dispatch mean 7.550 p50 7.245 p99 8.787 | egress readback mean 0.281 p50 0.230 p99 0.478 | NPU forward mean 7.831 p50 7.422 p99 9.264 | postprocess mean 0.137 p50 0.048 p99 0.484 | [Ignition] Hardware context released.
[stderr]
test_10_head_status_and_oracle_free_detections (__main__.NpuInferenceOnSilicon.test_10_head_status_and_oracle_free_detections) ... ok
test_11_hundred_frames_no_buffer_growth_and_latency (__main__.NpuInferenceOnSilicon.test_11_hundred_frames_no_buffer_growth_and_latency)
N_FRAMES continuous frames: no buffer objects allocated, < 5 MB working-set drift, G2G within budget. ... ok
test_12_camera_tool_headless_on_bus_jpg (__main__.NpuInferenceOnSilicon.test_12_camera_tool_headless_on_bus_jpg) ... ok

----------------------------------------------------------------------
Ran 3 tests in 5.191s

OK
[xrt-smi after] idle=True: ----------------------------- | [003d:00:01.1] : NPU Phoenix | ----------------------------- | AIE Partitions | No hardware contexts running on device
[rc] 0 in 5.6 s
===== [11/20] tests yolov8n_full, rebuilt container (default budgets 8.0 / 9.5 ms) =====
$ C:\Program Files\Git\usr\bin\bash.exe scripts/research-iron.sh -c import sys, runpy; sys.path[:0] = ['src', '.']; import ignite_xdna, ignite_xdna.pipelines.decode_native as dn; print('[pin]', ignite_xdna.__file__, '| decode_native', dn.__file__, 'available', dn.available(), flush=True); script = sys.argv[1]; sys.argv = sys.argv[1:]; runpy.run_path(script, run_name='__main__') tests/test_npu_inference.py NpuInferenceOnSilicon
env: {"IGNITE_MODEL": "build/merged/yolov8n_full.ignite"}
[xrt-smi before] idle=True: ----------------------------- | [003d:00:01.1] : NPU Phoenix | ----------------------------- | AIE Partitions | No hardware contexts running on device
[pin] <ignite-xdna>\src\ignite_xdna\__init__.py | decode_native <ignite-xdna>\src\ignite_xdna\pipelines\decode_native.py available True

[silicon] heads present: six heads declared in head_layout, 1209600 of 1209600 egress bytes
[silicon] IoU vs oracle per detection: [1.0, 1.0, 1.0, 1.0, 1.0]

[silicon] 500 frames (1280x720 synthetic): G2G mean 7.755 ms median 7.764 p95 7.919 p99 8.071 max 8.526 | preprocess 0.356 | NPU 7.386 | postprocess 0.012 ms | boxes from ['npu'] | buffer objects allocated after warm-up: {'host_bo': 0, 'instr_bo': 0} | working set 280.8 -> 280.9 MB (+0.06 MB)

[camera-tool] [Ignition] Initializing bare-metal detect pipeline (yolov8n_cut_xint8) on Device 0 from build\merged\yolov8n_full.ignite ... | [Ignition] NPU heads present: six heads declared in head_layout, 1209600 of 1209600 egress bytes | [Ignition] boxes: npu | [Ignition] source: image <ignite-xdna>\assets\bus.jpg | [hud] frame 1/5 | Ignition yolov8n_cut_xint8 | Device 0 | G2G 11.87 ms | NPU  9.33 ms | loop   82.8 FPS | objects 5 | boxes: npu | NPU heads: present | [hud] frame 2/5 | Ignition yolov8n_cut_xint8 | Device 0 | G2G  7.84 ms | NPU  7.44 ms | loop   46.7 FPS | objects 5 | boxes: npu | NPU heads: present | [hud] frame 3/5 | Ignition yolov8n_cut_xint8 | Device 0 | G2G  7.85 ms | NPU  7.50 ms | loop   82.8 FPS | objects 5 | boxes: npu | NPU heads: present | [hud] frame 4/5 | Ignition yolov8n_cut_xint8 | Device 0 | G2G  7.71 ms | NPU  7.36 ms | loop   97.2 FPS | objects 5 | boxes: npu | NPU heads: present | [hud] frame 5/5 | Ignition yolov8n_cut_xint8 | Device 0 | G2G  8.02 ms | NPU  7.67 ms | loop  116.4 FPS | objects 5 | boxes: npu | NPU heads: present | [summary] frames 5 | warm-up 0 | source image | yolov8n_cut_xint8 (detect) | G2G mean 8.658 ms median 7.847 p95 11.099 p99 11.715 max 11.869 | boxes npu | 5.00 objects per frame | NPU heads present | [summary] stages (ms): host staging mean 0.658 p50 0.304 p99 1.964 | NPU dispatch mean 7.593 p50 7.318 p99 8.798 | egress readback mean 0.270 p50 0.202 p99 0.468 | NPU forward mean 7.862 p50 7.503 p99 9.266 | postprocess mean 0.138 p50 0.049 p99 0.487 | [Ignition] Hardware context released.
[stderr]
test_10_head_status_and_oracle_free_detections (__main__.NpuInferenceOnSilicon.test_10_head_status_and_oracle_free_detections) ... ok
test_11_hundred_frames_no_buffer_growth_and_latency (__main__.NpuInferenceOnSilicon.test_11_hundred_frames_no_buffer_growth_and_latency)
N_FRAMES continuous frames: no buffer objects allocated, < 5 MB working-set drift, G2G within budget. ... ok
test_12_camera_tool_headless_on_bus_jpg (__main__.NpuInferenceOnSilicon.test_12_camera_tool_headless_on_bus_jpg) ... ok

----------------------------------------------------------------------
Ran 3 tests in 5.154s

OK
[xrt-smi after] idle=True: ----------------------------- | [003d:00:01.1] : NPU Phoenix | ----------------------------- | AIE Partitions | No hardware contexts running on device
[rc] 0 in 5.6 s
===== [12/20] tests yolov8n_full, pre-model-zoo container (default budgets 8.0 / 9.5 ms) =====
$ C:\Program Files\Git\usr\bin\bash.exe scripts/research-iron.sh -c import sys, runpy; sys.path[:0] = ['src', '.']; import ignite_xdna, ignite_xdna.pipelines.decode_native as dn; print('[pin]', ignite_xdna.__file__, '| decode_native', dn.__file__, 'available', dn.available(), flush=True); script = sys.argv[1]; sys.argv = sys.argv[1:]; runpy.run_path(script, run_name='__main__') tests/test_npu_inference.py NpuInferenceOnSilicon
env: {"IGNITE_MODEL": "<ignite-xdna main checkout>\\build\\yolov8n_full.ignite"}
[xrt-smi before] idle=True: ----------------------------- | [003d:00:01.1] : NPU Phoenix | ----------------------------- | AIE Partitions | No hardware contexts running on device
[pin] <ignite-xdna>\src\ignite_xdna\__init__.py | decode_native <ignite-xdna>\src\ignite_xdna\pipelines\decode_native.py available True

[silicon] heads present: six heads declared in head_layout, 1209600 of 1209600 egress bytes
[silicon] IoU vs oracle per detection: [1.0, 1.0, 1.0, 1.0, 1.0]

[silicon] 500 frames (1280x720 synthetic): G2G mean 7.712 ms median 7.720 p95 7.861 p99 8.096 max 8.341 | preprocess 0.360 | NPU 7.340 | postprocess 0.012 ms | boxes from ['npu'] | buffer objects allocated after warm-up: {'host_bo': 0, 'instr_bo': 0} | working set 281.5 -> 281.7 MB (+0.19 MB)

[camera-tool] [Ignition] Initializing bare-metal detect pipeline (yolov8n_cut_xint8) on Device 0 from <ignite-xdna main checkout>\build\yolov8n_full.ignite ... | [Ignition] NPU heads present: six heads declared in head_layout, 1209600 of 1209600 egress bytes | [Ignition] boxes: npu | [Ignition] source: image <ignite-xdna>\assets\bus.jpg | [hud] frame 1/5 | Ignition yolov8n_cut_xint8 | Device 0 | G2G 11.50 ms | NPU  9.26 ms | loop   85.4 FPS | objects 5 | boxes: npu | NPU heads: present | [hud] frame 2/5 | Ignition yolov8n_cut_xint8 | Device 0 | G2G  7.80 ms | NPU  7.41 ms | loop   48.0 FPS | objects 5 | boxes: npu | NPU heads: present | [hud] frame 3/5 | Ignition yolov8n_cut_xint8 | Device 0 | G2G  7.98 ms | NPU  7.63 ms | loop   85.4 FPS | objects 5 | boxes: npu | NPU heads: present | [hud] frame 4/5 | Ignition yolov8n_cut_xint8 | Device 0 | G2G  7.96 ms | NPU  7.46 ms | loop   98.2 FPS | objects 5 | boxes: npu | NPU heads: present | [hud] frame 5/5 | Ignition yolov8n_cut_xint8 | Device 0 | G2G  8.14 ms | NPU  7.63 ms | loop  112.0 FPS | objects 5 | boxes: npu | NPU heads: present | [summary] frames 5 | warm-up 0 | source image | yolov8n_cut_xint8 (detect) | G2G mean 8.674 ms median 7.980 p95 10.823 p99 11.361 max 11.495 | boxes npu | 5.00 objects per frame | NPU heads present | [summary] stages (ms): host staging mean 0.647 p50 0.409 p99 1.681 | NPU dispatch mean 7.563 p50 7.276 p99 8.762 | egress readback mean 0.314 p50 0.303 p99 0.437 | NPU forward mean 7.877 p50 7.628 p99 9.197 | postprocess mean 0.149 p50 0.053 p99 0.485 | [Ignition] Hardware context released.
[stderr]
test_10_head_status_and_oracle_free_detections (__main__.NpuInferenceOnSilicon.test_10_head_status_and_oracle_free_detections) ... ok
test_11_hundred_frames_no_buffer_growth_and_latency (__main__.NpuInferenceOnSilicon.test_11_hundred_frames_no_buffer_growth_and_latency)
N_FRAMES continuous frames: no buffer objects allocated, < 5 MB working-set drift, G2G within budget. ... ok
test_12_camera_tool_headless_on_bus_jpg (__main__.NpuInferenceOnSilicon.test_12_camera_tool_headless_on_bus_jpg) ... ok

----------------------------------------------------------------------
Ran 3 tests in 5.116s

OK
[xrt-smi after] idle=True: ----------------------------- | [003d:00:01.1] : NPU Phoenix | ----------------------------- | AIE Partitions | No hardware contexts running on device
[rc] 0 in 5.6 s
===== [13/20] tests yolov8s, rebuilt container (300 frames, budgets 25 / 27 ms) =====
$ C:\Program Files\Git\usr\bin\bash.exe scripts/research-iron.sh -c import sys, runpy; sys.path[:0] = ['src', '.']; import ignite_xdna, ignite_xdna.pipelines.decode_native as dn; print('[pin]', ignite_xdna.__file__, '| decode_native', dn.__file__, 'available', dn.available(), flush=True); script = sys.argv[1]; sys.argv = sys.argv[1:]; runpy.run_path(script, run_name='__main__') tests/test_npu_inference.py NpuInferenceOnSilicon
env: {"IGNITE_MODEL": "build/merged/yolov8s.ignite", "IGNITE_TEST_FRAMES": "300", "IGNITE_G2G_MEAN_MS": "25", "IGNITE_G2G_P99_MS": "27"}
[xrt-smi before] idle=True: ----------------------------- | [003d:00:01.1] : NPU Phoenix | ----------------------------- | AIE Partitions | No hardware contexts running on device
[pin] <ignite-xdna>\src\ignite_xdna\__init__.py | decode_native <ignite-xdna>\src\ignite_xdna\pipelines\decode_native.py available True

[silicon] heads present: six heads declared in head_layout, 1209600 of 1209600 egress bytes
[silicon] IoU vs oracle per detection: [1.0, 1.0, 1.0, 1.0, 1.0, 1.0]

[silicon] 300 frames (1280x720 synthetic): G2G mean 17.278 ms median 17.261 p95 17.400 p99 17.525 max 17.848 | preprocess 0.362 | NPU 16.901 | postprocess 0.015 ms | boxes from ['npu'] | buffer objects allocated after warm-up: {'host_bo': 0, 'instr_bo': 0} | working set 350.1 -> 350.1 MB (+0.04 MB)

[camera-tool] [Ignition] Initializing bare-metal detect pipeline (yolov8s_cut_xint8) on Device 0 from build\merged\yolov8s.ignite ... | [Ignition] NPU heads present: six heads declared in head_layout, 1209600 of 1209600 egress bytes | [Ignition] boxes: npu | [Ignition] source: image <ignite-xdna>\assets\bus.jpg | [hud] frame 1/5 | Ignition yolov8s_cut_xint8 | Device 0 | G2G 21.46 ms | NPU 18.99 ms | loop   46.1 FPS | objects 6 | boxes: npu | NPU heads: present | [hud] frame 2/5 | Ignition yolov8s_cut_xint8 | Device 0 | G2G 17.54 ms | NPU 17.13 ms | loop   31.4 FPS | objects 6 | boxes: npu | NPU heads: present | [hud] frame 3/5 | Ignition yolov8s_cut_xint8 | Device 0 | G2G 17.37 ms | NPU 17.02 ms | loop   46.1 FPS | objects 6 | boxes: npu | NPU heads: present | [hud] frame 4/5 | Ignition yolov8s_cut_xint8 | Device 0 | G2G 17.26 ms | NPU 16.92 ms | loop   50.3 FPS | objects 6 | boxes: npu | NPU heads: present | [hud] frame 5/5 | Ignition yolov8s_cut_xint8 | Device 0 | G2G 17.29 ms | NPU 16.95 ms | loop   55.3 FPS | objects 6 | boxes: npu | NPU heads: present | [summary] frames 5 | warm-up 0 | source image | yolov8s_cut_xint8 (detect) | G2G mean 18.184 ms median 17.373 p95 20.674 p99 21.302 max 21.458 | boxes npu | 6.00 objects per frame | NPU heads present | [summary] stages (ms): host staging mean 0.653 p50 0.305 p99 1.945 | NPU dispatch mean 17.156 p50 16.841 p99 18.449 | egress readback mean 0.247 p50 0.183 p99 0.464 | NPU forward mean 17.403 p50 17.023 p99 18.913 | postprocess mean 0.128 p50 0.044 p99 0.444 | [Ignition] Hardware context released.
[stderr]
test_10_head_status_and_oracle_free_detections (__main__.NpuInferenceOnSilicon.test_10_head_status_and_oracle_free_detections) ... ok
test_11_hundred_frames_no_buffer_growth_and_latency (__main__.NpuInferenceOnSilicon.test_11_hundred_frames_no_buffer_growth_and_latency)
N_FRAMES continuous frames: no buffer objects allocated, < 5 MB working-set drift, G2G within budget. ... ok
test_12_camera_tool_headless_on_bus_jpg (__main__.NpuInferenceOnSilicon.test_12_camera_tool_headless_on_bus_jpg) ... ok

----------------------------------------------------------------------
Ran 3 tests in 6.734s

OK
[xrt-smi after] idle=True: ----------------------------- | [003d:00:01.1] : NPU Phoenix | ----------------------------- | AIE Partitions | No hardware contexts running on device
[rc] 0 in 7.2 s
===== [14/20] tests sesr_m7, rebuilt container (500 frames, dispatch budget 1.5 ms) =====
$ C:\Program Files\Git\usr\bin\bash.exe scripts/research-iron.sh -c import sys, runpy; sys.path[:0] = ['src', '.']; import ignite_xdna, ignite_xdna.pipelines.decode_native as dn; print('[pin]', ignite_xdna.__file__, '| decode_native', dn.__file__, 'available', dn.available(), flush=True); script = sys.argv[1]; sys.argv = sys.argv[1:]; runpy.run_path(script, run_name='__main__') tests/test_npu_inference.py SuperResolutionOnSilicon
env: {"IGNITE_SR_MODEL": "build/merged/sesr_m7.ignite"}
[xrt-smi before] idle=True: ----------------------------- | [003d:00:01.1] : NPU Phoenix | ----------------------------- | AIE Partitions | No hardware contexts running on device
[pin] <ignite-xdna>\src\ignite_xdna\__init__.py | decode_native <ignite-xdna>\src\ignite_xdna\pipelines\decode_native.py available True

[silicon-sr] bus.jpg -> (512, 512, 3): 0 of 786432 values differ from ONNX Runtime | dispatch 5.780 ms, readback 0.016, G2G 7.678 ms

[silicon-sr] 500 frames (640x480 synthetic): G2G mean 6.606 ms p50 6.604 p95 7.104 p99 7.363 | dispatch mean 4.336 p50 4.269 p99 4.821 min 4.139 | preprocess 0.329 | readback 0.026 | postprocess 1.914 | buffer objects allocated after warm-up: {'host_bo': 0, 'instr_bo': 0} | working set +0.86 MB
[stderr]
test_20_image_matches_onnx_runtime (__main__.SuperResolutionOnSilicon.test_20_image_matches_onnx_runtime)
Every pixel of the NPU image equals ONNX Runtime's (graph optimizations off) SESR output. ... ok
test_21_frames_without_buffer_growth (__main__.SuperResolutionOnSilicon.test_21_frames_without_buffer_growth)
SR_FRAMES continuous frames: no buffer objects allocated, < 5 MB working-set drift, no dispatch errors. ... ok
test_22_dispatch_budget (__main__.SuperResolutionOnSilicon.test_22_dispatch_budget)
Mean raw NPU dispatch within IGNITE_SR_DISPATCH_MS (default 1.5 ms). ... FAIL

======================================================================
FAIL: test_22_dispatch_budget (__main__.SuperResolutionOnSilicon.test_22_dispatch_budget)
Mean raw NPU dispatch within IGNITE_SR_DISPATCH_MS (default 1.5 ms).
----------------------------------------------------------------------
Traceback (most recent call last):
  File "tests/test_npu_inference.py", line 626, in test_22_dispatch_budget
    self.assertLessEqual(mean, SR_DISPATCH_BUDGET_MS,
    ~~~~~~~~~~~~~~~~~~~~^^^^^^^^^^^^^^^^^^^^^^^^^^^^^
                         f"mean dispatch {mean:.3f} ms > {SR_DISPATCH_BUDGET_MS} ms")
                         ^^^^^^^^^^^^^^^^^^^^^^^^^^^^^^^^^^^^^^^^^^^^^^^^^^^^^^^^^^^^
AssertionError: 4.336050400917884 not less than or equal to 1.5 : mean dispatch 4.336 ms > 1.5 ms

----------------------------------------------------------------------
Ran 3 tests in 3.800s

FAILED (failures=1)
[xrt-smi after] idle=True: ----------------------------- | [003d:00:01.1] : NPU Phoenix | ----------------------------- | AIE Partitions | No hardware contexts running on device
[rc] 1 in 4.2 s
===== [15/20] camera tool yolov8n_full (500 timed frames) =====
$ C:\Program Files\Git\usr\bin\bash.exe scripts/research-iron.sh -c import sys, runpy; sys.path[:0] = ['src', '.']; import ignite_xdna, ignite_xdna.pipelines.decode_native as dn; print('[pin]', ignite_xdna.__file__, '| decode_native', dn.__file__, 'available', dn.available(), flush=True); script = sys.argv[1]; sys.argv = sys.argv[1:]; runpy.run_path(script, run_name='__main__') tools/live_camera_ignition.py --model build/merged/yolov8n_full.ignite --source assets/bus.jpg --headless --warmup 10 --frames 500 --json <sitting>\json\camera_yolov8n_full.json
[xrt-smi before] idle=True: ----------------------------- | [003d:00:01.1] : NPU Phoenix | ----------------------------- | AIE Partitions | No hardware contexts running on device
[pin] <ignite-xdna>\src\ignite_xdna\__init__.py | decode_native <ignite-xdna>\src\ignite_xdna\pipelines\decode_native.py available True
[Ignition] Initializing bare-metal detect pipeline (yolov8n_cut_xint8) on Device 0 from build/merged/yolov8n_full.ignite ...
[Ignition] NPU heads present: six heads declared in head_layout, 1209600 of 1209600 egress bytes
[Ignition] boxes: npu
[Ignition] source: image assets\bus.jpg
[hud] frame 1/510 | Ignition yolov8n_cut_xint8 | Device 0 | G2G 11.78 ms | NPU  9.33 ms | loop   83.4 FPS | objects 5 | boxes: npu | NPU heads: present
[hud] frame 2/510 | Ignition yolov8n_cut_xint8 | Device 0 | G2G  7.78 ms | NPU  7.39 ms | loop   48.1 FPS | objects 5 | boxes: npu | NPU heads: present
[hud] frame 3/510 | Ignition yolov8n_cut_xint8 | Device 0 | G2G  7.80 ms | NPU  7.46 ms | loop   83.4 FPS | objects 5 | boxes: npu | NPU heads: present
[hud] frame 100/510 | Ignition yolov8n_cut_xint8 | Device 0 | G2G  7.63 ms | NPU  7.30 ms | loop  120.2 FPS | objects 5 | boxes: npu | NPU heads: present
[hud] frame 200/510 | Ignition yolov8n_cut_xint8 | Device 0 | G2G  7.67 ms | NPU  7.33 ms | loop  120.2 FPS | objects 5 | boxes: npu | NPU heads: present
[hud] frame 300/510 | Ignition yolov8n_cut_xint8 | Device 0 | G2G  7.65 ms | NPU  7.32 ms | loop  120.1 FPS | objects 5 | boxes: npu | NPU heads: present
[hud] frame 400/510 | Ignition yolov8n_cut_xint8 | Device 0 | G2G  7.95 ms | NPU  7.45 ms | loop  120.2 FPS | objects 5 | boxes: npu | NPU heads: present
[hud] frame 500/510 | Ignition yolov8n_cut_xint8 | Device 0 | G2G  7.70 ms | NPU  7.36 ms | loop  120.5 FPS | objects 5 | boxes: npu | NPU heads: present
[hud] frame 510/510 | Ignition yolov8n_cut_xint8 | Device 0 | G2G  7.83 ms | NPU  7.41 ms | loop  120.4 FPS | objects 5 | boxes: npu | NPU heads: present
[summary] frames 500 | warm-up 10 | source image | yolov8n_cut_xint8 (detect) | G2G mean 7.762 ms median 7.762 p95 7.938 p99 8.225 max 8.513 | boxes npu | 5.00 objects per frame | NPU heads present
[summary] stages (ms): host staging mean 0.317 p50 0.299 p99 0.469 | NPU dispatch mean 7.218 p50 7.222 p99 7.316 | egress readback mean 0.191 p50 0.173 p99 0.529 | NPU forward mean 7.409 p50 7.416 p99 7.802 | postprocess mean 0.036 p50 0.035 p99 0.075
[summary] wrote <sitting>\json\camera_yolov8n_full.json
[Ignition] Hardware context released.
[xrt-smi after] idle=True: ----------------------------- | [003d:00:01.1] : NPU Phoenix | ----------------------------- | AIE Partitions | No hardware contexts running on device
[rc] 0 in 4.9 s
===== [16/20] camera tool yolov8s (500 timed frames) =====
$ C:\Program Files\Git\usr\bin\bash.exe scripts/research-iron.sh -c import sys, runpy; sys.path[:0] = ['src', '.']; import ignite_xdna, ignite_xdna.pipelines.decode_native as dn; print('[pin]', ignite_xdna.__file__, '| decode_native', dn.__file__, 'available', dn.available(), flush=True); script = sys.argv[1]; sys.argv = sys.argv[1:]; runpy.run_path(script, run_name='__main__') tools/live_camera_ignition.py --model build/merged/yolov8s.ignite --source assets/bus.jpg --headless --warmup 10 --frames 500 --json <sitting>\json\camera_yolov8s.json
[xrt-smi before] idle=True: ----------------------------- | [003d:00:01.1] : NPU Phoenix | ----------------------------- | AIE Partitions | No hardware contexts running on device
[pin] <ignite-xdna>\src\ignite_xdna\__init__.py | decode_native <ignite-xdna>\src\ignite_xdna\pipelines\decode_native.py available True
[Ignition] Initializing bare-metal detect pipeline (yolov8s_cut_xint8) on Device 0 from build/merged/yolov8s.ignite ...
[Ignition] NPU heads present: six heads declared in head_layout, 1209600 of 1209600 egress bytes
[Ignition] boxes: npu
[Ignition] source: image assets\bus.jpg
[hud] frame 1/510 | Ignition yolov8s_cut_xint8 | Device 0 | G2G 21.08 ms | NPU 18.76 ms | loop   46.9 FPS | objects 6 | boxes: npu | NPU heads: present
[hud] frame 2/510 | Ignition yolov8s_cut_xint8 | Device 0 | G2G 17.33 ms | NPU 16.93 ms | loop   32.2 FPS | objects 6 | boxes: npu | NPU heads: present
[hud] frame 3/510 | Ignition yolov8s_cut_xint8 | Device 0 | G2G 17.26 ms | NPU 16.92 ms | loop   46.9 FPS | objects 6 | boxes: npu | NPU heads: present
[hud] frame 100/510 | Ignition yolov8s_cut_xint8 | Device 0 | G2G 17.26 ms | NPU 16.92 ms | loop   56.0 FPS | objects 6 | boxes: npu | NPU heads: present
[hud] frame 200/510 | Ignition yolov8s_cut_xint8 | Device 0 | G2G 17.32 ms | NPU 16.95 ms | loop   56.0 FPS | objects 6 | boxes: npu | NPU heads: present
[hud] frame 300/510 | Ignition yolov8s_cut_xint8 | Device 0 | G2G 17.29 ms | NPU 16.96 ms | loop   55.9 FPS | objects 6 | boxes: npu | NPU heads: present
[hud] frame 400/510 | Ignition yolov8s_cut_xint8 | Device 0 | G2G 17.33 ms | NPU 16.91 ms | loop   55.9 FPS | objects 6 | boxes: npu | NPU heads: present
[hud] frame 500/510 | Ignition yolov8s_cut_xint8 | Device 0 | G2G 17.26 ms | NPU 16.93 ms | loop   55.9 FPS | objects 6 | boxes: npu | NPU heads: present
[hud] frame 510/510 | Ignition yolov8s_cut_xint8 | Device 0 | G2G 17.23 ms | NPU 16.90 ms | loop   56.0 FPS | objects 6 | boxes: npu | NPU heads: present
[summary] frames 500 | warm-up 10 | source image | yolov8s_cut_xint8 (detect) | G2G mean 17.298 ms median 17.270 p95 17.490 p99 17.629 max 18.021 | boxes npu | 6.00 objects per frame | NPU heads present
[summary] stages (ms): host staging mean 0.319 p50 0.301 p99 0.475 | NPU dispatch mean 16.745 p50 16.743 p99 16.826 | egress readback mean 0.194 p50 0.178 p99 0.340 | NPU forward mean 16.939 p50 16.925 p99 17.136 | postprocess mean 0.041 p50 0.040 p99 0.055
[summary] wrote <sitting>\json\camera_yolov8s.json
[Ignition] Hardware context released.
[xrt-smi after] idle=True: ----------------------------- | [003d:00:01.1] : NPU Phoenix | ----------------------------- | AIE Partitions | No hardware contexts running on device
[rc] 0 in 9.9 s
===== [17/20] camera tool sesr_m7 (500 timed frames) =====
$ C:\Program Files\Git\usr\bin\bash.exe scripts/research-iron.sh -c import sys, runpy; sys.path[:0] = ['src', '.']; import ignite_xdna, ignite_xdna.pipelines.decode_native as dn; print('[pin]', ignite_xdna.__file__, '| decode_native', dn.__file__, 'available', dn.available(), flush=True); script = sys.argv[1]; sys.argv = sys.argv[1:]; runpy.run_path(script, run_name='__main__') tools/live_camera_ignition.py --model build/merged/sesr_m7.ignite --source assets/bus.jpg --headless --warmup 10 --frames 500 --json <sitting>\json\camera_sesr_m7.json
[xrt-smi before] idle=True: ----------------------------- | [003d:00:01.1] : NPU Phoenix | ----------------------------- | AIE Partitions | No hardware contexts running on device
[pin] <ignite-xdna>\src\ignite_xdna\__init__.py | decode_native <ignite-xdna>\src\ignite_xdna\pipelines\decode_native.py available True
[Ignition] Initializing bare-metal super_resolution pipeline (sesr_m7_xint8) on Device 0 from build/merged/sesr_m7.ignite ...
[Ignition] super-resolution x2: 256x256 -> 512x512 on the NPU
[Ignition] source: image assets\bus.jpg
[hud] frame 1/510 | sesr_m7_xint8 | G2G  7.70 ms | NPU 5.71 + 0.02 ms | loop  126.4 FPS | x2: 256x256 -> 512x512 on the NPU
[hud] frame 2/510 | sesr_m7_xint8 | G2G  6.60 ms | NPU 4.20 + 0.03 ms | loop  103.6 FPS | x2: 256x256 -> 512x512 on the NPU
[hud] frame 3/510 | sesr_m7_xint8 | G2G  6.81 ms | NPU 4.58 + 0.02 ms | loop  126.4 FPS | x2: 256x256 -> 512x512 on the NPU
[hud] frame 100/510 | sesr_m7_xint8 | G2G  6.43 ms | NPU 4.23 + 0.03 ms | loop  144.1 FPS | x2: 256x256 -> 512x512 on the NPU
[hud] frame 200/510 | sesr_m7_xint8 | G2G  6.36 ms | NPU 4.21 + 0.03 ms | loop  141.0 FPS | x2: 256x256 -> 512x512 on the NPU
[hud] frame 300/510 | sesr_m7_xint8 | G2G  7.09 ms | NPU 4.47 + 0.04 ms | loop  141.4 FPS | x2: 256x256 -> 512x512 on the NPU
[hud] frame 400/510 | sesr_m7_xint8 | G2G  6.52 ms | NPU 4.22 + 0.02 ms | loop  145.2 FPS | x2: 256x256 -> 512x512 on the NPU
[hud] frame 500/510 | sesr_m7_xint8 | G2G  6.50 ms | NPU 4.36 + 0.03 ms | loop  141.7 FPS | x2: 256x256 -> 512x512 on the NPU
[hud] frame 510/510 | sesr_m7_xint8 | G2G  6.59 ms | NPU 4.17 + 0.03 ms | loop  141.9 FPS | x2: 256x256 -> 512x512 on the NPU
[summary] frames 500 | warm-up 10 | source image | sesr_m7_xint8 (super_resolution) | G2G mean 6.623 ms median 6.632 p95 7.066 p99 7.319 max 7.652 | output image 512x512x3 from the NPU
[summary] stages (ms): host staging mean 0.356 p50 0.341 p99 0.567 | NPU dispatch mean 4.344 p50 4.269 p99 4.913 | egress readback mean 0.026 p50 0.023 p99 0.046 | NPU forward mean 4.370 p50 4.297 p99 4.945 | postprocess mean 1.897 p50 1.907 p99 2.539
[summary] wrote <sitting>\json\camera_sesr_m7.json
[Ignition] Hardware context released.
[xrt-smi after] idle=True: ----------------------------- | [003d:00:01.1] : NPU Phoenix | ----------------------------- | AIE Partitions | No hardware contexts running on device
[rc] 0 in 4.1 s
===== [18/20] Ignition live_ignition.py yolov8n_full (500 timed frames) =====
$ C:\Users\<user>\miniforge3\envs\mlir-aie-iron\python.exe live_ignition.py --model <ignite-xdna>\build\merged\yolov8n_full.ignite --source <ignite-xdna>\assets\bus.jpg --headless --frames 500 --warmup 10 --json <sitting>\json\ignition_yolov8n_full.json
cwd: <Ignition>
env: {"PYTHONPATH": "<ignite-xdna>\\src"}
[xrt-smi before] idle=True: ----------------------------- | [003d:00:01.1] : NPU Phoenix | ----------------------------- | AIE Partitions | No hardware contexts running on device
[Ignition] loading <ignite-xdna>\build\merged\yolov8n_full.ignite (bare-metal .ignite container)
[Ignition] Native XDNA1 NPU backend active (Device 0)
[Ignition] task: detect
[Ignition] source: image bus.jpg 810x1080
[run] frame 100 | G2G 7.60 ms | 131 FPS | 5 objects | detect: npu
[run] frame 200 | G2G 7.57 ms | 130 FPS | 5 objects | detect: npu
[run] frame 300 | G2G 7.58 ms | 131 FPS | 5 objects | detect: npu
[run] frame 400 | G2G 7.60 ms | 129 FPS | 5 objects | detect: npu
[run] frame 500 | G2G 7.68 ms | 130 FPS | 5 objects | detect: npu
[Ignition] shutdown: source released, window closed, NPU hardware context released
[summary] stop: frame limit | 510 frames processed (10 warm-up, 500 timed) | 1 distinct source frames | image bus.jpg 810x1080
[summary] G2G mean 7.681 ms | P50 7.686 | P95 7.872 | P99 8.037 | max 8.397 | over the last 500 timed frames; cold first frame 11.68 ms
[summary] stage means (ms): preprocess 0.301 | NPU forward 7.345 (dispatch 7.161, readback 0.184) | decode+NMS 0.031
[summary] boxes from NPU heads on 500/500 timed frames | 5.00 detections per frame
[summary] RSS 192.8 MB at the first timed frame, 192.8 MB at the end (+0.00 MB over 500 frames)
[summary] wrote <sitting>\json\ignition_yolov8n_full.json
[xrt-smi after] idle=True: ----------------------------- | [003d:00:01.1] : NPU Phoenix | ----------------------------- | AIE Partitions | No hardware contexts running on device
[rc] 0 in 4.5 s
===== [19/20] Ignition live_ignition.py yolov8s (500 timed frames) =====
$ C:\Users\<user>\miniforge3\envs\mlir-aie-iron\python.exe live_ignition.py --model <ignite-xdna>\build\merged\yolov8s.ignite --source <ignite-xdna>\assets\bus.jpg --headless --frames 500 --warmup 10 --json <sitting>\json\ignition_yolov8s.json
cwd: <Ignition>
env: {"PYTHONPATH": "<ignite-xdna>\\src"}
[xrt-smi before] idle=True: ----------------------------- | [003d:00:01.1] : NPU Phoenix | ----------------------------- | AIE Partitions | No hardware contexts running on device
[Ignition] loading <ignite-xdna>\build\merged\yolov8s.ignite (bare-metal .ignite container)
[Ignition] Native XDNA1 NPU backend active (Device 0)
[Ignition] task: detect
[Ignition] source: image bus.jpg 810x1080
[run] frame 100 | G2G 17.23 ms | 58 FPS | 6 objects | detect: npu
[run] frame 200 | G2G 17.10 ms | 58 FPS | 6 objects | detect: npu
[run] frame 300 | G2G 17.13 ms | 58 FPS | 6 objects | detect: npu
[run] frame 400 | G2G 17.17 ms | 58 FPS | 6 objects | detect: npu
[run] frame 500 | G2G 17.12 ms | 58 FPS | 6 objects | detect: npu
[Ignition] shutdown: source released, window closed, NPU hardware context released
[summary] stop: frame limit | 510 frames processed (10 warm-up, 500 timed) | 1 distinct source frames | image bus.jpg 810x1080
[summary] G2G mean 17.148 ms | P50 17.119 | P95 17.329 | P99 17.492 | max 17.837 | over the last 500 timed frames; cold first frame 21.03 ms
[summary] stage means (ms): preprocess 0.305 | NPU forward 16.800 (dispatch 16.609, readback 0.191) | decode+NMS 0.038
[summary] boxes from NPU heads on 500/500 timed frames | 6.00 detections per frame
[summary] RSS 243.8 MB at the first timed frame, 243.8 MB at the end (+0.00 MB over 500 frames)
[summary] wrote <sitting>\json\ignition_yolov8s.json
[xrt-smi after] idle=True: ----------------------------- | [003d:00:01.1] : NPU Phoenix | ----------------------------- | AIE Partitions | No hardware contexts running on device
[rc] 0 in 9.3 s
===== [20/20] Ignition live_ignition.py sesr_m7 (500 timed frames) =====
$ C:\Users\<user>\miniforge3\envs\mlir-aie-iron\python.exe live_ignition.py --model <ignite-xdna>\build\merged\sesr_m7.ignite --source <ignite-xdna>\assets\bus.jpg --headless --frames 500 --warmup 10 --json <sitting>\json\ignition_sesr_m7.json
cwd: <Ignition>
env: {"PYTHONPATH": "<ignite-xdna>\\src"}
[xrt-smi before] idle=True: ----------------------------- | [003d:00:01.1] : NPU Phoenix | ----------------------------- | AIE Partitions | No hardware contexts running on device
[Ignition] loading <ignite-xdna>\build\merged\sesr_m7.ignite (bare-metal .ignite container)
[Ignition] Native XDNA1 NPU backend active (Device 0)
[Ignition] task: super_resolution
[Ignition] source: image bus.jpg 810x1080
[run] frame 100 | G2G 6.31 ms | 150 FPS | 512x512 output | super_resolution: npu
[run] frame 200 | G2G 6.86 ms | 149 FPS | 512x512 output | super_resolution: npu
[run] frame 300 | G2G 6.29 ms | 152 FPS | 512x512 output | super_resolution: npu
[run] frame 400 | G2G 6.58 ms | 153 FPS | 512x512 output | super_resolution: npu
[run] frame 500 | G2G 6.91 ms | 153 FPS | 512x512 output | super_resolution: npu
[Ignition] shutdown: source released, window closed, NPU hardware context released
[summary] stop: frame limit | 510 frames processed (10 warm-up, 500 timed) | 1 distinct source frames | image bus.jpg 810x1080
[summary] G2G mean 6.644 ms | P50 6.635 | P95 7.114 | P99 7.468 | max 7.857 | over the last 500 timed frames; cold first frame 8.39 ms
[summary] stage means (ms): preprocess 0.327 | NPU forward 4.396 (dispatch 4.369, readback 0.027) | image output 1.916
[summary] output image [512, 512, 3] from the NPU
[summary] RSS 164.6 MB at the first timed frame, 164.6 MB at the end (+0.00 MB over 500 frames)
[summary] wrote <sitting>\json\ignition_sesr_m7.json
[xrt-smi after] idle=True: ----------------------------- | [003d:00:01.1] : NPU Phoenix | ----------------------------- | AIE Partitions | No hardware contexts running on device
[rc] 0 in 3.8 s
===== summary =====
| step | rc | NPU idle before | NPU idle after | seconds |
|---|---|---|---|---|
| imports under scripts/research-iron.sh | 0 |  |  | 0.5 |
| imports under mlir-aie-iron from the Ignition worktree | 0 |  |  | 0.3 |
| compile yolov8n_full from the merged tree | 0 |  |  | 12.5 |
| compile yolov8s from the merged tree | 0 |  |  | 26.1 |
| compile sesr_m7 from the merged tree | 0 |  |  | 7.2 |
| verify yolov8n_full per layer | 0 | True | True | 2.6 |
| verify yolov8s per layer | 0 | True | True | 5.1 |
| verify sesr_m7 per layer | 0 | True | True | 1.9 |
| tests yolov8n_full, rebuilt container (default budgets 8.0 / 9.5 ms) | 0 | True | True | 6.0 |
| tests yolov8n_full, pre-model-zoo container (default budgets 8.0 / 9.5 ms) | 0 | True | True | 5.6 |
| tests yolov8n_full, rebuilt container (default budgets 8.0 / 9.5 ms) | 0 | True | True | 5.6 |
| tests yolov8n_full, pre-model-zoo container (default budgets 8.0 / 9.5 ms) | 0 | True | True | 5.6 |
| tests yolov8s, rebuilt container (300 frames, budgets 25 / 27 ms) | 0 | True | True | 7.2 |
| tests sesr_m7, rebuilt container (500 frames, dispatch budget 1.5 ms) | 1 | True | True | 4.2 |
| camera tool yolov8n_full (500 timed frames) | 0 | True | True | 4.9 |
| camera tool yolov8s (500 timed frames) | 0 | True | True | 9.9 |
| camera tool sesr_m7 (500 timed frames) | 0 | True | True | 4.1 |
| Ignition live_ignition.py yolov8n_full (500 timed frames) | 0 | True | True | 4.5 |
| Ignition live_ignition.py yolov8s (500 timed frames) | 0 | True | True | 9.3 |
| Ignition live_ignition.py sesr_m7 (500 timed frames) | 0 | True | True | 3.8 |
# finished 2026-09-14 22:13:05 UTC
