Witnessed tests/test_npu_inference.py on the coarsened graph-engine container: oracle-free detections, 500-frame stability and glass-to-glass latency, camera tool
machine=Desktop 2 (Ryzen 7 8700G), device=[003d:00:01.1] NPU Phoenix Device 0
container=build/yolov8n_full.ignite (python -m ignite_xdna.compiler.cli compile --model models/yolov8n.onnx --output build/yolov8n_full.ignite; the CLI compiles models/yolov8n_cut_xint8.onnx because models/yolov8n.onnx is absent; egress 1,209,600 B, 1,415 rounds, 2,972 DMA tasks and 430,180 B of instructions per frame)
schedule=coarse (repeat fills and drains per run of quads, stride-0 repeated weight runs, one weight task per column for single-round groups, chunk repeats and contiguous-dimension folding, per-quad upsample fills), 20x20 groups balanced over the four columns, input blocks trimmed in packet headers; kernel computes a row's fifth pixel group once (kernels/aie2/conv_engine/engine.cc)
host=GraphSession maps the workspace buffer object; stage_image writes the quantized input plane natively (preprocess_simd.c fused_preprocess_bgr_to_c8_plane, with an identity-resize lookup copy when the frame needs no scaling); head readback transposes natively (c8_blocks_to_nchw_int8) and computes the per-anchor class maxima the decoder prunes with (c8_blocks_class_max_int8); one XRT run object reused per frame
model=models/yolov8n_cut_xint8.onnx; every layer of this schedule is byte-exact on Device 0 (tests/test_engine_graph.py --hardware --per-layer and single dispatch) and in packet emulation (--offline); the direct integer reference equals ONNX Runtime's uint8 intermediates
runtime=Python 3.13 ironenv with pyxrt; the suite is run in-process by a runner that records the xrt-smi preflight and a 1 s CPU busy sample before and after
what this measures=predict_sync(use_oracle_for_boxes=False): heads decoded from the NPU (head_source "npu"); test_10 checks >= 4 detections on bus.jpg with person and bus and mean IoU >= 0.70 against the CPU oracle; test_11 runs 500 continuous 1280x720 frames and asserts zero buffer-object allocations, < 5 MB working-set drift, mean glass-to-glass <= 8.0 ms and p99 <= 9.5 ms; test_12 runs tools/live_camera_ignition.py --boxes npu headless on bus.jpg
outcome=10 ran, 0 skipped, 0 failures. test_11: glass-to-glass mean 7.898 ms, median 7.874, p99 8.270 ms, max 8.516, 0 host and 0 instruction buffer objects, working set +0.04 MB. test_10: five detections, IoU 1.0 each. test_12: camera tool on bus.jpg with NPU boxes.
evidence tags: MEASURED = number printed below; the preflight line is the device state immediately before the run.

date_utc=2026-09-14T04:26:08Z
hostname=DESKTOP-CBL5NUA
python=3.13.15 C:\Users\<user>\mlir-aie\ironenv\Scripts\python.exe
=== preflight: xrt-smi examine -r aie-partitions ===
-----------------------------
[003d:00:01.1] : NPU Phoenix
-----------------------------
AIE Partitions
  No hardware contexts running on device
=== host load: CPU busy over 1 s before the run: 3.2% ===
=== tests/test_npu_inference.py ===
test_06_camera_manager_degrades_without_a_camera (test_npu_inference.CameraCaptureOffline.test_06_camera_manager_degrades_without_a_camera) ... 
[camera] index 99: MSMF not opened 0.06s; DSHOW not opened 0.00s; ANY not opened 0.05s; MSMF not opened 0.05s; DSHOW not opened 0.00s; ANY not opened 0.05s
ok
test_07_image_source_and_property_readback (test_npu_inference.CameraCaptureOffline.test_07_image_source_and_property_readback) ... ok
test_01_shipped_container_reports_heads_absent (test_npu_inference.DetectHeadLayoutOffline.test_01_shipped_container_reports_heads_absent) ... ok
test_02_layout_rejects_malformed_declarations (test_npu_inference.DetectHeadLayoutOffline.test_02_layout_rejects_malformed_declarations) ... ok
test_03_pack_unpack_round_trip_is_exact_and_zero_copy (test_npu_inference.DetectHeadLayoutOffline.test_03_pack_unpack_round_trip_is_exact_and_zero_copy) ... ok
test_04_int8_pruning_matches_float_decode (test_npu_inference.DetectHeadLayoutOffline.test_04_int8_pruning_matches_float_decode) ... 
[decode] synthetic heads: 5 detections, classes ['bus', 'car', 'person'], int8 path == float path
ok
test_05_cpu_oracle_on_bus_jpg_decodes_person_and_bus (test_npu_inference.DetectHeadLayoutOffline.test_05_cpu_oracle_on_bus_jpg_decodes_person_and_bus) ... 
[oracle] bus.jpg: 5 detections: person 0.90, person 0.88, person 0.88, person 0.50, bus 0.50
ok
test_10_head_status_and_oracle_free_detections (test_npu_inference.NpuInferenceOnSilicon.test_10_head_status_and_oracle_free_detections) ... 
[silicon] heads present: six heads declared in head_layout, 1209600 of 1209600 egress bytes
[silicon] IoU vs oracle per detection: [1.0, 1.0, 1.0, 1.0, 1.0]
ok
test_11_hundred_frames_no_buffer_growth_and_latency (test_npu_inference.NpuInferenceOnSilicon.test_11_hundred_frames_no_buffer_growth_and_latency)
500 continuous frames: no buffer objects allocated, < 5 MB working-set drift, G2G <= 8 ms. ... 
[silicon] 500 frames (1280x720 synthetic): G2G mean 7.898 ms median 7.874 p95 8.139 p99 8.270 max 8.516 | preprocess 0.377 | NPU 7.461 | postprocess 0.060 ms | boxes from ['npu'] | buffer objects allocated after warm-up: {'host_bo': 0, 'instr_bo': 0} | working set 298.8 -> 298.8 MB (+0.04 MB)
ok
test_12_camera_tool_headless_on_bus_jpg (test_npu_inference.NpuInferenceOnSilicon.test_12_camera_tool_headless_on_bus_jpg) ... 
[camera-tool] [Ignition] Initializing bare-metal pipeline on Device 0 from <checkout>\build\yolov8n_full.ignite ... | [Ignition] NPU heads present: six heads declared in head_layout, 1209600 of 1209600 egress bytes | [Ignition] boxes: npu | [Ignition] source: image <checkout>\assets\bus.jpg | [hud] frame 1/5 | Ignition YOLOv8n | Device 0 | G2G 11.95 ms | NPU  9.58 ms | loop   81.5 FPS | objects 5 | boxes: npu | NPU heads: present | [hud] frame 2/5 | Ignition YOLOv8n | Device 0 | G2G  8.48 ms | NPU  7.60 ms | loop   44.3 FPS | objects 5 | boxes: npu | NPU heads: present | [hud] frame 3/5 | Ignition YOLOv8n | Device 0 | G2G  8.36 ms | NPU  7.54 ms | loop   81.5 FPS | objects 5 | boxes: npu | NPU heads: present | [hud] frame 4/5 | Ignition YOLOv8n | Device 0 | G2G  8.07 ms | NPU  7.44 ms | loop   92.4 FPS | objects 5 | boxes: npu | NPU heads: present | [hud] frame 5/5 | Ignition YOLOv8n | Device 0 | G2G  8.56 ms | NPU  7.63 ms | loop  105.2 FPS | objects 5 | boxes: npu | NPU heads: present | [summary] frames 5 | source image | boxes npu | G2G mean 9.086 ms median 8.483 p95 11.273 | NPU mean 7.958 ms | NPU heads present | [Ignition] Hardware context released.
ok

----------------------------------------------------------------------
Ran 10 tests in 5.696s

OK
=== result: ran 10, failures 0, errors 0, skipped 0 ===
=== host load: CPU busy over 1 s after the run: 5.0% ===
