RESEARCH_PLATFORM {"machine": "Desktop 2", "cpu": "AMD Ryzen 7 8700G w/ Radeon 780M Graphics", "os": "Windows-11-10.0.26200-SP0", "ram_bytes": 33381138432, "source_sha256": {"tools/research_process.py": "ffeb1857f190b482eed101b5f5a928f455de26bfa61d23f78a2eacec08e2663e", "tools/quant_calib_alphabet.py": "2dc0b2878c564853f340880209a425dfcf63b8536b2b8e9fd32344daade58d37", "tools/xint8_arithmetic_probe.py": "6aa3df08b9870c3c2264b868459d7ffbac3070dddc1349d7c6f3f480075f7041", "scripts/research-lowlevel.sh": "3455ad7933697936487712665505c216891865c6deada647302785f6e37020bd", "scripts/research-iron.sh": "4c863a262646ddab39b5005006ba8e03809895e6386c6310e2fd9d0a9e9609ee", "kernels/memory_placement/probe.py": "e8d990169ad6091fa1b53852e9f61eff495b5def72d35165a5c5cf1759e38898", "kernels/memory_placement/memory_kernels.cc": "182e7af7071a1e851afb4a7ca266069c489aea1fbaaa85eca129708daeba5ba6", "scripts/research-matrix.sh": "739254171629deae822b0ad7dabc875aee19ace56dde77d3e8aab61663f97516", "kernels/memory_placement/gemm.py": "17c905ad66110d3346bbf0db898dfc6b780df59fae1dfb0c1747057ce1e5844e", "kernels/memory_placement/gemm_placement.cc": "f21acf7250b12914ea30cc1f77613239dfa18421a85a1b9a5199017dd916278a", "tools/research_summary.py": "0c00dcceef07053d06731b41a1f1ed58d3ba4ea09f82497de354ce9cef17da20", "tools/research_toolchain.py": "f0a126a24ae213acfaa43460cfd9def0c86d9cb70cfee0228aa271688467b314"}, "commit": "d6870e944ad498395e2dc7ee20c86bad82599851", "command": ["python", "tools/ort_cpu_baseline.py", "--model", "models/sesr_m7_fp32.onnx", "--model", "models/realesrgan_compact_r64_fp32.onnx", "--model", "models/realesrgan_rrdb_r64_fp32.onnx", "--model", "models/modnet/modnet_cut_fp32.onnx", "--warmup", "20", "--frames", "200"], "seconds_limit": 1800.0, "rss_gib_limit": 8, "checks_only": false, "free_ram_bytes": 17201442816}
HOST_LOAD busy_cores=0.39 logical_cores=16 free_ram_gb=15.9 sample_sec=1
HOST_LOAD_TOP 0.15 Taskmgr:47220 ws_mb=169
HOST_LOAD_TOP 0.05 Code:41872 ws_mb=213
HOST_LOAD_TOP 0.05 Code:44448 ws_mb=359
HOST_LOAD_TOP 0.03 powershell:67376 ws_mb=81
HOST_LOAD_TOP 0.03 dev-agent:21712 ws_mb=872
HOST_LOAD_VERDICT CLEAR

ORT_CPU_BASELINE_ENV {"frames": 200, "numpy": "1.26.4", "ort": "1.23.3.dev20260320", "providers": ["VitisAIExecutionProvider", "DmlExecutionProvider", "CPUExecutionProvider"], "seed": 0, "threads_requested": "ort default", "warmup": 20}
ORT_CPU_BASELINE {"frames": 200, "input_dtype": "tensor(float)", "input_name": "input", "input_shape": [1, 3, 256, 256], "input_zero_filled": false, "mean_ms": 7.872181998682208, "min_ms": 6.831299979239702, "model": "models\\sesr_m7_fp32.onnx", "model_sha256": "816b87272c9b54a828dd964fe95f711a7480efc3649a7439124bebaff6a3e6b7", "outputs": {"output": [1, 3, 512, 512]}, "p50_ms": 7.651249936316162, "p95_ms": 9.077740018256005}
HOST_TIMELINE {"elapsed_seconds": 4.156, "tree_rss_bytes": 74956800, "foreign_peers": []}
ORT_CPU_BASELINE {"frames": 200, "input_dtype": "tensor(float)", "input_name": "input", "input_shape": [1, 3, 64, 64], "input_zero_filled": false, "mean_ms": 20.623388496460393, "min_ms": 14.277599984779954, "model": "models\\realesrgan_compact_r64_fp32.onnx", "model_sha256": "bdb9d503b8ade7b70e9e4de1b48e0b77e73d5e76f0cd3710557e92ecbb87e516", "outputs": {"output": [1, 3, 256, 256]}, "p50_ms": 21.934950025752187, "p95_ms": 23.692599963396788}
HOST_TIMELINE {"elapsed_seconds": 8.062, "tree_rss_bytes": 125988864, "foreign_peers": []}
HOST_TIMELINE {"elapsed_seconds": 12.25, "tree_rss_bytes": 125988864, "foreign_peers": []}
ORT_CPU_BASELINE {"frames": 200, "input_dtype": "tensor(float)", "input_name": "input", "input_shape": [1, 3, 64, 64], "input_zero_filled": false, "mean_ms": 44.79747749574017, "min_ms": 31.185199972242117, "model": "models\\realesrgan_rrdb_r64_fp32.onnx", "model_sha256": "a5928bd9ad98e3d40c3c84a7abfc3d9dc21d656f0dad74db9d9c1d9c974de350", "outputs": {"output": [1, 3, 256, 256]}, "p50_ms": 46.060899971053004, "p95_ms": 50.783959997352206}
HOST_TIMELINE {"elapsed_seconds": 16.484, "tree_rss_bytes": 273887232, "foreign_peers": []}
HOST_TIMELINE {"elapsed_seconds": 20.765, "tree_rss_bytes": 259022848, "foreign_peers": []}
HOST_TIMELINE {"elapsed_seconds": 24.812, "tree_rss_bytes": 259022848, "foreign_peers": []}
HOST_TIMELINE {"elapsed_seconds": 28.843, "tree_rss_bytes": 259022848, "foreign_peers": []}
HOST_TIMELINE {"elapsed_seconds": 32.812, "tree_rss_bytes": 259022848, "foreign_peers": []}
HOST_TIMELINE {"elapsed_seconds": 36.765, "tree_rss_bytes": 259022848, "foreign_peers": []}
ORT_CPU_BASELINE {"frames": 200, "input_dtype": "tensor(float)", "input_name": "input", "input_shape": [1, 3, 512, 512], "input_zero_filled": false, "mean_ms": 106.298521499848, "min_ms": 92.00309996958822, "model": "models\\modnet\\modnet_cut_fp32.onnx", "model_sha256": "ffdc0a20fb0284c0f769e9ff31b2a76d0f06055c08e5cda1c3275ce9bdd37c54", "outputs": {"logits": [1, 1, 512, 512]}, "p50_ms": 106.81810003006831, "p95_ms": 117.74377501569688}
RESEARCH_PROCESS_RESULT {"exit_code": 0, "stop": null, "peak_tree_rss_bytes": 273887232, "rss_measurement": "maximum observed across sampled descendant working sets; zero observations reported as null", "elapsed_seconds": 40.14000000001397, "foreign_contention_observed": false, "timing_eligible": true}
