RESEARCH_PLATFORM {"machine": "Desktop 2", "cpu": "AMD Ryzen 7 8700G w/ Radeon 780M Graphics", "os": "Windows-11-10.0.26200-SP0", "ram_bytes": 33381138432, "source_sha256": {"tools/research_process.py": "ffeb1857f190b482eed101b5f5a928f455de26bfa61d23f78a2eacec08e2663e", "tools/quant_calib_alphabet.py": "2dc0b2878c564853f340880209a425dfcf63b8536b2b8e9fd32344daade58d37", "tools/xint8_arithmetic_probe.py": "6aa3df08b9870c3c2264b868459d7ffbac3070dddc1349d7c6f3f480075f7041", "scripts/research-lowlevel.sh": "3455ad7933697936487712665505c216891865c6deada647302785f6e37020bd", "scripts/research-iron.sh": "4c863a262646ddab39b5005006ba8e03809895e6386c6310e2fd9d0a9e9609ee", "kernels/memory_placement/probe.py": "e8d990169ad6091fa1b53852e9f61eff495b5def72d35165a5c5cf1759e38898", "kernels/memory_placement/memory_kernels.cc": "182e7af7071a1e851afb4a7ca266069c489aea1fbaaa85eca129708daeba5ba6", "scripts/research-matrix.sh": "739254171629deae822b0ad7dabc875aee19ace56dde77d3e8aab61663f97516", "kernels/memory_placement/gemm.py": "17c905ad66110d3346bbf0db898dfc6b780df59fae1dfb0c1747057ce1e5844e", "kernels/memory_placement/gemm_placement.cc": "f21acf7250b12914ea30cc1f77613239dfa18421a85a1b9a5199017dd916278a", "tools/research_summary.py": "0c00dcceef07053d06731b41a1f1ed58d3ba4ea09f82497de354ce9cef17da20", "tools/research_toolchain.py": "f0a126a24ae213acfaa43460cfd9def0c86d9cb70cfee0228aa271688467b314"}, "commit": "96e090d68dce964ff1557e8545f2d415c1715516", "command": ["bash", "scripts/research-iron.sh", "tools/bf16_sr_silicon_check.py", "--container", "build/sesr_m7_bf16.ignite", "--int8-container", "build/sesr_m7.ignite", "--qdq", "models/sesr_m7_xint8.onnx", "--fp32", "models/sesr_m7_fp32.onnx"], "seconds_limit": 2400.0, "rss_gib_limit": 8, "checks_only": false, "free_ram_bytes": 17848602624}
HOST_LOAD busy_cores=0.18 logical_cores=16 free_ram_gb=16.6 sample_sec=1
HOST_LOAD_TOP 0.08 powershell:47804 ws_mb=82
HOST_LOAD_TOP 0.02 OpenConsole:57360 ws_mb=12
HOST_LOAD_TOP 0.02 dev-agent:53024 ws_mb=324
HOST_LOAD_TOP 0.02 Code:41872 ws_mb=149
HOST_LOAD_TOP 0.02 dev-agent:54316 ws_mb=514
HOST_LOAD_VERDICT CLEAR

PRE_NPU_CONTEXT_WITNESS "\n-----------------------------\n[003d:00:01.1] : NPU Phoenix\n-----------------------------\nAIE Partitions\n  No hardware contexts running on device\n\n"
BF16_SR_SETUP {"bf16": {"egress_bytes": 1572864, "elem": "bf16", "engine": "conv_engine_bf16_v1", "insts_sha256": "e4f175d613e8c6df", "kernel_object_sha256": "67d1050f6809f390", "path": "build/sesr_m7_bf16.ignite", "sha256": "3501edd220c29711", "source_model_sha256": "bfafba18e93940f8", "task": "super_resolution", "workspace_bytes": 11732160, "wpackets_sha256": "40cdca73e7e4baeb", "xclbin_sha256": "2595a0d3171f2efd"}, "bf16_hosts": ["native", "numpy"], "cv2": "5.0.0", "datasets": ["Set5", "Set14"], "fp32": {"path": "sesr_m7_fp32.onnx", "sha256": "816b87272c9b54a8"}, "frames": 300, "host": "DESKTOP-CBL5NUA", "images": ["baby.png", "bird.png", "butterfly.png", "head.png", "woman.png"], "int8": {"egress_bytes": 786432, "elem": "int", "engine": "conv_engine_v1", "insts_sha256": "ca97eb62326cb34e", "kernel_object_sha256": "08de69197dda72f1", "path": "build/sesr_m7.ignite", "sha256": "a257665fc8bd1966", "source_model_sha256": "bfafba18e93940f8", "task": "super_resolution", "workspace_bytes": 11191360, "wpackets_sha256": "fa47270ce3f0ed6c", "xclbin_sha256": "919f66a68e72d1fc"}, "mac_model": "aligned", "native_library": {"bf16_egress": true, "bf16_ingress": true, "loaded": true}, "npu_power_mode": "default", "numpy": "2.5.3", "onnxruntime": "1.30.0", "provenance": {"src/ignite_xdna/compiler/engine_bf16_emulator.py": "9f4fe7c72fdb1b67", "src/ignite_xdna/compiler/engine_schedule_bf16.py": "3a45d7bb4eeda61e", "src/ignite_xdna/compiler/graph_ir.py": "82954487a0dc6e90", "src/ignite_xdna/compiler/graph_reference_bf16.py": "7dec197ba5f0e555", "src/ignite_xdna/pipelines/preprocess.py": "55460d18375b7bf1", "src/ignite_xdna/pipelines/preprocess_simd.dll": "a3e5836080beacce", "src/ignite_xdna/runtime/graph_session.py": "14d9bfb9df31800f", "tools/bf16_sr_silicon_check.py": "9f31374c1c21d6ea", "tools/w8a16_oracle.py": "872cd9e8cd0a4b23"}, "qdq": {"path": "sesr_m7_xint8.onnx", "sha256": "bfafba18e93940f8"}, "rounds": 2, "seeds": [0], "warmup": 30, "xrt": {"device": "NPU Phoenix", "npu_driver": "32.0.20101.3760", "npu_firmware": "1.5.5.391", "xrt_version": "2.21.0"}}
BF16_SR_WITNESS {"idle": true, "rc": 0, "report": ["[003d:00:01.1] : NPU Phoenix", "AIE Partitions", "No hardware contexts running on device"], "when": "start"}
BF16_SR_DEVICE_FRAMES {"dispatch_ms": [6.724, 5.211, 5.228, 5.188, 5.177, 5.187, 5.371], "frames": ["baby", "bird", "butterfly", "head", "woman", "seed0", "baby_again"]}
NPU_TIMELINE "\n-----------------------------\n[003d:00:01.1] : NPU Phoenix\n-----------------------------\nAIE Partitions\n  Total Memory Usage: 74 MB\n  Partition Index   : 0\n    Columns: [1, 2, 3, 4]\n    HW Contexts:\n      |PID                 |Ctx ID     |Submissions |Migrations  |Err  |Priority |\n      |Process Name        |Status     |Completions |Suspensions |     |GOPS     |\n      |Memory Usage        |Instr BO   |            |            |     |FPS      |\n      |                    |           |            |            |     |Latency  |\n      |====================|===========|============|============|=====|=========|\n      |44136               |17         |209         |0           |0    |Normal   |\n      |python.exe          |Active     |208         |0           |     |N/A      |\n      |74 MB               |384 KB     |            |            |     |N/A      |\n      |                    |           |            |            |     |N/A      |\n      |--------------------|-----------|------------|------------|-----|---------|\n"
NPU_OWNERSHIP {"context_pids": [44136], "owned_pids": [11664, 44136, 50832, 65188, 67120], "foreign_pids": []}
BF16_SR_TIMING {"arm": "int8_npu", "dispatch_ms": {"max": 4.6304, "mean": 4.0947, "min": 3.9885, "p50": 4.0588, "p99": 4.5566}, "frames": 300, "postprocess_ms": {"max": 1.2707, "mean": 0.3466, "min": 0.2128, "p50": 0.3568, "p99": 0.5427}, "readback_ms": {"max": 0.0494, "mean": 0.0237, "min": 0.014, "p50": 0.0225, "p99": 0.0414}, "round": 0, "span": "one 256x256 tile", "stage_ms": {"max": 1.101, "mean": 0.1178, "min": 0.0542, "p50": 0.106, "p99": 0.7379}, "tile_total_ms": {"max": 5.5945, "mean": 4.5829, "min": 4.3131, "p50": 4.5496, "p99": 5.1911}, "warmup": 30}
HOST_TIMELINE {"elapsed_seconds": 4.141, "tree_rss_bytes": 440881152, "foreign_peers": []}
BF16_SR_TIMING {"arm": "bf16_npu_native_host", "dispatch_ms": {"max": 6.3592, "mean": 5.242, "min": 5.008, "p50": 5.2038, "p99": 5.7905}, "frames": 300, "host_paths": ["native/native"], "postprocess_ms": {"max": 1.784, "mean": 0.8763, "min": 0.526, "p50": 0.8947, "p99": 1.502}, "readback_ms": {"max": 0.0912, "mean": 0.0423, "min": 0.0251, "p50": 0.041, "p99": 0.0678}, "round": 0, "span": "one 256x256 tile", "stage_ms": {"max": 0.2375, "mean": 0.115, "min": 0.079, "p50": 0.111, "p99": 0.1976}, "tile_total_ms": {"max": 7.2022, "mean": 6.2756, "min": 5.7284, "p50": 6.2504, "p99": 7.0718}, "warmup": 30}
NPU_TIMELINE "\n-----------------------------\n[003d:00:01.1] : NPU Phoenix\n-----------------------------\nAIE Partitions\n  Total Memory Usage: 75 MB\n  Partition Index   : 0\n    Columns: [1, 2, 3, 4]\n    HW Contexts:\n      |PID                 |Ctx ID     |Submissions |Migrations  |Err  |Priority |\n      |Process Name        |Status     |Completions |Suspensions |     |GOPS     |\n      |Memory Usage        |Instr BO   |            |            |     |FPS      |\n      |                    |           |            |            |     |Latency  |\n      |====================|===========|============|============|=====|=========|\n      |44136               |19         |221         |0           |0    |Normal   |\n      |python.exe          |Active     |220         |0           |     |N/A      |\n      |75 MB               |320 KB     |            |            |     |N/A      |\n      |                    |           |            |            |     |N/A      |\n      |--------------------|-----------|------------|------------|-----|---------|\n"
NPU_OWNERSHIP {"context_pids": [44136], "owned_pids": [11664, 44136, 50832, 65188, 67120], "foreign_pids": []}
HOST_TIMELINE {"elapsed_seconds": 7.891, "tree_rss_bytes": 441552896, "foreign_peers": []}
BF16_SR_TIMING {"arm": "bf16_npu_numpy_host", "dispatch_ms": {"max": 9.3429, "mean": 5.2073, "min": 5.0235, "p50": 5.1291, "p99": 5.6958}, "frames": 300, "host_paths": ["numpy/numpy"], "postprocess_ms": {"max": 6.3936, "mean": 4.746, "min": 4.0236, "p50": 4.6971, "p99": 6.2029}, "readback_ms": {"max": 0.0615, "mean": 0.0397, "min": 0.024, "p50": 0.0388, "p99": 0.0544}, "round": 0, "span": "one 256x256 tile", "stage_ms": {"max": 1.3894, "mean": 0.6573, "min": 0.5982, "p50": 0.6335, "p99": 1.3198}, "tile_total_ms": {"max": 15.0465, "mean": 10.6502, "min": 9.7475, "p50": 10.6351, "p99": 12.2984}, "warmup": 30}
BF16_SR_TIMING {"arm": "int8_npu", "dispatch_ms": {"max": 4.2934, "mean": 4.0464, "min": 3.9698, "p50": 4.0446, "p99": 4.1509}, "frames": 300, "postprocess_ms": {"max": 0.5843, "mean": 0.3296, "min": 0.2149, "p50": 0.3628, "p99": 0.4358}, "readback_ms": {"max": 0.0928, "mean": 0.0227, "min": 0.0145, "p50": 0.0219, "p99": 0.0406}, "round": 1, "span": "one 256x256 tile", "stage_ms": {"max": 1.735, "mean": 0.1009, "min": 0.0508, "p50": 0.0904, "p99": 0.2205}, "tile_total_ms": {"max": 6.0901, "mean": 4.4996, "min": 4.3001, "p50": 4.5039, "p99": 4.8081}, "warmup": 30}
BF16_SR_TIMING {"arm": "bf16_npu_native_host", "dispatch_ms": {"max": 8.2494, "mean": 5.2727, "min": 4.9989, "p50": 5.1859, "p99": 5.9591}, "frames": 300, "host_paths": ["native/native"], "postprocess_ms": {"max": 1.6176, "mean": 0.8603, "min": 0.5202, "p50": 0.8795, "p99": 1.5037}, "readback_ms": {"max": 0.1127, "mean": 0.0442, "min": 0.026, "p50": 0.0424, "p99": 0.0697}, "round": 1, "span": "one 256x256 tile", "stage_ms": {"max": 0.2089, "mean": 0.1107, "min": 0.0788, "p50": 0.0978, "p99": 0.1717}, "tile_total_ms": {"max": 9.2834, "mean": 6.288, "min": 5.733, "p50": 6.2213, "p99": 7.2893}, "warmup": 30}
HOST_TIMELINE {"elapsed_seconds": 12.297, "tree_rss_bytes": 508846080, "foreign_peers": []}
NPU_TIMELINE "\n-----------------------------\n[003d:00:01.1] : NPU Phoenix\n-----------------------------\nAIE Partitions\n  Total Memory Usage: 75 MB\n  Partition Index   : 0\n    Columns: [1, 2, 3, 4]\n    HW Contexts:\n      |PID                 |Ctx ID     |Submissions |Migrations  |Err  |Priority |\n      |Process Name        |Status     |Completions |Suspensions |     |GOPS     |\n      |Memory Usage        |Instr BO   |            |            |     |FPS      |\n      |                    |           |            |            |     |Latency  |\n      |====================|===========|============|============|=====|=========|\n      |44136               |22         |184         |0           |0    |Normal   |\n      |python.exe          |Active     |183         |0           |     |N/A      |\n      |75 MB               |320 KB     |            |            |     |N/A      |\n      |                    |           |            |            |     |N/A      |\n      |--------------------|-----------|------------|------------|-----|---------|\n"
NPU_OWNERSHIP {"context_pids": [44136], "owned_pids": [11664, 44136, 50832, 65188, 67120], "foreign_pids": []}
BF16_SR_TIMING {"arm": "bf16_npu_numpy_host", "dispatch_ms": {"max": 5.9913, "mean": 5.1806, "min": 5.0308, "p50": 5.1421, "p99": 5.6407}, "frames": 300, "host_paths": ["numpy/numpy"], "postprocess_ms": {"max": 7.6391, "mean": 4.8962, "min": 4.0824, "p50": 4.8559, "p99": 6.4935}, "readback_ms": {"max": 0.1256, "mean": 0.0409, "min": 0.0257, "p50": 0.0396, "p99": 0.0692}, "round": 1, "span": "one 256x256 tile", "stage_ms": {"max": 1.3503, "mean": 0.669, "min": 0.5894, "p50": 0.6384, "p99": 1.2529}, "tile_total_ms": {"max": 13.88, "mean": 10.7867, "min": 9.9004, "p50": 10.7313, "p99": 12.8531}, "warmup": 30}
HOST_TIMELINE {"elapsed_seconds": 16.172, "tree_rss_bytes": 581685248, "foreign_peers": []}
BF16_SR_HOST_AGREEMENT {"arm": "bf16_npu", "host_paths": ["native/native"], "identical": 31, "tiles": 31}
BF16_SR_WITNESS {"idle": true, "rc": 0, "report": ["[003d:00:01.1] : NPU Phoenix", "AIE Partitions", "No hardware contexts running on device"], "when": "end"}
NPU_TIMELINE "\n-----------------------------\n[003d:00:01.1] : NPU Phoenix\n-----------------------------\nAIE Partitions\n  No hardware contexts running on device\n\n"
NPU_OWNERSHIP {"context_pids": [], "owned_pids": [11664, 44136, 50832, 65188, 67120], "foreign_pids": []}
BF16_SR_TIMING {"arm": "fp32_cpu", "frames": 300, "ort_session_options": "default", "postprocess_ms": {"max": 17.8467, "mean": 2.3282, "min": 1.822, "p50": 2.1362, "p99": 3.8856}, "preprocess_ms": {"max": 0.5639, "mean": 0.25, "min": 0.1619, "p50": 0.2423, "p99": 0.4918}, "round": 0, "run_ms": {"max": 12.2167, "mean": 8.1688, "min": 5.2212, "p50": 8.0957, "p99": 10.6562}, "span": "one 256x256 tile", "tile_total_ms": {"max": 26.1864, "mean": 10.7469, "min": 7.4386, "p50": 10.5346, "p99": 14.004}, "warmup": 30}
HOST_TIMELINE {"elapsed_seconds": 20.094, "tree_rss_bytes": 308215808, "foreign_peers": []}
BF16_SR_QUALITY {"arm": "int8_npu", "dataset": "Set5", "images": 5, "per_image_psnr_y": {"baby": 36.06, "bird": 37.476, "butterfly": 30.9042, "head": 33.5851, "woman": 33.2209}, "psnr_rgb": 33.1544, "psnr_y": 34.2492, "ssim_rgb": 0.9071, "ssim_y": 0.9339}
NPU_TIMELINE "\n-----------------------------\n[003d:00:01.1] : NPU Phoenix\n-----------------------------\nAIE Partitions\n  No hardware contexts running on device\n\n"
NPU_OWNERSHIP {"context_pids": [], "owned_pids": [11664, 44136, 50832, 65188, 67120], "foreign_pids": []}
BF16_SR_QUALITY {"arm": "bf16_npu", "dataset": "Set5", "images": 5, "per_image_psnr_y": {"baby": 36.549, "bird": 38.2373, "butterfly": 31.1111, "head": 33.847, "woman": 33.5301}, "psnr_rgb": 33.5901, "psnr_y": 34.6549, "ssim_rgb": 0.9163, "ssim_y": 0.9408}
BF16_SR_QUALITY {"arm": "fp32_cpu", "dataset": "Set5", "images": 5, "per_image_psnr_y": {"baby": 37.2693, "bird": 40.0999, "butterfly": 32.0642, "head": 34.5293, "woman": 34.2516}, "psnr_rgb": 34.8833, "psnr_y": 35.6429, "ssim_rgb": 0.9401, "ssim_y": 0.9518}
BF16_SR_QUALITY {"arm": "xint8_cpu_noopt", "dataset": "Set5", "images": 5, "per_image_psnr_y": {"baby": 36.06, "bird": 37.476, "butterfly": 30.9042, "head": 33.5851, "woman": 33.2209}, "psnr_rgb": 33.1544, "psnr_y": 34.2492, "ssim_rgb": 0.9071, "ssim_y": 0.9339}
BF16_SR_QUALITY {"arm": "w8a16_oracle_cpu", "dataset": "Set5", "images": 5, "per_image_psnr_y": {"baby": 36.549, "bird": 38.2373, "butterfly": 31.1111, "head": 33.847, "woman": 33.5302}, "psnr_rgb": 33.5901, "psnr_y": 34.6549, "ssim_rgb": 0.9163, "ssim_y": 0.9408}
BF16_SR_AGREEMENT {"a": "int8_npu", "b": "xint8_cpu_noopt", "dataset": "Set5", "differ": 0, "max_abs": 0, "pixels": 1702368}
BF16_SR_AGREEMENT {"a": "bf16_npu", "b": "w8a16_oracle_cpu", "dataset": "Set5", "differ": 4, "max_abs": 1, "pixels": 1702368}
BF16_SR_AGREEMENT {"a": "bf16_npu", "b": "int8_npu", "dataset": "Set5", "differ": 1264581, "max_abs": 10, "pixels": 1702368}
HOST_TIMELINE {"elapsed_seconds": 24.188, "tree_rss_bytes": 444706816, "foreign_peers": []}
BF16_SR_QUALITY {"arm": "int8_npu", "dataset": "Set14", "images": 14, "per_image_psnr_y": {"baboon": 24.0479, "barbara": 26.6742, "bridge": 27.6266, "coastguard": 29.1229, "comic": 24.304, "face": 33.5768, "flowers": 31.5558, "foreman": 31.9134, "lenna": 33.9905, "man": 29.4853, "monarch": 35.1642, "pepper": 32.8868, "ppt3": 23.9542, "zebra": 27.4348}, "psnr_rgb": 28.7302, "psnr_y": 29.4098, "ssim_rgb": 0.8552, "ssim_y": 0.8771}
BF16_SR_QUALITY {"arm": "bf16_npu", "dataset": "Set14", "images": 14, "per_image_psnr_y": {"baboon": 24.0853, "barbara": 26.7511, "bridge": 27.7059, "coastguard": 29.239, "comic": 24.3369, "face": 33.8405, "flowers": 31.8922, "foreman": 32.093, "lenna": 34.4693, "man": 29.6095, "monarch": 35.7734, "pepper": 33.1629, "ppt3": 23.9657, "zebra": 27.4854}, "psnr_rgb": 28.9417, "psnr_y": 29.6007, "ssim_rgb": 0.8633, "ssim_y": 0.8826}
BF16_SR_QUALITY {"arm": "fp32_cpu", "dataset": "Set14", "images": 14, "per_image_psnr_y": {"baboon": 24.2344, "barbara": 26.8089, "bridge": 27.8504, "coastguard": 29.4098, "comic": 24.2819, "face": 34.5171, "flowers": 32.542, "foreman": 32.411, "lenna": 35.5575, "man": 29.8904, "monarch": 37.2143, "pepper": 34.2003, "ppt3": 24.1597, "zebra": 27.3735}, "psnr_rgb": 29.3738, "psnr_y": 30.0322, "ssim_rgb": 0.8746, "ssim_y": 0.891}
HOST_TIMELINE {"elapsed_seconds": 28.219, "tree_rss_bytes": 496553984, "foreign_peers": []}
NPU_TIMELINE "\n-----------------------------\n[003d:00:01.1] : NPU Phoenix\n-----------------------------\nAIE Partitions\n  No hardware contexts running on device\n\n"
NPU_OWNERSHIP {"context_pids": [], "owned_pids": [11664, 44136, 50832, 65188, 67120], "foreign_pids": []}
BF16_SR_QUALITY {"arm": "xint8_cpu_noopt", "dataset": "Set14", "images": 14, "per_image_psnr_y": {"baboon": 24.0479, "barbara": 26.6742, "bridge": 27.6266, "coastguard": 29.1229, "comic": 24.304, "face": 33.5768, "flowers": 31.5558, "foreman": 31.9134, "lenna": 33.9905, "man": 29.4853, "monarch": 35.1642, "pepper": 32.8868, "ppt3": 23.9542, "zebra": 27.4348}, "psnr_rgb": 28.7302, "psnr_y": 29.4098, "ssim_rgb": 0.8552, "ssim_y": 0.8771}
BF16_SR_QUALITY {"arm": "w8a16_oracle_cpu", "dataset": "Set14", "images": 14, "per_image_psnr_y": {"baboon": 24.0853, "barbara": 26.7511, "bridge": 27.7059, "coastguard": 29.239, "comic": 24.3369, "face": 33.8405, "flowers": 31.8922, "foreman": 32.093, "lenna": 34.4693, "man": 29.6095, "monarch": 35.7734, "pepper": 33.1629, "ppt3": 23.9657, "zebra": 27.4854}, "psnr_rgb": 28.9417, "psnr_y": 29.6007, "ssim_rgb": 0.8633, "ssim_y": 0.8826}
BF16_SR_AGREEMENT {"a": "int8_npu", "b": "xint8_cpu_noopt", "dataset": "Set14", "differ": 0, "max_abs": 0, "pixels": 9664044}
BF16_SR_AGREEMENT {"a": "bf16_npu", "b": "w8a16_oracle_cpu", "dataset": "Set14", "differ": 140, "max_abs": 1, "pixels": 9664044}
BF16_SR_AGREEMENT {"a": "bf16_npu", "b": "int8_npu", "dataset": "Set14", "differ": 7104729, "max_abs": 55, "pixels": 9664044}
HOST_TIMELINE {"elapsed_seconds": 32.485, "tree_rss_bytes": 429293568, "foreign_peers": []}
NPU_TIMELINE "\n-----------------------------\n[003d:00:01.1] : NPU Phoenix\n-----------------------------\nAIE Partitions\n  No hardware contexts running on device\n\n"
NPU_OWNERSHIP {"context_pids": [], "owned_pids": [11664, 44136, 50832, 65188, 67120], "foreign_pids": []}
HOST_TIMELINE {"elapsed_seconds": 36.031, "tree_rss_bytes": 438673408, "foreign_peers": []}
NPU_TIMELINE "\n-----------------------------\n[003d:00:01.1] : NPU Phoenix\n-----------------------------\nAIE Partitions\n  No hardware contexts running on device\n\n"
NPU_OWNERSHIP {"context_pids": [], "owned_pids": [11664, 44136, 50832, 65188, 67120], "foreign_pids": []}
HOST_TIMELINE {"elapsed_seconds": 39.735, "tree_rss_bytes": 445689856, "foreign_peers": []}
HOST_TIMELINE {"elapsed_seconds": 43.328, "tree_rss_bytes": 451203072, "foreign_peers": []}
NPU_TIMELINE "\n-----------------------------\n[003d:00:01.1] : NPU Phoenix\n-----------------------------\nAIE Partitions\n  No hardware contexts running on device\n\n"
NPU_OWNERSHIP {"context_pids": [], "owned_pids": [11664, 44136, 50832, 65188, 67120], "foreign_pids": []}
HOST_TIMELINE {"elapsed_seconds": 47.156, "tree_rss_bytes": 458874880, "foreign_peers": []}
NPU_TIMELINE "\n-----------------------------\n[003d:00:01.1] : NPU Phoenix\n-----------------------------\nAIE Partitions\n  No hardware contexts running on device\n\n"
NPU_OWNERSHIP {"context_pids": [], "owned_pids": [11664, 44136, 50832, 65188, 67120], "foreign_pids": []}
HOST_TIMELINE {"elapsed_seconds": 50.922, "tree_rss_bytes": 463839232, "foreign_peers": []}
HOST_TIMELINE {"elapsed_seconds": 54.563, "tree_rss_bytes": 466591744, "foreign_peers": []}
NPU_TIMELINE "\n-----------------------------\n[003d:00:01.1] : NPU Phoenix\n-----------------------------\nAIE Partitions\n  No hardware contexts running on device\n\n"
NPU_OWNERSHIP {"context_pids": [], "owned_pids": [11664, 44136, 50832, 65188, 67120], "foreign_pids": []}
HOST_TIMELINE {"elapsed_seconds": 58.125, "tree_rss_bytes": 486453248, "foreign_peers": []}
NPU_TIMELINE "\n-----------------------------\n[003d:00:01.1] : NPU Phoenix\n-----------------------------\nAIE Partitions\n  No hardware contexts running on device\n\n"
NPU_OWNERSHIP {"context_pids": [], "owned_pids": [11664, 44136, 50832, 65188, 67120], "foreign_pids": []}
HOST_TIMELINE {"elapsed_seconds": 61.688, "tree_rss_bytes": 495796224, "foreign_peers": []}
HOST_TIMELINE {"elapsed_seconds": 65.36, "tree_rss_bytes": 500645888, "foreign_peers": []}
NPU_TIMELINE "\n-----------------------------\n[003d:00:01.1] : NPU Phoenix\n-----------------------------\nAIE Partitions\n  No hardware contexts running on device\n\n"
NPU_OWNERSHIP {"context_pids": [], "owned_pids": [11664, 44136, 50832, 65188, 67120], "foreign_pids": []}
HOST_TIMELINE {"elapsed_seconds": 68.922, "tree_rss_bytes": 507236352, "foreign_peers": []}
NPU_TIMELINE "\n-----------------------------\n[003d:00:01.1] : NPU Phoenix\n-----------------------------\nAIE Partitions\n  No hardware contexts running on device\n\n"
NPU_OWNERSHIP {"context_pids": [], "owned_pids": [11664, 44136, 50832, 65188, 67120], "foreign_pids": []}
HOST_TIMELINE {"elapsed_seconds": 72.578, "tree_rss_bytes": 513372160, "foreign_peers": []}
HOST_TIMELINE {"elapsed_seconds": 76.125, "tree_rss_bytes": 520388608, "foreign_peers": []}
NPU_TIMELINE "\n-----------------------------\n[003d:00:01.1] : NPU Phoenix\n-----------------------------\nAIE Partitions\n  No hardware contexts running on device\n\n"
NPU_OWNERSHIP {"context_pids": [], "owned_pids": [11664, 44136, 50832, 65188, 67120], "foreign_pids": []}
HOST_TIMELINE {"elapsed_seconds": 79.656, "tree_rss_bytes": 523276288, "foreign_peers": []}
NPU_TIMELINE "\n-----------------------------\n[003d:00:01.1] : NPU Phoenix\n-----------------------------\nAIE Partitions\n  No hardware contexts running on device\n\n"
NPU_OWNERSHIP {"context_pids": [], "owned_pids": [11664, 44136, 50832, 65188, 67120], "foreign_pids": []}
HOST_TIMELINE {"elapsed_seconds": 83.25, "tree_rss_bytes": 524849152, "foreign_peers": []}
HOST_TIMELINE {"elapsed_seconds": 86.891, "tree_rss_bytes": 492949504, "foreign_peers": []}
NPU_TIMELINE "\n-----------------------------\n[003d:00:01.1] : NPU Phoenix\n-----------------------------\nAIE Partitions\n  No hardware contexts running on device\n\n"
NPU_OWNERSHIP {"context_pids": [], "owned_pids": [11664, 44136, 50832, 65188, 67120], "foreign_pids": []}
HOST_TIMELINE {"elapsed_seconds": 90.547, "tree_rss_bytes": 499834880, "foreign_peers": []}
NPU_TIMELINE "\n-----------------------------\n[003d:00:01.1] : NPU Phoenix\n-----------------------------\nAIE Partitions\n  No hardware contexts running on device\n\n"
NPU_OWNERSHIP {"context_pids": [], "owned_pids": [11664, 44136, 50832, 65188, 67120], "foreign_pids": []}
HOST_TIMELINE {"elapsed_seconds": 94.203, "tree_rss_bytes": 506200064, "foreign_peers": []}
HOST_TIMELINE {"elapsed_seconds": 97.75, "tree_rss_bytes": 512831488, "foreign_peers": []}
NPU_TIMELINE "\n-----------------------------\n[003d:00:01.1] : NPU Phoenix\n-----------------------------\nAIE Partitions\n  No hardware contexts running on device\n\n"
NPU_OWNERSHIP {"context_pids": [], "owned_pids": [11664, 44136, 50832, 65188, 67120], "foreign_pids": []}
HOST_TIMELINE {"elapsed_seconds": 101.281, "tree_rss_bytes": 518205440, "foreign_peers": []}
NPU_TIMELINE "\n-----------------------------\n[003d:00:01.1] : NPU Phoenix\n-----------------------------\nAIE Partitions\n  No hardware contexts running on device\n\n"
NPU_OWNERSHIP {"context_pids": [], "owned_pids": [11664, 44136, 50832, 65188, 67120], "foreign_pids": []}
HOST_TIMELINE {"elapsed_seconds": 104.828, "tree_rss_bytes": 523255808, "foreign_peers": []}
HOST_TIMELINE {"elapsed_seconds": 108.5, "tree_rss_bytes": 526336000, "foreign_peers": []}
NPU_TIMELINE "\n-----------------------------\n[003d:00:01.1] : NPU Phoenix\n-----------------------------\nAIE Partitions\n  No hardware contexts running on device\n\n"
NPU_OWNERSHIP {"context_pids": [], "owned_pids": [11664, 44136, 50832, 65188, 67120], "foreign_pids": []}
HOST_TIMELINE {"elapsed_seconds": 112.11, "tree_rss_bytes": 488484864, "foreign_peers": []}
NPU_TIMELINE "\n-----------------------------\n[003d:00:01.1] : NPU Phoenix\n-----------------------------\nAIE Partitions\n  No hardware contexts running on device\n\n"
NPU_OWNERSHIP {"context_pids": [], "owned_pids": [11664, 44136, 50832, 65188, 67120], "foreign_pids": []}
HOST_TIMELINE {"elapsed_seconds": 115.656, "tree_rss_bytes": 497213440, "foreign_peers": []}
HOST_TIMELINE {"elapsed_seconds": 119.281, "tree_rss_bytes": 504487936, "foreign_peers": []}
NPU_TIMELINE "\n-----------------------------\n[003d:00:01.1] : NPU Phoenix\n-----------------------------\nAIE Partitions\n  No hardware contexts running on device\n\n"
NPU_OWNERSHIP {"context_pids": [], "owned_pids": [11664, 44136, 50832, 65188, 67120], "foreign_pids": []}
HOST_TIMELINE {"elapsed_seconds": 122.891, "tree_rss_bytes": 510685184, "foreign_peers": []}
NPU_TIMELINE "\n-----------------------------\n[003d:00:01.1] : NPU Phoenix\n-----------------------------\nAIE Partitions\n  No hardware contexts running on device\n\n"
NPU_OWNERSHIP {"context_pids": [], "owned_pids": [11664, 44136, 50832, 65188, 67120], "foreign_pids": []}
HOST_TIMELINE {"elapsed_seconds": 126.563, "tree_rss_bytes": 517910528, "foreign_peers": []}
HOST_TIMELINE {"elapsed_seconds": 130.125, "tree_rss_bytes": 523112448, "foreign_peers": []}
NPU_TIMELINE "\n-----------------------------\n[003d:00:01.1] : NPU Phoenix\n-----------------------------\nAIE Partitions\n  No hardware contexts running on device\n\n"
NPU_OWNERSHIP {"context_pids": [], "owned_pids": [11664, 44136, 50832, 65188, 67120], "foreign_pids": []}
HOST_TIMELINE {"elapsed_seconds": 133.766, "tree_rss_bytes": 525246464, "foreign_peers": []}
NPU_TIMELINE "\n-----------------------------\n[003d:00:01.1] : NPU Phoenix\n-----------------------------\nAIE Partitions\n  No hardware contexts running on device\n\n"
NPU_OWNERSHIP {"context_pids": [], "owned_pids": [11664, 44136, 50832, 65188, 67120], "foreign_pids": []}
HOST_TIMELINE {"elapsed_seconds": 137.344, "tree_rss_bytes": 487882752, "foreign_peers": []}
HOST_TIMELINE {"elapsed_seconds": 140.953, "tree_rss_bytes": 496377856, "foreign_peers": []}
NPU_TIMELINE "\n-----------------------------\n[003d:00:01.1] : NPU Phoenix\n-----------------------------\nAIE Partitions\n  No hardware contexts running on device\n\n"
NPU_OWNERSHIP {"context_pids": [], "owned_pids": [11664, 44136, 50832, 65188, 67120], "foreign_pids": []}
HOST_TIMELINE {"elapsed_seconds": 144.61, "tree_rss_bytes": 502423552, "foreign_peers": []}
NPU_TIMELINE "\n-----------------------------\n[003d:00:01.1] : NPU Phoenix\n-----------------------------\nAIE Partitions\n  No hardware contexts running on device\n\n"
NPU_OWNERSHIP {"context_pids": [], "owned_pids": [11664, 44136, 50832, 65188, 67120], "foreign_pids": []}
HOST_TIMELINE {"elapsed_seconds": 148.172, "tree_rss_bytes": 508796928, "foreign_peers": []}
HOST_TIMELINE {"elapsed_seconds": 151.688, "tree_rss_bytes": 515272704, "foreign_peers": []}
NPU_TIMELINE "\n-----------------------------\n[003d:00:01.1] : NPU Phoenix\n-----------------------------\nAIE Partitions\n  No hardware contexts running on device\n\n"
NPU_OWNERSHIP {"context_pids": [], "owned_pids": [11664, 44136, 50832, 65188, 67120], "foreign_pids": []}
HOST_TIMELINE {"elapsed_seconds": 155.328, "tree_rss_bytes": 521945088, "foreign_peers": []}
NPU_TIMELINE "\n-----------------------------\n[003d:00:01.1] : NPU Phoenix\n-----------------------------\nAIE Partitions\n  No hardware contexts running on device\n\n"
NPU_OWNERSHIP {"context_pids": [], "owned_pids": [11664, 44136, 50832, 65188, 67120], "foreign_pids": []}
HOST_TIMELINE {"elapsed_seconds": 158.891, "tree_rss_bytes": 526409728, "foreign_peers": []}
HOST_TIMELINE {"elapsed_seconds": 162.438, "tree_rss_bytes": 527831040, "foreign_peers": []}
NPU_TIMELINE "\n-----------------------------\n[003d:00:01.1] : NPU Phoenix\n-----------------------------\nAIE Partitions\n  No hardware contexts running on device\n\n"
NPU_OWNERSHIP {"context_pids": [], "owned_pids": [11664, 44136, 50832, 65188, 67120], "foreign_pids": []}
HOST_TIMELINE {"elapsed_seconds": 165.985, "tree_rss_bytes": 491180032, "foreign_peers": []}
NPU_TIMELINE "\n-----------------------------\n[003d:00:01.1] : NPU Phoenix\n-----------------------------\nAIE Partitions\n  No hardware contexts running on device\n\n"
NPU_OWNERSHIP {"context_pids": [], "owned_pids": [11664, 44136, 50832, 65188, 67120], "foreign_pids": []}
HOST_TIMELINE {"elapsed_seconds": 169.563, "tree_rss_bytes": 500117504, "foreign_peers": []}
HOST_TIMELINE {"elapsed_seconds": 173.094, "tree_rss_bytes": 506867712, "foreign_peers": []}
NPU_TIMELINE "\n-----------------------------\n[003d:00:01.1] : NPU Phoenix\n-----------------------------\nAIE Partitions\n  No hardware contexts running on device\n\n"
NPU_OWNERSHIP {"context_pids": [], "owned_pids": [11664, 44136, 50832, 65188, 67120], "foreign_pids": []}
HOST_TIMELINE {"elapsed_seconds": 176.656, "tree_rss_bytes": 513142784, "foreign_peers": []}
NPU_TIMELINE "\n-----------------------------\n[003d:00:01.1] : NPU Phoenix\n-----------------------------\nAIE Partitions\n  No hardware contexts running on device\n\n"
NPU_OWNERSHIP {"context_pids": [], "owned_pids": [11664, 44136, 50832, 65188, 67120], "foreign_pids": []}
HOST_TIMELINE {"elapsed_seconds": 180.203, "tree_rss_bytes": 520216576, "foreign_peers": []}
HOST_TIMELINE {"elapsed_seconds": 183.735, "tree_rss_bytes": 524926976, "foreign_peers": []}
NPU_TIMELINE "\n-----------------------------\n[003d:00:01.1] : NPU Phoenix\n-----------------------------\nAIE Partitions\n  No hardware contexts running on device\n\n"
NPU_OWNERSHIP {"context_pids": [], "owned_pids": [11664, 44136, 50832, 65188, 67120], "foreign_pids": []}
HOST_TIMELINE {"elapsed_seconds": 187.266, "tree_rss_bytes": 527220736, "foreign_peers": []}
NPU_TIMELINE "\n-----------------------------\n[003d:00:01.1] : NPU Phoenix\n-----------------------------\nAIE Partitions\n  No hardware contexts running on device\n\n"
NPU_OWNERSHIP {"context_pids": [], "owned_pids": [11664, 44136, 50832, 65188, 67120], "foreign_pids": []}
BF16_SR_EXACT {"dispatch_ms": 6.724, "emulator_s": 26.8, "exact": true, "host": {"egress_path": "native", "native_egress_equals_numpy": true, "stage_path": "native", "staged_is_npu_sesr_preprocess": true}, "input_region_intact": true, "label": "baby", "nonfinite_tail": 0, "resident_tensors": {"compared": 6, "differ": 0, "per_tensor_differ": {"/Add_output_0_QuantizeLinear_Output": 0, "/body.4/body.4.1/Relu_output_0_QuantizeLinear_Output": 0, "/body.5/body.5.1/Relu_output_0_QuantizeLinear_Output": 0, "/head/Conv_output_0_QuantizeLinear_Output": 0, "/tail/Conv_output_0_QuantizeLinear_Output": 0, "input_QuantizeLinear_Output": 0}, "values": 5177344}, "staged_is_the_compilers_plane": true, "tail": {"differ": 0, "differ_padding_lanes": 0, "lanes": 16, "max_ulp": 0, "values": 1048576, "zero_sign_only": 0}, "vs_oracle": {"differ": 2, "finite": true, "max_abs": 0.5, "max_abs_peak_ulps": 0.5, "max_ulp": 1, "n": 786432, "peak": 137.0, "rel_l2": 1.0286440714809005e-05, "zero_sign_only": 0}}
BF16_SR_EXACT {"dispatch_ms": 5.211, "emulator_s": 26.7, "exact": true, "host": {"egress_path": "native", "native_egress_equals_numpy": true, "stage_path": "native", "staged_is_npu_sesr_preprocess": true}, "input_region_intact": true, "label": "bird", "nonfinite_tail": 0, "resident_tensors": {"compared": 6, "differ": 0, "per_tensor_differ": {"/Add_output_0_QuantizeLinear_Output": 0, "/body.4/body.4.1/Relu_output_0_QuantizeLinear_Output": 0, "/body.5/body.5.1/Relu_output_0_QuantizeLinear_Output": 0, "/head/Conv_output_0_QuantizeLinear_Output": 0, "/tail/Conv_output_0_QuantizeLinear_Output": 0, "input_QuantizeLinear_Output": 0}, "values": 5177344}, "staged_is_the_compilers_plane": true, "tail": {"differ": 0, "differ_padding_lanes": 0, "lanes": 16, "max_ulp": 0, "values": 1048576, "zero_sign_only": 0}, "vs_oracle": {"differ": 13, "finite": true, "max_abs": 0.5, "max_abs_peak_ulps": 0.5, "max_ulp": 1, "n": 786432, "peak": 136.0, "rel_l2": 7.63644936295787e-06, "zero_sign_only": 0}}
BF16_SR_EXACT {"dispatch_ms": 5.228, "emulator_s": 26.6, "exact": true, "host": {"egress_path": "native", "native_egress_equals_numpy": true, "stage_path": "native", "staged_is_npu_sesr_preprocess": true}, "input_region_intact": true, "label": "butterfly", "nonfinite_tail": 0, "resident_tensors": {"compared": 6, "differ": 0, "per_tensor_differ": {"/Add_output_0_QuantizeLinear_Output": 0, "/body.4/body.4.1/Relu_output_0_QuantizeLinear_Output": 0, "/body.5/body.5.1/Relu_output_0_QuantizeLinear_Output": 0, "/head/Conv_output_0_QuantizeLinear_Output": 0, "/tail/Conv_output_0_QuantizeLinear_Output": 0, "input_QuantizeLinear_Output": 0}, "values": 5177344}, "staged_is_the_compilers_plane": true, "tail": {"differ": 0, "differ_padding_lanes": 0, "lanes": 16, "max_ulp": 0, "values": 1048576, "zero_sign_only": 0}, "vs_oracle": {"differ": 10, "finite": true, "max_abs": 0.5, "max_abs_peak_ulps": 1.0, "max_ulp": 1, "n": 786432, "peak": 118.5, "rel_l2": 1.537461423258438e-05, "zero_sign_only": 0}}
BF16_SR_EXACT {"dispatch_ms": 5.188, "emulator_s": 26.6, "exact": true, "host": {"egress_path": "native", "native_egress_equals_numpy": true, "stage_path": "native", "staged_is_npu_sesr_preprocess": true}, "input_region_intact": true, "label": "head", "nonfinite_tail": 0, "resident_tensors": {"compared": 6, "differ": 0, "per_tensor_differ": {"/Add_output_0_QuantizeLinear_Output": 0, "/body.4/body.4.1/Relu_output_0_QuantizeLinear_Output": 0, "/body.5/body.5.1/Relu_output_0_QuantizeLinear_Output": 0, "/head/Conv_output_0_QuantizeLinear_Output": 0, "/tail/Conv_output_0_QuantizeLinear_Output": 0, "input_QuantizeLinear_Output": 0}, "values": 5177344}, "staged_is_the_compilers_plane": true, "tail": {"differ": 0, "differ_padding_lanes": 0, "lanes": 16, "max_ulp": 0, "values": 1048576, "zero_sign_only": 0}, "vs_oracle": {"differ": 58, "finite": true, "max_abs": 0.5, "max_abs_peak_ulps": 0.5, "max_ulp": 104, "n": 786432, "peak": 136.0, "rel_l2": 1.594379543119743e-05, "zero_sign_only": 0}}
BF16_SR_EXACT {"dispatch_ms": 5.177, "emulator_s": 26.7, "exact": true, "host": {"egress_path": "native", "native_egress_equals_numpy": true, "stage_path": "native", "staged_is_npu_sesr_preprocess": true}, "input_region_intact": true, "label": "woman", "nonfinite_tail": 0, "resident_tensors": {"compared": 6, "differ": 0, "per_tensor_differ": {"/Add_output_0_QuantizeLinear_Output": 0, "/body.4/body.4.1/Relu_output_0_QuantizeLinear_Output": 0, "/body.5/body.5.1/Relu_output_0_QuantizeLinear_Output": 0, "/head/Conv_output_0_QuantizeLinear_Output": 0, "/tail/Conv_output_0_QuantizeLinear_Output": 0, "input_QuantizeLinear_Output": 0}, "values": 5177344}, "staged_is_the_compilers_plane": true, "tail": {"differ": 0, "differ_padding_lanes": 0, "lanes": 16, "max_ulp": 0, "values": 1048576, "zero_sign_only": 0}, "vs_oracle": {"differ": 7, "finite": true, "max_abs": 0.5, "max_abs_peak_ulps": 0.5, "max_ulp": 1, "n": 786432, "peak": 137.0, "rel_l2": 1.3557245706809758e-05, "zero_sign_only": 0}}
BF16_SR_EXACT {"dispatch_ms": 5.187, "emulator_s": 26.6, "exact": true, "host": {"egress_path": "native", "native_egress_equals_numpy": true}, "input_region_intact": true, "label": "seed0", "nonfinite_tail": 0, "resident_tensors": {"compared": 6, "differ": 0, "per_tensor_differ": {"/Add_output_0_QuantizeLinear_Output": 0, "/body.4/body.4.1/Relu_output_0_QuantizeLinear_Output": 0, "/body.5/body.5.1/Relu_output_0_QuantizeLinear_Output": 0, "/head/Conv_output_0_QuantizeLinear_Output": 0, "/tail/Conv_output_0_QuantizeLinear_Output": 0, "input_QuantizeLinear_Output": 0}, "values": 5177344}, "staged_is_the_compilers_plane": true, "tail": {"differ": 0, "differ_padding_lanes": 0, "lanes": 16, "max_ulp": 0, "values": 1048576, "zero_sign_only": 0}, "vs_oracle": {"differ": 0, "finite": true, "max_abs": 0.0, "max_abs_peak_ulps": 0.0, "max_ulp": 0, "n": 786432, "peak": 322.0, "rel_l2": 0.0, "zero_sign_only": 0}}
BF16_SR_EXACT {"dispatch_ms": 5.371, "host": {"egress_path": "native", "native_egress_equals_numpy": true, "stage_path": "native", "staged_is_npu_sesr_preprocess": true}, "input_region_intact": true, "label": "baby_again", "nonfinite_tail": 0, "repeat_of": "baby", "repeat_tail_identical": true, "repeat_tensors_identical": true, "staged_is_the_compilers_plane": true}
BF16_SR_RESULT {"device_equals_emulator": true, "device_idle_after": true, "exact_inputs": 6, "host": {"frames": 7, "frames_egress_equal_numpy": 7, "frames_on_the_asked_path": 7, "frames_staged_npu_sesr_preprocess": 6, "image_frames": 6, "quality_host_paths": ["native/native"], "quality_tiles": 31, "quality_tiles_identical": 31, "timed_arms_on_their_path": true}, "host_ok": true, "repeat_frames": 1, "resident_values_compared": 31064064, "tail_values_compared": 6291456, "worst_vs_oracle": {"differ": 58, "finite": true, "max_abs": 0.5, "max_abs_peak_ulps": 0.5, "max_ulp": 104, "n": 786432, "peak": 136.0, "rel_l2": 1.594379543119743e-05, "zero_sign_only": 0}}
POST_NPU_CONTEXT_WITNESS "\n-----------------------------\n[003d:00:01.1] : NPU Phoenix\n-----------------------------\nAIE Partitions\n  No hardware contexts running on device\n\n"
RESEARCH_PROCESS_RESULT {"exit_code": 0, "stop": null, "peak_tree_rss_bytes": 581685248, "rss_measurement": "maximum observed across sampled descendant working sets; zero observations reported as null", "elapsed_seconds": 190.6720000000205, "foreign_contention_observed": false, "timing_eligible": true}
