RESEARCH_PLATFORM {"machine": "Desktop 2", "cpu": "AMD Ryzen 7 8700G w/ Radeon 780M Graphics", "os": "Windows-11-10.0.26200-SP0", "ram_bytes": 33381138432, "source_sha256": {"tools/research_process.py": "ffeb1857f190b482eed101b5f5a928f455de26bfa61d23f78a2eacec08e2663e", "tools/quant_calib_alphabet.py": "2dc0b2878c564853f340880209a425dfcf63b8536b2b8e9fd32344daade58d37", "tools/xint8_arithmetic_probe.py": "6aa3df08b9870c3c2264b868459d7ffbac3070dddc1349d7c6f3f480075f7041", "scripts/research-lowlevel.sh": "3455ad7933697936487712665505c216891865c6deada647302785f6e37020bd", "scripts/research-iron.sh": "4c863a262646ddab39b5005006ba8e03809895e6386c6310e2fd9d0a9e9609ee", "kernels/memory_placement/probe.py": "e8d990169ad6091fa1b53852e9f61eff495b5def72d35165a5c5cf1759e38898", "kernels/memory_placement/memory_kernels.cc": "182e7af7071a1e851afb4a7ca266069c489aea1fbaaa85eca129708daeba5ba6", "scripts/research-matrix.sh": "739254171629deae822b0ad7dabc875aee19ace56dde77d3e8aab61663f97516", "kernels/memory_placement/gemm.py": "17c905ad66110d3346bbf0db898dfc6b780df59fae1dfb0c1747057ce1e5844e", "kernels/memory_placement/gemm_placement.cc": "f21acf7250b12914ea30cc1f77613239dfa18421a85a1b9a5199017dd916278a", "tools/research_summary.py": "0c00dcceef07053d06731b41a1f1ed58d3ba4ea09f82497de354ce9cef17da20", "tools/research_toolchain.py": "f0a126a24ae213acfaa43460cfd9def0c86d9cb70cfee0228aa271688467b314"}, "commit": "eab30b5398cf25c2a179226fa5c76cfe03ce2dde", "command": ["bash", "scripts/research-iron.sh", "tools/bf16_sr_silicon_check.py", "--container", "build/sesr_m7_bf16_noreuse.ignite", "--qdq", "models/sesr_m7_xint8.onnx", "--fp32", "models/sesr_m7_fp32.onnx", "--no-timing", "--no-quality", "--isolate", "all", "--dump-frames", "scratch/bf16_sr_dump_sesr_m7_noreuse_20260923"], "seconds_limit": 1800.0, "rss_gib_limit": 8, "checks_only": true, "free_ram_bytes": 19636523008}
PRE_NPU_CONTEXT_WITNESS "\n-----------------------------\n[003d:00:01.1] : NPU Phoenix\n-----------------------------\nAIE Partitions\n  No hardware contexts running on device\n\n"
BF16_SR_SETUP {"bf16": {"egress_bytes": 1572864, "elem": "bf16", "engine": "conv_engine_bf16_v1", "insts_sha256": "da89e12959ffd58d", "kernel_object_sha256": "67d1050f6809f390", "path": "build/sesr_m7_bf16_noreuse.ignite", "sha256": "df7aae1812771c6f", "source_model_sha256": "bfafba18e93940f8", "task": "super_resolution", "workspace_bytes": 20252352, "wpackets_sha256": "40cdca73e7e4baeb", "xclbin_sha256": "7252679ea3c0e19b"}, "bf16_hosts": ["native", "numpy"], "cv2": "5.0.0", "datasets": ["Set5", "Set14"], "fp32": {"path": "sesr_m7_fp32.onnx", "sha256": "816b87272c9b54a8"}, "frames": 300, "from_dump": null, "host": "DESKTOP-CBL5NUA", "images": ["baby.png", "bird.png", "butterfly.png", "head.png", "woman.png"], "int8": null, "isolate": "all", "mac_model": "aligned", "native_library": {"bf16_egress": true, "bf16_ingress": true, "loaded": true}, "npu_power_mode": "default", "numpy": "2.5.3", "onnxruntime": "1.30.0", "provenance": {"src/ignite_xdna/compiler/engine_bf16_emulator.py": "a37a8b25b958a4f0", "src/ignite_xdna/compiler/engine_schedule_bf16.py": "3a45d7bb4eeda61e", "src/ignite_xdna/compiler/graph_ir.py": "82954487a0dc6e90", "src/ignite_xdna/compiler/graph_reference_bf16.py": "7dec197ba5f0e555", "src/ignite_xdna/pipelines/preprocess.py": "393c03c28f6a9dae", "src/ignite_xdna/pipelines/preprocess_simd.dll": "a3e5836080beacce", "src/ignite_xdna/runtime/graph_session.py": "14d9bfb9df31800f", "tools/bf16_sr_silicon_check.py": "74db7cbd2856b78a", "tools/w8a16_oracle.py": "872cd9e8cd0a4b23"}, "qdq": {"path": "sesr_m7_xint8.onnx", "sha256": "bfafba18e93940f8"}, "rounds": 2, "seeds": [0], "warmup": 30, "xrt": {"device": "NPU Phoenix", "npu_driver": "32.0.20101.3760", "npu_firmware": "1.5.5.391", "xrt_version": "2.21.0"}}
BF16_SR_WITNESS {"idle": true, "rc": 0, "report": ["[003d:00:01.1] : NPU Phoenix", "AIE Partitions", "No hardware contexts running on device"], "when": "start"}
BF16_SR_DEVICE_FRAMES {"dispatch_ms": [6.914, 5.309, 5.36, 5.362, 5.437, 5.314, 5.242], "frames": ["baby", "bird", "butterfly", "head", "woman", "seed0", "baby_again"]}
NPU_TIMELINE "\n-----------------------------\n[003d:00:01.1] : NPU Phoenix\n-----------------------------\nAIE Partitions\n  No hardware contexts running on device\n\n"
NPU_OWNERSHIP {"context_pids": [], "owned_pids": [59320, 61296, 67236, 80284, 83680], "foreign_pids": []}
HOST_TIMELINE {"elapsed_seconds": 4.375, "tree_rss_bytes": 288497664, "foreign_peers": []}
NPU_TIMELINE "\n-----------------------------\n[003d:00:01.1] : NPU Phoenix\n-----------------------------\nAIE Partitions\n  No hardware contexts running on device\n\n"
NPU_OWNERSHIP {"context_pids": [], "owned_pids": [59320, 61296, 67236, 80284, 83680], "foreign_pids": []}
BF16_SR_DUMP {"container_sha256": "df7aae1812771c6f", "dir": "scratch/bf16_sr_dump_sesr_m7_noreuse_20260923", "files": {"00_baby.npz": "298bc9e074b93a7e", "01_bird.npz": "bfb4585cc7a9f811", "02_butterfly.npz": "9272a7a756f6a863", "03_head.npz": "37a3fcd123f773cb", "04_woman.npz": "cd6dd4536f7c2e15", "05_seed0.npz": "71056ad1d90deb60", "06_baby_again.npz": "ab2e597a5d38e486"}, "qdq_sha256": "bfafba18e93940f8"}
BF16_SR_WITNESS {"idle": true, "rc": 0, "report": ["[003d:00:01.1] : NPU Phoenix", "AIE Partitions", "No hardware contexts running on device"], "when": "end"}
HOST_TIMELINE {"elapsed_seconds": 8.516, "tree_rss_bytes": 294318080, "foreign_peers": []}
NPU_TIMELINE "\n-----------------------------\n[003d:00:01.1] : NPU Phoenix\n-----------------------------\nAIE Partitions\n  No hardware contexts running on device\n\n"
NPU_OWNERSHIP {"context_pids": [], "owned_pids": [59320, 61296, 67236, 78780, 80284, 83680], "foreign_pids": []}
HOST_TIMELINE {"elapsed_seconds": 12.641, "tree_rss_bytes": 304676864, "foreign_peers": []}
HOST_TIMELINE {"elapsed_seconds": 16.61, "tree_rss_bytes": 310308864, "foreign_peers": []}
NPU_TIMELINE "\n-----------------------------\n[003d:00:01.1] : NPU Phoenix\n-----------------------------\nAIE Partitions\n  No hardware contexts running on device\n\n"
NPU_OWNERSHIP {"context_pids": [], "owned_pids": [59320, 61296, 67236, 78780, 80284, 83680], "foreign_pids": []}
HOST_TIMELINE {"elapsed_seconds": 20.813, "tree_rss_bytes": 318582784, "foreign_peers": []}
NPU_TIMELINE "\n-----------------------------\n[003d:00:01.1] : NPU Phoenix\n-----------------------------\nAIE Partitions\n  No hardware contexts running on device\n\n"
NPU_OWNERSHIP {"context_pids": [], "owned_pids": [59320, 61296, 67236, 78780, 80284, 83680], "foreign_pids": []}
HOST_TIMELINE {"elapsed_seconds": 24.969, "tree_rss_bytes": 325439488, "foreign_peers": []}
HOST_TIMELINE {"elapsed_seconds": 28.907, "tree_rss_bytes": 331120640, "foreign_peers": []}
NPU_TIMELINE "\n-----------------------------\n[003d:00:01.1] : NPU Phoenix\n-----------------------------\nAIE Partitions\n  No hardware contexts running on device\n\n"
NPU_OWNERSHIP {"context_pids": [], "owned_pids": [59320, 61296, 67236, 78780, 80284, 83680], "foreign_pids": []}
HOST_TIMELINE {"elapsed_seconds": 32.875, "tree_rss_bytes": 334348288, "foreign_peers": []}
NPU_TIMELINE "\n-----------------------------\n[003d:00:01.1] : NPU Phoenix\n-----------------------------\nAIE Partitions\n  No hardware contexts running on device\n\n"
NPU_OWNERSHIP {"context_pids": [], "owned_pids": [59320, 61296, 67236, 78780, 80284, 83680], "foreign_pids": []}
HOST_TIMELINE {"elapsed_seconds": 36.875, "tree_rss_bytes": 380579840, "foreign_peers": []}
NPU_TIMELINE "\n-----------------------------\n[003d:00:01.1] : NPU Phoenix\n-----------------------------\nAIE Partitions\n  No hardware contexts running on device\n\n"
NPU_OWNERSHIP {"context_pids": [], "owned_pids": [59320, 61296, 67236, 78780, 80284, 83680], "foreign_pids": []}
HOST_TIMELINE {"elapsed_seconds": 40.813, "tree_rss_bytes": 389066752, "foreign_peers": []}
NPU_TIMELINE "\n-----------------------------\n[003d:00:01.1] : NPU Phoenix\n-----------------------------\nAIE Partitions\n  No hardware contexts running on device\n\n"
NPU_OWNERSHIP {"context_pids": [], "owned_pids": [59320, 61296, 67236, 78780, 80284, 83680], "foreign_pids": []}
HOST_TIMELINE {"elapsed_seconds": 45.157, "tree_rss_bytes": 397471744, "foreign_peers": []}
HOST_TIMELINE {"elapsed_seconds": 49.125, "tree_rss_bytes": 404623360, "foreign_peers": []}
NPU_TIMELINE "\n-----------------------------\n[003d:00:01.1] : NPU Phoenix\n-----------------------------\nAIE Partitions\n  No hardware contexts running on device\n\n"
NPU_OWNERSHIP {"context_pids": [], "owned_pids": [59320, 61296, 67236, 78780, 80284, 83680], "foreign_pids": []}
HOST_TIMELINE {"elapsed_seconds": 53.141, "tree_rss_bytes": 411971584, "foreign_peers": []}
NPU_TIMELINE "\n-----------------------------\n[003d:00:01.1] : NPU Phoenix\n-----------------------------\nAIE Partitions\n  No hardware contexts running on device\n\n"
NPU_OWNERSHIP {"context_pids": [], "owned_pids": [59320, 61296, 67236, 78780, 80284, 83680], "foreign_pids": []}
HOST_TIMELINE {"elapsed_seconds": 57.094, "tree_rss_bytes": 415117312, "foreign_peers": []}
HOST_TIMELINE {"elapsed_seconds": 61.188, "tree_rss_bytes": 394539008, "foreign_peers": []}
NPU_TIMELINE "\n-----------------------------\n[003d:00:01.1] : NPU Phoenix\n-----------------------------\nAIE Partitions\n  No hardware contexts running on device\n\n"
NPU_OWNERSHIP {"context_pids": [], "owned_pids": [59320, 61296, 67236, 78780, 80284, 83680], "foreign_pids": []}
HOST_TIMELINE {"elapsed_seconds": 65.297, "tree_rss_bytes": 403595264, "foreign_peers": []}
NPU_TIMELINE "\n-----------------------------\n[003d:00:01.1] : NPU Phoenix\n-----------------------------\nAIE Partitions\n  No hardware contexts running on device\n\n"
NPU_OWNERSHIP {"context_pids": [], "owned_pids": [59320, 61296, 67236, 78780, 80284, 83680], "foreign_pids": []}
HOST_TIMELINE {"elapsed_seconds": 69.329, "tree_rss_bytes": 410750976, "foreign_peers": []}
NPU_TIMELINE "\n-----------------------------\n[003d:00:01.1] : NPU Phoenix\n-----------------------------\nAIE Partitions\n  No hardware contexts running on device\n\n"
NPU_OWNERSHIP {"context_pids": [], "owned_pids": [59320, 61296, 67236, 78780, 80284, 83680], "foreign_pids": []}
HOST_TIMELINE {"elapsed_seconds": 73.313, "tree_rss_bytes": 418897920, "foreign_peers": []}
HOST_TIMELINE {"elapsed_seconds": 77.204, "tree_rss_bytes": 425459712, "foreign_peers": []}
NPU_TIMELINE "\n-----------------------------\n[003d:00:01.1] : NPU Phoenix\n-----------------------------\nAIE Partitions\n  No hardware contexts running on device\n\n"
NPU_OWNERSHIP {"context_pids": [], "owned_pids": [59320, 61296, 67236, 78780, 80284, 83680], "foreign_pids": []}
HOST_TIMELINE {"elapsed_seconds": 81.235, "tree_rss_bytes": 431497216, "foreign_peers": []}
NPU_TIMELINE "\n-----------------------------\n[003d:00:01.1] : NPU Phoenix\n-----------------------------\nAIE Partitions\n  No hardware contexts running on device\n\n"
NPU_OWNERSHIP {"context_pids": [], "owned_pids": [59320, 61296, 67236, 78780, 80284, 83680], "foreign_pids": []}
HOST_TIMELINE {"elapsed_seconds": 85.282, "tree_rss_bytes": 434315264, "foreign_peers": []}
HOST_TIMELINE {"elapsed_seconds": 89.329, "tree_rss_bytes": 398700544, "foreign_peers": []}
NPU_TIMELINE "\n-----------------------------\n[003d:00:01.1] : NPU Phoenix\n-----------------------------\nAIE Partitions\n  No hardware contexts running on device\n\n"
NPU_OWNERSHIP {"context_pids": [], "owned_pids": [59320, 61296, 67236, 78780, 80284, 83680], "foreign_pids": []}
HOST_TIMELINE {"elapsed_seconds": 93.282, "tree_rss_bytes": 407851008, "foreign_peers": []}
NPU_TIMELINE "\n-----------------------------\n[003d:00:01.1] : NPU Phoenix\n-----------------------------\nAIE Partitions\n  No hardware contexts running on device\n\n"
NPU_OWNERSHIP {"context_pids": [], "owned_pids": [59320, 61296, 67236, 78780, 80284, 83680], "foreign_pids": []}
HOST_TIMELINE {"elapsed_seconds": 97.25, "tree_rss_bytes": 415129600, "foreign_peers": []}
HOST_TIMELINE {"elapsed_seconds": 101.219, "tree_rss_bytes": 422936576, "foreign_peers": []}
NPU_TIMELINE "\n-----------------------------\n[003d:00:01.1] : NPU Phoenix\n-----------------------------\nAIE Partitions\n  No hardware contexts running on device\n\n"
NPU_OWNERSHIP {"context_pids": [], "owned_pids": [59320, 61296, 67236, 78780, 80284, 83680], "foreign_pids": []}
HOST_TIMELINE {"elapsed_seconds": 105.235, "tree_rss_bytes": 429305856, "foreign_peers": []}
NPU_TIMELINE "\n-----------------------------\n[003d:00:01.1] : NPU Phoenix\n-----------------------------\nAIE Partitions\n  No hardware contexts running on device\n\n"
NPU_OWNERSHIP {"context_pids": [], "owned_pids": [59320, 61296, 67236, 78780, 80284, 83680], "foreign_pids": []}
HOST_TIMELINE {"elapsed_seconds": 109.25, "tree_rss_bytes": 434274304, "foreign_peers": []}
HOST_TIMELINE {"elapsed_seconds": 113.313, "tree_rss_bytes": 437379072, "foreign_peers": []}
NPU_TIMELINE "\n-----------------------------\n[003d:00:01.1] : NPU Phoenix\n-----------------------------\nAIE Partitions\n  No hardware contexts running on device\n\n"
NPU_OWNERSHIP {"context_pids": [], "owned_pids": [59320, 61296, 67236, 78780, 80284, 83680], "foreign_pids": []}
HOST_TIMELINE {"elapsed_seconds": 117.329, "tree_rss_bytes": 405225472, "foreign_peers": []}
NPU_TIMELINE "\n-----------------------------\n[003d:00:01.1] : NPU Phoenix\n-----------------------------\nAIE Partitions\n  No hardware contexts running on device\n\n"
NPU_OWNERSHIP {"context_pids": [], "owned_pids": [59320, 61296, 67236, 78780, 80284, 83680], "foreign_pids": []}
HOST_TIMELINE {"elapsed_seconds": 121.36, "tree_rss_bytes": 412413952, "foreign_peers": []}
NPU_TIMELINE "\n-----------------------------\n[003d:00:01.1] : NPU Phoenix\n-----------------------------\nAIE Partitions\n  No hardware contexts running on device\n\n"
NPU_OWNERSHIP {"context_pids": [], "owned_pids": [59320, 61296, 67236, 78780, 80284, 83680], "foreign_pids": []}
HOST_TIMELINE {"elapsed_seconds": 125.391, "tree_rss_bytes": 420147200, "foreign_peers": []}
HOST_TIMELINE {"elapsed_seconds": 129.375, "tree_rss_bytes": 426991616, "foreign_peers": []}
NPU_TIMELINE "\n-----------------------------\n[003d:00:01.1] : NPU Phoenix\n-----------------------------\nAIE Partitions\n  No hardware contexts running on device\n\n"
NPU_OWNERSHIP {"context_pids": [], "owned_pids": [59320, 61296, 67236, 78780, 80284, 83680], "foreign_pids": []}
HOST_TIMELINE {"elapsed_seconds": 133.313, "tree_rss_bytes": 434073600, "foreign_peers": []}
NPU_TIMELINE "\n-----------------------------\n[003d:00:01.1] : NPU Phoenix\n-----------------------------\nAIE Partitions\n  No hardware contexts running on device\n\n"
NPU_OWNERSHIP {"context_pids": [], "owned_pids": [59320, 61296, 67236, 78780, 80284, 83680], "foreign_pids": []}
HOST_TIMELINE {"elapsed_seconds": 137.344, "tree_rss_bytes": 437157888, "foreign_peers": []}
HOST_TIMELINE {"elapsed_seconds": 141.282, "tree_rss_bytes": 400351232, "foreign_peers": []}
NPU_TIMELINE "\n-----------------------------\n[003d:00:01.1] : NPU Phoenix\n-----------------------------\nAIE Partitions\n  No hardware contexts running on device\n\n"
NPU_OWNERSHIP {"context_pids": [], "owned_pids": [59320, 61296, 67236, 78780, 80284, 83680], "foreign_pids": []}
HOST_TIMELINE {"elapsed_seconds": 145.266, "tree_rss_bytes": 409628672, "foreign_peers": []}
NPU_TIMELINE "\n-----------------------------\n[003d:00:01.1] : NPU Phoenix\n-----------------------------\nAIE Partitions\n  No hardware contexts running on device\n\n"
NPU_OWNERSHIP {"context_pids": [], "owned_pids": [59320, 61296, 67236, 78780, 80284, 83680], "foreign_pids": []}
HOST_TIMELINE {"elapsed_seconds": 149.219, "tree_rss_bytes": 416583680, "foreign_peers": []}
HOST_TIMELINE {"elapsed_seconds": 153.204, "tree_rss_bytes": 423407616, "foreign_peers": []}
NPU_TIMELINE "\n-----------------------------\n[003d:00:01.1] : NPU Phoenix\n-----------------------------\nAIE Partitions\n  No hardware contexts running on device\n\n"
NPU_OWNERSHIP {"context_pids": [], "owned_pids": [59320, 61296, 67236, 78780, 80284, 83680], "foreign_pids": []}
HOST_TIMELINE {"elapsed_seconds": 157.25, "tree_rss_bytes": 430465024, "foreign_peers": []}
NPU_TIMELINE "\n-----------------------------\n[003d:00:01.1] : NPU Phoenix\n-----------------------------\nAIE Partitions\n  No hardware contexts running on device\n\n"
NPU_OWNERSHIP {"context_pids": [], "owned_pids": [59320, 61296, 67236, 78780, 80284, 83680], "foreign_pids": []}
HOST_TIMELINE {"elapsed_seconds": 161.282, "tree_rss_bytes": 435408896, "foreign_peers": []}
HOST_TIMELINE {"elapsed_seconds": 165.282, "tree_rss_bytes": 438145024, "foreign_peers": []}
BF16_SR_EXACT {"dispatch_ms": 6.914, "emulator_s": 26.3, "exact": true, "host": {"egress_path": "native", "native_egress_equals_numpy": true, "stage_path": "native", "staged_is_npu_sesr_preprocess": true}, "input_region_intact": true, "label": "baby", "nonfinite_tail": 0, "resident_tensors": {"compared": 10, "differ": 0, "per_tensor_differ": {"/Add_output_0_QuantizeLinear_Output": 0, "/body.0/body.0.1/Relu_output_0_QuantizeLinear_Output": 0, "/body.1/body.1.1/Relu_output_0_QuantizeLinear_Output": 0, "/body.2/body.2.1/Relu_output_0_QuantizeLinear_Output": 0, "/body.3/body.3.1/Relu_output_0_QuantizeLinear_Output": 0, "/body.4/body.4.1/Relu_output_0_QuantizeLinear_Output": 0, "/body.5/body.5.1/Relu_output_0_QuantizeLinear_Output": 0, "/head/Conv_output_0_QuantizeLinear_Output": 0, "/tail/Conv_output_0_QuantizeLinear_Output": 0, "input_QuantizeLinear_Output": 0}, "values": 9371648, "where": {}}, "staged_is_the_compilers_plane": true, "tail": {"differ": 0, "differ_padding_lanes": 0, "lanes": 16, "max_ulp": 0, "values": 1048576, "zero_sign_only": 0}, "vs_oracle": {"differ": 2, "finite": true, "max_abs": 0.5, "max_abs_peak_ulps": 0.5, "max_ulp": 1, "n": 786432, "peak": 137.0, "rel_l2": 1.0286440714809005e-05, "zero_sign_only": 0}}
BF16_SR_EXACT {"dispatch_ms": 5.309, "emulator_s": 26.2, "exact": false, "host": {"egress_path": "native", "native_egress_equals_numpy": true, "stage_path": "native", "staged_is_npu_sesr_preprocess": true}, "input_region_intact": true, "label": "bird", "nonfinite_tail": 0, "resident_tensors": {"compared": 10, "differ": 2, "per_tensor_differ": {"/Add_output_0_QuantizeLinear_Output": 0, "/body.0/body.0.1/Relu_output_0_QuantizeLinear_Output": 0, "/body.1/body.1.1/Relu_output_0_QuantizeLinear_Output": 2, "/body.2/body.2.1/Relu_output_0_QuantizeLinear_Output": 0, "/body.3/body.3.1/Relu_output_0_QuantizeLinear_Output": 0, "/body.4/body.4.1/Relu_output_0_QuantizeLinear_Output": 0, "/body.5/body.5.1/Relu_output_0_QuantizeLinear_Output": 0, "/head/Conv_output_0_QuantizeLinear_Output": 0, "/tail/Conv_output_0_QuantizeLinear_Output": 0, "input_QuantizeLinear_Output": 0}, "values": 9371648, "where": {"/body.1/body.1.1/Relu_output_0_QuantizeLinear_Output": {"bbox": {"c": [12, 12], "x": [179, 252], "y": [70, 121]}, "positions": [{"c": 12, "covered_by": [1, 1], "device": "3ee3", "emulator": "3ee2", "steps": 1, "tile_origin": [70, 160], "x": 179, "y": 70}, {"c": 12, "covered_by": [1, 1], "device": "3ab1", "emulator": "3ab2", "steps": -1, "tile_origin": [120, 236], "x": 252, "y": 121}]}}}, "staged_is_the_compilers_plane": true, "tail": {"differ": 0, "differ_padding_lanes": 0, "lanes": 16, "max_ulp": 0, "values": 1048576, "zero_sign_only": 0}, "vs_oracle": {"differ": 13, "finite": true, "max_abs": 0.5, "max_abs_peak_ulps": 0.5, "max_ulp": 1, "n": 786432, "peak": 136.0, "rel_l2": 7.63644936295787e-06, "zero_sign_only": 0}}
BF16_SR_EXACT {"dispatch_ms": 5.36, "emulator_s": 26.1, "exact": true, "host": {"egress_path": "native", "native_egress_equals_numpy": true, "stage_path": "native", "staged_is_npu_sesr_preprocess": true}, "input_region_intact": true, "label": "butterfly", "nonfinite_tail": 0, "resident_tensors": {"compared": 10, "differ": 0, "per_tensor_differ": {"/Add_output_0_QuantizeLinear_Output": 0, "/body.0/body.0.1/Relu_output_0_QuantizeLinear_Output": 0, "/body.1/body.1.1/Relu_output_0_QuantizeLinear_Output": 0, "/body.2/body.2.1/Relu_output_0_QuantizeLinear_Output": 0, "/body.3/body.3.1/Relu_output_0_QuantizeLinear_Output": 0, "/body.4/body.4.1/Relu_output_0_QuantizeLinear_Output": 0, "/body.5/body.5.1/Relu_output_0_QuantizeLinear_Output": 0, "/head/Conv_output_0_QuantizeLinear_Output": 0, "/tail/Conv_output_0_QuantizeLinear_Output": 0, "input_QuantizeLinear_Output": 0}, "values": 9371648, "where": {}}, "staged_is_the_compilers_plane": true, "tail": {"differ": 0, "differ_padding_lanes": 0, "lanes": 16, "max_ulp": 0, "values": 1048576, "zero_sign_only": 0}, "vs_oracle": {"differ": 10, "finite": true, "max_abs": 0.5, "max_abs_peak_ulps": 1.0, "max_ulp": 1, "n": 786432, "peak": 118.5, "rel_l2": 1.537461423258438e-05, "zero_sign_only": 0}}
BF16_SR_EXACT {"dispatch_ms": 5.362, "emulator_s": 26.1, "exact": true, "host": {"egress_path": "native", "native_egress_equals_numpy": true, "stage_path": "native", "staged_is_npu_sesr_preprocess": true}, "input_region_intact": true, "label": "head", "nonfinite_tail": 0, "resident_tensors": {"compared": 10, "differ": 0, "per_tensor_differ": {"/Add_output_0_QuantizeLinear_Output": 0, "/body.0/body.0.1/Relu_output_0_QuantizeLinear_Output": 0, "/body.1/body.1.1/Relu_output_0_QuantizeLinear_Output": 0, "/body.2/body.2.1/Relu_output_0_QuantizeLinear_Output": 0, "/body.3/body.3.1/Relu_output_0_QuantizeLinear_Output": 0, "/body.4/body.4.1/Relu_output_0_QuantizeLinear_Output": 0, "/body.5/body.5.1/Relu_output_0_QuantizeLinear_Output": 0, "/head/Conv_output_0_QuantizeLinear_Output": 0, "/tail/Conv_output_0_QuantizeLinear_Output": 0, "input_QuantizeLinear_Output": 0}, "values": 9371648, "where": {}}, "staged_is_the_compilers_plane": true, "tail": {"differ": 0, "differ_padding_lanes": 0, "lanes": 16, "max_ulp": 0, "values": 1048576, "zero_sign_only": 0}, "vs_oracle": {"differ": 58, "finite": true, "max_abs": 0.5, "max_abs_peak_ulps": 0.5, "max_ulp": 104, "n": 786432, "peak": 136.0, "rel_l2": 1.594379543119743e-05, "zero_sign_only": 0}}
BF16_SR_EXACT {"dispatch_ms": 5.437, "emulator_s": 26.1, "exact": false, "host": {"egress_path": "native", "native_egress_equals_numpy": true, "stage_path": "native", "staged_is_npu_sesr_preprocess": true}, "input_region_intact": true, "label": "woman", "nonfinite_tail": 0, "resident_tensors": {"compared": 10, "differ": 1, "per_tensor_differ": {"/Add_output_0_QuantizeLinear_Output": 0, "/body.0/body.0.1/Relu_output_0_QuantizeLinear_Output": 0, "/body.1/body.1.1/Relu_output_0_QuantizeLinear_Output": 0, "/body.2/body.2.1/Relu_output_0_QuantizeLinear_Output": 0, "/body.3/body.3.1/Relu_output_0_QuantizeLinear_Output": 1, "/body.4/body.4.1/Relu_output_0_QuantizeLinear_Output": 0, "/body.5/body.5.1/Relu_output_0_QuantizeLinear_Output": 0, "/head/Conv_output_0_QuantizeLinear_Output": 0, "/tail/Conv_output_0_QuantizeLinear_Output": 0, "input_QuantizeLinear_Output": 0}, "values": 9371648, "where": {"/body.3/body.3.1/Relu_output_0_QuantizeLinear_Output": {"bbox": {"c": [13, 13], "x": [143, 143], "y": [186, 186]}, "positions": [{"c": 13, "covered_by": [1, 1], "device": "3977", "emulator": "3978", "steps": -1, "tile_origin": [185, 140], "x": 143, "y": 186}]}}}, "staged_is_the_compilers_plane": true, "tail": {"differ": 0, "differ_padding_lanes": 0, "lanes": 16, "max_ulp": 0, "values": 1048576, "zero_sign_only": 0}, "vs_oracle": {"differ": 7, "finite": true, "max_abs": 0.5, "max_abs_peak_ulps": 0.5, "max_ulp": 1, "n": 786432, "peak": 137.0, "rel_l2": 1.3557245706809758e-05, "zero_sign_only": 0}}
BF16_SR_EXACT {"dispatch_ms": 5.314, "emulator_s": 26.3, "exact": true, "host": {"egress_path": "native", "native_egress_equals_numpy": true}, "input_region_intact": true, "label": "seed0", "nonfinite_tail": 0, "resident_tensors": {"compared": 10, "differ": 0, "per_tensor_differ": {"/Add_output_0_QuantizeLinear_Output": 0, "/body.0/body.0.1/Relu_output_0_QuantizeLinear_Output": 0, "/body.1/body.1.1/Relu_output_0_QuantizeLinear_Output": 0, "/body.2/body.2.1/Relu_output_0_QuantizeLinear_Output": 0, "/body.3/body.3.1/Relu_output_0_QuantizeLinear_Output": 0, "/body.4/body.4.1/Relu_output_0_QuantizeLinear_Output": 0, "/body.5/body.5.1/Relu_output_0_QuantizeLinear_Output": 0, "/head/Conv_output_0_QuantizeLinear_Output": 0, "/tail/Conv_output_0_QuantizeLinear_Output": 0, "input_QuantizeLinear_Output": 0}, "values": 9371648, "where": {}}, "staged_is_the_compilers_plane": true, "tail": {"differ": 0, "differ_padding_lanes": 0, "lanes": 16, "max_ulp": 0, "values": 1048576, "zero_sign_only": 0}, "vs_oracle": {"differ": 0, "finite": true, "max_abs": 0.0, "max_abs_peak_ulps": 0.0, "max_ulp": 0, "n": 786432, "peak": 322.0, "rel_l2": 0.0, "zero_sign_only": 0}}
BF16_SR_EXACT {"dispatch_ms": 5.242, "host": {"egress_path": "native", "native_egress_equals_numpy": true, "stage_path": "native", "staged_is_npu_sesr_preprocess": true}, "input_region_intact": true, "label": "baby_again", "nonfinite_tail": 0, "repeat_of": "baby", "repeat_tail_identical": true, "repeat_tensors_identical": true, "staged_is_the_compilers_plane": true}
NPU_TIMELINE "\n-----------------------------\n[003d:00:01.1] : NPU Phoenix\n-----------------------------\nAIE Partitions\n  No hardware contexts running on device\n\n"
NPU_OWNERSHIP {"context_pids": [], "owned_pids": [59320, 61296, 67236, 78780, 80284, 83680], "foreign_pids": []}
HOST_TIMELINE {"elapsed_seconds": 169.282, "tree_rss_bytes": 372740096, "foreign_peers": []}
NPU_TIMELINE "\n-----------------------------\n[003d:00:01.1] : NPU Phoenix\n-----------------------------\nAIE Partitions\n  No hardware contexts running on device\n\n"
NPU_OWNERSHIP {"context_pids": [], "owned_pids": [59320, 61296, 67236, 78780, 80284, 83680], "foreign_pids": []}
HOST_TIMELINE {"elapsed_seconds": 173.188, "tree_rss_bytes": 377499648, "foreign_peers": []}
HOST_TIMELINE {"elapsed_seconds": 177.172, "tree_rss_bytes": 388747264, "foreign_peers": []}
NPU_TIMELINE "\n-----------------------------\n[003d:00:01.1] : NPU Phoenix\n-----------------------------\nAIE Partitions\n  No hardware contexts running on device\n\n"
NPU_OWNERSHIP {"context_pids": [], "owned_pids": [59320, 61296, 67236, 78780, 80284, 83680], "foreign_pids": []}
HOST_TIMELINE {"elapsed_seconds": 181.188, "tree_rss_bytes": 398458880, "foreign_peers": []}
NPU_TIMELINE "\n-----------------------------\n[003d:00:01.1] : NPU Phoenix\n-----------------------------\nAIE Partitions\n  No hardware contexts running on device\n\n"
NPU_OWNERSHIP {"context_pids": [], "owned_pids": [59320, 61296, 67236, 78780, 80284, 83680], "foreign_pids": []}
HOST_TIMELINE {"elapsed_seconds": 185.235, "tree_rss_bytes": 390569984, "foreign_peers": []}
HOST_TIMELINE {"elapsed_seconds": 189.266, "tree_rss_bytes": 397185024, "foreign_peers": []}
NPU_TIMELINE "\n-----------------------------\n[003d:00:01.1] : NPU Phoenix\n-----------------------------\nAIE Partitions\n  No hardware contexts running on device\n\n"
NPU_OWNERSHIP {"context_pids": [], "owned_pids": [59320, 61296, 67236, 78780, 80284, 83680], "foreign_pids": []}
HOST_TIMELINE {"elapsed_seconds": 193.313, "tree_rss_bytes": 391315456, "foreign_peers": []}
NPU_TIMELINE "\n-----------------------------\n[003d:00:01.1] : NPU Phoenix\n-----------------------------\nAIE Partitions\n  No hardware contexts running on device\n\n"
NPU_OWNERSHIP {"context_pids": [], "owned_pids": [59320, 61296, 67236, 78780, 80284, 83680], "foreign_pids": []}
HOST_TIMELINE {"elapsed_seconds": 197.313, "tree_rss_bytes": 398540800, "foreign_peers": []}
HOST_TIMELINE {"elapsed_seconds": 201.172, "tree_rss_bytes": 391700480, "foreign_peers": []}
NPU_TIMELINE "\n-----------------------------\n[003d:00:01.1] : NPU Phoenix\n-----------------------------\nAIE Partitions\n  No hardware contexts running on device\n\n"
NPU_OWNERSHIP {"context_pids": [], "owned_pids": [59320, 61296, 67236, 78780, 80284, 83680], "foreign_pids": []}
HOST_TIMELINE {"elapsed_seconds": 205.125, "tree_rss_bytes": 398917632, "foreign_peers": []}
NPU_TIMELINE "\n-----------------------------\n[003d:00:01.1] : NPU Phoenix\n-----------------------------\nAIE Partitions\n  No hardware contexts running on device\n\n"
NPU_OWNERSHIP {"context_pids": [], "owned_pids": [59320, 61296, 67236, 78780, 80284, 83680], "foreign_pids": []}
HOST_TIMELINE {"elapsed_seconds": 209.235, "tree_rss_bytes": 392826880, "foreign_peers": []}
HOST_TIMELINE {"elapsed_seconds": 213.313, "tree_rss_bytes": 400392192, "foreign_peers": []}
NPU_TIMELINE "\n-----------------------------\n[003d:00:01.1] : NPU Phoenix\n-----------------------------\nAIE Partitions\n  No hardware contexts running on device\n\n"
NPU_OWNERSHIP {"context_pids": [], "owned_pids": [59320, 61296, 67236, 78780, 80284, 83680], "foreign_pids": []}
HOST_TIMELINE {"elapsed_seconds": 217.219, "tree_rss_bytes": 393244672, "foreign_peers": []}
NPU_TIMELINE "\n-----------------------------\n[003d:00:01.1] : NPU Phoenix\n-----------------------------\nAIE Partitions\n  No hardware contexts running on device\n\n"
NPU_OWNERSHIP {"context_pids": [], "owned_pids": [59320, 61296, 67236, 78780, 80284, 83680], "foreign_pids": []}
HOST_TIMELINE {"elapsed_seconds": 221.125, "tree_rss_bytes": 400797696, "foreign_peers": []}
NPU_TIMELINE "\n-----------------------------\n[003d:00:01.1] : NPU Phoenix\n-----------------------------\nAIE Partitions\n  No hardware contexts running on device\n\n"
NPU_OWNERSHIP {"context_pids": [], "owned_pids": [59320, 61296, 67236, 78780, 80284, 83680], "foreign_pids": []}
HOST_TIMELINE {"elapsed_seconds": 225.094, "tree_rss_bytes": 396570624, "foreign_peers": []}
HOST_TIMELINE {"elapsed_seconds": 229.172, "tree_rss_bytes": 387936256, "foreign_peers": []}
NPU_TIMELINE "\n-----------------------------\n[003d:00:01.1] : NPU Phoenix\n-----------------------------\nAIE Partitions\n  No hardware contexts running on device\n\n"
NPU_OWNERSHIP {"context_pids": [], "owned_pids": [59320, 61296, 67236, 78780, 80284, 83680], "foreign_pids": []}
HOST_TIMELINE {"elapsed_seconds": 233.204, "tree_rss_bytes": 391081984, "foreign_peers": []}
NPU_TIMELINE "\n-----------------------------\n[003d:00:01.1] : NPU Phoenix\n-----------------------------\nAIE Partitions\n  No hardware contexts running on device\n\n"
NPU_OWNERSHIP {"context_pids": [], "owned_pids": [59320, 61296, 67236, 78780, 80284, 83680], "foreign_pids": []}
HOST_TIMELINE {"elapsed_seconds": 237.204, "tree_rss_bytes": 392519680, "foreign_peers": []}
HOST_TIMELINE {"elapsed_seconds": 241.282, "tree_rss_bytes": 396873728, "foreign_peers": []}
NPU_TIMELINE "\n-----------------------------\n[003d:00:01.1] : NPU Phoenix\n-----------------------------\nAIE Partitions\n  No hardware contexts running on device\n\n"
NPU_OWNERSHIP {"context_pids": [], "owned_pids": [59320, 61296, 67236, 78780, 80284, 83680], "foreign_pids": []}
HOST_TIMELINE {"elapsed_seconds": 245.344, "tree_rss_bytes": 397160448, "foreign_peers": []}
NPU_TIMELINE "\n-----------------------------\n[003d:00:01.1] : NPU Phoenix\n-----------------------------\nAIE Partitions\n  No hardware contexts running on device\n\n"
NPU_OWNERSHIP {"context_pids": [], "owned_pids": [59320, 61296, 67236, 78780, 80284, 83680], "foreign_pids": []}
HOST_TIMELINE {"elapsed_seconds": 249.36, "tree_rss_bytes": 398680064, "foreign_peers": []}
NPU_TIMELINE "\n-----------------------------\n[003d:00:01.1] : NPU Phoenix\n-----------------------------\nAIE Partitions\n  No hardware contexts running on device\n\n"
NPU_OWNERSHIP {"context_pids": [], "owned_pids": [59320, 61296, 67236, 78780, 80284, 83680], "foreign_pids": []}
HOST_TIMELINE {"elapsed_seconds": 253.329, "tree_rss_bytes": 386498560, "foreign_peers": []}
HOST_TIMELINE {"elapsed_seconds": 257.204, "tree_rss_bytes": 392519680, "foreign_peers": []}
NPU_TIMELINE "\n-----------------------------\n[003d:00:01.1] : NPU Phoenix\n-----------------------------\nAIE Partitions\n  No hardware contexts running on device\n\n"
NPU_OWNERSHIP {"context_pids": [], "owned_pids": [59320, 61296, 67236, 78780, 80284, 83680], "foreign_pids": []}
HOST_TIMELINE {"elapsed_seconds": 261.235, "tree_rss_bytes": 392540160, "foreign_peers": []}
NPU_TIMELINE "\n-----------------------------\n[003d:00:01.1] : NPU Phoenix\n-----------------------------\nAIE Partitions\n  No hardware contexts running on device\n\n"
NPU_OWNERSHIP {"context_pids": [], "owned_pids": [59320, 61296, 67236, 78780, 80284, 83680], "foreign_pids": []}
HOST_TIMELINE {"elapsed_seconds": 265.282, "tree_rss_bytes": 400662528, "foreign_peers": []}
HOST_TIMELINE {"elapsed_seconds": 269.375, "tree_rss_bytes": 393736192, "foreign_peers": []}
NPU_TIMELINE "\n-----------------------------\n[003d:00:01.1] : NPU Phoenix\n-----------------------------\nAIE Partitions\n  No hardware contexts running on device\n\n"
NPU_OWNERSHIP {"context_pids": [], "owned_pids": [59320, 61296, 67236, 78780, 80284, 83680], "foreign_pids": []}
HOST_TIMELINE {"elapsed_seconds": 273.391, "tree_rss_bytes": 401121280, "foreign_peers": []}
NPU_TIMELINE "\n-----------------------------\n[003d:00:01.1] : NPU Phoenix\n-----------------------------\nAIE Partitions\n  No hardware contexts running on device\n\n"
NPU_OWNERSHIP {"context_pids": [], "owned_pids": [59320, 61296, 67236, 78780, 80284, 83680], "foreign_pids": []}
HOST_TIMELINE {"elapsed_seconds": 277.469, "tree_rss_bytes": 393543680, "foreign_peers": []}
HOST_TIMELINE {"elapsed_seconds": 281.454, "tree_rss_bytes": 402141184, "foreign_peers": []}
NPU_TIMELINE "\n-----------------------------\n[003d:00:01.1] : NPU Phoenix\n-----------------------------\nAIE Partitions\n  No hardware contexts running on device\n\n"
NPU_OWNERSHIP {"context_pids": [], "owned_pids": [59320, 61296, 67236, 78780, 80284, 83680], "foreign_pids": []}
HOST_TIMELINE {"elapsed_seconds": 285.485, "tree_rss_bytes": 394735616, "foreign_peers": []}
NPU_TIMELINE "\n-----------------------------\n[003d:00:01.1] : NPU Phoenix\n-----------------------------\nAIE Partitions\n  No hardware contexts running on device\n\n"
NPU_OWNERSHIP {"context_pids": [], "owned_pids": [59320, 61296, 67236, 78780, 80284, 83680], "foreign_pids": []}
HOST_TIMELINE {"elapsed_seconds": 289.5, "tree_rss_bytes": 402075648, "foreign_peers": []}
HOST_TIMELINE {"elapsed_seconds": 293.469, "tree_rss_bytes": 397844480, "foreign_peers": []}
NPU_TIMELINE "\n-----------------------------\n[003d:00:01.1] : NPU Phoenix\n-----------------------------\nAIE Partitions\n  No hardware contexts running on device\n\n"
NPU_OWNERSHIP {"context_pids": [], "owned_pids": [59320, 61296, 67236, 78780, 80284, 83680], "foreign_pids": []}
HOST_TIMELINE {"elapsed_seconds": 297.5, "tree_rss_bytes": 391016448, "foreign_peers": []}
NPU_TIMELINE "\n-----------------------------\n[003d:00:01.1] : NPU Phoenix\n-----------------------------\nAIE Partitions\n  No hardware contexts running on device\n\n"
NPU_OWNERSHIP {"context_pids": [], "owned_pids": [59320, 61296, 67236, 78780, 80284, 83680], "foreign_pids": []}
HOST_TIMELINE {"elapsed_seconds": 301.485, "tree_rss_bytes": 399585280, "foreign_peers": []}
HOST_TIMELINE {"elapsed_seconds": 305.438, "tree_rss_bytes": 392605696, "foreign_peers": []}
NPU_TIMELINE "\n-----------------------------\n[003d:00:01.1] : NPU Phoenix\n-----------------------------\nAIE Partitions\n  No hardware contexts running on device\n\n"
NPU_OWNERSHIP {"context_pids": [], "owned_pids": [59320, 61296, 67236, 78780, 80284, 83680], "foreign_pids": []}
HOST_TIMELINE {"elapsed_seconds": 309.375, "tree_rss_bytes": 399634432, "foreign_peers": []}
NPU_TIMELINE "\n-----------------------------\n[003d:00:01.1] : NPU Phoenix\n-----------------------------\nAIE Partitions\n  No hardware contexts running on device\n\n"
NPU_OWNERSHIP {"context_pids": [], "owned_pids": [59320, 61296, 67236, 78780, 80284, 83680], "foreign_pids": []}
HOST_TIMELINE {"elapsed_seconds": 313.329, "tree_rss_bytes": 391778304, "foreign_peers": []}
HOST_TIMELINE {"elapsed_seconds": 317.36, "tree_rss_bytes": 394444800, "foreign_peers": []}
NPU_TIMELINE "\n-----------------------------\n[003d:00:01.1] : NPU Phoenix\n-----------------------------\nAIE Partitions\n  No hardware contexts running on device\n\n"
NPU_OWNERSHIP {"context_pids": [], "owned_pids": [59320, 61296, 67236, 78780, 80284, 83680], "foreign_pids": []}
HOST_TIMELINE {"elapsed_seconds": 321.641, "tree_rss_bytes": 395075584, "foreign_peers": []}
NPU_TIMELINE "\n-----------------------------\n[003d:00:01.1] : NPU Phoenix\n-----------------------------\nAIE Partitions\n  No hardware contexts running on device\n\n"
NPU_OWNERSHIP {"context_pids": [], "owned_pids": [59320, 61296, 67236, 78780, 80284, 83680], "foreign_pids": []}
HOST_TIMELINE {"elapsed_seconds": 325.813, "tree_rss_bytes": 397021184, "foreign_peers": []}
HOST_TIMELINE {"elapsed_seconds": 329.938, "tree_rss_bytes": 399970304, "foreign_peers": []}
NPU_TIMELINE "\n-----------------------------\n[003d:00:01.1] : NPU Phoenix\n-----------------------------\nAIE Partitions\n  No hardware contexts running on device\n\n"
NPU_OWNERSHIP {"context_pids": [], "owned_pids": [59320, 61296, 67236, 78780, 80284, 83680], "foreign_pids": []}
HOST_TIMELINE {"elapsed_seconds": 333.985, "tree_rss_bytes": 386404352, "foreign_peers": []}
NPU_TIMELINE "\n-----------------------------\n[003d:00:01.1] : NPU Phoenix\n-----------------------------\nAIE Partitions\n  No hardware contexts running on device\n\n"
NPU_OWNERSHIP {"context_pids": [], "owned_pids": [59320, 61296, 67236, 78780, 80284, 83680], "foreign_pids": []}
HOST_TIMELINE {"elapsed_seconds": 338.25, "tree_rss_bytes": 391426048, "foreign_peers": []}
NPU_TIMELINE "\n-----------------------------\n[003d:00:01.1] : NPU Phoenix\n-----------------------------\nAIE Partitions\n  No hardware contexts running on device\n\n"
NPU_OWNERSHIP {"context_pids": [], "owned_pids": [59320, 61296, 67236, 78780, 80284, 83680], "foreign_pids": []}
HOST_TIMELINE {"elapsed_seconds": 342.672, "tree_rss_bytes": 396316672, "foreign_peers": []}
NPU_TIMELINE "\n-----------------------------\n[003d:00:01.1] : NPU Phoenix\n-----------------------------\nAIE Partitions\n  No hardware contexts running on device\n\n"
NPU_OWNERSHIP {"context_pids": [], "owned_pids": [59320, 61296, 67236, 78780, 80284, 83680], "foreign_pids": []}
HOST_TIMELINE {"elapsed_seconds": 346.844, "tree_rss_bytes": 397844480, "foreign_peers": []}
HOST_TIMELINE {"elapsed_seconds": 350.813, "tree_rss_bytes": 403939328, "foreign_peers": []}
NPU_TIMELINE "\n-----------------------------\n[003d:00:01.1] : NPU Phoenix\n-----------------------------\nAIE Partitions\n  No hardware contexts running on device\n\n"
NPU_OWNERSHIP {"context_pids": [], "owned_pids": [59320, 61296, 67236, 78780, 80284, 83680], "foreign_pids": []}
HOST_TIMELINE {"elapsed_seconds": 354.938, "tree_rss_bytes": 397258752, "foreign_peers": []}
NPU_TIMELINE "\n-----------------------------\n[003d:00:01.1] : NPU Phoenix\n-----------------------------\nAIE Partitions\n  No hardware contexts running on device\n\n"
NPU_OWNERSHIP {"context_pids": [], "owned_pids": [59320, 61296, 67236, 78780, 80284, 83680], "foreign_pids": []}
HOST_TIMELINE {"elapsed_seconds": 359.079, "tree_rss_bytes": 392142848, "foreign_peers": []}
NPU_TIMELINE "\n-----------------------------\n[003d:00:01.1] : NPU Phoenix\n-----------------------------\nAIE Partitions\n  No hardware contexts running on device\n\n"
NPU_OWNERSHIP {"context_pids": [], "owned_pids": [59320, 61296, 67236, 78780, 80284, 83680], "foreign_pids": []}
HOST_TIMELINE {"elapsed_seconds": 363.485, "tree_rss_bytes": 401674240, "foreign_peers": []}
HOST_TIMELINE {"elapsed_seconds": 367.875, "tree_rss_bytes": 394297344, "foreign_peers": []}
NPU_TIMELINE "\n-----------------------------\n[003d:00:01.1] : NPU Phoenix\n-----------------------------\nAIE Partitions\n  No hardware contexts running on device\n\n"
NPU_OWNERSHIP {"context_pids": [], "owned_pids": [59320, 61296, 67236, 78780, 80284, 83680], "foreign_pids": []}
HOST_TIMELINE {"elapsed_seconds": 372.141, "tree_rss_bytes": 401670144, "foreign_peers": []}
NPU_TIMELINE "\n-----------------------------\n[003d:00:01.1] : NPU Phoenix\n-----------------------------\nAIE Partitions\n  No hardware contexts running on device\n\n"
NPU_OWNERSHIP {"context_pids": [], "owned_pids": [59320, 61296, 67236, 78780, 80284, 83680], "foreign_pids": []}
HOST_TIMELINE {"elapsed_seconds": 376.547, "tree_rss_bytes": 395620352, "foreign_peers": []}
NPU_TIMELINE "\n-----------------------------\n[003d:00:01.1] : NPU Phoenix\n-----------------------------\nAIE Partitions\n  No hardware contexts running on device\n\n"
NPU_OWNERSHIP {"context_pids": [], "owned_pids": [59320, 61296, 67236, 78780, 80284, 83680], "foreign_pids": []}
HOST_TIMELINE {"elapsed_seconds": 380.954, "tree_rss_bytes": 403861504, "foreign_peers": []}
NPU_TIMELINE "\n-----------------------------\n[003d:00:01.1] : NPU Phoenix\n-----------------------------\nAIE Partitions\n  No hardware contexts running on device\n\n"
NPU_OWNERSHIP {"context_pids": [], "owned_pids": [59320, 61296, 67236, 78780, 80284, 83680], "foreign_pids": []}
HOST_TIMELINE {"elapsed_seconds": 385.485, "tree_rss_bytes": 395751424, "foreign_peers": []}
HOST_TIMELINE {"elapsed_seconds": 389.797, "tree_rss_bytes": 404197376, "foreign_peers": []}
NPU_TIMELINE "\n-----------------------------\n[003d:00:01.1] : NPU Phoenix\n-----------------------------\nAIE Partitions\n  No hardware contexts running on device\n\n"
NPU_OWNERSHIP {"context_pids": [], "owned_pids": [59320, 61296, 67236, 78780, 80284, 83680], "foreign_pids": []}
HOST_TIMELINE {"elapsed_seconds": 394.188, "tree_rss_bytes": 399564800, "foreign_peers": []}
NPU_TIMELINE "\n-----------------------------\n[003d:00:01.1] : NPU Phoenix\n-----------------------------\nAIE Partitions\n  No hardware contexts running on device\n\n"
NPU_OWNERSHIP {"context_pids": [], "owned_pids": [59320, 61296, 67236, 78780, 80284, 83680], "foreign_pids": []}
HOST_TIMELINE {"elapsed_seconds": 398.485, "tree_rss_bytes": 392409088, "foreign_peers": []}
NPU_TIMELINE "\n-----------------------------\n[003d:00:01.1] : NPU Phoenix\n-----------------------------\nAIE Partitions\n  No hardware contexts running on device\n\n"
NPU_OWNERSHIP {"context_pids": [], "owned_pids": [59320, 61296, 67236, 78780, 80284, 83680], "foreign_pids": []}
HOST_TIMELINE {"elapsed_seconds": 402.688, "tree_rss_bytes": 395612160, "foreign_peers": []}
HOST_TIMELINE {"elapsed_seconds": 407.25, "tree_rss_bytes": 395005952, "foreign_peers": []}
NPU_TIMELINE "\n-----------------------------\n[003d:00:01.1] : NPU Phoenix\n-----------------------------\nAIE Partitions\n  No hardware contexts running on device\n\n"
NPU_OWNERSHIP {"context_pids": [], "owned_pids": [59320, 61296, 67236, 78780, 80284, 83680], "foreign_pids": []}
HOST_TIMELINE {"elapsed_seconds": 411.438, "tree_rss_bytes": 397594624, "foreign_peers": []}
NPU_TIMELINE "\n-----------------------------\n[003d:00:01.1] : NPU Phoenix\n-----------------------------\nAIE Partitions\n  No hardware contexts running on device\n\n"
NPU_OWNERSHIP {"context_pids": [], "owned_pids": [59320, 61296, 67236, 78780, 80284, 83680], "foreign_pids": []}
HOST_TIMELINE {"elapsed_seconds": 415.61, "tree_rss_bytes": 399945728, "foreign_peers": []}
NPU_TIMELINE "\n-----------------------------\n[003d:00:01.1] : NPU Phoenix\n-----------------------------\nAIE Partitions\n  No hardware contexts running on device\n\n"
NPU_OWNERSHIP {"context_pids": [], "owned_pids": [59320, 61296, 67236, 78780, 80284, 83680], "foreign_pids": []}
HOST_TIMELINE {"elapsed_seconds": 419.891, "tree_rss_bytes": 386342912, "foreign_peers": []}
HOST_TIMELINE {"elapsed_seconds": 424.454, "tree_rss_bytes": 392708096, "foreign_peers": []}
NPU_TIMELINE "\n-----------------------------\n[003d:00:01.1] : NPU Phoenix\n-----------------------------\nAIE Partitions\n  No hardware contexts running on device\n\n"
NPU_OWNERSHIP {"context_pids": [], "owned_pids": [59320, 61296, 67236, 78780, 80284, 83680], "foreign_pids": []}
HOST_TIMELINE {"elapsed_seconds": 428.516, "tree_rss_bytes": 397701120, "foreign_peers": []}
NPU_TIMELINE "\n-----------------------------\n[003d:00:01.1] : NPU Phoenix\n-----------------------------\nAIE Partitions\n  No hardware contexts running on device\n\n"
NPU_OWNERSHIP {"context_pids": [], "owned_pids": [59320, 61296, 67236, 78780, 80284, 83680], "foreign_pids": []}
HOST_TIMELINE {"elapsed_seconds": 432.797, "tree_rss_bytes": 397811712, "foreign_peers": []}
NPU_TIMELINE "\n-----------------------------\n[003d:00:01.1] : NPU Phoenix\n-----------------------------\nAIE Partitions\n  No hardware contexts running on device\n\n"
NPU_OWNERSHIP {"context_pids": [], "owned_pids": [59320, 61296, 67236, 78780, 80284, 83680], "foreign_pids": []}
HOST_TIMELINE {"elapsed_seconds": 436.954, "tree_rss_bytes": 404779008, "foreign_peers": []}
HOST_TIMELINE {"elapsed_seconds": 441.094, "tree_rss_bytes": 400461824, "foreign_peers": []}
NPU_TIMELINE "\n-----------------------------\n[003d:00:01.1] : NPU Phoenix\n-----------------------------\nAIE Partitions\n  No hardware contexts running on device\n\n"
NPU_OWNERSHIP {"context_pids": [], "owned_pids": [59320, 61296, 67236, 78780, 80284, 83680], "foreign_pids": []}
HOST_TIMELINE {"elapsed_seconds": 445.625, "tree_rss_bytes": 393666560, "foreign_peers": []}
NPU_TIMELINE "\n-----------------------------\n[003d:00:01.1] : NPU Phoenix\n-----------------------------\nAIE Partitions\n  No hardware contexts running on device\n\n"
NPU_OWNERSHIP {"context_pids": [], "owned_pids": [59320, 61296, 67236, 78780, 80284, 83680], "foreign_pids": []}
HOST_TIMELINE {"elapsed_seconds": 450.079, "tree_rss_bytes": 401043456, "foreign_peers": []}
NPU_TIMELINE "\n-----------------------------\n[003d:00:01.1] : NPU Phoenix\n-----------------------------\nAIE Partitions\n  No hardware contexts running on device\n\n"
NPU_OWNERSHIP {"context_pids": [], "owned_pids": [59320, 61296, 67236, 78780, 80284, 83680], "foreign_pids": []}
HOST_TIMELINE {"elapsed_seconds": 454.266, "tree_rss_bytes": 395915264, "foreign_peers": []}
HOST_TIMELINE {"elapsed_seconds": 458.485, "tree_rss_bytes": 403091456, "foreign_peers": []}
NPU_TIMELINE "\n-----------------------------\n[003d:00:01.1] : NPU Phoenix\n-----------------------------\nAIE Partitions\n  No hardware contexts running on device\n\n"
NPU_OWNERSHIP {"context_pids": [], "owned_pids": [59320, 61296, 67236, 78780, 80284, 83680], "foreign_pids": []}
HOST_TIMELINE {"elapsed_seconds": 462.891, "tree_rss_bytes": 394407936, "foreign_peers": []}
NPU_TIMELINE "\n-----------------------------\n[003d:00:01.1] : NPU Phoenix\n-----------------------------\nAIE Partitions\n  No hardware contexts running on device\n\n"
NPU_OWNERSHIP {"context_pids": [], "owned_pids": [59320, 61296, 67236, 78780, 80284, 83680], "foreign_pids": []}
HOST_TIMELINE {"elapsed_seconds": 467.422, "tree_rss_bytes": 403927040, "foreign_peers": []}
NPU_TIMELINE "\n-----------------------------\n[003d:00:01.1] : NPU Phoenix\n-----------------------------\nAIE Partitions\n  No hardware contexts running on device\n\n"
NPU_OWNERSHIP {"context_pids": [], "owned_pids": [59320, 61296, 67236, 78780, 80284, 83680], "foreign_pids": []}
HOST_TIMELINE {"elapsed_seconds": 472.079, "tree_rss_bytes": 399388672, "foreign_peers": []}
NPU_TIMELINE "\n-----------------------------\n[003d:00:01.1] : NPU Phoenix\n-----------------------------\nAIE Partitions\n  No hardware contexts running on device\n\n"
NPU_OWNERSHIP {"context_pids": [], "owned_pids": [59320, 61296, 67236, 78780, 80284, 83680], "foreign_pids": []}
HOST_TIMELINE {"elapsed_seconds": 477.266, "tree_rss_bytes": 394039296, "foreign_peers": []}
NPU_TIMELINE "\n-----------------------------\n[003d:00:01.1] : NPU Phoenix\n-----------------------------\nAIE Partitions\n  No hardware contexts running on device\n\n"
NPU_OWNERSHIP {"context_pids": [], "owned_pids": [59320, 61296, 67236, 78780, 80284, 83680], "foreign_pids": []}
HOST_TIMELINE {"elapsed_seconds": 481.547, "tree_rss_bytes": 401244160, "foreign_peers": []}
HOST_TIMELINE {"elapsed_seconds": 485.75, "tree_rss_bytes": 393588736, "foreign_peers": []}
NPU_TIMELINE "\n-----------------------------\n[003d:00:01.1] : NPU Phoenix\n-----------------------------\nAIE Partitions\n  No hardware contexts running on device\n\n"
NPU_OWNERSHIP {"context_pids": [], "owned_pids": [59320, 61296, 67236, 78780, 80284, 83680], "foreign_pids": []}
HOST_TIMELINE {"elapsed_seconds": 490.422, "tree_rss_bytes": 396603392, "foreign_peers": []}
NPU_TIMELINE "\n-----------------------------\n[003d:00:01.1] : NPU Phoenix\n-----------------------------\nAIE Partitions\n  No hardware contexts running on device\n\n"
NPU_OWNERSHIP {"context_pids": [], "owned_pids": [59320, 61296, 67236, 78780, 80284, 83680], "foreign_pids": []}
HOST_TIMELINE {"elapsed_seconds": 494.657, "tree_rss_bytes": 397172736, "foreign_peers": []}
NPU_TIMELINE "\n-----------------------------\n[003d:00:01.1] : NPU Phoenix\n-----------------------------\nAIE Partitions\n  No hardware contexts running on device\n\n"
NPU_OWNERSHIP {"context_pids": [], "owned_pids": [59320, 61296, 67236, 78780, 80284, 83680], "foreign_pids": []}
HOST_TIMELINE {"elapsed_seconds": 499.172, "tree_rss_bytes": 399474688, "foreign_peers": []}
HOST_TIMELINE {"elapsed_seconds": 503.36, "tree_rss_bytes": 401760256, "foreign_peers": []}
NPU_TIMELINE "\n-----------------------------\n[003d:00:01.1] : NPU Phoenix\n-----------------------------\nAIE Partitions\n  No hardware contexts running on device\n\n"
NPU_OWNERSHIP {"context_pids": [], "owned_pids": [59320, 61296, 67236, 78780, 80284, 83680], "foreign_pids": []}
HOST_TIMELINE {"elapsed_seconds": 507.422, "tree_rss_bytes": 389570560, "foreign_peers": []}
NPU_TIMELINE "\n-----------------------------\n[003d:00:01.1] : NPU Phoenix\n-----------------------------\nAIE Partitions\n  No hardware contexts running on device\n\n"
NPU_OWNERSHIP {"context_pids": [], "owned_pids": [59320, 61296, 67236, 78780, 80284, 83680], "foreign_pids": []}
HOST_TIMELINE {"elapsed_seconds": 511.532, "tree_rss_bytes": 393646080, "foreign_peers": []}
NPU_TIMELINE "\n-----------------------------\n[003d:00:01.1] : NPU Phoenix\n-----------------------------\nAIE Partitions\n  No hardware contexts running on device\n\n"
NPU_OWNERSHIP {"context_pids": [], "owned_pids": [59320, 61296, 67236, 78780, 80284, 83680], "foreign_pids": []}
HOST_TIMELINE {"elapsed_seconds": 515.969, "tree_rss_bytes": 398893056, "foreign_peers": []}
HOST_TIMELINE {"elapsed_seconds": 520.282, "tree_rss_bytes": 401715200, "foreign_peers": []}
NPU_TIMELINE "\n-----------------------------\n[003d:00:01.1] : NPU Phoenix\n-----------------------------\nAIE Partitions\n  No hardware contexts running on device\n\n"
NPU_OWNERSHIP {"context_pids": [], "owned_pids": [59320, 61296, 67236, 78780, 80284, 83680], "foreign_pids": []}
HOST_TIMELINE {"elapsed_seconds": 524.329, "tree_rss_bytes": 394313728, "foreign_peers": []}
NPU_TIMELINE "\n-----------------------------\n[003d:00:01.1] : NPU Phoenix\n-----------------------------\nAIE Partitions\n  No hardware contexts running on device\n\n"
NPU_OWNERSHIP {"context_pids": [], "owned_pids": [59320, 61296, 67236, 78780, 80284, 83680], "foreign_pids": []}
HOST_TIMELINE {"elapsed_seconds": 528.25, "tree_rss_bytes": 403054592, "foreign_peers": []}
HOST_TIMELINE {"elapsed_seconds": 532.485, "tree_rss_bytes": 396324864, "foreign_peers": []}
NPU_TIMELINE "\n-----------------------------\n[003d:00:01.1] : NPU Phoenix\n-----------------------------\nAIE Partitions\n  No hardware contexts running on device\n\n"
NPU_OWNERSHIP {"context_pids": [], "owned_pids": [59320, 61296, 67236, 78780, 80284, 83680], "foreign_pids": []}
HOST_TIMELINE {"elapsed_seconds": 536.563, "tree_rss_bytes": 403259392, "foreign_peers": []}
NPU_TIMELINE "\n-----------------------------\n[003d:00:01.1] : NPU Phoenix\n-----------------------------\nAIE Partitions\n  No hardware contexts running on device\n\n"
NPU_OWNERSHIP {"context_pids": [], "owned_pids": [59320, 61296, 67236, 78780, 80284, 83680], "foreign_pids": []}
HOST_TIMELINE {"elapsed_seconds": 540.907, "tree_rss_bytes": 397586432, "foreign_peers": []}
NPU_TIMELINE "\n-----------------------------\n[003d:00:01.1] : NPU Phoenix\n-----------------------------\nAIE Partitions\n  No hardware contexts running on device\n\n"
NPU_OWNERSHIP {"context_pids": [], "owned_pids": [59320, 61296, 67236, 78780, 80284, 83680], "foreign_pids": []}
HOST_TIMELINE {"elapsed_seconds": 545.266, "tree_rss_bytes": 404447232, "foreign_peers": []}
NPU_TIMELINE "\n-----------------------------\n[003d:00:01.1] : NPU Phoenix\n-----------------------------\nAIE Partitions\n  No hardware contexts running on device\n\n"
NPU_OWNERSHIP {"context_pids": [], "owned_pids": [59320, 61296, 67236, 78780, 80284, 83680], "foreign_pids": []}
HOST_TIMELINE {"elapsed_seconds": 549.891, "tree_rss_bytes": 399323136, "foreign_peers": []}
HOST_TIMELINE {"elapsed_seconds": 554.219, "tree_rss_bytes": 405745664, "foreign_peers": []}
NPU_TIMELINE "\n-----------------------------\n[003d:00:01.1] : NPU Phoenix\n-----------------------------\nAIE Partitions\n  No hardware contexts running on device\n\n"
NPU_OWNERSHIP {"context_pids": [], "owned_pids": [59320, 61296, 67236, 78780, 80284, 83680], "foreign_pids": []}
HOST_TIMELINE {"elapsed_seconds": 558.657, "tree_rss_bytes": 400035840, "foreign_peers": []}
NPU_TIMELINE "\n-----------------------------\n[003d:00:01.1] : NPU Phoenix\n-----------------------------\nAIE Partitions\n  No hardware contexts running on device\n\n"
NPU_OWNERSHIP {"context_pids": [], "owned_pids": [59320, 61296, 67236, 78780, 80284, 83680], "foreign_pids": []}
HOST_TIMELINE {"elapsed_seconds": 563.032, "tree_rss_bytes": 396144640, "foreign_peers": []}
NPU_TIMELINE "\n-----------------------------\n[003d:00:01.1] : NPU Phoenix\n-----------------------------\nAIE Partitions\n  No hardware contexts running on device\n\n"
NPU_OWNERSHIP {"context_pids": [], "owned_pids": [59320, 61296, 67236, 78780, 80284, 83680], "foreign_pids": []}
HOST_TIMELINE {"elapsed_seconds": 567.0, "tree_rss_bytes": 401997824, "foreign_peers": []}
HOST_TIMELINE {"elapsed_seconds": 570.938, "tree_rss_bytes": 394125312, "foreign_peers": []}
NPU_TIMELINE "\n-----------------------------\n[003d:00:01.1] : NPU Phoenix\n-----------------------------\nAIE Partitions\n  No hardware contexts running on device\n\n"
NPU_OWNERSHIP {"context_pids": [], "owned_pids": [59320, 61296, 67236, 78780, 80284, 83680], "foreign_pids": []}
HOST_TIMELINE {"elapsed_seconds": 575.047, "tree_rss_bytes": 396812288, "foreign_peers": []}
NPU_TIMELINE "\n-----------------------------\n[003d:00:01.1] : NPU Phoenix\n-----------------------------\nAIE Partitions\n  No hardware contexts running on device\n\n"
NPU_OWNERSHIP {"context_pids": [], "owned_pids": [59320, 61296, 67236, 78780, 80284, 83680], "foreign_pids": []}
HOST_TIMELINE {"elapsed_seconds": 579.141, "tree_rss_bytes": 397398016, "foreign_peers": []}
HOST_TIMELINE {"elapsed_seconds": 583.079, "tree_rss_bytes": 400703488, "foreign_peers": []}
NPU_TIMELINE "\n-----------------------------\n[003d:00:01.1] : NPU Phoenix\n-----------------------------\nAIE Partitions\n  No hardware contexts running on device\n\n"
NPU_OWNERSHIP {"context_pids": [], "owned_pids": [59320, 61296, 67236, 78780, 80284, 83680], "foreign_pids": []}
HOST_TIMELINE {"elapsed_seconds": 587.016, "tree_rss_bytes": 403652608, "foreign_peers": []}
NPU_TIMELINE "\n-----------------------------\n[003d:00:01.1] : NPU Phoenix\n-----------------------------\nAIE Partitions\n  No hardware contexts running on device\n\n"
NPU_OWNERSHIP {"context_pids": [], "owned_pids": [59320, 61296, 67236, 78780, 80284, 83680], "foreign_pids": []}
HOST_TIMELINE {"elapsed_seconds": 591.157, "tree_rss_bytes": 388153344, "foreign_peers": []}
NPU_TIMELINE "\n-----------------------------\n[003d:00:01.1] : NPU Phoenix\n-----------------------------\nAIE Partitions\n  No hardware contexts running on device\n\n"
NPU_OWNERSHIP {"context_pids": [], "owned_pids": [59320, 61296, 67236, 78780, 80284, 83680], "foreign_pids": []}
HOST_TIMELINE {"elapsed_seconds": 595.563, "tree_rss_bytes": 393060352, "foreign_peers": []}
HOST_TIMELINE {"elapsed_seconds": 599.829, "tree_rss_bytes": 399147008, "foreign_peers": []}
NPU_TIMELINE "\n-----------------------------\n[003d:00:01.1] : NPU Phoenix\n-----------------------------\nAIE Partitions\n  No hardware contexts running on device\n\n"
NPU_OWNERSHIP {"context_pids": [], "owned_pids": [59320, 61296, 67236, 78780, 80284, 83680], "foreign_pids": []}
HOST_TIMELINE {"elapsed_seconds": 604.282, "tree_rss_bytes": 399691776, "foreign_peers": []}
NPU_TIMELINE "\n-----------------------------\n[003d:00:01.1] : NPU Phoenix\n-----------------------------\nAIE Partitions\n  No hardware contexts running on device\n\n"
NPU_OWNERSHIP {"context_pids": [], "owned_pids": [59320, 61296, 67236, 78780, 80284, 83680], "foreign_pids": []}
HOST_TIMELINE {"elapsed_seconds": 608.313, "tree_rss_bytes": 407257088, "foreign_peers": []}
HOST_TIMELINE {"elapsed_seconds": 612.36, "tree_rss_bytes": 400011264, "foreign_peers": []}
NPU_TIMELINE "\n-----------------------------\n[003d:00:01.1] : NPU Phoenix\n-----------------------------\nAIE Partitions\n  No hardware contexts running on device\n\n"
NPU_OWNERSHIP {"context_pids": [], "owned_pids": [59320, 61296, 67236, 78780, 80284, 83680], "foreign_pids": []}
HOST_TIMELINE {"elapsed_seconds": 616.485, "tree_rss_bytes": 394723328, "foreign_peers": []}
NPU_TIMELINE "\n-----------------------------\n[003d:00:01.1] : NPU Phoenix\n-----------------------------\nAIE Partitions\n  No hardware contexts running on device\n\n"
NPU_OWNERSHIP {"context_pids": [], "owned_pids": [59320, 61296, 67236, 78780, 80284, 83680], "foreign_pids": []}
HOST_TIMELINE {"elapsed_seconds": 620.688, "tree_rss_bytes": 402534400, "foreign_peers": []}
NPU_TIMELINE "\n-----------------------------\n[003d:00:01.1] : NPU Phoenix\n-----------------------------\nAIE Partitions\n  No hardware contexts running on device\n\n"
NPU_OWNERSHIP {"context_pids": [], "owned_pids": [59320, 61296, 67236, 78780, 80284, 83680], "foreign_pids": []}
HOST_TIMELINE {"elapsed_seconds": 624.86, "tree_rss_bytes": 397221888, "foreign_peers": []}
HOST_TIMELINE {"elapsed_seconds": 629.141, "tree_rss_bytes": 403447808, "foreign_peers": []}
NPU_TIMELINE "\n-----------------------------\n[003d:00:01.1] : NPU Phoenix\n-----------------------------\nAIE Partitions\n  No hardware contexts running on device\n\n"
NPU_OWNERSHIP {"context_pids": [], "owned_pids": [59320, 61296, 67236, 78780, 80284, 83680], "foreign_pids": []}
HOST_TIMELINE {"elapsed_seconds": 633.438, "tree_rss_bytes": 397803520, "foreign_peers": []}
NPU_TIMELINE "\n-----------------------------\n[003d:00:01.1] : NPU Phoenix\n-----------------------------\nAIE Partitions\n  No hardware contexts running on device\n\n"
NPU_OWNERSHIP {"context_pids": [], "owned_pids": [59320, 61296, 67236, 78780, 80284, 83680], "foreign_pids": []}
HOST_TIMELINE {"elapsed_seconds": 637.922, "tree_rss_bytes": 405028864, "foreign_peers": []}
NPU_TIMELINE "\n-----------------------------\n[003d:00:01.1] : NPU Phoenix\n-----------------------------\nAIE Partitions\n  No hardware contexts running on device\n\n"
NPU_OWNERSHIP {"context_pids": [], "owned_pids": [59320, 61296, 67236, 78780, 80284, 83680], "foreign_pids": []}
HOST_TIMELINE {"elapsed_seconds": 641.985, "tree_rss_bytes": 397639680, "foreign_peers": []}
HOST_TIMELINE {"elapsed_seconds": 646.235, "tree_rss_bytes": 407597056, "foreign_peers": []}
NPU_TIMELINE "\n-----------------------------\n[003d:00:01.1] : NPU Phoenix\n-----------------------------\nAIE Partitions\n  No hardware contexts running on device\n\n"
NPU_OWNERSHIP {"context_pids": [], "owned_pids": [59320, 61296, 67236, 78780, 80284, 83680], "foreign_pids": []}
HOST_TIMELINE {"elapsed_seconds": 650.407, "tree_rss_bytes": 400826368, "foreign_peers": []}
NPU_TIMELINE "\n-----------------------------\n[003d:00:01.1] : NPU Phoenix\n-----------------------------\nAIE Partitions\n  No hardware contexts running on device\n\n"
NPU_OWNERSHIP {"context_pids": [], "owned_pids": [59320, 61296, 67236, 78780, 80284, 83680], "foreign_pids": []}
HOST_TIMELINE {"elapsed_seconds": 654.782, "tree_rss_bytes": 407851008, "foreign_peers": []}
NPU_TIMELINE "\n-----------------------------\n[003d:00:01.1] : NPU Phoenix\n-----------------------------\nAIE Partitions\n  No hardware contexts running on device\n\n"
NPU_OWNERSHIP {"context_pids": [], "owned_pids": [59320, 61296, 67236, 78780, 80284, 83680], "foreign_pids": []}
HOST_TIMELINE {"elapsed_seconds": 659.0, "tree_rss_bytes": 398462976, "foreign_peers": []}
HOST_TIMELINE {"elapsed_seconds": 663.579, "tree_rss_bytes": 399712256, "foreign_peers": []}
NPU_TIMELINE "\n-----------------------------\n[003d:00:01.1] : NPU Phoenix\n-----------------------------\nAIE Partitions\n  No hardware contexts running on device\n\n"
NPU_OWNERSHIP {"context_pids": [], "owned_pids": [59320, 61296, 67236, 78780, 80284, 83680], "foreign_pids": []}
HOST_TIMELINE {"elapsed_seconds": 667.579, "tree_rss_bytes": 403103744, "foreign_peers": []}
NPU_TIMELINE "\n-----------------------------\n[003d:00:01.1] : NPU Phoenix\n-----------------------------\nAIE Partitions\n  No hardware contexts running on device\n\n"
NPU_OWNERSHIP {"context_pids": [], "owned_pids": [59320, 61296, 67236, 78780, 80284, 83680], "foreign_pids": []}
HOST_TIMELINE {"elapsed_seconds": 671.516, "tree_rss_bytes": 403976192, "foreign_peers": []}
HOST_TIMELINE {"elapsed_seconds": 675.454, "tree_rss_bytes": 405458944, "foreign_peers": []}
BF16_SR_ISOLATED {"label": "baby", "layers": [{"differ_by_model": {"aligned": 0, "dot_first": 0, "exp_sum": 0, "sequential": 0, "wide": 0}, "isolated": true, "layer": "/head/Conv", "output": "/head/Conv_output_0_QuantizeLinear_Output", "positions": [], "positions_any_model_differs": 0, "positions_no_model_matches": 0, "seconds": 10.4, "values": 1048576}, {"differ_by_model": {"aligned": 0, "dot_first": 0, "exp_sum": 0, "sequential": 0, "wide": 0}, "isolated": true, "layer": "/body.0/body.0.0/Conv", "output": "/body.0/body.0.1/Relu_output_0_QuantizeLinear_Output", "positions": [], "positions_any_model_differs": 0, "positions_no_model_matches": 0, "seconds": 7.4, "values": 1048576}, {"differ_by_model": {"aligned": 0, "dot_first": 1, "exp_sum": 0, "sequential": 2, "wide": 1}, "isolated": true, "layer": "/body.1/body.1.0/Conv", "output": "/body.1/body.1.1/Relu_output_0_QuantizeLinear_Output", "positions": [{"acc_exact": 0.49510955810546875, "aligned": "3efe", "c": 10, "covered_by": [1, 1], "device": "3efe", "device_value": 0.49609375, "dot_first": "3efd", "exp_sum": "3efe", "in_tile": [0, 3], "sequential": "3efd", "tile_origin": [175, 60], "wide": "3efd", "x": 63, "y": 175}, {"acc_exact": 1.6601581573486328, "aligned": "3fd5", "c": 13, "covered_by": [1, 2], "device": "3fd5", "device_value": 1.6640625, "dot_first": "3fd5", "exp_sum": "3fd5", "in_tile": [2, 1], "sequential": "3fd4", "tile_origin": [95, 236], "wide": "3fd5", "x": 237, "y": 97}], "positions_any_model_differs": 2, "positions_no_model_matches": 0, "seconds": 7.4, "values": 1048576}, {"differ_by_model": {"aligned": 0, "dot_first": 1, "exp_sum": 0, "sequential": 2, "wide": 1}, "isolated": true, "layer": "/body.2/body.2.0/Conv", "output": "/body.2/body.2.1/Relu_output_0_QuantizeLinear_Output", "positions": [{"acc_exact": 97.25000762939453, "aligned": "42c3", "c": 4, "covered_by": [1, 1], "device": "42c3", "device_value": 97.5, "dot_first": "42c3", "exp_sum": "42c3", "in_tile": [1, 14], "sequential": "42c2", "tile_origin": [145, 40], "wide": "42c3", "x": 54, "y": 146}, {"acc_exact": 0.023744583129882812, "aligned": "3cc2", "c": 15, "covered_by": [1, 1], "device": "3cc2", "device_value": 0.023681640625, "dot_first": "3cc3", "exp_sum": "3cc2", "in_tile": [0, 10], "sequential": "3cc3", "tile_origin": [25, 160], "wide": "3cc3", "x": 170, "y": 25}], "positions_any_model_differs": 2, "positions_no_model_matches": 0, "seconds": 7.4, "values": 1048576}, {"differ_by_model": {"aligned": 0, "dot_first": 0, "exp_sum": 0, "sequential": 0, "wide": 0}, "isolated": true, "layer": "/body.3/body.3.0/Conv", "output": "/body.3/body.3.1/Relu_output_0_QuantizeLinear_Output", "positions": [], "positions_any_model_differs": 0, "positions_no_model_matches": 0, "seconds": 7.4, "values": 1048576}, {"differ_by_model": {"aligned": 0, "dot_first": 0, "exp_sum": 0, "sequential": 0, "wide": 0}, "isolated": true, "layer": "/body.4/body.4.0/Conv", "output": "/body.4/body.4.1/Relu_output_0_QuantizeLinear_Output", "positions": [], "positions_any_model_differs": 0, "positions_no_model_matches": 0, "seconds": 7.4, "values": 1048576}, {"differ_by_model": {"aligned": 0, "dot_first": 0, "exp_sum": 0, "sequential": 0, "wide": 0}, "isolated": true, "layer": "/body.5/body.5.0/Conv", "output": "/body.5/body.5.1/Relu_output_0_QuantizeLinear_Output", "positions": [], "positions_any_model_differs": 0, "positions_no_model_matches": 0, "seconds": 7.4, "values": 1048576}, {"differ_by_model": {"aligned": 0, "dot_first": 0, "exp_sum": 0, "sequential": 0, "wide": 0}, "isolated": true, "layer": "/body.6/body.6.0/Conv", "output": "/Add_output_0_QuantizeLinear_Output", "positions": [], "positions_any_model_differs": 0, "positions_no_model_matches": 0, "seconds": 7.5, "values": 1048576}, {"differ_by_model": {"aligned": 0, "dot_first": 0, "exp_sum": 0, "sequential": 0, "wide": 0}, "isolated": true, "layer": "/tail/Conv", "output": "/tail/Conv_output_0_QuantizeLinear_Output", "positions": [], "positions_any_model_differs": 0, "positions_no_model_matches": 0, "seconds": 20.7, "values": 786432}]}
BF16_SR_ISOLATED {"label": "bird", "layers": [{"differ_by_model": {"aligned": 0, "dot_first": 0, "exp_sum": 0, "sequential": 0, "wide": 0}, "isolated": true, "layer": "/head/Conv", "output": "/head/Conv_output_0_QuantizeLinear_Output", "positions": [], "positions_any_model_differs": 0, "positions_no_model_matches": 0, "seconds": 10.4, "values": 1048576}, {"differ_by_model": {"aligned": 0, "dot_first": 0, "exp_sum": 0, "sequential": 0, "wide": 0}, "isolated": true, "layer": "/body.0/body.0.0/Conv", "output": "/body.0/body.0.1/Relu_output_0_QuantizeLinear_Output", "positions": [], "positions_any_model_differs": 0, "positions_no_model_matches": 0, "seconds": 7.4, "values": 1048576}, {"differ_by_model": {"aligned": 2, "dot_first": 1, "exp_sum": 0, "sequential": 1, "wide": 1}, "isolated": true, "layer": "/body.1/body.1.0/Conv", "output": "/body.1/body.1.1/Relu_output_0_QuantizeLinear_Output", "positions": [{"acc_exact": 0.37792396545410156, "aligned": "3ec1", "c": 9, "covered_by": [1, 1], "device": "3ec1", "device_value": 0.376953125, "dot_first": "3ec2", "exp_sum": "3ec1", "in_tile": [3, 15], "sequential": "3ec2", "tile_origin": [115, 236], "wide": "3ec2", "x": 251, "y": 118}, {"acc_exact": 0.44239044189453125, "aligned": "3ee2", "c": 12, "covered_by": [1, 1], "device": "3ee3", "device_value": 0.443359375, "dot_first": "3ee3", "exp_sum": "3ee3", "in_tile": [0, 19], "sequential": "3ee3", "tile_origin": [70, 160], "wide": "3ee3", "x": 179, "y": 70}, {"acc_exact": 0.0013523101806640625, "aligned": "3ab2", "c": 12, "covered_by": [1, 1], "device": "3ab1", "device_value": 0.00135040283203125, "dot_first": "3ab1", "exp_sum": "3ab1", "in_tile": [1, 16], "sequential": "3ab1", "tile_origin": [120, 236], "wide": "3ab1", "x": 252, "y": 121}], "positions_any_model_differs": 3, "positions_no_model_matches": 0, "seconds": 7.4, "values": 1048576}, {"differ_by_model": {"aligned": 0, "dot_first": 1, "exp_sum": 0, "sequential": 0, "wide": 0}, "isolated": true, "layer": "/body.2/body.2.0/Conv", "output": "/body.2/body.2.1/Relu_output_0_QuantizeLinear_Output", "positions": [{"acc_exact": 0.7988286018371582, "aligned": "3f4d", "c": 8, "covered_by": [1, 1], "device": "3f4d", "device_value": 0.80078125, "dot_first": "3f4c", "exp_sum": "3f4d", "in_tile": [1, 5], "sequential": "3f4d", "tile_origin": [40, 80], "wide": "3f4d", "x": 85, "y": 41}], "positions_any_model_differs": 1, "positions_no_model_matches": 0, "seconds": 7.4, "values": 1048576}, {"differ_by_model": {"aligned": 0, "dot_first": 0, "exp_sum": 0, "sequential": 0, "wide": 0}, "isolated": true, "layer": "/body.3/body.3.0/Conv", "output": "/body.3/body.3.1/Relu_output_0_QuantizeLinear_Output", "positions": [], "positions_any_model_differs": 0, "positions_no_model_matches": 0, "seconds": 7.5, "values": 1048576}, {"differ_by_model": {"aligned": 0, "dot_first": 0, "exp_sum": 0, "sequential": 0, "wide": 0}, "isolated": true, "layer": "/body.4/body.4.0/Conv", "output": "/body.4/body.4.1/Relu_output_0_QuantizeLinear_Output", "positions": [], "positions_any_model_differs": 0, "positions_no_model_matches": 0, "seconds": 7.4, "values": 1048576}, {"differ_by_model": {"aligned": 0, "dot_first": 0, "exp_sum": 0, "sequential": 0, "wide": 0}, "isolated": true, "layer": "/body.5/body.5.0/Conv", "output": "/body.5/body.5.1/Relu_output_0_QuantizeLinear_Output", "positions": [], "positions_any_model_differs": 0, "positions_no_model_matches": 0, "seconds": 7.4, "values": 1048576}, {"differ_by_model": {"aligned": 0, "dot_first": 0, "exp_sum": 0, "sequential": 0, "wide": 0}, "isolated": true, "layer": "/body.6/body.6.0/Conv", "output": "/Add_output_0_QuantizeLinear_Output", "positions": [], "positions_any_model_differs": 0, "positions_no_model_matches": 0, "seconds": 7.5, "values": 1048576}, {"differ_by_model": {"aligned": 0, "dot_first": 0, "exp_sum": 0, "sequential": 0, "wide": 0}, "isolated": true, "layer": "/tail/Conv", "output": "/tail/Conv_output_0_QuantizeLinear_Output", "positions": [], "positions_any_model_differs": 0, "positions_no_model_matches": 0, "seconds": 21.0, "values": 786432}]}
BF16_SR_ISOLATED {"label": "butterfly", "layers": [{"differ_by_model": {"aligned": 0, "dot_first": 0, "exp_sum": 0, "sequential": 0, "wide": 0}, "isolated": true, "layer": "/head/Conv", "output": "/head/Conv_output_0_QuantizeLinear_Output", "positions": [], "positions_any_model_differs": 0, "positions_no_model_matches": 0, "seconds": 10.7, "values": 1048576}, {"differ_by_model": {"aligned": 0, "dot_first": 0, "exp_sum": 0, "sequential": 0, "wide": 0}, "isolated": true, "layer": "/body.0/body.0.0/Conv", "output": "/body.0/body.0.1/Relu_output_0_QuantizeLinear_Output", "positions": [], "positions_any_model_differs": 0, "positions_no_model_matches": 0, "seconds": 7.5, "values": 1048576}, {"differ_by_model": {"aligned": 0, "dot_first": 0, "exp_sum": 0, "sequential": 1, "wide": 2}, "isolated": true, "layer": "/body.1/body.1.0/Conv", "output": "/body.1/body.1.1/Relu_output_0_QuantizeLinear_Output", "positions": [{"acc_exact": 0.000713348388671875, "aligned": "3a38", "c": 9, "covered_by": [1, 1], "device": "3a38", "device_value": 0.000701904296875, "dot_first": "3a38", "exp_sum": "3a38", "in_tile": [4, 11], "sequential": "3a38", "tile_origin": [210, 100], "wide": "3a3c", "x": 111, "y": 214}, {"acc_exact": 7.734371185302734, "aligned": "40f8", "c": 10, "covered_by": [1, 1], "device": "40f8", "device_value": 7.75, "dot_first": "40f8", "exp_sum": "40f8", "in_tile": [2, 9], "sequential": "40f8", "tile_origin": [100, 180], "wide": "40f7", "x": 189, "y": 102}, {"acc_exact": 4.078132629394531, "aligned": "4082", "c": 10, "covered_by": [1, 1], "device": "4082", "device_value": 4.0625, "dot_first": "4082", "exp_sum": "4082", "in_tile": [2, 18], "sequential": "4083", "tile_origin": [175, 120], "wide": "4082", "x": 138, "y": 177}], "positions_any_model_differs": 3, "positions_no_model_matches": 0, "seconds": 7.7, "values": 1048576}, {"differ_by_model": {"aligned": 0, "dot_first": 0, "exp_sum": 0, "sequential": 0, "wide": 0}, "isolated": true, "layer": "/body.2/body.2.0/Conv", "output": "/body.2/body.2.1/Relu_output_0_QuantizeLinear_Output", "positions": [], "positions_any_model_differs": 0, "positions_no_model_matches": 0, "seconds": 7.7, "values": 1048576}, {"differ_by_model": {"aligned": 0, "dot_first": 0, "exp_sum": 0, "sequential": 0, "wide": 0}, "isolated": true, "layer": "/body.3/body.3.0/Conv", "output": "/body.3/body.3.1/Relu_output_0_QuantizeLinear_Output", "positions": [], "positions_any_model_differs": 0, "positions_no_model_matches": 0, "seconds": 7.7, "values": 1048576}, {"differ_by_model": {"aligned": 0, "dot_first": 0, "exp_sum": 0, "sequential": 0, "wide": 0}, "isolated": true, "layer": "/body.4/body.4.0/Conv", "output": "/body.4/body.4.1/Relu_output_0_QuantizeLinear_Output", "positions": [], "positions_any_model_differs": 0, "positions_no_model_matches": 0, "seconds": 7.7, "values": 1048576}, {"differ_by_model": {"aligned": 0, "dot_first": 0, "exp_sum": 0, "sequential": 0, "wide": 0}, "isolated": true, "layer": "/body.5/body.5.0/Conv", "output": "/body.5/body.5.1/Relu_output_0_QuantizeLinear_Output", "positions": [], "positions_any_model_differs": 0, "positions_no_model_matches": 0, "seconds": 7.8, "values": 1048576}, {"differ_by_model": {"aligned": 0, "dot_first": 0, "exp_sum": 0, "sequential": 0, "wide": 0}, "isolated": true, "layer": "/body.6/body.6.0/Conv", "output": "/Add_output_0_QuantizeLinear_Output", "positions": [], "positions_any_model_differs": 0, "positions_no_model_matches": 0, "seconds": 7.8, "values": 1048576}, {"differ_by_model": {"aligned": 0, "dot_first": 0, "exp_sum": 0, "sequential": 0, "wide": 0}, "isolated": true, "layer": "/tail/Conv", "output": "/tail/Conv_output_0_QuantizeLinear_Output", "positions": [], "positions_any_model_differs": 0, "positions_no_model_matches": 0, "seconds": 21.4, "values": 786432}]}
BF16_SR_ISOLATED {"label": "head", "layers": [{"differ_by_model": {"aligned": 0, "dot_first": 0, "exp_sum": 0, "sequential": 0, "wide": 0}, "isolated": true, "layer": "/head/Conv", "output": "/head/Conv_output_0_QuantizeLinear_Output", "positions": [], "positions_any_model_differs": 0, "positions_no_model_matches": 0, "seconds": 10.8, "values": 1048576}, {"differ_by_model": {"aligned": 0, "dot_first": 0, "exp_sum": 0, "sequential": 0, "wide": 0}, "isolated": true, "layer": "/body.0/body.0.0/Conv", "output": "/body.0/body.0.1/Relu_output_0_QuantizeLinear_Output", "positions": [], "positions_any_model_differs": 0, "positions_no_model_matches": 0, "seconds": 7.6, "values": 1048576}, {"differ_by_model": {"aligned": 0, "dot_first": 0, "exp_sum": 0, "sequential": 0, "wide": 0}, "isolated": true, "layer": "/body.1/body.1.0/Conv", "output": "/body.1/body.1.1/Relu_output_0_QuantizeLinear_Output", "positions": [], "positions_any_model_differs": 0, "positions_no_model_matches": 0, "seconds": 7.6, "values": 1048576}, {"differ_by_model": {"aligned": 0, "dot_first": 0, "exp_sum": 0, "sequential": 1, "wide": 0}, "isolated": true, "layer": "/body.2/body.2.0/Conv", "output": "/body.2/body.2.1/Relu_output_0_QuantizeLinear_Output", "positions": [{"acc_exact": 1.9023418426513672, "aligned": "3ff3", "c": 8, "covered_by": [1, 1], "device": "3ff3", "device_value": 1.8984375, "dot_first": "3ff3", "exp_sum": "3ff3", "in_tile": [2, 16], "sequential": "3ff4", "tile_origin": [190, 20], "wide": "3ff3", "x": 36, "y": 192}], "positions_any_model_differs": 1, "positions_no_model_matches": 0, "seconds": 7.7, "values": 1048576}, {"differ_by_model": {"aligned": 0, "dot_first": 0, "exp_sum": 0, "sequential": 0, "wide": 0}, "isolated": true, "layer": "/body.3/body.3.0/Conv", "output": "/body.3/body.3.1/Relu_output_0_QuantizeLinear_Output", "positions": [], "positions_any_model_differs": 0, "positions_no_model_matches": 0, "seconds": 7.7, "values": 1048576}, {"differ_by_model": {"aligned": 0, "dot_first": 0, "exp_sum": 0, "sequential": 1, "wide": 0}, "isolated": true, "layer": "/body.4/body.4.0/Conv", "output": "/body.4/body.4.1/Relu_output_0_QuantizeLinear_Output", "positions": [{"acc_exact": 28.437498092651367, "aligned": "41e3", "c": 11, "covered_by": [1, 1], "device": "41e3", "device_value": 28.375, "dot_first": "41e3", "exp_sum": "41e3", "in_tile": [0, 3], "sequential": "41e4", "tile_origin": [120, 120], "wide": "41e3", "x": 123, "y": 120}], "positions_any_model_differs": 1, "positions_no_model_matches": 0, "seconds": 7.8, "values": 1048576}, {"differ_by_model": {"aligned": 0, "dot_first": 0, "exp_sum": 0, "sequential": 0, "wide": 0}, "isolated": true, "layer": "/body.5/body.5.0/Conv", "output": "/body.5/body.5.1/Relu_output_0_QuantizeLinear_Output", "positions": [], "positions_any_model_differs": 0, "positions_no_model_matches": 0, "seconds": 8.4, "values": 1048576}, {"differ_by_model": {"aligned": 0, "dot_first": 0, "exp_sum": 0, "sequential": 0, "wide": 0}, "isolated": true, "layer": "/body.6/body.6.0/Conv", "output": "/Add_output_0_QuantizeLinear_Output", "positions": [], "positions_any_model_differs": 0, "positions_no_model_matches": 0, "seconds": 7.8, "values": 1048576}, {"differ_by_model": {"aligned": 0, "dot_first": 0, "exp_sum": 0, "sequential": 0, "wide": 0}, "isolated": true, "layer": "/tail/Conv", "output": "/tail/Conv_output_0_QuantizeLinear_Output", "positions": [], "positions_any_model_differs": 0, "positions_no_model_matches": 0, "seconds": 21.3, "values": 786432}]}
BF16_SR_ISOLATED {"label": "woman", "layers": [{"differ_by_model": {"aligned": 0, "dot_first": 0, "exp_sum": 0, "sequential": 0, "wide": 0}, "isolated": true, "layer": "/head/Conv", "output": "/head/Conv_output_0_QuantizeLinear_Output", "positions": [], "positions_any_model_differs": 0, "positions_no_model_matches": 0, "seconds": 10.7, "values": 1048576}, {"differ_by_model": {"aligned": 0, "dot_first": 0, "exp_sum": 0, "sequential": 0, "wide": 0}, "isolated": true, "layer": "/body.0/body.0.0/Conv", "output": "/body.0/body.0.1/Relu_output_0_QuantizeLinear_Output", "positions": [], "positions_any_model_differs": 0, "positions_no_model_matches": 0, "seconds": 7.5, "values": 1048576}, {"differ_by_model": {"aligned": 0, "dot_first": 1, "exp_sum": 0, "sequential": 0, "wide": 1}, "isolated": true, "layer": "/body.1/body.1.0/Conv", "output": "/body.1/body.1.1/Relu_output_0_QuantizeLinear_Output", "positions": [{"acc_exact": 0.05700492858886719, "aligned": "3d6a", "c": 12, "covered_by": [1, 1], "device": "3d6a", "device_value": 0.05712890625, "dot_first": "3d69", "exp_sum": "3d6a", "in_tile": [2, 7], "sequential": "3d6a", "tile_origin": [25, 140], "wide": "3d69", "x": 147, "y": 27}], "positions_any_model_differs": 1, "positions_no_model_matches": 0, "seconds": 7.5, "values": 1048576}, {"differ_by_model": {"aligned": 0, "dot_first": 1, "exp_sum": 0, "sequential": 1, "wide": 1}, "isolated": true, "layer": "/body.2/body.2.0/Conv", "output": "/body.2/body.2.1/Relu_output_0_QuantizeLinear_Output", "positions": [{"acc_exact": 0.00016880035400390625, "aligned": "3930", "c": 8, "covered_by": [1, 1], "device": "3930", "device_value": 0.0001678466796875, "dot_first": "3931", "exp_sum": "3930", "in_tile": [3, 1], "sequential": "3931", "tile_origin": [240, 160], "wide": "3931", "x": 161, "y": 243}], "positions_any_model_differs": 1, "positions_no_model_matches": 0, "seconds": 7.7, "values": 1048576}, {"differ_by_model": {"aligned": 1, "dot_first": 0, "exp_sum": 0, "sequential": 1, "wide": 0}, "isolated": true, "layer": "/body.3/body.3.0/Conv", "output": "/body.3/body.3.1/Relu_output_0_QuantizeLinear_Output", "positions": [{"acc_exact": 0.00023555755615234375, "aligned": "3978", "c": 13, "covered_by": [1, 1], "device": "3977", "device_value": 0.00023555755615234375, "dot_first": "3977", "exp_sum": "3977", "in_tile": [1, 3], "sequential": "3978", "tile_origin": [185, 140], "wide": "3977", "x": 143, "y": 186}], "positions_any_model_differs": 1, "positions_no_model_matches": 0, "seconds": 7.8, "values": 1048576}, {"differ_by_model": {"aligned": 0, "dot_first": 0, "exp_sum": 0, "sequential": 0, "wide": 0}, "isolated": true, "layer": "/body.4/body.4.0/Conv", "output": "/body.4/body.4.1/Relu_output_0_QuantizeLinear_Output", "positions": [], "positions_any_model_differs": 0, "positions_no_model_matches": 0, "seconds": 7.7, "values": 1048576}, {"differ_by_model": {"aligned": 0, "dot_first": 0, "exp_sum": 0, "sequential": 0, "wide": 0}, "isolated": true, "layer": "/body.5/body.5.0/Conv", "output": "/body.5/body.5.1/Relu_output_0_QuantizeLinear_Output", "positions": [], "positions_any_model_differs": 0, "positions_no_model_matches": 0, "seconds": 7.7, "values": 1048576}, {"differ_by_model": {"aligned": 0, "dot_first": 0, "exp_sum": 0, "sequential": 0, "wide": 0}, "isolated": true, "layer": "/body.6/body.6.0/Conv", "output": "/Add_output_0_QuantizeLinear_Output", "positions": [], "positions_any_model_differs": 0, "positions_no_model_matches": 0, "seconds": 7.5, "values": 1048576}, {"differ_by_model": {"aligned": 0, "dot_first": 0, "exp_sum": 0, "sequential": 0, "wide": 0}, "isolated": true, "layer": "/tail/Conv", "output": "/tail/Conv_output_0_QuantizeLinear_Output", "positions": [], "positions_any_model_differs": 0, "positions_no_model_matches": 0, "seconds": 20.8, "values": 786432}]}
BF16_SR_ISOLATED {"label": "seed0", "layers": [{"differ_by_model": {"aligned": 0, "dot_first": 0, "exp_sum": 0, "sequential": 0, "wide": 0}, "isolated": true, "layer": "/head/Conv", "output": "/head/Conv_output_0_QuantizeLinear_Output", "positions": [], "positions_any_model_differs": 0, "positions_no_model_matches": 0, "seconds": 10.8, "values": 1048576}, {"differ_by_model": {"aligned": 0, "dot_first": 0, "exp_sum": 0, "sequential": 0, "wide": 0}, "isolated": true, "layer": "/body.0/body.0.0/Conv", "output": "/body.0/body.0.1/Relu_output_0_QuantizeLinear_Output", "positions": [], "positions_any_model_differs": 0, "positions_no_model_matches": 0, "seconds": 7.5, "values": 1048576}, {"differ_by_model": {"aligned": 0, "dot_first": 0, "exp_sum": 0, "sequential": 0, "wide": 0}, "isolated": true, "layer": "/body.1/body.1.0/Conv", "output": "/body.1/body.1.1/Relu_output_0_QuantizeLinear_Output", "positions": [], "positions_any_model_differs": 0, "positions_no_model_matches": 0, "seconds": 7.5, "values": 1048576}, {"differ_by_model": {"aligned": 0, "dot_first": 0, "exp_sum": 0, "sequential": 0, "wide": 0}, "isolated": true, "layer": "/body.2/body.2.0/Conv", "output": "/body.2/body.2.1/Relu_output_0_QuantizeLinear_Output", "positions": [], "positions_any_model_differs": 0, "positions_no_model_matches": 0, "seconds": 7.6, "values": 1048576}, {"differ_by_model": {"aligned": 0, "dot_first": 0, "exp_sum": 0, "sequential": 0, "wide": 0}, "isolated": true, "layer": "/body.3/body.3.0/Conv", "output": "/body.3/body.3.1/Relu_output_0_QuantizeLinear_Output", "positions": [], "positions_any_model_differs": 0, "positions_no_model_matches": 0, "seconds": 7.8, "values": 1048576}, {"differ_by_model": {"aligned": 0, "dot_first": 1, "exp_sum": 0, "sequential": 0, "wide": 1}, "isolated": true, "layer": "/body.4/body.4.0/Conv", "output": "/body.4/body.4.1/Relu_output_0_QuantizeLinear_Output", "positions": [{"acc_exact": 0.8496017456054688, "aligned": "3f5a", "c": 7, "covered_by": [1, 1], "device": "3f5a", "device_value": 0.8515625, "dot_first": "3f59", "exp_sum": "3f5a", "in_tile": [2, 8], "sequential": "3f5a", "tile_origin": [245, 140], "wide": "3f59", "x": 148, "y": 247}], "positions_any_model_differs": 1, "positions_no_model_matches": 0, "seconds": 7.7, "values": 1048576}, {"differ_by_model": {"aligned": 0, "dot_first": 0, "exp_sum": 0, "sequential": 0, "wide": 0}, "isolated": true, "layer": "/body.5/body.5.0/Conv", "output": "/body.5/body.5.1/Relu_output_0_QuantizeLinear_Output", "positions": [], "positions_any_model_differs": 0, "positions_no_model_matches": 0, "seconds": 7.7, "values": 1048576}, {"differ_by_model": {"aligned": 0, "dot_first": 0, "exp_sum": 0, "sequential": 0, "wide": 0}, "isolated": true, "layer": "/body.6/body.6.0/Conv", "output": "/Add_output_0_QuantizeLinear_Output", "positions": [], "positions_any_model_differs": 0, "positions_no_model_matches": 0, "seconds": 7.8, "values": 1048576}, {"differ_by_model": {"aligned": 0, "dot_first": 0, "exp_sum": 0, "sequential": 0, "wide": 0}, "isolated": true, "layer": "/tail/Conv", "output": "/tail/Conv_output_0_QuantizeLinear_Output", "positions": [], "positions_any_model_differs": 0, "positions_no_model_matches": 0, "seconds": 20.9, "values": 786432}]}
BF16_SR_RESULT {"device_equals_emulator": false, "device_idle_after": true, "exact_inputs": 6, "from_dump": null, "host": {"frames": 7, "frames_egress_equal_numpy": 7, "frames_on_the_asked_path": 7, "frames_staged_npu_sesr_preprocess": 6, "image_frames": 6, "quality_host_paths": null, "quality_tiles": null, "quality_tiles_identical": null, "timed_arms_on_their_path": true}, "host_ok": true, "isolated_differ_by_model": {"/body.0/body.0.0/Conv": {"aligned": 0, "dot_first": 0, "exp_sum": 0, "sequential": 0, "wide": 0}, "/body.1/body.1.0/Conv": {"aligned": 2, "dot_first": 3, "exp_sum": 0, "sequential": 4, "wide": 5}, "/body.2/body.2.0/Conv": {"aligned": 0, "dot_first": 3, "exp_sum": 0, "sequential": 4, "wide": 2}, "/body.3/body.3.0/Conv": {"aligned": 1, "dot_first": 0, "exp_sum": 0, "sequential": 1, "wide": 0}, "/body.4/body.4.0/Conv": {"aligned": 0, "dot_first": 1, "exp_sum": 0, "sequential": 1, "wide": 1}, "/body.5/body.5.0/Conv": {"aligned": 0, "dot_first": 0, "exp_sum": 0, "sequential": 0, "wide": 0}, "/body.6/body.6.0/Conv": {"aligned": 0, "dot_first": 0, "exp_sum": 0, "sequential": 0, "wide": 0}, "/head/Conv": {"aligned": 0, "dot_first": 0, "exp_sum": 0, "sequential": 0, "wide": 0}, "/tail/Conv": {"aligned": 0, "dot_first": 0, "exp_sum": 0, "sequential": 0, "wide": 0}}, "repeat_frames": 1, "resident_values_compared": 56229888, "tail_values_compared": 6291456, "worst_vs_oracle": {"differ": 58, "finite": true, "max_abs": 0.5, "max_abs_peak_ulps": 0.5, "max_ulp": 104, "n": 786432, "peak": 136.0, "rel_l2": 1.594379543119743e-05, "zero_sign_only": 0}}
POST_NPU_CONTEXT_WITNESS "\n-----------------------------\n[003d:00:01.1] : NPU Phoenix\n-----------------------------\nAIE Partitions\n  No hardware contexts running on device\n\n"
RESEARCH_PROCESS_RESULT {"exit_code": 1, "stop": null, "peak_tree_rss_bytes": 438145024, "rss_measurement": "maximum observed across sampled descendant working sets; zero observations reported as null", "elapsed_seconds": 677.484999999986, "foreign_contention_observed": false, "timing_eligible": false}
