RESEARCH_PLATFORM {"machine": "Desktop 2", "cpu": "AMD Ryzen 7 8700G w/ Radeon 780M Graphics", "os": "Windows-11-10.0.26200-SP0", "ram_bytes": 33381138432, "source_sha256": {"tools/research_process.py": "ffeb1857f190b482eed101b5f5a928f455de26bfa61d23f78a2eacec08e2663e", "tools/quant_calib_alphabet.py": "2dc0b2878c564853f340880209a425dfcf63b8536b2b8e9fd32344daade58d37", "tools/xint8_arithmetic_probe.py": "6aa3df08b9870c3c2264b868459d7ffbac3070dddc1349d7c6f3f480075f7041", "scripts/research-lowlevel.sh": "3455ad7933697936487712665505c216891865c6deada647302785f6e37020bd", "scripts/research-iron.sh": "4c863a262646ddab39b5005006ba8e03809895e6386c6310e2fd9d0a9e9609ee", "kernels/memory_placement/probe.py": "e8d990169ad6091fa1b53852e9f61eff495b5def72d35165a5c5cf1759e38898", "kernels/memory_placement/memory_kernels.cc": "182e7af7071a1e851afb4a7ca266069c489aea1fbaaa85eca129708daeba5ba6", "scripts/research-matrix.sh": "739254171629deae822b0ad7dabc875aee19ace56dde77d3e8aab61663f97516", "kernels/memory_placement/gemm.py": "17c905ad66110d3346bbf0db898dfc6b780df59fae1dfb0c1747057ce1e5844e", "kernels/memory_placement/gemm_placement.cc": "f21acf7250b12914ea30cc1f77613239dfa18421a85a1b9a5199017dd916278a", "tools/research_summary.py": "0c00dcceef07053d06731b41a1f1ed58d3ba4ea09f82497de354ce9cef17da20", "tools/research_toolchain.py": "f0a126a24ae213acfaa43460cfd9def0c86d9cb70cfee0228aa271688467b314"}, "commit": "eab30b5398cf25c2a179226fa5c76cfe03ce2dde", "command": ["bash", "scripts/research-iron.sh", "tools/bf16_sr_silicon_check.py", "--container", "build/sesr_m7_adaround_bf16_noreuse.ignite", "--qdq", "models/sesr_m7_xint8_adaround.onnx", "--fp32", "models/sesr_m7_fp32.onnx", "--no-timing", "--no-quality", "--isolate", "none", "--mac-model", "exp_sum", "--from-dump", "scratch/bf16_sr_dump_sesr_m7_adaround_noreuse_20260923"], "seconds_limit": 1800.0, "rss_gib_limit": 8, "checks_only": true, "free_ram_bytes": 19332939776}
BF16_SR_SETUP {"bf16": {"egress_bytes": 1572864, "elem": "bf16", "engine": "conv_engine_bf16_v1", "insts_sha256": "da89e12959ffd58d", "kernel_object_sha256": "67d1050f6809f390", "path": "build/sesr_m7_adaround_bf16_noreuse.ignite", "sha256": "08976c690544a533", "source_model_sha256": "b67905b22e6e11aa", "task": "super_resolution", "workspace_bytes": 20252352, "wpackets_sha256": "98b891adfeea9207", "xclbin_sha256": "0c790d9646961afd"}, "bf16_hosts": ["native", "numpy"], "cv2": "5.0.0", "datasets": ["Set5", "Set14"], "fp32": {"path": "sesr_m7_fp32.onnx", "sha256": "816b87272c9b54a8"}, "frames": 300, "from_dump": "scratch/bf16_sr_dump_sesr_m7_adaround_noreuse_20260923", "host": "DESKTOP-CBL5NUA", "images": ["baby.png", "bird.png", "butterfly.png", "head.png", "woman.png"], "int8": null, "isolate": "none", "mac_model": "exp_sum", "native_library": {"bf16_egress": true, "bf16_ingress": true, "loaded": true}, "npu_power_mode": null, "numpy": "2.5.3", "onnxruntime": "1.30.0", "provenance": {"src/ignite_xdna/compiler/engine_bf16_emulator.py": "a37a8b25b958a4f0", "src/ignite_xdna/compiler/engine_schedule_bf16.py": "3a45d7bb4eeda61e", "src/ignite_xdna/compiler/graph_ir.py": "82954487a0dc6e90", "src/ignite_xdna/compiler/graph_reference_bf16.py": "7dec197ba5f0e555", "src/ignite_xdna/pipelines/preprocess.py": "393c03c28f6a9dae", "src/ignite_xdna/pipelines/preprocess_simd.dll": "a3e5836080beacce", "src/ignite_xdna/runtime/graph_session.py": "14d9bfb9df31800f", "tools/bf16_sr_silicon_check.py": "74db7cbd2856b78a", "tools/w8a16_oracle.py": "872cd9e8cd0a4b23"}, "qdq": {"path": "sesr_m7_xint8_adaround.onnx", "sha256": "b67905b22e6e11aa"}, "rounds": 2, "seeds": [0], "warmup": 30, "xrt": null}
BF16_SR_FROM_DUMP {"container_sha256": "08976c690544a533", "dir": "scratch/bf16_sr_dump_sesr_m7_adaround_noreuse_20260923", "frames": ["baby", "bird", "butterfly", "head", "woman", "seed0", "baby_again"], "qdq_sha256": "b67905b22e6e11aa"}
HOST_TIMELINE {"elapsed_seconds": 4.704, "tree_rss_bytes": 292528128, "foreign_peers": []}
HOST_TIMELINE {"elapsed_seconds": 9.438, "tree_rss_bytes": 300924928, "foreign_peers": []}
HOST_TIMELINE {"elapsed_seconds": 14.266, "tree_rss_bytes": 307728384, "foreign_peers": []}
HOST_TIMELINE {"elapsed_seconds": 18.735, "tree_rss_bytes": 313847808, "foreign_peers": []}
HOST_TIMELINE {"elapsed_seconds": 23.282, "tree_rss_bytes": 320733184, "foreign_peers": []}
HOST_TIMELINE {"elapsed_seconds": 27.407, "tree_rss_bytes": 326447104, "foreign_peers": []}
HOST_TIMELINE {"elapsed_seconds": 31.547, "tree_rss_bytes": 329125888, "foreign_peers": []}
HOST_TIMELINE {"elapsed_seconds": 35.579, "tree_rss_bytes": 371146752, "foreign_peers": []}
HOST_TIMELINE {"elapsed_seconds": 39.625, "tree_rss_bytes": 378720256, "foreign_peers": []}
HOST_TIMELINE {"elapsed_seconds": 43.766, "tree_rss_bytes": 385413120, "foreign_peers": []}
HOST_TIMELINE {"elapsed_seconds": 47.938, "tree_rss_bytes": 391016448, "foreign_peers": []}
HOST_TIMELINE {"elapsed_seconds": 52.063, "tree_rss_bytes": 397520896, "foreign_peers": []}
HOST_TIMELINE {"elapsed_seconds": 56.235, "tree_rss_bytes": 403337216, "foreign_peers": []}
HOST_TIMELINE {"elapsed_seconds": 60.407, "tree_rss_bytes": 407965696, "foreign_peers": []}
HOST_TIMELINE {"elapsed_seconds": 64.579, "tree_rss_bytes": 410124288, "foreign_peers": []}
HOST_TIMELINE {"elapsed_seconds": 68.719, "tree_rss_bytes": 390201344, "foreign_peers": []}
HOST_TIMELINE {"elapsed_seconds": 72.735, "tree_rss_bytes": 398024704, "foreign_peers": []}
HOST_TIMELINE {"elapsed_seconds": 76.829, "tree_rss_bytes": 403795968, "foreign_peers": []}
HOST_TIMELINE {"elapsed_seconds": 80.86, "tree_rss_bytes": 408850432, "foreign_peers": []}
HOST_TIMELINE {"elapsed_seconds": 84.954, "tree_rss_bytes": 416194560, "foreign_peers": []}
HOST_TIMELINE {"elapsed_seconds": 89.047, "tree_rss_bytes": 420790272, "foreign_peers": []}
HOST_TIMELINE {"elapsed_seconds": 93.235, "tree_rss_bytes": 425578496, "foreign_peers": []}
HOST_TIMELINE {"elapsed_seconds": 97.36, "tree_rss_bytes": 428331008, "foreign_peers": []}
HOST_TIMELINE {"elapsed_seconds": 101.547, "tree_rss_bytes": 392040448, "foreign_peers": []}
HOST_TIMELINE {"elapsed_seconds": 105.766, "tree_rss_bytes": 401092608, "foreign_peers": []}
HOST_TIMELINE {"elapsed_seconds": 110.157, "tree_rss_bytes": 406794240, "foreign_peers": []}
HOST_TIMELINE {"elapsed_seconds": 114.532, "tree_rss_bytes": 412798976, "foreign_peers": []}
HOST_TIMELINE {"elapsed_seconds": 119.032, "tree_rss_bytes": 418320384, "foreign_peers": []}
HOST_TIMELINE {"elapsed_seconds": 123.438, "tree_rss_bytes": 425717760, "foreign_peers": []}
HOST_TIMELINE {"elapsed_seconds": 127.75, "tree_rss_bytes": 428326912, "foreign_peers": []}
HOST_TIMELINE {"elapsed_seconds": 131.907, "tree_rss_bytes": 430555136, "foreign_peers": []}
HOST_TIMELINE {"elapsed_seconds": 136.016, "tree_rss_bytes": 393867264, "foreign_peers": []}
HOST_TIMELINE {"elapsed_seconds": 140.063, "tree_rss_bytes": 402018304, "foreign_peers": []}
HOST_TIMELINE {"elapsed_seconds": 144.125, "tree_rss_bytes": 408596480, "foreign_peers": []}
HOST_TIMELINE {"elapsed_seconds": 148.188, "tree_rss_bytes": 414978048, "foreign_peers": []}
HOST_TIMELINE {"elapsed_seconds": 152.344, "tree_rss_bytes": 419672064, "foreign_peers": []}
HOST_TIMELINE {"elapsed_seconds": 156.454, "tree_rss_bytes": 425967616, "foreign_peers": []}
HOST_TIMELINE {"elapsed_seconds": 160.563, "tree_rss_bytes": 429232128, "foreign_peers": []}
HOST_TIMELINE {"elapsed_seconds": 164.5, "tree_rss_bytes": 431460352, "foreign_peers": []}
HOST_TIMELINE {"elapsed_seconds": 168.625, "tree_rss_bytes": 395563008, "foreign_peers": []}
HOST_TIMELINE {"elapsed_seconds": 172.704, "tree_rss_bytes": 404434944, "foreign_peers": []}
HOST_TIMELINE {"elapsed_seconds": 176.719, "tree_rss_bytes": 411123712, "foreign_peers": []}
HOST_TIMELINE {"elapsed_seconds": 180.657, "tree_rss_bytes": 416153600, "foreign_peers": []}
HOST_TIMELINE {"elapsed_seconds": 184.61, "tree_rss_bytes": 423325696, "foreign_peers": []}
HOST_TIMELINE {"elapsed_seconds": 188.672, "tree_rss_bytes": 427827200, "foreign_peers": []}
HOST_TIMELINE {"elapsed_seconds": 192.735, "tree_rss_bytes": 431374336, "foreign_peers": []}
HOST_TIMELINE {"elapsed_seconds": 196.75, "tree_rss_bytes": 432816128, "foreign_peers": []}
BF16_SR_EXACT {"dispatch_ms": 6.906, "emulator_s": 33.1, "exact": true, "host": {"egress_path": "native", "native_egress_equals_numpy": true, "stage_path": "native", "staged_is_npu_sesr_preprocess": true}, "input_region_intact": true, "label": "baby", "nonfinite_tail": 0, "resident_tensors": {"compared": 10, "differ": 0, "per_tensor_differ": {"/Add_output_0_QuantizeLinear_Output": 0, "/body.0/body.0.1/Relu_output_0_QuantizeLinear_Output": 0, "/body.1/body.1.1/Relu_output_0_QuantizeLinear_Output": 0, "/body.2/body.2.1/Relu_output_0_QuantizeLinear_Output": 0, "/body.3/body.3.1/Relu_output_0_QuantizeLinear_Output": 0, "/body.4/body.4.1/Relu_output_0_QuantizeLinear_Output": 0, "/body.5/body.5.1/Relu_output_0_QuantizeLinear_Output": 0, "/head/Conv_output_0_QuantizeLinear_Output": 0, "/tail/Conv_output_0_QuantizeLinear_Output": 0, "input_QuantizeLinear_Output": 0}, "values": 9371648, "where": {}}, "staged_is_the_compilers_plane": true, "tail": {"differ": 0, "differ_padding_lanes": 0, "lanes": 16, "max_ulp": 0, "values": 1048576, "zero_sign_only": 0}, "vs_oracle": {"differ": 17, "finite": true, "max_abs": 0.5, "max_abs_peak_ulps": 0.5, "max_ulp": 1, "n": 786432, "peak": 131.0, "rel_l2": 1.7986921331311675e-05, "zero_sign_only": 0}}
BF16_SR_EXACT {"dispatch_ms": 5.127, "emulator_s": 32.2, "exact": true, "host": {"egress_path": "native", "native_egress_equals_numpy": true, "stage_path": "native", "staged_is_npu_sesr_preprocess": true}, "input_region_intact": true, "label": "bird", "nonfinite_tail": 0, "resident_tensors": {"compared": 10, "differ": 0, "per_tensor_differ": {"/Add_output_0_QuantizeLinear_Output": 0, "/body.0/body.0.1/Relu_output_0_QuantizeLinear_Output": 0, "/body.1/body.1.1/Relu_output_0_QuantizeLinear_Output": 0, "/body.2/body.2.1/Relu_output_0_QuantizeLinear_Output": 0, "/body.3/body.3.1/Relu_output_0_QuantizeLinear_Output": 0, "/body.4/body.4.1/Relu_output_0_QuantizeLinear_Output": 0, "/body.5/body.5.1/Relu_output_0_QuantizeLinear_Output": 0, "/head/Conv_output_0_QuantizeLinear_Output": 0, "/tail/Conv_output_0_QuantizeLinear_Output": 0, "input_QuantizeLinear_Output": 0}, "values": 9371648, "where": {}}, "staged_is_the_compilers_plane": true, "tail": {"differ": 0, "differ_padding_lanes": 0, "lanes": 16, "max_ulp": 0, "values": 1048576, "zero_sign_only": 0}, "vs_oracle": {"differ": 118, "finite": true, "max_abs": 0.5, "max_abs_peak_ulps": 0.5, "max_ulp": 31, "n": 786432, "peak": 132.0, "rel_l2": 1.547585288248247e-05, "zero_sign_only": 0}}
BF16_SR_EXACT {"dispatch_ms": 5.132, "emulator_s": 32.4, "exact": true, "host": {"egress_path": "native", "native_egress_equals_numpy": true, "stage_path": "native", "staged_is_npu_sesr_preprocess": true}, "input_region_intact": true, "label": "butterfly", "nonfinite_tail": 0, "resident_tensors": {"compared": 10, "differ": 0, "per_tensor_differ": {"/Add_output_0_QuantizeLinear_Output": 0, "/body.0/body.0.1/Relu_output_0_QuantizeLinear_Output": 0, "/body.1/body.1.1/Relu_output_0_QuantizeLinear_Output": 0, "/body.2/body.2.1/Relu_output_0_QuantizeLinear_Output": 0, "/body.3/body.3.1/Relu_output_0_QuantizeLinear_Output": 0, "/body.4/body.4.1/Relu_output_0_QuantizeLinear_Output": 0, "/body.5/body.5.1/Relu_output_0_QuantizeLinear_Output": 0, "/head/Conv_output_0_QuantizeLinear_Output": 0, "/tail/Conv_output_0_QuantizeLinear_Output": 0, "input_QuantizeLinear_Output": 0}, "values": 9371648, "where": {}}, "staged_is_the_compilers_plane": true, "tail": {"differ": 0, "differ_padding_lanes": 0, "lanes": 16, "max_ulp": 0, "values": 1048576, "zero_sign_only": 0}, "vs_oracle": {"differ": 11, "finite": true, "max_abs": 0.5, "max_abs_peak_ulps": 1.0, "max_ulp": 1, "n": 786432, "peak": 116.5, "rel_l2": 1.798406170943759e-05, "zero_sign_only": 0}}
BF16_SR_EXACT {"dispatch_ms": 5.154, "emulator_s": 33.4, "exact": true, "host": {"egress_path": "native", "native_egress_equals_numpy": true, "stage_path": "native", "staged_is_npu_sesr_preprocess": true}, "input_region_intact": true, "label": "head", "nonfinite_tail": 0, "resident_tensors": {"compared": 10, "differ": 0, "per_tensor_differ": {"/Add_output_0_QuantizeLinear_Output": 0, "/body.0/body.0.1/Relu_output_0_QuantizeLinear_Output": 0, "/body.1/body.1.1/Relu_output_0_QuantizeLinear_Output": 0, "/body.2/body.2.1/Relu_output_0_QuantizeLinear_Output": 0, "/body.3/body.3.1/Relu_output_0_QuantizeLinear_Output": 0, "/body.4/body.4.1/Relu_output_0_QuantizeLinear_Output": 0, "/body.5/body.5.1/Relu_output_0_QuantizeLinear_Output": 0, "/head/Conv_output_0_QuantizeLinear_Output": 0, "/tail/Conv_output_0_QuantizeLinear_Output": 0, "input_QuantizeLinear_Output": 0}, "values": 9371648, "where": {}}, "staged_is_the_compilers_plane": true, "tail": {"differ": 0, "differ_padding_lanes": 0, "lanes": 16, "max_ulp": 0, "values": 1048576, "zero_sign_only": 0}, "vs_oracle": {"differ": 7, "finite": true, "max_abs": 0.5, "max_abs_peak_ulps": 0.5, "max_ulp": 1, "n": 786432, "peak": 130.0, "rel_l2": 1.7478488398156242e-05, "zero_sign_only": 0}}
BF16_SR_EXACT {"dispatch_ms": 5.134, "emulator_s": 32.3, "exact": true, "host": {"egress_path": "native", "native_egress_equals_numpy": true, "stage_path": "native", "staged_is_npu_sesr_preprocess": true}, "input_region_intact": true, "label": "woman", "nonfinite_tail": 0, "resident_tensors": {"compared": 10, "differ": 0, "per_tensor_differ": {"/Add_output_0_QuantizeLinear_Output": 0, "/body.0/body.0.1/Relu_output_0_QuantizeLinear_Output": 0, "/body.1/body.1.1/Relu_output_0_QuantizeLinear_Output": 0, "/body.2/body.2.1/Relu_output_0_QuantizeLinear_Output": 0, "/body.3/body.3.1/Relu_output_0_QuantizeLinear_Output": 0, "/body.4/body.4.1/Relu_output_0_QuantizeLinear_Output": 0, "/body.5/body.5.1/Relu_output_0_QuantizeLinear_Output": 0, "/head/Conv_output_0_QuantizeLinear_Output": 0, "/tail/Conv_output_0_QuantizeLinear_Output": 0, "input_QuantizeLinear_Output": 0}, "values": 9371648, "where": {}}, "staged_is_the_compilers_plane": true, "tail": {"differ": 0, "differ_padding_lanes": 0, "lanes": 16, "max_ulp": 0, "values": 1048576, "zero_sign_only": 0}, "vs_oracle": {"differ": 3, "finite": true, "max_abs": 0.25, "max_abs_peak_ulps": 0.25, "max_ulp": 1, "n": 786432, "peak": 135.0, "rel_l2": 5.4014945882137235e-06, "zero_sign_only": 0}}
BF16_SR_EXACT {"dispatch_ms": 5.099, "emulator_s": 31.4, "exact": true, "host": {"egress_path": "native", "native_egress_equals_numpy": true}, "input_region_intact": true, "label": "seed0", "nonfinite_tail": 0, "resident_tensors": {"compared": 10, "differ": 0, "per_tensor_differ": {"/Add_output_0_QuantizeLinear_Output": 0, "/body.0/body.0.1/Relu_output_0_QuantizeLinear_Output": 0, "/body.1/body.1.1/Relu_output_0_QuantizeLinear_Output": 0, "/body.2/body.2.1/Relu_output_0_QuantizeLinear_Output": 0, "/body.3/body.3.1/Relu_output_0_QuantizeLinear_Output": 0, "/body.4/body.4.1/Relu_output_0_QuantizeLinear_Output": 0, "/body.5/body.5.1/Relu_output_0_QuantizeLinear_Output": 0, "/head/Conv_output_0_QuantizeLinear_Output": 0, "/tail/Conv_output_0_QuantizeLinear_Output": 0, "input_QuantizeLinear_Output": 0}, "values": 9371648, "where": {}}, "staged_is_the_compilers_plane": true, "tail": {"differ": 0, "differ_padding_lanes": 0, "lanes": 16, "max_ulp": 0, "values": 1048576, "zero_sign_only": 0}, "vs_oracle": {"differ": 90, "finite": true, "max_abs": 1.0, "max_abs_peak_ulps": 0.5, "max_ulp": 19, "n": 786432, "peak": 318.0, "rel_l2": 3.4380892436728e-05, "zero_sign_only": 0}}
BF16_SR_EXACT {"dispatch_ms": 5.179, "host": {"egress_path": "native", "native_egress_equals_numpy": true, "stage_path": "native", "staged_is_npu_sesr_preprocess": true}, "input_region_intact": true, "label": "baby_again", "nonfinite_tail": 0, "repeat_of": "baby", "repeat_tail_identical": true, "repeat_tensors_identical": true, "staged_is_the_compilers_plane": true}
BF16_SR_RESULT {"device_equals_emulator": true, "device_idle_after": null, "exact_inputs": 6, "from_dump": "scratch/bf16_sr_dump_sesr_m7_adaround_noreuse_20260923", "host": {"frames": 7, "frames_egress_equal_numpy": 7, "frames_on_the_asked_path": 7, "frames_staged_npu_sesr_preprocess": 6, "image_frames": 6, "quality_host_paths": null, "quality_tiles": null, "quality_tiles_identical": null, "timed_arms_on_their_path": true}, "host_ok": true, "isolated_differ_by_model": null, "repeat_frames": 1, "resident_values_compared": 56229888, "tail_values_compared": 6291456, "worst_vs_oracle": {"differ": 118, "finite": true, "max_abs": 0.5, "max_abs_peak_ulps": 0.5, "max_ulp": 31, "n": 786432, "peak": 132.0, "rel_l2": 1.547585288248247e-05, "zero_sign_only": 0}}
RESEARCH_PROCESS_RESULT {"exit_code": 0, "stop": null, "peak_tree_rss_bytes": 432816128, "rss_measurement": "maximum observed across sampled descendant working sets; zero observations reported as null", "elapsed_seconds": 198.68800000008196, "foreign_contention_observed": false, "timing_eligible": false}
