RESEARCH_PLATFORM {"machine": "Desktop 2", "cpu": "AMD Ryzen 7 8700G w/ Radeon 780M Graphics", "os": "Windows-11-10.0.26200-SP0", "ram_bytes": 33381138432, "source_sha256": {"tools/research_process.py": "ffeb1857f190b482eed101b5f5a928f455de26bfa61d23f78a2eacec08e2663e", "tools/quant_calib_alphabet.py": "2dc0b2878c564853f340880209a425dfcf63b8536b2b8e9fd32344daade58d37", "tools/xint8_arithmetic_probe.py": "6aa3df08b9870c3c2264b868459d7ffbac3070dddc1349d7c6f3f480075f7041", "scripts/research-lowlevel.sh": "3455ad7933697936487712665505c216891865c6deada647302785f6e37020bd", "scripts/research-iron.sh": "4c863a262646ddab39b5005006ba8e03809895e6386c6310e2fd9d0a9e9609ee", "kernels/memory_placement/probe.py": "e8d990169ad6091fa1b53852e9f61eff495b5def72d35165a5c5cf1759e38898", "kernels/memory_placement/memory_kernels.cc": "182e7af7071a1e851afb4a7ca266069c489aea1fbaaa85eca129708daeba5ba6", "scripts/research-matrix.sh": "739254171629deae822b0ad7dabc875aee19ace56dde77d3e8aab61663f97516", "kernels/memory_placement/gemm.py": "17c905ad66110d3346bbf0db898dfc6b780df59fae1dfb0c1747057ce1e5844e", "kernels/memory_placement/gemm_placement.cc": "f21acf7250b12914ea30cc1f77613239dfa18421a85a1b9a5199017dd916278a", "tools/research_summary.py": "0c00dcceef07053d06731b41a1f1ed58d3ba4ea09f82497de354ce9cef17da20", "tools/research_toolchain.py": "f0a126a24ae213acfaa43460cfd9def0c86d9cb70cfee0228aa271688467b314"}, "commit": "ed7ebc424b2bacd6541f4a28b3f354226b458647", "command": ["bash", "scripts/research-iron.sh", "tools/bf16_sr_silicon_check.py", "--container", "build/sesr_m7_adaround_bf16.ignite", "--int8-container", "build/sesr_m7_adaround.ignite", "--qdq", "models/sesr_m7_xint8_adaround.onnx", "--fp32", "models/sesr_m7_fp32.onnx"], "seconds_limit": 2400.0, "rss_gib_limit": 8, "checks_only": false, "free_ram_bytes": 16577196032}
HOST_LOAD busy_cores=0.29 logical_cores=16 free_ram_gb=15.3 sample_sec=1
HOST_LOAD_TOP 0.08 powershell:50856 ws_mb=82
HOST_LOAD_TOP 0.06 dev-agent:62812 ws_mb=402
HOST_LOAD_TOP 0.06 dev-agent:54316 ws_mb=534
HOST_LOAD_TOP 0.03 dev-agent:8004 ws_mb=136
HOST_LOAD_TOP 0.02 dev-agent:41448 ws_mb=485
HOST_LOAD_VERDICT CLEAR

PRE_NPU_CONTEXT_WITNESS "\n-----------------------------\n[003d:00:01.1] : NPU Phoenix\n-----------------------------\nAIE Partitions\n  No hardware contexts running on device\n\n"
BF16_SR_SETUP {"bf16": {"egress_bytes": 1572864, "elem": "bf16", "engine": "conv_engine_bf16_v1", "insts_sha256": "e4f175d613e8c6df", "kernel_object_sha256": "67d1050f6809f390", "path": "build/sesr_m7_adaround_bf16.ignite", "sha256": "999ee84e4af9ce1f", "source_model_sha256": "b67905b22e6e11aa", "task": "super_resolution", "workspace_bytes": 11732160, "wpackets_sha256": "98b891adfeea9207", "xclbin_sha256": "404f473ef1b6b6df"}, "bf16_hosts": ["native", "numpy"], "cv2": "5.0.0", "datasets": ["Set5", "Set14"], "fp32": {"path": "sesr_m7_fp32.onnx", "sha256": "816b87272c9b54a8"}, "frames": 300, "host": "DESKTOP-CBL5NUA", "images": ["baby.png", "bird.png", "butterfly.png", "head.png", "woman.png"], "int8": {"egress_bytes": 786432, "elem": "int", "engine": "conv_engine_v1", "insts_sha256": "ca97eb62326cb34e", "kernel_object_sha256": "08de69197dda72f1", "path": "build/sesr_m7_adaround.ignite", "sha256": "e50de324caa0e52b", "source_model_sha256": "b67905b22e6e11aa", "task": "super_resolution", "workspace_bytes": 11191360, "wpackets_sha256": "515e750d9874862e", "xclbin_sha256": "585a10117102aa3d"}, "mac_model": "aligned", "native_library": {"bf16_egress": true, "bf16_ingress": true, "loaded": true}, "npu_power_mode": "default", "numpy": "2.5.3", "onnxruntime": "1.30.0", "provenance": {"src/ignite_xdna/compiler/engine_bf16_emulator.py": "9f4fe7c72fdb1b67", "src/ignite_xdna/compiler/engine_schedule_bf16.py": "3a45d7bb4eeda61e", "src/ignite_xdna/compiler/graph_ir.py": "82954487a0dc6e90", "src/ignite_xdna/compiler/graph_reference_bf16.py": "7dec197ba5f0e555", "src/ignite_xdna/pipelines/preprocess.py": "55460d18375b7bf1", "src/ignite_xdna/pipelines/preprocess_simd.dll": "a3e5836080beacce", "src/ignite_xdna/runtime/graph_session.py": "14d9bfb9df31800f", "tools/bf16_sr_silicon_check.py": "9f31374c1c21d6ea", "tools/w8a16_oracle.py": "872cd9e8cd0a4b23"}, "qdq": {"path": "sesr_m7_xint8_adaround.onnx", "sha256": "b67905b22e6e11aa"}, "rounds": 2, "seeds": [0], "warmup": 30, "xrt": {"device": "NPU Phoenix", "npu_driver": "32.0.20101.3760", "npu_firmware": "1.5.5.391", "xrt_version": "2.21.0"}}
BF16_SR_WITNESS {"idle": true, "rc": 0, "report": ["[003d:00:01.1] : NPU Phoenix", "AIE Partitions", "No hardware contexts running on device"], "when": "start"}
BF16_SR_DEVICE_FRAMES {"dispatch_ms": [6.701, 5.199, 5.193, 5.596, 5.541, 5.156, 5.211], "frames": ["baby", "bird", "butterfly", "head", "woman", "seed0", "baby_again"]}
NPU_TIMELINE "\n-----------------------------\n[003d:00:01.1] : NPU Phoenix\n-----------------------------\nAIE Partitions\n  Total Memory Usage: 74 MB\n  Partition Index   : 0\n    Columns: [1, 2, 3, 4]\n    HW Contexts:\n      |PID                 |Ctx ID     |Submissions |Migrations  |Err  |Priority |\n      |Process Name        |Status     |Completions |Suspensions |     |GOPS     |\n      |Memory Usage        |Instr BO   |            |            |     |FPS      |\n      |                    |           |            |            |     |Latency  |\n      |====================|===========|============|============|=====|=========|\n      |65180               |30         |130         |0           |0    |Normal   |\n      |python.exe          |Active     |129         |0           |     |N/A      |\n      |74 MB               |384 KB     |            |            |     |N/A      |\n      |                    |           |            |            |     |N/A      |\n      |--------------------|-----------|------------|------------|-----|---------|\n"
NPU_OWNERSHIP {"context_pids": [65180], "owned_pids": [12276, 48736, 65180, 66208, 67512], "foreign_pids": []}
BF16_SR_TIMING {"arm": "int8_npu", "dispatch_ms": {"max": 4.5242, "mean": 4.0552, "min": 3.9807, "p50": 4.0476, "p99": 4.2461}, "frames": 300, "postprocess_ms": {"max": 1.2747, "mean": 0.3314, "min": 0.2113, "p50": 0.3585, "p99": 0.5143}, "readback_ms": {"max": 0.0429, "mean": 0.0231, "min": 0.0134, "p50": 0.0227, "p99": 0.0373}, "round": 0, "span": "one 256x256 tile", "stage_ms": {"max": 0.9017, "mean": 0.1038, "min": 0.0517, "p50": 0.0966, "p99": 0.2256}, "tile_total_ms": {"max": 5.7853, "mean": 4.5135, "min": 4.3018, "p50": 4.5129, "p99": 5.1879}, "warmup": 30}
HOST_TIMELINE {"elapsed_seconds": 4.156, "tree_rss_bytes": 441548800, "foreign_peers": []}
BF16_SR_TIMING {"arm": "bf16_npu_native_host", "dispatch_ms": {"max": 5.8696, "mean": 5.1857, "min": 5.0135, "p50": 5.1282, "p99": 5.7264}, "frames": 300, "host_paths": ["native/native"], "postprocess_ms": {"max": 1.6804, "mean": 0.8274, "min": 0.5327, "p50": 0.8699, "p99": 1.4429}, "readback_ms": {"max": 0.1182, "mean": 0.0399, "min": 0.0247, "p50": 0.0392, "p99": 0.0676}, "round": 0, "span": "one 256x256 tile", "stage_ms": {"max": 0.2022, "mean": 0.1111, "min": 0.0808, "p50": 0.1034, "p99": 0.1817}, "tile_total_ms": {"max": 7.3436, "mean": 6.164, "min": 5.7076, "p50": 6.1442, "p99": 6.9361}, "warmup": 30}
NPU_TIMELINE "\n-----------------------------\n[003d:00:01.1] : NPU Phoenix\n-----------------------------\nAIE Partitions\n  Total Memory Usage: 75 MB\n  Partition Index   : 0\n    Columns: [1, 2, 3, 4]\n    HW Contexts:\n      |PID                 |Ctx ID     |Submissions |Migrations  |Err  |Priority |\n      |Process Name        |Status     |Completions |Suspensions |     |GOPS     |\n      |Memory Usage        |Instr BO   |            |            |     |FPS      |\n      |                    |           |            |            |     |Latency  |\n      |====================|===========|============|============|=====|=========|\n      |65180               |32         |163         |0           |0    |Normal   |\n      |python.exe          |Active     |163         |0           |     |N/A      |\n      |75 MB               |320 KB     |            |            |     |N/A      |\n      |                    |           |            |            |     |N/A      |\n      |--------------------|-----------|------------|------------|-----|---------|\n"
NPU_OWNERSHIP {"context_pids": [65180], "owned_pids": [12276, 48736, 65180, 66208, 67512], "foreign_pids": []}
HOST_TIMELINE {"elapsed_seconds": 8.515, "tree_rss_bytes": 448880640, "foreign_peers": []}
BF16_SR_TIMING {"arm": "bf16_npu_numpy_host", "dispatch_ms": {"max": 6.4606, "mean": 5.3402, "min": 5.1504, "p50": 5.2692, "p99": 5.9831}, "frames": 300, "host_paths": ["numpy/numpy"], "postprocess_ms": {"max": 8.2101, "mean": 5.4437, "min": 3.9745, "p50": 5.4415, "p99": 7.5549}, "readback_ms": {"max": 0.1006, "mean": 0.0421, "min": 0.0245, "p50": 0.0409, "p99": 0.0755}, "round": 0, "span": "one 256x256 tile", "stage_ms": {"max": 1.376, "mean": 0.6622, "min": 0.5858, "p50": 0.6391, "p99": 1.0834}, "tile_total_ms": {"max": 14.5717, "mean": 11.4881, "min": 9.843, "p50": 11.4189, "p99": 13.4936}, "warmup": 30}
BF16_SR_TIMING {"arm": "int8_npu", "dispatch_ms": {"max": 4.4291, "mean": 4.0424, "min": 3.9706, "p50": 4.0314, "p99": 4.2579}, "frames": 300, "postprocess_ms": {"max": 1.0916, "mean": 0.3491, "min": 0.21, "p50": 0.3669, "p99": 0.584}, "readback_ms": {"max": 0.0827, "mean": 0.022, "min": 0.0136, "p50": 0.0214, "p99": 0.0434}, "round": 1, "span": "one 256x256 tile", "stage_ms": {"max": 0.1786, "mean": 0.0977, "min": 0.0534, "p50": 0.0981, "p99": 0.1688}, "tile_total_ms": {"max": 5.2764, "mean": 4.5111, "min": 4.2654, "p50": 4.51, "p99": 4.8622}, "warmup": 30}
NPU_TIMELINE "\n-----------------------------\n[003d:00:01.1] : NPU Phoenix\n-----------------------------\nAIE Partitions\n  Total Memory Usage: 75 MB\n  Partition Index   : 0\n    Columns: [1, 2, 3, 4]\n    HW Contexts:\n      |PID                 |Ctx ID     |Submissions |Migrations  |Err  |Priority |\n      |Process Name        |Status     |Completions |Suspensions |     |GOPS     |\n      |Memory Usage        |Instr BO   |            |            |     |FPS      |\n      |                    |           |            |            |     |Latency  |\n      |====================|===========|============|============|=====|=========|\n      |65180               |34         |262         |0           |0    |Normal   |\n      |python.exe          |Active     |261         |0           |     |N/A      |\n      |75 MB               |320 KB     |            |            |     |N/A      |\n      |                    |           |            |            |     |N/A      |\n      |--------------------|-----------|------------|------------|-----|---------|\n"
NPU_OWNERSHIP {"context_pids": [65180], "owned_pids": [12276, 48736, 65180, 66208, 67512], "foreign_pids": []}
HOST_TIMELINE {"elapsed_seconds": 12.625, "tree_rss_bytes": 441618432, "foreign_peers": []}
BF16_SR_TIMING {"arm": "bf16_npu_native_host", "dispatch_ms": {"max": 6.914, "mean": 5.2004, "min": 5.0222, "p50": 5.1309, "p99": 5.7439}, "frames": 300, "host_paths": ["native/native"], "postprocess_ms": {"max": 1.6578, "mean": 0.8219, "min": 0.5229, "p50": 0.8626, "p99": 1.5507}, "readback_ms": {"max": 0.1314, "mean": 0.0407, "min": 0.0246, "p50": 0.0393, "p99": 0.0783}, "round": 1, "span": "one 256x256 tile", "stage_ms": {"max": 0.7353, "mean": 0.1155, "min": 0.0811, "p50": 0.1072, "p99": 0.1684}, "tile_total_ms": {"max": 8.0619, "mean": 6.1786, "min": 5.7102, "p50": 6.1548, "p99": 6.9908}, "warmup": 30}
BF16_SR_TIMING {"arm": "bf16_npu_numpy_host", "dispatch_ms": {"max": 5.8945, "mean": 5.2448, "min": 5.0902, "p50": 5.1869, "p99": 5.7647}, "frames": 300, "host_paths": ["numpy/numpy"], "postprocess_ms": {"max": 6.7843, "mean": 4.8134, "min": 4.1017, "p50": 4.7693, "p99": 5.9968}, "readback_ms": {"max": 0.0977, "mean": 0.0406, "min": 0.0247, "p50": 0.0396, "p99": 0.0656}, "round": 1, "span": "one 256x256 tile", "stage_ms": {"max": 1.4853, "mean": 0.6531, "min": 0.5923, "p50": 0.6362, "p99": 1.0577}, "tile_total_ms": {"max": 12.6036, "mean": 10.7519, "min": 9.8749, "p50": 10.6766, "p99": 12.037}, "warmup": 30}
HOST_TIMELINE {"elapsed_seconds": 16.609, "tree_rss_bytes": 504201216, "foreign_peers": []}
BF16_SR_HOST_AGREEMENT {"arm": "bf16_npu", "host_paths": ["native/native"], "identical": 31, "tiles": 31}
BF16_SR_WITNESS {"idle": true, "rc": 0, "report": ["[003d:00:01.1] : NPU Phoenix", "AIE Partitions", "No hardware contexts running on device"], "when": "end"}
NPU_TIMELINE "\n-----------------------------\n[003d:00:01.1] : NPU Phoenix\n-----------------------------\nAIE Partitions\n  No hardware contexts running on device\n\n"
NPU_OWNERSHIP {"context_pids": [], "owned_pids": [12276, 48736, 65180, 66208, 67512], "foreign_pids": []}
BF16_SR_TIMING {"arm": "fp32_cpu", "frames": 300, "ort_session_options": "default", "postprocess_ms": {"max": 5.3313, "mean": 2.3362, "min": 1.8546, "p50": 2.0239, "p99": 4.5318}, "preprocess_ms": {"max": 1.0712, "mean": 0.2663, "min": 0.1684, "p50": 0.2517, "p99": 0.6717}, "round": 0, "run_ms": {"max": 12.5412, "mean": 7.35, "min": 4.3305, "p50": 6.9911, "p99": 11.278}, "span": "one 256x256 tile", "tile_total_ms": {"max": 15.9889, "mean": 9.9525, "min": 6.4297, "p50": 9.4644, "p99": 14.9431}, "warmup": 30}
HOST_TIMELINE {"elapsed_seconds": 20.672, "tree_rss_bytes": 323223552, "foreign_peers": []}
BF16_SR_QUALITY {"arm": "int8_npu", "dataset": "Set5", "images": 5, "per_image_psnr_y": {"baby": 36.7903, "bird": 38.9777, "butterfly": 31.5213, "head": 34.2082, "woman": 33.7988}, "psnr_rgb": 34.1715, "psnr_y": 35.0593, "ssim_rgb": 0.9254, "ssim_y": 0.9415}
NPU_TIMELINE "\n-----------------------------\n[003d:00:01.1] : NPU Phoenix\n-----------------------------\nAIE Partitions\n  No hardware contexts running on device\n\n"
NPU_OWNERSHIP {"context_pids": [], "owned_pids": [12276, 48736, 65180, 66208, 67512], "foreign_pids": []}
BF16_SR_QUALITY {"arm": "bf16_npu", "dataset": "Set5", "images": 5, "per_image_psnr_y": {"baby": 37.1368, "bird": 39.5691, "butterfly": 31.6752, "head": 34.457, "woman": 34.025}, "psnr_rgb": 34.6189, "psnr_y": 35.3726, "ssim_rgb": 0.9372, "ssim_y": 0.9492}
BF16_SR_QUALITY {"arm": "fp32_cpu", "dataset": "Set5", "images": 5, "per_image_psnr_y": {"baby": 37.2693, "bird": 40.0999, "butterfly": 32.0642, "head": 34.5293, "woman": 34.2516}, "psnr_rgb": 34.8833, "psnr_y": 35.6429, "ssim_rgb": 0.9401, "ssim_y": 0.9518}
BF16_SR_QUALITY {"arm": "xint8_cpu_noopt", "dataset": "Set5", "images": 5, "per_image_psnr_y": {"baby": 36.7903, "bird": 38.9777, "butterfly": 31.5213, "head": 34.2082, "woman": 33.7988}, "psnr_rgb": 34.1715, "psnr_y": 35.0593, "ssim_rgb": 0.9254, "ssim_y": 0.9415}
BF16_SR_QUALITY {"arm": "w8a16_oracle_cpu", "dataset": "Set5", "images": 5, "per_image_psnr_y": {"baby": 37.1368, "bird": 39.5691, "butterfly": 31.6752, "head": 34.457, "woman": 34.025}, "psnr_rgb": 34.6189, "psnr_y": 35.3726, "ssim_rgb": 0.9372, "ssim_y": 0.9492}
BF16_SR_AGREEMENT {"a": "int8_npu", "b": "xint8_cpu_noopt", "dataset": "Set5", "differ": 0, "max_abs": 0, "pixels": 1702368}
BF16_SR_AGREEMENT {"a": "bf16_npu", "b": "w8a16_oracle_cpu", "dataset": "Set5", "differ": 26, "max_abs": 1, "pixels": 1702368}
BF16_SR_AGREEMENT {"a": "bf16_npu", "b": "int8_npu", "dataset": "Set5", "differ": 1275164, "max_abs": 10, "pixels": 1702368}
HOST_TIMELINE {"elapsed_seconds": 24.906, "tree_rss_bytes": 438845440, "foreign_peers": []}
BF16_SR_QUALITY {"arm": "int8_npu", "dataset": "Set14", "images": 14, "per_image_psnr_y": {"baboon": 24.1773, "barbara": 26.7602, "bridge": 27.7372, "coastguard": 29.2299, "comic": 24.2241, "face": 34.1977, "flowers": 32.0786, "foreman": 32.1205, "lenna": 35.1276, "man": 29.7211, "monarch": 36.4051, "pepper": 33.8968, "ppt3": 24.0838, "zebra": 27.2746}, "psnr_rgb": 29.0872, "psnr_y": 29.7882, "ssim_rgb": 0.8629, "ssim_y": 0.8828}
BF16_SR_QUALITY {"arm": "bf16_npu", "dataset": "Set14", "images": 14, "per_image_psnr_y": {"baboon": 24.2083, "barbara": 26.7967, "bridge": 27.8053, "coastguard": 29.3547, "comic": 24.2461, "face": 34.4472, "flowers": 32.4001, "foreman": 32.2791, "lenna": 35.4048, "man": 29.826, "monarch": 36.7876, "pepper": 34.0867, "ppt3": 24.0982, "zebra": 27.315}, "psnr_rgb": 29.2799, "psnr_y": 29.9326, "ssim_rgb": 0.8721, "ssim_y": 0.8888}
BF16_SR_QUALITY {"arm": "fp32_cpu", "dataset": "Set14", "images": 14, "per_image_psnr_y": {"baboon": 24.2344, "barbara": 26.8089, "bridge": 27.8504, "coastguard": 29.4098, "comic": 24.2819, "face": 34.5171, "flowers": 32.542, "foreman": 32.411, "lenna": 35.5575, "man": 29.8904, "monarch": 37.2143, "pepper": 34.2003, "ppt3": 24.1597, "zebra": 27.3735}, "psnr_rgb": 29.3738, "psnr_y": 30.0322, "ssim_rgb": 0.8746, "ssim_y": 0.891}
NPU_TIMELINE "\n-----------------------------\n[003d:00:01.1] : NPU Phoenix\n-----------------------------\nAIE Partitions\n  No hardware contexts running on device\n\n"
NPU_OWNERSHIP {"context_pids": [], "owned_pids": [12276, 48736, 65180, 66208, 67512], "foreign_pids": []}
HOST_TIMELINE {"elapsed_seconds": 29.0, "tree_rss_bytes": 494399488, "foreign_peers": []}
BF16_SR_QUALITY {"arm": "xint8_cpu_noopt", "dataset": "Set14", "images": 14, "per_image_psnr_y": {"baboon": 24.1773, "barbara": 26.7602, "bridge": 27.7372, "coastguard": 29.2299, "comic": 24.2241, "face": 34.1977, "flowers": 32.0786, "foreman": 32.1205, "lenna": 35.1276, "man": 29.7211, "monarch": 36.4051, "pepper": 33.8968, "ppt3": 24.0838, "zebra": 27.2746}, "psnr_rgb": 29.0872, "psnr_y": 29.7882, "ssim_rgb": 0.8629, "ssim_y": 0.8828}
BF16_SR_QUALITY {"arm": "w8a16_oracle_cpu", "dataset": "Set14", "images": 14, "per_image_psnr_y": {"baboon": 24.2083, "barbara": 26.7967, "bridge": 27.8053, "coastguard": 29.3547, "comic": 24.2461, "face": 34.4472, "flowers": 32.4001, "foreman": 32.2791, "lenna": 35.4048, "man": 29.826, "monarch": 36.7877, "pepper": 34.0867, "ppt3": 24.0982, "zebra": 27.315}, "psnr_rgb": 29.2799, "psnr_y": 29.9326, "ssim_rgb": 0.8721, "ssim_y": 0.8888}
BF16_SR_AGREEMENT {"a": "int8_npu", "b": "xint8_cpu_noopt", "dataset": "Set14", "differ": 0, "max_abs": 0, "pixels": 9664044}
BF16_SR_AGREEMENT {"a": "bf16_npu", "b": "w8a16_oracle_cpu", "dataset": "Set14", "differ": 149, "max_abs": 1, "pixels": 9664044}
BF16_SR_AGREEMENT {"a": "bf16_npu", "b": "int8_npu", "dataset": "Set14", "differ": 7162772, "max_abs": 69, "pixels": 9664044}
HOST_TIMELINE {"elapsed_seconds": 33.047, "tree_rss_bytes": 430317568, "foreign_peers": []}
NPU_TIMELINE "\n-----------------------------\n[003d:00:01.1] : NPU Phoenix\n-----------------------------\nAIE Partitions\n  No hardware contexts running on device\n\n"
NPU_OWNERSHIP {"context_pids": [], "owned_pids": [12276, 48736, 65180, 66208, 67512], "foreign_pids": []}
HOST_TIMELINE {"elapsed_seconds": 36.859, "tree_rss_bytes": 439980032, "foreign_peers": []}
NPU_TIMELINE "\n-----------------------------\n[003d:00:01.1] : NPU Phoenix\n-----------------------------\nAIE Partitions\n  No hardware contexts running on device\n\n"
NPU_OWNERSHIP {"context_pids": [], "owned_pids": [12276, 48736, 65180, 66208, 67512], "foreign_pids": []}
HOST_TIMELINE {"elapsed_seconds": 40.687, "tree_rss_bytes": 445972480, "foreign_peers": []}
HOST_TIMELINE {"elapsed_seconds": 44.468, "tree_rss_bytes": 452247552, "foreign_peers": []}
NPU_TIMELINE "\n-----------------------------\n[003d:00:01.1] : NPU Phoenix\n-----------------------------\nAIE Partitions\n  No hardware contexts running on device\n\n"
NPU_OWNERSHIP {"context_pids": [], "owned_pids": [12276, 48736, 65180, 66208, 67512], "foreign_pids": []}
HOST_TIMELINE {"elapsed_seconds": 48.343, "tree_rss_bytes": 459853824, "foreign_peers": []}
NPU_TIMELINE "\n-----------------------------\n[003d:00:01.1] : NPU Phoenix\n-----------------------------\nAIE Partitions\n  No hardware contexts running on device\n\n"
NPU_OWNERSHIP {"context_pids": [], "owned_pids": [12276, 48736, 65180, 66208, 67512], "foreign_pids": []}
HOST_TIMELINE {"elapsed_seconds": 52.125, "tree_rss_bytes": 465412096, "foreign_peers": []}
HOST_TIMELINE {"elapsed_seconds": 55.906, "tree_rss_bytes": 468459520, "foreign_peers": []}
NPU_TIMELINE "\n-----------------------------\n[003d:00:01.1] : NPU Phoenix\n-----------------------------\nAIE Partitions\n  No hardware contexts running on device\n\n"
NPU_OWNERSHIP {"context_pids": [], "owned_pids": [12276, 48736, 65180, 66208, 67512], "foreign_pids": []}
HOST_TIMELINE {"elapsed_seconds": 59.734, "tree_rss_bytes": 487211008, "foreign_peers": []}
NPU_TIMELINE "\n-----------------------------\n[003d:00:01.1] : NPU Phoenix\n-----------------------------\nAIE Partitions\n  No hardware contexts running on device\n\n"
NPU_OWNERSHIP {"context_pids": [], "owned_pids": [12276, 48736, 65180, 66208, 67512], "foreign_pids": []}
HOST_TIMELINE {"elapsed_seconds": 63.515, "tree_rss_bytes": 496074752, "foreign_peers": []}
HOST_TIMELINE {"elapsed_seconds": 67.312, "tree_rss_bytes": 502177792, "foreign_peers": []}
NPU_TIMELINE "\n-----------------------------\n[003d:00:01.1] : NPU Phoenix\n-----------------------------\nAIE Partitions\n  No hardware contexts running on device\n\n"
NPU_OWNERSHIP {"context_pids": [], "owned_pids": [12276, 48736, 65180, 66208, 67512], "foreign_pids": []}
HOST_TIMELINE {"elapsed_seconds": 71.078, "tree_rss_bytes": 508506112, "foreign_peers": []}
NPU_TIMELINE "\n-----------------------------\n[003d:00:01.1] : NPU Phoenix\n-----------------------------\nAIE Partitions\n  No hardware contexts running on device\n\n"
NPU_OWNERSHIP {"context_pids": [], "owned_pids": [12276, 48736, 65180, 66208, 67512], "foreign_pids": []}
HOST_TIMELINE {"elapsed_seconds": 74.828, "tree_rss_bytes": 515059712, "foreign_peers": []}
HOST_TIMELINE {"elapsed_seconds": 78.625, "tree_rss_bytes": 522493952, "foreign_peers": []}
NPU_TIMELINE "\n-----------------------------\n[003d:00:01.1] : NPU Phoenix\n-----------------------------\nAIE Partitions\n  No hardware contexts running on device\n\n"
NPU_OWNERSHIP {"context_pids": [], "owned_pids": [12276, 48736, 65180, 66208, 67512], "foreign_pids": []}
HOST_TIMELINE {"elapsed_seconds": 82.453, "tree_rss_bytes": 525307904, "foreign_peers": []}
NPU_TIMELINE "\n-----------------------------\n[003d:00:01.1] : NPU Phoenix\n-----------------------------\nAIE Partitions\n  No hardware contexts running on device\n\n"
NPU_OWNERSHIP {"context_pids": [], "owned_pids": [12276, 48736, 65180, 66208, 67512], "foreign_pids": []}
HOST_TIMELINE {"elapsed_seconds": 86.062, "tree_rss_bytes": 527269888, "foreign_peers": []}
HOST_TIMELINE {"elapsed_seconds": 89.672, "tree_rss_bytes": 491552768, "foreign_peers": []}
NPU_TIMELINE "\n-----------------------------\n[003d:00:01.1] : NPU Phoenix\n-----------------------------\nAIE Partitions\n  No hardware contexts running on device\n\n"
NPU_OWNERSHIP {"context_pids": [], "owned_pids": [12276, 48736, 65180, 66208, 67512], "foreign_pids": []}
HOST_TIMELINE {"elapsed_seconds": 93.234, "tree_rss_bytes": 501116928, "foreign_peers": []}
NPU_TIMELINE "\n-----------------------------\n[003d:00:01.1] : NPU Phoenix\n-----------------------------\nAIE Partitions\n  No hardware contexts running on device\n\n"
NPU_OWNERSHIP {"context_pids": [], "owned_pids": [12276, 48736, 65180, 66208, 67512], "foreign_pids": []}
HOST_TIMELINE {"elapsed_seconds": 97.0, "tree_rss_bytes": 507596800, "foreign_peers": []}
HOST_TIMELINE {"elapsed_seconds": 100.593, "tree_rss_bytes": 514461696, "foreign_peers": []}
NPU_TIMELINE "\n-----------------------------\n[003d:00:01.1] : NPU Phoenix\n-----------------------------\nAIE Partitions\n  No hardware contexts running on device\n\n"
NPU_OWNERSHIP {"context_pids": [], "owned_pids": [12276, 48736, 65180, 66208, 67512], "foreign_pids": []}
HOST_TIMELINE {"elapsed_seconds": 104.172, "tree_rss_bytes": 519839744, "foreign_peers": []}
NPU_TIMELINE "\n-----------------------------\n[003d:00:01.1] : NPU Phoenix\n-----------------------------\nAIE Partitions\n  No hardware contexts running on device\n\n"
NPU_OWNERSHIP {"context_pids": [], "owned_pids": [12276, 48736, 65180, 66208, 67512], "foreign_pids": []}
HOST_TIMELINE {"elapsed_seconds": 107.797, "tree_rss_bytes": 524877824, "foreign_peers": []}
HOST_TIMELINE {"elapsed_seconds": 111.422, "tree_rss_bytes": 527302656, "foreign_peers": []}
NPU_TIMELINE "\n-----------------------------\n[003d:00:01.1] : NPU Phoenix\n-----------------------------\nAIE Partitions\n  No hardware contexts running on device\n\n"
NPU_OWNERSHIP {"context_pids": [], "owned_pids": [12276, 48736, 65180, 66208, 67512], "foreign_pids": []}
HOST_TIMELINE {"elapsed_seconds": 115.093, "tree_rss_bytes": 490311680, "foreign_peers": []}
NPU_TIMELINE "\n-----------------------------\n[003d:00:01.1] : NPU Phoenix\n-----------------------------\nAIE Partitions\n  No hardware contexts running on device\n\n"
NPU_OWNERSHIP {"context_pids": [], "owned_pids": [12276, 48736, 65180, 66208, 67512], "foreign_pids": []}
HOST_TIMELINE {"elapsed_seconds": 118.75, "tree_rss_bytes": 499339264, "foreign_peers": []}
HOST_TIMELINE {"elapsed_seconds": 122.422, "tree_rss_bytes": 506380288, "foreign_peers": []}
NPU_TIMELINE "\n-----------------------------\n[003d:00:01.1] : NPU Phoenix\n-----------------------------\nAIE Partitions\n  No hardware contexts running on device\n\n"
NPU_OWNERSHIP {"context_pids": [], "owned_pids": [12276, 48736, 65180, 66208, 67512], "foreign_pids": []}
HOST_TIMELINE {"elapsed_seconds": 126.062, "tree_rss_bytes": 512192512, "foreign_peers": []}
NPU_TIMELINE "\n-----------------------------\n[003d:00:01.1] : NPU Phoenix\n-----------------------------\nAIE Partitions\n  No hardware contexts running on device\n\n"
NPU_OWNERSHIP {"context_pids": [], "owned_pids": [12276, 48736, 65180, 66208, 67512], "foreign_pids": []}
HOST_TIMELINE {"elapsed_seconds": 129.656, "tree_rss_bytes": 518631424, "foreign_peers": []}
HOST_TIMELINE {"elapsed_seconds": 133.297, "tree_rss_bytes": 524795904, "foreign_peers": []}
NPU_TIMELINE "\n-----------------------------\n[003d:00:01.1] : NPU Phoenix\n-----------------------------\nAIE Partitions\n  No hardware contexts running on device\n\n"
NPU_OWNERSHIP {"context_pids": [], "owned_pids": [12276, 48736, 65180, 66208, 67512], "foreign_pids": []}
HOST_TIMELINE {"elapsed_seconds": 136.937, "tree_rss_bytes": 528613376, "foreign_peers": []}
NPU_TIMELINE "\n-----------------------------\n[003d:00:01.1] : NPU Phoenix\n-----------------------------\nAIE Partitions\n  No hardware contexts running on device\n\n"
NPU_OWNERSHIP {"context_pids": [], "owned_pids": [12276, 48736, 65180, 66208, 67512], "foreign_pids": []}
HOST_TIMELINE {"elapsed_seconds": 140.609, "tree_rss_bytes": 489754624, "foreign_peers": []}
HOST_TIMELINE {"elapsed_seconds": 144.203, "tree_rss_bytes": 498290688, "foreign_peers": []}
NPU_TIMELINE "\n-----------------------------\n[003d:00:01.1] : NPU Phoenix\n-----------------------------\nAIE Partitions\n  No hardware contexts running on device\n\n"
NPU_OWNERSHIP {"context_pids": [], "owned_pids": [12276, 48736, 65180, 66208, 67512], "foreign_pids": []}
HOST_TIMELINE {"elapsed_seconds": 147.781, "tree_rss_bytes": 504758272, "foreign_peers": []}
NPU_TIMELINE "\n-----------------------------\n[003d:00:01.1] : NPU Phoenix\n-----------------------------\nAIE Partitions\n  No hardware contexts running on device\n\n"
NPU_OWNERSHIP {"context_pids": [], "owned_pids": [12276, 48736, 65180, 66208, 67512], "foreign_pids": []}
HOST_TIMELINE {"elapsed_seconds": 151.375, "tree_rss_bytes": 510214144, "foreign_peers": []}
HOST_TIMELINE {"elapsed_seconds": 154.968, "tree_rss_bytes": 517066752, "foreign_peers": []}
NPU_TIMELINE "\n-----------------------------\n[003d:00:01.1] : NPU Phoenix\n-----------------------------\nAIE Partitions\n  No hardware contexts running on device\n\n"
NPU_OWNERSHIP {"context_pids": [], "owned_pids": [12276, 48736, 65180, 66208, 67512], "foreign_pids": []}
HOST_TIMELINE {"elapsed_seconds": 158.687, "tree_rss_bytes": 523132928, "foreign_peers": []}
NPU_TIMELINE "\n-----------------------------\n[003d:00:01.1] : NPU Phoenix\n-----------------------------\nAIE Partitions\n  No hardware contexts running on device\n\n"
NPU_OWNERSHIP {"context_pids": [], "owned_pids": [12276, 48736, 65180, 66208, 67512], "foreign_pids": []}
HOST_TIMELINE {"elapsed_seconds": 162.328, "tree_rss_bytes": 527134720, "foreign_peers": []}
HOST_TIMELINE {"elapsed_seconds": 165.937, "tree_rss_bytes": 529690624, "foreign_peers": []}
NPU_TIMELINE "\n-----------------------------\n[003d:00:01.1] : NPU Phoenix\n-----------------------------\nAIE Partitions\n  No hardware contexts running on device\n\n"
NPU_OWNERSHIP {"context_pids": [], "owned_pids": [12276, 48736, 65180, 66208, 67512], "foreign_pids": []}
HOST_TIMELINE {"elapsed_seconds": 169.547, "tree_rss_bytes": 493789184, "foreign_peers": []}
NPU_TIMELINE "\n-----------------------------\n[003d:00:01.1] : NPU Phoenix\n-----------------------------\nAIE Partitions\n  No hardware contexts running on device\n\n"
NPU_OWNERSHIP {"context_pids": [], "owned_pids": [12276, 48736, 65180, 66208, 67512], "foreign_pids": []}
HOST_TIMELINE {"elapsed_seconds": 173.203, "tree_rss_bytes": 502181888, "foreign_peers": []}
HOST_TIMELINE {"elapsed_seconds": 177.062, "tree_rss_bytes": 509628416, "foreign_peers": []}
NPU_TIMELINE "\n-----------------------------\n[003d:00:01.1] : NPU Phoenix\n-----------------------------\nAIE Partitions\n  No hardware contexts running on device\n\n"
NPU_OWNERSHIP {"context_pids": [], "owned_pids": [12276, 48736, 65180, 66208, 67512], "foreign_pids": []}
HOST_TIMELINE {"elapsed_seconds": 181.297, "tree_rss_bytes": 515948544, "foreign_peers": []}
NPU_TIMELINE "\n-----------------------------\n[003d:00:01.1] : NPU Phoenix\n-----------------------------\nAIE Partitions\n  No hardware contexts running on device\n\n"
NPU_OWNERSHIP {"context_pids": [], "owned_pids": [12276, 48736, 65180, 66208, 67512], "foreign_pids": []}
HOST_TIMELINE {"elapsed_seconds": 185.359, "tree_rss_bytes": 523390976, "foreign_peers": []}
HOST_TIMELINE {"elapsed_seconds": 189.468, "tree_rss_bytes": 527888384, "foreign_peers": []}
NPU_TIMELINE "\n-----------------------------\n[003d:00:01.1] : NPU Phoenix\n-----------------------------\nAIE Partitions\n  No hardware contexts running on device\n\n"
NPU_OWNERSHIP {"context_pids": [], "owned_pids": [12276, 48736, 65180, 66208, 67512], "foreign_pids": []}
HOST_TIMELINE {"elapsed_seconds": 193.0, "tree_rss_bytes": 530771968, "foreign_peers": []}
BF16_SR_EXACT {"dispatch_ms": 6.701, "emulator_s": 27.8, "exact": false, "host": {"egress_path": "native", "native_egress_equals_numpy": true, "stage_path": "native", "staged_is_npu_sesr_preprocess": true}, "input_region_intact": true, "label": "baby", "nonfinite_tail": 0, "resident_tensors": {"compared": 6, "differ": 12, "per_tensor_differ": {"/Add_output_0_QuantizeLinear_Output": 2, "/body.4/body.4.1/Relu_output_0_QuantizeLinear_Output": 8, "/body.5/body.5.1/Relu_output_0_QuantizeLinear_Output": 1, "/head/Conv_output_0_QuantizeLinear_Output": 0, "/tail/Conv_output_0_QuantizeLinear_Output": 1, "input_QuantizeLinear_Output": 0}, "values": 5177344}, "staged_is_the_compilers_plane": true, "tail": {"differ": 1, "differ_padding_lanes": 0, "lanes": 16, "max_ulp": 1, "values": 1048576, "zero_sign_only": 0}, "vs_oracle": {"differ": 17, "finite": true, "max_abs": 0.5, "max_abs_peak_ulps": 0.5, "max_ulp": 1, "n": 786432, "peak": 131.0, "rel_l2": 1.7986921331311675e-05, "zero_sign_only": 0}}
BF16_SR_EXACT {"dispatch_ms": 5.199, "emulator_s": 27.5, "exact": true, "host": {"egress_path": "native", "native_egress_equals_numpy": true, "stage_path": "native", "staged_is_npu_sesr_preprocess": true}, "input_region_intact": true, "label": "bird", "nonfinite_tail": 0, "resident_tensors": {"compared": 6, "differ": 0, "per_tensor_differ": {"/Add_output_0_QuantizeLinear_Output": 0, "/body.4/body.4.1/Relu_output_0_QuantizeLinear_Output": 0, "/body.5/body.5.1/Relu_output_0_QuantizeLinear_Output": 0, "/head/Conv_output_0_QuantizeLinear_Output": 0, "/tail/Conv_output_0_QuantizeLinear_Output": 0, "input_QuantizeLinear_Output": 0}, "values": 5177344}, "staged_is_the_compilers_plane": true, "tail": {"differ": 0, "differ_padding_lanes": 0, "lanes": 16, "max_ulp": 0, "values": 1048576, "zero_sign_only": 0}, "vs_oracle": {"differ": 118, "finite": true, "max_abs": 0.5, "max_abs_peak_ulps": 0.5, "max_ulp": 31, "n": 786432, "peak": 132.0, "rel_l2": 1.547585288248247e-05, "zero_sign_only": 0}}
BF16_SR_EXACT {"dispatch_ms": 5.193, "emulator_s": 26.8, "exact": false, "host": {"egress_path": "native", "native_egress_equals_numpy": true, "stage_path": "native", "staged_is_npu_sesr_preprocess": true}, "input_region_intact": true, "label": "butterfly", "nonfinite_tail": 0, "resident_tensors": {"compared": 6, "differ": 73, "per_tensor_differ": {"/Add_output_0_QuantizeLinear_Output": 18, "/body.4/body.4.1/Relu_output_0_QuantizeLinear_Output": 40, "/body.5/body.5.1/Relu_output_0_QuantizeLinear_Output": 10, "/head/Conv_output_0_QuantizeLinear_Output": 0, "/tail/Conv_output_0_QuantizeLinear_Output": 5, "input_QuantizeLinear_Output": 0}, "values": 5177344}, "staged_is_the_compilers_plane": true, "tail": {"differ": 5, "differ_padding_lanes": 0, "lanes": 16, "max_ulp": 1, "values": 1048576, "zero_sign_only": 0}, "vs_oracle": {"differ": 11, "finite": true, "max_abs": 0.5, "max_abs_peak_ulps": 1.0, "max_ulp": 1, "n": 786432, "peak": 116.5, "rel_l2": 1.798406170943759e-05, "zero_sign_only": 0}}
BF16_SR_EXACT {"dispatch_ms": 5.596, "emulator_s": 26.8, "exact": false, "host": {"egress_path": "native", "native_egress_equals_numpy": true, "stage_path": "native", "staged_is_npu_sesr_preprocess": true}, "input_region_intact": true, "label": "head", "nonfinite_tail": 0, "resident_tensors": {"compared": 6, "differ": 43, "per_tensor_differ": {"/Add_output_0_QuantizeLinear_Output": 8, "/body.4/body.4.1/Relu_output_0_QuantizeLinear_Output": 24, "/body.5/body.5.1/Relu_output_0_QuantizeLinear_Output": 6, "/head/Conv_output_0_QuantizeLinear_Output": 0, "/tail/Conv_output_0_QuantizeLinear_Output": 5, "input_QuantizeLinear_Output": 0}, "values": 5177344}, "staged_is_the_compilers_plane": true, "tail": {"differ": 5, "differ_padding_lanes": 0, "lanes": 16, "max_ulp": 13, "values": 1048576, "zero_sign_only": 0}, "vs_oracle": {"differ": 7, "finite": true, "max_abs": 0.5, "max_abs_peak_ulps": 0.5, "max_ulp": 1, "n": 786432, "peak": 130.0, "rel_l2": 1.7478488398156242e-05, "zero_sign_only": 0}}
BF16_SR_EXACT {"dispatch_ms": 5.541, "emulator_s": 26.7, "exact": true, "host": {"egress_path": "native", "native_egress_equals_numpy": true, "stage_path": "native", "staged_is_npu_sesr_preprocess": true}, "input_region_intact": true, "label": "woman", "nonfinite_tail": 0, "resident_tensors": {"compared": 6, "differ": 0, "per_tensor_differ": {"/Add_output_0_QuantizeLinear_Output": 0, "/body.4/body.4.1/Relu_output_0_QuantizeLinear_Output": 0, "/body.5/body.5.1/Relu_output_0_QuantizeLinear_Output": 0, "/head/Conv_output_0_QuantizeLinear_Output": 0, "/tail/Conv_output_0_QuantizeLinear_Output": 0, "input_QuantizeLinear_Output": 0}, "values": 5177344}, "staged_is_the_compilers_plane": true, "tail": {"differ": 0, "differ_padding_lanes": 0, "lanes": 16, "max_ulp": 0, "values": 1048576, "zero_sign_only": 0}, "vs_oracle": {"differ": 3, "finite": true, "max_abs": 0.25, "max_abs_peak_ulps": 0.25, "max_ulp": 1, "n": 786432, "peak": 135.0, "rel_l2": 5.4014945882137235e-06, "zero_sign_only": 0}}
BF16_SR_EXACT {"dispatch_ms": 5.156, "emulator_s": 27.6, "exact": false, "host": {"egress_path": "native", "native_egress_equals_numpy": true}, "input_region_intact": true, "label": "seed0", "nonfinite_tail": 0, "resident_tensors": {"compared": 6, "differ": 1, "per_tensor_differ": {"/Add_output_0_QuantizeLinear_Output": 0, "/body.4/body.4.1/Relu_output_0_QuantizeLinear_Output": 1, "/body.5/body.5.1/Relu_output_0_QuantizeLinear_Output": 0, "/head/Conv_output_0_QuantizeLinear_Output": 0, "/tail/Conv_output_0_QuantizeLinear_Output": 0, "input_QuantizeLinear_Output": 0}, "values": 5177344}, "staged_is_the_compilers_plane": true, "tail": {"differ": 0, "differ_padding_lanes": 0, "lanes": 16, "max_ulp": 0, "values": 1048576, "zero_sign_only": 0}, "vs_oracle": {"differ": 90, "finite": true, "max_abs": 1.0, "max_abs_peak_ulps": 0.5, "max_ulp": 19, "n": 786432, "peak": 318.0, "rel_l2": 3.4380892436728e-05, "zero_sign_only": 0}}
BF16_SR_EXACT {"dispatch_ms": 5.211, "host": {"egress_path": "native", "native_egress_equals_numpy": true, "stage_path": "native", "staged_is_npu_sesr_preprocess": true}, "input_region_intact": true, "label": "baby_again", "nonfinite_tail": 0, "repeat_of": "baby", "repeat_tail_identical": true, "repeat_tensors_identical": true, "staged_is_the_compilers_plane": true}
BF16_SR_RESULT {"device_equals_emulator": false, "device_idle_after": true, "exact_inputs": 6, "host": {"frames": 7, "frames_egress_equal_numpy": 7, "frames_on_the_asked_path": 7, "frames_staged_npu_sesr_preprocess": 6, "image_frames": 6, "quality_host_paths": ["native/native"], "quality_tiles": 31, "quality_tiles_identical": 31, "timed_arms_on_their_path": true}, "host_ok": true, "repeat_frames": 1, "resident_values_compared": 31064064, "tail_values_compared": 6291456, "worst_vs_oracle": {"differ": 118, "finite": true, "max_abs": 0.5, "max_abs_peak_ulps": 0.5, "max_ulp": 31, "n": 786432, "peak": 132.0, "rel_l2": 1.547585288248247e-05, "zero_sign_only": 0}}
POST_NPU_CONTEXT_WITNESS "\n-----------------------------\n[003d:00:01.1] : NPU Phoenix\n-----------------------------\nAIE Partitions\n  No hardware contexts running on device\n\n"
RESEARCH_PROCESS_RESULT {"exit_code": 1, "stop": null, "peak_tree_rss_bytes": 575655936, "rss_measurement": "maximum observed across sampled descendant working sets; zero observations reported as null", "elapsed_seconds": 195.18700000003446, "foreign_contention_observed": false, "timing_eligible": false}
