RESEARCH_PLATFORM {"machine": "Desktop 2", "cpu": "AMD Ryzen 7 8700G w/ Radeon 780M Graphics", "os": "Windows-11-10.0.26200-SP0", "ram_bytes": 33381138432, "source_sha256": {"tools/research_process.py": "ffeb1857f190b482eed101b5f5a928f455de26bfa61d23f78a2eacec08e2663e", "tools/quant_calib_alphabet.py": "2dc0b2878c564853f340880209a425dfcf63b8536b2b8e9fd32344daade58d37", "tools/xint8_arithmetic_probe.py": "6aa3df08b9870c3c2264b868459d7ffbac3070dddc1349d7c6f3f480075f7041", "scripts/research-lowlevel.sh": "3455ad7933697936487712665505c216891865c6deada647302785f6e37020bd", "scripts/research-iron.sh": "4c863a262646ddab39b5005006ba8e03809895e6386c6310e2fd9d0a9e9609ee", "kernels/memory_placement/probe.py": "e8d990169ad6091fa1b53852e9f61eff495b5def72d35165a5c5cf1759e38898", "kernels/memory_placement/memory_kernels.cc": "182e7af7071a1e851afb4a7ca266069c489aea1fbaaa85eca129708daeba5ba6", "scripts/research-matrix.sh": "739254171629deae822b0ad7dabc875aee19ace56dde77d3e8aab61663f97516", "kernels/memory_placement/gemm.py": "17c905ad66110d3346bbf0db898dfc6b780df59fae1dfb0c1747057ce1e5844e", "kernels/memory_placement/gemm_placement.cc": "f21acf7250b12914ea30cc1f77613239dfa18421a85a1b9a5199017dd916278a", "tools/research_summary.py": "0c00dcceef07053d06731b41a1f1ed58d3ba4ea09f82497de354ce9cef17da20", "tools/research_toolchain.py": "f0a126a24ae213acfaa43460cfd9def0c86d9cb70cfee0228aa271688467b314"}, "commit": "804c7e1e5b83f5e9549989e1644d72073dafc1e3", "command": ["bash", "scripts/research-iron.sh", "tools/bf16_sr_silicon_check.py", "--container", "build/sesr_m7_bf16.ignite", "--qdq", "models/sesr_m7_xint8.onnx", "--fp32", "models/sesr_m7_fp32.onnx", "--image", "data/sesr_val/Set5_LR_x2/baby.png", "--seed", "0", "--no-timing", "--no-quality"], "seconds_limit": 900.0, "rss_gib_limit": 8, "checks_only": true, "free_ram_bytes": 17710874624}
PRE_NPU_CONTEXT_WITNESS "\n-----------------------------\n[003d:00:01.1] : NPU Phoenix\n-----------------------------\nAIE Partitions\n  No hardware contexts running on device\n\n"
BF16_SR_SETUP {"bf16": {"egress_bytes": 1572864, "elem": "bf16", "engine": "conv_engine_bf16_v1", "insts_sha256": "e4f175d613e8c6df", "kernel_object_sha256": "67d1050f6809f390", "path": "build/sesr_m7_bf16.ignite", "sha256": "3501edd220c29711", "source_model_sha256": "bfafba18e93940f8", "task": "super_resolution", "workspace_bytes": 11732160, "wpackets_sha256": "40cdca73e7e4baeb", "xclbin_sha256": "2595a0d3171f2efd"}, "cv2": "5.0.0", "datasets": ["Set5", "Set14"], "fp32": {"path": "sesr_m7_fp32.onnx", "sha256": "816b87272c9b54a8"}, "frames": 300, "host": "DESKTOP-CBL5NUA", "images": ["baby.png"], "int8": null, "mac_model": "aligned", "native_preprocess_loaded": true, "npu_power_mode": "default", "numpy": "2.5.3", "onnxruntime": "1.30.0", "provenance": {"src/ignite_xdna/compiler/engine_bf16_emulator.py": "9f4fe7c72fdb1b67", "src/ignite_xdna/compiler/engine_schedule_bf16.py": "3a45d7bb4eeda61e", "src/ignite_xdna/compiler/graph_ir.py": "82954487a0dc6e90", "src/ignite_xdna/compiler/graph_reference_bf16.py": "7dec197ba5f0e555", "src/ignite_xdna/runtime/graph_session.py": "ac29ecbd5e819262", "tools/bf16_sr_silicon_check.py": "c3c8daec986259eb", "tools/w8a16_oracle.py": "872cd9e8cd0a4b23"}, "qdq": {"path": "sesr_m7_xint8.onnx", "sha256": "bfafba18e93940f8"}, "rounds": 2, "seeds": [0], "warmup": 30, "xrt": {"device": "NPU Phoenix", "npu_driver": "32.0.20101.3760", "npu_firmware": "1.5.5.391", "xrt_version": "2.21.0"}}
BF16_SR_WITNESS {"idle": true, "rc": 0, "report": ["[003d:00:01.1] : NPU Phoenix", "AIE Partitions", "No hardware contexts running on device"], "when": "start"}
BF16_SR_DEVICE_FRAMES {"dispatch_ms": [6.581, 5.176, 5.155], "frames": ["baby", "seed0", "baby_again"]}
BF16_SR_WITNESS {"idle": true, "rc": 0, "report": ["[003d:00:01.1] : NPU Phoenix", "AIE Partitions", "No hardware contexts running on device"], "when": "end"}
NPU_TIMELINE "\n-----------------------------\n[003d:00:01.1] : NPU Phoenix\n-----------------------------\nAIE Partitions\n  No hardware contexts running on device\n\n"
NPU_OWNERSHIP {"context_pids": [], "owned_pids": [16236, 64544, 64716, 66904, 67432], "foreign_pids": []}
HOST_TIMELINE {"elapsed_seconds": 3.969, "tree_rss_bytes": 175149056, "foreign_peers": []}
NPU_TIMELINE "\n-----------------------------\n[003d:00:01.1] : NPU Phoenix\n-----------------------------\nAIE Partitions\n  No hardware contexts running on device\n\n"
NPU_OWNERSHIP {"context_pids": [], "owned_pids": [16236, 64544, 64716, 66904, 67432], "foreign_pids": []}
HOST_TIMELINE {"elapsed_seconds": 7.735, "tree_rss_bytes": 184504320, "foreign_peers": []}
HOST_TIMELINE {"elapsed_seconds": 11.532, "tree_rss_bytes": 191164416, "foreign_peers": []}
NPU_TIMELINE "\n-----------------------------\n[003d:00:01.1] : NPU Phoenix\n-----------------------------\nAIE Partitions\n  No hardware contexts running on device\n\n"
NPU_OWNERSHIP {"context_pids": [], "owned_pids": [16236, 64544, 64716, 66904, 67432], "foreign_pids": []}
HOST_TIMELINE {"elapsed_seconds": 15.313, "tree_rss_bytes": 196689920, "foreign_peers": []}
NPU_TIMELINE "\n-----------------------------\n[003d:00:01.1] : NPU Phoenix\n-----------------------------\nAIE Partitions\n  No hardware contexts running on device\n\n"
NPU_OWNERSHIP {"context_pids": [], "owned_pids": [16236, 64544, 64716, 66904, 67432], "foreign_pids": []}
HOST_TIMELINE {"elapsed_seconds": 19.016, "tree_rss_bytes": 204189696, "foreign_peers": []}
HOST_TIMELINE {"elapsed_seconds": 22.75, "tree_rss_bytes": 208932864, "foreign_peers": []}
NPU_TIMELINE "\n-----------------------------\n[003d:00:01.1] : NPU Phoenix\n-----------------------------\nAIE Partitions\n  No hardware contexts running on device\n\n"
NPU_OWNERSHIP {"context_pids": [], "owned_pids": [16236, 64544, 64716, 66904, 67432], "foreign_pids": []}
HOST_TIMELINE {"elapsed_seconds": 26.469, "tree_rss_bytes": 211341312, "foreign_peers": []}
NPU_TIMELINE "\n-----------------------------\n[003d:00:01.1] : NPU Phoenix\n-----------------------------\nAIE Partitions\n  No hardware contexts running on device\n\n"
NPU_OWNERSHIP {"context_pids": [], "owned_pids": [16236, 64544, 64716, 66904, 67432], "foreign_pids": []}
HOST_TIMELINE {"elapsed_seconds": 30.188, "tree_rss_bytes": 255328256, "foreign_peers": []}
HOST_TIMELINE {"elapsed_seconds": 33.891, "tree_rss_bytes": 264073216, "foreign_peers": []}
NPU_TIMELINE "\n-----------------------------\n[003d:00:01.1] : NPU Phoenix\n-----------------------------\nAIE Partitions\n  No hardware contexts running on device\n\n"
NPU_OWNERSHIP {"context_pids": [], "owned_pids": [16236, 64544, 64716, 66904, 67432], "foreign_pids": []}
HOST_TIMELINE {"elapsed_seconds": 37.61, "tree_rss_bytes": 269987840, "foreign_peers": []}
NPU_TIMELINE "\n-----------------------------\n[003d:00:01.1] : NPU Phoenix\n-----------------------------\nAIE Partitions\n  No hardware contexts running on device\n\n"
NPU_OWNERSHIP {"context_pids": [], "owned_pids": [16236, 64544, 64716, 66904, 67432], "foreign_pids": []}
HOST_TIMELINE {"elapsed_seconds": 41.25, "tree_rss_bytes": 276373504, "foreign_peers": []}
HOST_TIMELINE {"elapsed_seconds": 44.985, "tree_rss_bytes": 282337280, "foreign_peers": []}
NPU_TIMELINE "\n-----------------------------\n[003d:00:01.1] : NPU Phoenix\n-----------------------------\nAIE Partitions\n  No hardware contexts running on device\n\n"
NPU_OWNERSHIP {"context_pids": [], "owned_pids": [16236, 64544, 64716, 66904, 67432], "foreign_pids": []}
HOST_TIMELINE {"elapsed_seconds": 48.688, "tree_rss_bytes": 289816576, "foreign_peers": []}
NPU_TIMELINE "\n-----------------------------\n[003d:00:01.1] : NPU Phoenix\n-----------------------------\nAIE Partitions\n  No hardware contexts running on device\n\n"
NPU_OWNERSHIP {"context_pids": [], "owned_pids": [16236, 64544, 64716, 66904, 67432], "foreign_pids": []}
HOST_TIMELINE {"elapsed_seconds": 52.485, "tree_rss_bytes": 292618240, "foreign_peers": []}
HOST_TIMELINE {"elapsed_seconds": 56.204, "tree_rss_bytes": 263311360, "foreign_peers": []}
BF16_SR_EXACT {"dispatch_ms": 6.581, "emulator_s": 27.4, "exact": true, "input_region_intact": true, "label": "baby", "nonfinite_tail": 0, "resident_tensors": {"compared": 6, "differ": 0, "per_tensor_differ": {"/Add_output_0_QuantizeLinear_Output": 0, "/body.4/body.4.1/Relu_output_0_QuantizeLinear_Output": 0, "/body.5/body.5.1/Relu_output_0_QuantizeLinear_Output": 0, "/head/Conv_output_0_QuantizeLinear_Output": 0, "/tail/Conv_output_0_QuantizeLinear_Output": 0, "input_QuantizeLinear_Output": 0}, "values": 5177344}, "staged_is_the_compilers_plane": true, "tail": {"differ": 0, "differ_padding_lanes": 0, "lanes": 16, "max_ulp": 0, "values": 1048576, "zero_sign_only": 0}, "vs_oracle": {"differ": 2, "finite": true, "max_abs": 0.5, "max_abs_peak_ulps": 0.5, "max_ulp": 1, "n": 786432, "peak": 137.0, "rel_l2": 1.0286440714809005e-05, "zero_sign_only": 0}}
BF16_SR_EXACT {"dispatch_ms": 5.176, "emulator_s": 27.4, "exact": true, "input_region_intact": true, "label": "seed0", "nonfinite_tail": 0, "resident_tensors": {"compared": 6, "differ": 0, "per_tensor_differ": {"/Add_output_0_QuantizeLinear_Output": 0, "/body.4/body.4.1/Relu_output_0_QuantizeLinear_Output": 0, "/body.5/body.5.1/Relu_output_0_QuantizeLinear_Output": 0, "/head/Conv_output_0_QuantizeLinear_Output": 0, "/tail/Conv_output_0_QuantizeLinear_Output": 0, "input_QuantizeLinear_Output": 0}, "values": 5177344}, "staged_is_the_compilers_plane": true, "tail": {"differ": 0, "differ_padding_lanes": 0, "lanes": 16, "max_ulp": 0, "values": 1048576, "zero_sign_only": 0}, "vs_oracle": {"differ": 0, "finite": true, "max_abs": 0.0, "max_abs_peak_ulps": 0.0, "max_ulp": 0, "n": 786432, "peak": 322.0, "rel_l2": 0.0, "zero_sign_only": 0}}
BF16_SR_EXACT {"dispatch_ms": 5.155, "input_region_intact": true, "label": "baby_again", "nonfinite_tail": 0, "repeat_of": "baby", "repeat_tail_identical": true, "repeat_tensors_identical": true, "staged_is_the_compilers_plane": true}
BF16_SR_RESULT {"device_equals_emulator": true, "device_idle_after": true, "exact_inputs": 2, "repeat_frames": 1, "resident_values_compared": 10354688, "tail_values_compared": 2097152, "worst_vs_oracle": {"differ": 2, "finite": true, "max_abs": 0.5, "max_abs_peak_ulps": 0.5, "max_ulp": 1, "n": 786432, "peak": 137.0, "rel_l2": 1.0286440714809005e-05, "zero_sign_only": 0}}
POST_NPU_CONTEXT_WITNESS "\n-----------------------------\n[003d:00:01.1] : NPU Phoenix\n-----------------------------\nAIE Partitions\n  No hardware contexts running on device\n\n"
RESEARCH_PROCESS_RESULT {"exit_code": 0, "stop": null, "peak_tree_rss_bytes": 294567936, "rss_measurement": "maximum observed across sampled descendant working sets; zero observations reported as null", "elapsed_seconds": 58.01600000006147, "foreign_contention_observed": false, "timing_eligible": false}
