RESEARCH_PLATFORM {"machine": "Desktop 2", "cpu": "AMD Ryzen 7 8700G w/ Radeon 780M Graphics", "os": "Windows-11-10.0.26200-SP0", "ram_bytes": 33381138432, "source_sha256": {"tools/research_process.py": "ffeb1857f190b482eed101b5f5a928f455de26bfa61d23f78a2eacec08e2663e", "tools/quant_calib_alphabet.py": "2dc0b2878c564853f340880209a425dfcf63b8536b2b8e9fd32344daade58d37", "tools/xint8_arithmetic_probe.py": "6aa3df08b9870c3c2264b868459d7ffbac3070dddc1349d7c6f3f480075f7041", "scripts/research-lowlevel.sh": "3455ad7933697936487712665505c216891865c6deada647302785f6e37020bd", "scripts/research-iron.sh": "4c863a262646ddab39b5005006ba8e03809895e6386c6310e2fd9d0a9e9609ee", "kernels/memory_placement/probe.py": "e8d990169ad6091fa1b53852e9f61eff495b5def72d35165a5c5cf1759e38898", "kernels/memory_placement/memory_kernels.cc": "182e7af7071a1e851afb4a7ca266069c489aea1fbaaa85eca129708daeba5ba6", "scripts/research-matrix.sh": "739254171629deae822b0ad7dabc875aee19ace56dde77d3e8aab61663f97516", "kernels/memory_placement/gemm.py": "17c905ad66110d3346bbf0db898dfc6b780df59fae1dfb0c1747057ce1e5844e", "kernels/memory_placement/gemm_placement.cc": "f21acf7250b12914ea30cc1f77613239dfa18421a85a1b9a5199017dd916278a", "tools/research_summary.py": "0c00dcceef07053d06731b41a1f1ed58d3ba4ea09f82497de354ce9cef17da20", "tools/research_toolchain.py": "f0a126a24ae213acfaa43460cfd9def0c86d9cb70cfee0228aa271688467b314"}, "commit": "804c7e1e5b83f5e9549989e1644d72073dafc1e3", "command": ["bash", "scripts/research-iron.sh", "tools/bf16_sr_silicon_check.py", "--container", "build/sesr_m7_bf16.ignite", "--int8-container", "build/sesr_m7.ignite", "--qdq", "models/sesr_m7_xint8.onnx", "--fp32", "models/sesr_m7_fp32.onnx"], "seconds_limit": 2400.0, "rss_gib_limit": 8, "checks_only": false, "free_ram_bytes": 17807527936}
HOST_LOAD busy_cores=0.32 logical_cores=16 free_ram_gb=16.5 sample_sec=1
HOST_LOAD_TOP 0.05 syncthing:1616 ws_mb=29
HOST_LOAD_TOP 0.05 powershell:64720 ws_mb=82
HOST_LOAD_TOP 0.05 dev-agent:41448 ws_mb=483
HOST_LOAD_TOP 0.03 Code:15120 ws_mb=139
HOST_LOAD_TOP 0.03 Code:47992 ws_mb=121
HOST_LOAD_VERDICT CLEAR

PRE_NPU_CONTEXT_WITNESS "\n-----------------------------\n[003d:00:01.1] : NPU Phoenix\n-----------------------------\nAIE Partitions\n  No hardware contexts running on device\n\n"
BF16_SR_SETUP {"bf16": {"egress_bytes": 1572864, "elem": "bf16", "engine": "conv_engine_bf16_v1", "insts_sha256": "e4f175d613e8c6df", "kernel_object_sha256": "67d1050f6809f390", "path": "build/sesr_m7_bf16.ignite", "sha256": "3501edd220c29711", "source_model_sha256": "bfafba18e93940f8", "task": "super_resolution", "workspace_bytes": 11732160, "wpackets_sha256": "40cdca73e7e4baeb", "xclbin_sha256": "2595a0d3171f2efd"}, "cv2": "5.0.0", "datasets": ["Set5", "Set14"], "fp32": {"path": "sesr_m7_fp32.onnx", "sha256": "816b87272c9b54a8"}, "frames": 300, "host": "DESKTOP-CBL5NUA", "images": ["baby.png", "bird.png", "butterfly.png", "head.png", "woman.png"], "int8": {"egress_bytes": 786432, "elem": "int", "engine": "conv_engine_v1", "insts_sha256": "ca97eb62326cb34e", "kernel_object_sha256": "08de69197dda72f1", "path": "build/sesr_m7.ignite", "sha256": "a257665fc8bd1966", "source_model_sha256": "bfafba18e93940f8", "task": "super_resolution", "workspace_bytes": 11191360, "wpackets_sha256": "fa47270ce3f0ed6c", "xclbin_sha256": "919f66a68e72d1fc"}, "mac_model": "aligned", "native_preprocess_loaded": true, "npu_power_mode": "default", "numpy": "2.5.3", "onnxruntime": "1.30.0", "provenance": {"src/ignite_xdna/compiler/engine_bf16_emulator.py": "9f4fe7c72fdb1b67", "src/ignite_xdna/compiler/engine_schedule_bf16.py": "3a45d7bb4eeda61e", "src/ignite_xdna/compiler/graph_ir.py": "82954487a0dc6e90", "src/ignite_xdna/compiler/graph_reference_bf16.py": "7dec197ba5f0e555", "src/ignite_xdna/runtime/graph_session.py": "ac29ecbd5e819262", "tools/bf16_sr_silicon_check.py": "c3c8daec986259eb", "tools/w8a16_oracle.py": "872cd9e8cd0a4b23"}, "qdq": {"path": "sesr_m7_xint8.onnx", "sha256": "bfafba18e93940f8"}, "rounds": 2, "seeds": [0], "warmup": 30, "xrt": {"device": "NPU Phoenix", "npu_driver": "32.0.20101.3760", "npu_firmware": "1.5.5.391", "xrt_version": "2.21.0"}}
BF16_SR_WITNESS {"idle": true, "rc": 0, "report": ["[003d:00:01.1] : NPU Phoenix", "AIE Partitions", "No hardware contexts running on device"], "when": "start"}
BF16_SR_DEVICE_FRAMES {"dispatch_ms": [6.63, 5.156, 5.155, 5.442, 5.125, 5.114, 5.169], "frames": ["baby", "bird", "butterfly", "head", "woman", "seed0", "baby_again"]}
NPU_TIMELINE "\n-----------------------------\n[003d:00:01.1] : NPU Phoenix\n-----------------------------\nAIE Partitions\n  Total Memory Usage: 74 MB\n  Partition Index   : 0\n    Columns: [1, 2, 3, 4]\n    HW Contexts:\n      |PID                 |Ctx ID     |Submissions |Migrations  |Err  |Priority |\n      |Process Name        |Status     |Completions |Suspensions |     |GOPS     |\n      |Memory Usage        |Instr BO   |            |            |     |FPS      |\n      |                    |           |            |            |     |Latency  |\n      |====================|===========|============|============|=====|=========|\n      |62584               |6          |123         |0           |0    |Normal   |\n      |python.exe          |Active     |122         |0           |     |N/A      |\n      |74 MB               |384 KB     |            |            |     |N/A      |\n      |                    |           |            |            |     |N/A      |\n      |--------------------|-----------|------------|------------|-----|---------|\n"
NPU_OWNERSHIP {"context_pids": [62584], "owned_pids": [41764, 62584, 66140, 67572, 68344], "foreign_pids": []}
BF16_SR_TIMING {"arm": "int8_npu", "dispatch_ms": {"max": 4.8242, "mean": 4.0963, "min": 3.97, "p50": 4.0524, "p99": 4.5864}, "frames": 300, "postprocess_ms": {"max": 1.285, "mean": 0.3535, "min": 0.2082, "p50": 0.3548, "p99": 0.5573}, "readback_ms": {"max": 0.0638, "mean": 0.0222, "min": 0.0137, "p50": 0.0213, "p99": 0.0397}, "round": 0, "span": "one 256x256 tile", "stage_ms": {"max": 1.3732, "mean": 0.1156, "min": 0.0593, "p50": 0.1131, "p99": 0.1902}, "tile_total_ms": {"max": 5.9277, "mean": 4.5877, "min": 4.3244, "p50": 4.5434, "p99": 5.3257}, "warmup": 30}
HOST_TIMELINE {"elapsed_seconds": 3.906, "tree_rss_bytes": 443387904, "foreign_peers": []}
BF16_SR_TIMING {"arm": "bf16_npu", "dispatch_ms": {"max": 5.842, "mean": 5.2139, "min": 5.0441, "p50": 5.1497, "p99": 5.7154}, "frames": 300, "postprocess_ms": {"max": 7.1498, "mean": 4.8734, "min": 4.0632, "p50": 4.8613, "p99": 6.151}, "readback_ms": {"max": 0.0799, "mean": 0.0414, "min": 0.0252, "p50": 0.0401, "p99": 0.0676}, "round": 0, "span": "one 256x256 tile", "stage_ms": {"max": 1.5484, "mean": 0.6573, "min": 0.5875, "p50": 0.631, "p99": 1.048}, "tile_total_ms": {"max": 13.333, "mean": 10.786, "min": 9.8139, "p50": 10.7472, "p99": 12.214}, "warmup": 30}
NPU_TIMELINE "\n-----------------------------\n[003d:00:01.1] : NPU Phoenix\n-----------------------------\nAIE Partitions\n  Total Memory Usage: 74 MB\n  Partition Index   : 0\n    Columns: [1, 2, 3, 4]\n    HW Contexts:\n      |PID                 |Ctx ID     |Submissions |Migrations  |Err  |Priority |\n      |Process Name        |Status     |Completions |Suspensions |     |GOPS     |\n      |Memory Usage        |Instr BO   |            |            |     |FPS      |\n      |                    |           |            |            |     |Latency  |\n      |====================|===========|============|============|=====|=========|\n      |62584               |8          |96          |0           |0    |Normal   |\n      |python.exe          |Active     |95          |0           |     |N/A      |\n      |74 MB               |384 KB     |            |            |     |N/A      |\n      |                    |           |            |            |     |N/A      |\n      |--------------------|-----------|------------|------------|-----|---------|\n"
NPU_OWNERSHIP {"context_pids": [62584], "owned_pids": [41764, 62584, 66140, 67572, 68344], "foreign_pids": []}
HOST_TIMELINE {"elapsed_seconds": 7.86, "tree_rss_bytes": 503099392, "foreign_peers": []}
BF16_SR_TIMING {"arm": "int8_npu", "dispatch_ms": {"max": 4.8616, "mean": 4.0743, "min": 3.9508, "p50": 4.0401, "p99": 4.5708}, "frames": 300, "postprocess_ms": {"max": 0.625, "mean": 0.3369, "min": 0.2097, "p50": 0.354, "p99": 0.4101}, "readback_ms": {"max": 0.0593, "mean": 0.0229, "min": 0.0139, "p50": 0.0218, "p99": 0.0393}, "round": 1, "span": "one 256x256 tile", "stage_ms": {"max": 0.8659, "mean": 0.1191, "min": 0.0579, "p50": 0.1059, "p99": 0.7127}, "tile_total_ms": {"max": 5.3961, "mean": 4.5532, "min": 4.3177, "p50": 4.5139, "p99": 5.1903}, "warmup": 30}
BF16_SR_TIMING {"arm": "bf16_npu", "dispatch_ms": {"max": 6.7911, "mean": 5.278, "min": 5.0489, "p50": 5.1958, "p99": 5.887}, "frames": 300, "postprocess_ms": {"max": 6.6312, "mean": 4.7193, "min": 4.0329, "p50": 4.7164, "p99": 6.1303}, "readback_ms": {"max": 0.0801, "mean": 0.0423, "min": 0.0243, "p50": 0.0399, "p99": 0.0721}, "round": 1, "span": "one 256x256 tile", "stage_ms": {"max": 1.0357, "mean": 0.6379, "min": 0.6109, "p50": 0.6273, "p99": 1.0127}, "tile_total_ms": {"max": 12.6897, "mean": 10.6776, "min": 9.8702, "p50": 10.6689, "p99": 12.4079}, "warmup": 30}
HOST_TIMELINE {"elapsed_seconds": 11.953, "tree_rss_bytes": 515743744, "foreign_peers": []}
NPU_TIMELINE "\n-----------------------------\n[003d:00:01.1] : NPU Phoenix\n-----------------------------\nAIE Partitions\n  No hardware contexts running on device\n\n"
NPU_OWNERSHIP {"context_pids": [], "owned_pids": [41764, 62584, 66140, 67572, 68344], "foreign_pids": []}
BF16_SR_WITNESS {"idle": true, "rc": 0, "report": ["[003d:00:01.1] : NPU Phoenix", "AIE Partitions", "No hardware contexts running on device"], "when": "end"}
BF16_SR_TIMING {"arm": "fp32_cpu", "frames": 300, "ort_session_options": "default", "postprocess_ms": {"max": 3.6351, "mean": 2.133, "min": 1.7783, "p50": 1.9502, "p99": 2.8862}, "preprocess_ms": {"max": 0.8876, "mean": 0.2469, "min": 0.1679, "p50": 0.2441, "p99": 0.327}, "round": 0, "run_ms": {"max": 11.0424, "mean": 7.4729, "min": 4.7072, "p50": 7.1713, "p99": 8.7494}, "span": "one 256x256 tile", "tile_total_ms": {"max": 14.6925, "mean": 9.8528, "min": 7.2348, "p50": 9.4722, "p99": 11.6807}, "warmup": 30}
HOST_TIMELINE {"elapsed_seconds": 15.844, "tree_rss_bytes": 318210048, "foreign_peers": []}
NPU_TIMELINE "\n-----------------------------\n[003d:00:01.1] : NPU Phoenix\n-----------------------------\nAIE Partitions\n  No hardware contexts running on device\n\n"
NPU_OWNERSHIP {"context_pids": [], "owned_pids": [41764, 62584, 66140, 67572, 68344], "foreign_pids": []}
BF16_SR_QUALITY {"arm": "int8_npu", "dataset": "Set5", "images": 5, "per_image_psnr_y": {"baby": 36.06, "bird": 37.476, "butterfly": 30.9042, "head": 33.5851, "woman": 33.2209}, "psnr_rgb": 33.1544, "psnr_y": 34.2492, "ssim_rgb": 0.9071, "ssim_y": 0.9339}
BF16_SR_QUALITY {"arm": "bf16_npu", "dataset": "Set5", "images": 5, "per_image_psnr_y": {"baby": 36.549, "bird": 38.2373, "butterfly": 31.1111, "head": 33.847, "woman": 33.5301}, "psnr_rgb": 33.5901, "psnr_y": 34.6549, "ssim_rgb": 0.9163, "ssim_y": 0.9408}
BF16_SR_QUALITY {"arm": "fp32_cpu", "dataset": "Set5", "images": 5, "per_image_psnr_y": {"baby": 37.2693, "bird": 40.0999, "butterfly": 32.0642, "head": 34.5293, "woman": 34.2516}, "psnr_rgb": 34.8833, "psnr_y": 35.6429, "ssim_rgb": 0.9401, "ssim_y": 0.9518}
BF16_SR_QUALITY {"arm": "xint8_cpu_noopt", "dataset": "Set5", "images": 5, "per_image_psnr_y": {"baby": 36.06, "bird": 37.476, "butterfly": 30.9042, "head": 33.5851, "woman": 33.2209}, "psnr_rgb": 33.1544, "psnr_y": 34.2492, "ssim_rgb": 0.9071, "ssim_y": 0.9339}
BF16_SR_QUALITY {"arm": "w8a16_oracle_cpu", "dataset": "Set5", "images": 5, "per_image_psnr_y": {"baby": 36.549, "bird": 38.2373, "butterfly": 31.1111, "head": 33.847, "woman": 33.5302}, "psnr_rgb": 33.5901, "psnr_y": 34.6549, "ssim_rgb": 0.9163, "ssim_y": 0.9408}
BF16_SR_AGREEMENT {"a": "int8_npu", "b": "xint8_cpu_noopt", "dataset": "Set5", "differ": 0, "max_abs": 0, "pixels": 1702368}
BF16_SR_AGREEMENT {"a": "bf16_npu", "b": "w8a16_oracle_cpu", "dataset": "Set5", "differ": 4, "max_abs": 1, "pixels": 1702368}
BF16_SR_AGREEMENT {"a": "bf16_npu", "b": "int8_npu", "dataset": "Set5", "differ": 1264581, "max_abs": 10, "pixels": 1702368}
HOST_TIMELINE {"elapsed_seconds": 19.641, "tree_rss_bytes": 449757184, "foreign_peers": []}
BF16_SR_QUALITY {"arm": "int8_npu", "dataset": "Set14", "images": 14, "per_image_psnr_y": {"baboon": 24.0479, "barbara": 26.6742, "bridge": 27.6266, "coastguard": 29.1229, "comic": 24.304, "face": 33.5768, "flowers": 31.5558, "foreman": 31.9134, "lenna": 33.9905, "man": 29.4853, "monarch": 35.1642, "pepper": 32.8868, "ppt3": 23.9542, "zebra": 27.4348}, "psnr_rgb": 28.7302, "psnr_y": 29.4098, "ssim_rgb": 0.8552, "ssim_y": 0.8771}
BF16_SR_QUALITY {"arm": "bf16_npu", "dataset": "Set14", "images": 14, "per_image_psnr_y": {"baboon": 24.0853, "barbara": 26.7511, "bridge": 27.7059, "coastguard": 29.239, "comic": 24.3369, "face": 33.8405, "flowers": 31.8922, "foreman": 32.093, "lenna": 34.4693, "man": 29.6095, "monarch": 35.7734, "pepper": 33.1629, "ppt3": 23.9657, "zebra": 27.4854}, "psnr_rgb": 28.9417, "psnr_y": 29.6007, "ssim_rgb": 0.8633, "ssim_y": 0.8826}
BF16_SR_QUALITY {"arm": "fp32_cpu", "dataset": "Set14", "images": 14, "per_image_psnr_y": {"baboon": 24.2344, "barbara": 26.8089, "bridge": 27.8504, "coastguard": 29.4098, "comic": 24.2819, "face": 34.5171, "flowers": 32.542, "foreman": 32.411, "lenna": 35.5575, "man": 29.8904, "monarch": 37.2143, "pepper": 34.2003, "ppt3": 24.1597, "zebra": 27.3735}, "psnr_rgb": 29.3738, "psnr_y": 30.0322, "ssim_rgb": 0.8746, "ssim_y": 0.891}
NPU_TIMELINE "\n-----------------------------\n[003d:00:01.1] : NPU Phoenix\n-----------------------------\nAIE Partitions\n  No hardware contexts running on device\n\n"
NPU_OWNERSHIP {"context_pids": [], "owned_pids": [41764, 62584, 66140, 67572, 68344], "foreign_pids": []}
HOST_TIMELINE {"elapsed_seconds": 23.453, "tree_rss_bytes": 482549760, "foreign_peers": []}
BF16_SR_QUALITY {"arm": "xint8_cpu_noopt", "dataset": "Set14", "images": 14, "per_image_psnr_y": {"baboon": 24.0479, "barbara": 26.6742, "bridge": 27.6266, "coastguard": 29.1229, "comic": 24.304, "face": 33.5768, "flowers": 31.5558, "foreman": 31.9134, "lenna": 33.9905, "man": 29.4853, "monarch": 35.1642, "pepper": 32.8868, "ppt3": 23.9542, "zebra": 27.4348}, "psnr_rgb": 28.7302, "psnr_y": 29.4098, "ssim_rgb": 0.8552, "ssim_y": 0.8771}
BF16_SR_QUALITY {"arm": "w8a16_oracle_cpu", "dataset": "Set14", "images": 14, "per_image_psnr_y": {"baboon": 24.0853, "barbara": 26.7511, "bridge": 27.7059, "coastguard": 29.239, "comic": 24.3369, "face": 33.8405, "flowers": 31.8922, "foreman": 32.093, "lenna": 34.4693, "man": 29.6095, "monarch": 35.7734, "pepper": 33.1629, "ppt3": 23.9657, "zebra": 27.4854}, "psnr_rgb": 28.9417, "psnr_y": 29.6007, "ssim_rgb": 0.8633, "ssim_y": 0.8826}
BF16_SR_AGREEMENT {"a": "int8_npu", "b": "xint8_cpu_noopt", "dataset": "Set14", "differ": 0, "max_abs": 0, "pixels": 9664044}
BF16_SR_AGREEMENT {"a": "bf16_npu", "b": "w8a16_oracle_cpu", "dataset": "Set14", "differ": 140, "max_abs": 1, "pixels": 9664044}
BF16_SR_AGREEMENT {"a": "bf16_npu", "b": "int8_npu", "dataset": "Set14", "differ": 7104729, "max_abs": 55, "pixels": 9664044}
HOST_TIMELINE {"elapsed_seconds": 27.235, "tree_rss_bytes": 425644032, "foreign_peers": []}
NPU_TIMELINE "\n-----------------------------\n[003d:00:01.1] : NPU Phoenix\n-----------------------------\nAIE Partitions\n  No hardware contexts running on device\n\n"
NPU_OWNERSHIP {"context_pids": [], "owned_pids": [41764, 62584, 66140, 67572, 68344], "foreign_pids": []}
HOST_TIMELINE {"elapsed_seconds": 30.781, "tree_rss_bytes": 434601984, "foreign_peers": []}
NPU_TIMELINE "\n-----------------------------\n[003d:00:01.1] : NPU Phoenix\n-----------------------------\nAIE Partitions\n  No hardware contexts running on device\n\n"
NPU_OWNERSHIP {"context_pids": [], "owned_pids": [41764, 62584, 66140, 67572, 68344], "foreign_pids": []}
HOST_TIMELINE {"elapsed_seconds": 34.266, "tree_rss_bytes": 441532416, "foreign_peers": []}
HOST_TIMELINE {"elapsed_seconds": 37.844, "tree_rss_bytes": 447016960, "foreign_peers": []}
NPU_TIMELINE "\n-----------------------------\n[003d:00:01.1] : NPU Phoenix\n-----------------------------\nAIE Partitions\n  No hardware contexts running on device\n\n"
NPU_OWNERSHIP {"context_pids": [], "owned_pids": [41764, 62584, 66140, 67572, 68344], "foreign_pids": []}
HOST_TIMELINE {"elapsed_seconds": 41.36, "tree_rss_bytes": 454393856, "foreign_peers": []}
NPU_TIMELINE "\n-----------------------------\n[003d:00:01.1] : NPU Phoenix\n-----------------------------\nAIE Partitions\n  No hardware contexts running on device\n\n"
NPU_OWNERSHIP {"context_pids": [], "owned_pids": [41764, 62584, 66140, 67572, 68344], "foreign_pids": []}
HOST_TIMELINE {"elapsed_seconds": 44.938, "tree_rss_bytes": 459644928, "foreign_peers": []}
HOST_TIMELINE {"elapsed_seconds": 48.5, "tree_rss_bytes": 462528512, "foreign_peers": []}
NPU_TIMELINE "\n-----------------------------\n[003d:00:01.1] : NPU Phoenix\n-----------------------------\nAIE Partitions\n  No hardware contexts running on device\n\n"
NPU_OWNERSHIP {"context_pids": [], "owned_pids": [41764, 62584, 66140, 67572, 68344], "foreign_pids": []}
HOST_TIMELINE {"elapsed_seconds": 52.047, "tree_rss_bytes": 481656832, "foreign_peers": []}
NPU_TIMELINE "\n-----------------------------\n[003d:00:01.1] : NPU Phoenix\n-----------------------------\nAIE Partitions\n  No hardware contexts running on device\n\n"
NPU_OWNERSHIP {"context_pids": [], "owned_pids": [41764, 62584, 66140, 67572, 68344], "foreign_pids": []}
HOST_TIMELINE {"elapsed_seconds": 55.594, "tree_rss_bytes": 490627072, "foreign_peers": []}
HOST_TIMELINE {"elapsed_seconds": 59.203, "tree_rss_bytes": 497364992, "foreign_peers": []}
NPU_TIMELINE "\n-----------------------------\n[003d:00:01.1] : NPU Phoenix\n-----------------------------\nAIE Partitions\n  No hardware contexts running on device\n\n"
NPU_OWNERSHIP {"context_pids": [], "owned_pids": [41764, 62584, 66140, 67572, 68344], "foreign_pids": []}
HOST_TIMELINE {"elapsed_seconds": 62.797, "tree_rss_bytes": 503459840, "foreign_peers": []}
NPU_TIMELINE "\n-----------------------------\n[003d:00:01.1] : NPU Phoenix\n-----------------------------\nAIE Partitions\n  No hardware contexts running on device\n\n"
NPU_OWNERSHIP {"context_pids": [], "owned_pids": [41764, 62584, 66140, 67572, 68344], "foreign_pids": []}
HOST_TIMELINE {"elapsed_seconds": 66.313, "tree_rss_bytes": 509841408, "foreign_peers": []}
HOST_TIMELINE {"elapsed_seconds": 69.891, "tree_rss_bytes": 516911104, "foreign_peers": []}
NPU_TIMELINE "\n-----------------------------\n[003d:00:01.1] : NPU Phoenix\n-----------------------------\nAIE Partitions\n  No hardware contexts running on device\n\n"
NPU_OWNERSHIP {"context_pids": [], "owned_pids": [41764, 62584, 66140, 67572, 68344], "foreign_pids": []}
HOST_TIMELINE {"elapsed_seconds": 73.391, "tree_rss_bytes": 519663616, "foreign_peers": []}
NPU_TIMELINE "\n-----------------------------\n[003d:00:01.1] : NPU Phoenix\n-----------------------------\nAIE Partitions\n  No hardware contexts running on device\n\n"
NPU_OWNERSHIP {"context_pids": [], "owned_pids": [41764, 62584, 66140, 67572, 68344], "foreign_pids": []}
HOST_TIMELINE {"elapsed_seconds": 76.922, "tree_rss_bytes": 521453568, "foreign_peers": []}
HOST_TIMELINE {"elapsed_seconds": 80.5, "tree_rss_bytes": 485720064, "foreign_peers": []}
NPU_TIMELINE "\n-----------------------------\n[003d:00:01.1] : NPU Phoenix\n-----------------------------\nAIE Partitions\n  No hardware contexts running on device\n\n"
NPU_OWNERSHIP {"context_pids": [], "owned_pids": [41764, 62584, 66140, 67572, 68344], "foreign_pids": []}
HOST_TIMELINE {"elapsed_seconds": 83.969, "tree_rss_bytes": 495517696, "foreign_peers": []}
NPU_TIMELINE "\n-----------------------------\n[003d:00:01.1] : NPU Phoenix\n-----------------------------\nAIE Partitions\n  No hardware contexts running on device\n\n"
NPU_OWNERSHIP {"context_pids": [], "owned_pids": [41764, 62584, 66140, 67572, 68344], "foreign_pids": []}
HOST_TIMELINE {"elapsed_seconds": 87.531, "tree_rss_bytes": 501919744, "foreign_peers": []}
HOST_TIMELINE {"elapsed_seconds": 91.094, "tree_rss_bytes": 508596224, "foreign_peers": []}
NPU_TIMELINE "\n-----------------------------\n[003d:00:01.1] : NPU Phoenix\n-----------------------------\nAIE Partitions\n  No hardware contexts running on device\n\n"
NPU_OWNERSHIP {"context_pids": [], "owned_pids": [41764, 62584, 66140, 67572, 68344], "foreign_pids": []}
HOST_TIMELINE {"elapsed_seconds": 94.641, "tree_rss_bytes": 514318336, "foreign_peers": []}
NPU_TIMELINE "\n-----------------------------\n[003d:00:01.1] : NPU Phoenix\n-----------------------------\nAIE Partitions\n  No hardware contexts running on device\n\n"
NPU_OWNERSHIP {"context_pids": [], "owned_pids": [41764, 62584, 66140, 67572, 68344], "foreign_pids": []}
HOST_TIMELINE {"elapsed_seconds": 98.188, "tree_rss_bytes": 520224768, "foreign_peers": []}
HOST_TIMELINE {"elapsed_seconds": 101.672, "tree_rss_bytes": 523173888, "foreign_peers": []}
NPU_TIMELINE "\n-----------------------------\n[003d:00:01.1] : NPU Phoenix\n-----------------------------\nAIE Partitions\n  No hardware contexts running on device\n\n"
NPU_OWNERSHIP {"context_pids": [], "owned_pids": [41764, 62584, 66140, 67572, 68344], "foreign_pids": []}
HOST_TIMELINE {"elapsed_seconds": 105.266, "tree_rss_bytes": 485855232, "foreign_peers": []}
NPU_TIMELINE "\n-----------------------------\n[003d:00:01.1] : NPU Phoenix\n-----------------------------\nAIE Partitions\n  No hardware contexts running on device\n\n"
NPU_OWNERSHIP {"context_pids": [], "owned_pids": [41764, 62584, 66140, 67572, 68344], "foreign_pids": []}
HOST_TIMELINE {"elapsed_seconds": 108.828, "tree_rss_bytes": 494084096, "foreign_peers": []}
HOST_TIMELINE {"elapsed_seconds": 112.328, "tree_rss_bytes": 501088256, "foreign_peers": []}
NPU_TIMELINE "\n-----------------------------\n[003d:00:01.1] : NPU Phoenix\n-----------------------------\nAIE Partitions\n  No hardware contexts running on device\n\n"
NPU_OWNERSHIP {"context_pids": [], "owned_pids": [41764, 62584, 66140, 67572, 68344], "foreign_pids": []}
HOST_TIMELINE {"elapsed_seconds": 115.875, "tree_rss_bytes": 506531840, "foreign_peers": []}
NPU_TIMELINE "\n-----------------------------\n[003d:00:01.1] : NPU Phoenix\n-----------------------------\nAIE Partitions\n  No hardware contexts running on device\n\n"
NPU_OWNERSHIP {"context_pids": [], "owned_pids": [41764, 62584, 66140, 67572, 68344], "foreign_pids": []}
HOST_TIMELINE {"elapsed_seconds": 119.328, "tree_rss_bytes": 513437696, "foreign_peers": []}
HOST_TIMELINE {"elapsed_seconds": 122.875, "tree_rss_bytes": 519430144, "foreign_peers": []}
NPU_TIMELINE "\n-----------------------------\n[003d:00:01.1] : NPU Phoenix\n-----------------------------\nAIE Partitions\n  No hardware contexts running on device\n\n"
NPU_OWNERSHIP {"context_pids": [], "owned_pids": [41764, 62584, 66140, 67572, 68344], "foreign_pids": []}
HOST_TIMELINE {"elapsed_seconds": 126.406, "tree_rss_bytes": 522530816, "foreign_peers": []}
NPU_TIMELINE "\n-----------------------------\n[003d:00:01.1] : NPU Phoenix\n-----------------------------\nAIE Partitions\n  No hardware contexts running on device\n\n"
NPU_OWNERSHIP {"context_pids": [], "owned_pids": [41764, 62584, 66140, 67572, 68344], "foreign_pids": []}
HOST_TIMELINE {"elapsed_seconds": 129.922, "tree_rss_bytes": 477548544, "foreign_peers": []}
HOST_TIMELINE {"elapsed_seconds": 133.5, "tree_rss_bytes": 492670976, "foreign_peers": []}
NPU_TIMELINE "\n-----------------------------\n[003d:00:01.1] : NPU Phoenix\n-----------------------------\nAIE Partitions\n  No hardware contexts running on device\n\n"
NPU_OWNERSHIP {"context_pids": [], "owned_pids": [41764, 62584, 66140, 67572, 68344], "foreign_pids": []}
HOST_TIMELINE {"elapsed_seconds": 137.031, "tree_rss_bytes": 499691520, "foreign_peers": []}
NPU_TIMELINE "\n-----------------------------\n[003d:00:01.1] : NPU Phoenix\n-----------------------------\nAIE Partitions\n  No hardware contexts running on device\n\n"
NPU_OWNERSHIP {"context_pids": [], "owned_pids": [41764, 62584, 66140, 67572, 68344], "foreign_pids": []}
HOST_TIMELINE {"elapsed_seconds": 140.594, "tree_rss_bytes": 505073664, "foreign_peers": []}
HOST_TIMELINE {"elapsed_seconds": 144.11, "tree_rss_bytes": 511483904, "foreign_peers": []}
NPU_TIMELINE "\n-----------------------------\n[003d:00:01.1] : NPU Phoenix\n-----------------------------\nAIE Partitions\n  No hardware contexts running on device\n\n"
NPU_OWNERSHIP {"context_pids": [], "owned_pids": [41764, 62584, 66140, 67572, 68344], "foreign_pids": []}
HOST_TIMELINE {"elapsed_seconds": 147.578, "tree_rss_bytes": 517734400, "foreign_peers": []}
NPU_TIMELINE "\n-----------------------------\n[003d:00:01.1] : NPU Phoenix\n-----------------------------\nAIE Partitions\n  No hardware contexts running on device\n\n"
NPU_OWNERSHIP {"context_pids": [], "owned_pids": [41764, 62584, 66140, 67572, 68344], "foreign_pids": []}
HOST_TIMELINE {"elapsed_seconds": 151.047, "tree_rss_bytes": 521666560, "foreign_peers": []}
HOST_TIMELINE {"elapsed_seconds": 154.531, "tree_rss_bytes": 524021760, "foreign_peers": []}
NPU_TIMELINE "\n-----------------------------\n[003d:00:01.1] : NPU Phoenix\n-----------------------------\nAIE Partitions\n  No hardware contexts running on device\n\n"
NPU_OWNERSHIP {"context_pids": [], "owned_pids": [41764, 62584, 66140, 67572, 68344], "foreign_pids": []}
HOST_TIMELINE {"elapsed_seconds": 157.985, "tree_rss_bytes": 488087552, "foreign_peers": []}
NPU_TIMELINE "\n-----------------------------\n[003d:00:01.1] : NPU Phoenix\n-----------------------------\nAIE Partitions\n  No hardware contexts running on device\n\n"
NPU_OWNERSHIP {"context_pids": [], "owned_pids": [41764, 62584, 66140, 67572, 68344], "foreign_pids": []}
HOST_TIMELINE {"elapsed_seconds": 161.422, "tree_rss_bytes": 496775168, "foreign_peers": []}
HOST_TIMELINE {"elapsed_seconds": 165.0, "tree_rss_bytes": 503140352, "foreign_peers": []}
NPU_TIMELINE "\n-----------------------------\n[003d:00:01.1] : NPU Phoenix\n-----------------------------\nAIE Partitions\n  No hardware contexts running on device\n\n"
NPU_OWNERSHIP {"context_pids": [], "owned_pids": [41764, 62584, 66140, 67572, 68344], "foreign_pids": []}
HOST_TIMELINE {"elapsed_seconds": 168.406, "tree_rss_bytes": 509214720, "foreign_peers": []}
NPU_TIMELINE "\n-----------------------------\n[003d:00:01.1] : NPU Phoenix\n-----------------------------\nAIE Partitions\n  No hardware contexts running on device\n\n"
NPU_OWNERSHIP {"context_pids": [], "owned_pids": [41764, 62584, 66140, 67572, 68344], "foreign_pids": []}
HOST_TIMELINE {"elapsed_seconds": 171.938, "tree_rss_bytes": 516456448, "foreign_peers": []}
HOST_TIMELINE {"elapsed_seconds": 175.469, "tree_rss_bytes": 521900032, "foreign_peers": []}
NPU_TIMELINE "\n-----------------------------\n[003d:00:01.1] : NPU Phoenix\n-----------------------------\nAIE Partitions\n  No hardware contexts running on device\n\n"
NPU_OWNERSHIP {"context_pids": [], "owned_pids": [41764, 62584, 66140, 67572, 68344], "foreign_pids": []}
HOST_TIMELINE {"elapsed_seconds": 178.985, "tree_rss_bytes": 524525568, "foreign_peers": []}
NPU_TIMELINE "\n-----------------------------\n[003d:00:01.1] : NPU Phoenix\n-----------------------------\nAIE Partitions\n  No hardware contexts running on device\n\n"
NPU_OWNERSHIP {"context_pids": [], "owned_pids": [41764, 62584, 66140, 67572, 68344], "foreign_pids": []}
BF16_SR_EXACT {"dispatch_ms": 6.63, "emulator_s": 26.2, "exact": true, "input_region_intact": true, "label": "baby", "nonfinite_tail": 0, "resident_tensors": {"compared": 6, "differ": 0, "per_tensor_differ": {"/Add_output_0_QuantizeLinear_Output": 0, "/body.4/body.4.1/Relu_output_0_QuantizeLinear_Output": 0, "/body.5/body.5.1/Relu_output_0_QuantizeLinear_Output": 0, "/head/Conv_output_0_QuantizeLinear_Output": 0, "/tail/Conv_output_0_QuantizeLinear_Output": 0, "input_QuantizeLinear_Output": 0}, "values": 5177344}, "staged_is_the_compilers_plane": true, "tail": {"differ": 0, "differ_padding_lanes": 0, "lanes": 16, "max_ulp": 0, "values": 1048576, "zero_sign_only": 0}, "vs_oracle": {"differ": 2, "finite": true, "max_abs": 0.5, "max_abs_peak_ulps": 0.5, "max_ulp": 1, "n": 786432, "peak": 137.0, "rel_l2": 1.0286440714809005e-05, "zero_sign_only": 0}}
BF16_SR_EXACT {"dispatch_ms": 5.156, "emulator_s": 26.1, "exact": true, "input_region_intact": true, "label": "bird", "nonfinite_tail": 0, "resident_tensors": {"compared": 6, "differ": 0, "per_tensor_differ": {"/Add_output_0_QuantizeLinear_Output": 0, "/body.4/body.4.1/Relu_output_0_QuantizeLinear_Output": 0, "/body.5/body.5.1/Relu_output_0_QuantizeLinear_Output": 0, "/head/Conv_output_0_QuantizeLinear_Output": 0, "/tail/Conv_output_0_QuantizeLinear_Output": 0, "input_QuantizeLinear_Output": 0}, "values": 5177344}, "staged_is_the_compilers_plane": true, "tail": {"differ": 0, "differ_padding_lanes": 0, "lanes": 16, "max_ulp": 0, "values": 1048576, "zero_sign_only": 0}, "vs_oracle": {"differ": 13, "finite": true, "max_abs": 0.5, "max_abs_peak_ulps": 0.5, "max_ulp": 1, "n": 786432, "peak": 136.0, "rel_l2": 7.63644936295787e-06, "zero_sign_only": 0}}
BF16_SR_EXACT {"dispatch_ms": 5.155, "emulator_s": 26.1, "exact": true, "input_region_intact": true, "label": "butterfly", "nonfinite_tail": 0, "resident_tensors": {"compared": 6, "differ": 0, "per_tensor_differ": {"/Add_output_0_QuantizeLinear_Output": 0, "/body.4/body.4.1/Relu_output_0_QuantizeLinear_Output": 0, "/body.5/body.5.1/Relu_output_0_QuantizeLinear_Output": 0, "/head/Conv_output_0_QuantizeLinear_Output": 0, "/tail/Conv_output_0_QuantizeLinear_Output": 0, "input_QuantizeLinear_Output": 0}, "values": 5177344}, "staged_is_the_compilers_plane": true, "tail": {"differ": 0, "differ_padding_lanes": 0, "lanes": 16, "max_ulp": 0, "values": 1048576, "zero_sign_only": 0}, "vs_oracle": {"differ": 10, "finite": true, "max_abs": 0.5, "max_abs_peak_ulps": 1.0, "max_ulp": 1, "n": 786432, "peak": 118.5, "rel_l2": 1.537461423258438e-05, "zero_sign_only": 0}}
BF16_SR_EXACT {"dispatch_ms": 5.442, "emulator_s": 26.1, "exact": true, "input_region_intact": true, "label": "head", "nonfinite_tail": 0, "resident_tensors": {"compared": 6, "differ": 0, "per_tensor_differ": {"/Add_output_0_QuantizeLinear_Output": 0, "/body.4/body.4.1/Relu_output_0_QuantizeLinear_Output": 0, "/body.5/body.5.1/Relu_output_0_QuantizeLinear_Output": 0, "/head/Conv_output_0_QuantizeLinear_Output": 0, "/tail/Conv_output_0_QuantizeLinear_Output": 0, "input_QuantizeLinear_Output": 0}, "values": 5177344}, "staged_is_the_compilers_plane": true, "tail": {"differ": 0, "differ_padding_lanes": 0, "lanes": 16, "max_ulp": 0, "values": 1048576, "zero_sign_only": 0}, "vs_oracle": {"differ": 58, "finite": true, "max_abs": 0.5, "max_abs_peak_ulps": 0.5, "max_ulp": 104, "n": 786432, "peak": 136.0, "rel_l2": 1.594379543119743e-05, "zero_sign_only": 0}}
BF16_SR_EXACT {"dispatch_ms": 5.125, "emulator_s": 26.2, "exact": true, "input_region_intact": true, "label": "woman", "nonfinite_tail": 0, "resident_tensors": {"compared": 6, "differ": 0, "per_tensor_differ": {"/Add_output_0_QuantizeLinear_Output": 0, "/body.4/body.4.1/Relu_output_0_QuantizeLinear_Output": 0, "/body.5/body.5.1/Relu_output_0_QuantizeLinear_Output": 0, "/head/Conv_output_0_QuantizeLinear_Output": 0, "/tail/Conv_output_0_QuantizeLinear_Output": 0, "input_QuantizeLinear_Output": 0}, "values": 5177344}, "staged_is_the_compilers_plane": true, "tail": {"differ": 0, "differ_padding_lanes": 0, "lanes": 16, "max_ulp": 0, "values": 1048576, "zero_sign_only": 0}, "vs_oracle": {"differ": 7, "finite": true, "max_abs": 0.5, "max_abs_peak_ulps": 0.5, "max_ulp": 1, "n": 786432, "peak": 137.0, "rel_l2": 1.3557245706809758e-05, "zero_sign_only": 0}}
BF16_SR_EXACT {"dispatch_ms": 5.114, "emulator_s": 26.1, "exact": true, "input_region_intact": true, "label": "seed0", "nonfinite_tail": 0, "resident_tensors": {"compared": 6, "differ": 0, "per_tensor_differ": {"/Add_output_0_QuantizeLinear_Output": 0, "/body.4/body.4.1/Relu_output_0_QuantizeLinear_Output": 0, "/body.5/body.5.1/Relu_output_0_QuantizeLinear_Output": 0, "/head/Conv_output_0_QuantizeLinear_Output": 0, "/tail/Conv_output_0_QuantizeLinear_Output": 0, "input_QuantizeLinear_Output": 0}, "values": 5177344}, "staged_is_the_compilers_plane": true, "tail": {"differ": 0, "differ_padding_lanes": 0, "lanes": 16, "max_ulp": 0, "values": 1048576, "zero_sign_only": 0}, "vs_oracle": {"differ": 0, "finite": true, "max_abs": 0.0, "max_abs_peak_ulps": 0.0, "max_ulp": 0, "n": 786432, "peak": 322.0, "rel_l2": 0.0, "zero_sign_only": 0}}
BF16_SR_EXACT {"dispatch_ms": 5.169, "input_region_intact": true, "label": "baby_again", "nonfinite_tail": 0, "repeat_of": "baby", "repeat_tail_identical": true, "repeat_tensors_identical": true, "staged_is_the_compilers_plane": true}
BF16_SR_RESULT {"device_equals_emulator": true, "device_idle_after": true, "exact_inputs": 6, "repeat_frames": 1, "resident_values_compared": 31064064, "tail_values_compared": 6291456, "worst_vs_oracle": {"differ": 58, "finite": true, "max_abs": 0.5, "max_abs_peak_ulps": 0.5, "max_ulp": 104, "n": 786432, "peak": 136.0, "rel_l2": 1.594379543119743e-05, "zero_sign_only": 0}}
HOST_TIMELINE {"elapsed_seconds": 182.469, "tree_rss_bytes": 175124480, "foreign_peers": []}
POST_NPU_CONTEXT_WITNESS "\n-----------------------------\n[003d:00:01.1] : NPU Phoenix\n-----------------------------\nAIE Partitions\n  No hardware contexts running on device\n\n"
RESEARCH_PROCESS_RESULT {"exit_code": 0, "stop": null, "peak_tree_rss_bytes": 527147008, "rss_measurement": "maximum observed across sampled descendant working sets; zero observations reported as null", "elapsed_seconds": 184.03099999995902, "foreign_contention_observed": false, "timing_eligible": true}
