RESEARCH_PLATFORM {"machine": "Desktop 2", "cpu": "AMD Ryzen 7 8700G w/ Radeon 780M Graphics", "os": "Windows-11-10.0.26200-SP0", "ram_bytes": 33381138432, "source_sha256": {"tools/research_process.py": "ffeb1857f190b482eed101b5f5a928f455de26bfa61d23f78a2eacec08e2663e", "tools/quant_calib_alphabet.py": "2dc0b2878c564853f340880209a425dfcf63b8536b2b8e9fd32344daade58d37", "tools/xint8_arithmetic_probe.py": "6aa3df08b9870c3c2264b868459d7ffbac3070dddc1349d7c6f3f480075f7041", "scripts/research-lowlevel.sh": "3455ad7933697936487712665505c216891865c6deada647302785f6e37020bd", "scripts/research-iron.sh": "4c863a262646ddab39b5005006ba8e03809895e6386c6310e2fd9d0a9e9609ee", "kernels/memory_placement/probe.py": "e8d990169ad6091fa1b53852e9f61eff495b5def72d35165a5c5cf1759e38898", "kernels/memory_placement/memory_kernels.cc": "182e7af7071a1e851afb4a7ca266069c489aea1fbaaa85eca129708daeba5ba6", "scripts/research-matrix.sh": "739254171629deae822b0ad7dabc875aee19ace56dde77d3e8aab61663f97516", "kernels/memory_placement/gemm.py": "17c905ad66110d3346bbf0db898dfc6b780df59fae1dfb0c1747057ce1e5844e", "kernels/memory_placement/gemm_placement.cc": "f21acf7250b12914ea30cc1f77613239dfa18421a85a1b9a5199017dd916278a", "tools/research_summary.py": "0c00dcceef07053d06731b41a1f1ed58d3ba4ea09f82497de354ce9cef17da20", "tools/research_toolchain.py": "f0a126a24ae213acfaa43460cfd9def0c86d9cb70cfee0228aa271688467b314"}, "commit": "eab30b5398cf25c2a179226fa5c76cfe03ce2dde", "command": ["bash", "scripts/research-iron.sh", "tools/bf16_sr_silicon_check.py", "--container", "build/sesr_m7_bf16_noreuse.ignite", "--qdq", "models/sesr_m7_xint8.onnx", "--fp32", "models/sesr_m7_fp32.onnx", "--no-timing", "--no-quality", "--isolate", "none", "--mac-model", "exp_sum", "--from-dump", "scratch/bf16_sr_dump_sesr_m7_noreuse_20260923"], "seconds_limit": 1800.0, "rss_gib_limit": 8, "checks_only": true, "free_ram_bytes": 19674181632}
BF16_SR_SETUP {"bf16": {"egress_bytes": 1572864, "elem": "bf16", "engine": "conv_engine_bf16_v1", "insts_sha256": "da89e12959ffd58d", "kernel_object_sha256": "67d1050f6809f390", "path": "build/sesr_m7_bf16_noreuse.ignite", "sha256": "df7aae1812771c6f", "source_model_sha256": "bfafba18e93940f8", "task": "super_resolution", "workspace_bytes": 20252352, "wpackets_sha256": "40cdca73e7e4baeb", "xclbin_sha256": "7252679ea3c0e19b"}, "bf16_hosts": ["native", "numpy"], "cv2": "5.0.0", "datasets": ["Set5", "Set14"], "fp32": {"path": "sesr_m7_fp32.onnx", "sha256": "816b87272c9b54a8"}, "frames": 300, "from_dump": "scratch/bf16_sr_dump_sesr_m7_noreuse_20260923", "host": "DESKTOP-CBL5NUA", "images": ["baby.png", "bird.png", "butterfly.png", "head.png", "woman.png"], "int8": null, "isolate": "none", "mac_model": "exp_sum", "native_library": {"bf16_egress": true, "bf16_ingress": true, "loaded": true}, "npu_power_mode": null, "numpy": "2.5.3", "onnxruntime": "1.30.0", "provenance": {"src/ignite_xdna/compiler/engine_bf16_emulator.py": "a37a8b25b958a4f0", "src/ignite_xdna/compiler/engine_schedule_bf16.py": "3a45d7bb4eeda61e", "src/ignite_xdna/compiler/graph_ir.py": "82954487a0dc6e90", "src/ignite_xdna/compiler/graph_reference_bf16.py": "7dec197ba5f0e555", "src/ignite_xdna/pipelines/preprocess.py": "393c03c28f6a9dae", "src/ignite_xdna/pipelines/preprocess_simd.dll": "a3e5836080beacce", "src/ignite_xdna/runtime/graph_session.py": "14d9bfb9df31800f", "tools/bf16_sr_silicon_check.py": "74db7cbd2856b78a", "tools/w8a16_oracle.py": "872cd9e8cd0a4b23"}, "qdq": {"path": "sesr_m7_xint8.onnx", "sha256": "bfafba18e93940f8"}, "rounds": 2, "seeds": [0], "warmup": 30, "xrt": null}
BF16_SR_FROM_DUMP {"container_sha256": "df7aae1812771c6f", "dir": "scratch/bf16_sr_dump_sesr_m7_noreuse_20260923", "frames": ["baby", "bird", "butterfly", "head", "woman", "seed0", "baby_again"], "qdq_sha256": "bfafba18e93940f8"}
HOST_TIMELINE {"elapsed_seconds": 4.719, "tree_rss_bytes": 292442112, "foreign_peers": []}
HOST_TIMELINE {"elapsed_seconds": 9.125, "tree_rss_bytes": 302907392, "foreign_peers": []}
HOST_TIMELINE {"elapsed_seconds": 13.36, "tree_rss_bytes": 308170752, "foreign_peers": []}
HOST_TIMELINE {"elapsed_seconds": 17.641, "tree_rss_bytes": 313602048, "foreign_peers": []}
HOST_TIMELINE {"elapsed_seconds": 22.172, "tree_rss_bytes": 321208320, "foreign_peers": []}
HOST_TIMELINE {"elapsed_seconds": 26.391, "tree_rss_bytes": 326070272, "foreign_peers": []}
HOST_TIMELINE {"elapsed_seconds": 30.625, "tree_rss_bytes": 328892416, "foreign_peers": []}
HOST_TIMELINE {"elapsed_seconds": 35.063, "tree_rss_bytes": 371535872, "foreign_peers": []}
HOST_TIMELINE {"elapsed_seconds": 39.36, "tree_rss_bytes": 380977152, "foreign_peers": []}
HOST_TIMELINE {"elapsed_seconds": 44.172, "tree_rss_bytes": 386256896, "foreign_peers": []}
HOST_TIMELINE {"elapsed_seconds": 48.547, "tree_rss_bytes": 393834496, "foreign_peers": []}
HOST_TIMELINE {"elapsed_seconds": 53.172, "tree_rss_bytes": 399151104, "foreign_peers": []}
HOST_TIMELINE {"elapsed_seconds": 57.782, "tree_rss_bytes": 405958656, "foreign_peers": []}
HOST_TIMELINE {"elapsed_seconds": 62.407, "tree_rss_bytes": 409927680, "foreign_peers": []}
HOST_TIMELINE {"elapsed_seconds": 66.641, "tree_rss_bytes": 411533312, "foreign_peers": []}
HOST_TIMELINE {"elapsed_seconds": 70.86, "tree_rss_bytes": 391598080, "foreign_peers": []}
HOST_TIMELINE {"elapsed_seconds": 75.063, "tree_rss_bytes": 401469440, "foreign_peers": []}
HOST_TIMELINE {"elapsed_seconds": 79.172, "tree_rss_bytes": 407707648, "foreign_peers": []}
HOST_TIMELINE {"elapsed_seconds": 83.219, "tree_rss_bytes": 413540352, "foreign_peers": []}
HOST_TIMELINE {"elapsed_seconds": 87.407, "tree_rss_bytes": 419508224, "foreign_peers": []}
HOST_TIMELINE {"elapsed_seconds": 91.547, "tree_rss_bytes": 425152512, "foreign_peers": []}
HOST_TIMELINE {"elapsed_seconds": 95.61, "tree_rss_bytes": 427446272, "foreign_peers": []}
HOST_TIMELINE {"elapsed_seconds": 99.719, "tree_rss_bytes": 389439488, "foreign_peers": []}
HOST_TIMELINE {"elapsed_seconds": 103.828, "tree_rss_bytes": 397508608, "foreign_peers": []}
HOST_TIMELINE {"elapsed_seconds": 107.985, "tree_rss_bytes": 403750912, "foreign_peers": []}
HOST_TIMELINE {"elapsed_seconds": 112.235, "tree_rss_bytes": 409460736, "foreign_peers": []}
HOST_TIMELINE {"elapsed_seconds": 116.297, "tree_rss_bytes": 415039488, "foreign_peers": []}
HOST_TIMELINE {"elapsed_seconds": 120.36, "tree_rss_bytes": 420937728, "foreign_peers": []}
HOST_TIMELINE {"elapsed_seconds": 124.375, "tree_rss_bytes": 426508288, "foreign_peers": []}
HOST_TIMELINE {"elapsed_seconds": 128.453, "tree_rss_bytes": 428670976, "foreign_peers": []}
HOST_TIMELINE {"elapsed_seconds": 132.578, "tree_rss_bytes": 385073152, "foreign_peers": []}
HOST_TIMELINE {"elapsed_seconds": 136.703, "tree_rss_bytes": 397668352, "foreign_peers": []}
HOST_TIMELINE {"elapsed_seconds": 140.875, "tree_rss_bytes": 404619264, "foreign_peers": []}
HOST_TIMELINE {"elapsed_seconds": 145.078, "tree_rss_bytes": 409866240, "foreign_peers": []}
HOST_TIMELINE {"elapsed_seconds": 149.25, "tree_rss_bytes": 416100352, "foreign_peers": []}
HOST_TIMELINE {"elapsed_seconds": 153.657, "tree_rss_bytes": 422461440, "foreign_peers": []}
HOST_TIMELINE {"elapsed_seconds": 158.047, "tree_rss_bytes": 427188224, "foreign_peers": []}
HOST_TIMELINE {"elapsed_seconds": 162.563, "tree_rss_bytes": 430006272, "foreign_peers": []}
HOST_TIMELINE {"elapsed_seconds": 166.907, "tree_rss_bytes": 392232960, "foreign_peers": []}
HOST_TIMELINE {"elapsed_seconds": 171.266, "tree_rss_bytes": 401444864, "foreign_peers": []}
HOST_TIMELINE {"elapsed_seconds": 175.344, "tree_rss_bytes": 407216128, "foreign_peers": []}
HOST_TIMELINE {"elapsed_seconds": 179.563, "tree_rss_bytes": 413057024, "foreign_peers": []}
HOST_TIMELINE {"elapsed_seconds": 183.594, "tree_rss_bytes": 418394112, "foreign_peers": []}
HOST_TIMELINE {"elapsed_seconds": 187.672, "tree_rss_bytes": 424603648, "foreign_peers": []}
HOST_TIMELINE {"elapsed_seconds": 191.61, "tree_rss_bytes": 429457408, "foreign_peers": []}
HOST_TIMELINE {"elapsed_seconds": 195.75, "tree_rss_bytes": 431882240, "foreign_peers": []}
BF16_SR_EXACT {"dispatch_ms": 6.914, "emulator_s": 32.6, "exact": true, "host": {"egress_path": "native", "native_egress_equals_numpy": true, "stage_path": "native", "staged_is_npu_sesr_preprocess": true}, "input_region_intact": true, "label": "baby", "nonfinite_tail": 0, "resident_tensors": {"compared": 10, "differ": 0, "per_tensor_differ": {"/Add_output_0_QuantizeLinear_Output": 0, "/body.0/body.0.1/Relu_output_0_QuantizeLinear_Output": 0, "/body.1/body.1.1/Relu_output_0_QuantizeLinear_Output": 0, "/body.2/body.2.1/Relu_output_0_QuantizeLinear_Output": 0, "/body.3/body.3.1/Relu_output_0_QuantizeLinear_Output": 0, "/body.4/body.4.1/Relu_output_0_QuantizeLinear_Output": 0, "/body.5/body.5.1/Relu_output_0_QuantizeLinear_Output": 0, "/head/Conv_output_0_QuantizeLinear_Output": 0, "/tail/Conv_output_0_QuantizeLinear_Output": 0, "input_QuantizeLinear_Output": 0}, "values": 9371648, "where": {}}, "staged_is_the_compilers_plane": true, "tail": {"differ": 0, "differ_padding_lanes": 0, "lanes": 16, "max_ulp": 0, "values": 1048576, "zero_sign_only": 0}, "vs_oracle": {"differ": 2, "finite": true, "max_abs": 0.5, "max_abs_peak_ulps": 0.5, "max_ulp": 1, "n": 786432, "peak": 137.0, "rel_l2": 1.0286440714809005e-05, "zero_sign_only": 0}}
BF16_SR_EXACT {"dispatch_ms": 5.309, "emulator_s": 33.2, "exact": true, "host": {"egress_path": "native", "native_egress_equals_numpy": true, "stage_path": "native", "staged_is_npu_sesr_preprocess": true}, "input_region_intact": true, "label": "bird", "nonfinite_tail": 0, "resident_tensors": {"compared": 10, "differ": 0, "per_tensor_differ": {"/Add_output_0_QuantizeLinear_Output": 0, "/body.0/body.0.1/Relu_output_0_QuantizeLinear_Output": 0, "/body.1/body.1.1/Relu_output_0_QuantizeLinear_Output": 0, "/body.2/body.2.1/Relu_output_0_QuantizeLinear_Output": 0, "/body.3/body.3.1/Relu_output_0_QuantizeLinear_Output": 0, "/body.4/body.4.1/Relu_output_0_QuantizeLinear_Output": 0, "/body.5/body.5.1/Relu_output_0_QuantizeLinear_Output": 0, "/head/Conv_output_0_QuantizeLinear_Output": 0, "/tail/Conv_output_0_QuantizeLinear_Output": 0, "input_QuantizeLinear_Output": 0}, "values": 9371648, "where": {}}, "staged_is_the_compilers_plane": true, "tail": {"differ": 0, "differ_padding_lanes": 0, "lanes": 16, "max_ulp": 0, "values": 1048576, "zero_sign_only": 0}, "vs_oracle": {"differ": 13, "finite": true, "max_abs": 0.5, "max_abs_peak_ulps": 0.5, "max_ulp": 1, "n": 786432, "peak": 136.0, "rel_l2": 7.63644936295787e-06, "zero_sign_only": 0}}
BF16_SR_EXACT {"dispatch_ms": 5.36, "emulator_s": 32.0, "exact": true, "host": {"egress_path": "native", "native_egress_equals_numpy": true, "stage_path": "native", "staged_is_npu_sesr_preprocess": true}, "input_region_intact": true, "label": "butterfly", "nonfinite_tail": 0, "resident_tensors": {"compared": 10, "differ": 0, "per_tensor_differ": {"/Add_output_0_QuantizeLinear_Output": 0, "/body.0/body.0.1/Relu_output_0_QuantizeLinear_Output": 0, "/body.1/body.1.1/Relu_output_0_QuantizeLinear_Output": 0, "/body.2/body.2.1/Relu_output_0_QuantizeLinear_Output": 0, "/body.3/body.3.1/Relu_output_0_QuantizeLinear_Output": 0, "/body.4/body.4.1/Relu_output_0_QuantizeLinear_Output": 0, "/body.5/body.5.1/Relu_output_0_QuantizeLinear_Output": 0, "/head/Conv_output_0_QuantizeLinear_Output": 0, "/tail/Conv_output_0_QuantizeLinear_Output": 0, "input_QuantizeLinear_Output": 0}, "values": 9371648, "where": {}}, "staged_is_the_compilers_plane": true, "tail": {"differ": 0, "differ_padding_lanes": 0, "lanes": 16, "max_ulp": 0, "values": 1048576, "zero_sign_only": 0}, "vs_oracle": {"differ": 10, "finite": true, "max_abs": 0.5, "max_abs_peak_ulps": 1.0, "max_ulp": 1, "n": 786432, "peak": 118.5, "rel_l2": 1.537461423258438e-05, "zero_sign_only": 0}}
BF16_SR_EXACT {"dispatch_ms": 5.362, "emulator_s": 33.0, "exact": true, "host": {"egress_path": "native", "native_egress_equals_numpy": true, "stage_path": "native", "staged_is_npu_sesr_preprocess": true}, "input_region_intact": true, "label": "head", "nonfinite_tail": 0, "resident_tensors": {"compared": 10, "differ": 0, "per_tensor_differ": {"/Add_output_0_QuantizeLinear_Output": 0, "/body.0/body.0.1/Relu_output_0_QuantizeLinear_Output": 0, "/body.1/body.1.1/Relu_output_0_QuantizeLinear_Output": 0, "/body.2/body.2.1/Relu_output_0_QuantizeLinear_Output": 0, "/body.3/body.3.1/Relu_output_0_QuantizeLinear_Output": 0, "/body.4/body.4.1/Relu_output_0_QuantizeLinear_Output": 0, "/body.5/body.5.1/Relu_output_0_QuantizeLinear_Output": 0, "/head/Conv_output_0_QuantizeLinear_Output": 0, "/tail/Conv_output_0_QuantizeLinear_Output": 0, "input_QuantizeLinear_Output": 0}, "values": 9371648, "where": {}}, "staged_is_the_compilers_plane": true, "tail": {"differ": 0, "differ_padding_lanes": 0, "lanes": 16, "max_ulp": 0, "values": 1048576, "zero_sign_only": 0}, "vs_oracle": {"differ": 58, "finite": true, "max_abs": 0.5, "max_abs_peak_ulps": 0.5, "max_ulp": 104, "n": 786432, "peak": 136.0, "rel_l2": 1.594379543119743e-05, "zero_sign_only": 0}}
BF16_SR_EXACT {"dispatch_ms": 5.437, "emulator_s": 33.1, "exact": true, "host": {"egress_path": "native", "native_egress_equals_numpy": true, "stage_path": "native", "staged_is_npu_sesr_preprocess": true}, "input_region_intact": true, "label": "woman", "nonfinite_tail": 0, "resident_tensors": {"compared": 10, "differ": 0, "per_tensor_differ": {"/Add_output_0_QuantizeLinear_Output": 0, "/body.0/body.0.1/Relu_output_0_QuantizeLinear_Output": 0, "/body.1/body.1.1/Relu_output_0_QuantizeLinear_Output": 0, "/body.2/body.2.1/Relu_output_0_QuantizeLinear_Output": 0, "/body.3/body.3.1/Relu_output_0_QuantizeLinear_Output": 0, "/body.4/body.4.1/Relu_output_0_QuantizeLinear_Output": 0, "/body.5/body.5.1/Relu_output_0_QuantizeLinear_Output": 0, "/head/Conv_output_0_QuantizeLinear_Output": 0, "/tail/Conv_output_0_QuantizeLinear_Output": 0, "input_QuantizeLinear_Output": 0}, "values": 9371648, "where": {}}, "staged_is_the_compilers_plane": true, "tail": {"differ": 0, "differ_padding_lanes": 0, "lanes": 16, "max_ulp": 0, "values": 1048576, "zero_sign_only": 0}, "vs_oracle": {"differ": 7, "finite": true, "max_abs": 0.5, "max_abs_peak_ulps": 0.5, "max_ulp": 1, "n": 786432, "peak": 137.0, "rel_l2": 1.3557245706809758e-05, "zero_sign_only": 0}}
BF16_SR_EXACT {"dispatch_ms": 5.314, "emulator_s": 32.6, "exact": true, "host": {"egress_path": "native", "native_egress_equals_numpy": true}, "input_region_intact": true, "label": "seed0", "nonfinite_tail": 0, "resident_tensors": {"compared": 10, "differ": 0, "per_tensor_differ": {"/Add_output_0_QuantizeLinear_Output": 0, "/body.0/body.0.1/Relu_output_0_QuantizeLinear_Output": 0, "/body.1/body.1.1/Relu_output_0_QuantizeLinear_Output": 0, "/body.2/body.2.1/Relu_output_0_QuantizeLinear_Output": 0, "/body.3/body.3.1/Relu_output_0_QuantizeLinear_Output": 0, "/body.4/body.4.1/Relu_output_0_QuantizeLinear_Output": 0, "/body.5/body.5.1/Relu_output_0_QuantizeLinear_Output": 0, "/head/Conv_output_0_QuantizeLinear_Output": 0, "/tail/Conv_output_0_QuantizeLinear_Output": 0, "input_QuantizeLinear_Output": 0}, "values": 9371648, "where": {}}, "staged_is_the_compilers_plane": true, "tail": {"differ": 0, "differ_padding_lanes": 0, "lanes": 16, "max_ulp": 0, "values": 1048576, "zero_sign_only": 0}, "vs_oracle": {"differ": 0, "finite": true, "max_abs": 0.0, "max_abs_peak_ulps": 0.0, "max_ulp": 0, "n": 786432, "peak": 322.0, "rel_l2": 0.0, "zero_sign_only": 0}}
BF16_SR_EXACT {"dispatch_ms": 5.242, "host": {"egress_path": "native", "native_egress_equals_numpy": true, "stage_path": "native", "staged_is_npu_sesr_preprocess": true}, "input_region_intact": true, "label": "baby_again", "nonfinite_tail": 0, "repeat_of": "baby", "repeat_tail_identical": true, "repeat_tensors_identical": true, "staged_is_the_compilers_plane": true}
BF16_SR_RESULT {"device_equals_emulator": true, "device_idle_after": null, "exact_inputs": 6, "from_dump": "scratch/bf16_sr_dump_sesr_m7_noreuse_20260923", "host": {"frames": 7, "frames_egress_equal_numpy": 7, "frames_on_the_asked_path": 7, "frames_staged_npu_sesr_preprocess": 6, "image_frames": 6, "quality_host_paths": null, "quality_tiles": null, "quality_tiles_identical": null, "timed_arms_on_their_path": true}, "host_ok": true, "isolated_differ_by_model": null, "repeat_frames": 1, "resident_values_compared": 56229888, "tail_values_compared": 6291456, "worst_vs_oracle": {"differ": 58, "finite": true, "max_abs": 0.5, "max_abs_peak_ulps": 0.5, "max_ulp": 104, "n": 786432, "peak": 136.0, "rel_l2": 1.594379543119743e-05, "zero_sign_only": 0}}
RESEARCH_PROCESS_RESULT {"exit_code": 0, "stop": null, "peak_tree_rss_bytes": 432869376, "rss_measurement": "maximum observed across sampled descendant working sets; zero observations reported as null", "elapsed_seconds": 198.7029999999795, "foreign_contention_observed": false, "timing_eligible": false}
