UTC: 2026-09-19T16:54:31.150433+00:00
MACHINE: DESKTOP-CBL5NUA AMD64 Family 25 Model 117 Stepping 2, AuthenticAMD
COMMAND: "C:/Program Files/Git/bin/bash.exe" scripts/research-iron.sh tools/silicon_mem_neighbour_probe.py suite
COMMIT: 7c9efd5f0d35f23a5ce6d476900660600ab4f10c
PRE_DEVICE_WITNESS

-----------------------------
[003d:00:01.1] : NPU Phoenix
-----------------------------
AIE Partitions
  No hardware contexts running on device


Scope: one submission per fresh context; repeated submissions timed out in the earlier probe log.
PRE_CASE local 17

-----------------------------
[003d:00:01.1] : NPU Phoenix
-----------------------------
AIE Partitions
  No hardware contexts running on device


CASE local writer,reader,memory (1, 1, 1)
probe.mlir SHA256 5a227967ee7ac05d383a1d7ecc2f03466e9ac24c623b9bc5f494fc8b7ac81f81
probe.xclbin SHA256 3d3802fac54ed60b69b2f70304c1b7bd560898980601db196c7a43fd193f8064
insts.bin SHA256 f4d1dcb2b9c207061c86d4860e154c0faa4cfc914986160916e392bf37752ac1
seed 17 bytes 16384 mismatches 0
VERDICT local PASS
POST_CASE local 17

-----------------------------
[003d:00:01.1] : NPU Phoenix
-----------------------------
AIE Partitions
  No hardware contexts running on device


PRE_CASE local 2901

-----------------------------
[003d:00:01.1] : NPU Phoenix
-----------------------------
AIE Partitions
  No hardware contexts running on device


CASE local writer,reader,memory (1, 1, 1)
probe.mlir SHA256 5a227967ee7ac05d383a1d7ecc2f03466e9ac24c623b9bc5f494fc8b7ac81f81
probe.xclbin SHA256 3d3802fac54ed60b69b2f70304c1b7bd560898980601db196c7a43fd193f8064
insts.bin SHA256 f4d1dcb2b9c207061c86d4860e154c0faa4cfc914986160916e392bf37752ac1
seed 2901 bytes 16384 mismatches 0
VERDICT local PASS
POST_CASE local 2901

-----------------------------
[003d:00:01.1] : NPU Phoenix
-----------------------------
AIE Partitions
  No hardware contexts running on device


PRE_CASE local 7021

-----------------------------
[003d:00:01.1] : NPU Phoenix
-----------------------------
AIE Partitions
  No hardware contexts running on device


CASE local writer,reader,memory (1, 1, 1)
probe.mlir SHA256 5a227967ee7ac05d383a1d7ecc2f03466e9ac24c623b9bc5f494fc8b7ac81f81
probe.xclbin SHA256 3d3802fac54ed60b69b2f70304c1b7bd560898980601db196c7a43fd193f8064
insts.bin SHA256 f4d1dcb2b9c207061c86d4860e154c0faa4cfc914986160916e392bf37752ac1
seed 7021 bytes 16384 mismatches 0
VERDICT local PASS
POST_CASE local 7021

-----------------------------
[003d:00:01.1] : NPU Phoenix
-----------------------------
AIE Partitions
  No hardware contexts running on device


PRE_CASE west_read 17

-----------------------------
[003d:00:01.1] : NPU Phoenix
-----------------------------
AIE Partitions
  No hardware contexts running on device


CASE west_read writer,reader,memory (0, 1, 0)
probe.mlir SHA256 8051800f3714d8d9eb2e24c2d2634da739a2641ffbd6b44cb04cc2a72938209c
probe.xclbin SHA256 4b9ba82623cec0618278d20c5429b08b713cda51147c911a66b2680d8524e47d
insts.bin SHA256 2567e645dbd785db2b674f3151452a000ada3992b5b1e9d0c210e6a715cdb070
seed 17 bytes 16384 mismatches 0
VERDICT west_read PASS
POST_CASE west_read 17

-----------------------------
[003d:00:01.1] : NPU Phoenix
-----------------------------
AIE Partitions
  No hardware contexts running on device


PRE_CASE west_read 2901

-----------------------------
[003d:00:01.1] : NPU Phoenix
-----------------------------
AIE Partitions
  No hardware contexts running on device


CASE west_read writer,reader,memory (0, 1, 0)
probe.mlir SHA256 8051800f3714d8d9eb2e24c2d2634da739a2641ffbd6b44cb04cc2a72938209c
probe.xclbin SHA256 4b9ba82623cec0618278d20c5429b08b713cda51147c911a66b2680d8524e47d
insts.bin SHA256 2567e645dbd785db2b674f3151452a000ada3992b5b1e9d0c210e6a715cdb070
seed 2901 bytes 16384 mismatches 0
VERDICT west_read PASS
POST_CASE west_read 2901

-----------------------------
[003d:00:01.1] : NPU Phoenix
-----------------------------
AIE Partitions
  No hardware contexts running on device


PRE_CASE west_read 7021

-----------------------------
[003d:00:01.1] : NPU Phoenix
-----------------------------
AIE Partitions
  No hardware contexts running on device


CASE west_read writer,reader,memory (0, 1, 0)
probe.mlir SHA256 8051800f3714d8d9eb2e24c2d2634da739a2641ffbd6b44cb04cc2a72938209c
probe.xclbin SHA256 4b9ba82623cec0618278d20c5429b08b713cda51147c911a66b2680d8524e47d
insts.bin SHA256 2567e645dbd785db2b674f3151452a000ada3992b5b1e9d0c210e6a715cdb070
seed 7021 bytes 16384 mismatches 0
VERDICT west_read PASS
POST_CASE west_read 7021

-----------------------------
[003d:00:01.1] : NPU Phoenix
-----------------------------
AIE Partitions
  No hardware contexts running on device


PRE_CASE east_read 17

-----------------------------
[003d:00:01.1] : NPU Phoenix
-----------------------------
AIE Partitions
  No hardware contexts running on device


CASE east_read writer,reader,memory (2, 1, 2)
probe.mlir SHA256 6fc8c2b4d1154f9b828054deb0c9b12be9be447f7371157d0c8ec54429f714cd
probe.xclbin SHA256 ac0f46845932b6afc803c0d8f8b6941c1483edb8dfbde9b5a6af84b8f5c142ef
insts.bin SHA256 12b8ef377eb31ee698082a0e3f412355c36dab7a0dc7cb76380c6c0172922aca
seed 17 bytes 16384 mismatches 0
VERDICT east_read PASS
POST_CASE east_read 17

-----------------------------
[003d:00:01.1] : NPU Phoenix
-----------------------------
AIE Partitions
  No hardware contexts running on device


PRE_CASE east_read 2901

-----------------------------
[003d:00:01.1] : NPU Phoenix
-----------------------------
AIE Partitions
  No hardware contexts running on device


CASE east_read writer,reader,memory (2, 1, 2)
probe.mlir SHA256 6fc8c2b4d1154f9b828054deb0c9b12be9be447f7371157d0c8ec54429f714cd
probe.xclbin SHA256 ac0f46845932b6afc803c0d8f8b6941c1483edb8dfbde9b5a6af84b8f5c142ef
insts.bin SHA256 12b8ef377eb31ee698082a0e3f412355c36dab7a0dc7cb76380c6c0172922aca
seed 2901 bytes 16384 mismatches 0
VERDICT east_read PASS
POST_CASE east_read 2901

-----------------------------
[003d:00:01.1] : NPU Phoenix
-----------------------------
AIE Partitions
  No hardware contexts running on device


PRE_CASE east_read 7021

-----------------------------
[003d:00:01.1] : NPU Phoenix
-----------------------------
AIE Partitions
  No hardware contexts running on device


CASE east_read writer,reader,memory (2, 1, 2)
probe.mlir SHA256 6fc8c2b4d1154f9b828054deb0c9b12be9be447f7371157d0c8ec54429f714cd
probe.xclbin SHA256 ac0f46845932b6afc803c0d8f8b6941c1483edb8dfbde9b5a6af84b8f5c142ef
insts.bin SHA256 12b8ef377eb31ee698082a0e3f412355c36dab7a0dc7cb76380c6c0172922aca
seed 7021 bytes 16384 mismatches 0
VERDICT east_read PASS
POST_CASE east_read 7021

-----------------------------
[003d:00:01.1] : NPU Phoenix
-----------------------------
AIE Partitions
  No hardware contexts running on device


PRE_CASE west_write 17

-----------------------------
[003d:00:01.1] : NPU Phoenix
-----------------------------
AIE Partitions
  No hardware contexts running on device


CASE west_write writer,reader,memory (1, 0, 0)
probe.mlir SHA256 87990e338dc9218990bb368127ac8682099dd2fdcdbbc47c8118a400aab135b1
probe.xclbin SHA256 153b72214bcb9701c42d2a372bbe3889b1c14e1c6923609416ae6a4e8eb484eb
insts.bin SHA256 9054381bc0223b71481f07b503047382bc7922c75d7718ac6e8346a4e6956933
seed 17 bytes 16384 mismatches 0
VERDICT west_write PASS
POST_CASE west_write 17

-----------------------------
[003d:00:01.1] : NPU Phoenix
-----------------------------
AIE Partitions
  No hardware contexts running on device


PRE_CASE west_write 2901

-----------------------------
[003d:00:01.1] : NPU Phoenix
-----------------------------
AIE Partitions
  No hardware contexts running on device


CASE west_write writer,reader,memory (1, 0, 0)
probe.mlir SHA256 87990e338dc9218990bb368127ac8682099dd2fdcdbbc47c8118a400aab135b1
probe.xclbin SHA256 153b72214bcb9701c42d2a372bbe3889b1c14e1c6923609416ae6a4e8eb484eb
insts.bin SHA256 9054381bc0223b71481f07b503047382bc7922c75d7718ac6e8346a4e6956933
seed 2901 bytes 16384 mismatches 0
VERDICT west_write PASS
POST_CASE west_write 2901

-----------------------------
[003d:00:01.1] : NPU Phoenix
-----------------------------
AIE Partitions
  No hardware contexts running on device


PRE_CASE west_write 7021

-----------------------------
[003d:00:01.1] : NPU Phoenix
-----------------------------
AIE Partitions
  No hardware contexts running on device


CASE west_write writer,reader,memory (1, 0, 0)
probe.mlir SHA256 87990e338dc9218990bb368127ac8682099dd2fdcdbbc47c8118a400aab135b1
probe.xclbin SHA256 153b72214bcb9701c42d2a372bbe3889b1c14e1c6923609416ae6a4e8eb484eb
insts.bin SHA256 9054381bc0223b71481f07b503047382bc7922c75d7718ac6e8346a4e6956933
seed 7021 bytes 16384 mismatches 0
VERDICT west_write PASS
POST_CASE west_write 7021

-----------------------------
[003d:00:01.1] : NPU Phoenix
-----------------------------
AIE Partitions
  No hardware contexts running on device


PRE_CASE east_write 17

-----------------------------
[003d:00:01.1] : NPU Phoenix
-----------------------------
AIE Partitions
  No hardware contexts running on device


CASE east_write writer,reader,memory (1, 2, 2)
probe.mlir SHA256 dad1033b9077398b48fc4659ccc5edbc0db50f721c9f4a261b6c2dc762efb150
probe.xclbin SHA256 f7df234316aa2d5c7a51b3f5390d6f06a1620ee899ad91b31c952ed7036957a1
insts.bin SHA256 5c85ecc6d5c8f5f848c33448356b3b891a7b06b9d63465f52f8140fb53647e49
seed 17 bytes 16384 mismatches 0
VERDICT east_write PASS
POST_CASE east_write 17

-----------------------------
[003d:00:01.1] : NPU Phoenix
-----------------------------
AIE Partitions
  No hardware contexts running on device


PRE_CASE east_write 2901

-----------------------------
[003d:00:01.1] : NPU Phoenix
-----------------------------
AIE Partitions
  No hardware contexts running on device


CASE east_write writer,reader,memory (1, 2, 2)
probe.mlir SHA256 dad1033b9077398b48fc4659ccc5edbc0db50f721c9f4a261b6c2dc762efb150
probe.xclbin SHA256 f7df234316aa2d5c7a51b3f5390d6f06a1620ee899ad91b31c952ed7036957a1
insts.bin SHA256 5c85ecc6d5c8f5f848c33448356b3b891a7b06b9d63465f52f8140fb53647e49
seed 2901 bytes 16384 mismatches 0
VERDICT east_write PASS
POST_CASE east_write 2901

-----------------------------
[003d:00:01.1] : NPU Phoenix
-----------------------------
AIE Partitions
  No hardware contexts running on device


PRE_CASE east_write 7021

-----------------------------
[003d:00:01.1] : NPU Phoenix
-----------------------------
AIE Partitions
  No hardware contexts running on device


CASE east_write writer,reader,memory (1, 2, 2)
probe.mlir SHA256 dad1033b9077398b48fc4659ccc5edbc0db50f721c9f4a261b6c2dc762efb150
probe.xclbin SHA256 f7df234316aa2d5c7a51b3f5390d6f06a1620ee899ad91b31c952ed7036957a1
insts.bin SHA256 5c85ecc6d5c8f5f848c33448356b3b891a7b06b9d63465f52f8140fb53647e49
seed 7021 bytes 16384 mismatches 0
VERDICT east_write PASS
POST_CASE east_write 7021

-----------------------------
[003d:00:01.1] : NPU Phoenix
-----------------------------
AIE Partitions
  No hardware contexts running on device


VERDICT: all local/east/west read/write controls PASS; opens cross-column MemTile allocation experiments.

EXIT_CODE: 0
POST_DEVICE_WITNESS

-----------------------------
[003d:00:01.1] : NPU Phoenix
-----------------------------
AIE Partitions
  No hardware contexts running on device


