UTC: 2026-09-20T13:00:20.731356+00:00
MACHINE: DESKTOP-CBL5NUA AMD64 Family 25 Model 117 Stepping 2, AuthenticAMD
COMMAND: C:/Users/<user>\miniforge3\envs\mlir-aie-iron\python.exe tools/split_container_sizing.py
COMMIT: ae6c26f24c74c695bf35958aad518dd5d229f91d
PRE_DEVICE_WITNESS

-----------------------------
[003d:00:01.1] : NPU Phoenix
-----------------------------
AIE Partitions
  No hardware contexts running on device


================================================================================
AMD XDNA1 (PHOENIX) SPLIT CONTAINER SIZING & FEASIBILITY BENCHMARK
================================================================================
UTC:       2026-09-20T13:00:21.222556+00:00
MACHINE:   DESKTOP-CBL5NUA AMD64 Family 25 Model 117 Stepping 2, AuthenticAMD
COMMIT:    ae6c26f24c74c695bf35958aad518dd5d229f91d
CONTAINER: yolov8n_full.ignite
DEVICE:    NPU Device 0
================================================================================

[PRE-RUN] NPU Hardware Status:
-----------------------------
[003d:00:01.1] : NPU Phoenix
-----------------------------
AIE Partitions
  No hardware contexts running on device

--- [1] VARIANT 1: HARDWARE CONTEXT SWITCHING FLOOR (NAIVE SEPARATE CONTEXTS) ---
  Raw XrtSiliconHarness + xclbin load:  29.630 ms (min 23.954 ms)
  Full GraphSession initialization:      37.275 ms (min 35.984 ms)
  VERDICT: Context reload costs >24.0 ms per boundary.
           Running split containers in separate hardware contexts collapses 125 FPS down to <11 FPS. (FATAL)

--- [2] VARIANT 2: PERSISTENT MULTI-SEGMENT DISPATCH (SHARED CONTEXT) ---
  Host dispatch gap (wait -> next start): 34.1 us (min 14.4 us)
  Sequential multi-dispatch scaling:
    N= 1 dispatches: median  7.556 ms  (delta: + 0.000 ms)
    N= 2 dispatches: median 15.141 ms  (delta: + 7.585 ms)
    N= 3 dispatches: median 22.669 ms  (delta: +15.113 ms)
    N= 4 dispatches: median 30.261 ms  (delta: +22.705 ms)
    N= 8 dispatches: median 60.842 ms  (delta: +53.286 ms)
  VERDICT: Inter-dispatch gap is only 34.1 us.
           Splitting a model into 2 or 3 NPU segments within a shared context incurs <0.08 ms (<1%) overhead. (FEASIBLE)

--- [3] VARIANT 3: INTER-STAGE MEMORY BOUNDARIES (DMA SYNC & MEMCPY) ---
  DMA Sync vs Host Memcpy Latency:
    Tensor Size                       | DMA Sync FROM | DMA Sync TO   | Round-trip  | Host Memcpy
    ----------------------------------|---------------|---------------|-------------|------------
    102 KB (P5: 20x20x256)            |    0.003 ms  |    0.002 ms  |  0.005 ms   |  0.003 ms
    204 KB (P4: 40x40x128)            |    0.002 ms  |    0.002 ms  |  0.005 ms   |  0.003 ms
    409 KB (P3: 80x80x64)             |    0.004 ms  |    0.004 ms  |  0.008 ms   |  0.006 ms
    716 KB (Neck Entry: P3+P4+P5)     |    0.007 ms  |    0.007 ms  |  0.014 ms   |  0.012 ms
    1.63 MB (Stem Conv0: 160x160x64)  |    0.017 ms  |    0.016 ms  |  0.033 ms   |  0.125 ms
    22.04 MB (Full Workspace)         |    0.212 ms  |    0.062 ms  |  0.274 ms   |  1.786 ms
  Channel block layout transpose (P3+P4+P5 -> NCHW): 0.151 ms
  VERDICT: Zero-Copy BO Splicing = 0.000 ms overhead.
           DMA Buffer Sync (716 KB) = 0.014 ms roundtrip. Host memcpy = 0.104 ms.
           Native BO Splicing preserves maximum performance; DMA sync is viable if needed. (FEASIBLE)

--- [4] VARIANT 4: DECOUPLED STATIONARY WEIGHT UPLOAD (MICROCODE VS WEIGHTS) ---
  Weight packet size:          8.16 MB (8164864 bytes)
  bo_wp.write() host write:    0.116 ms
  bo_wp.sync() device DMA:     0.068 ms
  Total weight upload latency: 0.184 ms
  VERDICT: Decoupling stationary weights adds ZERO runtime dispatch latency.
           One-time startup upload takes only 0.20 ms. Dynamic weight hot-swapping is highly practical. (FEASIBLE)

--- [5] VARIANT 5: DDR WORKSPACE SIZING & GLOBAL LIVENESS ANALYSIS ---
  Monolithic workspace (with global liveness reuse): 22.04 MB
  Subgraph individual tensor sums (without cross-subgraph slot reuse):
    backbone_mb         : 6.26 MB
    neck_mb             : 1.39 MB
    head_mb             : 8.19 MB
    total_unreused_mb   : 15.84 MB
  VERDICT: Compiling subgraphs with an agreed Tensor Placement ABI maintains the ~22 MB footprint.
           Disjoint independent workspace allocations would waste ~15-20 MB of DDR RAM.
[POST-RUN] NPU Hardware Status:
-----------------------------
[003d:00:01.1] : NPU Phoenix
-----------------------------
AIE Partitions
  No hardware contexts running on device

================================================================================
BENCHMARK RUN COMPLETED CLEANLY.
================================================================================

EXIT_CODE: 0
POST_DEVICE_WITNESS

-----------------------------
[003d:00:01.1] : NPU Phoenix
-----------------------------
AIE Partitions
  No hardware contexts running on device


