RESEARCH_PLATFORM {"machine": "Desktop 2", "cpu": "AMD Ryzen 7 8700G w/ Radeon 780M Graphics", "os": "Windows-11-10.0.26200-SP0", "ram_bytes": 33381138432, "source_sha256": {"tools/research_process.py": "b527a07958df0ed575df38dfe88da348c972ee79eb459974555cf2655f94d37f", "tools/quant_calib_alphabet.py": "2dc0b2878c564853f340880209a425dfcf63b8536b2b8e9fd32344daade58d37", "tools/xint8_arithmetic_probe.py": "6aa3df08b9870c3c2264b868459d7ffbac3070dddc1349d7c6f3f480075f7041", "scripts/research-lowlevel.sh": "3455ad7933697936487712665505c216891865c6deada647302785f6e37020bd", "scripts/research-iron.sh": "128f8b5ee21f2209f8dda004cefc39fbf87a5170ca61c5cf18dc97a6ea6669c8", "kernels/memory_placement/probe.py": "e8d990169ad6091fa1b53852e9f61eff495b5def72d35165a5c5cf1759e38898", "kernels/memory_placement/memory_kernels.cc": "182e7af7071a1e851afb4a7ca266069c489aea1fbaaa85eca129708daeba5ba6", "scripts/research-matrix.sh": "739254171629deae822b0ad7dabc875aee19ace56dde77d3e8aab61663f97516", "kernels/memory_placement/gemm.py": "17c905ad66110d3346bbf0db898dfc6b780df59fae1dfb0c1747057ce1e5844e", "kernels/memory_placement/gemm_placement.cc": "f21acf7250b12914ea30cc1f77613239dfa18421a85a1b9a5199017dd916278a", "tools/research_summary.py": "0c00dcceef07053d06731b41a1f1ed58d3ba4ea09f82497de354ce9cef17da20", "tools/research_toolchain.py": "f0a126a24ae213acfaa43460cfd9def0c86d9cb70cfee0228aa271688467b314"}, "commit": "2b7937b4e365f5b983d96ad9ac196182033c09e0", "command": ["bash", "scripts/research-iron.sh", "tests/test_sppf_kernel.py", "--hardware", "--iters", "3", "--warmup", "2"], "seconds_limit": 1800.0, "rss_gib_limit": 10.0, "checks_only": false, "free_ram_bytes": 17648910336}
HOST_LOAD busy_cores=1.54 logical_cores=16 free_ram_gb=16.4 sample_sec=1
HOST_LOAD_TOP 0.85 <tool>:33604 ws_mb=1155
HOST_LOAD_TOP 0.37 pycharm64:8540 ws_mb=2936
HOST_LOAD_TOP 0.09 HWiNFO64:1824 ws_mb=73
HOST_LOAD_TOP 0.06 <tool>:19240 ws_mb=251
HOST_LOAD_TOP 0.05 powershell:33356 ws_mb=80
HOST_LOAD_VERDICT CLEAR

PRE_NPU_CONTEXT_WITNESS "\n-----------------------------\n[003d:00:01.1] : NPU Phoenix\n-----------------------------\nAIE Partitions\n  No hardware contexts running on device\n\n"
NPU_TIMELINE "\n-----------------------------\n[003d:00:01.1] : NPU Phoenix\n-----------------------------\nAIE Partitions\n  No hardware contexts running on device\n\n"
NPU_OWNERSHIP {"context_pids": [], "owned_pids": [3128, 17068, 20224, 22068, 34544], "foreign_pids": []}
{"cases": 5, "event": "offline_pass", "hardware": false, "oracle": "torch.nn.MaxPool2d(5,1,2)", "output_bytes_per_case": 409600}

-----------------------------
[003d:00:01.1] : NPU Phoenix
-----------------------------
AIE Partitions
  No hardware contexts running on device


HOST_TIMELINE {"elapsed_seconds": 2.734, "tree_rss_bytes": 324313088, "foreign_peers": []}
HOST_LOAD busy_cores=1.72 logical_cores=16 free_ram_gb=16.2 sample_sec=1
HOST_LOAD_TOP 0.86 <tool>:33604 ws_mb=1153
HOST_LOAD_TOP 0.32 python:22068 ws_mb=27
HOST_LOAD_TOP 0.29 pycharm64:8540 ws_mb=2936
HOST_LOAD_TOP 0.09 HWiNFO64:1824 ws_mb=73
HOST_LOAD_TOP 0.08 Taskmgr:13448 ws_mb=188
HOST_LOAD_VERDICT CLEAR

{"bdf": "003d:00:01.1", "device": 0, "event": "identity", "machine": "Desktop 2 / Ryzen 7 8700G", "shim_patches": [{"argument": 0, "offset": 0, "register": 118788}, {"argument": 1, "offset": 0, "register": 118820}, {"argument": 1, "offset": 256, "register": 118852}, {"argument": 1, "offset": 512, "register": 118884}, {"argument": 1, "offset": 768, "register": 118916}, {"argument": 0, "offset": 64, "register": 33673220}, {"argument": 1, "offset": 64, "register": 33673252}, {"argument": 1, "offset": 320, "register": 33673284}, {"argument": 1, "offset": 576, "register": 33673316}, {"argument": 1, "offset": 832, "register": 33673348}, {"argument": 0, "offset": 128, "register": 67227652}, {"argument": 1, "offset": 128, "register": 67227684}, {"argument": 1, "offset": 384, "register": 67227716}, {"argument": 1, "offset": 640, "register": 67227748}, {"argument": 1, "offset": 896, "register": 67227780}, {"argument": 0, "offset": 192, "register": 100782084}, {"argument": 1, "offset": 192, "register": 100782116}, {"argument": 1, "offset": 448, "register": 100782148}, {"argument": 1, "offset": 704, "register": 100782180}, {"argument": 1, "offset": 960, "register": 100782212}], "sources": {"maxpool5x5.cc": "394905f24c618ef07314fd0487c70d725064e8d29890d77e2e196ddcf7cd171b", "sppf_stage.py": "d7dfcbdf97c27fbdad38711f649f852e3cbd2ece20fbc676ba8efc708c60dc07"}, "test_sha256": "1fbab8f5cb3cc57e54ab03190fde53175883eb6e7fd9d9f90fde98b7c2bf6b71", "transaction_sha256": "9c4d7000a28fd012234be4e1e2fa32bf766d593421cf27b13e45464032f14b74", "xclbin_sha256": "5af8ff4e19c661be8637cedc8c51cda71a5890a527f3b1268f9e41812ccbcfdc"}
{"bytes_checked": 409600, "case": "random", "dispatch_wait_us": 1470.4, "event": "comparison", "index": 0, "input_sha256": "63978a2a7fbe0d6350dc66f6c5547957b67ec81647c11b4ae7030626f56aed0e", "measured": false, "mismatches": 0, "output_sha256": "1d1881f1d7368ccece15c16739e7fcca1b0f4d4c5c8c8fb2d2548f2f22b602b1", "per_stage_column_mismatches": [[0, 0, 0, 0], [0, 0, 0, 0], [0, 0, 0, 0], [0, 0, 0, 0]], "seed": 17}
HOST_TIMELINE {"elapsed_seconds": 5.406, "tree_rss_bytes": 338989056, "foreign_peers": []}
NPU_TIMELINE "\n-----------------------------\n[003d:00:01.1] : NPU Phoenix\n-----------------------------\nAIE Partitions\n  Total Memory Usage: 64 MB\n  Partition Index   : 0\n    Columns: [1, 2, 3, 4]\n    HW Contexts:\n      |PID                 |Ctx ID     |Submissions |Migrations  |Err  |Priority |\n      |Process Name        |Status     |Completions |Suspensions |     |GOPS     |\n      |Memory Usage        |Instr BO   |            |            |     |FPS      |\n      |                    |           |            |            |     |Latency  |\n      |====================|===========|============|============|=====|=========|\n      |34544               |194        |2           |0           |0    |Normal   |\n      |python.exe          |Active     |1           |0           |     |N/A      |\n      |64 MB               |96 KB      |            |            |     |N/A      |\n      |                    |           |            |            |     |N/A      |\n      |--------------------|-----------|------------|------------|-----|---------|\n"
NPU_OWNERSHIP {"context_pids": [34544], "owned_pids": [3128, 17068, 20224, 22068, 30224, 33548, 34544], "foreign_pids": []}
HOST_TIMELINE {"elapsed_seconds": 8.125, "tree_rss_bytes": 338989056, "foreign_peers": []}
Traceback (most recent call last):
  File "C:\Users\<user>\PycharmProjects\ignite-xdna\tests\test_sppf_kernel.py", line 208, in <module>
    main()
    ~~~~^^
  File "C:\Users\<user>\PycharmProjects\ignite-xdna\tests\test_sppf_kernel.py", line 204, in main
    hardware(args, directory)
    ~~~~~~~~^^^^^^^^^^^^^^^^^
  File "C:\Users\<user>\PycharmProjects\ignite-xdna\tests\test_sppf_kernel.py", line 161, in hardware
    raise RuntimeError(f'Hardware completion failed: {state}')
RuntimeError: Hardware completion failed: ert_cmd_state.ERT_CMD_STATE_TIMEOUT
HOST_TIMELINE {"elapsed_seconds": 10.906, "tree_rss_bytes": 339070976, "foreign_peers": []}
NPU_TIMELINE "\n-----------------------------\n[003d:00:01.1] : NPU Phoenix\n-----------------------------\nAIE Partitions\n  Total Memory Usage: 24576 Byte\n  Partition Index   : 0\n    Columns: [1, 2, 3, 4]\n    HW Contexts:\n      |PID                 |Ctx ID     |Submissions |Migrations  |Err  |Priority |\n      |Process Name        |Status     |Completions |Suspensions |     |GOPS     |\n      |Memory Usage        |Instr BO   |            |            |     |FPS      |\n      |                    |           |            |            |     |Latency  |\n      |====================|===========|============|============|=====|=========|\n      |34544               |194        |2           |0           |1    |Normal   |\n      |python.exe          |Active     |1           |0           |     |N/A      |\n      |24576 Byte          |96 KB      |            |            |     |N/A      |\n      |                    |           |            |            |     |N/A      |\n      |--------------------|-----------|------------|------------|-----|---------|\n"
NPU_OWNERSHIP {"context_pids": [34544], "owned_pids": [3128, 17068, 20224, 22068, 30224, 33548, 34544], "foreign_pids": []}
RESEARCH_PROCESS_RESULT {"exit_code": 1, "stop": null, "peak_tree_rss_bytes": 339124224, "rss_measurement": "maximum observed across sampled descendant working sets; zero observations reported as null", "elapsed_seconds": 13.125, "foreign_contention_observed": false, "timing_eligible": false}
