RESEARCH_PLATFORM {"machine": "Desktop 2", "cpu": "AMD Ryzen 7 8700G w/ Radeon 780M Graphics", "os": "Windows-11-10.0.26200-SP0", "ram_bytes": 33381138432, "source_sha256": {"tools/research_process.py": "b527a07958df0ed575df38dfe88da348c972ee79eb459974555cf2655f94d37f", "tools/quant_calib_alphabet.py": "2dc0b2878c564853f340880209a425dfcf63b8536b2b8e9fd32344daade58d37", "tools/xint8_arithmetic_probe.py": "6aa3df08b9870c3c2264b868459d7ffbac3070dddc1349d7c6f3f480075f7041", "scripts/research-lowlevel.sh": "3455ad7933697936487712665505c216891865c6deada647302785f6e37020bd", "scripts/research-iron.sh": "128f8b5ee21f2209f8dda004cefc39fbf87a5170ca61c5cf18dc97a6ea6669c8", "kernels/memory_placement/probe.py": "e8d990169ad6091fa1b53852e9f61eff495b5def72d35165a5c5cf1759e38898", "kernels/memory_placement/memory_kernels.cc": "182e7af7071a1e851afb4a7ca266069c489aea1fbaaa85eca129708daeba5ba6", "scripts/research-matrix.sh": "739254171629deae822b0ad7dabc875aee19ace56dde77d3e8aab61663f97516", "kernels/memory_placement/gemm.py": "17c905ad66110d3346bbf0db898dfc6b780df59fae1dfb0c1747057ce1e5844e", "kernels/memory_placement/gemm_placement.cc": "f21acf7250b12914ea30cc1f77613239dfa18421a85a1b9a5199017dd916278a", "tools/research_summary.py": "0c00dcceef07053d06731b41a1f1ed58d3ba4ea09f82497de354ce9cef17da20", "tools/research_toolchain.py": "f0a126a24ae213acfaa43460cfd9def0c86d9cb70cfee0228aa271688467b314"}, "commit": "2b7937b4e365f5b983d96ad9ac196182033c09e0", "command": ["bash", "scripts/research-iron.sh", "tests/test_sppf_kernel.py", "--compile"], "seconds_limit": 1800.0, "rss_gib_limit": 10.0, "checks_only": false, "free_ram_bytes": 17684381696}
HOST_LOAD busy_cores=1.36 logical_cores=16 free_ram_gb=16.4 sample_sec=1
HOST_LOAD_TOP 0.79 <tool>:33604 ws_mb=1144
HOST_LOAD_TOP 0.34 pycharm64:8540 ws_mb=2936
HOST_LOAD_TOP 0.12 HWiNFO64:1824 ws_mb=73
HOST_LOAD_TOP 0.06 Taskmgr:13448 ws_mb=188
HOST_LOAD_TOP 0.05 powershell:34112 ws_mb=80
HOST_LOAD_VERDICT CLEAR

PRE_NPU_CONTEXT_WITNESS "\n-----------------------------\n[003d:00:01.1] : NPU Phoenix\n-----------------------------\nAIE Partitions\n  No hardware contexts running on device\n\n"
NPU_TIMELINE "\n-----------------------------\n[003d:00:01.1] : NPU Phoenix\n-----------------------------\nAIE Partitions\n  No hardware contexts running on device\n\n"
NPU_OWNERSHIP {"context_pids": [], "owned_pids": [7576, 16400, 22428, 31156, 34440], "foreign_pids": []}
{"cases": 5, "event": "offline_pass", "hardware": false, "oracle": "torch.nn.MaxPool2d(5,1,2)", "output_bytes_per_case": 409600}

-----------------------------
[003d:00:01.1] : NPU Phoenix
-----------------------------
AIE Partitions
  No hardware contexts running on device


HOST_TIMELINE {"elapsed_seconds": 2.812, "tree_rss_bytes": 324907008, "foreign_peers": []}
HOST_LOAD busy_cores=1.64 logical_cores=16 free_ram_gb=16.2 sample_sec=1
HOST_LOAD_TOP 1 <tool>:33604 ws_mb=1137
HOST_LOAD_TOP 0.22 python:7576 ws_mb=27
HOST_LOAD_TOP 0.16 pycharm64:8540 ws_mb=2936
HOST_LOAD_TOP 0.08 powershell:32364 ws_mb=80
HOST_LOAD_TOP 0.06 Taskmgr:13448 ws_mb=188
HOST_LOAD_VERDICT CLEAR

PEANO_TARGET aie2-none-unknown-elf -O3
HOST_TIMELINE {"elapsed_seconds": 5.453, "tree_rss_bytes": 352133120, "foreign_peers": []}
NPU_TIMELINE "\n-----------------------------\n[003d:00:01.1] : NPU Phoenix\n-----------------------------\nAIE Partitions\n  No hardware contexts running on device\n\n"
NPU_OWNERSHIP {"context_pids": [], "owned_pids": [7576, 13944, 16400, 22428, 24244, 31156, 32364, 34440], "foreign_pids": []}
HOST_TIMELINE {"elapsed_seconds": 8.172, "tree_rss_bytes": 315392000, "foreign_peers": []}
{"cores": 16, "event": "compile_pass", "manifest": {"artifacts": {"design.prj/cdo_main/main_aie_cdo_elfs.bin": "38f030084841049603c010e16ba81c752aa49b5f70e0d2ab1c72f19c1eeeb7f1", "design.prj/cdo_main/main_aie_cdo_enable.bin": "332ced3cd2d88c54e3ee5a6182a17f0953cdd573428e117cf814a1da9d6b6488", "design.prj/cdo_main/main_aie_cdo_init.bin": "bd29736910886fe9f061ba23db8772d329dbfc06a678160cb5fd88db9ac00a94", "design.prj/elfs_main_core_0_2/elfs_main_core_0_2.elf": "3d9a8cadaf681304f0e53465db19b2e1f06b867a2f8313667619a21a43718bfe", "design.prj/elfs_main_core_0_3/elfs_main_core_0_3.elf": "81beecb53b6dd7541e1f3f56590f297cf77a7af52e35371cd72a25e8dbdbeed3", "design.prj/elfs_main_core_0_4/elfs_main_core_0_4.elf": "b3f488029529c806d924fa230f6673e6e947b0591abfeda10dc9345ffaf60cf5", "design.prj/elfs_main_core_0_5/elfs_main_core_0_5.elf": "8f5ffedebcca6f830dcf45f0d07a3314179ef63deb3c2a5621ec9a8f2a2f242f", "design.prj/elfs_main_core_1_2/elfs_main_core_1_2.elf": "fe267e06052cd5e2ce07f275d220170e66498c64dd2d0828bca0770c2d836ef7", "design.prj/elfs_main_core_1_3/elfs_main_core_1_3.elf": "0baa9b9f2aa94b6dcb001bb3d85203304d2cdbf2a4d704c85185a98625ea0989", "design.prj/elfs_main_core_1_4/elfs_main_core_1_4.elf": "e9a03610dbd4a409e93879c01ede17ad37b5268aa59c983a534f84f0e19d592a", "design.prj/elfs_main_core_1_5/elfs_main_core_1_5.elf": "06e1e2a23c2a80b7d036c6f6bfc32d19ba87c6cefb11a0b23a11171355443dd4", "design.prj/elfs_main_core_2_2/elfs_main_core_2_2.elf": "488fbc9acdd4b7356f65a0d29459e449c68b9e3410fd5a586b59f43cb2d5e8b5", "design.prj/elfs_main_core_2_3/elfs_main_core_2_3.elf": "9aeaf2f78b9e7bdcfe3ffc1b5c465d083521b8dc14f16053d1051a8cba291990", "design.prj/elfs_main_core_2_4/elfs_main_core_2_4.elf": "11b194a0f8079743b0f234c6bc16276ab368557cb4343e2b669db840c40b3127", "design.prj/elfs_main_core_2_5/elfs_main_core_2_5.elf": "e4f715ef632d2e240990e4cbcce0b016f7ac19d71991c0c15634924c9a3664d5", "design.prj/elfs_main_core_3_2/elfs_main_core_3_2.elf": "3852a46f912f0dc18062c63d5a66c64724f0168f328f8132fa200445ec5e33f5", "design.prj/elfs_main_core_3_3/elfs_main_core_3_3.elf": "741149082aa89a6d5e74f0928125350dda533689ea8be593cd3f315b8a40c385", "design.prj/elfs_main_core_3_4/elfs_main_core_3_4.elf": "153bb6a4eb31b01d9915caab99f04d1373f3d713b4f3bd42f3ac54c6f0f4ddd2", "design.prj/elfs_main_core_3_5/elfs_main_core_3_5.elf": "f23b43fa0686a5fd0dbace03b8cadf6c656243556ed0138c0cfc60ee9ee3087e", "design.prj/maxpool5x5.o": "15d226f820c4b18c43d08610043bc51b3453aa4fc4de106817b653cc6338316f", "design.prj/objects_main_core_0_2/objects_main_core_0_2.o": "02b054a04bd609611cb12b4ee9f4dfb72823687d581a37da38f4e7ca16a3b74f", "design.prj/objects_main_core_0_3/objects_main_core_0_3.o": "680e7fc78dd936ff51dbffa2d69ed4757e8a35c2a39a4f6bad108bb07b01e1f6", "design.prj/objects_main_core_0_4/objects_main_core_0_4.o": "d2673c7a72acf01a279d73662da0addaad6dd4ceed7e7848aff260205741566e", "design.prj/objects_main_core_0_5/objects_main_core_0_5.o": "0dedec2660bb6003dd4700a2165a3bee6cf636916b9625cf6131dcfe975baaff", "design.prj/objects_main_core_1_2/objects_main_core_1_2.o": "e1b0345343e77b2b1389fd65cffa4e8c23afa9b05266fd44d45a7a2a7b817258", "design.prj/objects_main_core_1_3/objects_main_core_1_3.o": "c429d84d3b513a08788eac396881a18e9993089448e4523383b44dd83beac885", "design.prj/objects_main_core_1_4/objects_main_core_1_4.o": "4e8155a3a4efa617e8c3281d666e993ee1a754db2a127a9be624e26002636ca5", "design.prj/objects_main_core_1_5/objects_main_core_1_5.o": "55880ae89e8ec6a5189f8ddf06bae7bc85268f08059798c5b7761f303f800df4", "design.prj/objects_main_core_2_2/objects_main_core_2_2.o": "e8e411ae5c6afce122b16ae4545cf87f69c3ca225041bd1d5fd752c485ebfd01", "design.prj/objects_main_core_2_3/objects_main_core_2_3.o": "2a216240acd6f7dcd3decd04c29fa3c0908a0c257a863e537876a0dd2818db15", "design.prj/objects_main_core_2_4/objects_main_core_2_4.o": "9c6649f50347d658ee859dd7bf82c7fa5b40126e835e98e9ad494827d2fd058d", "design.prj/objects_main_core_2_5/objects_main_core_2_5.o": "9412b4f3d6e5f05ea101e150fda10eaac0a617a274f4a70f5ca663fbce69524a", "design.prj/objects_main_core_3_2/objects_main_core_3_2.o": "4f568d0505b7bac1c7d110d820b1552a462abe3b745ab12ed774dbdaea29a7f3", "design.prj/objects_main_core_3_3/objects_main_core_3_3.o": "83b1473eb4ff3ef5dba1fa32ec444f9f407c087074685a6bc7f161f704fa1b34", "design.prj/objects_main_core_3_4/objects_main_core_3_4.o": "461aecaa0e54f09fb519d39654ceb99e3d7379890629fdd1b68c19f26e7cda15", "design.prj/objects_main_core_3_5/objects_main_core_3_5.o": "cf14bf4252b0299f005ab1fdaf123e5f45a4ee20bfc3c14ff37eaa81aeca8a7c", "design.xclbin": "5af8ff4e19c661be8637cedc8c51cda71a5890a527f3b1268f9e41812ccbcfdc", "insts.bin": "9c4d7000a28fd012234be4e1e2fa32bf766d593421cf27b13e45464032f14b74"}, "compiler": "clang version 22.0.0 (https://github.com/Xilinx/llvm-aie a36c62b9d26291fb06604bc976c897791f0bb578)\nTarget: x86_64-pc-windows-msvc\nThread model: posix\nInstalledDir: C:\\Users\\<user>\\mlir-aie\\ironenv\\Lib\\site-packages\\llvm-aie\\bin\nBuild config: +assertions\n", "sources": {"maxpool5x5.cc": "394905f24c618ef07314fd0487c70d725064e8d29890d77e2e196ddcf7cd171b", "sppf_stage.py": "d7dfcbdf97c27fbdad38711f649f852e3cbd2ece20fbc676ba8efc708c60dc07"}}, "vector_max_instructions": 15}
RESEARCH_PROCESS_RESULT {"exit_code": 0, "stop": null, "peak_tree_rss_bytes": 384856064, "rss_measurement": "maximum observed across sampled descendant working sets; zero observations reported as null", "elapsed_seconds": 9.06199999999808, "foreign_contention_observed": false, "timing_eligible": true}
