RESEARCH_PLATFORM {"machine": "Desktop 2", "cpu": "AMD Ryzen 7 8700G w/ Radeon 780M Graphics", "os": "Windows-11-10.0.26200-SP0", "ram_bytes": 33381138432, "source_sha256": {"tools/research_process.py": "b527a07958df0ed575df38dfe88da348c972ee79eb459974555cf2655f94d37f", "tools/quant_calib_alphabet.py": "2dc0b2878c564853f340880209a425dfcf63b8536b2b8e9fd32344daade58d37", "tools/xint8_arithmetic_probe.py": "6aa3df08b9870c3c2264b868459d7ffbac3070dddc1349d7c6f3f480075f7041", "scripts/research-lowlevel.sh": "3455ad7933697936487712665505c216891865c6deada647302785f6e37020bd", "scripts/research-iron.sh": "128f8b5ee21f2209f8dda004cefc39fbf87a5170ca61c5cf18dc97a6ea6669c8", "kernels/memory_placement/probe.py": "e8d990169ad6091fa1b53852e9f61eff495b5def72d35165a5c5cf1759e38898", "kernels/memory_placement/memory_kernels.cc": "182e7af7071a1e851afb4a7ca266069c489aea1fbaaa85eca129708daeba5ba6", "scripts/research-matrix.sh": "739254171629deae822b0ad7dabc875aee19ace56dde77d3e8aab61663f97516", "kernels/memory_placement/gemm.py": "17c905ad66110d3346bbf0db898dfc6b780df59fae1dfb0c1747057ce1e5844e", "kernels/memory_placement/gemm_placement.cc": "f21acf7250b12914ea30cc1f77613239dfa18421a85a1b9a5199017dd916278a", "tools/research_summary.py": "0c00dcceef07053d06731b41a1f1ed58d3ba4ea09f82497de354ce9cef17da20", "tools/research_toolchain.py": "f0a126a24ae213acfaa43460cfd9def0c86d9cb70cfee0228aa271688467b314"}, "commit": "9abb30d74fbc0e7860e57983a3e2a116d174d3fd", "command": ["bash", "scripts/research-iron.sh", "tests/test_sppf_kernel.py", "--compile", "--trace"], "seconds_limit": 1800.0, "rss_gib_limit": 10.0, "checks_only": false, "free_ram_bytes": 16969199616}
HOST_LOAD busy_cores=0.61 logical_cores=16 free_ram_gb=15.8 sample_sec=1
HOST_LOAD_TOP 0.15 pycharm64:8540 ws_mb=3067
HOST_LOAD_TOP 0.11 <tool>:33604 ws_mb=1225
HOST_LOAD_TOP 0.06 powershell:17292 ws_mb=80
HOST_LOAD_TOP 0.05 <tool>:19240 ws_mb=257
HOST_LOAD_TOP 0.05 hwinfo_npu_bridge:23612 ws_mb=13
HOST_LOAD_VERDICT CLEAR

PRE_NPU_CONTEXT_WITNESS "\n-----------------------------\n[003d:00:01.1] : NPU Phoenix\n-----------------------------\nAIE Partitions\n  No hardware contexts running on device\n\n"
NPU_TIMELINE "\n-----------------------------\n[003d:00:01.1] : NPU Phoenix\n-----------------------------\nAIE Partitions\n  No hardware contexts running on device\n\n"
NPU_OWNERSHIP {"context_pids": [], "owned_pids": [7956, 12668, 22684, 23952, 24520], "foreign_pids": []}
{"cases": 5, "event": "offline_pass", "hardware": false, "oracle": "torch.nn.MaxPool2d(5,1,2)", "output_bytes_per_case": 409600}

-----------------------------
[003d:00:01.1] : NPU Phoenix
-----------------------------
AIE Partitions
  No hardware contexts running on device


HOST_TIMELINE {"elapsed_seconds": 2.719, "tree_rss_bytes": 325734400, "foreign_peers": []}
HOST_LOAD busy_cores=0.54 logical_cores=16 free_ram_gb=15.7 sample_sec=1
HOST_LOAD_TOP 0.25 pycharm64:8540 ws_mb=3067
HOST_LOAD_TOP 0.11 <tool>:33604 ws_mb=1183
HOST_LOAD_TOP 0.05 powershell:5396 ws_mb=80
HOST_LOAD_TOP 0.03 python:23952 ws_mb=27
HOST_LOAD_TOP 0.03 HWiNFO64:1824 ws_mb=73
HOST_LOAD_VERDICT CLEAR

PEANO_TARGET aie2-none-unknown-elf -O3
HOST_TIMELINE {"elapsed_seconds": 5.36, "tree_rss_bytes": 373366784, "foreign_peers": []}
NPU_TIMELINE "\n-----------------------------\n[003d:00:01.1] : NPU Phoenix\n-----------------------------\nAIE Partitions\n  No hardware contexts running on device\n\n"
NPU_OWNERSHIP {"context_pids": [], "owned_pids": [4844, 5396, 7956, 12668, 22684, 23952, 24520, 34192, 34624], "foreign_pids": []}
{"cores": 16, "event": "compile_pass", "manifest": {"artifacts": {"design.prj/cdo_main/main_aie_cdo_elfs.bin": "2dd224c01407410ebbb0fa8e0b9701604218c9271cdd2f97d7ead7dab86d1d13", "design.prj/cdo_main/main_aie_cdo_enable.bin": "332ced3cd2d88c54e3ee5a6182a17f0953cdd573428e117cf814a1da9d6b6488", "design.prj/cdo_main/main_aie_cdo_init.bin": "434f1a89c80e77591a51656916ffd762ca92d0004fd936985659f822a985b6d3", "design.prj/elfs_main_core_0_2/elfs_main_core_0_2.elf": "d12887476da55416079f4092555480c13fe8fcb0e333124b7a12d99e52f6a75c", "design.prj/elfs_main_core_0_3/elfs_main_core_0_3.elf": "f31d85dff5eb5a28df0d1b8324aebc2b3c3aead349f1c7b53b3d4eda6374811d", "design.prj/elfs_main_core_0_4/elfs_main_core_0_4.elf": "0697a6dda01dcd1f28b9d05f182db58c1c74de84fde93e8ce5669c9c409315e9", "design.prj/elfs_main_core_0_5/elfs_main_core_0_5.elf": "7c1cf057cf6efc231a92ed86b927804f1c10224ade52a2505478c59a968350e3", "design.prj/elfs_main_core_1_2/elfs_main_core_1_2.elf": "79a70c344fab76cd49e1be82caef6cab04b850678f473dca9e2cf85a654d38ef", "design.prj/elfs_main_core_1_3/elfs_main_core_1_3.elf": "94c188eeb8b4ae29cbeea14ed7e87ecd3318c4992dc4c4f5872b42c5676c3e69", "design.prj/elfs_main_core_1_4/elfs_main_core_1_4.elf": "c31da03322123e1f74cc95de888c20967875ca7767c3024d0b1ab003b498c62b", "design.prj/elfs_main_core_1_5/elfs_main_core_1_5.elf": "f9f2104c0a36400d1bd1b1e22540104e75839ecae2719c3561996cd867923f4c", "design.prj/elfs_main_core_2_2/elfs_main_core_2_2.elf": "c708fe3bb3cb3ac7019b400948577ae4892f8141f7ab58a4bdc6540b4eedb1d8", "design.prj/elfs_main_core_2_3/elfs_main_core_2_3.elf": "c967428803515f05d38656c3cdcb466978a255f6e3dbc046ad91e342997d24a4", "design.prj/elfs_main_core_2_4/elfs_main_core_2_4.elf": "bb2332c57b83487d1594ceee5b73a600c103768cade53f0dda8d2a8188308dc3", "design.prj/elfs_main_core_2_5/elfs_main_core_2_5.elf": "9777454963f5b989cfa02c01e92cfe0766f898c240588bac9b094a679ea83cfc", "design.prj/elfs_main_core_3_2/elfs_main_core_3_2.elf": "8c5b4498cefd11fcc898b731b80ce3e84e66173110f1e86d4868ee6ff12b38b3", "design.prj/elfs_main_core_3_3/elfs_main_core_3_3.elf": "0a9f38ce548c229dc63d2939a61b1b93dc1efe0901238769af81a647150e77d6", "design.prj/elfs_main_core_3_4/elfs_main_core_3_4.elf": "51be787e3a3f24217c41538dcf41218ef93ecf4e6969fcca683cc5c20d32651f", "design.prj/elfs_main_core_3_5/elfs_main_core_3_5.elf": "14425f6d5a541b9b971cfe778fdb1af1f27985d7c77f65bf2537bb83ac3da375", "design.prj/maxpool5x5.o": "8878e6d2052853bbfd86914b7e0cfd2465b14aa90a3897dcdbb2602f8d80384b", "design.prj/objects_main_core_0_2/objects_main_core_0_2.o": "111a82ebed8bfc38f751cdd3a01ddc2d4ed7e5bd8b8ebccdec3a0a7062eb1932", "design.prj/objects_main_core_0_3/objects_main_core_0_3.o": "79d5a04928a9fd7e0d2862eb3206e72927eb82b9d115192f87d4bfeb3e514fbb", "design.prj/objects_main_core_0_4/objects_main_core_0_4.o": "ef44eb25d1f594d89027bd7baaca321d9425284215ca96ecda977c5cddbc38c0", "design.prj/objects_main_core_0_5/objects_main_core_0_5.o": "6edfe7e73c404a999bba187869a119038b0d610cb3d206f5d17f1c27c6deef59", "design.prj/objects_main_core_1_2/objects_main_core_1_2.o": "3aea851167ea8b63d7d7c00f3ffa11874ef2099f055fb0a04094cd4463b4d1aa", "design.prj/objects_main_core_1_3/objects_main_core_1_3.o": "ccfdecd07f6b6348cc35d5c45eb875c0255b87f14746b831c2608d08e2c00b40", "design.prj/objects_main_core_1_4/objects_main_core_1_4.o": "a0d58d20cfbbef213e1fed44b7d7278c6c989081eda3ec1f3155aa3f0ed611db", "design.prj/objects_main_core_1_5/objects_main_core_1_5.o": "427963d058b2166efae96294be927825b4244333c85c0ffb7c794490e999ecd2", "design.prj/objects_main_core_2_2/objects_main_core_2_2.o": "3ebc75dc90ea66831b73b5c3467937157e434c40e350ef4ecf646a587719f014", "design.prj/objects_main_core_2_3/objects_main_core_2_3.o": "72c6d4131955359b0768e9a6d7901dd6dad343f953ab0928e33afce7d587ceeb", "design.prj/objects_main_core_2_4/objects_main_core_2_4.o": "521f55d2b8aad1f0580b4569da4e85fd4619d839b9cacba5a15f5d17ceb6cbad", "design.prj/objects_main_core_2_5/objects_main_core_2_5.o": "d44cb51e3e1b4efe7e535f7fbab29c7904319afb3e64fbd4494d11f77613be69", "design.prj/objects_main_core_3_2/objects_main_core_3_2.o": "60e9c56b14ff22ce8975c4d45f7b4c053d307285d5912098c85031648a63580c", "design.prj/objects_main_core_3_3/objects_main_core_3_3.o": "a0d47c9f58861832e1c446e8e919552ba5561a2c95e0b16dc25064820ed2a05b", "design.prj/objects_main_core_3_4/objects_main_core_3_4.o": "bd3cc00c1b80d34e2f014e439cfe04cc1e97f076737a06a582c05aba2303dc08", "design.prj/objects_main_core_3_5/objects_main_core_3_5.o": "32a63136460e33511d1f4006296d47f315a045a3b27235af67e6a67f7ebd8aa5", "design.xclbin": "ebdee87d3f0c84c830952e5d73c6464be4b31007e8a1f537f5d69e11d14fca9e", "insts.bin": "9b61e5b27be6af7c08d6e21e0aa88f8f55ecca1cb251107a6d166d452736325a"}, "compiler": "clang version 22.0.0 (https://github.com/Xilinx/llvm-aie a36c62b9d26291fb06604bc976c897791f0bb578)\nTarget: x86_64-pc-windows-msvc\nThread model: posix\nInstalledDir: C:\\Users\\<user>\\mlir-aie\\ironenv\\Lib\\site-packages\\llvm-aie\\bin\nBuild config: +assertions\n", "repeats": 1, "sources": {"maxpool5x5.cc": "813e60a0322605057962ab33f4e43ec0a1af1890f0441bee5d7e6075d50b6595", "sppf_stage.py": "cc5e5602611c6810a83385bcda6026b932e1f746b80e5f2c76e0fd45eb2689e0"}, "trace": true}, "vector_max_instructions": 44}
RESEARCH_PROCESS_RESULT {"exit_code": 0, "stop": null, "peak_tree_rss_bytes": 443211776, "rss_measurement": "maximum observed across sampled descendant working sets; zero observations reported as null", "elapsed_seconds": 7.51600000000326, "foreign_contention_observed": false, "timing_eligible": true}
