RESEARCH_PLATFORM {"machine": "Desktop 2", "cpu": "AMD Ryzen 7 8700G w/ Radeon 780M Graphics", "os": "Windows-11-10.0.26200-SP0", "ram_bytes": 33381138432, "source_sha256": {"tools/research_process.py": "b527a07958df0ed575df38dfe88da348c972ee79eb459974555cf2655f94d37f", "tools/quant_calib_alphabet.py": "2dc0b2878c564853f340880209a425dfcf63b8536b2b8e9fd32344daade58d37", "tools/xint8_arithmetic_probe.py": "6aa3df08b9870c3c2264b868459d7ffbac3070dddc1349d7c6f3f480075f7041", "scripts/research-lowlevel.sh": "3455ad7933697936487712665505c216891865c6deada647302785f6e37020bd", "scripts/research-iron.sh": "128f8b5ee21f2209f8dda004cefc39fbf87a5170ca61c5cf18dc97a6ea6669c8", "kernels/memory_placement/probe.py": "e8d990169ad6091fa1b53852e9f61eff495b5def72d35165a5c5cf1759e38898", "kernels/memory_placement/memory_kernels.cc": "182e7af7071a1e851afb4a7ca266069c489aea1fbaaa85eca129708daeba5ba6", "scripts/research-matrix.sh": "739254171629deae822b0ad7dabc875aee19ace56dde77d3e8aab61663f97516", "kernels/memory_placement/gemm.py": "17c905ad66110d3346bbf0db898dfc6b780df59fae1dfb0c1747057ce1e5844e", "kernels/memory_placement/gemm_placement.cc": "f21acf7250b12914ea30cc1f77613239dfa18421a85a1b9a5199017dd916278a", "tools/research_summary.py": "0c00dcceef07053d06731b41a1f1ed58d3ba4ea09f82497de354ce9cef17da20", "tools/research_toolchain.py": "f0a126a24ae213acfaa43460cfd9def0c86d9cb70cfee0228aa271688467b314"}, "commit": "9abb30d74fbc0e7860e57983a3e2a116d174d3fd", "command": ["bash", "scripts/research-iron.sh", "tests/test_sppf_kernel.py", "--hardware", "--iters", "3", "--warmup", "2"], "seconds_limit": 1800.0, "rss_gib_limit": 10.0, "checks_only": false, "free_ram_bytes": 17415655424}
HOST_LOAD busy_cores=1.88 logical_cores=16 free_ram_gb=16.2 sample_sec=1
HOST_LOAD_TOP 1.37 agy:33604 ws_mb=1191
HOST_LOAD_TOP 0.34 pycharm64:8540 ws_mb=3064
HOST_LOAD_TOP 0.05 Taskmgr:13448 ws_mb=189
HOST_LOAD_TOP 0.05 powershell:33576 ws_mb=80
HOST_LOAD_TOP 0.05 HWiNFO64:1824 ws_mb=73
HOST_LOAD_VERDICT CLEAR

PRE_NPU_CONTEXT_WITNESS "\n-----------------------------\n[003d:00:01.1] : NPU Phoenix\n-----------------------------\nAIE Partitions\n  No hardware contexts running on device\n\n"
NPU_TIMELINE "\n-----------------------------\n[003d:00:01.1] : NPU Phoenix\n-----------------------------\nAIE Partitions\n  No hardware contexts running on device\n\n"
NPU_OWNERSHIP {"context_pids": [], "owned_pids": [25564, 25944, 28448, 29112, 32220], "foreign_pids": []}
{"cases": 5, "event": "offline_pass", "hardware": false, "oracle": "torch.nn.MaxPool2d(5,1,2)", "output_bytes_per_case": 409600}

-----------------------------
[003d:00:01.1] : NPU Phoenix
-----------------------------
AIE Partitions
  No hardware contexts running on device


HOST_TIMELINE {"elapsed_seconds": 2.672, "tree_rss_bytes": 325001216, "foreign_peers": []}
HOST_LOAD busy_cores=1.51 logical_cores=16 free_ram_gb=16 sample_sec=1
HOST_LOAD_TOP 0.54 agy:33604 ws_mb=1179
HOST_LOAD_TOP 0.28 python:28448 ws_mb=27
HOST_LOAD_TOP 0.25 pycharm64:8540 ws_mb=3064
HOST_LOAD_TOP 0.17 HWiNFO64:1824 ws_mb=73
HOST_LOAD_TOP 0.08 xrt-smi:10504 ws_mb=2
HOST_LOAD_VERDICT CLEAR

{"bdf": "003d:00:01.1", "device": 0, "event": "identity", "machine": "Desktop 2 / Ryzen 7 8700G", "shim_patches": [{"argument": 0, "offset": 0, "register": 118788}, {"argument": 1, "offset": 0, "register": 118820}, {"argument": 0, "offset": 25600, "register": 33673220}, {"argument": 1, "offset": 102400, "register": 33673252}, {"argument": 0, "offset": 51200, "register": 67227652}, {"argument": 1, "offset": 204800, "register": 67227684}, {"argument": 0, "offset": 76800, "register": 100782084}, {"argument": 1, "offset": 307200, "register": 100782116}], "sources": {"maxpool5x5.cc": "813e60a0322605057962ab33f4e43ec0a1af1890f0441bee5d7e6075d50b6595", "sppf_stage.py": "22352de423d4c2534969da12cbb5b291d614a3940136ae5506c3d4814c2e933a"}, "test_sha256": "ec03bd2edae1ead173ee4257e3e1449ce7b0e102767fc040004d217720ef88ce", "transaction_sha256": "71914664c0af6186d069b888f469d5a365425a111b9773f43a260c72003eee81", "xclbin_sha256": "12adc3ea8a6bfc2d7b763278d13388261a74c5d60ac4c01cc5ce768c42125456"}
{"bytes_checked": 409600, "case": "random", "dispatch_wait_us": 1384.8, "event": "comparison", "index": 0, "input_sha256": "63978a2a7fbe0d6350dc66f6c5547957b67ec81647c11b4ae7030626f56aed0e", "measured": false, "mismatches": 0, "output_sha256": "1d1881f1d7368ccece15c16739e7fcca1b0f4d4c5c8c8fb2d2548f2f22b602b1", "per_stage_column_mismatches": [[0, 0, 0, 0], [0, 0, 0, 0], [0, 0, 0, 0], [0, 0, 0, 0]], "seed": 17}
{"bytes_checked": 409600, "case": "negative", "dispatch_wait_us": 243.6, "event": "comparison", "index": 1, "input_sha256": "150874e147fd9ecf78e5ae80c29d98ae623c261f47e863e275f5ab9c62ce8404", "measured": false, "mismatches": 0, "output_sha256": "5799143f417e31afc564fc256a2f90f4b52b53faf27468004fd1021ffb36ed20", "per_stage_column_mismatches": [[0, 0, 0, 0], [0, 0, 0, 0], [0, 0, 0, 0], [0, 0, 0, 0]], "seed": 17}
{"bytes_checked": 409600, "case": "minimum", "dispatch_wait_us": 284.5, "event": "comparison", "index": 2, "input_sha256": "a6d8483f19411ef692312d3228ad8a0586c10edbd50a62871a713f3f9bd58462", "measured": false, "mismatches": 0, "output_sha256": "66dda928729cd741eb2effd7009a3cfce0e0f503ee4fa0ce6021b5589e9e9e6f", "per_stage_column_mismatches": [[0, 0, 0, 0], [0, 0, 0, 0], [0, 0, 0, 0], [0, 0, 0, 0]], "seed": 17}
{"bytes_checked": 409600, "case": "spatial", "dispatch_wait_us": 297.2, "event": "comparison", "index": 3, "input_sha256": "34eaf3b582bca7bcb9cc67f3a37ca3995f074221fc22edc00a356188597ef6fe", "measured": false, "mismatches": 0, "output_sha256": "33e7a4bb0a11058d3dfcfc7aaa9a822f1a1960897178cea0dea14e958d15e564", "per_stage_column_mismatches": [[0, 0, 0, 0], [0, 0, 0, 0], [0, 0, 0, 0], [0, 0, 0, 0]], "seed": 17}
{"bytes_checked": 409600, "case": "impulses", "dispatch_wait_us": 294.8, "event": "comparison", "index": 4, "input_sha256": "e62aa64e34466c7fb458f99044341c0738318a66718e0c2f18fd988c00c1809e", "measured": false, "mismatches": 0, "output_sha256": "493bf6a2eb08bad03703e7c77f444bd13dcfd497f4194635d0636831a220a191", "per_stage_column_mismatches": [[0, 0, 0, 0], [0, 0, 0, 0], [0, 0, 0, 0], [0, 0, 0, 0]], "seed": 17}
{"bytes_checked": 409600, "case": "random", "dispatch_wait_us": 282.8, "event": "comparison", "index": 5, "input_sha256": "b88d51a43284a1ff762da38822be09dfdbff0aa50e000275d258aa1c45c01727", "measured": false, "mismatches": 0, "output_sha256": "a1dbf52ed77483df90d82a396c9bd89d3023c2c07058c7b7a47345cf97f232dc", "per_stage_column_mismatches": [[0, 0, 0, 0], [0, 0, 0, 0], [0, 0, 0, 0], [0, 0, 0, 0]], "seed": 91}
{"bytes_checked": 409600, "case": "negative", "dispatch_wait_us": 254.7, "event": "comparison", "index": 6, "input_sha256": "d439cd48df952a79c455b687932cf282df9b1a69a9b8b56a4632ee66972d83a6", "measured": false, "mismatches": 0, "output_sha256": "c041b68ae265acfa6b56fd19a4e3442b1585363e898601396d88f1b9250f0ecb", "per_stage_column_mismatches": [[0, 0, 0, 0], [0, 0, 0, 0], [0, 0, 0, 0], [0, 0, 0, 0]], "seed": 91}
{"bytes_checked": 409600, "case": "minimum", "dispatch_wait_us": 256.2, "event": "comparison", "index": 7, "input_sha256": "a6d8483f19411ef692312d3228ad8a0586c10edbd50a62871a713f3f9bd58462", "measured": false, "mismatches": 0, "output_sha256": "66dda928729cd741eb2effd7009a3cfce0e0f503ee4fa0ce6021b5589e9e9e6f", "per_stage_column_mismatches": [[0, 0, 0, 0], [0, 0, 0, 0], [0, 0, 0, 0], [0, 0, 0, 0]], "seed": 91}
{"bytes_checked": 409600, "case": "spatial", "dispatch_wait_us": 244.3, "event": "comparison", "index": 8, "input_sha256": "33595fa2c4df4edf43b12ffbf471d4e1a068a5d87623ae040f60ca545e459921", "measured": false, "mismatches": 0, "output_sha256": "96b98f6260580c419d2cecbe6bde3abf72e862c0ad30b50c6c610bb98025557e", "per_stage_column_mismatches": [[0, 0, 0, 0], [0, 0, 0, 0], [0, 0, 0, 0], [0, 0, 0, 0]], "seed": 91}
{"bytes_checked": 409600, "case": "impulses", "dispatch_wait_us": 250.4, "event": "comparison", "index": 9, "input_sha256": "49722677d494ba0177ba19fd4eb405bfb7d93adbd7a9ba4970af3ca631e85a90", "measured": false, "mismatches": 0, "output_sha256": "bd1aa0b5d93a7dcefd24d52595f2d0a50ee5405ce6cf6cebe5e3b78c86bc1523", "per_stage_column_mismatches": [[0, 0, 0, 0], [0, 0, 0, 0], [0, 0, 0, 0], [0, 0, 0, 0]], "seed": 91}
{"bytes_checked": 409600, "case": "random", "dispatch_wait_us": 239.3, "event": "comparison", "index": 10, "input_sha256": "01215aad203d25958eb27ed722ddfe890573cf077c6a596c5c9c696f677fab0c", "measured": false, "mismatches": 0, "output_sha256": "de93af0ea6549090cd2d2db425faa70141390e7037ae1aabd9a529632c118e11", "per_stage_column_mismatches": [[0, 0, 0, 0], [0, 0, 0, 0], [0, 0, 0, 0], [0, 0, 0, 0]], "seed": 200}
{"bytes_checked": 409600, "case": "random", "dispatch_wait_us": 284.7, "event": "comparison", "index": 11, "input_sha256": "7dca6f114a2f506911e23422d7b16e1e07a586c4dab1c82b27523cb21dbe4750", "measured": false, "mismatches": 0, "output_sha256": "505a41e9f3e2a264093c663d9bebd805dd948e9e94a0a9b1424f9548355dc749", "per_stage_column_mismatches": [[0, 0, 0, 0], [0, 0, 0, 0], [0, 0, 0, 0], [0, 0, 0, 0]], "seed": 201}
{"bytes_checked": 409600, "case": "random", "dispatch_wait_us": 303.1, "event": "comparison", "index": 12, "input_sha256": "4699595e8133c5ead6c068c890cc327f835bd03308b61c6816200e30e9850ac0", "measured": true, "mismatches": 0, "output_sha256": "38735702a7d97e2b68ee515b81addbd9752e75a4689a384c88b64bd73b44a686", "per_stage_column_mismatches": [[0, 0, 0, 0], [0, 0, 0, 0], [0, 0, 0, 0], [0, 0, 0, 0]], "seed": 202}
{"bytes_checked": 409600, "case": "random", "dispatch_wait_us": 231.9, "event": "comparison", "index": 13, "input_sha256": "6c03b011fe89f122405ce2fab1e71b7fde2fb0f4830a9c35e720eec041e52e52", "measured": true, "mismatches": 0, "output_sha256": "b6d06dac4a2180ea92285bd6734e67790b857488dc27a38a07691cc4daf3c59a", "per_stage_column_mismatches": [[0, 0, 0, 0], [0, 0, 0, 0], [0, 0, 0, 0], [0, 0, 0, 0]], "seed": 203}
{"bytes_checked": 409600, "case": "random", "dispatch_wait_us": 275.8, "event": "comparison", "index": 14, "input_sha256": "03d5d6f56916291d8a0233df9269f5078e072ea4c30e276e61c93de3b8ab0d33", "measured": true, "mismatches": 0, "output_sha256": "c8abd333867b354d966f8db96d2966d98056fdf61cd53c5a1c2156c26e884c91", "per_stage_column_mismatches": [[0, 0, 0, 0], [0, 0, 0, 0], [0, 0, 0, 0], [0, 0, 0, 0]], "seed": 204}
{"cores": 16, "correctness": "PASS", "event": "hardware_result", "latency_verdict": "FAIL", "max_us": 303.1, "median_us": 275.8, "min_us": 231.9, "samples": 3, "target_us": 150, "timing_scope": "whole array XRT dispatch through completion, includes DMA"}
Traceback (most recent call last):
  File "C:\Users\<user>\PycharmProjects\ignite-xdna\tests\test_sppf_kernel.py", line 215, in <module>
    main()
    ~~~~^^
  File "C:\Users\<user>\PycharmProjects\ignite-xdna\tests\test_sppf_kernel.py", line 211, in main
    hardware(args, directory)
    ~~~~~~~~^^^^^^^^^^^^^^^^^
  File "C:\Users\<user>\PycharmProjects\ignite-xdna\tests\test_sppf_kernel.py", line 190, in hardware
    raise AssertionError('Total SPPF execution exceeded 150 us')
AssertionError: Total SPPF execution exceeded 150 us
RESEARCH_PROCESS_RESULT {"exit_code": 1, "stop": null, "peak_tree_rss_bytes": 341417984, "rss_measurement": "maximum observed across sampled descendant working sets; zero observations reported as null", "elapsed_seconds": 4.110000000000582, "foreign_contention_observed": false, "timing_eligible": false}
