RESEARCH_PLATFORM {"machine": "Desktop 2", "cpu": "AMD Ryzen 7 8700G w/ Radeon 780M Graphics", "os": "Windows-11-10.0.26200-SP0", "ram_bytes": 33381138432, "source_sha256": {"tools/research_process.py": "b527a07958df0ed575df38dfe88da348c972ee79eb459974555cf2655f94d37f", "tools/quant_calib_alphabet.py": "2dc0b2878c564853f340880209a425dfcf63b8536b2b8e9fd32344daade58d37", "tools/xint8_arithmetic_probe.py": "6aa3df08b9870c3c2264b868459d7ffbac3070dddc1349d7c6f3f480075f7041", "scripts/research-lowlevel.sh": "3455ad7933697936487712665505c216891865c6deada647302785f6e37020bd", "scripts/research-iron.sh": "128f8b5ee21f2209f8dda004cefc39fbf87a5170ca61c5cf18dc97a6ea6669c8", "kernels/memory_placement/probe.py": "e8d990169ad6091fa1b53852e9f61eff495b5def72d35165a5c5cf1759e38898", "kernels/memory_placement/memory_kernels.cc": "182e7af7071a1e851afb4a7ca266069c489aea1fbaaa85eca129708daeba5ba6", "scripts/research-matrix.sh": "739254171629deae822b0ad7dabc875aee19ace56dde77d3e8aab61663f97516", "kernels/memory_placement/gemm.py": "17c905ad66110d3346bbf0db898dfc6b780df59fae1dfb0c1747057ce1e5844e", "kernels/memory_placement/gemm_placement.cc": "f21acf7250b12914ea30cc1f77613239dfa18421a85a1b9a5199017dd916278a", "tools/research_summary.py": "0c00dcceef07053d06731b41a1f1ed58d3ba4ea09f82497de354ce9cef17da20", "tools/research_toolchain.py": "f0a126a24ae213acfaa43460cfd9def0c86d9cb70cfee0228aa271688467b314"}, "commit": "2b7937b4e365f5b983d96ad9ac196182033c09e0", "command": ["bash", "scripts/research-iron.sh", "tests/test_sppf_kernel.py", "--compile"], "seconds_limit": 1800.0, "rss_gib_limit": 10.0, "checks_only": false, "free_ram_bytes": 17572638720}
HOST_LOAD busy_cores=0.48 logical_cores=16 free_ram_gb=16.3 sample_sec=1
HOST_LOAD_TOP 0.2 pycharm64:8540 ws_mb=3011
HOST_LOAD_TOP 0.06 Taskmgr:13448 ws_mb=188
HOST_LOAD_TOP 0.05 powershell:34728 ws_mb=80
HOST_LOAD_TOP 0.05 HWiNFO64:1824 ws_mb=73
HOST_LOAD_TOP 0.03 agy:33604 ws_mb=1160
HOST_LOAD_VERDICT CLEAR

PRE_NPU_CONTEXT_WITNESS "\n-----------------------------\n[003d:00:01.1] : NPU Phoenix\n-----------------------------\nAIE Partitions\n  No hardware contexts running on device\n\n"
NPU_TIMELINE "\n-----------------------------\n[003d:00:01.1] : NPU Phoenix\n-----------------------------\nAIE Partitions\n  No hardware contexts running on device\n\n"
NPU_OWNERSHIP {"context_pids": [], "owned_pids": [6224, 20828, 28480, 30428, 33284], "foreign_pids": []}
{"cases": 5, "event": "offline_pass", "hardware": false, "oracle": "torch.nn.MaxPool2d(5,1,2)", "output_bytes_per_case": 409600}

-----------------------------
[003d:00:01.1] : NPU Phoenix
-----------------------------
AIE Partitions
  No hardware contexts running on device


HOST_TIMELINE {"elapsed_seconds": 2.734, "tree_rss_bytes": 325369856, "foreign_peers": []}
HOST_LOAD busy_cores=0.83 logical_cores=16 free_ram_gb=16.1 sample_sec=1
HOST_LOAD_TOP 0.22 python:20828 ws_mb=27
HOST_LOAD_TOP 0.2 HWiNFO64:1824 ws_mb=73
HOST_LOAD_TOP 0.17 pycharm64:8540 ws_mb=3011
HOST_LOAD_TOP 0.11 Taskmgr:13448 ws_mb=188
HOST_LOAD_TOP 0.06 powershell:7956 ws_mb=80
HOST_LOAD_VERDICT CLEAR

PEANO_TARGET aie2-none-unknown-elf -O3
HOST_TIMELINE {"elapsed_seconds": 5.359, "tree_rss_bytes": 369389568, "foreign_peers": []}
Traceback (most recent call last):
NPU_TIMELINE "\n-----------------------------\n[003d:00:01.1] : NPU Phoenix\n-----------------------------\nAIE Partitions\n  No hardware contexts running on device\n\n"
NPU_OWNERSHIP {"context_pids": [], "owned_pids": [1324, 6224, 7956, 13988, 20828, 28480, 30428, 33284], "foreign_pids": []}
  File "C:\Users\<user>\PycharmProjects\ignite-xdna\tests\test_sppf_kernel.py", line 215, in <module>
    main()
    ~~~~^^
  File "C:\Users\<user>\PycharmProjects\ignite-xdna\tests\test_sppf_kernel.py", line 208, in main
    compile_bundle(directory)
    ~~~~~~~~~~~~~~^^^^^^^^^^^
  File "C:\Users\<user>\PycharmProjects\ignite-xdna\tests\test_sppf_kernel.py", line 103, in compile_bundle
    compile_design(directory)
    ~~~~~~~~~~~~~~^^^^^^^^^^^
  File "C:\Users\<user>\PycharmProjects\ignite-xdna\kernels\aie2\sppf\sppf_stage.py", line 141, in compile_design
    compile_mlir_module(ir, insts_path=directory / 'insts.bin',
    ~~~~~~~~~~~~~~~~~~~^^^^^^^^^^^^^^^^^^^^^^^^^^^^^^^^^^^^^^^^
                        xclbin_path=directory / 'design.xclbin', work_dir=work)
                        ^^^^^^^^^^^^^^^^^^^^^^^^^^^^^^^^^^^^^^^^^^^^^^^^^^^^^^^
  File "C:\Users\<user>\mlir-aie\ironenv\Lib\site-packages\mlir_aie\python\aie\utils\compile\utils.py", line 534, in compile_mlir_module
    _run_aiecc(mlir_file, args)
    ~~~~~~~~~~^^^^^^^^^^^^^^^^^
  File "C:\Users\<user>\mlir-aie\ironenv\Lib\site-packages\mlir_aie\python\aie\utils\compile\utils.py", line 409, in _run_aiecc
    raise RuntimeError(
    ...<2 lines>...
    )
RuntimeError: [aiecc] Compilation failed with exit code 1:

(0/37) input.mlir
(1/37)           
(1/37) [0/1] placed.mlirC:\Users\<user>\PycharmProjects\ignite-xdna\build\sppf\ad296bb340fbf13b\design.prj\aie.mlir:27:28: error: 'aie.connect' op illegal stream switch connection
    aie.switchbox(%t0_1) { aie.connect<DMA : 1, DMA : 5> }
                           ^
C:\Users\<user>\PycharmProjects\ignite-xdna\build\sppf\ad296bb340fbf13b\design.prj\aie.mlir:27:28: note: see current operation: "aie.connect"() <{dest_bundle = 1 : i32, dest_channel = 5 : i32, source_bundle = 1 : i32, source_channel = 1 : i32}> : () -> ()
aiecc: PassPipeline could not obtain input module

aiecc: edge 'placed.mlir' (key 'input.mlir') failed
aiecc: pipeline failed

RESEARCH_PROCESS_RESULT {"exit_code": 1, "stop": null, "peak_tree_rss_bytes": 369389568, "rss_measurement": "maximum observed across sampled descendant working sets; zero observations reported as null", "elapsed_seconds": 6.2960000000020955, "foreign_contention_observed": false, "timing_eligible": false}
