========================================================================
PHYSICAL SILICON VERIFICATION: SPLIT CONTAINERS & DECOUPLED WEIGHTS
========================================================================
[PRE-RUN] NPU Hardware Status:
-----------------------------
[003d:00:01.1] : NPU Phoenix
-----------------------------
AIE Partitions
  No hardware contexts running on device

[*] Running 1/3: Monolithic Baseline (build/yolov8n_full.ignite)...
    [OK] Monolithic NPU Dispatch: 7.556 ms (min 7.465 ms)

[*] Generating & Running 2/3: Decoupled Weights Container...
    [OK] Decoupled NPU Dispatch: 7.593 ms (min 7.487 ms)
    [OK] Bit-exact output match: 100% agreement on all 1,209,600 head bytes

[*] Generating & Running 3/3: Multi-Segment Split Container (Layer 10 Cut)...
    [OK] Split Total NPU Dispatch: 7.755 ms (min 7.652 ms)
         Segment 0 (Layers 0..10): 2.012 ms
         Segment 1 (Layers 10..66): 5.736 ms
         Inter-segment gap: 6.6 ╡s
    [OK] Bit-exact output match: 100% agreement on all 1,209,600 head bytes

[*] Testing Early-Exit Cascade (max_segments=1)...
    [OK] Early-Exit Dispatch (Segment 0 only): 2.055 ms (executed 1 of 2 segments)
[POST-RUN] NPU Hardware Status:
-----------------------------
[003d:00:01.1] : NPU Phoenix
-----------------------------
AIE Partitions
  No hardware contexts running on device

========================================================================
ALL SILICON VERIFICATION CHECKS PASSED SUCCESSFULLY!
========================================================================
