[cotenancy] detect container: 25 slot bases hold 66 layer tensors; 15 of those slots have more than one tenant
  L 1 /model.1/act/Mul_output_0_QuantizeLinear_Out slot last written by L 4  diff-as-successor        0/409600  diff-as-itself   382550  AS PLANNED
  L 3 /model.2/m.0/cv1/act/Mul_output_0_QuantizeLi slot last written by L 5  diff-as-successor        0/409600  diff-as-itself   398573  AS PLANNED
  L 6 /model.3/act/Mul_output_0_QuantizeLinear_Out slot last written by L45  diff-as-successor        0/409600  diff-as-itself   409600  AS PLANNED
  L11 /model.4/m.1/Add_output_0_QuantizeLinear_Out slot last written by L45  diff-as-successor        0/204800  diff-as-itself   204800  AS PLANNED
  L36 /model.15/m.0/cv2/act/Mul_output_0_QuantizeL slot last written by L45  diff-as-successor        0/204800  diff-as-itself   204800  AS PLANNED
  L41 /model.22/cv2.0/cv2.0.1/act/Mul_output_0_Qua slot last written by L45  diff-as-successor        0/409600  diff-as-itself   409600  AS PLANNED
  L 7 /model.4/cv1/act/Mul_output_0_QuantizeLinear slot last written by L39  diff-as-successor        0/409600  diff-as-itself   401879  AS PLANNED
  L34 /model.15/cv1/act/Mul_output_0_QuantizeLinea slot last written by L39  diff-as-successor        0/409600  diff-as-itself   395984  AS PLANNED
  L 8 /model.4/m.0/cv1/act/Mul_output_0_QuantizeLi slot last written by L37  diff-as-successor        0/204800  diff-as-itself   199016  AS PLANNED
  L10 /model.4/m.1/cv1/act/Mul_output_0_QuantizeLi slot last written by L37  diff-as-successor        0/204800  diff-as-itself   197957  AS PLANNED
  L12 /model.4/cv2/act/Mul_output_0_QuantizeLinear slot last written by L37  diff-as-successor        0/409600  diff-as-itself   397877  AS PLANNED
  L35 /model.15/m.0/cv1/act/Mul_output_0_QuantizeL slot last written by L37  diff-as-successor        0/204800  diff-as-itself   202406  AS PLANNED
  L 9 /model.4/m.0/Add_output_0_QuantizeLinear_Out slot last written by L40  diff-as-successor        0/204800  diff-as-itself   201594  AS PLANNED
  L13 /model.5/act/Mul_output_0_QuantizeLinear_Out slot last written by L56  diff-as-successor        0/128000  diff-as-itself   127997  AS PLANNED
  L18 /model.6/m.1/Add_output_0_QuantizeLinear_Out slot last written by L56  diff-as-successor        0/102400  diff-as-itself   102400  AS PLANNED
  L32 /model.12/m.0/cv2/act/Mul_output_0_QuantizeL slot last written by L56  diff-as-successor        0/102400  diff-as-itself   102400  AS PLANNED
  L38 /model.16/act/Mul_output_0_QuantizeLinear_Ou slot last written by L56  diff-as-successor        0/102400  diff-as-itself   102400  AS PLANNED
  L47 /model.18/m.0/cv2/act/Mul_output_0_QuantizeL slot last written by L56  diff-as-successor        0/102400  diff-as-itself   102399  AS PLANNED
  L52 /model.22/cv2.1/cv2.1.1/act/Mul_output_0_Qua slot last written by L56  diff-as-successor        0/102400  diff-as-itself   102400  AS PLANNED
  L33 /model.12/cv2/act/Mul_output_0_QuantizeLinea slot last written by L53  diff-as-successor        0/128000  diff-as-itself   124813  AS PLANNED
  L14 /model.6/cv1/act/Mul_output_0_QuantizeLinear slot last written by L50  diff-as-successor        0/102400  diff-as-itself    96245  AS PLANNED
  L30 /model.12/cv1/act/Mul_output_0_QuantizeLinea slot last written by L50  diff-as-successor        0/102400  diff-as-itself    99892  AS PLANNED
  L43 /model.18/cv1/act/Mul_output_0_QuantizeLinea slot last written by L50  diff-as-successor        0/102400  diff-as-itself    95124  AS PLANNED
  L15 /model.6/m.0/cv1/act/Mul_output_0_QuantizeLi slot last written by L48  diff-as-successor        0/102400  diff-as-itself    96825  AS PLANNED
  L17 /model.6/m.1/cv1/act/Mul_output_0_QuantizeLi slot last written by L48  diff-as-successor        0/102400  diff-as-itself    96370  AS PLANNED
  L19 /model.6/cv2/act/Mul_output_0_QuantizeLinear slot last written by L48  diff-as-successor        0/204800  diff-as-itself   199314  AS PLANNED
  L31 /model.12/m.0/cv1/act/Mul_output_0_QuantizeL slot last written by L48  diff-as-successor        0/102400  diff-as-itself    96561  AS PLANNED
  L46 /model.18/m.0/cv1/act/Mul_output_0_QuantizeL slot last written by L48  diff-as-successor        0/102400  diff-as-itself    96300  AS PLANNED
  L16 /model.6/m.0/Add_output_0_QuantizeLinear_Out slot last written by L51  diff-as-successor        0/102400  diff-as-itself    99324  AS PLANNED
  L20 /model.7/act/Mul_output_0_QuantizeLinear_Out slot last written by L65  diff-as-successor        0/32000  diff-as-itself    32000  AS PLANNED
  L23 /model.8/m.0/Add_output_0_QuantizeLinear_Out slot last written by L65  diff-as-successor        0/32000  diff-as-itself    32000  AS PLANNED
  L28 /model.9/m_2/MaxPool_output_0_QuantizeLinear slot last written by L65  diff-as-successor        0/32000  diff-as-itself    32000  AS PLANNED
  L49 /model.19/act/Mul_output_0_QuantizeLinear_Ou slot last written by L65  diff-as-successor        0/32000  diff-as-itself    31999  AS PLANNED
  L58 /model.21/m.0/cv2/act/Mul_output_0_QuantizeL slot last written by L65  diff-as-successor        0/32000  diff-as-itself    31999  AS PLANNED
  L62 /model.22/cv2.2/cv2.2.1/act/Mul_output_0_Qua slot last written by L65  diff-as-successor        0/25600  diff-as-itself    25600  AS PLANNED
  L24 /model.8/cv2/act/Mul_output_0_QuantizeLinear slot last written by L63  diff-as-successor        0/32000  diff-as-itself    30073  AS PLANNED
  L29 /model.9/cv2/act/Mul_output_0_QuantizeLinear slot last written by L63  diff-as-successor        0/32000  diff-as-itself    29659  AS PLANNED
  L21 /model.8/cv1/act/Mul_output_0_QuantizeLinear slot last written by L60  diff-as-successor        0/25600  diff-as-itself    24357  AS PLANNED
  L54 /model.21/cv1/act/Mul_output_0_QuantizeLinea slot last written by L60  diff-as-successor        0/25600  diff-as-itself    23834  AS PLANNED
  L22 /model.8/m.0/cv1/act/Mul_output_0_QuantizeLi slot last written by L59  diff-as-successor        0/51200  diff-as-itself    49573  AS PLANNED
  L57 /model.21/m.0/cv1/act/Mul_output_0_QuantizeL slot last written by L59  diff-as-successor        0/51200  diff-as-itself    47397  AS PLANNED
[cotenancy] 41/41 reused tensors read back exactly as their slot's final tenant -> every one, the earlier layers are unreadable, not wrong
[cotenancy] PASS
