[verify] detect container yolov8n_headctrl.ignite: 66 layers, reference in 0.6 s
  L 0 /model.0/conv/Conv                           EXACT
  L 1 /model.1/conv/Conv                           SLOT ok, holds L4 now
  L 2 /model.2/cv1/conv/Conv                       EXACT
  L 3 /model.2/m.0/cv1/conv/Conv                   SLOT ok, holds L5 now
  L 4 /model.2/m.0/cv2/conv/Conv                   EXACT
  L 5 /model.2/cv2/conv/Conv                       EXACT
  L 6 /model.3/conv/Conv                           SLOT ok, holds L45 now
  L 7 /model.4/cv1/conv/Conv                       SLOT ok, holds L39 now
  L 8 /model.4/m.0/cv1/conv/Conv                   SLOT ok, holds L37 now
  L 9 /model.4/m.0/cv2/conv/Conv                   SLOT ok, holds L40 now
  L10 /model.4/m.1/cv1/conv/Conv                   SLOT ok, holds L37 now
  L11 /model.4/m.1/cv2/conv/Conv                   SLOT ok, holds L45 now
  L12 /model.4/cv2/conv/Conv                       SLOT ok, holds L37 now
  L13 /model.5/conv/Conv                           SLOT ok, holds L56 now
  L14 /model.6/cv1/conv/Conv                       SLOT ok, holds L50 now
  L15 /model.6/m.0/cv1/conv/Conv                   SLOT ok, holds L48 now
  L16 /model.6/m.0/cv2/conv/Conv                   SLOT ok, holds L51 now
  L17 /model.6/m.1/cv1/conv/Conv                   SLOT ok, holds L48 now
  L18 /model.6/m.1/cv2/conv/Conv                   SLOT ok, holds L56 now
  L19 /model.6/cv2/conv/Conv                       SLOT ok, holds L48 now
  L20 /model.7/conv/Conv                           SLOT ok, holds L65 now
  L21 /model.8/cv1/conv/Conv                       SLOT ok, holds L60 now
  L22 /model.8/m.0/cv1/conv/Conv                   SLOT ok, holds L59 now
  L23 /model.8/m.0/cv2/conv/Conv                   SLOT ok, holds L65 now
  L24 /model.8/cv2/conv/Conv                       SLOT ok, holds L63 now
  L25 /model.9/cv1/conv/Conv                       EXACT
  L26 /model.9/m/MaxPool                           EXACT
  L27 /model.9/m_1/MaxPool                         EXACT
  L28 /model.9/m_2/MaxPool                         SLOT ok, holds L65 now
  L29 /model.9/cv2/conv/Conv                       SLOT ok, holds L63 now
  L30 /model.12/cv1/conv/Conv                      SLOT ok, holds L50 now
  L31 /model.12/m.0/cv1/conv/Conv                  SLOT ok, holds L48 now
  L32 /model.12/m.0/cv2/conv/Conv                  SLOT ok, holds L56 now
  L33 /model.12/cv2/conv/Conv                      SLOT ok, holds L53 now
  L34 /model.15/cv1/conv/Conv                      SLOT ok, holds L39 now
  L35 /model.15/m.0/cv1/conv/Conv                  SLOT ok, holds L37 now
  L36 /model.15/m.0/cv2/conv/Conv                  SLOT ok, holds L45 now
  L37 /model.15/cv2/conv/Conv                      EXACT
  L38 /model.16/conv/Conv                          SLOT ok, holds L56 now
  L39 /model.22/cv2.0/cv2.0.0/conv/Conv            EXACT
  L40 /model.22/cv3.0/cv3.0.0/conv/Conv            EXACT
  L41 /model.22/cv2.0/cv2.0.1/conv/Conv            SLOT ok, holds L45 now
  L42 /model.22/cv3.0/cv3.0.1/conv/Conv            EXACT
  L43 /model.18/cv1/conv/Conv                      SLOT ok, holds L50 now
  L44 /model.22/cv2.0/cv2.0.2/Conv                 EXACT
  L45 /model.22/cv3.0/cv3.0.2/Conv                 EXACT
  L46 /model.18/m.0/cv1/conv/Conv                  SLOT ok, holds L48 now
  L47 /model.18/m.0/cv2/conv/Conv                  SLOT ok, holds L56 now
  L48 /model.18/cv2/conv/Conv                      EXACT
  L49 /model.19/conv/Conv                          SLOT ok, holds L65 now
  L50 /model.22/cv2.1/cv2.1.0/conv/Conv            EXACT
  L51 /model.22/cv3.1/cv3.1.0/conv/Conv            EXACT
  L52 /model.22/cv2.1/cv2.1.1/conv/Conv            SLOT ok, holds L56 now
  L53 /model.22/cv3.1/cv3.1.1/conv/Conv            EXACT
  L54 /model.21/cv1/conv/Conv                      SLOT ok, holds L60 now
  L55 /model.22/cv2.1/cv2.1.2/Conv                 EXACT
  L56 /model.22/cv3.1/cv3.1.2/Conv                 EXACT
  L57 /model.21/m.0/cv1/conv/Conv                  SLOT ok, holds L59 now
  L58 /model.21/m.0/cv2/conv/Conv                  SLOT ok, holds L65 now
  L59 /model.21/cv2/conv/Conv                      EXACT
  L60 /model.22/cv2.2/cv2.2.0/conv/Conv            EXACT
  L61 /model.22/cv3.2/cv3.2.0/conv/Conv            EXACT
  L62 /model.22/cv2.2/cv2.2.1/conv/Conv            SLOT ok, holds L65 now
  L63 /model.22/cv3.2/cv3.2.1/conv/Conv            EXACT
  L64 /model.22/cv2.2/cv2.2.2/Conv                 EXACT
  L65 /model.22/cv3.2/cv3.2.2/Conv                 EXACT
[verify] 25/25 readable layers exact; 41/41 reused slots hold their planned final tenant | 66 layers total | first dispatch 8.768 ms | dispatch mean 7.227 ms, min 7.127, max 7.350 over 10
[verify] 41 of 66 layers are NOT checkable by post-dispatch readback: workspace reuse let a later layer write their slot. That is this tool's coverage limit, not a device finding -- build with ignite-compile --no-workspace-reuse to check every layer of the lowering.
[verify] PASS
