# YOLOv8s and SESR M7 containers against AMD's stack, host DESKTOP-CBL5NUA (Desktop 2), start 2026-09-15T21:46:56Z
# ignite-xdna 9351cc1 (main) in <install> and <ignite-xdna main>; Ignition 6985ef7 (main) in <install>
# yolov8s_cut_xint8.onnx: 11,491,426 B sha256 065f62523000b806
# sesr_m7_xint8.onnx: 38,567 B sha256 bfafba18e93940f8
# image bus.jpg: 137,419 B sha256 c02019c4979c191e; AMD xclbin <ignite-xdna main>\yolocutcachekey\4x4.xclbin: 4,149,726 B sha256 d3b5e845b05f91be
# control build/yolov8n_full.ignite: 8,822,528 B sha256 ce64c451ea9bd620
[xrt-smi before] [003d:00:01.1] : NPU Phoenix | AIE Partitions | No hardware contexts running on device
[cpu] CPU 3.6 % over 5 s; busiest System Idle Process 0, System 0,  0, Registry 0

## Build

== 2026-09-15T21:47:02Z [compile yolov8s] $ <install>\venv\Scripts\ignite-compile.exe --input <ignite-xdna main>\models\yolov8s_cut_xint8.onnx --output <scratch>\sitting\yolov8s.ignite --build-dir <scratch>\sitting\build\yolov8s
[*] Lowered 66 layers (0 on the host); workspace 32.2 MB; 2173 rounds, 29.50 MB static packets
[+] <scratch>\sitting\yolov8s.ignite written: 30,743,680 bytes in 25.3 s (xclbin 188,542 B, insts 1,019,140 B, packets 29,495,808 B)
    [OK] head_status: present (6 heads declared in head_layout, 1209600 of 1209600 egress bytes)
    [OK] egress bytes: 1,209,600

All compilation and packaging checks passed successfully!
== 2026-09-15T21:47:28Z [compile yolov8s] exit 0 after 25.8 s
# yolov8s.ignite: 30,743,680 B sha256 5e1c78643337e2be

== 2026-09-15T21:47:28Z [compile sesr_m7] $ <install>\venv\Scripts\ignite-compile.exe --input <ignite-xdna main>\models\sesr_m7_xint8.onnx --output <scratch>\sitting\sesr_m7.ignite --build-dir <scratch>\sitting\build\sesr_m7
[*] Lowered 9 layers (0 on the host); workspace 19.7 MB; 1521 rounds, 0.17 MB static packets
[+] <scratch>\sitting\sesr_m7.ignite written: 511,168 bytes in 6.5 s (xclbin 188,542 B, insts 144,880 B, packets 170,496 B)
    [OK] dense output: 12x256x256 uint8 at scale 2.0, host depth_to_space x2 -> image [1, 3, 512, 512]
    [OK] egress bytes: 786,432

All compilation and packaging checks passed successfully!
== 2026-09-15T21:47:35Z [compile sesr_m7] exit 0 after 6.9 s
# sesr_m7.ignite: 511,168 B sha256 95e2a3dd326e8f85

## Witnesses

== 2026-09-15T21:47:35Z [verify yolov8s] $ <install>\venv\Scripts\python.exe tools/verify_engine_container.py --container <scratch>\sitting\yolov8s.ignite --model <ignite-xdna main>\models\yolov8s_cut_xint8.onnx
[verify] detect container yolov8s.ignite: 66 layers, reference in 1.0 s
  L 0 /model.0/conv/Conv                           EXACT
  L 1 /model.1/conv/Conv                           EXACT
  L 2 /model.2/cv1/conv/Conv                       EXACT
  L 3 /model.2/m.0/cv1/conv/Conv                   EXACT
  L 4 /model.2/m.0/cv2/conv/Conv                   EXACT
  L 5 /model.2/cv2/conv/Conv                       EXACT
  L 6 /model.3/conv/Conv                           EXACT
  L 7 /model.4/cv1/conv/Conv                       EXACT
  L 8 /model.4/m.0/cv1/conv/Conv                   EXACT
  L 9 /model.4/m.0/cv2/conv/Conv                   EXACT
  L10 /model.4/m.1/cv1/conv/Conv                   EXACT
  L11 /model.4/m.1/cv2/conv/Conv                   EXACT
  L12 /model.4/cv2/conv/Conv                       EXACT
  L13 /model.5/conv/Conv                           EXACT
  L14 /model.6/cv1/conv/Conv                       EXACT
  L15 /model.6/m.0/cv1/conv/Conv                   EXACT
  L16 /model.6/m.0/cv2/conv/Conv                   EXACT
  L17 /model.6/m.1/cv1/conv/Conv                   EXACT
  L18 /model.6/m.1/cv2/conv/Conv                   EXACT
  L19 /model.6/cv2/conv/Conv                       EXACT
  L20 /model.7/conv/Conv                           EXACT
  L21 /model.8/cv1/conv/Conv                       EXACT
  L22 /model.8/m.0/cv1/conv/Conv                   EXACT
  L23 /model.8/m.0/cv2/conv/Conv                   EXACT
  L24 /model.8/cv2/conv/Conv                       EXACT
  L25 /model.9/cv1/conv/Conv                       EXACT
  L26 /model.9/m/MaxPool                           EXACT
  L27 /model.9/m_1/MaxPool                         EXACT
  L28 /model.9/m_2/MaxPool                         EXACT
  L29 /model.9/cv2/conv/Conv                       EXACT
  L30 /model.12/cv1/conv/Conv                      EXACT
  L31 /model.12/m.0/cv1/conv/Conv                  EXACT
  L32 /model.12/m.0/cv2/conv/Conv                  EXACT
  L33 /model.12/cv2/conv/Conv                      EXACT
  L34 /model.15/cv1/conv/Conv                      EXACT
  L35 /model.15/m.0/cv1/conv/Conv                  EXACT
  L36 /model.15/m.0/cv2/conv/Conv                  EXACT
  L37 /model.15/cv2/conv/Conv                      EXACT
  L38 /model.16/conv/Conv                          EXACT
  L39 /model.22/cv2.0/cv2.0.0/conv/Conv            EXACT
  L40 /model.22/cv3.0/cv3.0.0/conv/Conv            EXACT
  L41 /model.22/cv2.0/cv2.0.1/conv/Conv            EXACT
  L42 /model.22/cv3.0/cv3.0.1/conv/Conv            EXACT
  L43 /model.18/cv1/conv/Conv                      EXACT
  L44 /model.22/cv2.0/cv2.0.2/Conv                 EXACT
  L45 /model.22/cv3.0/cv3.0.2/Conv                 EXACT
  L46 /model.18/m.0/cv1/conv/Conv                  EXACT
  L47 /model.18/m.0/cv2/conv/Conv                  EXACT
  L48 /model.18/cv2/conv/Conv                      EXACT
  L49 /model.19/conv/Conv                          EXACT
  L50 /model.22/cv2.1/cv2.1.0/conv/Conv            EXACT
  L51 /model.22/cv3.1/cv3.1.0/conv/Conv            EXACT
  L52 /model.22/cv2.1/cv2.1.1/conv/Conv            EXACT
  L53 /model.22/cv3.1/cv3.1.1/conv/Conv            EXACT
  L54 /model.21/cv1/conv/Conv                      EXACT
  L55 /model.22/cv2.1/cv2.1.2/Conv                 EXACT
  L56 /model.22/cv3.1/cv3.1.2/Conv                 EXACT
  L57 /model.21/m.0/cv1/conv/Conv                  EXACT
  L58 /model.21/m.0/cv2/conv/Conv                  EXACT
  L59 /model.21/cv2/conv/Conv                      EXACT
  L60 /model.22/cv2.2/cv2.2.0/conv/Conv            EXACT
  L61 /model.22/cv3.2/cv3.2.0/conv/Conv            EXACT
  L62 /model.22/cv2.2/cv2.2.1/conv/Conv            EXACT
  L63 /model.22/cv3.2/cv3.2.1/conv/Conv            EXACT
  L64 /model.22/cv2.2/cv2.2.2/Conv                 EXACT
  L65 /model.22/cv3.2/cv3.2.2/Conv                 EXACT
[verify] 66/66 layers exact | first dispatch 18.806 ms | dispatch mean 16.933 ms, min 16.765, max 17.363 over 20
[verify] PASS
== 2026-09-15T21:47:37Z [verify yolov8s] exit 0 after 1.9 s
[xrt-smi after verify yolov8s] [003d:00:01.1] : NPU Phoenix | AIE Partitions | No hardware contexts running on device

== 2026-09-15T21:47:37Z [verify sesr_m7] $ <install>\venv\Scripts\python.exe tools/verify_engine_container.py --container <scratch>\sitting\sesr_m7.ignite --model <ignite-xdna main>\models\sesr_m7_xint8.onnx
[verify] super_resolution container sesr_m7.ignite: 9 layers, reference in 0.5 s
  L 0 /head/Conv                                   EXACT
  L 1 /body.0/body.0.0/Conv                        EXACT
  L 2 /body.1/body.1.0/Conv                        EXACT
  L 3 /body.2/body.2.0/Conv                        EXACT
  L 4 /body.3/body.3.0/Conv                        EXACT
  L 5 /body.4/body.4.0/Conv                        EXACT
  L 6 /body.5/body.5.0/Conv                        EXACT
  L 7 /body.6/body.6.0/Conv                        EXACT
  L 8 /tail/Conv                                   EXACT
[verify] 9/9 layers exact | first dispatch 5.675 ms | dispatch mean 4.313 ms, min 4.141, max 4.780 over 20
[verify] PASS
== 2026-09-15T21:47:38Z [verify sesr_m7] exit 0 after 1.0 s
[xrt-smi after verify sesr_m7] [003d:00:01.1] : NPU Phoenix | AIE Partitions | No hardware contexts running on device

## Timed runs
[cpu] CPU 1.8 % over 2 s; busiest System Idle Process 0, System 0,  0, Registry 0
[xrt-smi before amd yolov8s #1] [003d:00:01.1] : NPU Phoenix | AIE Partitions | No hardware contexts running on device

== 2026-09-15T21:47:41Z [amd yolov8s #1] $ C:\Users\<user>\miniforge3\envs\resnet_env17\python.exe <scratch>\amd_vitisai_yolo.py --model <ignite-xdna main>\models\yolov8s_cut_xint8.onnx --image <install>\src\Ignition\examples\assets\bus.jpg --ignition-src <install>\src\Ignition\src --cache-dir <scratch>\sitting\vitisai_cache --cache-key yolov8s_sitting --xclbin <ignite-xdna main>\yolocutcachekey\4x4.xclbin --json <scratch>\sitting\amd_yolov8s_1.json
[amd] ort 1.23.3.dev20260320 | model yolov8s_cut_xint8.onnx | session load 13.84 s | EP report node devices report not found
[amd] G2G mean 16.954 ms | P50 16.904 | P95 17.536 | P99 17.830 | max 17.944 | over 500 timed frames after 50 warm-up
[amd] stage means (ms): letterbox 1.825 | session.run 13.137 | decode+NMS 1.992
[amd] detections on the last frame: 5 {'person': 4, 'bus': 1} | RSS 553.0 MB
== 2026-09-15T21:48:05Z [amd yolov8s #1] exit 0 after 23.7 s
[xrt-smi before ignition yolov8s #1] [003d:00:01.1] : NPU Phoenix | AIE Partitions | No hardware contexts running on device

== 2026-09-15T21:48:05Z [ignition yolov8s #1] $ <install>\venv\Scripts\python.exe live_ignition.py --model <scratch>\sitting\yolov8s.ignite --source <install>\src\Ignition\examples\assets\bus.jpg --headless --warmup 50 --frames 500 --json <scratch>\sitting\ignition_yolov8s_1.json
[Ignition] loading <scratch>\sitting\yolov8s.ignite (bare-metal .ignite container)
[Ignition] Native XDNA1 NPU backend active (Device 0)
[Ignition] task: detect
[Ignition] source: image bus.jpg 810x1080
[run] frame 100 | G2G 17.21 ms | 58 FPS | 6 objects | detect: npu
[run] frame 200 | G2G 17.16 ms | 58 FPS | 6 objects | detect: npu
[run] frame 300 | G2G 17.24 ms | 58 FPS | 6 objects | detect: npu
[run] frame 400 | G2G 17.27 ms | 58 FPS | 6 objects | detect: npu
[run] frame 500 | G2G 17.19 ms | 58 FPS | 6 objects | detect: npu
[Ignition] shutdown: source released, window closed, NPU hardware context released
[summary] stop: frame limit | 550 frames processed (50 warm-up, 500 timed) | 1 distinct source frames | image bus.jpg 810x1080
[summary] G2G mean 17.240 ms | P50 17.212 | P95 17.408 | P99 17.552 | max 18.284 | over the last 500 timed frames; cold first frame 20.70 ms
[summary] stage means (ms): preprocess 0.300 | NPU forward 16.900 (dispatch 16.704, readback 0.195) | decode+NMS 0.035
[summary] boxes from NPU heads on 500/500 timed frames | 6.00 detections per frame
[summary] RSS 242.0 MB at the first timed frame, 242.0 MB at the end (+0.00 MB over 500 frames)
[summary] wrote <scratch>\sitting\ignition_yolov8s_1.json
== 2026-09-15T21:48:15Z [ignition yolov8s #1] exit 0 after 10.0 s
[cpu] CPU 1.8 % over 2 s; busiest System Idle Process 0, System 0,  0, Registry 0
[xrt-smi before amd yolov8s #2] [003d:00:01.1] : NPU Phoenix | AIE Partitions | No hardware contexts running on device

== 2026-09-15T21:48:18Z [amd yolov8s #2] $ C:\Users\<user>\miniforge3\envs\resnet_env17\python.exe <scratch>\amd_vitisai_yolo.py --model <ignite-xdna main>\models\yolov8s_cut_xint8.onnx --image <install>\src\Ignition\examples\assets\bus.jpg --ignition-src <install>\src\Ignition\src --cache-dir <scratch>\sitting\vitisai_cache --cache-key yolov8s_sitting --xclbin <ignite-xdna main>\yolocutcachekey\4x4.xclbin --json <scratch>\sitting\amd_yolov8s_2.json
[amd] ort 1.23.3.dev20260320 | model yolov8s_cut_xint8.onnx | session load 0.42 s | EP report node devices report not found
[amd] G2G mean 16.958 ms | P50 16.915 | P95 17.526 | P99 17.865 | max 18.104 | over 500 timed frames after 50 warm-up
[amd] stage means (ms): letterbox 1.784 | session.run 13.167 | decode+NMS 2.008
[amd] detections on the last frame: 5 {'person': 4, 'bus': 1} | RSS 339.2 MB
== 2026-09-15T21:48:28Z [amd yolov8s #2] exit 0 after 10.0 s
[xrt-smi before ignition yolov8s #2] [003d:00:01.1] : NPU Phoenix | AIE Partitions | No hardware contexts running on device

== 2026-09-15T21:48:28Z [ignition yolov8s #2] $ <install>\venv\Scripts\python.exe live_ignition.py --model <scratch>\sitting\yolov8s.ignite --source <install>\src\Ignition\examples\assets\bus.jpg --headless --warmup 50 --frames 500 --json <scratch>\sitting\ignition_yolov8s_2.json
[Ignition] loading <scratch>\sitting\yolov8s.ignite (bare-metal .ignite container)
[Ignition] Native XDNA1 NPU backend active (Device 0)
[Ignition] task: detect
[Ignition] source: image bus.jpg 810x1080
[run] frame 100 | G2G 17.27 ms | 58 FPS | 6 objects | detect: npu
[run] frame 200 | G2G 17.21 ms | 58 FPS | 6 objects | detect: npu
[run] frame 300 | G2G 17.32 ms | 58 FPS | 6 objects | detect: npu
[run] frame 400 | G2G 17.24 ms | 58 FPS | 6 objects | detect: npu
[run] frame 500 | G2G 17.24 ms | 58 FPS | 6 objects | detect: npu
[Ignition] shutdown: source released, window closed, NPU hardware context released
[summary] stop: frame limit | 550 frames processed (50 warm-up, 500 timed) | 1 distinct source frames | image bus.jpg 810x1080
[summary] G2G mean 17.265 ms | P50 17.250 | P95 17.383 | P99 17.581 | max 18.093 | over the last 500 timed frames; cold first frame 21.12 ms
[summary] stage means (ms): preprocess 0.295 | NPU forward 16.931 (dispatch 16.743, readback 0.188) | decode+NMS 0.033
[summary] boxes from NPU heads on 500/500 timed frames | 6.00 detections per frame
[summary] RSS 242.0 MB at the first timed frame, 242.0 MB at the end (+0.00 MB over 500 frames)
[summary] wrote <scratch>\sitting\ignition_yolov8s_2.json
== 2026-09-15T21:48:38Z [ignition yolov8s #2] exit 0 after 10.0 s
[cpu] CPU 1.6 % over 2 s; busiest System Idle Process 0, System 0,  0, Registry 0
[xrt-smi before amd sesr_m7 #1] [003d:00:01.1] : NPU Phoenix | AIE Partitions | No hardware contexts running on device

== 2026-09-15T21:48:41Z [amd sesr_m7 #1] $ C:\Users\<user>\miniforge3\envs\resnet_env17\python.exe <scratch>\amd_vitisai_sesr.py --model <ignite-xdna main>\models\sesr_m7_xint8.onnx --image <install>\src\Ignition\examples\assets\bus.jpg --ignition-src <install>\src\Ignition\src --cache-dir <scratch>\sitting\vitisai_cache --cache-key sesr_m7_sitting --xclbin <ignite-xdna main>\yolocutcachekey\4x4.xclbin --json <scratch>\sitting\amd_sesr_m7_1.json
[amd] ort 1.23.3.dev20260320 | model sesr_m7_xint8.onnx | session load 0.93 s | EP report node devices report not found
[amd] G2G mean 3.654 ms | P50 3.557 | P95 4.123 | P99 4.405 | max 4.582 | over 500 timed frames after 50 warm-up
[amd] stage means (ms): preprocess 0.322 | session.run 1.461 | postprocess 1.872
[amd] output (512, 512, 3) from input (256, 256) | RSS 294.8 MB
== 2026-09-15T21:48:44Z [amd sesr_m7 #1] exit 0 after 3.2 s
[xrt-smi before ignition sesr_m7 #1] [003d:00:01.1] : NPU Phoenix | AIE Partitions | No hardware contexts running on device

== 2026-09-15T21:48:44Z [ignition sesr_m7 #1] $ <install>\venv\Scripts\python.exe live_ignition.py --model <scratch>\sitting\sesr_m7.ignite --source <install>\src\Ignition\examples\assets\bus.jpg --headless --warmup 50 --frames 500 --json <scratch>\sitting\ignition_sesr_m7_1.json
[Ignition] loading <scratch>\sitting\sesr_m7.ignite (bare-metal .ignite container)
[Ignition] Native XDNA1 NPU backend active (Device 0)
[Ignition] task: super_resolution
[Ignition] source: image bus.jpg 810x1080
[run] frame 100 | G2G 6.62 ms | 150 FPS | 512x512 output | super_resolution: npu
[run] frame 200 | G2G 6.69 ms | 152 FPS | 512x512 output | super_resolution: npu
[run] frame 300 | G2G 6.53 ms | 149 FPS | 512x512 output | super_resolution: npu
[run] frame 400 | G2G 6.96 ms | 148 FPS | 512x512 output | super_resolution: npu
[run] frame 500 | G2G 6.58 ms | 151 FPS | 512x512 output | super_resolution: npu
[Ignition] shutdown: source released, window closed, NPU hardware context released
[summary] stop: frame limit | 550 frames processed (50 warm-up, 500 timed) | 1 distinct source frames | image bus.jpg 810x1080
[summary] G2G mean 6.671 ms | P50 6.669 | P95 7.162 | P99 7.403 | max 7.706 | over the last 500 timed frames; cold first frame 8.18 ms
[summary] stage means (ms): preprocess 0.315 | NPU forward 4.430 (dispatch 4.405, readback 0.025) | image output 1.920
[summary] output image [512, 512, 3] from the NPU
[summary] RSS 162.1 MB at the first timed frame, 162.1 MB at the end (+0.01 MB over 500 frames)
[summary] wrote <scratch>\sitting\ignition_sesr_m7_1.json
== 2026-09-15T21:48:48Z [ignition sesr_m7 #1] exit 0 after 4.0 s
[cpu] CPU 1.2 % over 2 s; busiest System Idle Process 0, System 0,  0, Registry 0
[xrt-smi before amd sesr_m7 #2] [003d:00:01.1] : NPU Phoenix | AIE Partitions | No hardware contexts running on device

== 2026-09-15T21:48:51Z [amd sesr_m7 #2] $ C:\Users\<user>\miniforge3\envs\resnet_env17\python.exe <scratch>\amd_vitisai_sesr.py --model <ignite-xdna main>\models\sesr_m7_xint8.onnx --image <install>\src\Ignition\examples\assets\bus.jpg --ignition-src <install>\src\Ignition\src --cache-dir <scratch>\sitting\vitisai_cache --cache-key sesr_m7_sitting --xclbin <ignite-xdna main>\yolocutcachekey\4x4.xclbin --json <scratch>\sitting\amd_sesr_m7_2.json
[amd] ort 1.23.3.dev20260320 | model sesr_m7_xint8.onnx | session load 0.27 s | EP report node devices report not found
[amd] G2G mean 3.632 ms | P50 3.567 | P95 4.068 | P99 4.292 | max 4.419 | over 500 timed frames after 50 warm-up
[amd] stage means (ms): preprocess 0.320 | session.run 1.473 | postprocess 1.839
[amd] output (512, 512, 3) from input (256, 256) | RSS 265.0 MB
== 2026-09-15T21:48:54Z [amd sesr_m7 #2] exit 0 after 2.6 s
[xrt-smi before ignition sesr_m7 #2] [003d:00:01.1] : NPU Phoenix | AIE Partitions | No hardware contexts running on device

== 2026-09-15T21:48:54Z [ignition sesr_m7 #2] $ <install>\venv\Scripts\python.exe live_ignition.py --model <scratch>\sitting\sesr_m7.ignite --source <install>\src\Ignition\examples\assets\bus.jpg --headless --warmup 50 --frames 500 --json <scratch>\sitting\ignition_sesr_m7_2.json
[Ignition] loading <scratch>\sitting\sesr_m7.ignite (bare-metal .ignite container)
[Ignition] Native XDNA1 NPU backend active (Device 0)
[Ignition] task: super_resolution
[Ignition] source: image bus.jpg 810x1080
[run] frame 100 | G2G 6.23 ms | 150 FPS | 512x512 output | super_resolution: npu
[run] frame 200 | G2G 6.63 ms | 150 FPS | 512x512 output | super_resolution: npu
[run] frame 300 | G2G 6.86 ms | 150 FPS | 512x512 output | super_resolution: npu
[run] frame 400 | G2G 6.66 ms | 151 FPS | 512x512 output | super_resolution: npu
[run] frame 500 | G2G 6.80 ms | 150 FPS | 512x512 output | super_resolution: npu
[Ignition] shutdown: source released, window closed, NPU hardware context released
[summary] stop: frame limit | 550 frames processed (50 warm-up, 500 timed) | 1 distinct source frames | image bus.jpg 810x1080
[summary] G2G mean 6.662 ms | P50 6.657 | P95 7.198 | P99 7.514 | max 7.910 | over the last 500 timed frames; cold first frame 8.08 ms
[summary] stage means (ms): preprocess 0.315 | NPU forward 4.417 (dispatch 4.392, readback 0.025) | image output 1.925
[summary] output image [512, 512, 3] from the NPU
[summary] RSS 162.1 MB at the first timed frame, 162.1 MB at the end (+0.01 MB over 500 frames)
[summary] wrote <scratch>\sitting\ignition_sesr_m7_2.json
== 2026-09-15T21:48:58Z [ignition sesr_m7 #2] exit 0 after 4.1 s
[xrt-smi before control] [003d:00:01.1] : NPU Phoenix | AIE Partitions | No hardware contexts running on device

== 2026-09-15T21:48:58Z [ignition yolov8n control] $ <install>\venv\Scripts\python.exe live_ignition.py --model <ignite-xdna main>\build\yolov8n_full.ignite --source <install>\src\Ignition\examples\assets\bus.jpg --headless --warmup 50 --frames 500 --json <scratch>\sitting\ignition_yolov8n_control.json
[Ignition] loading <ignite-xdna main>\build\yolov8n_full.ignite (bare-metal .ignite container)
[Ignition] Native XDNA1 NPU backend active (Device 0)
[Ignition] task: detect
[Ignition] source: image bus.jpg 810x1080
[run] frame 100 | G2G 7.83 ms | 128 FPS | 5 objects | detect: npu
[run] frame 200 | G2G 7.66 ms | 129 FPS | 5 objects | detect: npu
[run] frame 300 | G2G 7.69 ms | 129 FPS | 5 objects | detect: npu
[run] frame 400 | G2G 7.81 ms | 128 FPS | 5 objects | detect: npu
[run] frame 500 | G2G 7.69 ms | 129 FPS | 5 objects | detect: npu
[Ignition] shutdown: source released, window closed, NPU hardware context released
[summary] stop: frame limit | 550 frames processed (50 warm-up, 500 timed) | 1 distinct source frames | image bus.jpg 810x1080
[summary] G2G mean 7.771 ms | P50 7.760 | P95 8.003 | P99 8.147 | max 8.784 | over the last 500 timed frames; cold first frame 11.56 ms
[summary] stage means (ms): preprocess 0.309 | NPU forward 7.427 (dispatch 7.233, readback 0.194) | decode+NMS 0.030
[summary] boxes from NPU heads on 500/500 timed frames | 5.00 detections per frame
[summary] RSS 189.7 MB at the first timed frame, 189.7 MB at the end (+0.00 MB over 500 frames)
[summary] wrote <scratch>\sitting\ignition_yolov8n_control.json
== 2026-09-15T21:49:03Z [ignition yolov8n control] exit 0 after 4.7 s
[xrt-smi after] [003d:00:01.1] : NPU Phoenix | AIE Partitions | No hardware contexts running on device

# end 2026-09-15T21:49:03Z exit 0
