UTC:      2026-09-20 14:24:34 UTC
MACHINE:  DESKTOP-CBL5NUA
COMMAND:  python tools/bench_yolov8_split_suite.py
COMMIT:   8f73ae5
AFFINITY: 8 Physical Cores (0x5555), OMP_NUM_THREADS=8

[
  {
    "model": "yolov8n",
    "task": "detect",
    "container": "yolov8n_full_split2.ignite",
    "container_bytes": 675264,
    "weights_bytes": 8164864,
    "rss_mb": 174.3671875,
    "init_ms": 47.062600031495094,
    "full_mean_ms": 7.848660012241453,
    "full_p50_ms": 7.792500080540776,
    "full_p95_ms": 8.355755015509203,
    "full_fps": 127.4102838497671,
    "segment_means_ms": [
      2.079496004153043,
      5.76916400808841
    ],
    "inter_segment_gap_us": 20.789995323866606,
    "ee1_mean_ms": 2.0050200121477246,
    "ee1_fps": 498.7481391414275,
    "ee1_savings_pct": 74.45398311277948
  },
  {
    "model": "yolov8s",
    "task": "detect",
    "container": "yolov8s_split3.ignite",
    "container_bytes": 1264704,
    "weights_bytes": 29495808,
    "rss_mb": 207.0859375,
    "init_ms": 157.53419999964535,
    "full_mean_ms": 17.657231986522675,
    "full_p50_ms": 17.52964995102957,
    "full_p95_ms": 18.05928500252776,
    "full_fps": 56.63401833103145,
    "segment_means_ms": [
      4.704469991847873,
      4.426522001158446,
      8.526239993516356
    ],
    "inter_segment_gap_us": 26.094994973391294,
    "ee1_mean_ms": 4.641502008307725,
    "ee1_fps": 215.44749915224025,
    "ee1_savings_pct": 73.7133090177981
  },
  {
    "model": "yolov8n-pose",
    "task": "pose",
    "container": "yolov8n_pose_split3.ignite",
    "container_bytes": 678336,
    "weights_bytes": 8183808,
    "rss_mb": 177.5859375,
    "init_ms": 44.059199979528785,
    "full_mean_ms": 8.207760001532733,
    "full_p50_ms": 8.15770000917837,
    "full_p95_ms": 8.606115070870146,
    "full_fps": 121.83592110554622,
    "segment_means_ms": [
      2.3745640041306615,
      1.5298340003937483,
      4.303361997008324
    ],
    "inter_segment_gap_us": 17.66002387739718,
    "ee1_mean_ms": 2.286324007436633,
    "ee1_fps": 437.3833265745978,
    "ee1_savings_pct": 72.14436086082341
  },
  {
    "model": "yolov8m",
    "task": "detect",
    "container": "yolov8m_split.ignite",
    "container_bytes": 3150336,
    "weights_bytes": 60999680,
    "rss_mb": 239.875,
    "init_ms": 182.6317000668496,
    "full_mean_ms": 43.596810000017285,
    "full_p50_ms": 43.517549929674715,
    "full_p95_ms": 44.21366504393518,
    "full_fps": 22.937458038778605,
    "segment_means_ms": [
      11.28111399244517,
      12.004855999257416,
      20.3108400083147
    ],
    "inter_segment_gap_us": 33.059995621442795,
    "ee1_mean_ms": 11.235930006951094,
    "ee1_fps": 89.00019841538273,
    "ee1_savings_pct": 74.22763269389058
  },
  {
    "model": "yolov8l",
    "task": "detect",
    "container": "yolov8l_split.ignite",
    "container_bytes": 5559808,
    "weights_bytes": 92655104,
    "rss_mb": 394.6171875,
    "init_ms": 115.30950001906604,
    "full_mean_ms": 78.22072399547324,
    "full_p50_ms": 78.0769000411965,
    "full_p95_ms": 79.02415011776611,
    "full_fps": 12.78433577344377,
    "segment_means_ms": [
      19.4407879980281,
      22.933391996193677,
      35.84654400125146
    ],
    "inter_segment_gap_us": 45.72498146444559,
    "ee1_mean_ms": 19.530009988229722,
    "ee1_fps": 51.20325082284528,
    "ee1_savings_pct": 75.03217946517606
  },
  {
    "model": "yolov8x",
    "task": "detect",
    "container": "yolov8x_split.ignite",
    "container_bytes": 8669696,
    "weights_bytes": 145489920,
    "rss_mb": 347.52734375,
    "init_ms": 160.2435999084264,
    "full_mean_ms": 125.49656600691378,
    "full_p50_ms": 125.57250005193055,
    "full_p95_ms": 127.55135498591699,
    "full_fps": 7.968345523852092,
    "segment_means_ms": [
      32.914930009283125,
      36.25886199530214,
      56.322774002328515
    ],
    "inter_segment_gap_us": 49.85001287423074,
    "ee1_mean_ms": 32.952827990520746,
    "ee1_fps": 30.346409124208137,
    "ee1_savings_pct": 73.74204805834661
  }
]
