RESEARCH_PLATFORM {"machine": "Desktop 2", "cpu": "AMD Ryzen 7 8700G w/ Radeon 780M Graphics", "os": "Windows-11-10.0.26200-SP0", "ram_bytes": 33381138432, "source_sha256": {"tools/research_process.py": "9964df088a6a1cdd21c15195d2810606ef708ccabfd802232217cd12400da896", "tools/quant_calib_alphabet.py": "2dc0b2878c564853f340880209a425dfcf63b8536b2b8e9fd32344daade58d37", "tools/xint8_arithmetic_probe.py": "6aa3df08b9870c3c2264b868459d7ffbac3070dddc1349d7c6f3f480075f7041", "scripts/research-lowlevel.sh": "3455ad7933697936487712665505c216891865c6deada647302785f6e37020bd", "scripts/research-iron.sh": "4c863a262646ddab39b5005006ba8e03809895e6386c6310e2fd9d0a9e9609ee", "kernels/memory_placement/probe.py": "e8d990169ad6091fa1b53852e9f61eff495b5def72d35165a5c5cf1759e38898", "kernels/memory_placement/memory_kernels.cc": "182e7af7071a1e851afb4a7ca266069c489aea1fbaaa85eca129708daeba5ba6", "scripts/research-matrix.sh": "739254171629deae822b0ad7dabc875aee19ace56dde77d3e8aab61663f97516", "kernels/memory_placement/gemm.py": "17c905ad66110d3346bbf0db898dfc6b780df59fae1dfb0c1747057ce1e5844e", "kernels/memory_placement/gemm_placement.cc": "f21acf7250b12914ea30cc1f77613239dfa18421a85a1b9a5199017dd916278a", "tools/research_summary.py": "0c00dcceef07053d06731b41a1f1ed58d3ba4ea09f82497de354ce9cef17da20", "tools/research_toolchain.py": "f0a126a24ae213acfaa43460cfd9def0c86d9cb70cfee0228aa271688467b314"}, "commit": "bee16e3ff93703adc7225c63d4c4c8dd65ab4b44", "command": ["python", "benchmarks/dense_accuracy.py", "--family", "modnet_cut", "--backend", "fp32", "--progress", "500"], "seconds_limit": 3600.0, "rss_gib_limit": 8, "checks_only": true, "free_ram_bytes": 19911282688}
IDENTITY {"annotations_sha256": "e8c7f7908f1d7278341fae127d0da654f102f11bd7b21d8aeefa635b8c810b6f", "backend": "fp32", "container_sha256": null, "family": "modnet_cut", "full_set": true, "model_sha256": "02e0b993a6aa52244eea912445ccaf827fe785b11d8c6d2a3683e7a25a053ab4", "numpy": "1.26.4", "ort": "1.23.3.dev20260320", "scored_classes": [1], "task": "matte", "threshold": 0.5}
HOST_TIMELINE {"elapsed_seconds": 4.094, "tree_rss_bytes": 385015808, "foreign_peers": []}
HOST_TIMELINE {"elapsed_seconds": 8.266, "tree_rss_bytes": 385269760, "foreign_peers": []}
HOST_TIMELINE {"elapsed_seconds": 12.797, "tree_rss_bytes": 388734976, "foreign_peers": []}
HOST_TIMELINE {"elapsed_seconds": 17.016, "tree_rss_bytes": 389419008, "foreign_peers": []}
HOST_TIMELINE {"elapsed_seconds": 21.172, "tree_rss_bytes": 388923392, "foreign_peers": []}
HOST_TIMELINE {"elapsed_seconds": 25.485, "tree_rss_bytes": 389898240, "foreign_peers": []}
HOST_TIMELINE {"elapsed_seconds": 29.86, "tree_rss_bytes": 387682304, "foreign_peers": []}
HOST_TIMELINE {"elapsed_seconds": 33.938, "tree_rss_bytes": 390127616, "foreign_peers": []}
HOST_TIMELINE {"elapsed_seconds": 37.953, "tree_rss_bytes": 394354688, "foreign_peers": []}
HOST_TIMELINE {"elapsed_seconds": 42.094, "tree_rss_bytes": 393142272, "foreign_peers": []}
HOST_TIMELINE {"elapsed_seconds": 46.516, "tree_rss_bytes": 392032256, "foreign_peers": []}
HOST_TIMELINE {"elapsed_seconds": 52.063, "tree_rss_bytes": 390877184, "foreign_peers": []}
PROGRESS {"running_miou": 0.54219708952336, "scored": 500, "seconds": 55.5, "skipped": 410}
HOST_TIMELINE {"elapsed_seconds": 57.078, "tree_rss_bytes": 391630848, "foreign_peers": [{"pid": 64320, "name": "python.exe", "cores": 7.185, "command": "python benchmarks/dense_accuracy.py --family modnet_cut --backend cpu --progress 500"}]}
HOST_TIMELINE {"elapsed_seconds": 61.547, "tree_rss_bytes": 395231232, "foreign_peers": [{"pid": 64320, "name": "python.exe", "cores": 7.335, "command": "python benchmarks/dense_accuracy.py --family modnet_cut --backend cpu --progress 500"}]}
HOST_TIMELINE {"elapsed_seconds": 66.391, "tree_rss_bytes": 393129984, "foreign_peers": [{"pid": 64320, "name": "python.exe", "cores": 7.259, "command": "python benchmarks/dense_accuracy.py --family modnet_cut --backend cpu --progress 500"}]}
HOST_TIMELINE {"elapsed_seconds": 71.406, "tree_rss_bytes": 395014144, "foreign_peers": [{"pid": 64320, "name": "python.exe", "cores": 7.286, "command": "python benchmarks/dense_accuracy.py --family modnet_cut --backend cpu --progress 500"}]}
HOST_TIMELINE {"elapsed_seconds": 76.328, "tree_rss_bytes": 393678848, "foreign_peers": [{"pid": 64320, "name": "python.exe", "cores": 7.428, "command": "python benchmarks/dense_accuracy.py --family modnet_cut --backend cpu --progress 500"}]}
HOST_TIMELINE {"elapsed_seconds": 81.047, "tree_rss_bytes": 393834496, "foreign_peers": [{"pid": 64320, "name": "python.exe", "cores": 7.158, "command": "python benchmarks/dense_accuracy.py --family modnet_cut --backend cpu --progress 500"}]}
HOST_TIMELINE {"elapsed_seconds": 85.813, "tree_rss_bytes": 394395648, "foreign_peers": [{"pid": 64320, "name": "python.exe", "cores": 7.245, "command": "python benchmarks/dense_accuracy.py --family modnet_cut --backend cpu --progress 500"}]}
HOST_TIMELINE {"elapsed_seconds": 90.656, "tree_rss_bytes": 396247040, "foreign_peers": [{"pid": 64320, "name": "python.exe", "cores": 7.376, "command": "python benchmarks/dense_accuracy.py --family modnet_cut --backend cpu --progress 500"}]}
HOST_TIMELINE {"elapsed_seconds": 95.688, "tree_rss_bytes": 396644352, "foreign_peers": [{"pid": 64320, "name": "python.exe", "cores": 7.38, "command": "python benchmarks/dense_accuracy.py --family modnet_cut --backend cpu --progress 500"}]}
HOST_TIMELINE {"elapsed_seconds": 100.391, "tree_rss_bytes": 395894784, "foreign_peers": [{"pid": 64320, "name": "python.exe", "cores": 7.378, "command": "python benchmarks/dense_accuracy.py --family modnet_cut --backend cpu --progress 500"}]}
HOST_TIMELINE {"elapsed_seconds": 105.391, "tree_rss_bytes": 395112448, "foreign_peers": [{"pid": 64320, "name": "python.exe", "cores": 7.353, "command": "python benchmarks/dense_accuracy.py --family modnet_cut --backend cpu --progress 500"}]}
HOST_TIMELINE {"elapsed_seconds": 110.203, "tree_rss_bytes": 396423168, "foreign_peers": [{"pid": 64320, "name": "python.exe", "cores": 7.412, "command": "python benchmarks/dense_accuracy.py --family modnet_cut --backend cpu --progress 500"}]}
HOST_TIMELINE {"elapsed_seconds": 114.922, "tree_rss_bytes": 394297344, "foreign_peers": [{"pid": 64320, "name": "python.exe", "cores": 7.435, "command": "python benchmarks/dense_accuracy.py --family modnet_cut --backend cpu --progress 500"}]}
HOST_TIMELINE {"elapsed_seconds": 119.672, "tree_rss_bytes": 396365824, "foreign_peers": [{"pid": 64320, "name": "python.exe", "cores": 7.507, "command": "python benchmarks/dense_accuracy.py --family modnet_cut --backend cpu --progress 500"}]}
HOST_TIMELINE {"elapsed_seconds": 124.516, "tree_rss_bytes": 395132928, "foreign_peers": [{"pid": 64320, "name": "python.exe", "cores": 7.308, "command": "python benchmarks/dense_accuracy.py --family modnet_cut --backend cpu --progress 500"}]}
HOST_TIMELINE {"elapsed_seconds": 129.36, "tree_rss_bytes": 393621504, "foreign_peers": [{"pid": 64320, "name": "python.exe", "cores": 7.322, "command": "python benchmarks/dense_accuracy.py --family modnet_cut --backend cpu --progress 500"}]}
HOST_TIMELINE {"elapsed_seconds": 134.156, "tree_rss_bytes": 396521472, "foreign_peers": [{"pid": 64320, "name": "python.exe", "cores": 7.351, "command": "python benchmarks/dense_accuracy.py --family modnet_cut --backend cpu --progress 500"}]}
PROGRESS {"running_miou": 0.5126809753827446, "scored": 1000, "seconds": 134.8, "skipped": 845}
HOST_TIMELINE {"elapsed_seconds": 138.797, "tree_rss_bytes": 396771328, "foreign_peers": [{"pid": 64320, "name": "python.exe", "cores": 7.428, "command": "python benchmarks/dense_accuracy.py --family modnet_cut --backend cpu --progress 500"}]}
HOST_TIMELINE {"elapsed_seconds": 143.422, "tree_rss_bytes": 392097792, "foreign_peers": [{"pid": 64320, "name": "python.exe", "cores": 7.442, "command": "python benchmarks/dense_accuracy.py --family modnet_cut --backend cpu --progress 500"}]}
HOST_TIMELINE {"elapsed_seconds": 148.141, "tree_rss_bytes": 395157504, "foreign_peers": [{"pid": 64320, "name": "python.exe", "cores": 7.421, "command": "python benchmarks/dense_accuracy.py --family modnet_cut --backend cpu --progress 500"}]}
HOST_TIMELINE {"elapsed_seconds": 152.938, "tree_rss_bytes": 390557696, "foreign_peers": [{"pid": 64320, "name": "python.exe", "cores": 7.347, "command": "python benchmarks/dense_accuracy.py --family modnet_cut --backend cpu --progress 500"}]}
HOST_TIMELINE {"elapsed_seconds": 157.672, "tree_rss_bytes": 392843264, "foreign_peers": [{"pid": 64320, "name": "python.exe", "cores": 7.437, "command": "python benchmarks/dense_accuracy.py --family modnet_cut --backend cpu --progress 500"}]}
HOST_TIMELINE {"elapsed_seconds": 162.703, "tree_rss_bytes": 395632640, "foreign_peers": [{"pid": 64320, "name": "python.exe", "cores": 7.382, "command": "python benchmarks/dense_accuracy.py --family modnet_cut --backend cpu --progress 500"}]}
HOST_TIMELINE {"elapsed_seconds": 167.422, "tree_rss_bytes": 396611584, "foreign_peers": [{"pid": 64320, "name": "python.exe", "cores": 7.302, "command": "python benchmarks/dense_accuracy.py --family modnet_cut --backend cpu --progress 500"}]}
HOST_TIMELINE {"elapsed_seconds": 172.031, "tree_rss_bytes": 396259328, "foreign_peers": [{"pid": 64320, "name": "python.exe", "cores": 7.416, "command": "python benchmarks/dense_accuracy.py --family modnet_cut --backend cpu --progress 500"}]}
HOST_TIMELINE {"elapsed_seconds": 176.906, "tree_rss_bytes": 390385664, "foreign_peers": [{"pid": 64320, "name": "python.exe", "cores": 7.338, "command": "python benchmarks/dense_accuracy.py --family modnet_cut --backend cpu --progress 500"}]}
HOST_TIMELINE {"elapsed_seconds": 181.469, "tree_rss_bytes": 397254656, "foreign_peers": [{"pid": 64320, "name": "python.exe", "cores": 7.41, "command": "python benchmarks/dense_accuracy.py --family modnet_cut --backend cpu --progress 500"}]}
HOST_TIMELINE {"elapsed_seconds": 186.235, "tree_rss_bytes": 397504512, "foreign_peers": [{"pid": 64320, "name": "python.exe", "cores": 7.418, "command": "python benchmarks/dense_accuracy.py --family modnet_cut --backend cpu --progress 500"}]}
HOST_TIMELINE {"elapsed_seconds": 190.953, "tree_rss_bytes": 397086720, "foreign_peers": [{"pid": 64320, "name": "python.exe", "cores": 7.427, "command": "python benchmarks/dense_accuracy.py --family modnet_cut --backend cpu --progress 500"}]}
HOST_TIMELINE {"elapsed_seconds": 195.75, "tree_rss_bytes": 397545472, "foreign_peers": [{"pid": 64320, "name": "python.exe", "cores": 7.401, "command": "python benchmarks/dense_accuracy.py --family modnet_cut --backend cpu --progress 500"}]}
HOST_TIMELINE {"elapsed_seconds": 200.563, "tree_rss_bytes": 395874304, "foreign_peers": [{"pid": 64320, "name": "python.exe", "cores": 7.347, "command": "python benchmarks/dense_accuracy.py --family modnet_cut --backend cpu --progress 500"}]}
HOST_TIMELINE {"elapsed_seconds": 205.235, "tree_rss_bytes": 395657216, "foreign_peers": [{"pid": 64320, "name": "python.exe", "cores": 7.365, "command": "python benchmarks/dense_accuracy.py --family modnet_cut --backend cpu --progress 500"}]}
HOST_TIMELINE {"elapsed_seconds": 209.875, "tree_rss_bytes": 397680640, "foreign_peers": [{"pid": 64320, "name": "python.exe", "cores": 7.389, "command": "python benchmarks/dense_accuracy.py --family modnet_cut --backend cpu --progress 500"}]}
PROGRESS {"running_miou": 0.5020476008985771, "scored": 1500, "seconds": 211.0, "skipped": 1303}
HOST_TIMELINE {"elapsed_seconds": 214.625, "tree_rss_bytes": 397938688, "foreign_peers": [{"pid": 64320, "name": "python.exe", "cores": 7.398, "command": "python benchmarks/dense_accuracy.py --family modnet_cut --backend cpu --progress 500"}]}
HOST_TIMELINE {"elapsed_seconds": 219.094, "tree_rss_bytes": 398278656, "foreign_peers": [{"pid": 64320, "name": "python.exe", "cores": 7.355, "command": "python benchmarks/dense_accuracy.py --family modnet_cut --backend cpu --progress 500"}]}
HOST_TIMELINE {"elapsed_seconds": 223.781, "tree_rss_bytes": 398028800, "foreign_peers": [{"pid": 64320, "name": "python.exe", "cores": 7.463, "command": "python benchmarks/dense_accuracy.py --family modnet_cut --backend cpu --progress 500"}]}
HOST_TIMELINE {"elapsed_seconds": 228.438, "tree_rss_bytes": 396599296, "foreign_peers": [{"pid": 64320, "name": "python.exe", "cores": 7.269, "command": "python benchmarks/dense_accuracy.py --family modnet_cut --backend cpu --progress 500"}]}
HOST_TIMELINE {"elapsed_seconds": 233.281, "tree_rss_bytes": 397479936, "foreign_peers": [{"pid": 64320, "name": "python.exe", "cores": 7.256, "command": "python benchmarks/dense_accuracy.py --family modnet_cut --backend cpu --progress 500"}]}
HOST_TIMELINE {"elapsed_seconds": 238.375, "tree_rss_bytes": 396103680, "foreign_peers": [{"pid": 64320, "name": "python.exe", "cores": 7.369, "command": "python benchmarks/dense_accuracy.py --family modnet_cut --backend cpu --progress 500"}]}
HOST_TIMELINE {"elapsed_seconds": 242.938, "tree_rss_bytes": 396173312, "foreign_peers": [{"pid": 64320, "name": "python.exe", "cores": 7.366, "command": "python benchmarks/dense_accuracy.py --family modnet_cut --backend cpu --progress 500"}]}
HOST_TIMELINE {"elapsed_seconds": 247.625, "tree_rss_bytes": 398962688, "foreign_peers": [{"pid": 64320, "name": "python.exe", "cores": 7.346, "command": "python benchmarks/dense_accuracy.py --family modnet_cut --backend cpu --progress 500"}]}
HOST_TIMELINE {"elapsed_seconds": 252.297, "tree_rss_bytes": 397975552, "foreign_peers": [{"pid": 64320, "name": "python.exe", "cores": 7.488, "command": "python benchmarks/dense_accuracy.py --family modnet_cut --backend cpu --progress 500"}]}
HOST_TIMELINE {"elapsed_seconds": 256.766, "tree_rss_bytes": 396640256, "foreign_peers": [{"pid": 64320, "name": "python.exe", "cores": 7.42, "command": "python benchmarks/dense_accuracy.py --family modnet_cut --backend cpu --progress 500"}]}
HOST_TIMELINE {"elapsed_seconds": 261.578, "tree_rss_bytes": 396058624, "foreign_peers": [{"pid": 64320, "name": "python.exe", "cores": 7.406, "command": "python benchmarks/dense_accuracy.py --family modnet_cut --backend cpu --progress 500"}]}
HOST_TIMELINE {"elapsed_seconds": 266.313, "tree_rss_bytes": 395329536, "foreign_peers": [{"pid": 64320, "name": "python.exe", "cores": 7.43, "command": "python benchmarks/dense_accuracy.py --family modnet_cut --backend cpu --progress 500"}]}
HOST_TIMELINE {"elapsed_seconds": 270.906, "tree_rss_bytes": 396349440, "foreign_peers": [{"pid": 64320, "name": "python.exe", "cores": 7.299, "command": "python benchmarks/dense_accuracy.py --family modnet_cut --backend cpu --progress 500"}]}
HOST_TIMELINE {"elapsed_seconds": 275.469, "tree_rss_bytes": 399044608, "foreign_peers": [{"pid": 64320, "name": "python.exe", "cores": 7.381, "command": "python benchmarks/dense_accuracy.py --family modnet_cut --backend cpu --progress 500"}]}
HOST_TIMELINE {"elapsed_seconds": 280.141, "tree_rss_bytes": 398659584, "foreign_peers": [{"pid": 64320, "name": "python.exe", "cores": 7.487, "command": "python benchmarks/dense_accuracy.py --family modnet_cut --backend cpu --progress 500"}]}
HOST_TIMELINE {"elapsed_seconds": 284.641, "tree_rss_bytes": 397451264, "foreign_peers": [{"pid": 64320, "name": "python.exe", "cores": 7.414, "command": "python benchmarks/dense_accuracy.py --family modnet_cut --backend cpu --progress 500"}]}
PROGRESS {"running_miou": 0.5024789259019071, "scored": 2000, "seconds": 288.1, "skipped": 1701}
HOST_TIMELINE {"elapsed_seconds": 289.172, "tree_rss_bytes": 402370560, "foreign_peers": [{"pid": 64320, "name": "python.exe", "cores": 7.522, "command": "python benchmarks/dense_accuracy.py --family modnet_cut --backend cpu --progress 500"}]}
HOST_TIMELINE {"elapsed_seconds": 293.969, "tree_rss_bytes": 399060992, "foreign_peers": [{"pid": 64320, "name": "python.exe", "cores": 7.409, "command": "python benchmarks/dense_accuracy.py --family modnet_cut --backend cpu --progress 500"}]}
HOST_TIMELINE {"elapsed_seconds": 298.688, "tree_rss_bytes": 393809920, "foreign_peers": [{"pid": 64320, "name": "python.exe", "cores": 7.348, "command": "python benchmarks/dense_accuracy.py --family modnet_cut --backend cpu --progress 500"}]}
HOST_TIMELINE {"elapsed_seconds": 303.563, "tree_rss_bytes": 396562432, "foreign_peers": [{"pid": 64320, "name": "python.exe", "cores": 7.337, "command": "python benchmarks/dense_accuracy.py --family modnet_cut --backend cpu --progress 500"}]}
HOST_TIMELINE {"elapsed_seconds": 308.406, "tree_rss_bytes": 398520320, "foreign_peers": [{"pid": 64320, "name": "python.exe", "cores": 7.306, "command": "python benchmarks/dense_accuracy.py --family modnet_cut --backend cpu --progress 500"}]}
HOST_TIMELINE {"elapsed_seconds": 313.125, "tree_rss_bytes": 397127680, "foreign_peers": [{"pid": 64320, "name": "python.exe", "cores": 7.395, "command": "python benchmarks/dense_accuracy.py --family modnet_cut --backend cpu --progress 500"}]}
HOST_TIMELINE {"elapsed_seconds": 317.844, "tree_rss_bytes": 397787136, "foreign_peers": [{"pid": 64320, "name": "python.exe", "cores": 7.324, "command": "python benchmarks/dense_accuracy.py --family modnet_cut --backend cpu --progress 500"}]}
HOST_TIMELINE {"elapsed_seconds": 322.828, "tree_rss_bytes": 398508032, "foreign_peers": [{"pid": 64320, "name": "python.exe", "cores": 7.417, "command": "python benchmarks/dense_accuracy.py --family modnet_cut --backend cpu --progress 500"}]}
HOST_TIMELINE {"elapsed_seconds": 327.469, "tree_rss_bytes": 397340672, "foreign_peers": [{"pid": 64320, "name": "python.exe", "cores": 7.399, "command": "python benchmarks/dense_accuracy.py --family modnet_cut --backend cpu --progress 500"}]}
HOST_TIMELINE {"elapsed_seconds": 332.203, "tree_rss_bytes": 397086720, "foreign_peers": [{"pid": 64320, "name": "python.exe", "cores": 7.367, "command": "python benchmarks/dense_accuracy.py --family modnet_cut --backend cpu --progress 500"}]}
HOST_TIMELINE {"elapsed_seconds": 337.031, "tree_rss_bytes": 397279232, "foreign_peers": [{"pid": 64320, "name": "python.exe", "cores": 7.379, "command": "python benchmarks/dense_accuracy.py --family modnet_cut --backend cpu --progress 500"}]}
HOST_TIMELINE {"elapsed_seconds": 341.985, "tree_rss_bytes": 398372864, "foreign_peers": [{"pid": 64320, "name": "python.exe", "cores": 7.411, "command": "python benchmarks/dense_accuracy.py --family modnet_cut --backend cpu --progress 500"}]}
HOST_TIMELINE {"elapsed_seconds": 346.766, "tree_rss_bytes": 397848576, "foreign_peers": [{"pid": 64320, "name": "python.exe", "cores": 7.489, "command": "python benchmarks/dense_accuracy.py --family modnet_cut --backend cpu --progress 500"}]}
HOST_TIMELINE {"elapsed_seconds": 351.578, "tree_rss_bytes": 398860288, "foreign_peers": [{"pid": 64320, "name": "python.exe", "cores": 7.255, "command": "python benchmarks/dense_accuracy.py --family modnet_cut --backend cpu --progress 500"}]}
HOST_TIMELINE {"elapsed_seconds": 356.344, "tree_rss_bytes": 398004224, "foreign_peers": [{"pid": 64320, "name": "python.exe", "cores": 7.401, "command": "python benchmarks/dense_accuracy.py --family modnet_cut --backend cpu --progress 500"}]}
HOST_TIMELINE {"elapsed_seconds": 361.063, "tree_rss_bytes": 397639680, "foreign_peers": [{"pid": 64320, "name": "python.exe", "cores": 7.495, "command": "python benchmarks/dense_accuracy.py --family modnet_cut --backend cpu --progress 500"}]}
HOST_TIMELINE {"elapsed_seconds": 365.906, "tree_rss_bytes": 399261696, "foreign_peers": [{"pid": 64320, "name": "python.exe", "cores": 7.354, "command": "python benchmarks/dense_accuracy.py --family modnet_cut --backend cpu --progress 500"}]}
PROGRESS {"running_miou": 0.505178561249674, "scored": 2500, "seconds": 366.3, "skipped": 2122}
HOST_TIMELINE {"elapsed_seconds": 370.594, "tree_rss_bytes": 396283904, "foreign_peers": [{"pid": 64320, "name": "python.exe", "cores": 7.47, "command": "python benchmarks/dense_accuracy.py --family modnet_cut --backend cpu --progress 500"}]}
HOST_TIMELINE {"elapsed_seconds": 375.406, "tree_rss_bytes": 397795328, "foreign_peers": [{"pid": 64320, "name": "python.exe", "cores": 7.44, "command": "python benchmarks/dense_accuracy.py --family modnet_cut --backend cpu --progress 500"}]}
HOST_TIMELINE {"elapsed_seconds": 380.141, "tree_rss_bytes": 397856768, "foreign_peers": [{"pid": 64320, "name": "python.exe", "cores": 7.393, "command": "python benchmarks/dense_accuracy.py --family modnet_cut --backend cpu --progress 500"}]}
HOST_TIMELINE {"elapsed_seconds": 384.813, "tree_rss_bytes": 398110720, "foreign_peers": [{"pid": 64320, "name": "python.exe", "cores": 7.324, "command": "python benchmarks/dense_accuracy.py --family modnet_cut --backend cpu --progress 500"}]}
HOST_TIMELINE {"elapsed_seconds": 389.531, "tree_rss_bytes": 395087872, "foreign_peers": [{"pid": 64320, "name": "python.exe", "cores": 7.474, "command": "python benchmarks/dense_accuracy.py --family modnet_cut --backend cpu --progress 500"}]}
HOST_TIMELINE {"elapsed_seconds": 394.219, "tree_rss_bytes": 397889536, "foreign_peers": [{"pid": 64320, "name": "python.exe", "cores": 7.386, "command": "python benchmarks/dense_accuracy.py --family modnet_cut --backend cpu --progress 500"}]}
ACCURACY {"backend": "fp32", "family": "modnet_cut", "full_set": true, "images_scored": 2693, "images_skipped": 2307, "labelled_pixels": 729832458, "mean_per_image_iou": 0.3647781485432606, "miou": 0.503024443582961, "per_class_iou": {"1": 0.503024443582961}, "pixel_accuracy": 0.9021936209912989, "seconds": 396.5}
RESEARCH_PROCESS_RESULT {"exit_code": 0, "stop": null, "peak_tree_rss_bytes": 405032960, "rss_measurement": "maximum observed across sampled descendant working sets; zero observations reported as null", "elapsed_seconds": 397.3279999999795, "foreign_contention_observed": true, "timing_eligible": false}
