RESEARCH_PLATFORM {"machine": "Desktop 2", "cpu": "AMD Ryzen 7 8700G w/ Radeon 780M Graphics", "os": "Windows-11-10.0.26200-SP0", "ram_bytes": 33381138432, "source_sha256": {"tools/research_process.py": "9964df088a6a1cdd21c15195d2810606ef708ccabfd802232217cd12400da896", "tools/quant_calib_alphabet.py": "2dc0b2878c564853f340880209a425dfcf63b8536b2b8e9fd32344daade58d37", "tools/xint8_arithmetic_probe.py": "6aa3df08b9870c3c2264b868459d7ffbac3070dddc1349d7c6f3f480075f7041", "scripts/research-lowlevel.sh": "3455ad7933697936487712665505c216891865c6deada647302785f6e37020bd", "scripts/research-iron.sh": "4c863a262646ddab39b5005006ba8e03809895e6386c6310e2fd9d0a9e9609ee", "kernels/memory_placement/probe.py": "e8d990169ad6091fa1b53852e9f61eff495b5def72d35165a5c5cf1759e38898", "kernels/memory_placement/memory_kernels.cc": "182e7af7071a1e851afb4a7ca266069c489aea1fbaaa85eca129708daeba5ba6", "scripts/research-matrix.sh": "739254171629deae822b0ad7dabc875aee19ace56dde77d3e8aab61663f97516", "kernels/memory_placement/gemm.py": "17c905ad66110d3346bbf0db898dfc6b780df59fae1dfb0c1747057ce1e5844e", "kernels/memory_placement/gemm_placement.cc": "f21acf7250b12914ea30cc1f77613239dfa18421a85a1b9a5199017dd916278a", "tools/research_summary.py": "0c00dcceef07053d06731b41a1f1ed58d3ba4ea09f82497de354ce9cef17da20", "tools/research_toolchain.py": "f0a126a24ae213acfaa43460cfd9def0c86d9cb70cfee0228aa271688467b314"}, "commit": "a6705238b546aa522bc8544c5c3e690aab34b1be", "command": ["python", "benchmarks/dense_accuracy.py", "--family", "modnet_cut", "--backend", "cpu", "--model", "models/modnet/modnet_cut_ignition_cle_adaround_c64.onnx"], "seconds_limit": 7200.0, "rss_gib_limit": 8, "checks_only": true, "free_ram_bytes": 19853201408}
PRE_NPU_CONTEXT_WITNESS "\n-----------------------------\n[003d:00:01.1] : NPU Phoenix\n-----------------------------\nAIE Partitions\n  No hardware contexts running on device\n\n"
IDENTITY {"annotations_sha256": "e8c7f7908f1d7278341fae127d0da654f102f11bd7b21d8aeefa635b8c810b6f", "backend": "cpu", "container_sha256": null, "family": "modnet_cut", "full_set": true, "model_sha256": "02e0b993a6aa52244eea912445ccaf827fe785b11d8c6d2a3683e7a25a053ab4", "numpy": "1.26.4", "ort": "1.23.3.dev20260320", "scored_classes": [1], "scored_model": "models\\modnet\\modnet_cut_ignition_cle_adaround_c64.onnx", "scored_model_sha256": "a4ee1083f14483c6097562736daba472f671874415593cc0a897c1cc799b267f", "task": "matte", "threshold": 0.5}
NPU_TIMELINE "\n-----------------------------\n[003d:00:01.1] : NPU Phoenix\n-----------------------------\nAIE Partitions\n  No hardware contexts running on device\n\n"
NPU_OWNERSHIP {"context_pids": [], "owned_pids": [55408, 60440], "foreign_pids": []}
HOST_TIMELINE {"elapsed_seconds": 4.218, "tree_rss_bytes": 423313408, "foreign_peers": []}
NPU_TIMELINE "\n-----------------------------\n[003d:00:01.1] : NPU Phoenix\n-----------------------------\nAIE Partitions\n  No hardware contexts running on device\n\n"
NPU_OWNERSHIP {"context_pids": [], "owned_pids": [55408, 60440], "foreign_pids": []}
HOST_TIMELINE {"elapsed_seconds": 8.593, "tree_rss_bytes": 425193472, "foreign_peers": []}
NPU_TIMELINE "\n-----------------------------\n[003d:00:01.1] : NPU Phoenix\n-----------------------------\nAIE Partitions\n  No hardware contexts running on device\n\n"
NPU_OWNERSHIP {"context_pids": [], "owned_pids": [55408, 60440], "foreign_pids": []}
HOST_TIMELINE {"elapsed_seconds": 13.297, "tree_rss_bytes": 426053632, "foreign_peers": []}
NPU_TIMELINE "\n-----------------------------\n[003d:00:01.1] : NPU Phoenix\n-----------------------------\nAIE Partitions\n  No hardware contexts running on device\n\n"
NPU_OWNERSHIP {"context_pids": [], "owned_pids": [55408, 60440], "foreign_pids": []}
HOST_TIMELINE {"elapsed_seconds": 17.593, "tree_rss_bytes": 426098688, "foreign_peers": []}
HOST_TIMELINE {"elapsed_seconds": 22.093, "tree_rss_bytes": 426635264, "foreign_peers": []}
NPU_TIMELINE "\n-----------------------------\n[003d:00:01.1] : NPU Phoenix\n-----------------------------\nAIE Partitions\n  No hardware contexts running on device\n\n"
NPU_OWNERSHIP {"context_pids": [], "owned_pids": [55408, 60440], "foreign_pids": []}
HOST_TIMELINE {"elapsed_seconds": 26.703, "tree_rss_bytes": 426242048, "foreign_peers": []}
NPU_TIMELINE "\n-----------------------------\n[003d:00:01.1] : NPU Phoenix\n-----------------------------\nAIE Partitions\n  No hardware contexts running on device\n\n"
NPU_OWNERSHIP {"context_pids": [], "owned_pids": [55408, 60440], "foreign_pids": []}
HOST_TIMELINE {"elapsed_seconds": 30.937, "tree_rss_bytes": 427909120, "foreign_peers": []}
PROGRESS {"running_miou": 0.4949803531494924, "scored": 250, "seconds": 31.4, "skipped": 197}
NPU_TIMELINE "\n-----------------------------\n[003d:00:01.1] : NPU Phoenix\n-----------------------------\nAIE Partitions\n  No hardware contexts running on device\n\n"
NPU_OWNERSHIP {"context_pids": [], "owned_pids": [55408, 60440], "foreign_pids": []}
HOST_TIMELINE {"elapsed_seconds": 35.156, "tree_rss_bytes": 428634112, "foreign_peers": []}
HOST_TIMELINE {"elapsed_seconds": 39.265, "tree_rss_bytes": 428654592, "foreign_peers": []}
NPU_TIMELINE "\n-----------------------------\n[003d:00:01.1] : NPU Phoenix\n-----------------------------\nAIE Partitions\n  No hardware contexts running on device\n\n"
NPU_OWNERSHIP {"context_pids": [], "owned_pids": [55408, 60440], "foreign_pids": []}
HOST_TIMELINE {"elapsed_seconds": 43.406, "tree_rss_bytes": 428720128, "foreign_peers": []}
NPU_TIMELINE "\n-----------------------------\n[003d:00:01.1] : NPU Phoenix\n-----------------------------\nAIE Partitions\n  No hardware contexts running on device\n\n"
NPU_OWNERSHIP {"context_pids": [], "owned_pids": [55408, 60440], "foreign_pids": []}
HOST_TIMELINE {"elapsed_seconds": 47.625, "tree_rss_bytes": 429506560, "foreign_peers": []}
NPU_TIMELINE "\n-----------------------------\n[003d:00:01.1] : NPU Phoenix\n-----------------------------\nAIE Partitions\n  No hardware contexts running on device\n\n"
NPU_OWNERSHIP {"context_pids": [], "owned_pids": [55408, 60440], "foreign_pids": []}
HOST_TIMELINE {"elapsed_seconds": 52.437, "tree_rss_bytes": 428023808, "foreign_peers": []}
HOST_TIMELINE {"elapsed_seconds": 56.718, "tree_rss_bytes": 430735360, "foreign_peers": []}
NPU_TIMELINE "\n-----------------------------\n[003d:00:01.1] : NPU Phoenix\n-----------------------------\nAIE Partitions\n  No hardware contexts running on device\n\n"
NPU_OWNERSHIP {"context_pids": [], "owned_pids": [55408, 60440], "foreign_pids": []}
HOST_TIMELINE {"elapsed_seconds": 60.875, "tree_rss_bytes": 429707264, "foreign_peers": []}
PROGRESS {"running_miou": 0.4717665335460765, "scored": 500, "seconds": 62.5, "skipped": 410}
NPU_TIMELINE "\n-----------------------------\n[003d:00:01.1] : NPU Phoenix\n-----------------------------\nAIE Partitions\n  No hardware contexts running on device\n\n"
NPU_OWNERSHIP {"context_pids": [], "owned_pids": [55408, 60440], "foreign_pids": []}
HOST_TIMELINE {"elapsed_seconds": 65.203, "tree_rss_bytes": 428548096, "foreign_peers": []}
NPU_TIMELINE "\n-----------------------------\n[003d:00:01.1] : NPU Phoenix\n-----------------------------\nAIE Partitions\n  No hardware contexts running on device\n\n"
NPU_OWNERSHIP {"context_pids": [], "owned_pids": [55408, 60440], "foreign_pids": []}
HOST_TIMELINE {"elapsed_seconds": 69.406, "tree_rss_bytes": 430940160, "foreign_peers": []}
NPU_TIMELINE "\n-----------------------------\n[003d:00:01.1] : NPU Phoenix\n-----------------------------\nAIE Partitions\n  No hardware contexts running on device\n\n"
NPU_OWNERSHIP {"context_pids": [], "owned_pids": [55408, 60440], "foreign_pids": []}
HOST_TIMELINE {"elapsed_seconds": 73.625, "tree_rss_bytes": 428814336, "foreign_peers": []}
HOST_TIMELINE {"elapsed_seconds": 77.937, "tree_rss_bytes": 431853568, "foreign_peers": []}
NPU_TIMELINE "\n-----------------------------\n[003d:00:01.1] : NPU Phoenix\n-----------------------------\nAIE Partitions\n  No hardware contexts running on device\n\n"
NPU_OWNERSHIP {"context_pids": [], "owned_pids": [55408, 60440], "foreign_pids": []}
HOST_TIMELINE {"elapsed_seconds": 82.093, "tree_rss_bytes": 432074752, "foreign_peers": []}
NPU_TIMELINE "\n-----------------------------\n[003d:00:01.1] : NPU Phoenix\n-----------------------------\nAIE Partitions\n  No hardware contexts running on device\n\n"
NPU_OWNERSHIP {"context_pids": [], "owned_pids": [55408, 60440], "foreign_pids": []}
HOST_TIMELINE {"elapsed_seconds": 86.422, "tree_rss_bytes": 430473216, "foreign_peers": []}
NPU_TIMELINE "\n-----------------------------\n[003d:00:01.1] : NPU Phoenix\n-----------------------------\nAIE Partitions\n  No hardware contexts running on device\n\n"
NPU_OWNERSHIP {"context_pids": [], "owned_pids": [55408, 60440], "foreign_pids": []}
HOST_TIMELINE {"elapsed_seconds": 91.031, "tree_rss_bytes": 429113344, "foreign_peers": []}
PROGRESS {"running_miou": 0.4440354666612567, "scored": 750, "seconds": 93.9, "skipped": 623}
HOST_TIMELINE {"elapsed_seconds": 95.14, "tree_rss_bytes": 429957120, "foreign_peers": []}
NPU_TIMELINE "\n-----------------------------\n[003d:00:01.1] : NPU Phoenix\n-----------------------------\nAIE Partitions\n  No hardware contexts running on device\n\n"
NPU_OWNERSHIP {"context_pids": [], "owned_pids": [55408, 60440], "foreign_pids": []}
HOST_TIMELINE {"elapsed_seconds": 99.281, "tree_rss_bytes": 430694400, "foreign_peers": []}
NPU_TIMELINE "\n-----------------------------\n[003d:00:01.1] : NPU Phoenix\n-----------------------------\nAIE Partitions\n  No hardware contexts running on device\n\n"
NPU_OWNERSHIP {"context_pids": [], "owned_pids": [55408, 60440], "foreign_pids": []}
HOST_TIMELINE {"elapsed_seconds": 103.656, "tree_rss_bytes": 431665152, "foreign_peers": []}
NPU_TIMELINE "\n-----------------------------\n[003d:00:01.1] : NPU Phoenix\n-----------------------------\nAIE Partitions\n  No hardware contexts running on device\n\n"
NPU_OWNERSHIP {"context_pids": [], "owned_pids": [55408, 60440], "foreign_pids": []}
HOST_TIMELINE {"elapsed_seconds": 107.875, "tree_rss_bytes": 431771648, "foreign_peers": []}
HOST_TIMELINE {"elapsed_seconds": 112.25, "tree_rss_bytes": 432467968, "foreign_peers": []}
NPU_TIMELINE "\n-----------------------------\n[003d:00:01.1] : NPU Phoenix\n-----------------------------\nAIE Partitions\n  No hardware contexts running on device\n\n"
NPU_OWNERSHIP {"context_pids": [], "owned_pids": [55408, 60440], "foreign_pids": []}
HOST_TIMELINE {"elapsed_seconds": 116.422, "tree_rss_bytes": 431628288, "foreign_peers": []}
NPU_TIMELINE "\n-----------------------------\n[003d:00:01.1] : NPU Phoenix\n-----------------------------\nAIE Partitions\n  No hardware contexts running on device\n\n"
NPU_OWNERSHIP {"context_pids": [], "owned_pids": [55408, 60440], "foreign_pids": []}
HOST_TIMELINE {"elapsed_seconds": 120.562, "tree_rss_bytes": 430915584, "foreign_peers": []}
NPU_TIMELINE "\n-----------------------------\n[003d:00:01.1] : NPU Phoenix\n-----------------------------\nAIE Partitions\n  No hardware contexts running on device\n\n"
NPU_OWNERSHIP {"context_pids": [], "owned_pids": [55408, 60440], "foreign_pids": []}
HOST_TIMELINE {"elapsed_seconds": 124.953, "tree_rss_bytes": 431747072, "foreign_peers": []}
PROGRESS {"running_miou": 0.44729778450408453, "scored": 1000, "seconds": 125.5, "skipped": 845}
HOST_TIMELINE {"elapsed_seconds": 129.312, "tree_rss_bytes": 432603136, "foreign_peers": []}
NPU_TIMELINE "\n-----------------------------\n[003d:00:01.1] : NPU Phoenix\n-----------------------------\nAIE Partitions\n  No hardware contexts running on device\n\n"
NPU_OWNERSHIP {"context_pids": [], "owned_pids": [55408, 60440], "foreign_pids": []}
HOST_TIMELINE {"elapsed_seconds": 133.515, "tree_rss_bytes": 431448064, "foreign_peers": []}
NPU_TIMELINE "\n-----------------------------\n[003d:00:01.1] : NPU Phoenix\n-----------------------------\nAIE Partitions\n  No hardware contexts running on device\n\n"
NPU_OWNERSHIP {"context_pids": [], "owned_pids": [55408, 60440], "foreign_pids": []}
HOST_TIMELINE {"elapsed_seconds": 137.734, "tree_rss_bytes": 432721920, "foreign_peers": []}
NPU_TIMELINE "\n-----------------------------\n[003d:00:01.1] : NPU Phoenix\n-----------------------------\nAIE Partitions\n  No hardware contexts running on device\n\n"
NPU_OWNERSHIP {"context_pids": [], "owned_pids": [55408, 60440], "foreign_pids": []}
HOST_TIMELINE {"elapsed_seconds": 142.047, "tree_rss_bytes": 431869952, "foreign_peers": []}
HOST_TIMELINE {"elapsed_seconds": 146.25, "tree_rss_bytes": 432820224, "foreign_peers": []}
NPU_TIMELINE "\n-----------------------------\n[003d:00:01.1] : NPU Phoenix\n-----------------------------\nAIE Partitions\n  No hardware contexts running on device\n\n"
NPU_OWNERSHIP {"context_pids": [], "owned_pids": [55408, 60440], "foreign_pids": []}
HOST_TIMELINE {"elapsed_seconds": 150.515, "tree_rss_bytes": 432873472, "foreign_peers": []}
NPU_TIMELINE "\n-----------------------------\n[003d:00:01.1] : NPU Phoenix\n-----------------------------\nAIE Partitions\n  No hardware contexts running on device\n\n"
NPU_OWNERSHIP {"context_pids": [], "owned_pids": [55408, 60440], "foreign_pids": []}
HOST_TIMELINE {"elapsed_seconds": 154.703, "tree_rss_bytes": 434790400, "foreign_peers": []}
PROGRESS {"running_miou": 0.4389386198199102, "scored": 1250, "seconds": 157.4, "skipped": 1090}
NPU_TIMELINE "\n-----------------------------\n[003d:00:01.1] : NPU Phoenix\n-----------------------------\nAIE Partitions\n  No hardware contexts running on device\n\n"
NPU_OWNERSHIP {"context_pids": [], "owned_pids": [55408, 60440], "foreign_pids": []}
HOST_TIMELINE {"elapsed_seconds": 158.875, "tree_rss_bytes": 434814976, "foreign_peers": []}
HOST_TIMELINE {"elapsed_seconds": 163.156, "tree_rss_bytes": 434745344, "foreign_peers": []}
NPU_TIMELINE "\n-----------------------------\n[003d:00:01.1] : NPU Phoenix\n-----------------------------\nAIE Partitions\n  No hardware contexts running on device\n\n"
NPU_OWNERSHIP {"context_pids": [], "owned_pids": [55408, 60440], "foreign_pids": []}
HOST_TIMELINE {"elapsed_seconds": 167.5, "tree_rss_bytes": 436252672, "foreign_peers": []}
NPU_TIMELINE "\n-----------------------------\n[003d:00:01.1] : NPU Phoenix\n-----------------------------\nAIE Partitions\n  No hardware contexts running on device\n\n"
NPU_OWNERSHIP {"context_pids": [], "owned_pids": [55408, 60440], "foreign_pids": []}
HOST_TIMELINE {"elapsed_seconds": 171.828, "tree_rss_bytes": 433872896, "foreign_peers": []}
NPU_TIMELINE "\n-----------------------------\n[003d:00:01.1] : NPU Phoenix\n-----------------------------\nAIE Partitions\n  No hardware contexts running on device\n\n"
NPU_OWNERSHIP {"context_pids": [], "owned_pids": [55408, 60440], "foreign_pids": []}
HOST_TIMELINE {"elapsed_seconds": 176.062, "tree_rss_bytes": 432566272, "foreign_peers": []}
HOST_TIMELINE {"elapsed_seconds": 180.297, "tree_rss_bytes": 430710784, "foreign_peers": []}
NPU_TIMELINE "\n-----------------------------\n[003d:00:01.1] : NPU Phoenix\n-----------------------------\nAIE Partitions\n  No hardware contexts running on device\n\n"
NPU_OWNERSHIP {"context_pids": [], "owned_pids": [55408, 60440], "foreign_pids": []}
HOST_TIMELINE {"elapsed_seconds": 184.562, "tree_rss_bytes": 436809728, "foreign_peers": []}
NPU_TIMELINE "\n-----------------------------\n[003d:00:01.1] : NPU Phoenix\n-----------------------------\nAIE Partitions\n  No hardware contexts running on device\n\n"
NPU_OWNERSHIP {"context_pids": [], "owned_pids": [55408, 60440], "foreign_pids": []}
HOST_TIMELINE {"elapsed_seconds": 188.828, "tree_rss_bytes": 433803264, "foreign_peers": []}
PROGRESS {"running_miou": 0.43024491565239714, "scored": 1500, "seconds": 189.4, "skipped": 1303}
NPU_TIMELINE "\n-----------------------------\n[003d:00:01.1] : NPU Phoenix\n-----------------------------\nAIE Partitions\n  No hardware contexts running on device\n\n"
NPU_OWNERSHIP {"context_pids": [], "owned_pids": [55408, 60440], "foreign_pids": []}
HOST_TIMELINE {"elapsed_seconds": 193.093, "tree_rss_bytes": 434008064, "foreign_peers": []}
HOST_TIMELINE {"elapsed_seconds": 197.375, "tree_rss_bytes": 434122752, "foreign_peers": []}
NPU_TIMELINE "\n-----------------------------\n[003d:00:01.1] : NPU Phoenix\n-----------------------------\nAIE Partitions\n  No hardware contexts running on device\n\n"
NPU_OWNERSHIP {"context_pids": [], "owned_pids": [55408, 60440], "foreign_pids": []}
HOST_TIMELINE {"elapsed_seconds": 201.562, "tree_rss_bytes": 434606080, "foreign_peers": []}
NPU_TIMELINE "\n-----------------------------\n[003d:00:01.1] : NPU Phoenix\n-----------------------------\nAIE Partitions\n  No hardware contexts running on device\n\n"
NPU_OWNERSHIP {"context_pids": [], "owned_pids": [55408, 60440], "foreign_pids": []}
HOST_TIMELINE {"elapsed_seconds": 205.765, "tree_rss_bytes": 433082368, "foreign_peers": []}
NPU_TIMELINE "\n-----------------------------\n[003d:00:01.1] : NPU Phoenix\n-----------------------------\nAIE Partitions\n  No hardware contexts running on device\n\n"
NPU_OWNERSHIP {"context_pids": [], "owned_pids": [55408, 60440], "foreign_pids": []}
HOST_TIMELINE {"elapsed_seconds": 210.062, "tree_rss_bytes": 433606656, "foreign_peers": []}
HOST_TIMELINE {"elapsed_seconds": 214.218, "tree_rss_bytes": 433119232, "foreign_peers": []}
NPU_TIMELINE "\n-----------------------------\n[003d:00:01.1] : NPU Phoenix\n-----------------------------\nAIE Partitions\n  No hardware contexts running on device\n\n"
NPU_OWNERSHIP {"context_pids": [], "owned_pids": [55408, 60440], "foreign_pids": []}
HOST_TIMELINE {"elapsed_seconds": 218.468, "tree_rss_bytes": 434827264, "foreign_peers": []}
NPU_TIMELINE "\n-----------------------------\n[003d:00:01.1] : NPU Phoenix\n-----------------------------\nAIE Partitions\n  No hardware contexts running on device\n\n"
NPU_OWNERSHIP {"context_pids": [], "owned_pids": [55408, 60440], "foreign_pids": []}
PROGRESS {"running_miou": 0.4287385632726949, "scored": 1750, "seconds": 221.1, "skipped": 1510}
HOST_TIMELINE {"elapsed_seconds": 222.812, "tree_rss_bytes": 435568640, "foreign_peers": []}
NPU_TIMELINE "\n-----------------------------\n[003d:00:01.1] : NPU Phoenix\n-----------------------------\nAIE Partitions\n  No hardware contexts running on device\n\n"
NPU_OWNERSHIP {"context_pids": [], "owned_pids": [55408, 60440], "foreign_pids": []}
HOST_TIMELINE {"elapsed_seconds": 227.109, "tree_rss_bytes": 434962432, "foreign_peers": []}
HOST_TIMELINE {"elapsed_seconds": 231.312, "tree_rss_bytes": 435408896, "foreign_peers": []}
NPU_TIMELINE "\n-----------------------------\n[003d:00:01.1] : NPU Phoenix\n-----------------------------\nAIE Partitions\n  No hardware contexts running on device\n\n"
NPU_OWNERSHIP {"context_pids": [], "owned_pids": [55408, 60440], "foreign_pids": []}
HOST_TIMELINE {"elapsed_seconds": 235.828, "tree_rss_bytes": 434913280, "foreign_peers": []}
NPU_TIMELINE "\n-----------------------------\n[003d:00:01.1] : NPU Phoenix\n-----------------------------\nAIE Partitions\n  No hardware contexts running on device\n\n"
NPU_OWNERSHIP {"context_pids": [], "owned_pids": [55408, 60440], "foreign_pids": []}
HOST_TIMELINE {"elapsed_seconds": 240.14, "tree_rss_bytes": 433643520, "foreign_peers": []}
NPU_TIMELINE "\n-----------------------------\n[003d:00:01.1] : NPU Phoenix\n-----------------------------\nAIE Partitions\n  No hardware contexts running on device\n\n"
NPU_OWNERSHIP {"context_pids": [], "owned_pids": [55408, 60440], "foreign_pids": []}
HOST_TIMELINE {"elapsed_seconds": 244.703, "tree_rss_bytes": 433696768, "foreign_peers": []}
HOST_TIMELINE {"elapsed_seconds": 248.843, "tree_rss_bytes": 434962432, "foreign_peers": []}
NPU_TIMELINE "\n-----------------------------\n[003d:00:01.1] : NPU Phoenix\n-----------------------------\nAIE Partitions\n  No hardware contexts running on device\n\n"
NPU_OWNERSHIP {"context_pids": [], "owned_pids": [55408, 60440], "foreign_pids": []}
HOST_TIMELINE {"elapsed_seconds": 253.093, "tree_rss_bytes": 433729536, "foreign_peers": []}
PROGRESS {"running_miou": 0.4301481142841399, "scored": 2000, "seconds": 253.2, "skipped": 1701}
NPU_TIMELINE "\n-----------------------------\n[003d:00:01.1] : NPU Phoenix\n-----------------------------\nAIE Partitions\n  No hardware contexts running on device\n\n"
NPU_OWNERSHIP {"context_pids": [], "owned_pids": [55408, 60440], "foreign_pids": []}
HOST_TIMELINE {"elapsed_seconds": 257.39, "tree_rss_bytes": 433844224, "foreign_peers": []}
NPU_TIMELINE "\n-----------------------------\n[003d:00:01.1] : NPU Phoenix\n-----------------------------\nAIE Partitions\n  No hardware contexts running on device\n\n"
NPU_OWNERSHIP {"context_pids": [], "owned_pids": [55408, 60440], "foreign_pids": []}
HOST_TIMELINE {"elapsed_seconds": 261.64, "tree_rss_bytes": 434958336, "foreign_peers": []}
HOST_TIMELINE {"elapsed_seconds": 265.656, "tree_rss_bytes": 433659904, "foreign_peers": []}
NPU_TIMELINE "\n-----------------------------\n[003d:00:01.1] : NPU Phoenix\n-----------------------------\nAIE Partitions\n  No hardware contexts running on device\n\n"
NPU_OWNERSHIP {"context_pids": [], "owned_pids": [55408, 60440], "foreign_pids": []}
HOST_TIMELINE {"elapsed_seconds": 270.0, "tree_rss_bytes": 435204096, "foreign_peers": []}
NPU_TIMELINE "\n-----------------------------\n[003d:00:01.1] : NPU Phoenix\n-----------------------------\nAIE Partitions\n  No hardware contexts running on device\n\n"
NPU_OWNERSHIP {"context_pids": [], "owned_pids": [55408, 60440], "foreign_pids": []}
HOST_TIMELINE {"elapsed_seconds": 274.265, "tree_rss_bytes": 434536448, "foreign_peers": []}
NPU_TIMELINE "\n-----------------------------\n[003d:00:01.1] : NPU Phoenix\n-----------------------------\nAIE Partitions\n  No hardware contexts running on device\n\n"
NPU_OWNERSHIP {"context_pids": [], "owned_pids": [55408, 60440], "foreign_pids": []}
HOST_TIMELINE {"elapsed_seconds": 278.859, "tree_rss_bytes": 434028544, "foreign_peers": []}
HOST_TIMELINE {"elapsed_seconds": 282.828, "tree_rss_bytes": 433942528, "foreign_peers": []}
PROGRESS {"running_miou": 0.4312753676905689, "scored": 2250, "seconds": 283.4, "skipped": 1889}
NPU_TIMELINE "\n-----------------------------\n[003d:00:01.1] : NPU Phoenix\n-----------------------------\nAIE Partitions\n  No hardware contexts running on device\n\n"
NPU_OWNERSHIP {"context_pids": [], "owned_pids": [55408, 60440], "foreign_pids": []}
HOST_TIMELINE {"elapsed_seconds": 286.75, "tree_rss_bytes": 435130368, "foreign_peers": []}
NPU_TIMELINE "\n-----------------------------\n[003d:00:01.1] : NPU Phoenix\n-----------------------------\nAIE Partitions\n  No hardware contexts running on device\n\n"
NPU_OWNERSHIP {"context_pids": [], "owned_pids": [55408, 60440], "foreign_pids": []}
HOST_TIMELINE {"elapsed_seconds": 290.578, "tree_rss_bytes": 433860608, "foreign_peers": []}
HOST_TIMELINE {"elapsed_seconds": 294.562, "tree_rss_bytes": 434839552, "foreign_peers": []}
NPU_TIMELINE "\n-----------------------------\n[003d:00:01.1] : NPU Phoenix\n-----------------------------\nAIE Partitions\n  No hardware contexts running on device\n\n"
NPU_OWNERSHIP {"context_pids": [], "owned_pids": [55408, 60440], "foreign_pids": []}
HOST_TIMELINE {"elapsed_seconds": 298.531, "tree_rss_bytes": 435187712, "foreign_peers": []}
NPU_TIMELINE "\n-----------------------------\n[003d:00:01.1] : NPU Phoenix\n-----------------------------\nAIE Partitions\n  No hardware contexts running on device\n\n"
NPU_OWNERSHIP {"context_pids": [], "owned_pids": [55408, 60440], "foreign_pids": []}
HOST_TIMELINE {"elapsed_seconds": 302.531, "tree_rss_bytes": 435220480, "foreign_peers": []}
HOST_TIMELINE {"elapsed_seconds": 306.437, "tree_rss_bytes": 433987584, "foreign_peers": []}
NPU_TIMELINE "\n-----------------------------\n[003d:00:01.1] : NPU Phoenix\n-----------------------------\nAIE Partitions\n  No hardware contexts running on device\n\n"
NPU_OWNERSHIP {"context_pids": [], "owned_pids": [55408, 60440], "foreign_pids": []}
HOST_TIMELINE {"elapsed_seconds": 310.328, "tree_rss_bytes": 435101696, "foreign_peers": []}
PROGRESS {"running_miou": 0.4300981685114446, "scored": 2500, "seconds": 311.3, "skipped": 2122}
NPU_TIMELINE "\n-----------------------------\n[003d:00:01.1] : NPU Phoenix\n-----------------------------\nAIE Partitions\n  No hardware contexts running on device\n\n"
NPU_OWNERSHIP {"context_pids": [], "owned_pids": [55408, 60440], "foreign_pids": []}
HOST_TIMELINE {"elapsed_seconds": 314.312, "tree_rss_bytes": 433213440, "foreign_peers": []}
HOST_TIMELINE {"elapsed_seconds": 318.25, "tree_rss_bytes": 435732480, "foreign_peers": []}
NPU_TIMELINE "\n-----------------------------\n[003d:00:01.1] : NPU Phoenix\n-----------------------------\nAIE Partitions\n  No hardware contexts running on device\n\n"
NPU_OWNERSHIP {"context_pids": [], "owned_pids": [55408, 60440], "foreign_pids": []}
HOST_TIMELINE {"elapsed_seconds": 322.234, "tree_rss_bytes": 434991104, "foreign_peers": []}
NPU_TIMELINE "\n-----------------------------\n[003d:00:01.1] : NPU Phoenix\n-----------------------------\nAIE Partitions\n  No hardware contexts running on device\n\n"
NPU_OWNERSHIP {"context_pids": [], "owned_pids": [55408, 60440], "foreign_pids": []}
HOST_TIMELINE {"elapsed_seconds": 326.203, "tree_rss_bytes": 434962432, "foreign_peers": []}
HOST_TIMELINE {"elapsed_seconds": 330.109, "tree_rss_bytes": 436064256, "foreign_peers": []}
NPU_TIMELINE "\n-----------------------------\n[003d:00:01.1] : NPU Phoenix\n-----------------------------\nAIE Partitions\n  No hardware contexts running on device\n\n"
NPU_OWNERSHIP {"context_pids": [], "owned_pids": [55408, 60440], "foreign_pids": []}
ACCURACY {"backend": "cpu", "family": "modnet_cut", "full_set": true, "images_scored": 2693, "images_skipped": 2307, "labelled_pixels": 729832458, "mean_per_image_iou": 0.30924042621385245, "miou": 0.4272032951602677, "per_class_iou": {"1": 0.4272032951602677}, "pixel_accuracy": 0.8801837434859604, "seconds": 332.7}
POST_NPU_CONTEXT_WITNESS "\n-----------------------------\n[003d:00:01.1] : NPU Phoenix\n-----------------------------\nAIE Partitions\n  No hardware contexts running on device\n\n"
RESEARCH_PROCESS_RESULT {"exit_code": 0, "stop": null, "peak_tree_rss_bytes": 440193024, "rss_measurement": "maximum observed across sampled descendant working sets; zero observations reported as null", "elapsed_seconds": 333.48400000005495, "foreign_contention_observed": false, "timing_eligible": false}
