RESEARCH_PLATFORM {"machine": "Desktop 2", "cpu": "AMD Ryzen 7 8700G w/ Radeon 780M Graphics", "os": "Windows-11-10.0.26200-SP0", "ram_bytes": 33381138432, "source_sha256": {"tools/research_process.py": "9964df088a6a1cdd21c15195d2810606ef708ccabfd802232217cd12400da896", "tools/quant_calib_alphabet.py": "2dc0b2878c564853f340880209a425dfcf63b8536b2b8e9fd32344daade58d37", "tools/xint8_arithmetic_probe.py": "6aa3df08b9870c3c2264b868459d7ffbac3070dddc1349d7c6f3f480075f7041", "scripts/research-lowlevel.sh": "3455ad7933697936487712665505c216891865c6deada647302785f6e37020bd", "scripts/research-iron.sh": "4c863a262646ddab39b5005006ba8e03809895e6386c6310e2fd9d0a9e9609ee", "kernels/memory_placement/probe.py": "e8d990169ad6091fa1b53852e9f61eff495b5def72d35165a5c5cf1759e38898", "kernels/memory_placement/memory_kernels.cc": "182e7af7071a1e851afb4a7ca266069c489aea1fbaaa85eca129708daeba5ba6", "scripts/research-matrix.sh": "739254171629deae822b0ad7dabc875aee19ace56dde77d3e8aab61663f97516", "kernels/memory_placement/gemm.py": "17c905ad66110d3346bbf0db898dfc6b780df59fae1dfb0c1747057ce1e5844e", "kernels/memory_placement/gemm_placement.cc": "f21acf7250b12914ea30cc1f77613239dfa18421a85a1b9a5199017dd916278a", "tools/research_summary.py": "0c00dcceef07053d06731b41a1f1ed58d3ba4ea09f82497de354ce9cef17da20", "tools/research_toolchain.py": "f0a126a24ae213acfaa43460cfd9def0c86d9cb70cfee0228aa271688467b314"}, "commit": "bee16e3ff93703adc7225c63d4c4c8dd65ab4b44", "command": ["python", "benchmarks/dense_accuracy.py", "--family", "modnet_cut", "--backend", "cpu", "--progress", "500"], "seconds_limit": 3600.0, "rss_gib_limit": 8, "checks_only": true, "free_ram_bytes": 19498762240}
IDENTITY {"annotations_sha256": "e8c7f7908f1d7278341fae127d0da654f102f11bd7b21d8aeefa635b8c810b6f", "backend": "cpu", "container_sha256": null, "family": "modnet_cut", "full_set": true, "model_sha256": "02e0b993a6aa52244eea912445ccaf827fe785b11d8c6d2a3683e7a25a053ab4", "numpy": "1.26.4", "ort": "1.23.3.dev20260320", "scored_classes": [1], "task": "matte", "threshold": 0.5}
HOST_TIMELINE {"elapsed_seconds": 5.797, "tree_rss_bytes": 420401152, "foreign_peers": [{"pid": 63440, "name": "python.exe", "cores": 6.908, "command": "python benchmarks/dense_accuracy.py --family modnet_cut --backend fp32 --progress 500"}]}
HOST_TIMELINE {"elapsed_seconds": 10.657, "tree_rss_bytes": 425373696, "foreign_peers": [{"pid": 63440, "name": "python.exe", "cores": 7.03, "command": "python benchmarks/dense_accuracy.py --family modnet_cut --backend fp32 --progress 500"}]}
HOST_TIMELINE {"elapsed_seconds": 15.454, "tree_rss_bytes": 424235008, "foreign_peers": [{"pid": 63440, "name": "python.exe", "cores": 6.935, "command": "python benchmarks/dense_accuracy.py --family modnet_cut --backend fp32 --progress 500"}]}
HOST_TIMELINE {"elapsed_seconds": 20.329, "tree_rss_bytes": 423411712, "foreign_peers": [{"pid": 63440, "name": "python.exe", "cores": 6.98, "command": "python benchmarks/dense_accuracy.py --family modnet_cut --backend fp32 --progress 500"}]}
HOST_TIMELINE {"elapsed_seconds": 25.047, "tree_rss_bytes": 426307584, "foreign_peers": [{"pid": 63440, "name": "python.exe", "cores": 7.096, "command": "python benchmarks/dense_accuracy.py --family modnet_cut --backend fp32 --progress 500"}]}
HOST_TIMELINE {"elapsed_seconds": 30.016, "tree_rss_bytes": 426196992, "foreign_peers": [{"pid": 63440, "name": "python.exe", "cores": 6.991, "command": "python benchmarks/dense_accuracy.py --family modnet_cut --backend fp32 --progress 500"}]}
HOST_TIMELINE {"elapsed_seconds": 35.032, "tree_rss_bytes": 427118592, "foreign_peers": [{"pid": 63440, "name": "python.exe", "cores": 7.122, "command": "python benchmarks/dense_accuracy.py --family modnet_cut --backend fp32 --progress 500"}]}
HOST_TIMELINE {"elapsed_seconds": 39.844, "tree_rss_bytes": 428158976, "foreign_peers": [{"pid": 63440, "name": "python.exe", "cores": 7.11, "command": "python benchmarks/dense_accuracy.py --family modnet_cut --backend fp32 --progress 500"}]}
HOST_TIMELINE {"elapsed_seconds": 44.532, "tree_rss_bytes": 427520000, "foreign_peers": [{"pid": 63440, "name": "python.exe", "cores": 7.045, "command": "python benchmarks/dense_accuracy.py --family modnet_cut --backend fp32 --progress 500"}]}
HOST_TIMELINE {"elapsed_seconds": 49.36, "tree_rss_bytes": 428109824, "foreign_peers": [{"pid": 63440, "name": "python.exe", "cores": 7.227, "command": "python benchmarks/dense_accuracy.py --family modnet_cut --backend fp32 --progress 500"}]}
HOST_TIMELINE {"elapsed_seconds": 54.25, "tree_rss_bytes": 428703744, "foreign_peers": [{"pid": 63440, "name": "python.exe", "cores": 7.09, "command": "python benchmarks/dense_accuracy.py --family modnet_cut --backend fp32 --progress 500"}]}
HOST_TIMELINE {"elapsed_seconds": 59.297, "tree_rss_bytes": 427716608, "foreign_peers": [{"pid": 63440, "name": "python.exe", "cores": 7.253, "command": "python benchmarks/dense_accuracy.py --family modnet_cut --backend fp32 --progress 500"}]}
HOST_TIMELINE {"elapsed_seconds": 64.079, "tree_rss_bytes": 429514752, "foreign_peers": [{"pid": 63440, "name": "python.exe", "cores": 7.084, "command": "python benchmarks/dense_accuracy.py --family modnet_cut --backend fp32 --progress 500"}]}
HOST_TIMELINE {"elapsed_seconds": 69.079, "tree_rss_bytes": 430297088, "foreign_peers": [{"pid": 63440, "name": "python.exe", "cores": 7.203, "command": "python benchmarks/dense_accuracy.py --family modnet_cut --backend fp32 --progress 500"}]}
HOST_TIMELINE {"elapsed_seconds": 73.844, "tree_rss_bytes": 429940736, "foreign_peers": [{"pid": 63440, "name": "python.exe", "cores": 7.241, "command": "python benchmarks/dense_accuracy.py --family modnet_cut --backend fp32 --progress 500"}]}
HOST_TIMELINE {"elapsed_seconds": 78.532, "tree_rss_bytes": 429563904, "foreign_peers": [{"pid": 63440, "name": "python.exe", "cores": 7.058, "command": "python benchmarks/dense_accuracy.py --family modnet_cut --backend fp32 --progress 500"}]}
HOST_TIMELINE {"elapsed_seconds": 83.282, "tree_rss_bytes": 430538752, "foreign_peers": [{"pid": 63440, "name": "python.exe", "cores": 7.243, "command": "python benchmarks/dense_accuracy.py --family modnet_cut --backend fp32 --progress 500"}]}
HOST_TIMELINE {"elapsed_seconds": 87.86, "tree_rss_bytes": 427892736, "foreign_peers": [{"pid": 63440, "name": "python.exe", "cores": 7.092, "command": "python benchmarks/dense_accuracy.py --family modnet_cut --backend fp32 --progress 500"}]}
HOST_TIMELINE {"elapsed_seconds": 92.329, "tree_rss_bytes": 429678592, "foreign_peers": [{"pid": 63440, "name": "python.exe", "cores": 7.126, "command": "python benchmarks/dense_accuracy.py --family modnet_cut --backend fp32 --progress 500"}]}
HOST_TIMELINE {"elapsed_seconds": 97.016, "tree_rss_bytes": 430743552, "foreign_peers": [{"pid": 63440, "name": "python.exe", "cores": 7.219, "command": "python benchmarks/dense_accuracy.py --family modnet_cut --backend fp32 --progress 500"}]}
HOST_TIMELINE {"elapsed_seconds": 101.875, "tree_rss_bytes": 429490176, "foreign_peers": [{"pid": 63440, "name": "python.exe", "cores": 7.204, "command": "python benchmarks/dense_accuracy.py --family modnet_cut --backend fp32 --progress 500"}]}
PROGRESS {"running_miou": 0.1615568084542924, "scored": 500, "seconds": 103.7, "skipped": 410}
HOST_TIMELINE {"elapsed_seconds": 106.625, "tree_rss_bytes": 429682688, "foreign_peers": [{"pid": 63440, "name": "python.exe", "cores": 7.207, "command": "python benchmarks/dense_accuracy.py --family modnet_cut --backend fp32 --progress 500"}]}
HOST_TIMELINE {"elapsed_seconds": 111.407, "tree_rss_bytes": 431128576, "foreign_peers": [{"pid": 63440, "name": "python.exe", "cores": 7.165, "command": "python benchmarks/dense_accuracy.py --family modnet_cut --backend fp32 --progress 500"}]}
HOST_TIMELINE {"elapsed_seconds": 116.219, "tree_rss_bytes": 429617152, "foreign_peers": [{"pid": 63440, "name": "python.exe", "cores": 7.367, "command": "python benchmarks/dense_accuracy.py --family modnet_cut --backend fp32 --progress 500"}]}
HOST_TIMELINE {"elapsed_seconds": 120.985, "tree_rss_bytes": 429047808, "foreign_peers": [{"pid": 63440, "name": "python.exe", "cores": 7.294, "command": "python benchmarks/dense_accuracy.py --family modnet_cut --backend fp32 --progress 500"}]}
HOST_TIMELINE {"elapsed_seconds": 125.625, "tree_rss_bytes": 430800896, "foreign_peers": [{"pid": 63440, "name": "python.exe", "cores": 7.288, "command": "python benchmarks/dense_accuracy.py --family modnet_cut --backend fp32 --progress 500"}]}
HOST_TIMELINE {"elapsed_seconds": 130.438, "tree_rss_bytes": 431214592, "foreign_peers": [{"pid": 63440, "name": "python.exe", "cores": 7.278, "command": "python benchmarks/dense_accuracy.py --family modnet_cut --backend fp32 --progress 500"}]}
HOST_TIMELINE {"elapsed_seconds": 135.125, "tree_rss_bytes": 430997504, "foreign_peers": [{"pid": 63440, "name": "python.exe", "cores": 7.224, "command": "python benchmarks/dense_accuracy.py --family modnet_cut --backend fp32 --progress 500"}]}
HOST_TIMELINE {"elapsed_seconds": 139.907, "tree_rss_bytes": 432246784, "foreign_peers": [{"pid": 63440, "name": "python.exe", "cores": 7.304, "command": "python benchmarks/dense_accuracy.py --family modnet_cut --backend fp32 --progress 500"}]}
HOST_TIMELINE {"elapsed_seconds": 144.532, "tree_rss_bytes": 431763456, "foreign_peers": [{"pid": 63440, "name": "python.exe", "cores": 7.022, "command": "python benchmarks/dense_accuracy.py --family modnet_cut --backend fp32 --progress 500"}]}
HOST_TIMELINE {"elapsed_seconds": 149.344, "tree_rss_bytes": 432214016, "foreign_peers": [{"pid": 63440, "name": "python.exe", "cores": 7.252, "command": "python benchmarks/dense_accuracy.py --family modnet_cut --backend fp32 --progress 500"}]}
HOST_TIMELINE {"elapsed_seconds": 154.188, "tree_rss_bytes": 432750592, "foreign_peers": [{"pid": 63440, "name": "python.exe", "cores": 7.225, "command": "python benchmarks/dense_accuracy.py --family modnet_cut --backend fp32 --progress 500"}]}
HOST_TIMELINE {"elapsed_seconds": 158.86, "tree_rss_bytes": 432484352, "foreign_peers": [{"pid": 63440, "name": "python.exe", "cores": 7.251, "command": "python benchmarks/dense_accuracy.py --family modnet_cut --backend fp32 --progress 500"}]}
HOST_TIMELINE {"elapsed_seconds": 163.438, "tree_rss_bytes": 434323456, "foreign_peers": [{"pid": 63440, "name": "python.exe", "cores": 7.033, "command": "python benchmarks/dense_accuracy.py --family modnet_cut --backend fp32 --progress 500"}]}
HOST_TIMELINE {"elapsed_seconds": 168.188, "tree_rss_bytes": 433192960, "foreign_peers": [{"pid": 63440, "name": "python.exe", "cores": 7.223, "command": "python benchmarks/dense_accuracy.py --family modnet_cut --backend fp32 --progress 500"}]}
HOST_TIMELINE {"elapsed_seconds": 172.844, "tree_rss_bytes": 432590848, "foreign_peers": [{"pid": 63440, "name": "python.exe", "cores": 7.185, "command": "python benchmarks/dense_accuracy.py --family modnet_cut --backend fp32 --progress 500"}]}
HOST_TIMELINE {"elapsed_seconds": 177.563, "tree_rss_bytes": 430190592, "foreign_peers": [{"pid": 63440, "name": "python.exe", "cores": 7.123, "command": "python benchmarks/dense_accuracy.py --family modnet_cut --backend fp32 --progress 500"}]}
HOST_TIMELINE {"elapsed_seconds": 182.204, "tree_rss_bytes": 432353280, "foreign_peers": [{"pid": 63440, "name": "python.exe", "cores": 6.938, "command": "python benchmarks/dense_accuracy.py --family modnet_cut --backend fp32 --progress 500"}]}
HOST_TIMELINE {"elapsed_seconds": 187.016, "tree_rss_bytes": 431763456, "foreign_peers": [{"pid": 63440, "name": "python.exe", "cores": 7.098, "command": "python benchmarks/dense_accuracy.py --family modnet_cut --backend fp32 --progress 500"}]}
HOST_TIMELINE {"elapsed_seconds": 191.766, "tree_rss_bytes": 433078272, "foreign_peers": [{"pid": 63440, "name": "python.exe", "cores": 7.158, "command": "python benchmarks/dense_accuracy.py --family modnet_cut --backend fp32 --progress 500"}]}
HOST_TIMELINE {"elapsed_seconds": 196.532, "tree_rss_bytes": 434978816, "foreign_peers": [{"pid": 63440, "name": "python.exe", "cores": 7.186, "command": "python benchmarks/dense_accuracy.py --family modnet_cut --backend fp32 --progress 500"}]}
HOST_TIMELINE {"elapsed_seconds": 201.188, "tree_rss_bytes": 433897472, "foreign_peers": [{"pid": 63440, "name": "python.exe", "cores": 7.138, "command": "python benchmarks/dense_accuracy.py --family modnet_cut --backend fp32 --progress 500"}]}
PROGRESS {"running_miou": 0.15298342957340508, "scored": 1000, "seconds": 204.9, "skipped": 845}
HOST_TIMELINE {"elapsed_seconds": 205.829, "tree_rss_bytes": 430202880, "foreign_peers": [{"pid": 63440, "name": "python.exe", "cores": 7.1, "command": "python benchmarks/dense_accuracy.py --family modnet_cut --backend fp32 --progress 500"}]}
HOST_TIMELINE {"elapsed_seconds": 210.422, "tree_rss_bytes": 435331072, "foreign_peers": [{"pid": 63440, "name": "python.exe", "cores": 7.169, "command": "python benchmarks/dense_accuracy.py --family modnet_cut --backend fp32 --progress 500"}]}
HOST_TIMELINE {"elapsed_seconds": 215.219, "tree_rss_bytes": 435056640, "foreign_peers": [{"pid": 63440, "name": "python.exe", "cores": 7.18, "command": "python benchmarks/dense_accuracy.py --family modnet_cut --backend fp32 --progress 500"}]}
HOST_TIMELINE {"elapsed_seconds": 219.907, "tree_rss_bytes": 435269632, "foreign_peers": [{"pid": 63440, "name": "python.exe", "cores": 7.214, "command": "python benchmarks/dense_accuracy.py --family modnet_cut --backend fp32 --progress 500"}]}
HOST_TIMELINE {"elapsed_seconds": 224.391, "tree_rss_bytes": 433516544, "foreign_peers": [{"pid": 63440, "name": "python.exe", "cores": 7.218, "command": "python benchmarks/dense_accuracy.py --family modnet_cut --backend fp32 --progress 500"}]}
HOST_TIMELINE {"elapsed_seconds": 229.016, "tree_rss_bytes": 434749440, "foreign_peers": [{"pid": 63440, "name": "python.exe", "cores": 7.18, "command": "python benchmarks/dense_accuracy.py --family modnet_cut --backend fp32 --progress 500"}]}
HOST_TIMELINE {"elapsed_seconds": 233.61, "tree_rss_bytes": 435359744, "foreign_peers": [{"pid": 63440, "name": "python.exe", "cores": 7.024, "command": "python benchmarks/dense_accuracy.py --family modnet_cut --backend fp32 --progress 500"}]}
HOST_TIMELINE {"elapsed_seconds": 238.266, "tree_rss_bytes": 434601984, "foreign_peers": [{"pid": 63440, "name": "python.exe", "cores": 7.23, "command": "python benchmarks/dense_accuracy.py --family modnet_cut --backend fp32 --progress 500"}]}
HOST_TIMELINE {"elapsed_seconds": 242.969, "tree_rss_bytes": 437198848, "foreign_peers": [{"pid": 63440, "name": "python.exe", "cores": 6.99, "command": "python benchmarks/dense_accuracy.py --family modnet_cut --backend fp32 --progress 500"}]}
HOST_TIMELINE {"elapsed_seconds": 247.454, "tree_rss_bytes": 435175424, "foreign_peers": [{"pid": 63440, "name": "python.exe", "cores": 7.112, "command": "python benchmarks/dense_accuracy.py --family modnet_cut --backend fp32 --progress 500"}]}
HOST_TIMELINE {"elapsed_seconds": 252.344, "tree_rss_bytes": 437243904, "foreign_peers": [{"pid": 63440, "name": "python.exe", "cores": 7.194, "command": "python benchmarks/dense_accuracy.py --family modnet_cut --backend fp32 --progress 500"}]}
HOST_TIMELINE {"elapsed_seconds": 257.438, "tree_rss_bytes": 436305920, "foreign_peers": [{"pid": 63440, "name": "python.exe", "cores": 7.038, "command": "python benchmarks/dense_accuracy.py --family modnet_cut --backend fp32 --progress 500"}]}
HOST_TIMELINE {"elapsed_seconds": 262.047, "tree_rss_bytes": 435228672, "foreign_peers": [{"pid": 63440, "name": "python.exe", "cores": 7.069, "command": "python benchmarks/dense_accuracy.py --family modnet_cut --backend fp32 --progress 500"}]}
HOST_TIMELINE {"elapsed_seconds": 266.86, "tree_rss_bytes": 436379648, "foreign_peers": [{"pid": 63440, "name": "python.exe", "cores": 7.194, "command": "python benchmarks/dense_accuracy.py --family modnet_cut --backend fp32 --progress 500"}]}
HOST_TIMELINE {"elapsed_seconds": 271.61, "tree_rss_bytes": 435228672, "foreign_peers": [{"pid": 63440, "name": "python.exe", "cores": 7.286, "command": "python benchmarks/dense_accuracy.py --family modnet_cut --backend fp32 --progress 500"}]}
HOST_TIMELINE {"elapsed_seconds": 276.329, "tree_rss_bytes": 436129792, "foreign_peers": [{"pid": 63440, "name": "python.exe", "cores": 7.24, "command": "python benchmarks/dense_accuracy.py --family modnet_cut --backend fp32 --progress 500"}]}
HOST_TIMELINE {"elapsed_seconds": 281.172, "tree_rss_bytes": 435130368, "foreign_peers": [{"pid": 63440, "name": "python.exe", "cores": 7.355, "command": "python benchmarks/dense_accuracy.py --family modnet_cut --backend fp32 --progress 500"}]}
HOST_TIMELINE {"elapsed_seconds": 285.797, "tree_rss_bytes": 436424704, "foreign_peers": [{"pid": 63440, "name": "python.exe", "cores": 7.236, "command": "python benchmarks/dense_accuracy.py --family modnet_cut --backend fp32 --progress 500"}]}
HOST_TIMELINE {"elapsed_seconds": 290.5, "tree_rss_bytes": 436334592, "foreign_peers": [{"pid": 63440, "name": "python.exe", "cores": 7.299, "command": "python benchmarks/dense_accuracy.py --family modnet_cut --backend fp32 --progress 500"}]}
HOST_TIMELINE {"elapsed_seconds": 295.25, "tree_rss_bytes": 435884032, "foreign_peers": [{"pid": 63440, "name": "python.exe", "cores": 7.284, "command": "python benchmarks/dense_accuracy.py --family modnet_cut --backend fp32 --progress 500"}]}
HOST_TIMELINE {"elapsed_seconds": 299.985, "tree_rss_bytes": 429371392, "foreign_peers": [{"pid": 63440, "name": "python.exe", "cores": 7.175, "command": "python benchmarks/dense_accuracy.py --family modnet_cut --backend fp32 --progress 500"}]}
HOST_TIMELINE {"elapsed_seconds": 304.469, "tree_rss_bytes": 436465664, "foreign_peers": [{"pid": 63440, "name": "python.exe", "cores": 7.142, "command": "python benchmarks/dense_accuracy.py --family modnet_cut --backend fp32 --progress 500"}]}
PROGRESS {"running_miou": 0.15321859947714328, "scored": 1500, "seconds": 306.2, "skipped": 1303}
HOST_TIMELINE {"elapsed_seconds": 309.532, "tree_rss_bytes": 437530624, "foreign_peers": [{"pid": 63440, "name": "python.exe", "cores": 7.072, "command": "python benchmarks/dense_accuracy.py --family modnet_cut --backend fp32 --progress 500"}]}
HOST_TIMELINE {"elapsed_seconds": 314.282, "tree_rss_bytes": 433369088, "foreign_peers": [{"pid": 63440, "name": "python.exe", "cores": 7.236, "command": "python benchmarks/dense_accuracy.py --family modnet_cut --backend fp32 --progress 500"}]}
HOST_TIMELINE {"elapsed_seconds": 319.125, "tree_rss_bytes": 437387264, "foreign_peers": [{"pid": 63440, "name": "python.exe", "cores": 7.199, "command": "python benchmarks/dense_accuracy.py --family modnet_cut --backend fp32 --progress 500"}]}
HOST_TIMELINE {"elapsed_seconds": 323.797, "tree_rss_bytes": 436703232, "foreign_peers": [{"pid": 63440, "name": "python.exe", "cores": 7.064, "command": "python benchmarks/dense_accuracy.py --family modnet_cut --backend fp32 --progress 500"}]}
HOST_TIMELINE {"elapsed_seconds": 328.579, "tree_rss_bytes": 429273088, "foreign_peers": [{"pid": 63440, "name": "python.exe", "cores": 7.082, "command": "python benchmarks/dense_accuracy.py --family modnet_cut --backend fp32 --progress 500"}]}
HOST_TIMELINE {"elapsed_seconds": 333.391, "tree_rss_bytes": 436117504, "foreign_peers": [{"pid": 63440, "name": "python.exe", "cores": 7.214, "command": "python benchmarks/dense_accuracy.py --family modnet_cut --backend fp32 --progress 500"}]}
HOST_TIMELINE {"elapsed_seconds": 338.157, "tree_rss_bytes": 436436992, "foreign_peers": [{"pid": 63440, "name": "python.exe", "cores": 7.258, "command": "python benchmarks/dense_accuracy.py --family modnet_cut --backend fp32 --progress 500"}]}
HOST_TIMELINE {"elapsed_seconds": 342.829, "tree_rss_bytes": 434106368, "foreign_peers": [{"pid": 63440, "name": "python.exe", "cores": 7.156, "command": "python benchmarks/dense_accuracy.py --family modnet_cut --backend fp32 --progress 500"}]}
HOST_TIMELINE {"elapsed_seconds": 347.672, "tree_rss_bytes": 434163712, "foreign_peers": []}
HOST_TIMELINE {"elapsed_seconds": 352.235, "tree_rss_bytes": 436432896, "foreign_peers": []}
HOST_TIMELINE {"elapsed_seconds": 356.422, "tree_rss_bytes": 435646464, "foreign_peers": []}
HOST_TIMELINE {"elapsed_seconds": 360.579, "tree_rss_bytes": 437571584, "foreign_peers": []}
HOST_TIMELINE {"elapsed_seconds": 364.579, "tree_rss_bytes": 436641792, "foreign_peers": []}
HOST_TIMELINE {"elapsed_seconds": 368.61, "tree_rss_bytes": 442572800, "foreign_peers": []}
HOST_TIMELINE {"elapsed_seconds": 372.844, "tree_rss_bytes": 437260288, "foreign_peers": []}
HOST_TIMELINE {"elapsed_seconds": 377.985, "tree_rss_bytes": 436023296, "foreign_peers": []}
HOST_TIMELINE {"elapsed_seconds": 382.422, "tree_rss_bytes": 435580928, "foreign_peers": []}
PROGRESS {"running_miou": 0.15866835460570183, "scored": 2000, "seconds": 385.4, "skipped": 1701}
HOST_TIMELINE {"elapsed_seconds": 386.829, "tree_rss_bytes": 436678656, "foreign_peers": []}
HOST_TIMELINE {"elapsed_seconds": 391.188, "tree_rss_bytes": 436678656, "foreign_peers": []}
HOST_TIMELINE {"elapsed_seconds": 395.547, "tree_rss_bytes": 437723136, "foreign_peers": []}
HOST_TIMELINE {"elapsed_seconds": 399.922, "tree_rss_bytes": 437829632, "foreign_peers": []}
HOST_TIMELINE {"elapsed_seconds": 404.313, "tree_rss_bytes": 438661120, "foreign_peers": []}
HOST_TIMELINE {"elapsed_seconds": 408.735, "tree_rss_bytes": 440418304, "foreign_peers": []}
HOST_TIMELINE {"elapsed_seconds": 413.063, "tree_rss_bytes": 437248000, "foreign_peers": []}
HOST_TIMELINE {"elapsed_seconds": 417.36, "tree_rss_bytes": 437432320, "foreign_peers": []}
HOST_TIMELINE {"elapsed_seconds": 421.766, "tree_rss_bytes": 438595584, "foreign_peers": []}
HOST_TIMELINE {"elapsed_seconds": 426.047, "tree_rss_bytes": 436715520, "foreign_peers": []}
HOST_TIMELINE {"elapsed_seconds": 430.469, "tree_rss_bytes": 439427072, "foreign_peers": []}
HOST_TIMELINE {"elapsed_seconds": 434.829, "tree_rss_bytes": 438652928, "foreign_peers": []}
HOST_TIMELINE {"elapsed_seconds": 439.157, "tree_rss_bytes": 437526528, "foreign_peers": []}
HOST_TIMELINE {"elapsed_seconds": 443.563, "tree_rss_bytes": 438657024, "foreign_peers": []}
HOST_TIMELINE {"elapsed_seconds": 447.985, "tree_rss_bytes": 435314688, "foreign_peers": []}
HOST_TIMELINE {"elapsed_seconds": 452.391, "tree_rss_bytes": 435077120, "foreign_peers": []}
PROGRESS {"running_miou": 0.16168040767287994, "scored": 2500, "seconds": 453.2, "skipped": 2122}
HOST_TIMELINE {"elapsed_seconds": 456.75, "tree_rss_bytes": 438800384, "foreign_peers": []}
HOST_TIMELINE {"elapsed_seconds": 461.125, "tree_rss_bytes": 436633600, "foreign_peers": []}
HOST_TIMELINE {"elapsed_seconds": 465.61, "tree_rss_bytes": 436670464, "foreign_peers": []}
HOST_TIMELINE {"elapsed_seconds": 469.938, "tree_rss_bytes": 436494336, "foreign_peers": []}
HOST_TIMELINE {"elapsed_seconds": 474.282, "tree_rss_bytes": 437530624, "foreign_peers": []}
HOST_TIMELINE {"elapsed_seconds": 478.641, "tree_rss_bytes": 438464512, "foreign_peers": []}
ACCURACY {"backend": "cpu", "family": "modnet_cut", "full_set": true, "images_scored": 2693, "images_skipped": 2307, "labelled_pixels": 729832458, "mean_per_image_iou": 0.09306567738993761, "miou": 0.16091512046142384, "per_class_iou": {"1": 0.16091512046142384}, "pixel_accuracy": 0.8369012083592479, "seconds": 479.5}
RESEARCH_PROCESS_RESULT {"exit_code": 0, "stop": null, "peak_tree_rss_bytes": 443478016, "rss_measurement": "maximum observed across sampled descendant working sets; zero observations reported as null", "elapsed_seconds": 480.81300000008196, "foreign_contention_observed": true, "timing_eligible": false}
