RESEARCH_PLATFORM {"machine": "Desktop 2", "cpu": "AMD Ryzen 7 8700G w/ Radeon 780M Graphics", "os": "Windows-11-10.0.26200-SP0", "ram_bytes": 33381138432, "source_sha256": {"tools/research_process.py": "9964df088a6a1cdd21c15195d2810606ef708ccabfd802232217cd12400da896", "tools/quant_calib_alphabet.py": "2dc0b2878c564853f340880209a425dfcf63b8536b2b8e9fd32344daade58d37", "tools/xint8_arithmetic_probe.py": "6aa3df08b9870c3c2264b868459d7ffbac3070dddc1349d7c6f3f480075f7041", "scripts/research-lowlevel.sh": "3455ad7933697936487712665505c216891865c6deada647302785f6e37020bd", "scripts/research-iron.sh": "4c863a262646ddab39b5005006ba8e03809895e6386c6310e2fd9d0a9e9609ee", "kernels/memory_placement/probe.py": "e8d990169ad6091fa1b53852e9f61eff495b5def72d35165a5c5cf1759e38898", "kernels/memory_placement/memory_kernels.cc": "182e7af7071a1e851afb4a7ca266069c489aea1fbaaa85eca129708daeba5ba6", "scripts/research-matrix.sh": "739254171629deae822b0ad7dabc875aee19ace56dde77d3e8aab61663f97516", "kernels/memory_placement/gemm.py": "17c905ad66110d3346bbf0db898dfc6b780df59fae1dfb0c1747057ce1e5844e", "kernels/memory_placement/gemm_placement.cc": "f21acf7250b12914ea30cc1f77613239dfa18421a85a1b9a5199017dd916278a", "tools/research_summary.py": "0c00dcceef07053d06731b41a1f1ed58d3ba4ea09f82497de354ce9cef17da20", "tools/research_toolchain.py": "f0a126a24ae213acfaa43460cfd9def0c86d9cb70cfee0228aa271688467b314"}, "commit": "a6705238b546aa522bc8544c5c3e690aab34b1be", "command": ["python", "benchmarks/dense_accuracy.py", "--family", "modnet_cut", "--backend", "cpu", "--model", "scratch/modnet_cut_bf16.onnx"], "seconds_limit": 7200.0, "rss_gib_limit": 8, "checks_only": true, "free_ram_bytes": 19899047936}
PRE_NPU_CONTEXT_WITNESS "\n-----------------------------\n[003d:00:01.1] : NPU Phoenix\n-----------------------------\nAIE Partitions\n  No hardware contexts running on device\n\n"
IDENTITY {"annotations_sha256": "e8c7f7908f1d7278341fae127d0da654f102f11bd7b21d8aeefa635b8c810b6f", "backend": "cpu", "container_sha256": null, "family": "modnet_cut", "full_set": true, "model_sha256": "02e0b993a6aa52244eea912445ccaf827fe785b11d8c6d2a3683e7a25a053ab4", "numpy": "1.26.4", "ort": "1.23.3.dev20260320", "scored_classes": [1], "scored_model": "scratch\\modnet_cut_bf16.onnx", "scored_model_sha256": "dd3203d4f05934553a57910fa2ad8092d8707b32daf73ead8e8b783d922ce3f3", "task": "matte", "threshold": 0.5}
NPU_TIMELINE "\n-----------------------------\n[003d:00:01.1] : NPU Phoenix\n-----------------------------\nAIE Partitions\n  No hardware contexts running on device\n\n"
NPU_OWNERSHIP {"context_pids": [], "owned_pids": [26612, 64100], "foreign_pids": []}
HOST_TIMELINE {"elapsed_seconds": 4.219, "tree_rss_bytes": 421191680, "foreign_peers": []}
NPU_TIMELINE "\n-----------------------------\n[003d:00:01.1] : NPU Phoenix\n-----------------------------\nAIE Partitions\n  No hardware contexts running on device\n\n"
NPU_OWNERSHIP {"context_pids": [], "owned_pids": [26612, 64100], "foreign_pids": []}
HOST_TIMELINE {"elapsed_seconds": 8.172, "tree_rss_bytes": 420827136, "foreign_peers": []}
HOST_TIMELINE {"elapsed_seconds": 12.25, "tree_rss_bytes": 422670336, "foreign_peers": []}
NPU_TIMELINE "\n-----------------------------\n[003d:00:01.1] : NPU Phoenix\n-----------------------------\nAIE Partitions\n  No hardware contexts running on device\n\n"
NPU_OWNERSHIP {"context_pids": [], "owned_pids": [26612, 64100], "foreign_pids": []}
HOST_TIMELINE {"elapsed_seconds": 16.266, "tree_rss_bytes": 426315776, "foreign_peers": []}
NPU_TIMELINE "\n-----------------------------\n[003d:00:01.1] : NPU Phoenix\n-----------------------------\nAIE Partitions\n  No hardware contexts running on device\n\n"
NPU_OWNERSHIP {"context_pids": [], "owned_pids": [26612, 64100], "foreign_pids": []}
HOST_TIMELINE {"elapsed_seconds": 20.375, "tree_rss_bytes": 427757568, "foreign_peers": []}
NPU_TIMELINE "\n-----------------------------\n[003d:00:01.1] : NPU Phoenix\n-----------------------------\nAIE Partitions\n  No hardware contexts running on device\n\n"
NPU_OWNERSHIP {"context_pids": [], "owned_pids": [26612, 64100], "foreign_pids": []}
HOST_TIMELINE {"elapsed_seconds": 24.61, "tree_rss_bytes": 426004480, "foreign_peers": []}
NPU_TIMELINE "\n-----------------------------\n[003d:00:01.1] : NPU Phoenix\n-----------------------------\nAIE Partitions\n  No hardware contexts running on device\n\n"
NPU_OWNERSHIP {"context_pids": [], "owned_pids": [26612, 64100], "foreign_pids": []}
HOST_TIMELINE {"elapsed_seconds": 28.86, "tree_rss_bytes": 426397696, "foreign_peers": []}
HOST_TIMELINE {"elapsed_seconds": 33.016, "tree_rss_bytes": 427577344, "foreign_peers": []}
NPU_TIMELINE "\n-----------------------------\n[003d:00:01.1] : NPU Phoenix\n-----------------------------\nAIE Partitions\n  No hardware contexts running on device\n\n"
NPU_OWNERSHIP {"context_pids": [], "owned_pids": [26612, 64100], "foreign_pids": []}
HOST_TIMELINE {"elapsed_seconds": 37.172, "tree_rss_bytes": 425963520, "foreign_peers": []}
NPU_TIMELINE "\n-----------------------------\n[003d:00:01.1] : NPU Phoenix\n-----------------------------\nAIE Partitions\n  No hardware contexts running on device\n\n"
NPU_OWNERSHIP {"context_pids": [], "owned_pids": [26612, 64100], "foreign_pids": []}
HOST_TIMELINE {"elapsed_seconds": 41.094, "tree_rss_bytes": 427352064, "foreign_peers": []}
HOST_TIMELINE {"elapsed_seconds": 45.36, "tree_rss_bytes": 429461504, "foreign_peers": []}
NPU_TIMELINE "\n-----------------------------\n[003d:00:01.1] : NPU Phoenix\n-----------------------------\nAIE Partitions\n  No hardware contexts running on device\n\n"
NPU_OWNERSHIP {"context_pids": [], "owned_pids": [26612, 64100], "foreign_pids": []}
HOST_TIMELINE {"elapsed_seconds": 49.5, "tree_rss_bytes": 429551616, "foreign_peers": []}
NPU_TIMELINE "\n-----------------------------\n[003d:00:01.1] : NPU Phoenix\n-----------------------------\nAIE Partitions\n  No hardware contexts running on device\n\n"
NPU_OWNERSHIP {"context_pids": [], "owned_pids": [26612, 64100], "foreign_pids": []}
HOST_TIMELINE {"elapsed_seconds": 53.75, "tree_rss_bytes": 429690880, "foreign_peers": []}
NPU_TIMELINE "\n-----------------------------\n[003d:00:01.1] : NPU Phoenix\n-----------------------------\nAIE Partitions\n  No hardware contexts running on device\n\n"
NPU_OWNERSHIP {"context_pids": [], "owned_pids": [26612, 64100], "foreign_pids": []}
HOST_TIMELINE {"elapsed_seconds": 57.844, "tree_rss_bytes": 431714304, "foreign_peers": []}
PROGRESS {"running_miou": 0.5703339515722267, "scored": 250, "seconds": 58.7, "skipped": 197}
NPU_TIMELINE "\n-----------------------------\n[003d:00:01.1] : NPU Phoenix\n-----------------------------\nAIE Partitions\n  No hardware contexts running on device\n\n"
NPU_OWNERSHIP {"context_pids": [], "owned_pids": [26612, 64100], "foreign_pids": []}
HOST_TIMELINE {"elapsed_seconds": 62.157, "tree_rss_bytes": 430542848, "foreign_peers": []}
HOST_TIMELINE {"elapsed_seconds": 66.172, "tree_rss_bytes": 432533504, "foreign_peers": []}
NPU_TIMELINE "\n-----------------------------\n[003d:00:01.1] : NPU Phoenix\n-----------------------------\nAIE Partitions\n  No hardware contexts running on device\n\n"
NPU_OWNERSHIP {"context_pids": [], "owned_pids": [26612, 64100], "foreign_pids": []}
HOST_TIMELINE {"elapsed_seconds": 70.204, "tree_rss_bytes": 432537600, "foreign_peers": []}
NPU_TIMELINE "\n-----------------------------\n[003d:00:01.1] : NPU Phoenix\n-----------------------------\nAIE Partitions\n  No hardware contexts running on device\n\n"
NPU_OWNERSHIP {"context_pids": [], "owned_pids": [26612, 64100], "foreign_pids": []}
HOST_TIMELINE {"elapsed_seconds": 74.25, "tree_rss_bytes": 428990464, "foreign_peers": []}
HOST_TIMELINE {"elapsed_seconds": 78.235, "tree_rss_bytes": 432779264, "foreign_peers": []}
NPU_TIMELINE "\n-----------------------------\n[003d:00:01.1] : NPU Phoenix\n-----------------------------\nAIE Partitions\n  No hardware contexts running on device\n\n"
NPU_OWNERSHIP {"context_pids": [], "owned_pids": [26612, 64100], "foreign_pids": []}
HOST_TIMELINE {"elapsed_seconds": 82.219, "tree_rss_bytes": 433881088, "foreign_peers": []}
NPU_TIMELINE "\n-----------------------------\n[003d:00:01.1] : NPU Phoenix\n-----------------------------\nAIE Partitions\n  No hardware contexts running on device\n\n"
NPU_OWNERSHIP {"context_pids": [], "owned_pids": [26612, 64100], "foreign_pids": []}
HOST_TIMELINE {"elapsed_seconds": 86.282, "tree_rss_bytes": 432685056, "foreign_peers": []}
HOST_TIMELINE {"elapsed_seconds": 90.282, "tree_rss_bytes": 432758784, "foreign_peers": []}
NPU_TIMELINE "\n-----------------------------\n[003d:00:01.1] : NPU Phoenix\n-----------------------------\nAIE Partitions\n  No hardware contexts running on device\n\n"
NPU_OWNERSHIP {"context_pids": [], "owned_pids": [26612, 64100], "foreign_pids": []}
HOST_TIMELINE {"elapsed_seconds": 94.266, "tree_rss_bytes": 429363200, "foreign_peers": []}
NPU_TIMELINE "\n-----------------------------\n[003d:00:01.1] : NPU Phoenix\n-----------------------------\nAIE Partitions\n  No hardware contexts running on device\n\n"
NPU_OWNERSHIP {"context_pids": [], "owned_pids": [26612, 64100], "foreign_pids": []}
HOST_TIMELINE {"elapsed_seconds": 98.172, "tree_rss_bytes": 429187072, "foreign_peers": []}
HOST_TIMELINE {"elapsed_seconds": 102.25, "tree_rss_bytes": 430989312, "foreign_peers": []}
NPU_TIMELINE "\n-----------------------------\n[003d:00:01.1] : NPU Phoenix\n-----------------------------\nAIE Partitions\n  No hardware contexts running on device\n\n"
NPU_OWNERSHIP {"context_pids": [], "owned_pids": [26612, 64100], "foreign_pids": []}
HOST_TIMELINE {"elapsed_seconds": 106.25, "tree_rss_bytes": 431570944, "foreign_peers": []}
NPU_TIMELINE "\n-----------------------------\n[003d:00:01.1] : NPU Phoenix\n-----------------------------\nAIE Partitions\n  No hardware contexts running on device\n\n"
NPU_OWNERSHIP {"context_pids": [], "owned_pids": [26612, 64100], "foreign_pids": []}
HOST_TIMELINE {"elapsed_seconds": 110.282, "tree_rss_bytes": 432541696, "foreign_peers": []}
HOST_TIMELINE {"elapsed_seconds": 114.282, "tree_rss_bytes": 431677440, "foreign_peers": []}
NPU_TIMELINE "\n-----------------------------\n[003d:00:01.1] : NPU Phoenix\n-----------------------------\nAIE Partitions\n  No hardware contexts running on device\n\n"
NPU_OWNERSHIP {"context_pids": [], "owned_pids": [26612, 64100], "foreign_pids": []}
PROGRESS {"running_miou": 0.5419512386441901, "scored": 500, "seconds": 116.9, "skipped": 410}
HOST_TIMELINE {"elapsed_seconds": 118.204, "tree_rss_bytes": 431505408, "foreign_peers": []}
NPU_TIMELINE "\n-----------------------------\n[003d:00:01.1] : NPU Phoenix\n-----------------------------\nAIE Partitions\n  No hardware contexts running on device\n\n"
NPU_OWNERSHIP {"context_pids": [], "owned_pids": [26612, 64100], "foreign_pids": []}
HOST_TIMELINE {"elapsed_seconds": 122.141, "tree_rss_bytes": 432873472, "foreign_peers": []}
HOST_TIMELINE {"elapsed_seconds": 126.157, "tree_rss_bytes": 432812032, "foreign_peers": []}
NPU_TIMELINE "\n-----------------------------\n[003d:00:01.1] : NPU Phoenix\n-----------------------------\nAIE Partitions\n  No hardware contexts running on device\n\n"
NPU_OWNERSHIP {"context_pids": [], "owned_pids": [26612, 64100], "foreign_pids": []}
HOST_TIMELINE {"elapsed_seconds": 130.125, "tree_rss_bytes": 433868800, "foreign_peers": []}
NPU_TIMELINE "\n-----------------------------\n[003d:00:01.1] : NPU Phoenix\n-----------------------------\nAIE Partitions\n  No hardware contexts running on device\n\n"
NPU_OWNERSHIP {"context_pids": [], "owned_pids": [26612, 64100], "foreign_pids": []}
HOST_TIMELINE {"elapsed_seconds": 134.141, "tree_rss_bytes": 433782784, "foreign_peers": []}
HOST_TIMELINE {"elapsed_seconds": 138.282, "tree_rss_bytes": 432332800, "foreign_peers": []}
NPU_TIMELINE "\n-----------------------------\n[003d:00:01.1] : NPU Phoenix\n-----------------------------\nAIE Partitions\n  No hardware contexts running on device\n\n"
NPU_OWNERSHIP {"context_pids": [], "owned_pids": [26612, 64100], "foreign_pids": []}
HOST_TIMELINE {"elapsed_seconds": 142.235, "tree_rss_bytes": 432963584, "foreign_peers": []}
NPU_TIMELINE "\n-----------------------------\n[003d:00:01.1] : NPU Phoenix\n-----------------------------\nAIE Partitions\n  No hardware contexts running on device\n\n"
NPU_OWNERSHIP {"context_pids": [], "owned_pids": [26612, 64100], "foreign_pids": []}
HOST_TIMELINE {"elapsed_seconds": 146.172, "tree_rss_bytes": 433991680, "foreign_peers": []}
NPU_TIMELINE "\n-----------------------------\n[003d:00:01.1] : NPU Phoenix\n-----------------------------\nAIE Partitions\n  No hardware contexts running on device\n\n"
NPU_OWNERSHIP {"context_pids": [], "owned_pids": [26612, 64100], "foreign_pids": []}
HOST_TIMELINE {"elapsed_seconds": 150.094, "tree_rss_bytes": 433012736, "foreign_peers": []}
HOST_TIMELINE {"elapsed_seconds": 154.125, "tree_rss_bytes": 432812032, "foreign_peers": []}
NPU_TIMELINE "\n-----------------------------\n[003d:00:01.1] : NPU Phoenix\n-----------------------------\nAIE Partitions\n  No hardware contexts running on device\n\n"
NPU_OWNERSHIP {"context_pids": [], "owned_pids": [26612, 64100], "foreign_pids": []}
HOST_TIMELINE {"elapsed_seconds": 158.047, "tree_rss_bytes": 432553984, "foreign_peers": []}
NPU_TIMELINE "\n-----------------------------\n[003d:00:01.1] : NPU Phoenix\n-----------------------------\nAIE Partitions\n  No hardware contexts running on device\n\n"
NPU_OWNERSHIP {"context_pids": [], "owned_pids": [26612, 64100], "foreign_pids": []}
HOST_TIMELINE {"elapsed_seconds": 161.969, "tree_rss_bytes": 431812608, "foreign_peers": []}
HOST_TIMELINE {"elapsed_seconds": 165.829, "tree_rss_bytes": 433270784, "foreign_peers": []}
NPU_TIMELINE "\n-----------------------------\n[003d:00:01.1] : NPU Phoenix\n-----------------------------\nAIE Partitions\n  No hardware contexts running on device\n\n"
NPU_OWNERSHIP {"context_pids": [], "owned_pids": [26612, 64100], "foreign_pids": []}
HOST_TIMELINE {"elapsed_seconds": 169.75, "tree_rss_bytes": 433221632, "foreign_peers": []}
NPU_TIMELINE "\n-----------------------------\n[003d:00:01.1] : NPU Phoenix\n-----------------------------\nAIE Partitions\n  No hardware contexts running on device\n\n"
NPU_OWNERSHIP {"context_pids": [], "owned_pids": [26612, 64100], "foreign_pids": []}
HOST_TIMELINE {"elapsed_seconds": 173.969, "tree_rss_bytes": 434995200, "foreign_peers": []}
PROGRESS {"running_miou": 0.5124862913127912, "scored": 750, "seconds": 174.1, "skipped": 623}
HOST_TIMELINE {"elapsed_seconds": 177.985, "tree_rss_bytes": 433287168, "foreign_peers": []}
NPU_TIMELINE "\n-----------------------------\n[003d:00:01.1] : NPU Phoenix\n-----------------------------\nAIE Partitions\n  No hardware contexts running on device\n\n"
NPU_OWNERSHIP {"context_pids": [], "owned_pids": [26612, 64100], "foreign_pids": []}
HOST_TIMELINE {"elapsed_seconds": 182.032, "tree_rss_bytes": 434257920, "foreign_peers": []}
NPU_TIMELINE "\n-----------------------------\n[003d:00:01.1] : NPU Phoenix\n-----------------------------\nAIE Partitions\n  No hardware contexts running on device\n\n"
NPU_OWNERSHIP {"context_pids": [], "owned_pids": [26612, 64100], "foreign_pids": []}
HOST_TIMELINE {"elapsed_seconds": 186.047, "tree_rss_bytes": 434626560, "foreign_peers": []}
NPU_TIMELINE "\n-----------------------------\n[003d:00:01.1] : NPU Phoenix\n-----------------------------\nAIE Partitions\n  No hardware contexts running on device\n\n"
NPU_OWNERSHIP {"context_pids": [], "owned_pids": [26612, 64100], "foreign_pids": []}
HOST_TIMELINE {"elapsed_seconds": 189.985, "tree_rss_bytes": 435515392, "foreign_peers": []}
HOST_TIMELINE {"elapsed_seconds": 193.907, "tree_rss_bytes": 435240960, "foreign_peers": []}
NPU_TIMELINE "\n-----------------------------\n[003d:00:01.1] : NPU Phoenix\n-----------------------------\nAIE Partitions\n  No hardware contexts running on device\n\n"
NPU_OWNERSHIP {"context_pids": [], "owned_pids": [26612, 64100], "foreign_pids": []}
HOST_TIMELINE {"elapsed_seconds": 197.938, "tree_rss_bytes": 435486720, "foreign_peers": []}
NPU_TIMELINE "\n-----------------------------\n[003d:00:01.1] : NPU Phoenix\n-----------------------------\nAIE Partitions\n  No hardware contexts running on device\n\n"
NPU_OWNERSHIP {"context_pids": [], "owned_pids": [26612, 64100], "foreign_pids": []}
HOST_TIMELINE {"elapsed_seconds": 202.204, "tree_rss_bytes": 431755264, "foreign_peers": []}
NPU_TIMELINE "\n-----------------------------\n[003d:00:01.1] : NPU Phoenix\n-----------------------------\nAIE Partitions\n  No hardware contexts running on device\n\n"
NPU_OWNERSHIP {"context_pids": [], "owned_pids": [26612, 64100], "foreign_pids": []}
HOST_TIMELINE {"elapsed_seconds": 206.454, "tree_rss_bytes": 434839552, "foreign_peers": []}
HOST_TIMELINE {"elapsed_seconds": 210.438, "tree_rss_bytes": 435593216, "foreign_peers": []}
NPU_TIMELINE "\n-----------------------------\n[003d:00:01.1] : NPU Phoenix\n-----------------------------\nAIE Partitions\n  No hardware contexts running on device\n\n"
NPU_OWNERSHIP {"context_pids": [], "owned_pids": [26612, 64100], "foreign_pids": []}
HOST_TIMELINE {"elapsed_seconds": 214.422, "tree_rss_bytes": 433446912, "foreign_peers": []}
NPU_TIMELINE "\n-----------------------------\n[003d:00:01.1] : NPU Phoenix\n-----------------------------\nAIE Partitions\n  No hardware contexts running on device\n\n"
NPU_OWNERSHIP {"context_pids": [], "owned_pids": [26612, 64100], "foreign_pids": []}
HOST_TIMELINE {"elapsed_seconds": 218.407, "tree_rss_bytes": 434954240, "foreign_peers": []}
HOST_TIMELINE {"elapsed_seconds": 222.422, "tree_rss_bytes": 434348032, "foreign_peers": []}
NPU_TIMELINE "\n-----------------------------\n[003d:00:01.1] : NPU Phoenix\n-----------------------------\nAIE Partitions\n  No hardware contexts running on device\n\n"
NPU_OWNERSHIP {"context_pids": [], "owned_pids": [26612, 64100], "foreign_pids": []}
HOST_TIMELINE {"elapsed_seconds": 226.547, "tree_rss_bytes": 433393664, "foreign_peers": []}
NPU_TIMELINE "\n-----------------------------\n[003d:00:01.1] : NPU Phoenix\n-----------------------------\nAIE Partitions\n  No hardware contexts running on device\n\n"
NPU_OWNERSHIP {"context_pids": [], "owned_pids": [26612, 64100], "foreign_pids": []}
HOST_TIMELINE {"elapsed_seconds": 230.547, "tree_rss_bytes": 434679808, "foreign_peers": []}
PROGRESS {"running_miou": 0.512200690424249, "scored": 1000, "seconds": 232.1, "skipped": 845}
HOST_TIMELINE {"elapsed_seconds": 234.422, "tree_rss_bytes": 434556928, "foreign_peers": []}
NPU_TIMELINE "\n-----------------------------\n[003d:00:01.1] : NPU Phoenix\n-----------------------------\nAIE Partitions\n  No hardware contexts running on device\n\n"
NPU_OWNERSHIP {"context_pids": [], "owned_pids": [26612, 64100], "foreign_pids": []}
HOST_TIMELINE {"elapsed_seconds": 238.407, "tree_rss_bytes": 435613696, "foreign_peers": []}
NPU_TIMELINE "\n-----------------------------\n[003d:00:01.1] : NPU Phoenix\n-----------------------------\nAIE Partitions\n  No hardware contexts running on device\n\n"
NPU_OWNERSHIP {"context_pids": [], "owned_pids": [26612, 64100], "foreign_pids": []}
HOST_TIMELINE {"elapsed_seconds": 242.344, "tree_rss_bytes": 434167808, "foreign_peers": []}
HOST_TIMELINE {"elapsed_seconds": 246.235, "tree_rss_bytes": 435593216, "foreign_peers": []}
NPU_TIMELINE "\n-----------------------------\n[003d:00:01.1] : NPU Phoenix\n-----------------------------\nAIE Partitions\n  No hardware contexts running on device\n\n"
NPU_OWNERSHIP {"context_pids": [], "owned_pids": [26612, 64100], "foreign_pids": []}
HOST_TIMELINE {"elapsed_seconds": 250.282, "tree_rss_bytes": 434589696, "foreign_peers": []}
NPU_TIMELINE "\n-----------------------------\n[003d:00:01.1] : NPU Phoenix\n-----------------------------\nAIE Partitions\n  No hardware contexts running on device\n\n"
NPU_OWNERSHIP {"context_pids": [], "owned_pids": [26612, 64100], "foreign_pids": []}
HOST_TIMELINE {"elapsed_seconds": 254.282, "tree_rss_bytes": 436277248, "foreign_peers": []}
HOST_TIMELINE {"elapsed_seconds": 258.235, "tree_rss_bytes": 439967744, "foreign_peers": []}
NPU_TIMELINE "\n-----------------------------\n[003d:00:01.1] : NPU Phoenix\n-----------------------------\nAIE Partitions\n  No hardware contexts running on device\n\n"
NPU_OWNERSHIP {"context_pids": [], "owned_pids": [26612, 64100], "foreign_pids": []}
HOST_TIMELINE {"elapsed_seconds": 262.219, "tree_rss_bytes": 435601408, "foreign_peers": []}
NPU_TIMELINE "\n-----------------------------\n[003d:00:01.1] : NPU Phoenix\n-----------------------------\nAIE Partitions\n  No hardware contexts running on device\n\n"
NPU_OWNERSHIP {"context_pids": [], "owned_pids": [26612, 64100], "foreign_pids": []}
HOST_TIMELINE {"elapsed_seconds": 266.219, "tree_rss_bytes": 435605504, "foreign_peers": []}
HOST_TIMELINE {"elapsed_seconds": 270.125, "tree_rss_bytes": 435748864, "foreign_peers": []}
NPU_TIMELINE "\n-----------------------------\n[003d:00:01.1] : NPU Phoenix\n-----------------------------\nAIE Partitions\n  No hardware contexts running on device\n\n"
NPU_OWNERSHIP {"context_pids": [], "owned_pids": [26612, 64100], "foreign_pids": []}
HOST_TIMELINE {"elapsed_seconds": 274.141, "tree_rss_bytes": 435752960, "foreign_peers": []}
NPU_TIMELINE "\n-----------------------------\n[003d:00:01.1] : NPU Phoenix\n-----------------------------\nAIE Partitions\n  No hardware contexts running on device\n\n"
NPU_OWNERSHIP {"context_pids": [], "owned_pids": [26612, 64100], "foreign_pids": []}
HOST_TIMELINE {"elapsed_seconds": 278.125, "tree_rss_bytes": 434524160, "foreign_peers": []}
NPU_TIMELINE "\n-----------------------------\n[003d:00:01.1] : NPU Phoenix\n-----------------------------\nAIE Partitions\n  No hardware contexts running on device\n\n"
NPU_OWNERSHIP {"context_pids": [], "owned_pids": [26612, 64100], "foreign_pids": []}
HOST_TIMELINE {"elapsed_seconds": 282.579, "tree_rss_bytes": 435998720, "foreign_peers": []}
HOST_TIMELINE {"elapsed_seconds": 286.672, "tree_rss_bytes": 434675712, "foreign_peers": []}
NPU_TIMELINE "\n-----------------------------\n[003d:00:01.1] : NPU Phoenix\n-----------------------------\nAIE Partitions\n  No hardware contexts running on device\n\n"
NPU_OWNERSHIP {"context_pids": [], "owned_pids": [26612, 64100], "foreign_pids": []}
PROGRESS {"running_miou": 0.50539698946779, "scored": 1250, "seconds": 289.4, "skipped": 1090}
HOST_TIMELINE {"elapsed_seconds": 291.094, "tree_rss_bytes": 434675712, "foreign_peers": []}
NPU_TIMELINE "\n-----------------------------\n[003d:00:01.1] : NPU Phoenix\n-----------------------------\nAIE Partitions\n  No hardware contexts running on device\n\n"
NPU_OWNERSHIP {"context_pids": [], "owned_pids": [26612, 64100], "foreign_pids": []}
HOST_TIMELINE {"elapsed_seconds": 295.297, "tree_rss_bytes": 436850688, "foreign_peers": []}
HOST_TIMELINE {"elapsed_seconds": 299.329, "tree_rss_bytes": 436572160, "foreign_peers": []}
NPU_TIMELINE "\n-----------------------------\n[003d:00:01.1] : NPU Phoenix\n-----------------------------\nAIE Partitions\n  No hardware contexts running on device\n\n"
NPU_OWNERSHIP {"context_pids": [], "owned_pids": [26612, 64100], "foreign_pids": []}
HOST_TIMELINE {"elapsed_seconds": 303.532, "tree_rss_bytes": 434958336, "foreign_peers": []}
NPU_TIMELINE "\n-----------------------------\n[003d:00:01.1] : NPU Phoenix\n-----------------------------\nAIE Partitions\n  No hardware contexts running on device\n\n"
NPU_OWNERSHIP {"context_pids": [], "owned_pids": [26612, 64100], "foreign_pids": []}
HOST_TIMELINE {"elapsed_seconds": 308.063, "tree_rss_bytes": 434429952, "foreign_peers": []}
NPU_TIMELINE "\n-----------------------------\n[003d:00:01.1] : NPU Phoenix\n-----------------------------\nAIE Partitions\n  No hardware contexts running on device\n\n"
NPU_OWNERSHIP {"context_pids": [], "owned_pids": [26612, 64100], "foreign_pids": []}
HOST_TIMELINE {"elapsed_seconds": 312.422, "tree_rss_bytes": 435761152, "foreign_peers": []}
NPU_TIMELINE "\n-----------------------------\n[003d:00:01.1] : NPU Phoenix\n-----------------------------\nAIE Partitions\n  No hardware contexts running on device\n\n"
NPU_OWNERSHIP {"context_pids": [], "owned_pids": [26612, 64100], "foreign_pids": []}
HOST_TIMELINE {"elapsed_seconds": 316.532, "tree_rss_bytes": 434712576, "foreign_peers": []}
HOST_TIMELINE {"elapsed_seconds": 320.766, "tree_rss_bytes": 435924992, "foreign_peers": []}
NPU_TIMELINE "\n-----------------------------\n[003d:00:01.1] : NPU Phoenix\n-----------------------------\nAIE Partitions\n  No hardware contexts running on device\n\n"
NPU_OWNERSHIP {"context_pids": [], "owned_pids": [26612, 64100], "foreign_pids": []}
HOST_TIMELINE {"elapsed_seconds": 324.86, "tree_rss_bytes": 433709056, "foreign_peers": []}
NPU_TIMELINE "\n-----------------------------\n[003d:00:01.1] : NPU Phoenix\n-----------------------------\nAIE Partitions\n  No hardware contexts running on device\n\n"
NPU_OWNERSHIP {"context_pids": [], "owned_pids": [26612, 64100], "foreign_pids": []}
HOST_TIMELINE {"elapsed_seconds": 328.907, "tree_rss_bytes": 435736576, "foreign_peers": []}
HOST_TIMELINE {"elapsed_seconds": 332.922, "tree_rss_bytes": 436662272, "foreign_peers": []}
NPU_TIMELINE "\n-----------------------------\n[003d:00:01.1] : NPU Phoenix\n-----------------------------\nAIE Partitions\n  No hardware contexts running on device\n\n"
NPU_OWNERSHIP {"context_pids": [], "owned_pids": [26612, 64100], "foreign_pids": []}
HOST_TIMELINE {"elapsed_seconds": 336.954, "tree_rss_bytes": 434679808, "foreign_peers": []}
NPU_TIMELINE "\n-----------------------------\n[003d:00:01.1] : NPU Phoenix\n-----------------------------\nAIE Partitions\n  No hardware contexts running on device\n\n"
NPU_OWNERSHIP {"context_pids": [], "owned_pids": [26612, 64100], "foreign_pids": []}
HOST_TIMELINE {"elapsed_seconds": 340.907, "tree_rss_bytes": 436936704, "foreign_peers": []}
HOST_TIMELINE {"elapsed_seconds": 344.954, "tree_rss_bytes": 436543488, "foreign_peers": []}
NPU_TIMELINE "\n-----------------------------\n[003d:00:01.1] : NPU Phoenix\n-----------------------------\nAIE Partitions\n  No hardware contexts running on device\n\n"
NPU_OWNERSHIP {"context_pids": [], "owned_pids": [26612, 64100], "foreign_pids": []}
PROGRESS {"running_miou": 0.5021514652954775, "scored": 1500, "seconds": 348.2, "skipped": 1303}
HOST_TIMELINE {"elapsed_seconds": 349.0, "tree_rss_bytes": 436670464, "foreign_peers": []}
NPU_TIMELINE "\n-----------------------------\n[003d:00:01.1] : NPU Phoenix\n-----------------------------\nAIE Partitions\n  No hardware contexts running on device\n\n"
NPU_OWNERSHIP {"context_pids": [], "owned_pids": [26612, 64100], "foreign_pids": []}
HOST_TIMELINE {"elapsed_seconds": 353.047, "tree_rss_bytes": 437923840, "foreign_peers": []}
HOST_TIMELINE {"elapsed_seconds": 357.094, "tree_rss_bytes": 436715520, "foreign_peers": []}
NPU_TIMELINE "\n-----------------------------\n[003d:00:01.1] : NPU Phoenix\n-----------------------------\nAIE Partitions\n  No hardware contexts running on device\n\n"
NPU_OWNERSHIP {"context_pids": [], "owned_pids": [26612, 64100], "foreign_pids": []}
HOST_TIMELINE {"elapsed_seconds": 360.922, "tree_rss_bytes": 437907456, "foreign_peers": []}
NPU_TIMELINE "\n-----------------------------\n[003d:00:01.1] : NPU Phoenix\n-----------------------------\nAIE Partitions\n  No hardware contexts running on device\n\n"
NPU_OWNERSHIP {"context_pids": [], "owned_pids": [26612, 64100], "foreign_pids": []}
HOST_TIMELINE {"elapsed_seconds": 364.766, "tree_rss_bytes": 436338688, "foreign_peers": []}
HOST_TIMELINE {"elapsed_seconds": 368.641, "tree_rss_bytes": 437555200, "foreign_peers": []}
NPU_TIMELINE "\n-----------------------------\n[003d:00:01.1] : NPU Phoenix\n-----------------------------\nAIE Partitions\n  No hardware contexts running on device\n\n"
NPU_OWNERSHIP {"context_pids": [], "owned_pids": [26612, 64100], "foreign_pids": []}
HOST_TIMELINE {"elapsed_seconds": 372.469, "tree_rss_bytes": 432582656, "foreign_peers": []}
NPU_TIMELINE "\n-----------------------------\n[003d:00:01.1] : NPU Phoenix\n-----------------------------\nAIE Partitions\n  No hardware contexts running on device\n\n"
NPU_OWNERSHIP {"context_pids": [], "owned_pids": [26612, 64100], "foreign_pids": []}
HOST_TIMELINE {"elapsed_seconds": 376.297, "tree_rss_bytes": 435417088, "foreign_peers": []}
HOST_TIMELINE {"elapsed_seconds": 380.079, "tree_rss_bytes": 438599680, "foreign_peers": []}
NPU_TIMELINE "\n-----------------------------\n[003d:00:01.1] : NPU Phoenix\n-----------------------------\nAIE Partitions\n  No hardware contexts running on device\n\n"
NPU_OWNERSHIP {"context_pids": [], "owned_pids": [26612, 64100], "foreign_pids": []}
HOST_TIMELINE {"elapsed_seconds": 383.985, "tree_rss_bytes": 437547008, "foreign_peers": []}
NPU_TIMELINE "\n-----------------------------\n[003d:00:01.1] : NPU Phoenix\n-----------------------------\nAIE Partitions\n  No hardware contexts running on device\n\n"
NPU_OWNERSHIP {"context_pids": [], "owned_pids": [26612, 64100], "foreign_pids": []}
HOST_TIMELINE {"elapsed_seconds": 387.875, "tree_rss_bytes": 438775808, "foreign_peers": []}
HOST_TIMELINE {"elapsed_seconds": 392.11, "tree_rss_bytes": 437735424, "foreign_peers": []}
NPU_TIMELINE "\n-----------------------------\n[003d:00:01.1] : NPU Phoenix\n-----------------------------\nAIE Partitions\n  No hardware contexts running on device\n\n"
NPU_OWNERSHIP {"context_pids": [], "owned_pids": [26612, 64100], "foreign_pids": []}
HOST_TIMELINE {"elapsed_seconds": 396.094, "tree_rss_bytes": 436674560, "foreign_peers": []}
NPU_TIMELINE "\n-----------------------------\n[003d:00:01.1] : NPU Phoenix\n-----------------------------\nAIE Partitions\n  No hardware contexts running on device\n\n"
NPU_OWNERSHIP {"context_pids": [], "owned_pids": [26612, 64100], "foreign_pids": []}
HOST_TIMELINE {"elapsed_seconds": 399.985, "tree_rss_bytes": 438792192, "foreign_peers": []}
NPU_TIMELINE "\n-----------------------------\n[003d:00:01.1] : NPU Phoenix\n-----------------------------\nAIE Partitions\n  No hardware contexts running on device\n\n"
NPU_OWNERSHIP {"context_pids": [], "owned_pids": [26612, 64100], "foreign_pids": []}
HOST_TIMELINE {"elapsed_seconds": 404.016, "tree_rss_bytes": 435712000, "foreign_peers": []}
PROGRESS {"running_miou": 0.49890056357016793, "scored": 1750, "seconds": 403.6, "skipped": 1510}
HOST_TIMELINE {"elapsed_seconds": 407.891, "tree_rss_bytes": 437821440, "foreign_peers": []}
NPU_TIMELINE "\n-----------------------------\n[003d:00:01.1] : NPU Phoenix\n-----------------------------\nAIE Partitions\n  No hardware contexts running on device\n\n"
NPU_OWNERSHIP {"context_pids": [], "owned_pids": [26612, 64100], "foreign_pids": []}
HOST_TIMELINE {"elapsed_seconds": 412.25, "tree_rss_bytes": 439103488, "foreign_peers": []}
NPU_TIMELINE "\n-----------------------------\n[003d:00:01.1] : NPU Phoenix\n-----------------------------\nAIE Partitions\n  No hardware contexts running on device\n\n"
NPU_OWNERSHIP {"context_pids": [], "owned_pids": [26612, 64100], "foreign_pids": []}
HOST_TIMELINE {"elapsed_seconds": 416.485, "tree_rss_bytes": 436744192, "foreign_peers": []}
NPU_TIMELINE "\n-----------------------------\n[003d:00:01.1] : NPU Phoenix\n-----------------------------\nAIE Partitions\n  No hardware contexts running on device\n\n"
NPU_OWNERSHIP {"context_pids": [], "owned_pids": [26612, 64100], "foreign_pids": []}
HOST_TIMELINE {"elapsed_seconds": 420.75, "tree_rss_bytes": 437895168, "foreign_peers": []}
HOST_TIMELINE {"elapsed_seconds": 424.907, "tree_rss_bytes": 437841920, "foreign_peers": []}
NPU_TIMELINE "\n-----------------------------\n[003d:00:01.1] : NPU Phoenix\n-----------------------------\nAIE Partitions\n  No hardware contexts running on device\n\n"
NPU_OWNERSHIP {"context_pids": [], "owned_pids": [26612, 64100], "foreign_pids": []}
HOST_TIMELINE {"elapsed_seconds": 429.079, "tree_rss_bytes": 436080640, "foreign_peers": []}
NPU_TIMELINE "\n-----------------------------\n[003d:00:01.1] : NPU Phoenix\n-----------------------------\nAIE Partitions\n  No hardware contexts running on device\n\n"
NPU_OWNERSHIP {"context_pids": [], "owned_pids": [26612, 64100], "foreign_pids": []}
HOST_TIMELINE {"elapsed_seconds": 433.047, "tree_rss_bytes": 436703232, "foreign_peers": []}
HOST_TIMELINE {"elapsed_seconds": 437.11, "tree_rss_bytes": 438005760, "foreign_peers": []}
NPU_TIMELINE "\n-----------------------------\n[003d:00:01.1] : NPU Phoenix\n-----------------------------\nAIE Partitions\n  No hardware contexts running on device\n\n"
NPU_OWNERSHIP {"context_pids": [], "owned_pids": [26612, 64100], "foreign_pids": []}
HOST_TIMELINE {"elapsed_seconds": 441.079, "tree_rss_bytes": 439017472, "foreign_peers": []}
NPU_TIMELINE "\n-----------------------------\n[003d:00:01.1] : NPU Phoenix\n-----------------------------\nAIE Partitions\n  No hardware contexts running on device\n\n"
NPU_OWNERSHIP {"context_pids": [], "owned_pids": [26612, 64100], "foreign_pids": []}
HOST_TIMELINE {"elapsed_seconds": 445.079, "tree_rss_bytes": 439095296, "foreign_peers": []}
HOST_TIMELINE {"elapsed_seconds": 448.969, "tree_rss_bytes": 438972416, "foreign_peers": []}
NPU_TIMELINE "\n-----------------------------\n[003d:00:01.1] : NPU Phoenix\n-----------------------------\nAIE Partitions\n  No hardware contexts running on device\n\n"
NPU_OWNERSHIP {"context_pids": [], "owned_pids": [26612, 64100], "foreign_pids": []}
HOST_TIMELINE {"elapsed_seconds": 452.75, "tree_rss_bytes": 433623040, "foreign_peers": []}
NPU_TIMELINE "\n-----------------------------\n[003d:00:01.1] : NPU Phoenix\n-----------------------------\nAIE Partitions\n  No hardware contexts running on device\n\n"
NPU_OWNERSHIP {"context_pids": [], "owned_pids": [26612, 64100], "foreign_pids": []}
HOST_TIMELINE {"elapsed_seconds": 456.625, "tree_rss_bytes": 438616064, "foreign_peers": []}
NPU_TIMELINE "\n-----------------------------\n[003d:00:01.1] : NPU Phoenix\n-----------------------------\nAIE Partitions\n  No hardware contexts running on device\n\n"
NPU_OWNERSHIP {"context_pids": [], "owned_pids": [26612, 64100], "foreign_pids": []}
PROGRESS {"running_miou": 0.5025311706316982, "scored": 2000, "seconds": 460.3, "skipped": 1701}
HOST_TIMELINE {"elapsed_seconds": 461.016, "tree_rss_bytes": 437796864, "foreign_peers": []}
HOST_TIMELINE {"elapsed_seconds": 465.094, "tree_rss_bytes": 437989376, "foreign_peers": []}
NPU_TIMELINE "\n-----------------------------\n[003d:00:01.1] : NPU Phoenix\n-----------------------------\nAIE Partitions\n  No hardware contexts running on device\n\n"
NPU_OWNERSHIP {"context_pids": [], "owned_pids": [26612, 64100], "foreign_pids": []}
HOST_TIMELINE {"elapsed_seconds": 469.141, "tree_rss_bytes": 437989376, "foreign_peers": []}
NPU_TIMELINE "\n-----------------------------\n[003d:00:01.1] : NPU Phoenix\n-----------------------------\nAIE Partitions\n  No hardware contexts running on device\n\n"
NPU_OWNERSHIP {"context_pids": [], "owned_pids": [26612, 64100], "foreign_pids": []}
HOST_TIMELINE {"elapsed_seconds": 473.266, "tree_rss_bytes": 437895168, "foreign_peers": []}
HOST_TIMELINE {"elapsed_seconds": 477.375, "tree_rss_bytes": 439271424, "foreign_peers": []}
NPU_TIMELINE "\n-----------------------------\n[003d:00:01.1] : NPU Phoenix\n-----------------------------\nAIE Partitions\n  No hardware contexts running on device\n\n"
NPU_OWNERSHIP {"context_pids": [], "owned_pids": [26612, 64100], "foreign_pids": []}
HOST_TIMELINE {"elapsed_seconds": 481.329, "tree_rss_bytes": 429477888, "foreign_peers": []}
NPU_TIMELINE "\n-----------------------------\n[003d:00:01.1] : NPU Phoenix\n-----------------------------\nAIE Partitions\n  No hardware contexts running on device\n\n"
NPU_OWNERSHIP {"context_pids": [], "owned_pids": [26612, 64100], "foreign_pids": []}
HOST_TIMELINE {"elapsed_seconds": 485.391, "tree_rss_bytes": 437841920, "foreign_peers": []}
NPU_TIMELINE "\n-----------------------------\n[003d:00:01.1] : NPU Phoenix\n-----------------------------\nAIE Partitions\n  No hardware contexts running on device\n\n"
NPU_OWNERSHIP {"context_pids": [], "owned_pids": [26612, 64100], "foreign_pids": []}
HOST_TIMELINE {"elapsed_seconds": 489.36, "tree_rss_bytes": 439058432, "foreign_peers": []}
HOST_TIMELINE {"elapsed_seconds": 493.266, "tree_rss_bytes": 437907456, "foreign_peers": []}
NPU_TIMELINE "\n-----------------------------\n[003d:00:01.1] : NPU Phoenix\n-----------------------------\nAIE Partitions\n  No hardware contexts running on device\n\n"
NPU_OWNERSHIP {"context_pids": [], "owned_pids": [26612, 64100], "foreign_pids": []}
HOST_TIMELINE {"elapsed_seconds": 497.282, "tree_rss_bytes": 440487936, "foreign_peers": []}
NPU_TIMELINE "\n-----------------------------\n[003d:00:01.1] : NPU Phoenix\n-----------------------------\nAIE Partitions\n  No hardware contexts running on device\n\n"
NPU_OWNERSHIP {"context_pids": [], "owned_pids": [26612, 64100], "foreign_pids": []}
HOST_TIMELINE {"elapsed_seconds": 501.313, "tree_rss_bytes": 439033856, "foreign_peers": []}
HOST_TIMELINE {"elapsed_seconds": 505.313, "tree_rss_bytes": 439017472, "foreign_peers": []}
NPU_TIMELINE "\n-----------------------------\n[003d:00:01.1] : NPU Phoenix\n-----------------------------\nAIE Partitions\n  No hardware contexts running on device\n\n"
NPU_OWNERSHIP {"context_pids": [], "owned_pids": [26612, 64100], "foreign_pids": []}
HOST_TIMELINE {"elapsed_seconds": 509.313, "tree_rss_bytes": 440774656, "foreign_peers": []}
NPU_TIMELINE "\n-----------------------------\n[003d:00:01.1] : NPU Phoenix\n-----------------------------\nAIE Partitions\n  No hardware contexts running on device\n\n"
NPU_OWNERSHIP {"context_pids": [], "owned_pids": [26612, 64100], "foreign_pids": []}
HOST_TIMELINE {"elapsed_seconds": 513.235, "tree_rss_bytes": 439058432, "foreign_peers": []}
HOST_TIMELINE {"elapsed_seconds": 517.344, "tree_rss_bytes": 439070720, "foreign_peers": []}
PROGRESS {"running_miou": 0.505425067593717, "scored": 2250, "seconds": 517.8, "skipped": 1889}
NPU_TIMELINE "\n-----------------------------\n[003d:00:01.1] : NPU Phoenix\n-----------------------------\nAIE Partitions\n  No hardware contexts running on device\n\n"
NPU_OWNERSHIP {"context_pids": [], "owned_pids": [26612, 64100], "foreign_pids": []}
HOST_TIMELINE {"elapsed_seconds": 521.704, "tree_rss_bytes": 437891072, "foreign_peers": []}
NPU_TIMELINE "\n-----------------------------\n[003d:00:01.1] : NPU Phoenix\n-----------------------------\nAIE Partitions\n  No hardware contexts running on device\n\n"
NPU_OWNERSHIP {"context_pids": [], "owned_pids": [26612, 64100], "foreign_pids": []}
HOST_TIMELINE {"elapsed_seconds": 525.813, "tree_rss_bytes": 439009280, "foreign_peers": []}
HOST_TIMELINE {"elapsed_seconds": 529.782, "tree_rss_bytes": 438898688, "foreign_peers": []}
NPU_TIMELINE "\n-----------------------------\n[003d:00:01.1] : NPU Phoenix\n-----------------------------\nAIE Partitions\n  No hardware contexts running on device\n\n"
NPU_OWNERSHIP {"context_pids": [], "owned_pids": [26612, 64100], "foreign_pids": []}
HOST_TIMELINE {"elapsed_seconds": 533.844, "tree_rss_bytes": 439885824, "foreign_peers": []}
NPU_TIMELINE "\n-----------------------------\n[003d:00:01.1] : NPU Phoenix\n-----------------------------\nAIE Partitions\n  No hardware contexts running on device\n\n"
NPU_OWNERSHIP {"context_pids": [], "owned_pids": [26612, 64100], "foreign_pids": []}
HOST_TIMELINE {"elapsed_seconds": 537.922, "tree_rss_bytes": 439967744, "foreign_peers": []}
NPU_TIMELINE "\n-----------------------------\n[003d:00:01.1] : NPU Phoenix\n-----------------------------\nAIE Partitions\n  No hardware contexts running on device\n\n"
NPU_OWNERSHIP {"context_pids": [], "owned_pids": [26612, 64100], "foreign_pids": []}
HOST_TIMELINE {"elapsed_seconds": 541.938, "tree_rss_bytes": 439992320, "foreign_peers": []}
HOST_TIMELINE {"elapsed_seconds": 545.969, "tree_rss_bytes": 438931456, "foreign_peers": []}
NPU_TIMELINE "\n-----------------------------\n[003d:00:01.1] : NPU Phoenix\n-----------------------------\nAIE Partitions\n  No hardware contexts running on device\n\n"
NPU_OWNERSHIP {"context_pids": [], "owned_pids": [26612, 64100], "foreign_pids": []}
HOST_TIMELINE {"elapsed_seconds": 550.125, "tree_rss_bytes": 440057856, "foreign_peers": []}
NPU_TIMELINE "\n-----------------------------\n[003d:00:01.1] : NPU Phoenix\n-----------------------------\nAIE Partitions\n  No hardware contexts running on device\n\n"
NPU_OWNERSHIP {"context_pids": [], "owned_pids": [26612, 64100], "foreign_pids": []}
HOST_TIMELINE {"elapsed_seconds": 554.563, "tree_rss_bytes": 440487936, "foreign_peers": []}
NPU_TIMELINE "\n-----------------------------\n[003d:00:01.1] : NPU Phoenix\n-----------------------------\nAIE Partitions\n  No hardware contexts running on device\n\n"
NPU_OWNERSHIP {"context_pids": [], "owned_pids": [26612, 64100], "foreign_pids": []}
HOST_TIMELINE {"elapsed_seconds": 558.704, "tree_rss_bytes": 440233984, "foreign_peers": []}
HOST_TIMELINE {"elapsed_seconds": 562.641, "tree_rss_bytes": 437989376, "foreign_peers": []}
NPU_TIMELINE "\n-----------------------------\n[003d:00:01.1] : NPU Phoenix\n-----------------------------\nAIE Partitions\n  No hardware contexts running on device\n\n"
NPU_OWNERSHIP {"context_pids": [], "owned_pids": [26612, 64100], "foreign_pids": []}
HOST_TIMELINE {"elapsed_seconds": 566.985, "tree_rss_bytes": 437411840, "foreign_peers": []}
NPU_TIMELINE "\n-----------------------------\n[003d:00:01.1] : NPU Phoenix\n-----------------------------\nAIE Partitions\n  No hardware contexts running on device\n\n"
NPU_OWNERSHIP {"context_pids": [], "owned_pids": [26612, 64100], "foreign_pids": []}
HOST_TIMELINE {"elapsed_seconds": 571.157, "tree_rss_bytes": 438456320, "foreign_peers": []}
NPU_TIMELINE "\n-----------------------------\n[003d:00:01.1] : NPU Phoenix\n-----------------------------\nAIE Partitions\n  No hardware contexts running on device\n\n"
NPU_OWNERSHIP {"context_pids": [], "owned_pids": [26612, 64100], "foreign_pids": []}
HOST_TIMELINE {"elapsed_seconds": 575.375, "tree_rss_bytes": 439951360, "foreign_peers": []}
PROGRESS {"running_miou": 0.5050951868333633, "scored": 2500, "seconds": 576.4, "skipped": 2122}
HOST_TIMELINE {"elapsed_seconds": 579.344, "tree_rss_bytes": 438726656, "foreign_peers": []}
NPU_TIMELINE "\n-----------------------------\n[003d:00:01.1] : NPU Phoenix\n-----------------------------\nAIE Partitions\n  No hardware contexts running on device\n\n"
NPU_OWNERSHIP {"context_pids": [], "owned_pids": [26612, 64100], "foreign_pids": []}
HOST_TIMELINE {"elapsed_seconds": 583.407, "tree_rss_bytes": 438030336, "foreign_peers": []}
NPU_TIMELINE "\n-----------------------------\n[003d:00:01.1] : NPU Phoenix\n-----------------------------\nAIE Partitions\n  No hardware contexts running on device\n\n"
NPU_OWNERSHIP {"context_pids": [], "owned_pids": [26612, 64100], "foreign_pids": []}
HOST_TIMELINE {"elapsed_seconds": 587.516, "tree_rss_bytes": 437948416, "foreign_peers": []}
NPU_TIMELINE "\n-----------------------------\n[003d:00:01.1] : NPU Phoenix\n-----------------------------\nAIE Partitions\n  No hardware contexts running on device\n\n"
NPU_OWNERSHIP {"context_pids": [], "owned_pids": [26612, 64100], "foreign_pids": []}
HOST_TIMELINE {"elapsed_seconds": 591.75, "tree_rss_bytes": 437989376, "foreign_peers": []}
HOST_TIMELINE {"elapsed_seconds": 595.86, "tree_rss_bytes": 438771712, "foreign_peers": []}
NPU_TIMELINE "\n-----------------------------\n[003d:00:01.1] : NPU Phoenix\n-----------------------------\nAIE Partitions\n  No hardware contexts running on device\n\n"
NPU_OWNERSHIP {"context_pids": [], "owned_pids": [26612, 64100], "foreign_pids": []}
HOST_TIMELINE {"elapsed_seconds": 599.891, "tree_rss_bytes": 440565760, "foreign_peers": []}
NPU_TIMELINE "\n-----------------------------\n[003d:00:01.1] : NPU Phoenix\n-----------------------------\nAIE Partitions\n  No hardware contexts running on device\n\n"
NPU_OWNERSHIP {"context_pids": [], "owned_pids": [26612, 64100], "foreign_pids": []}
HOST_TIMELINE {"elapsed_seconds": 604.032, "tree_rss_bytes": 438050816, "foreign_peers": []}
NPU_TIMELINE "\n-----------------------------\n[003d:00:01.1] : NPU Phoenix\n-----------------------------\nAIE Partitions\n  No hardware contexts running on device\n\n"
NPU_OWNERSHIP {"context_pids": [], "owned_pids": [26612, 64100], "foreign_pids": []}
HOST_TIMELINE {"elapsed_seconds": 608.391, "tree_rss_bytes": 439656448, "foreign_peers": []}
HOST_TIMELINE {"elapsed_seconds": 612.954, "tree_rss_bytes": 438972416, "foreign_peers": []}
NPU_TIMELINE "\n-----------------------------\n[003d:00:01.1] : NPU Phoenix\n-----------------------------\nAIE Partitions\n  No hardware contexts running on device\n\n"
NPU_OWNERSHIP {"context_pids": [], "owned_pids": [26612, 64100], "foreign_pids": []}
HOST_TIMELINE {"elapsed_seconds": 617.047, "tree_rss_bytes": 438951936, "foreign_peers": []}
NPU_TIMELINE "\n-----------------------------\n[003d:00:01.1] : NPU Phoenix\n-----------------------------\nAIE Partitions\n  No hardware contexts running on device\n\n"
NPU_OWNERSHIP {"context_pids": [], "owned_pids": [26612, 64100], "foreign_pids": []}
HOST_TIMELINE {"elapsed_seconds": 621.297, "tree_rss_bytes": 439279616, "foreign_peers": []}
ACCURACY {"backend": "cpu", "family": "modnet_cut", "full_set": true, "images_scored": 2693, "images_skipped": 2307, "labelled_pixels": 729832458, "mean_per_image_iou": 0.3644361601994568, "miou": 0.5028697828492831, "per_class_iou": {"1": 0.5028697828492831}, "pixel_accuracy": 0.9025942334836525, "seconds": 622.3}
POST_NPU_CONTEXT_WITNESS "\n-----------------------------\n[003d:00:01.1] : NPU Phoenix\n-----------------------------\nAIE Partitions\n  No hardware contexts running on device\n\n"
RESEARCH_PROCESS_RESULT {"exit_code": 0, "stop": null, "peak_tree_rss_bytes": 444334080, "rss_measurement": "maximum observed across sampled descendant working sets; zero observations reported as null", "elapsed_seconds": 623.3910000000615, "foreign_contention_observed": false, "timing_eligible": false}
