RESEARCH_PLATFORM {"machine": "Desktop 2", "cpu": "AMD Ryzen 7 8700G w/ Radeon 780M Graphics", "os": "Windows-11-10.0.26200-SP0", "ram_bytes": 33381138432, "source_sha256": {"tools/research_process.py": "1e356a0b7bd37e6185fe91f4e5e40586bf3b02af144a86318905d6ac6a205e2d", "tools/quant_calib_alphabet.py": "2dc0b2878c564853f340880209a425dfcf63b8536b2b8e9fd32344daade58d37", "tools/xint8_arithmetic_probe.py": "6aa3df08b9870c3c2264b868459d7ffbac3070dddc1349d7c6f3f480075f7041", "scripts/research-lowlevel.sh": "3455ad7933697936487712665505c216891865c6deada647302785f6e37020bd", "scripts/research-iron.sh": "4c863a262646ddab39b5005006ba8e03809895e6386c6310e2fd9d0a9e9609ee", "kernels/memory_placement/probe.py": "e8d990169ad6091fa1b53852e9f61eff495b5def72d35165a5c5cf1759e38898", "kernels/memory_placement/memory_kernels.cc": "182e7af7071a1e851afb4a7ca266069c489aea1fbaaa85eca129708daeba5ba6", "scripts/research-matrix.sh": "739254171629deae822b0ad7dabc875aee19ace56dde77d3e8aab61663f97516", "kernels/memory_placement/gemm.py": "17c905ad66110d3346bbf0db898dfc6b780df59fae1dfb0c1747057ce1e5844e", "kernels/memory_placement/gemm_placement.cc": "f21acf7250b12914ea30cc1f77613239dfa18421a85a1b9a5199017dd916278a", "tools/research_summary.py": "0c00dcceef07053d06731b41a1f1ed58d3ba4ea09f82497de354ce9cef17da20", "tools/research_toolchain.py": "f0a126a24ae213acfaa43460cfd9def0c86d9cb70cfee0228aa271688467b314"}, "commit": "7c9efd5f0d35f23a5ce6d476900660600ab4f10c", "command": ["python", "benchmarks/dense_compare.py", "bench", "--family", "bisenetv2", "--pins", "results/dense/bisenetv2_pins_20260919.json", "--artifacts", "build/dense_validation/initial_20260919", "--backend", "cpu", "--container", "build/bisenetv2_dense.ignite"], "seconds_limit": 1200.0, "rss_gib_limit": 10.0, "checks_only": false, "free_ram_bytes": 17730531328}
HOST_LOAD busy_cores=0.17 logical_cores=16 free_ram_gb=16.4 sample_sec=1
HOST_LOAD_TOP 0.12 powershell:56284 ws_mb=82
HOST_LOAD_TOP 0.03 <tool>:9440 ws_mb=217
HOST_LOAD_TOP 0.02 Code:46084 ws_mb=190
HOST_LOAD_VERDICT CLEAR

PRE_NPU_CONTEXT_WITNESS "\n-----------------------------\n[003d:00:01.1] : NPU Phoenix\n-----------------------------\nAIE Partitions\n  No hardware contexts running on device\n\n"
IDENTITY {"family": "bisenetv2", "pins_sha256": "8ee15fcb737d5285a3372d1430001e643f6e435f200978ea28fa879ed53eba62", "model_sha256": "5206b31103fb80f812b837c9402b4dbaf8f098f0df2c06bc96b18398644aab8e", "numpy": "1.26.4", "ort": "1.23.3.dev20260320", "images": 50, "full_set": true, "source_sha256": {"benchmarks/dense_compare.py": "521ebd1eab4944ae8d47b5aa85ef56bcb8872dd206648357675ce7c21a444eed", "src/ignite_xdna/compiler/dense_regions.py": "75d4b5c4704c2876307a3188ee2f41e1a3b0db325797c2314e1ea5cabd2e693d", "src/ignite_xdna/compiler/graph_ir.py": "59e3dcafb9a0393718774c681fbfb7f733271f06d1efb766b26940f6de7b29ba", "src/ignite_xdna/compiler/engine_schedule.py": "3a91bb06c127462159224e08b0b1473c3d995cde4f3da29a782d4f755ba57118", "src/ignite_xdna/compiler/engine_compile.py": "a80eaee6c7f09e3862c46c3c76c987cc441e318e864827b6d99b8f9ad8e854f8", "src/ignite_xdna/runtime/graph_session.py": "ad7e98f28acb04f5218db5bf7d46e305835e022a0e8324167ad9183c7fd1ea48", "src/ignite_xdna/runtime/dense_session.py": "6c1ac7058b2d66bdc8d57dec1452a382cfde4656a6fba60d24f3220635b82958"}}
NPU_TIMELINE "\n-----------------------------\n[003d:00:01.1] : NPU Phoenix\n-----------------------------\nAIE Partitions\n  No hardware contexts running on device\n\n"
NPU_OWNERSHIP {"context_pids": [], "owned_pids": [50016, 58100], "foreign_pids": []}
HOST_TIMELINE {"elapsed_seconds": 4.109, "tree_rss_bytes": 220696576, "foreign_peers": []}
NPU_TIMELINE "\n-----------------------------\n[003d:00:01.1] : NPU Phoenix\n-----------------------------\nAIE Partitions\n  No hardware contexts running on device\n\n"
NPU_OWNERSHIP {"context_pids": [], "owned_pids": [50016, 58100], "foreign_pids": []}
HOST_TIMELINE {"elapsed_seconds": 8.141, "tree_rss_bytes": 220696576, "foreign_peers": []}
HOST_TIMELINE {"elapsed_seconds": 11.938, "tree_rss_bytes": 221110272, "foreign_peers": []}
NPU_TIMELINE "\n-----------------------------\n[003d:00:01.1] : NPU Phoenix\n-----------------------------\nAIE Partitions\n  No hardware contexts running on device\n\n"
NPU_OWNERSHIP {"context_pids": [], "owned_pids": [50016, 58100], "foreign_pids": []}
HOST_TIMELINE {"elapsed_seconds": 15.969, "tree_rss_bytes": 235331584, "foreign_peers": []}
NPU_TIMELINE "\n-----------------------------\n[003d:00:01.1] : NPU Phoenix\n-----------------------------\nAIE Partitions\n  No hardware contexts running on device\n\n"
NPU_OWNERSHIP {"context_pids": [], "owned_pids": [50016, 58100], "foreign_pids": []}
HOST_TIMELINE {"elapsed_seconds": 20.0, "tree_rss_bytes": 221163520, "foreign_peers": []}
HOST_TIMELINE {"elapsed_seconds": 24.016, "tree_rss_bytes": 233639936, "foreign_peers": []}
NPU_TIMELINE "\n-----------------------------\n[003d:00:01.1] : NPU Phoenix\n-----------------------------\nAIE Partitions\n  No hardware contexts running on device\n\n"
NPU_OWNERSHIP {"context_pids": [], "owned_pids": [50016, 58100], "foreign_pids": []}
HOST_TIMELINE {"elapsed_seconds": 28.094, "tree_rss_bytes": 221179904, "foreign_peers": []}
NPU_TIMELINE "\n-----------------------------\n[003d:00:01.1] : NPU Phoenix\n-----------------------------\nAIE Partitions\n  No hardware contexts running on device\n\n"
NPU_OWNERSHIP {"context_pids": [], "owned_pids": [50016, 58100], "foreign_pids": []}
HOST_TIMELINE {"elapsed_seconds": 32.078, "tree_rss_bytes": 224849920, "foreign_peers": []}
HOST_TIMELINE {"elapsed_seconds": 36.109, "tree_rss_bytes": 221192192, "foreign_peers": []}
NPU_TIMELINE "\n-----------------------------\n[003d:00:01.1] : NPU Phoenix\n-----------------------------\nAIE Partitions\n  No hardware contexts running on device\n\n"
NPU_OWNERSHIP {"context_pids": [], "owned_pids": [50016, 58100], "foreign_pids": []}
HOST_TIMELINE {"elapsed_seconds": 40.172, "tree_rss_bytes": 228007936, "foreign_peers": []}
NPU_TIMELINE "\n-----------------------------\n[003d:00:01.1] : NPU Phoenix\n-----------------------------\nAIE Partitions\n  No hardware contexts running on device\n\n"
NPU_OWNERSHIP {"context_pids": [], "owned_pids": [50016, 58100], "foreign_pids": []}
HOST_TIMELINE {"elapsed_seconds": 44.234, "tree_rss_bytes": 221216768, "foreign_peers": []}
HOST_TIMELINE {"elapsed_seconds": 48.297, "tree_rss_bytes": 233418752, "foreign_peers": []}
NPU_TIMELINE "\n-----------------------------\n[003d:00:01.1] : NPU Phoenix\n-----------------------------\nAIE Partitions\n  No hardware contexts running on device\n\n"
NPU_OWNERSHIP {"context_pids": [], "owned_pids": [50016, 58100], "foreign_pids": []}
HOST_TIMELINE {"elapsed_seconds": 52.328, "tree_rss_bytes": 221233152, "foreign_peers": []}
NPU_TIMELINE "\n-----------------------------\n[003d:00:01.1] : NPU Phoenix\n-----------------------------\nAIE Partitions\n  No hardware contexts running on device\n\n"
NPU_OWNERSHIP {"context_pids": [], "owned_pids": [50016, 58100], "foreign_pids": []}
HOST_TIMELINE {"elapsed_seconds": 56.359, "tree_rss_bytes": 228073472, "foreign_peers": []}
NPU_TIMELINE "\n-----------------------------\n[003d:00:01.1] : NPU Phoenix\n-----------------------------\nAIE Partitions\n  No hardware contexts running on device\n\n"
NPU_OWNERSHIP {"context_pids": [], "owned_pids": [50016, 58100], "foreign_pids": []}
HOST_TIMELINE {"elapsed_seconds": 60.359, "tree_rss_bytes": 221184000, "foreign_peers": []}
HOST_TIMELINE {"elapsed_seconds": 64.375, "tree_rss_bytes": 221188096, "foreign_peers": []}
NPU_TIMELINE "\n-----------------------------\n[003d:00:01.1] : NPU Phoenix\n-----------------------------\nAIE Partitions\n  No hardware contexts running on device\n\n"
NPU_OWNERSHIP {"context_pids": [], "owned_pids": [50016, 58100], "foreign_pids": []}
HOST_TIMELINE {"elapsed_seconds": 68.203, "tree_rss_bytes": 221192192, "foreign_peers": []}
NPU_TIMELINE "\n-----------------------------\n[003d:00:01.1] : NPU Phoenix\n-----------------------------\nAIE Partitions\n  No hardware contexts running on device\n\n"
NPU_OWNERSHIP {"context_pids": [], "owned_pids": [50016, 58100], "foreign_pids": []}
HOST_TIMELINE {"elapsed_seconds": 72.047, "tree_rss_bytes": 221200384, "foreign_peers": []}
HOST_TIMELINE {"elapsed_seconds": 75.828, "tree_rss_bytes": 221204480, "foreign_peers": []}
NPU_TIMELINE "\n-----------------------------\n[003d:00:01.1] : NPU Phoenix\n-----------------------------\nAIE Partitions\n  No hardware contexts running on device\n\n"
NPU_OWNERSHIP {"context_pids": [], "owned_pids": [50016, 58100], "foreign_pids": []}
HOST_TIMELINE {"elapsed_seconds": 79.703, "tree_rss_bytes": 221212672, "foreign_peers": []}
NPU_TIMELINE "\n-----------------------------\n[003d:00:01.1] : NPU Phoenix\n-----------------------------\nAIE Partitions\n  No hardware contexts running on device\n\n"
NPU_OWNERSHIP {"context_pids": [], "owned_pids": [50016, 58100], "foreign_pids": []}
HOST_TIMELINE {"elapsed_seconds": 83.703, "tree_rss_bytes": 229240832, "foreign_peers": []}
HOST_TIMELINE {"elapsed_seconds": 87.484, "tree_rss_bytes": 226398208, "foreign_peers": []}
NPU_TIMELINE "\n-----------------------------\n[003d:00:01.1] : NPU Phoenix\n-----------------------------\nAIE Partitions\n  No hardware contexts running on device\n\n"
NPU_OWNERSHIP {"context_pids": [], "owned_pids": [50016, 58100], "foreign_pids": []}
HOST_TIMELINE {"elapsed_seconds": 91.188, "tree_rss_bytes": 221233152, "foreign_peers": []}
NPU_TIMELINE "\n-----------------------------\n[003d:00:01.1] : NPU Phoenix\n-----------------------------\nAIE Partitions\n  No hardware contexts running on device\n\n"
NPU_OWNERSHIP {"context_pids": [], "owned_pids": [50016, 58100], "foreign_pids": []}
HOST_TIMELINE {"elapsed_seconds": 94.922, "tree_rss_bytes": 221237248, "foreign_peers": []}
HOST_TIMELINE {"elapsed_seconds": 98.891, "tree_rss_bytes": 221245440, "foreign_peers": []}
NPU_TIMELINE "\n-----------------------------\n[003d:00:01.1] : NPU Phoenix\n-----------------------------\nAIE Partitions\n  No hardware contexts running on device\n\n"
NPU_OWNERSHIP {"context_pids": [], "owned_pids": [50016, 58100], "foreign_pids": []}
HOST_TIMELINE {"elapsed_seconds": 102.828, "tree_rss_bytes": 224034816, "foreign_peers": []}
NPU_TIMELINE "\n-----------------------------\n[003d:00:01.1] : NPU Phoenix\n-----------------------------\nAIE Partitions\n  No hardware contexts running on device\n\n"
NPU_OWNERSHIP {"context_pids": [], "owned_pids": [50016, 58100], "foreign_pids": []}
HOST_TIMELINE {"elapsed_seconds": 106.719, "tree_rss_bytes": 224993280, "foreign_peers": []}
HOST_TIMELINE {"elapsed_seconds": 110.672, "tree_rss_bytes": 237711360, "foreign_peers": []}
NPU_TIMELINE "\n-----------------------------\n[003d:00:01.1] : NPU Phoenix\n-----------------------------\nAIE Partitions\n  No hardware contexts running on device\n\n"
NPU_OWNERSHIP {"context_pids": [], "owned_pids": [50016, 58100], "foreign_pids": []}
HOST_TIMELINE {"elapsed_seconds": 114.438, "tree_rss_bytes": 232644608, "foreign_peers": []}
NPU_TIMELINE "\n-----------------------------\n[003d:00:01.1] : NPU Phoenix\n-----------------------------\nAIE Partitions\n  No hardware contexts running on device\n\n"
NPU_OWNERSHIP {"context_pids": [], "owned_pids": [50016, 58100], "foreign_pids": []}
BENCHMARK {"backend": "cpu", "warmup": 50, "frames": 500, "image": "data/bisenetv2_val/000000032570.jpg", "mean_ms": 213.25676939892583, "p95_ms": 310.056020016782, "stages": {"pre_ms": 4.979468203149736, "network_ms": 104.09188039484434, "post_ms": 104.18542080093175}, "samples_ms": [119.086500024423, 303.71960008051246, 122.35359998885542, 304.7760999761522, 123.13830002676696, 305.8384000323713, 119.96879999060184, 306.05849996209145, 122.60639993473887, 301.69029999524355, 124.66109998058528, 306.90920003689826, 119.4021999835968, 305.05089997313917, 129.65729995630682, 304.09039999358356, 115.95049989409745, 296.3869000086561, 121.89010006841272, 306.40530004166067, 122.57369991857558, 308.49620001390576, 119.32110006455332, 307.0214999606833, 120.0136000989005, 306.680699926801, 123.53149999398738, 306.1560000060126, 119.28400001488626, 307.5090000638738, 117.80010000802577, 306.02859996724874, 122.58329999167472, 299.0455999970436, 124.43279998842627, 301.8558999756351, 122.01319995801896, 304.4697999721393, 120.3872999176383, 301.02779995650053, 129.8957000253722, 307.36040009651333, 119.72159997094423, 308.24029992800206, 120.22279994562268, 296.841699979268, 117.53319995477796, 308.88120003510267, 124.49479999486357, 307.24989995360374, 124.40490000881255, 310.17770001199096, 120.05469994619489, 294.7755000786856, 121.23449996579438, 304.26479992456734, 114.07469992991537, 302.8773999540135, 122.55059997551143, 303.1094999751076, 115.79479998908937, 302.1940999897197, 119.24550007097423, 306.3141000457108, 121.48430000524968, 298.7009999342263, 125.40280004031956, 298.86520002037287, 119.89670002367347, 307.12930008303374, 125.20899996161461, 305.2974999882281, 125.37759996484965, 303.33640007302165, 125.68589998409152, 295.53470003884286, 125.39509998168796, 307.8333999728784, 127.21710000187159, 303.5692000994459, 124.99449995812029, 303.1473000301048, 136.01320004090667, 308.30450006760657, 123.3372000278905, 302.6042999699712, 116.22369999531657, 304.46440004743636, 123.02629998885095, 304.8498999560252, 114.98920002486557, 300.634799990803, 128.73140000738204, 306.8417999893427, 123.84849996306002, 305.7103999890387, 124.69119997695088, 305.81879999954253, 119.74840005859733, 309.5002999762073, 118.20090003311634, 307.57449998054653, 114.39320002682507, 315.14349998906255, 119.28620003163815, 297.20520006958395, 118.81810007616878, 306.92790006287396, 121.21020001359284, 303.04579995572567, 123.23260004632175, 302.0368000725284, 119.2651999881491, 303.4430999541655, 121.17850000504404, 299.7102999361232, 125.4837999586016, 299.9865000601858, 127.1104000043124, 306.08739994931966, 120.87139999493957, 301.4196999138221, 119.87980001140386, 304.0906999958679, 128.22449998930097, 296.8093000818044, 120.37710007280111, 300.79140001907945, 123.49399994127452, 306.28479993902147, 124.31819993071258, 305.2192999748513, 127.94330005999655, 305.1245999522507, 123.74049995560199, 295.0819000834599, 124.64599998202175, 306.98239989578724, 122.19120003283024, 301.3673999812454, 118.06289991363883, 308.6270000785589, 117.06730001606047, 300.38709996733814, 119.92049997206777, 328.2768999924883, 118.12490003649145, 301.1682000942528, 123.87350003700703, 308.4080000407994, 117.5613000523299, 301.4523000456393, 123.17490007262677, 301.1877000099048, 124.75069996435195, 303.1527999555692, 120.40309992153198, 297.5799000123516, 122.21920001320541, 303.7473000586033, 120.86449994239956, 299.22189994249493, 121.66519998572767, 307.1817000163719, 121.05449999216944, 315.3899998869747, 119.40540000796318, 298.6938999965787, 118.64949995651841, 293.79060002975166, 122.90710001252592, 303.37950005196035, 125.0, 300.9093999862671, 123.09000000823289, 297.6360999746248, 122.18470009975135, 308.96679998841137, 122.4303999915719, 306.05580005794764, 123.28509998042136, 310.99769996944815, 121.44400004763156, 306.2489000149071, 121.13950005732477, 314.6712000016123, 126.2958999723196, 298.8587999716401, 129.07400005497038, 303.44190006144345, 125.69350004196167, 303.7375999847427, 121.63219996728003, 305.25920004583895, 123.5900999745354, 303.9254000177607, 124.13619994185865, 297.3820000188425, 121.86489999294281, 295.16470001544803, 121.6136000584811, 307.3306999867782, 126.68670003768057, 302.2039000643417, 123.89709998387843, 293.00980002153665, 125.52639993373305, 303.89480001758784, 124.70309995114803, 300.0066999811679, 119.8821000289172, 297.6444000378251, 123.12890007160604, 301.7402000259608, 113.58449992258102, 306.9052000064403, 124.7088999953121, 303.13540005590767, 123.40559996664524, 305.0182000733912, 117.64319997746497, 307.3061000322923, 125.46190002467483, 298.17200009711087, 124.9064999865368, 304.93520002346486, 128.8361999904737, 301.0665000183508, 119.62649994529784, 303.94099990371615, 121.524199959822, 300.69810000713915, 121.929100016132, 307.839100016281, 120.63189991749823, 305.8871999382973, 123.54559998493642, 302.3253999417648, 115.43090001214296, 306.608899962157, 123.82169999182224, 297.39200009498745, 122.13769997470081, 304.85940002836287, 123.2672999612987, 292.76850004680455, 126.31019996479154, 313.39570006821305, 122.07549996674061, 306.36119993869215, 124.37949993181974, 308.41079994570464, 123.35070001427084, 307.273400016129, 119.1970999352634, 306.0850999318063, 121.39009998645633, 308.1326999235898, 120.01569999847561, 305.4739000508562, 125.05989999044687, 301.60069989506155, 124.64299995917827, 301.8483000341803, 121.53390003368258, 300.7546999724582, 119.68380003236234, 300.25109997950494, 123.87280003167689, 309.5437000738457, 122.4313999991864, 307.2583000175655, 112.77670005802065, 304.8109000083059, 106.96460003964603, 310.151300043799, 120.22259994409978, 299.7891999548301, 122.61060008313507, 302.40099993534386, 123.48169996403158, 304.4139000121504, 117.06119996961206, 301.0440000798553, 128.89629998244345, 305.2645999705419, 118.40080004185438, 308.6543999379501, 141.67669997550547, 310.1147999987006, 118.26469993684441, 312.15290003456175, 118.34589997306466, 305.92129996512085, 118.01869992632419, 300.30130001250654, 120.1927000656724, 304.9143000971526, 121.59380002412945, 297.0400999765843, 122.12109996471554, 298.1273999903351, 126.7128000035882, 300.8254000451416, 124.1324000293389, 309.69049991108477, 119.14209998212755, 311.0059999162331, 121.2085000006482, 307.8973999945447, 119.16680005379021, 308.6448000976816, 119.9740000301972, 305.2739999257028, 124.31790004484355, 304.6988999703899, 125.0048999208957, 300.0980999786407, 124.98090008739382, 304.2412999784574, 126.90029991790652, 297.4043999565765, 125.17899996601045, 305.5291000055149, 123.80219995975494, 306.2728999648243, 122.22610006574541, 311.5503001026809, 124.11400000564754, 298.3720999909565, 119.99830009881407, 303.06199996266514, 123.47109999973327, 305.9024999383837, 126.03799998760223, 314.2032999312505, 124.46670001372695, 304.8448000336066, 124.69660001806915, 301.2445999775082, 125.67760003730655, 312.65849992632866, 120.14010001439601, 304.8412000061944, 122.25869996473193, 306.71809997875243, 122.98589991405606, 310.71069999597967, 115.42189994361252, 296.5265999082476, 116.4547000080347, 300.42999994475394, 122.71600007079542, 295.19319999963045, 116.40219995751977, 307.85039998590946, 123.6569999018684, 294.99009996652603, 122.64650000724941, 307.12120002135634, 120.94459997024387, 308.4008999867365, 116.42479989677668, 310.7050999533385, 115.57689995970577, 305.6100000394508, 121.98870000429451, 301.3029999565333, 120.17080001533031, 303.3509999513626, 121.0050000809133, 303.32199996337295, 117.53669998142868, 302.13299999013543, 124.5676000835374, 310.05830003414303, 125.44090009760112, 312.1217000298202, 120.10579998604953, 312.92510009370744, 121.97410000953823, 308.98649990558624, 118.89519996475428, 302.4574000155553, 121.29490007646382, 300.8403000421822, 125.74549997225404, 299.0219999337569, 128.54180007707328, 303.80090000107884, 123.80119995214045, 306.4035000279546, 122.02230002731085, 303.1003000214696, 121.74179998692125, 305.3198999259621, 123.02569998428226, 307.6379999984056, 119.94590004906058, 309.2394000850618, 117.4044000217691, 303.453000029549, 122.79140006285161, 303.85239992756397, 124.51649992726743, 302.48149996623397, 111.49489996023476, 306.11440003849566, 129.45669994223863, 303.82859997916967, 116.24769994523376, 296.5680999914184, 122.68959998618811, 299.8478999361396, 123.44939995091408, 298.3658999437466, 123.87779995333403, 299.29350002203137, 118.84810007177293, 309.301899978891, 126.74780003726482, 307.0794000523165, 125.42549998033792, 304.5962000032887, 121.85950006823987, 301.5610999427736, 126.16880005225539, 308.41589998453856, 123.72919998597354, 299.95559994131327, 127.75499990675598, 303.278399980627, 118.89590008649975, 307.9810000490397, 122.9518000036478, 309.7476999973878, 123.87559993658215, 319.6961999638006, 125.26729993987828, 306.447200011462, 124.34650002978742, 310.05590001586825, 120.19359995611012, 308.1947999307886, 125.81279990263283, 302.766399923712, 129.52299998141825, 302.2813000716269, 125.4895000020042, 306.32500001229346, 126.01610005367547, 299.1624000715092, 123.76330001279712, 299.76610001176596, 122.77490005362779, 303.1401999760419, 122.72139999549836, 310.9297000337392, 122.69400001969188, 301.0431000730023, 125.15990005340427, 303.08520002290606, 125.25589996948838, 310.1503000361845, 125.1862000208348, 305.09619996882975, 112.81389999203384, 289.0880999621004, 117.38000006880611, 313.19730007089674, 120.70349999703467, 308.4151999792084, 120.57439994532615, 311.1054999753833, 122.1130999037996, 303.7610000465065, 120.02999999094754, 307.8242000192404, 124.42010000813752, 304.45629998575896, 125.64910005312413, 294.17660005856305, 114.57680002786219, 297.8239000076428, 121.39300000853837, 306.9981000153348, 123.99140000343323, 307.8883000416681, 119.59860008209944, 301.98910005856305, 114.78960001841187, 312.7876999787986, 127.07940000109375, 305.9231999795884, 128.73300001956522, 301.39410006813705, 116.35370005387813, 300.507599953562, 124.05149999540299, 306.24509998597205]}
POST_NPU_CONTEXT_WITNESS "\n-----------------------------\n[003d:00:01.1] : NPU Phoenix\n-----------------------------\nAIE Partitions\n  No hardware contexts running on device\n\n"
RESEARCH_PROCESS_RESULT {"exit_code": 0, "stop": null, "peak_tree_rss_bytes": 243269632, "rss_measurement": "maximum observed across sampled descendant working sets; zero observations reported as null", "elapsed_seconds": 117.81299999996554, "foreign_contention_observed": false, "timing_eligible": true}
