RESEARCH_PLATFORM {"machine": "Desktop 2", "cpu": "AMD Ryzen 7 8700G w/ Radeon 780M Graphics", "os": "Windows-11-10.0.26200-SP0", "ram_bytes": 33381138432, "source_sha256": {"tools/research_process.py": "1e356a0b7bd37e6185fe91f4e5e40586bf3b02af144a86318905d6ac6a205e2d", "tools/quant_calib_alphabet.py": "2dc0b2878c564853f340880209a425dfcf63b8536b2b8e9fd32344daade58d37", "tools/xint8_arithmetic_probe.py": "6aa3df08b9870c3c2264b868459d7ffbac3070dddc1349d7c6f3f480075f7041", "scripts/research-lowlevel.sh": "3455ad7933697936487712665505c216891865c6deada647302785f6e37020bd", "scripts/research-iron.sh": "4c863a262646ddab39b5005006ba8e03809895e6386c6310e2fd9d0a9e9609ee", "kernels/memory_placement/probe.py": "e8d990169ad6091fa1b53852e9f61eff495b5def72d35165a5c5cf1759e38898", "kernels/memory_placement/memory_kernels.cc": "182e7af7071a1e851afb4a7ca266069c489aea1fbaaa85eca129708daeba5ba6", "scripts/research-matrix.sh": "739254171629deae822b0ad7dabc875aee19ace56dde77d3e8aab61663f97516", "kernels/memory_placement/gemm.py": "17c905ad66110d3346bbf0db898dfc6b780df59fae1dfb0c1747057ce1e5844e", "kernels/memory_placement/gemm_placement.cc": "f21acf7250b12914ea30cc1f77613239dfa18421a85a1b9a5199017dd916278a", "tools/research_summary.py": "0c00dcceef07053d06731b41a1f1ed58d3ba4ea09f82497de354ce9cef17da20", "tools/research_toolchain.py": "f0a126a24ae213acfaa43460cfd9def0c86d9cb70cfee0228aa271688467b314"}, "commit": "7c9efd5f0d35f23a5ce6d476900660600ab4f10c", "command": ["python", "benchmarks/dense_compare.py", "bench", "--family", "bisenetv2", "--pins", "results/dense/bisenetv2_pins_20260919.json", "--artifacts", "build/dense_validation/initial_20260919", "--backend", "cpu", "--container", "build/bisenetv2_dense.ignite"], "seconds_limit": 1200.0, "rss_gib_limit": 10.0, "checks_only": false, "free_ram_bytes": 18020188160}
HOST_LOAD busy_cores=0.42 logical_cores=16 free_ram_gb=16.7 sample_sec=1
HOST_LOAD_TOP 0.17 Code:50676 ws_mb=558
HOST_LOAD_TOP 0.11 Code:48276 ws_mb=443
HOST_LOAD_TOP 0.06 powershell:57700 ws_mb=82
HOST_LOAD_TOP 0.02 OpenConsole:54528 ws_mb=14
HOST_LOAD_TOP 0.02 <tool>:9440 ws_mb=217
HOST_LOAD_VERDICT CLEAR

PRE_NPU_CONTEXT_WITNESS "\n-----------------------------\n[003d:00:01.1] : NPU Phoenix\n-----------------------------\nAIE Partitions\n  No hardware contexts running on device\n\n"
IDENTITY {"family": "bisenetv2", "pins_sha256": "8ee15fcb737d5285a3372d1430001e643f6e435f200978ea28fa879ed53eba62", "model_sha256": "5206b31103fb80f812b837c9402b4dbaf8f098f0df2c06bc96b18398644aab8e", "numpy": "1.26.4", "ort": "1.23.3.dev20260320", "images": 50, "full_set": true, "source_sha256": {"benchmarks/dense_compare.py": "521ebd1eab4944ae8d47b5aa85ef56bcb8872dd206648357675ce7c21a444eed", "src/ignite_xdna/compiler/dense_regions.py": "75d4b5c4704c2876307a3188ee2f41e1a3b0db325797c2314e1ea5cabd2e693d", "src/ignite_xdna/compiler/graph_ir.py": "59e3dcafb9a0393718774c681fbfb7f733271f06d1efb766b26940f6de7b29ba", "src/ignite_xdna/compiler/engine_schedule.py": "3a91bb06c127462159224e08b0b1473c3d995cde4f3da29a782d4f755ba57118", "src/ignite_xdna/compiler/engine_compile.py": "a80eaee6c7f09e3862c46c3c76c987cc441e318e864827b6d99b8f9ad8e854f8", "src/ignite_xdna/runtime/graph_session.py": "ad7e98f28acb04f5218db5bf7d46e305835e022a0e8324167ad9183c7fd1ea48", "src/ignite_xdna/runtime/dense_session.py": "6c1ac7058b2d66bdc8d57dec1452a382cfde4656a6fba60d24f3220635b82958"}}
NPU_TIMELINE "\n-----------------------------\n[003d:00:01.1] : NPU Phoenix\n-----------------------------\nAIE Partitions\n  No hardware contexts running on device\n\n"
NPU_OWNERSHIP {"context_pids": [], "owned_pids": [16096, 53776], "foreign_pids": []}
HOST_TIMELINE {"elapsed_seconds": 3.843, "tree_rss_bytes": 220844032, "foreign_peers": []}
NPU_TIMELINE "\n-----------------------------\n[003d:00:01.1] : NPU Phoenix\n-----------------------------\nAIE Partitions\n  No hardware contexts running on device\n\n"
NPU_OWNERSHIP {"context_pids": [], "owned_pids": [16096, 53776], "foreign_pids": []}
HOST_TIMELINE {"elapsed_seconds": 8.171, "tree_rss_bytes": 221196288, "foreign_peers": []}
NPU_TIMELINE "\n-----------------------------\n[003d:00:01.1] : NPU Phoenix\n-----------------------------\nAIE Partitions\n  No hardware contexts running on device\n\n"
NPU_OWNERSHIP {"context_pids": [], "owned_pids": [16096, 53776], "foreign_pids": []}
HOST_TIMELINE {"elapsed_seconds": 12.5, "tree_rss_bytes": 229097472, "foreign_peers": []}
HOST_TIMELINE {"elapsed_seconds": 16.812, "tree_rss_bytes": 232329216, "foreign_peers": []}
NPU_TIMELINE "\n-----------------------------\n[003d:00:01.1] : NPU Phoenix\n-----------------------------\nAIE Partitions\n  No hardware contexts running on device\n\n"
NPU_OWNERSHIP {"context_pids": [], "owned_pids": [16096, 53776], "foreign_pids": []}
HOST_TIMELINE {"elapsed_seconds": 21.062, "tree_rss_bytes": 226521088, "foreign_peers": []}
NPU_TIMELINE "\n-----------------------------\n[003d:00:01.1] : NPU Phoenix\n-----------------------------\nAIE Partitions\n  No hardware contexts running on device\n\n"
NPU_OWNERSHIP {"context_pids": [], "owned_pids": [16096, 53776], "foreign_pids": []}
HOST_TIMELINE {"elapsed_seconds": 25.265, "tree_rss_bytes": 221253632, "foreign_peers": []}
NPU_TIMELINE "\n-----------------------------\n[003d:00:01.1] : NPU Phoenix\n-----------------------------\nAIE Partitions\n  No hardware contexts running on device\n\n"
NPU_OWNERSHIP {"context_pids": [], "owned_pids": [16096, 53776], "foreign_pids": []}
HOST_TIMELINE {"elapsed_seconds": 29.515, "tree_rss_bytes": 221261824, "foreign_peers": []}
HOST_TIMELINE {"elapsed_seconds": 33.859, "tree_rss_bytes": 225976320, "foreign_peers": []}
NPU_TIMELINE "\n-----------------------------\n[003d:00:01.1] : NPU Phoenix\n-----------------------------\nAIE Partitions\n  No hardware contexts running on device\n\n"
NPU_OWNERSHIP {"context_pids": [], "owned_pids": [16096, 53776], "foreign_pids": []}
HOST_TIMELINE {"elapsed_seconds": 38.234, "tree_rss_bytes": 239415296, "foreign_peers": []}
NPU_TIMELINE "\n-----------------------------\n[003d:00:01.1] : NPU Phoenix\n-----------------------------\nAIE Partitions\n  No hardware contexts running on device\n\n"
NPU_OWNERSHIP {"context_pids": [], "owned_pids": [16096, 53776], "foreign_pids": []}
HOST_TIMELINE {"elapsed_seconds": 42.531, "tree_rss_bytes": 240451584, "foreign_peers": []}
NPU_TIMELINE "\n-----------------------------\n[003d:00:01.1] : NPU Phoenix\n-----------------------------\nAIE Partitions\n  No hardware contexts running on device\n\n"
NPU_OWNERSHIP {"context_pids": [], "owned_pids": [16096, 53776], "foreign_pids": []}
HOST_TIMELINE {"elapsed_seconds": 46.812, "tree_rss_bytes": 239271936, "foreign_peers": []}
HOST_TIMELINE {"elapsed_seconds": 51.046, "tree_rss_bytes": 231575552, "foreign_peers": []}
NPU_TIMELINE "\n-----------------------------\n[003d:00:01.1] : NPU Phoenix\n-----------------------------\nAIE Partitions\n  No hardware contexts running on device\n\n"
NPU_OWNERSHIP {"context_pids": [], "owned_pids": [16096, 53776], "foreign_pids": []}
HOST_TIMELINE {"elapsed_seconds": 55.281, "tree_rss_bytes": 226619392, "foreign_peers": []}
NPU_TIMELINE "\n-----------------------------\n[003d:00:01.1] : NPU Phoenix\n-----------------------------\nAIE Partitions\n  No hardware contexts running on device\n\n"
NPU_OWNERSHIP {"context_pids": [], "owned_pids": [16096, 53776], "foreign_pids": []}
HOST_TIMELINE {"elapsed_seconds": 59.562, "tree_rss_bytes": 222023680, "foreign_peers": []}
NPU_TIMELINE "\n-----------------------------\n[003d:00:01.1] : NPU Phoenix\n-----------------------------\nAIE Partitions\n  No hardware contexts running on device\n\n"
NPU_OWNERSHIP {"context_pids": [], "owned_pids": [16096, 53776], "foreign_pids": []}
HOST_TIMELINE {"elapsed_seconds": 63.828, "tree_rss_bytes": 221257728, "foreign_peers": []}
HOST_TIMELINE {"elapsed_seconds": 68.125, "tree_rss_bytes": 221265920, "foreign_peers": []}
NPU_TIMELINE "\n-----------------------------\n[003d:00:01.1] : NPU Phoenix\n-----------------------------\nAIE Partitions\n  No hardware contexts running on device\n\n"
NPU_OWNERSHIP {"context_pids": [], "owned_pids": [16096, 53776], "foreign_pids": []}
HOST_TIMELINE {"elapsed_seconds": 72.406, "tree_rss_bytes": 224763904, "foreign_peers": []}
NPU_TIMELINE "\n-----------------------------\n[003d:00:01.1] : NPU Phoenix\n-----------------------------\nAIE Partitions\n  No hardware contexts running on device\n\n"
NPU_OWNERSHIP {"context_pids": [], "owned_pids": [16096, 53776], "foreign_pids": []}
HOST_TIMELINE {"elapsed_seconds": 76.687, "tree_rss_bytes": 223698944, "foreign_peers": []}
NPU_TIMELINE "\n-----------------------------\n[003d:00:01.1] : NPU Phoenix\n-----------------------------\nAIE Partitions\n  No hardware contexts running on device\n\n"
NPU_OWNERSHIP {"context_pids": [], "owned_pids": [16096, 53776], "foreign_pids": []}
HOST_TIMELINE {"elapsed_seconds": 81.046, "tree_rss_bytes": 233426944, "foreign_peers": []}
HOST_TIMELINE {"elapsed_seconds": 85.312, "tree_rss_bytes": 233365504, "foreign_peers": []}
NPU_TIMELINE "\n-----------------------------\n[003d:00:01.1] : NPU Phoenix\n-----------------------------\nAIE Partitions\n  No hardware contexts running on device\n\n"
NPU_OWNERSHIP {"context_pids": [], "owned_pids": [16096, 53776], "foreign_pids": []}
HOST_TIMELINE {"elapsed_seconds": 89.578, "tree_rss_bytes": 229068800, "foreign_peers": []}
NPU_TIMELINE "\n-----------------------------\n[003d:00:01.1] : NPU Phoenix\n-----------------------------\nAIE Partitions\n  No hardware contexts running on device\n\n"
NPU_OWNERSHIP {"context_pids": [], "owned_pids": [16096, 53776], "foreign_pids": []}
HOST_TIMELINE {"elapsed_seconds": 93.953, "tree_rss_bytes": 239443968, "foreign_peers": []}
NPU_TIMELINE "\n-----------------------------\n[003d:00:01.1] : NPU Phoenix\n-----------------------------\nAIE Partitions\n  No hardware contexts running on device\n\n"
NPU_OWNERSHIP {"context_pids": [], "owned_pids": [16096, 53776], "foreign_pids": []}
HOST_TIMELINE {"elapsed_seconds": 98.14, "tree_rss_bytes": 230801408, "foreign_peers": []}
HOST_TIMELINE {"elapsed_seconds": 102.328, "tree_rss_bytes": 221323264, "foreign_peers": []}
NPU_TIMELINE "\n-----------------------------\n[003d:00:01.1] : NPU Phoenix\n-----------------------------\nAIE Partitions\n  No hardware contexts running on device\n\n"
NPU_OWNERSHIP {"context_pids": [], "owned_pids": [16096, 53776], "foreign_pids": []}
HOST_TIMELINE {"elapsed_seconds": 106.578, "tree_rss_bytes": 221327360, "foreign_peers": []}
NPU_TIMELINE "\n-----------------------------\n[003d:00:01.1] : NPU Phoenix\n-----------------------------\nAIE Partitions\n  No hardware contexts running on device\n\n"
NPU_OWNERSHIP {"context_pids": [], "owned_pids": [16096, 53776], "foreign_pids": []}
HOST_TIMELINE {"elapsed_seconds": 110.796, "tree_rss_bytes": 221401088, "foreign_peers": []}
NPU_TIMELINE "\n-----------------------------\n[003d:00:01.1] : NPU Phoenix\n-----------------------------\nAIE Partitions\n  No hardware contexts running on device\n\n"
NPU_OWNERSHIP {"context_pids": [], "owned_pids": [16096, 53776], "foreign_pids": []}
HOST_TIMELINE {"elapsed_seconds": 115.015, "tree_rss_bytes": 221409280, "foreign_peers": []}
BENCHMARK {"backend": "cpu", "warmup": 50, "frames": 500, "image": "data/bisenetv2_val/000000032570.jpg", "mean_ms": 214.18894999893382, "p95_ms": 305.2846300066449, "stages": {"pre_ms": 5.785024196840823, "network_ms": 107.72999980044551, "post_ms": 100.67392600164749}, "samples_ms": [131.9371999707073, 309.01510000694543, 122.96589999459684, 306.2251000665128, 121.71500001568347, 301.5964000951499, 130.04750001709908, 295.3715999610722, 129.73139993846416, 299.07070007175207, 135.31110004987568, 291.43119999207556, 136.7229000898078, 291.52710002381355, 135.61839994508773, 294.95379992295057, 128.70339991059154, 290.1449999772012, 130.19049994181842, 297.2161000361666, 127.5803999742493, 303.8696999428794, 134.11920005455613, 303.6819000262767, 127.28530005551875, 306.7825000034645, 128.33500001579523, 292.5052000209689, 132.92660005390644, 296.2626999942586, 129.92719991598278, 292.9820000426844, 133.4050000878051, 291.44499998074025, 133.5469998884946, 301.04629998095334, 130.34220004919916, 299.3921999586746, 124.27190004382282, 306.67710001580417, 128.965700045228, 299.24510000273585, 130.3798999870196, 300.6982000079006, 136.38479996006936, 299.68049994204193, 126.27460004296154, 299.2272999836132, 128.42159997671843, 294.6041999384761, 132.48470006510615, 298.0581000447273, 126.15240004379302, 297.86649998277426, 131.65519991889596, 295.1825999189168, 129.19819995295256, 296.5529999928549, 126.08680000994354, 297.32070001773536, 125.95999997574836, 297.95060004107654, 126.27610005438328, 310.55559997912496, 122.44860001374036, 298.1728999875486, 127.38359998911619, 301.60690005868673, 127.46830005198717, 297.8041999740526, 132.75429990608245, 289.0742999734357, 129.66630002483726, 292.87360003218055, 133.4139999235049, 294.9172999942675, 130.09619992226362, 297.31699998956174, 125.94969989731908, 298.82230004295707, 131.8025999935344, 296.22399993240833, 130.38079999387264, 300.5632000276819, 140.07520000450313, 303.1765000196174, 127.85329995676875, 287.64719993341714, 136.55140006449074, 295.32030003611, 132.24870001431555, 297.6003000512719, 134.23580001108348, 284.51959998346865, 135.41919994167984, 295.4341999720782, 131.98100007139146, 292.05539997201413, 127.27490009274334, 299.24269998446107, 128.87499993667006, 299.04610000085086, 120.7812000066042, 302.09480004850775, 129.22150001395494, 306.4082000637427, 122.37949995324016, 297.0495999325067, 129.06730000395328, 293.38489996735007, 131.69130007736385, 293.44239993952215, 128.33460001274943, 297.60890000034124, 126.85960007365793, 291.17119999136776, 131.316400016658, 300.2119999146089, 120.10950001422316, 306.1008000513539, 127.02970008831471, 300.66209996584803, 133.4216999821365, 296.06359999161214, 128.15650005359203, 294.0000999951735, 130.98389992956072, 298.8954000174999, 130.8757000369951, 299.1866000229493, 131.93849998060614, 296.55069997534156, 133.07910005096346, 304.7150999773294, 127.46340001467615, 297.7100000716746, 132.36269995104522, 300.0402000034228, 131.87899999320507, 300.20030005834997, 129.13150002714247, 296.62569996435195, 129.6686000423506, 297.39530000369996, 126.13520002923906, 296.5001000557095, 124.59729996044189, 298.5835999716073, 134.02540003880858, 295.7088000839576, 134.1167000355199, 299.2187000345439, 131.83430000208318, 310.84179994650185, 132.76649999897927, 297.5846000481397, 132.3010999476537, 292.1766999643296, 124.49140008538961, 298.6032000044361, 118.89429995790124, 304.9281999701634, 126.16189999971539, 305.9363999636844, 128.63930000457913, 301.5083000063896, 132.77250004466623, 297.3459999775514, 135.58590004686266, 299.23739994410425, 129.33330005034804, 301.78589990828186, 132.77319993358105, 305.6955999927595, 130.35299989860505, 297.9575999779627, 133.34089994896203, 297.1168999793008, 124.76829998195171, 299.7664000140503, 124.731499934569, 298.96370007190853, 124.36569994315505, 301.7918999539688, 130.24219998624176, 297.68009996041656, 124.30389993824065, 296.1302000330761, 132.43350002449006, 299.5138999540359, 135.75180002953857, 293.5920999152586, 131.6896000644192, 311.32860004436225, 132.3104000184685, 292.2614000272006, 130.7724000653252, 295.2047000871971, 128.49400006234646, 305.22950005251914, 121.53360003139824, 306.02479993831366, 125.08800008799881, 298.8463999936357, 124.6973000233993, 301.8922000192106, 129.3125000083819, 291.1377999698743, 139.4577999599278, 294.49330002535135, 133.9911000104621, 295.9232000866905, 134.21010004822165, 303.7418000167236, 134.82750009279698, 294.172800029628, 133.07689991779625, 306.9082999136299, 125.97390008158982, 303.6125000799075, 126.67229992803186, 305.02770002931356, 130.11759996879846, 297.56460001226515, 130.8687999844551, 302.07019997760653, 128.44620004761964, 290.3639000141993, 132.2793000144884, 291.83790006209165, 135.11450006626546, 291.56129993498325, 133.98529996629804, 307.7717999694869, 129.34939994011074, 296.41369997989386, 132.2045000270009, 299.5532000204548, 132.4512999271974, 294.030399993062, 125.84220001008362, 297.9792000260204, 124.92259999271482, 299.0639000199735, 133.5636000148952, 300.31389999203384, 124.82220004312694, 294.11200003232807, 133.966900059022, 298.7778000533581, 137.77969998773187, 292.6715000066906, 135.80469996668398, 305.55639998055995, 133.13980004750192, 298.70009992737323, 135.413600015454, 294.6812000591308, 122.73810000624508, 305.9287000214681, 123.90510004479438, 297.1762999659404, 127.56619998253882, 301.32600001525134, 134.64989990461618, 294.7853000368923, 135.58440003544092, 288.5422999970615, 132.93329998850822, 299.9547999352217, 127.91979999747127, 288.2585999323055, 134.04299993999302, 302.9454000061378, 128.99650004692376, 296.2706000544131, 130.31859998591244, 287.2884999960661, 123.90849995426834, 295.72779999580234, 127.44449998717755, 299.71199994906783, 129.81349998153746, 296.6532000573352, 122.84349999390543, 301.90719990059733, 132.75300001259893, 295.83509999793023, 136.9615999283269, 299.0941000171006, 127.7051999932155, 288.57229999266565, 131.69660000130534, 298.10899996664375, 133.1295999698341, 295.15159991569817, 136.95109996479005, 295.2557998942211, 128.59590002335608, 305.2871000254527, 131.76599994767457, 298.114400007762, 128.24460002593696, 298.7573000136763, 130.89260004926473, 298.7870000069961, 130.5525000207126, 291.9563999166712, 132.71989999338984, 293.19439991377294, 132.85309995990247, 295.11350009124726, 125.76690001878887, 296.1109000025317, 142.15680002234876, 292.40929998923093, 135.2819000603631, 294.0585999749601, 128.75190004706383, 303.45459992531687, 127.81560001894832, 294.3430000450462, 128.76619992312044, 296.4625000022352, 126.20440009050071, 305.244900053367, 124.59779996424913, 302.82989994157106, 133.1173999933526, 300.3819000441581, 129.2935999808833, 288.6103999335319, 131.5969000570476, 301.71189992688596, 130.59419998899102, 296.42729996703565, 137.46879994869232, 296.91350006032735, 123.21660004090518, 308.97120002191514, 129.63789992500097, 300.37309997715056, 121.53280002530664, 304.16880000848323, 120.56489998940378, 295.81039992626756, 120.86379993706942, 298.8438999745995, 138.33109999541193, 292.79940004926175, 133.16329999361187, 298.7664999673143, 134.66630002949387, 296.46670003421605, 133.8998000137508, 298.21369994897395, 127.22170003689826, 307.0064000785351, 130.11040003038943, 302.91810003109276, 128.6874000215903, 300.50480004865676, 123.81889997050166, 299.06929994467646, 129.07809996977448, 300.3207000438124, 125.01810002140701, 300.2432999201119, 127.09909991826862, 290.70589994080365, 128.3420999534428, 298.46449999604374, 135.1219000061974, 295.54490000009537, 135.33690001349896, 293.4370000148192, 130.97850000485778, 294.94739999063313, 124.63560001924634, 299.2292999988422, 130.2026999182999, 303.4789999946952, 121.73730006907135, 300.49609998241067, 121.70030002016574, 304.2571999831125, 126.83239998295903, 303.43480000738055, 128.9480000268668, 292.784700053744, 129.19270002748817, 290.959500009194, 130.73370000347495, 301.25690007116646, 130.37450006231666, 295.1659000245854, 137.93909992091358, 301.8554000882432, 125.04710000939667, 305.3420999785885, 124.1932000266388, 306.22819997370243, 132.032300112769, 302.6871000183746, 128.21110000368208, 298.99609996937215, 125.68609998561442, 291.0450999625027, 136.2763000652194, 299.6836999664083, 132.007300038822, 299.5167000917718, 130.76189998537302, 294.4504999322817, 132.2516999207437, 292.5256999442354, 128.29050002619624, 296.42759996932, 130.043699988164, 297.7176000131294, 127.74319993332028, 297.35120001714677, 134.69149998854846, 305.284500005655, 135.40929998271167, 299.99940004199743, 130.98640006501228, 291.06650000903755, 133.15249991137534, 291.83939995709807, 131.22909993398935, 296.50069994386286, 133.2318999338895, 298.3228999655694, 132.07149994559586, 295.2134000370279, 128.80250008311123, 303.60640003345907, 125.15740003436804, 299.30890002287924, 125.85309997666627, 306.0435000807047, 126.86419999226928, 306.0937999980524, 128.01410001702607, 296.31080001126975, 130.40940009523183, 289.9639999959618, 130.53790002595633, 291.6878000833094, 131.82120001874864, 288.94759994000196, 133.08359996881336, 297.37619997467846, 132.53760000225157, 301.71939998399466, 134.10379993729293, 305.31020008493215, 131.6145999589935, 302.7102999622002, 129.0921000763774, 297.8636999614537, 129.09039994701743, 303.27649996615946, 128.6975999828428, 299.7917999746278, 136.65739994030446, 293.4508000034839, 128.73919995035976, 295.4799000872299, 127.82880000304431, 298.3184999320656, 134.92640003096312, 296.63320002146065, 131.51119998656213, 296.723400009796, 130.34529995638877, 304.20540005434304, 132.16779998037964, 304.38349989708513, 126.45660003181547, 298.5229999758303, 126.52309995610267, 300.38329993840307, 126.8493999959901, 305.55579997599125, 135.1204999955371, 304.02049992699176, 138.45089997630566, 291.08720005024225, 130.42619999032468, 300.39400001987815, 131.3952999189496, 298.04859997238964, 129.84990002587438, 302.4685999844223, 128.33279999904335, 302.2612000349909, 132.4769000057131, 300.7089000893757]}
POST_NPU_CONTEXT_WITNESS "\n-----------------------------\n[003d:00:01.1] : NPU Phoenix\n-----------------------------\nAIE Partitions\n  No hardware contexts running on device\n\n"
RESEARCH_PROCESS_RESULT {"exit_code": 0, "stop": null, "peak_tree_rss_bytes": 243249152, "rss_measurement": "maximum observed across sampled descendant working sets; zero observations reported as null", "elapsed_seconds": 118.31200000003446, "foreign_contention_observed": false, "timing_eligible": true}
