RESEARCH_PLATFORM {"machine": "Desktop 2", "cpu": "AMD Ryzen 7 8700G w/ Radeon 780M Graphics", "os": "Windows-11-10.0.26200-SP0", "ram_bytes": 33381138432, "source_sha256": {"tools/research_process.py": "b527a07958df0ed575df38dfe88da348c972ee79eb459974555cf2655f94d37f", "tools/quant_calib_alphabet.py": "2dc0b2878c564853f340880209a425dfcf63b8536b2b8e9fd32344daade58d37", "tools/xint8_arithmetic_probe.py": "6aa3df08b9870c3c2264b868459d7ffbac3070dddc1349d7c6f3f480075f7041", "scripts/research-lowlevel.sh": "3455ad7933697936487712665505c216891865c6deada647302785f6e37020bd", "scripts/research-iron.sh": "4c863a262646ddab39b5005006ba8e03809895e6386c6310e2fd9d0a9e9609ee", "kernels/memory_placement/probe.py": "e8d990169ad6091fa1b53852e9f61eff495b5def72d35165a5c5cf1759e38898", "kernels/memory_placement/memory_kernels.cc": "182e7af7071a1e851afb4a7ca266069c489aea1fbaaa85eca129708daeba5ba6", "scripts/research-matrix.sh": "739254171629deae822b0ad7dabc875aee19ace56dde77d3e8aab61663f97516", "kernels/memory_placement/gemm.py": "17c905ad66110d3346bbf0db898dfc6b780df59fae1dfb0c1747057ce1e5844e", "kernels/memory_placement/gemm_placement.cc": "f21acf7250b12914ea30cc1f77613239dfa18421a85a1b9a5199017dd916278a", "tools/research_summary.py": "0c00dcceef07053d06731b41a1f1ed58d3ba4ea09f82497de354ce9cef17da20", "tools/research_toolchain.py": "f0a126a24ae213acfaa43460cfd9def0c86d9cb70cfee0228aa271688467b314"}, "commit": "7c9efd5f0d35f23a5ce6d476900660600ab4f10c", "command": ["C:/Users/<user>/miniforge3/envs/mlir-aie-iron/python.exe", "benchmarks/dense_compare.py", "compile", "--family", "bisenetv2", "--pins", "results/dense/bisenetv2_pins_20260919.json", "--artifacts", "build/dense_validation", "--container", "build/bisenetv2_dense.ignite"], "seconds_limit": 600.0, "rss_gib_limit": 10.0, "checks_only": false, "free_ram_bytes": 17849487360}
HOST_LOAD busy_cores=0.78 logical_cores=16 free_ram_gb=16.5 sample_sec=1
HOST_LOAD_TOP 0.62 Code:50676 ws_mb=550
HOST_LOAD_TOP 0.05 Code:48276 ws_mb=480
HOST_LOAD_TOP 0.05 powershell:51792 ws_mb=82
HOST_LOAD_TOP 0.02 <tool>:2252 ws_mb=390
HOST_LOAD_TOP 0.02 AMDRSServ:59520 ws_mb=27
HOST_LOAD_VERDICT CLEAR

PRE_NPU_CONTEXT_WITNESS "\n-----------------------------\n[003d:00:01.1] : NPU Phoenix\n-----------------------------\nAIE Partitions\n  No hardware contexts running on device\n\n"
IDENTITY {"family": "bisenetv2", "pins_sha256": "8ee15fcb737d5285a3372d1430001e643f6e435f200978ea28fa879ed53eba62", "model_sha256": "5206b31103fb80f812b837c9402b4dbaf8f098f0df2c06bc96b18398644aab8e", "numpy": "2.5.3", "ort": "1.30.0", "images": 50, "full_set": true}
Traceback (most recent call last):
  File "C:\Users\<user>\PycharmProjects\ignite-xdna\benchmarks\dense_compare.py", line 228, in <module>
    main()
    ~~~~^^
  File "C:\Users\<user>\PycharmProjects\ignite-xdna\benchmarks\dense_compare.py", line 104, in main
    manifest = compile_graph_container(ROOT/model,args.container,dense_recipe=args.family,task=task,retire_batch=2)
  File "C:\Users\<user>\PycharmProjects\ignite-xdna\src\ignite_xdna\compiler\engine_compile.py", line 302, in compile_graph_container
    import aie.iron as iron
ModuleNotFoundError: No module named 'aie'
RESEARCH_PROCESS_RESULT {"exit_code": 1, "stop": null, "peak_tree_rss_bytes": null, "rss_measurement": "maximum observed across sampled descendant working sets; zero observations reported as null", "elapsed_seconds": 1.734000000054948, "foreign_contention_observed": false, "timing_eligible": false}
