RESEARCH_PLATFORM {"machine": "Desktop 2", "cpu": "AMD Ryzen 7 8700G w/ Radeon 780M Graphics", "os": "Windows-11-10.0.26200-SP0", "ram_bytes": 33381138432, "source_sha256": {"tools/research_process.py": "ffeb1857f190b482eed101b5f5a928f455de26bfa61d23f78a2eacec08e2663e", "tools/quant_calib_alphabet.py": "2dc0b2878c564853f340880209a425dfcf63b8536b2b8e9fd32344daade58d37", "tools/xint8_arithmetic_probe.py": "6aa3df08b9870c3c2264b868459d7ffbac3070dddc1349d7c6f3f480075f7041", "scripts/research-lowlevel.sh": "3455ad7933697936487712665505c216891865c6deada647302785f6e37020bd", "scripts/research-iron.sh": "4c863a262646ddab39b5005006ba8e03809895e6386c6310e2fd9d0a9e9609ee", "kernels/memory_placement/probe.py": "e8d990169ad6091fa1b53852e9f61eff495b5def72d35165a5c5cf1759e38898", "kernels/memory_placement/memory_kernels.cc": "182e7af7071a1e851afb4a7ca266069c489aea1fbaaa85eca129708daeba5ba6", "scripts/research-matrix.sh": "739254171629deae822b0ad7dabc875aee19ace56dde77d3e8aab61663f97516", "kernels/memory_placement/gemm.py": "17c905ad66110d3346bbf0db898dfc6b780df59fae1dfb0c1747057ce1e5844e", "kernels/memory_placement/gemm_placement.cc": "f21acf7250b12914ea30cc1f77613239dfa18421a85a1b9a5199017dd916278a", "tools/research_summary.py": "0c00dcceef07053d06731b41a1f1ed58d3ba4ea09f82497de354ce9cef17da20", "tools/research_toolchain.py": "f0a126a24ae213acfaa43460cfd9def0c86d9cb70cfee0228aa271688467b314"}, "commit": "68f6a492674d8d769077cf02af2aec421507a631", "command": ["bash", "scripts/research-iron.sh", "tools/verify_lowering_against_onnxruntime.py", "--model", "models/modnet/modnet_cut_ignition_cle_adaround_c64.onnx", "--recipe", "modnet_cut", "--image", "assets/bus.jpg"], "seconds_limit": 300, "rss_gib_limit": 8, "checks_only": true, "free_ram_bytes": 17913032704}
model    models/modnet/modnet_cut_ignition_cle_adaround_c64.onnx
input    input [1, 3, 512, 512]

Conv -> Clip -> QuantizeLinear: 35 layers, 4 with a binding bound
  a bound at or above quantum 255 is already performed by uint8 saturation, so the
  layer is a plain ReLU; below 255 it is a clamp this epilogue cannot express.
  BINDS  /lr_branch/backbone/features.1/conv/conv.0/Conv                        dw=y [0,6] scale 0.062500 -> quantum 224.0
  BINDS  /lr_branch/backbone/features.2/conv/conv.0/Conv                        dw=n [0,6] scale 0.062500 -> quantum 224.0
  BINDS  /lr_branch/backbone/features.2/conv/conv.3/Conv                        dw=y [0,6] scale 0.062500 -> quantum 224.0
  BINDS  /lr_branch/backbone/features.18/features.18.0/Conv                     dw=n [0,6] scale 0.062500 -> quantum 224.0
HOST_TIMELINE {"elapsed_seconds": 4.0, "tree_rss_bytes": 141873152, "foreign_peers": []}
HOST_TIMELINE {"elapsed_seconds": 7.907, "tree_rss_bytes": 165355520, "foreign_peers": []}
HOST_TIMELINE {"elapsed_seconds": 12.032, "tree_rss_bytes": 171515904, "foreign_peers": []}
HOST_TIMELINE {"elapsed_seconds": 16.032, "tree_rss_bytes": 178446336, "foreign_peers": []}
HOST_TIMELINE {"elapsed_seconds": 20.125, "tree_rss_bytes": 166588416, "foreign_peers": []}
HOST_TIMELINE {"elapsed_seconds": 24.25, "tree_rss_bytes": 182489088, "foreign_peers": []}

lowered in 27.0s: 53 engine layers, 22 host layers
HOST_TIMELINE {"elapsed_seconds": 28.375, "tree_rss_bytes": 310980608, "foreign_peers": []}
integer reference 2.3s, onnxruntime 0.2s

53/53 engine layer tensors byte-exact against ONNX Runtime
  graph output logits                         EXACT (1, 1, 512, 512) float32
RESEARCH_PROCESS_RESULT {"exit_code": 0, "stop": null, "peak_tree_rss_bytes": 310980608, "rss_measurement": "maximum observed across sampled descendant working sets; zero observations reported as null", "elapsed_seconds": 30.73499999998603, "foreign_contention_observed": false, "timing_eligible": false}
