VitisAI EP report of the variant D session built by eval_xint8_fp32D_c2fattn_cv2_amd_npu300.log (Ryzen AI 1.7.1, cache key yolow_fp32D): node devices {"CPU": 939, "NPU": 110}
=== <scratch>/yolow/mixed/yolov8s-worldv2_cut_xint8_fp32D.onnx ===
ir_version 8   opset [('ai.onnx', 17), ('com.microsoft.nchwc', 1), ('ai.onnx.ml', 5), ('ai.onnx.training', 1), ('ai.onnx.preview.training', 1), ('com.microsoft', 1), ('com.microsoft.experimental', 1), ('org.pytorch.aten', 1), ('com.amd.quark', 1)]
producer   quark.onnx 0.11rc1
nodes      1038
input      images [1, 3, 640, 640]
output     /model.22/cv2.0/cv2.0.2/Conv_output_0 [1, 64, 80, 80]
output     /model.22/cv2.1/cv2.1.2/Conv_output_0 [1, 64, 40, 40]
output     /model.22/cv2.2/cv2.2.2/Conv_output_0 [1, 64, 20, 20]
output     /model.22/cv3.0/cv3.0.2/Conv_output_0 [1, 512, 80, 80]
output     /model.22/cv3.1/cv3.1.2/Conv_output_0 [1, 512, 40, 40]
output     /model.22/cv3.2/cv3.2.2/Conv_output_0 [1, 512, 20, 20]
ops        [('DequantizeLinear', 381), ('QuantizeLinear', 250), ('Mul', 118), ('Constant', 89), ('Conv', 67), ('HardSigmoid', 57), ('Slice', 16), ('Concat', 13), ('Reshape', 12), ('Add', 10), ('Einsum', 4), ('ReduceMax', 4), ('Div', 4), ('Unsqueeze', 4), ('Sigmoid', 4), ('MaxPool', 3), ('Resize', 2)]

Q/DQ       QuantizeLinear 250, DequantizeLinear 381

ops absent from the known-good ResNet50 graph: [('Concat', 13), ('Div', 4), ('HardSigmoid', 57), ('Reshape', 12), ('Resize', 2), ('Sigmoid', 4), ('Slice', 16)]
  Any of these could be what GetCapability refuses. Bisect by removing them, not by guessing.

float compute nodes (no Q/DQ within 3 hops upstream): 0

first Conv/Gemm: /model.0/conv/Conv
   input producers: ['DequantizeLinear', 'DequantizeLinear', 'DequantizeLinear']

no <ignite-xdna worktree>\yolow_fp32D\vitisai_ep_report.json
  The EP writes it on every session build. If it is missing, the EP never ran - check the xclbin and RYZEN_AI_INSTALLATION_PATH.
