$ <home>\miniforge3\envs\resnet_env17\python.exe <scratch>\yolow_layer_sensitivity.py <scratch>\yolow\yolov8s-worldv2_cut_fp32_hardsigmoid.onnx --images 1 --top 20
  0/67 layers, 0 s
  10/67 layers, 2 s
  20/67 layers, 4 s
  30/67 layers, 6 s
  40/67 layers, 8 s
  50/67 layers, 10 s
  60/67 layers, 12 s

67 convolutions; worst head SQNR when only that layer's weights are rounded:
  head  -12.91 dB | weights  19.1 dB | /model.15/cv2/conv/Conv | per head [1.7, -0.2, 4.9, -12.9, -1.3, 3.1]
  head   -1.83 dB | weights  22.6 dB | /model.18/cv2/conv/Conv | per head [374.9, 19.6, 9.6, 372.9, -1.8, 3.0]
  head    6.33 dB | weights  28.3 dB | /model.12/cv2/conv/Conv | per head [15.5, 12.0, 8.1, 9.6, 6.7, 6.3]
  head   14.79 dB | weights  26.4 dB | /model.21/cv2/conv/Conv | per head [374.9, 368.9, 24.0, 372.9, 366.8, 14.8]
  head   18.80 dB | weights  15.4 dB | /model.22/cv3.1/cv3.1.1/conv/Conv | per head [374.9, 368.9, 362.7, 372.9, 18.8, 359.4]
  head   19.52 dB | weights  26.1 dB | /model.4/cv1/conv/Conv | per head [22.2, 24.0, 24.2, 21.0, 20.4, 19.5]
  head   19.59 dB | weights  27.5 dB | /model.8/cv1/conv/Conv | per head [23.9, 25.5, 22.2, 21.3, 20.7, 19.6]
  head   20.29 dB | weights  15.7 dB | /model.22/cv3.2/cv3.2.1/conv/Conv | per head [374.9, 368.9, 362.7, 372.9, 366.8, 20.3]
  head   20.71 dB | weights  29.0 dB | /model.2/cv2/conv/Conv | per head [23.3, 24.3, 22.9, 21.9, 21.2, 20.7]
  head   22.02 dB | weights  28.8 dB | /model.4/cv2/conv/Conv | per head [25.5, 26.3, 25.4, 23.6, 23.4, 22.0]
  head   22.03 dB | weights  34.2 dB | /model.1/conv/Conv | per head [26.2, 27.7, 27.5, 25.1, 24.7, 22.0]
  head   22.18 dB | weights  25.3 dB | /model.15/cv1/conv/Conv | per head [25.2, 31.6, 34.4, 22.2, 29.7, 33.4]
  head   22.86 dB | weights  24.2 dB | /model.4/m.0/cv2/conv/Conv | per head [28.6, 29.5, 30.6, 25.5, 24.8, 22.9]
  head   25.51 dB | weights  28.3 dB | /model.9/cv2/conv/Conv | per head [31.1, 31.5, 29.6, 28.6, 27.5, 25.5]
  head   25.91 dB | weights  23.8 dB | /model.4/m.0/cv1/conv/Conv | per head [29.1, 30.8, 29.0, 28.0, 27.6, 25.9]
  head   25.96 dB | weights  30.5 dB | /model.2/cv1/conv/Conv | per head [26.9, 28.9, 29.9, 26.9, 26.0, 27.2]
  head   28.32 dB | weights  29.3 dB | /model.22/cv3.0/cv3.0.0/conv/Conv | per head [374.9, 368.9, 362.7, 28.3, 366.8, 359.4]
  head   28.40 dB | weights  22.2 dB | /model.22/cv3.1/cv3.1.0/conv/Conv | per head [374.9, 368.9, 362.7, 372.9, 28.4, 359.4]
  head   28.61 dB | weights  41.5 dB | /model.0/conv/Conv | per head [32.2, 33.8, 30.9, 30.5, 30.8, 28.6]
  head   28.85 dB | weights  27.6 dB | /model.18/cv1/conv/Conv | per head [374.9, 33.8, 36.0, 372.9, 28.9, 31.4]

median worst-head SQNR over layers: 33.5 dB

exit 0
