$ <home>\miniforge3\envs\resnet_env17\python.exe <scratch>\yolow_sqnr.py <scratch>\yolow\mixed\yolov8s-worldv2_cut_xint8_fp32A.onnx --images 4
QDQ model: 222 QuantizeLinear, 348 DequantizeLinear
QuantizeLinear nodes named inside /attn/: 4 ['/model.12/attn/Reshape_3_output_0_QuantizeLinear', '/model.15/attn/Reshape_3_output_0_QuantizeLinear', '/model.18/attn/Reshape_3_output_0_QuantizeLinear', '/model.21/attn/Reshape_3_output_0_QuantizeLinear']
215 tensors compared

first 12 in graph order:
    32.18 dB  /model.0/conv/Conv_output_0
    22.68 dB  /model.0/act/Sigmoid_output_0
    25.50 dB  /model.0/act/Mul_output_0
    19.48 dB  /model.1/conv/Conv_output_0
    18.10 dB  /model.1/act/Sigmoid_output_0
    18.18 dB  /model.1/act/Mul_output_0
    19.12 dB  /model.2/cv1/conv/Conv_output_0
    19.50 dB  /model.2/cv1/act/Sigmoid_output_0
    14.94 dB  /model.2/cv1/act/Mul_output_0
    14.91 dB  /model.2/Split_output_0
    14.96 dB  /model.2/Split_output_1
    13.93 dB  /model.2/m.0/cv1/conv/Conv_output_0

lowest 25:
    -7.37 dB  #177  /model.19/act/Mul_output_0
    -7.30 dB  #150  /model.22/cv3.0/cv3.0.1/conv/Conv_output_0
    -6.86 dB  #182  /model.22/cv3.1/cv3.1.1/conv/Conv_output_0
    -6.60 dB  #179  /model.22/cv3.1/cv3.1.0/act/Mul_output_0
    -6.59 dB  #147  /model.22/cv3.0/cv3.0.0/act/Mul_output_0
    -5.39 dB  #140  /model.22/cv2.0/cv2.0.0/conv/Conv_output_0
    -5.23 dB  #149  /model.22/cv2.0/cv2.0.1/conv/Conv_output_0
    -5.15 dB  #190  /model.21/Slice_output_0
    -4.95 dB  #146  /model.22/cv2.0/cv2.0.0/act/Mul_output_0
    -4.93 dB  #156  /model.22/cv3.0/cv3.0.1/act/Mul_output_0
    -4.82 dB  #141  /model.22/cv3.0/cv3.0.0/conv/Conv_output_0
    -4.35 dB  #189  /model.21/cv1/act/Mul_output_0
    -4.27 dB  #180  /model.20/Concat_output_0
    -4.18 dB  #138  /model.15/cv2/act/Mul_output_0
    -4.09 dB  #170  /model.18/cv2/act/Mul_output_0
    -4.01 dB  #188  /model.22/cv3.1/cv3.1.1/act/Mul_output_0
    -3.55 dB  #208  /model.22/cv3.2/cv3.2.0/act/Mul_output_0
    -3.35 dB  #145  /model.16/act/Mul_output_0
    -3.00 dB  #171  /model.19/conv/Conv_output_0
    -2.94 dB  #210  /model.22/cv3.2/cv3.2.1/conv/Conv_output_0
    -2.90 dB  #139  /model.16/conv/Conv_output_0
    -2.57 dB  #155  /model.22/cv2.0/cv2.0.1/act/Mul_output_0
    -2.51 dB  #183  /model.21/cv1/conv/Conv_output_0
    -2.40 dB  #173  /model.22/cv3.1/cv3.1.0/conv/Conv_output_0
    -2.16 dB  #202  /model.21/cv2/act/Mul_output_0

head outputs:

exit 0
