$ python iron_run.py <ignite-xdna worktree> sig_sitting.py <out> --iters 100 [--arms ...]  (verify_engine_container.py per run, xrt-smi idle before each, forward then reverse order per model)
host DESKTOP-CBL5NUA, 2026-09-17T12:31Z, --iters 100, arms ['today', 'v1_new_hardsigmoid', 'v1_new_sigmoid', 'new_hardsigmoid', 'new_sigmoid'], order forward then reverse per model
yolov8n today_hardsigmoid run 0: rc=0 [verify] 66/66 layers exact | first dispatch 8.827 ms | dispatch mean 7.245 ms, min 7.088, max 7.556 over 100
yolov8n v1_new_hardsigmoid run 1: rc=0 [verify] 66/66 layers exact | first dispatch 8.796 ms | dispatch mean 7.262 ms, min 7.134, max 7.491 over 100
yolov8n v1_new_sigmoid run 2: rc=0 [verify] 66/66 layers exact | first dispatch 9.452 ms | dispatch mean 7.508 ms, min 7.363, max 8.329 over 100
yolov8n new_hardsigmoid run 3: rc=0 [verify] 66/66 layers exact | first dispatch 8.812 ms | dispatch mean 7.205 ms, min 7.092, max 7.346 over 100
yolov8n new_sigmoid run 4: rc=0 [verify] 66/66 layers exact | first dispatch 9.089 ms | dispatch mean 7.437 ms, min 7.314, max 7.618 over 100
yolov8n new_sigmoid run 5: rc=0 [verify] 66/66 layers exact | first dispatch 9.320 ms | dispatch mean 7.538 ms, min 7.390, max 8.416 over 100
yolov8n new_hardsigmoid run 6: rc=0 [verify] 66/66 layers exact | first dispatch 8.822 ms | dispatch mean 7.275 ms, min 7.161, max 7.558 over 100
yolov8n v1_new_sigmoid run 7: rc=0 [verify] 66/66 layers exact | first dispatch 9.447 ms | dispatch mean 7.510 ms, min 7.384, max 8.534 over 100
yolov8n v1_new_hardsigmoid run 8: rc=0 [verify] 66/66 layers exact | first dispatch 9.087 ms | dispatch mean 7.268 ms, min 7.158, max 7.449 over 100
yolov8n today_hardsigmoid run 9: rc=0 [verify] 66/66 layers exact | first dispatch 8.940 ms | dispatch mean 7.349 ms, min 7.112, max 11.055 over 100
yolov8s today_hardsigmoid run 0: rc=0 [verify] 66/66 layers exact | first dispatch 19.182 ms | dispatch mean 16.794 ms, min 16.663, max 17.511 over 100
yolov8s v1_new_hardsigmoid run 1: rc=0 [verify] 66/66 layers exact | first dispatch 18.398 ms | dispatch mean 16.936 ms, min 16.784, max 18.636 over 100
yolov8s v1_new_sigmoid run 2: rc=0 [verify] 66/66 layers exact | first dispatch 18.923 ms | dispatch mean 17.214 ms, min 17.128, max 18.117 over 100
yolov8s new_hardsigmoid run 3: rc=0 [verify] 66/66 layers exact | first dispatch 18.426 ms | dispatch mean 16.799 ms, min 16.713, max 16.947 over 100
yolov8s new_sigmoid run 4: rc=0 [verify] 66/66 layers exact | first dispatch 18.821 ms | dispatch mean 17.201 ms, min 17.110, max 17.348 over 100
yolov8s new_sigmoid run 5: rc=0 [verify] 66/66 layers exact | first dispatch 18.883 ms | dispatch mean 17.201 ms, min 17.088, max 17.518 over 100
yolov8s new_hardsigmoid run 6: rc=0 [verify] 66/66 layers exact | first dispatch 18.465 ms | dispatch mean 16.799 ms, min 16.663, max 17.328 over 100
yolov8s v1_new_sigmoid run 7: rc=0 [verify] 66/66 layers exact | first dispatch 18.861 ms | dispatch mean 17.242 ms, min 17.093, max 18.770 over 100
yolov8s v1_new_hardsigmoid run 8: rc=0 [verify] 66/66 layers exact | first dispatch 18.503 ms | dispatch mean 16.849 ms, min 16.717, max 18.554 over 100
yolov8s today_hardsigmoid run 9: rc=0 [verify] 66/66 layers exact | first dispatch 18.512 ms | dispatch mean 16.803 ms, min 16.708, max 18.279 over 100
pose today_hardsigmoid run 0: rc=0 [verify] 75/75 layers exact | first dispatch 9.326 ms | dispatch mean 7.641 ms, min 7.555, max 7.794 over 100
pose v1_new_hardsigmoid run 1: rc=0 [verify] 75/75 layers exact | first dispatch 9.288 ms | dispatch mean 7.570 ms, min 7.500, max 7.676 over 100
pose v1_new_sigmoid run 2: rc=0 [verify] 75/75 layers exact | first dispatch 9.520 ms | dispatch mean 7.863 ms, min 7.765, max 8.371 over 100
pose new_hardsigmoid run 3: rc=0 [verify] 75/75 layers exact | first dispatch 9.278 ms | dispatch mean 7.559 ms, min 7.493, max 7.684 over 100
pose new_sigmoid run 4: rc=0 [verify] 75/75 layers exact | first dispatch 9.361 ms | dispatch mean 7.809 ms, min 7.671, max 9.411 over 100
pose new_sigmoid run 5: rc=0 [verify] 75/75 layers exact | first dispatch 9.437 ms | dispatch mean 7.891 ms, min 7.803, max 8.864 over 100
pose new_hardsigmoid run 6: rc=0 [verify] 75/75 layers exact | first dispatch 9.195 ms | dispatch mean 7.546 ms, min 7.467, max 7.660 over 100
pose v1_new_sigmoid run 7: rc=0 [verify] 75/75 layers exact | first dispatch 9.362 ms | dispatch mean 7.850 ms, min 7.721, max 9.872 over 100
pose v1_new_hardsigmoid run 8: rc=0 [verify] 75/75 layers exact | first dispatch 9.100 ms | dispatch mean 7.584 ms, min 7.462, max 8.535 over 100
pose today_hardsigmoid run 9: rc=0 [verify] 75/75 layers exact | first dispatch 9.102 ms | dispatch mean 7.532 ms, min 7.470, max 8.047 over 100
idle after: True
yolov8n  today_hardsigmoid  7.245 / 7.349  mean 7.297 ms
yolov8n  v1_new_hardsigmoid 7.262 / 7.268  mean 7.265 ms
yolov8n  v1_new_sigmoid     7.508 / 7.510  mean 7.509 ms
yolov8n  new_hardsigmoid    7.205 / 7.275  mean 7.240 ms
yolov8n  new_sigmoid        7.437 / 7.538  mean 7.488 ms
yolov8s  today_hardsigmoid  16.794 / 16.803  mean 16.799 ms
yolov8s  v1_new_hardsigmoid 16.936 / 16.849  mean 16.892 ms
yolov8s  v1_new_sigmoid     17.214 / 17.242  mean 17.228 ms
yolov8s  new_hardsigmoid    16.799 / 16.799  mean 16.799 ms
yolov8s  new_sigmoid        17.201 / 17.201  mean 17.201 ms
pose     today_hardsigmoid  7.641 / 7.532  mean 7.587 ms
pose     v1_new_hardsigmoid 7.570 / 7.584  mean 7.577 ms
pose     v1_new_sigmoid     7.863 / 7.850  mean 7.857 ms
pose     new_hardsigmoid    7.559 / 7.546  mean 7.553 ms
pose     new_sigmoid        7.809 / 7.891  mean 7.850 ms
