$ python tools/silu_integer_oracle.py models/yolov8s_cut_xint8.onnx yolov8s_xint8_sig_pl4.onnx --mode pl --lines 4
yolov8s_cut_xint8.onnx: 57 SiLU sites, 11 (s1, s2) pairs; output-LSB error against the exact quantized SiLU, max/mean over the 256 inputs
  s1 1/32 s2 1/32 x1:  HardSigmoid 5/2.125  sigmoid@1/128 1/0.172  PL2 2/0.469  PL3 1/0.234  PL4 1/0.148  PL5 1/0.125
      PL4 S=14 lines (A, B) = [[14766, 9141], [9935, 189345], [4868, 493984], [1881, 773039]]
  s1 1/16 s2 1/32 x15:  HardSigmoid 5/1.223  sigmoid@1/128 1/0.125  PL2 2/0.395  PL3 2/0.371  PL4 1/0.195  PL5 1/0.148
      PL4 S=14 lines (A, B) = [[26585, 29827], [8457, 531934], [836, 962209], [140, 1059771]]
  s1 1/16 s2 1/16 x21:  HardSigmoid 2/0.863  sigmoid@1/128 1/0.246  PL2 1/0.234  PL3 1/0.211  PL4 1/0.070  PL5 1/0.039
      PL4 S=14 lines (A, B) = [[30681, 29827], [8233, 539614], [964, 962209], [140, 1059771]]
  s1 1/16 s2 1/8 x1:  HardSigmoid 1/0.285  sigmoid@1/128 1/0.035  PL2 1/0.113  PL3 1/0.109  PL4 1/0.113  PL5 1/0.039
      PL4 S=14 lines (A, B) = [[25049, 29827], [8233, 548318], [916, 962209], [140, 1059771]]
  s1 1/8 s2 1/32 x1:  HardSigmoid 5/0.625  sigmoid@1/128 1/0.062  PL2 2/0.203  PL3 2/0.160  PL4 2/0.125  PL5 1/0.062
      PL4 S=13 lines (A, B) = [[26137, 14913], [8233, 265967], [264, 507617], [0, 539195]]
  s1 1/8 s2 1/16 x6:  HardSigmoid 2/0.426  sigmoid@1/128 1/0.137  PL2 2/0.312  PL3 1/0.094  PL4 1/0.070  PL5 1/0.016
      PL4 S=13 lines (A, B) = [[30681, 14913], [8233, 265967], [308, 507617], [0, 539195]]
  s1 1/8 s2 1/8 x2:  HardSigmoid 1/0.402  sigmoid@1/128 1/0.270  PL2 1/0.039  PL3 1/0.008  PL4 1/0.047  PL5 1/0.016
      PL4 S=13 lines (A, B) = [[26585, 14913], [8745, 265967], [284, 507617], [0, 539195]]
  s1 1/4 s2 1/8 x2:  HardSigmoid 1/0.199  sigmoid@1/128 1/0.137  PL2 1/0.023  PL3 0/0.000  PL4 1/0.023  PL5 1/0.008
      PL4 S=12 lines (A, B) = [[26585, 7457], [8233, 132983], [279, 253892], [0, 269599]]
  s1 1/4 s2 1/4 x5:  HardSigmoid 1/0.270  sigmoid@1/128 1/0.254  PL2 1/0.008  PL3 0/0.000  PL4 0/0.000  PL5 0/0.000
      PL4 S=12 lines (A, B) = [[26585, 7457], [8745, 132983], [279, 253892], [0, 269599]]
  s1 1/2 s2 1/4 x1:  HardSigmoid 1/0.137  sigmoid@1/128 1/0.121  PL2 1/0.008  PL3 1/0.008  PL4 0/0.000  PL5 0/0.000
      PL4 S=11 lines (A, B) = [[26585, 3728], [8233, 66492], [280, 126936], [0, 134799]]
  s1 1/2 s2 1/2 x2:  HardSigmoid 1/0.254  sigmoid@1/128 1/0.246  PL2 0/0.000  PL3 0/0.000  PL4 0/0.000  PL5 0/0.000
      PL4 S=11 lines (A, B) = [[26585, 3728], [8233, 66492], [280, 126936], [0, 134799]]
mode pl K=4: replaced 57 sites -> yolov8s_xint8_sig_pl4.onnx
