$ python tools/silu_integer_oracle.py models/yolov8s_cut_xint8.onnx yolov8s_xint8_sig_pl3.onnx --mode pl --lines 3
yolov8s_cut_xint8.onnx: 57 SiLU sites, 11 (s1, s2) pairs; output-LSB error against the exact quantized SiLU, max/mean over the 256 inputs
  s1 1/32 s2 1/32 x1:  HardSigmoid 5/2.125  sigmoid@1/128 1/0.172  PL2 2/0.469  PL3 1/0.234  PL4 1/0.148  PL5 1/0.125
      PL3 S=14 lines (A, B) = [[13961, 33671], [7012, 336735], [2229, 732552]]
  s1 1/16 s2 1/32 x15:  HardSigmoid 5/1.223  sigmoid@1/128 1/0.125  PL2 2/0.395  PL3 2/0.371  PL4 1/0.195  PL5 1/0.148
      PL3 S=14 lines (A, B) = [[26135, 39399], [5774, 660165], [291, 1049985]]
  s1 1/16 s2 1/16 x21:  HardSigmoid 2/0.863  sigmoid@1/128 1/0.246  PL2 1/0.234  PL3 1/0.211  PL4 1/0.070  PL5 1/0.039
      PL3 S=14 lines (A, B) = [[27159, 39399], [5646, 660165], [291, 1049985]]
  s1 1/16 s2 1/8 x1:  HardSigmoid 1/0.285  sigmoid@1/128 1/0.035  PL2 1/0.113  PL3 1/0.109  PL4 1/0.113  PL5 1/0.039
      PL3 S=14 lines (A, B) = [[24343, 39399], [5422, 660165], [291, 1049985]]
  s1 1/8 s2 1/32 x1:  HardSigmoid 5/0.625  sigmoid@1/128 1/0.062  PL2 2/0.203  PL3 2/0.160  PL4 2/0.125  PL5 1/0.062
      PL3 S=13 lines (A, B) = [[25487, 21348], [4937, 350622], [53, 538915]]
  s1 1/8 s2 1/16 x6:  HardSigmoid 2/0.426  sigmoid@1/128 1/0.137  PL2 2/0.312  PL3 1/0.094  PL4 1/0.070  PL5 1/0.016
      PL3 S=13 lines (A, B) = [[29071, 21348], [4841, 350622], [53, 538915]]
  s1 1/8 s2 1/8 x2:  HardSigmoid 1/0.402  sigmoid@1/128 1/0.270  PL2 1/0.039  PL3 1/0.008  PL4 1/0.047  PL5 1/0.016
      PL3 S=13 lines (A, B) = [[23951, 21348], [4777, 350622], [53, 538915]]
  s1 1/4 s2 1/8 x2:  HardSigmoid 1/0.199  sigmoid@1/128 1/0.137  PL2 1/0.023  PL3 0/0.000  PL4 1/0.023  PL5 1/0.008
      PL3 S=12 lines (A, B) = [[25031, 10555], [4862, 173882], [46, 269309]]
  s1 1/4 s2 1/4 x5:  HardSigmoid 1/0.270  sigmoid@1/128 1/0.254  PL2 1/0.008  PL3 0/0.000  PL4 0/0.000  PL5 0/0.000
      PL3 S=12 lines (A, B) = [[25031, 10555], [5374, 173882], [46, 269309]]
  s1 1/2 s2 1/4 x1:  HardSigmoid 1/0.137  sigmoid@1/128 1/0.121  PL2 1/0.008  PL3 1/0.008  PL4 0/0.000  PL5 0/0.000
      PL3 S=11 lines (A, B) = [[24919, 5397], [4258, 88315], [40, 134993]]
  s1 1/2 s2 1/2 x2:  HardSigmoid 1/0.254  sigmoid@1/128 1/0.246  PL2 0/0.000  PL3 0/0.000  PL4 0/0.000  PL5 0/0.000
      PL3 S=11 lines (A, B) = [[24919, 5397], [4258, 88315], [40, 134993]]
mode pl K=3: replaced 57 sites -> yolov8s_xint8_sig_pl3.onnx
