loading annotations into memory...
Done (t=0.26s)
creating index...
index created!
onnxruntime 1.23.3.dev20260320
ort-opt : disable_all   ort-threads : 8
model sha256 5e48a63530c80fe83d18c0eabc95a262d56df9fd4248d098c84bd267d1d8b78a
model: head-cut (6 outputs), numpy decode, shapes order, input 640x640
eval : 500 images, conf 0.001, iou 0.7, max_det 300, per-class NMS
  500/500  (15175 detections so far)

15175 detections over 500 images in 30s
inference  mean 52.52 ms   median 52.01 ms
wrote results/dets_yolov8s_fp32w_e1_cpu_unopt_n500.json
Loading and preparing results...
DONE (t=0.06s)
creating index...
index created!
Running per image evaluation...
Evaluate annotation type *bbox*
DONE (t=0.78s).
Accumulating evaluation results...
DONE (t=0.27s).
 Average Precision  (AP) @[ IoU=0.50:0.95 | area=   all | maxDets=100 ] = 0.029
 Average Precision  (AP) @[ IoU=0.50      | area=   all | maxDets=100 ] = 0.051
 Average Precision  (AP) @[ IoU=0.75      | area=   all | maxDets=100 ] = 0.031
 Average Precision  (AP) @[ IoU=0.50:0.95 | area= small | maxDets=100 ] = 0.021
 Average Precision  (AP) @[ IoU=0.50:0.95 | area=medium | maxDets=100 ] = 0.038
 Average Precision  (AP) @[ IoU=0.50:0.95 | area= large | maxDets=100 ] = 0.042
 Average Recall     (AR) @[ IoU=0.50:0.95 | area=   all | maxDets=  1 ] = 0.036
 Average Recall     (AR) @[ IoU=0.50:0.95 | area=   all | maxDets= 10 ] = 0.053
 Average Recall     (AR) @[ IoU=0.50:0.95 | area=   all | maxDets=100 ] = 0.056
 Average Recall     (AR) @[ IoU=0.50:0.95 | area= small | maxDets=100 ] = 0.027
 Average Recall     (AR) @[ IoU=0.50:0.95 | area=medium | maxDets=100 ] = 0.063
 Average Recall     (AR) @[ IoU=0.50:0.95 | area= large | maxDets=100 ] = 0.079

=== yolov8s_fp32w_e1 | CPU | 640px | 500 images ===
mAP@50-95  2.89
mAP@50     5.14
mAP small / medium / large   2.07 / 3.78 / 4.19
latency    52.52 ms
