
### diag yolov8n fp32
HOST_LOAD busy_cores=0.33 logical_cores=16 free_ram_gb=18.5 sample_sec=1
HOST_LOAD_TOP 0.08 <tool>:60688 ws_mb=426
HOST_LOAD_TOP 0.06 Taskmgr:63504 ws_mb=182
HOST_LOAD_TOP 0.06 powershell:57664 ws_mb=80
HOST_LOAD_TOP 0.05 <tool>:62116 ws_mb=300
HOST_LOAD_TOP 0.02 <tool>:59548 ws_mb=367
HOST_LOAD_VERDICT CLEAR

### diag yolov8n w8check
HOST_LOAD busy_cores=0.34 logical_cores=16 free_ram_gb=18.5 sample_sec=1
HOST_LOAD_TOP 0.11 Taskmgr:63504 ws_mb=182
HOST_LOAD_TOP 0.05 <tool>:62116 ws_mb=301
HOST_LOAD_TOP 0.05 Code:78608 ws_mb=122
HOST_LOAD_TOP 0.03 powershell:54152 ws_mb=80
HOST_LOAD_TOP 0.03 <tool>:60688 ws_mb=424
HOST_LOAD_VERDICT CLEAR

### diag yolov8n e1
HOST_LOAD busy_cores=0.37 logical_cores=16 free_ram_gb=18.6 sample_sec=1
HOST_LOAD_TOP 0.12 Taskmgr:63504 ws_mb=182
HOST_LOAD_TOP 0.06 Code:18328 ws_mb=139
HOST_LOAD_TOP 0.05 powershell:60152 ws_mb=80
HOST_LOAD_TOP 0.05 <tool>:62116 ws_mb=301
HOST_LOAD_TOP 0.03 <tool>:49028 ws_mb=410
HOST_LOAD_VERDICT CLEAR

### diag yolov8n u
HOST_LOAD busy_cores=0.17 logical_cores=16 free_ram_gb=18.6 sample_sec=1
HOST_LOAD_TOP 0.14 Taskmgr:63504 ws_mb=182
HOST_LOAD_TOP 0.03 powershell:58932 ws_mb=80
HOST_LOAD_VERDICT CLEAR

### diag yolov8s fp32
HOST_LOAD busy_cores=0.35 logical_cores=16 free_ram_gb=18.6 sample_sec=1
HOST_LOAD_TOP 0.11 Taskmgr:63504 ws_mb=182
HOST_LOAD_TOP 0.08 powershell:73668 ws_mb=80
HOST_LOAD_TOP 0.05 <tool>:62116 ws_mb=301
HOST_LOAD_TOP 0.03 AMDInstallManager:4412 ws_mb=9
HOST_LOAD_TOP 0.02 syncthing:1616 ws_mb=32
HOST_LOAD_VERDICT CLEAR

### diag yolov8s w8check
HOST_LOAD busy_cores=0.37 logical_cores=16 free_ram_gb=18.6 sample_sec=1
HOST_LOAD_TOP 0.2 Code:57420 ws_mb=342
HOST_LOAD_TOP 0.08 Taskmgr:63504 ws_mb=182
HOST_LOAD_TOP 0.05 powershell:60132 ws_mb=80
HOST_LOAD_TOP 0.02 <tool>:49028 ws_mb=409
HOST_LOAD_TOP 0.02 <tool>:62116 ws_mb=298
HOST_LOAD_VERDICT CLEAR

### diag yolov8s e1
HOST_LOAD busy_cores=0.25 logical_cores=16 free_ram_gb=18.6 sample_sec=1
HOST_LOAD_TOP 0.14 Taskmgr:63504 ws_mb=182
HOST_LOAD_TOP 0.06 powershell:68864 ws_mb=80
HOST_LOAD_TOP 0.03 Code:18328 ws_mb=139
HOST_LOAD_TOP 0.02 <tool>:49028 ws_mb=409
HOST_LOAD_VERDICT CLEAR

### diag yolov8s u
HOST_LOAD busy_cores=0.2 logical_cores=16 free_ram_gb=18.6 sample_sec=1
HOST_LOAD_TOP 0.08 Taskmgr:63504 ws_mb=182
HOST_LOAD_TOP 0.05 powershell:83904 ws_mb=80
HOST_LOAD_TOP 0.03 <tool>:14960 ws_mb=57
HOST_LOAD_TOP 0.02 <tool>:59548 ws_mb=367
HOST_LOAD_TOP 0.02 <tool>:62116 ws_mb=298
HOST_LOAD_VERDICT CLEAR
