loading annotations into memory...
Done (t=0.26s)
creating index...
index created!
onnxruntime 1.23.3.dev20260320
ort-opt : default   ort-threads : 8
model sha256 f02e86ba1bf61ff3fdc159e29b15259567e279df06f68c6d9adeb966fe56c885
model: head-cut (6 outputs), numpy decode, shapes order, input 640x640
eval : 500 images, conf 0.001, iou 0.7, max_det 300, per-class NMS
  500/500  (66419 detections so far)

66419 detections over 500 images in 20s
inference  mean 30.81 ms   median 30.87 ms
wrote results/dets_yolov8n_b8_cpu_opt_n500.json
Loading and preparing results...
DONE (t=0.18s)
creating index...
index created!
Running per image evaluation...
Evaluate annotation type *bbox*
DONE (t=2.42s).
Accumulating evaluation results...
DONE (t=0.66s).
 Average Precision  (AP) @[ IoU=0.50:0.95 | area=   all | maxDets=100 ] = 0.302
 Average Precision  (AP) @[ IoU=0.50      | area=   all | maxDets=100 ] = 0.441
 Average Precision  (AP) @[ IoU=0.75      | area=   all | maxDets=100 ] = 0.327
 Average Precision  (AP) @[ IoU=0.50:0.95 | area= small | maxDets=100 ] = 0.161
 Average Precision  (AP) @[ IoU=0.50:0.95 | area=medium | maxDets=100 ] = 0.339
 Average Precision  (AP) @[ IoU=0.50:0.95 | area= large | maxDets=100 ] = 0.421
 Average Recall     (AR) @[ IoU=0.50:0.95 | area=   all | maxDets=  1 ] = 0.266
 Average Recall     (AR) @[ IoU=0.50:0.95 | area=   all | maxDets= 10 ] = 0.459
 Average Recall     (AR) @[ IoU=0.50:0.95 | area=   all | maxDets=100 ] = 0.495
 Average Recall     (AR) @[ IoU=0.50:0.95 | area= small | maxDets=100 ] = 0.294
 Average Recall     (AR) @[ IoU=0.50:0.95 | area=medium | maxDets=100 ] = 0.544
 Average Recall     (AR) @[ IoU=0.50:0.95 | area= large | maxDets=100 ] = 0.643

=== yolov8n_cut_xint8 | CPU | 640px | 500 images ===
mAP@50-95  30.25
mAP@50     44.13
mAP small / medium / large   16.10 / 33.91 / 42.07
latency    30.81 ms
