loading annotations into memory...
Done (t=0.25s)
creating index...
index created!
onnxruntime 1.23.3.dev20260320
ort-opt : disable_all   ort-threads : 8
model sha256 065f62523000b806e47e227f0b9d71a689f10d8c5368a7c5b6d0ff3b9f733fcc
model: head-cut (6 outputs), numpy decode, shapes order, input 640x640
eval : 20 images, conf 0.001, iou 0.7, max_det 300, per-class NMS

2209 detections over 20 images in 2s
inference  mean 94.38 ms   median 96.09 ms
wrote results/dets_yolov8s_b8_cpu_unopt_n20.json
Loading and preparing results...
DONE (t=0.00s)
creating index...
index created!
Running per image evaluation...
Evaluate annotation type *bbox*
DONE (t=0.08s).
Accumulating evaluation results...
DONE (t=0.07s).
 Average Precision  (AP) @[ IoU=0.50:0.95 | area=   all | maxDets=100 ] = 0.529
 Average Precision  (AP) @[ IoU=0.50      | area=   all | maxDets=100 ] = 0.696
 Average Precision  (AP) @[ IoU=0.75      | area=   all | maxDets=100 ] = 0.597
 Average Precision  (AP) @[ IoU=0.50:0.95 | area= small | maxDets=100 ] = 0.354
 Average Precision  (AP) @[ IoU=0.50:0.95 | area=medium | maxDets=100 ] = 0.572
 Average Precision  (AP) @[ IoU=0.50:0.95 | area= large | maxDets=100 ] = 0.700
 Average Recall     (AR) @[ IoU=0.50:0.95 | area=   all | maxDets=  1 ] = 0.403
 Average Recall     (AR) @[ IoU=0.50:0.95 | area=   all | maxDets= 10 ] = 0.558
 Average Recall     (AR) @[ IoU=0.50:0.95 | area=   all | maxDets=100 ] = 0.589
 Average Recall     (AR) @[ IoU=0.50:0.95 | area= small | maxDets=100 ] = 0.417
 Average Recall     (AR) @[ IoU=0.50:0.95 | area=medium | maxDets=100 ] = 0.669
 Average Recall     (AR) @[ IoU=0.50:0.95 | area= large | maxDets=100 ] = 0.707

=== yolov8s_cut_xint8 | CPU | 640px | 20 images ===
mAP@50-95  52.92
mAP@50     69.62
mAP small / medium / large   35.43 / 57.18 / 70.00
latency    94.38 ms
