loading annotations into memory...
Done (t=0.26s)
creating index...
index created!
onnxruntime 1.23.3.dev20260320
ort-opt : disable_all   ort-threads : 8
model sha256 f02e86ba1bf61ff3fdc159e29b15259567e279df06f68c6d9adeb966fe56c885
model: head-cut (6 outputs), numpy decode, shapes order, input 640x640
eval : 20 images, conf 0.001, iou 0.7, max_det 300, per-class NMS

2515 detections over 20 images in 1s
inference  mean 42.66 ms   median 41.89 ms
wrote results/dets_yolov8n_b8_cpu_unopt_n20.json
Loading and preparing results...
DONE (t=0.00s)
creating index...
index created!
Running per image evaluation...
Evaluate annotation type *bbox*
DONE (t=0.09s).
Accumulating evaluation results...
DONE (t=0.08s).
 Average Precision  (AP) @[ IoU=0.50:0.95 | area=   all | maxDets=100 ] = 0.439
 Average Precision  (AP) @[ IoU=0.50      | area=   all | maxDets=100 ] = 0.644
 Average Precision  (AP) @[ IoU=0.75      | area=   all | maxDets=100 ] = 0.455
 Average Precision  (AP) @[ IoU=0.50:0.95 | area= small | maxDets=100 ] = 0.295
 Average Precision  (AP) @[ IoU=0.50:0.95 | area=medium | maxDets=100 ] = 0.528
 Average Precision  (AP) @[ IoU=0.50:0.95 | area= large | maxDets=100 ] = 0.643
 Average Recall     (AR) @[ IoU=0.50:0.95 | area=   all | maxDets=  1 ] = 0.334
 Average Recall     (AR) @[ IoU=0.50:0.95 | area=   all | maxDets= 10 ] = 0.516
 Average Recall     (AR) @[ IoU=0.50:0.95 | area=   all | maxDets=100 ] = 0.543
 Average Recall     (AR) @[ IoU=0.50:0.95 | area= small | maxDets=100 ] = 0.342
 Average Recall     (AR) @[ IoU=0.50:0.95 | area=medium | maxDets=100 ] = 0.648
 Average Recall     (AR) @[ IoU=0.50:0.95 | area= large | maxDets=100 ] = 0.720

=== yolov8n_cut_xint8 | CPU | 640px | 20 images ===
mAP@50-95  43.92
mAP@50     64.35
mAP small / medium / large   29.53 / 52.79 / 64.31
latency    42.66 ms
