loading annotations into memory...
Done (t=0.26s)
creating index...
index created!
onnxruntime 1.23.3.dev20260320
ort-opt : default   ort-threads : 8
model sha256 065f62523000b806e47e227f0b9d71a689f10d8c5368a7c5b6d0ff3b9f733fcc
model: head-cut (6 outputs), numpy decode, shapes order, input 640x640
eval : 500 images, conf 0.001, iou 0.7, max_det 300, per-class NMS
  500/500  (57288 detections so far)

57288 detections over 500 images in 38s
inference  mean 68.13 ms   median 66.38 ms
wrote results/dets_yolov8s_b8_cpu_opt_n500.json
Loading and preparing results...
DONE (t=0.16s)
creating index...
index created!
Running per image evaluation...
Evaluate annotation type *bbox*
DONE (t=2.05s).
Accumulating evaluation results...
DONE (t=0.64s).
 Average Precision  (AP) @[ IoU=0.50:0.95 | area=   all | maxDets=100 ] = 0.408
 Average Precision  (AP) @[ IoU=0.50      | area=   all | maxDets=100 ] = 0.563
 Average Precision  (AP) @[ IoU=0.75      | area=   all | maxDets=100 ] = 0.444
 Average Precision  (AP) @[ IoU=0.50:0.95 | area= small | maxDets=100 ] = 0.257
 Average Precision  (AP) @[ IoU=0.50:0.95 | area=medium | maxDets=100 ] = 0.446
 Average Precision  (AP) @[ IoU=0.50:0.95 | area= large | maxDets=100 ] = 0.526
 Average Recall     (AR) @[ IoU=0.50:0.95 | area=   all | maxDets=  1 ] = 0.338
 Average Recall     (AR) @[ IoU=0.50:0.95 | area=   all | maxDets= 10 ] = 0.552
 Average Recall     (AR) @[ IoU=0.50:0.95 | area=   all | maxDets=100 ] = 0.588
 Average Recall     (AR) @[ IoU=0.50:0.95 | area= small | maxDets=100 ] = 0.399
 Average Recall     (AR) @[ IoU=0.50:0.95 | area=medium | maxDets=100 ] = 0.628
 Average Recall     (AR) @[ IoU=0.50:0.95 | area= large | maxDets=100 ] = 0.682

=== yolov8s_cut_xint8 | CPU | 640px | 500 images ===
mAP@50-95  40.77
mAP@50     56.31
mAP small / medium / large   25.70 / 44.63 / 52.57
latency    68.13 ms
