
### emit-float yolov8s w8check
[emit-float] variant w8check  grid [-127, 127]  window (-1, 3)  (weight-only, float activations)
[emit-float] float  models/yolov8s_cut.onnx  sha256 f713208d79578f41240d2ffaca96dfca711ad45bcf251326adb68da212ab04d5
[emit-float] xint8  models/yolov8s_cut_xint8.onnx  sha256 065f62523000b806e47e227f0b9d71a689f10d8c5368a7c5b6d0ff3b9f733fcc
[check] 63/63 Conv weights equal the variant's q * 2**-pos; 68/68 other initializers byte-identical to the float model; 0 added
[emit-float] wrote scratch/int4_w4a8/yolov8s_fp32w_w8check.onnx  sha256 7b479d335bca4893106d4ee5b223dd4346907a74cc9d18cdf931724709e8a5eb
[emit-float] PASS

### emit-float yolov8s e1
[emit-float] variant e1  grid [-7, 7]  window (-1, 5)  (weight-only, float activations)
[emit-float] float  models/yolov8s_cut.onnx  sha256 f713208d79578f41240d2ffaca96dfca711ad45bcf251326adb68da212ab04d5
[emit-float] xint8  models/yolov8s_cut_xint8.onnx  sha256 065f62523000b806e47e227f0b9d71a689f10d8c5368a7c5b6d0ff3b9f733fcc
[check] 63/63 Conv weights equal the variant's q * 2**-pos; 68/68 other initializers byte-identical to the float model; 0 added
[emit-float] wrote scratch/int4_w4a8/yolov8s_fp32w_e1.onnx  sha256 5e48a63530c80fe83d18c0eabc95a262d56df9fd4248d098c84bd267d1d8b78a
[emit-float] PASS

### emit-float yolov8s u
[emit-float] variant u  grid [-7, 7]  window (-1, 5)  (weight-only, float activations)
[emit-float] float  models/yolov8s_cut.onnx  sha256 f713208d79578f41240d2ffaca96dfca711ad45bcf251326adb68da212ab04d5
[emit-float] xint8  models/yolov8s_cut_xint8.onnx  sha256 065f62523000b806e47e227f0b9d71a689f10d8c5368a7c5b6d0ff3b9f733fcc
[check] 63/63 Conv weights equal the variant's q * 2**-pos; 68/68 other initializers byte-identical to the float model; 0 added
[emit-float] wrote scratch/int4_w4a8/yolov8s_fp32w_u.onnx  sha256 95011495640ef0059c60b5cd50ab0ead38bbc98462cf77a68d316f862afab3b3
[emit-float] PASS
