# host DESKTOP-CBL5NUA (Desktop 2)
# start 2026-09-15T19:07:15Z
# ignite-xdna HEAD d223e7b; d223e7b plus the uncommitted pose container changes committed with this log; build/yolov8n_pose.ignite built from them at 2026-09-15T18:57:30Z; Python 3.13 mlir-aie-iron conda env (onnxruntime 1.30, pycocotools)
# cwd <ignite-xdna checkout>
# command C:/Users/<user>/miniforge3/envs/mlir-aie-iron/python.exe pipelines/yolov8n-pose/5_eval_map.py --model build/yolov8n_pose.ignite --ep ignite --ingress numpy --images <ignite-xdna>/data/coco/val2017 --ann <ignite-xdna>/data/coco/annotations/person_keypoints_val2017.json --dets <scratch>/dets_kpts_yolov8n_pose_ignite_numpy.json

loading annotations into memory...
Done (t=0.15s)
creating index...
index created!
ignite_xdna: <ignite-xdna>\ignite_xdna\__init__.py
model: graph-engine container (task pose), every layer on the NPU, numpy decode, ingress numpy, input 640x640
eval : 5000 images, conf 0.001, iou 0.7, max_det 300, class-agnostic NMS (single class)
  500/5000  (13274 detections so far)
  1000/5000  (27494 detections so far)
  1500/5000  (42377 detections so far)
  2000/5000  (56782 detections so far)
  2500/5000  (70649 detections so far)
  3000/5000  (84296 detections so far)
  3500/5000  (98369 detections so far)
  4000/5000  (112263 detections so far)
  4500/5000  (124903 detections so far)
  5000/5000  (138848 detections so far)

138848 detections over 5000 images in 148s
inference  mean 26.67 ms   median 26.42 ms  (letterbox, NPU, decode and NMS)
wrote <scratch>/dets_kpts_yolov8n_pose_ignite_numpy.json
Loading and preparing results...
DONE (t=2.41s)
creating index...
index created!
Running per image evaluation...
Evaluate annotation type *keypoints*
DONE (t=5.43s).
Accumulating evaluation results...
DONE (t=0.27s).
 Average Precision  (AP) @[ IoU=0.50:0.95 | area=   all | maxDets= 20 ] = 0.327
 Average Precision  (AP) @[ IoU=0.50      | area=   all | maxDets= 20 ] = 0.678
 Average Precision  (AP) @[ IoU=0.75      | area=   all | maxDets= 20 ] = 0.276
 Average Precision  (AP) @[ IoU=0.50:0.95 | area=medium | maxDets= 20 ] = 0.235
 Average Precision  (AP) @[ IoU=0.50:0.95 | area= large | maxDets= 20 ] = 0.452
 Average Recall     (AR) @[ IoU=0.50:0.95 | area=   all | maxDets= 20 ] = 0.428
 Average Recall     (AR) @[ IoU=0.50      | area=   all | maxDets= 20 ] = 0.787
 Average Recall     (AR) @[ IoU=0.75      | area=   all | maxDets= 20 ] = 0.406
 Average Recall     (AR) @[ IoU=0.50:0.95 | area=medium | maxDets= 20 ] = 0.332
 Average Recall     (AR) @[ IoU=0.50:0.95 | area= large | maxDets= 20 ] = 0.559

=== yolov8n_pose | IGNITE_NUMPY | 640px | 5000 images ===
OKS mAP@50-95  32.71
OKS mAP@50     67.77
latency        26.67 ms  (letterbox, NPU, decode and NMS)

# end 2026-09-15T19:09:58Z exit 0
