# host DESKTOP-CBL5NUA (Desktop 2)
# start 2026-09-15T19:10:34Z
# ignite-xdna HEAD d223e7b; d223e7b plus the uncommitted pose changes committed with this log (pipelines/yolov8n-pose/5_eval_map.py); Python 3.13 mlir-aie-iron conda env (onnxruntime 1.30 CPU provider, pycocotools); reference for the container's numpy-ingress run
# cwd <ignite-xdna checkout>
# command C:/Users/<user>/miniforge3/envs/mlir-aie-iron/python.exe pipelines/yolov8n-pose/5_eval_map.py --model models/yolov8n-pose_cut_xint8.onnx --ep cpu --images <ignite-xdna>/data/coco/val2017 --ann <ignite-xdna>/data/coco/annotations/person_keypoints_val2017.json --dets <scratch>/dets_kpts_yolov8n-pose_cut_xint8_cpu.json

loading annotations into memory...
Done (t=0.16s)
creating index...
index created!
model: head-cut (9 outputs), numpy decode, input 640x640
eval : 5000 images, conf 0.001, iou 0.7, max_det 300, class-agnostic NMS (single class)
  500/5000  (13274 detections so far)
  1000/5000  (27494 detections so far)
  1500/5000  (42377 detections so far)
  2000/5000  (56782 detections so far)
  2500/5000  (70649 detections so far)
  3000/5000  (84296 detections so far)
  3500/5000  (98369 detections so far)
  4000/5000  (112263 detections so far)
  4500/5000  (124903 detections so far)
  5000/5000  (138848 detections so far)

138848 detections over 5000 images in 213s
inference  mean 36.50 ms   median 36.82 ms
wrote <scratch>/dets_kpts_yolov8n-pose_cut_xint8_cpu.json
Loading and preparing results...
DONE (t=2.31s)
creating index...
index created!
Running per image evaluation...
Evaluate annotation type *keypoints*
DONE (t=5.26s).
Accumulating evaluation results...
DONE (t=0.25s).
 Average Precision  (AP) @[ IoU=0.50:0.95 | area=   all | maxDets= 20 ] = 0.327
 Average Precision  (AP) @[ IoU=0.50      | area=   all | maxDets= 20 ] = 0.678
 Average Precision  (AP) @[ IoU=0.75      | area=   all | maxDets= 20 ] = 0.276
 Average Precision  (AP) @[ IoU=0.50:0.95 | area=medium | maxDets= 20 ] = 0.235
 Average Precision  (AP) @[ IoU=0.50:0.95 | area= large | maxDets= 20 ] = 0.452
 Average Recall     (AR) @[ IoU=0.50:0.95 | area=   all | maxDets= 20 ] = 0.428
 Average Recall     (AR) @[ IoU=0.50      | area=   all | maxDets= 20 ] = 0.787
 Average Recall     (AR) @[ IoU=0.75      | area=   all | maxDets= 20 ] = 0.406
 Average Recall     (AR) @[ IoU=0.50:0.95 | area=medium | maxDets= 20 ] = 0.332
 Average Recall     (AR) @[ IoU=0.50:0.95 | area= large | maxDets= 20 ] = 0.559

=== yolov8n-pose_cut_xint8 | CPU | 640px | 5000 images ===
OKS mAP@50-95  32.71
OKS mAP@50     67.77
latency        36.50 ms

# end 2026-09-15T19:14:22Z exit 0
