SCRUB_RECORD 2026-09-26 Desktop 2: token redaction of tracked results/ text files
BASE 36ff4397c81f39a50f3147b9dae13049fad73df0 holds every file's pre-scrub bytes (git show 36ff439:<path>)
RULE profile: the Windows profile name after Users\ -> <user>; 3 were split by a hard wrap in an env dump, and the wrap moves to just after <user>
RULE host: one machine's host name -> <host>
RULE job: a job-scratch path -> <job-tmp> (its tmp directory) or <job-dir>
RULE worktree: a worktree path, from the drive to the worktree's name -> <worktree>
RULE tool: a development tool's process, file or session name -> <tool>
UNCHANGED every other byte: line counts, line endings, and every digit outside the 17 job/worktree path lines
HASHES sha256 of the git blobs (LF): pre at 36ff439, post at the commit that adds this file
NOTE results/quant/summary_lowlevel_desktop2_20260909_01.log records log_sha256 for 18 of these files from the pre-scrub CRLF working copy
FILE results/aie/aie2_isa_static.log pre_sha256=f7e27d54b8a03c7504f128309a00d63242caf88d608b61f5d81e7d3506b6de80 post_sha256=d5cecd8be3dd2a720ff9537212ce2ba8905ceb78cb2506a75d7d5421eff2fbd6 profile=0 host=0 job=1 worktree=1 tool=0
FILE results/aie/aiecompiler_physical_device_missing.log pre_sha256=30d4314369c5ed655a32936dceb25d4e8e4fb3e18d4b8e97545e8c89e6d2d7d1 post_sha256=9644796c7ba8667adaab5e16b61f0269247a71c2aedba5ea9ed2c2894f83210d profile=0 host=0 job=0 worktree=0 tool=1
FILE results/aie/bank_stall_observable_same_npu.log pre_sha256=8e97d8ca0c1c2a21845741a25eab644526bcc30bdf33ccee31e42f8f6cfe9fd6 post_sha256=6ab80033f6f59946b3a226f8ea3ded6dcfbecabec7793ac190101f117cb4374a profile=0 host=0 job=0 worktree=1 tool=2
FILE results/aie/bank_stall_observable_separate_npu.log pre_sha256=679288bfda2804a9f6bb3fd23894403b07dce56019322ee682f16ee770661d9b post_sha256=b6452b5ac6d82d18abc22143f2e03650f02385d3c6ba8d643eea7c472d027b60 profile=0 host=0 job=0 worktree=1 tool=1
FILE results/aie/conv_accum_residency_npu.log pre_sha256=6ed9b28c4bd69691a41e51e41df978c55f8bde92889ad1cafd3dbac6d4167c28 post_sha256=c35e9bc4f6653934968962a032435bc4de00776f7565f44e974c428f1b11a789 profile=0 host=0 job=0 worktree=0 tool=1
FILE results/aie/dfl_decode_phoenix_context_block_20260913T0842Z.log pre_sha256=59a8a4757414c128856d6b25de86bc05b821457f4ea1107d028e94802ab41e93 post_sha256=3de6c681c1c2956540921be4537f9732c798b80dbcd7ebfcdb9a12c18451aa8f profile=0 host=0 job=0 worktree=0 tool=1
FILE results/aie/dispatch_cpp_runlist_npu.log pre_sha256=cac06ec2c5941774933eca5cb90db118001181f6d927fa81cb7d985d61519588 post_sha256=001121db4b6f2c5a628bf4c3e5dc280a2b700e75f90681f9a82f654b1fde5481 profile=0 host=0 job=0 worktree=0 tool=1
FILE results/aie/dispatch_runlist_npu.log pre_sha256=993d25f2c8fe2151d829220c5b040f0310a689b9808f2542b0e5777c2b53e9d2 post_sha256=1a8507a469439dd97a9b87d0bbd2fbd41cb1350a7042f020ae8be739d117f97f profile=0 host=0 job=0 worktree=0 tool=1
FILE results/aie/fused_epilogue_checks_phoenix_20260913T053000Z.log pre_sha256=156f60e63cdb4d6ed0af16923e2126f9420599e510863973d5a6de58c7bae73c post_sha256=ae9b16e4e376a7cc03efdc6fbba28cb77403a3aa55b4764e956e41f6e3c34c66 profile=0 host=0 job=0 worktree=0 tool=2
FILE results/aie/fused_epilogue_phoenix_20260913T043714Z_31424.log pre_sha256=b3076c75ed44afbe36be2424b8a50f4af01d8dc7affe24977f5055ec64414a23 post_sha256=5d018b40499abf1d209d629cfaa4213bb7f85d91169267d26edf58c1ff6cb0ea profile=0 host=0 job=0 worktree=0 tool=1
FILE results/aie/fused_epilogue_phoenix_20260913T043839Z_29368.log pre_sha256=f410f7c36afa391993df5cc6b210afb02bda85ce580c27048a532b23eac209d9 post_sha256=c6f80c9ee90538217497f2f6902bb7bb5b957c8fa031e1a52176bd5c6ec88fd2 profile=0 host=0 job=0 worktree=0 tool=1
FILE results/aie/fused_epilogue_phoenix_20260913T044213Z_15444.log pre_sha256=e2b736e0a6a9843f60785c85243c2012d3960d6932cd13be8ac7fe50fbbcf91e post_sha256=945f2886e4ef32d3d032ee1d1334eba28dac17c04ec8f537bc10c715d0bf97cc profile=0 host=0 job=0 worktree=0 tool=1
FILE results/aie/fused_epilogue_phoenix_20260913T044308Z_7823.log pre_sha256=bdce2d994333371fcbde52c1ae430fce196e15d964c0407ae5ca2ba769b24130 post_sha256=8df7c10a73ceafe57fa0f47b15cec0304e16186ea677789e85f33aae50a77b15 profile=0 host=0 job=0 worktree=0 tool=1
FILE results/aie/fused_epilogue_phoenix_20260913T044450Z_10245.log pre_sha256=a475ea1dd47ef108c5eee197d4e78c918e56af5221515d51aa04ad2d42878899 post_sha256=30edca4262a83f051c1eac47b5f042200f218f306437b7f9c8ac8e110ad8bec2 profile=0 host=0 job=0 worktree=0 tool=1
FILE results/aie/fused_epilogue_phoenix_20260913T044608Z_7794.log pre_sha256=88968b636a55ff6340dda5843544e6fd04ec89cd876f70692e0369bab4d5ce66 post_sha256=01bfb13e8d2df4642af4db1905f68c6aa03b852c91101f9192741a871551d5e4 profile=0 host=0 job=0 worktree=0 tool=1
FILE results/aie/fused_epilogue_phoenix_20260913T044832Z_1665.log pre_sha256=43b26f409ba1519f2fd7d29cd27c4332437e5bd05a18f55f98897168403adbc2 post_sha256=a934bec1f5e01537b598998bbef9fd724ffc88cd8f32dd3a6233f24282cb4afc profile=0 host=0 job=0 worktree=0 tool=1
FILE results/aie/fused_epilogue_phoenix_20260913T045004Z_14588.log pre_sha256=3935e764d55ba234672c72980739fe6ac9a3fe7f0577bc604057a9daee03c666 post_sha256=aeba372d9e97456ed6a9e8e4cf8f4baab7e6464e6fe904f9093d8dd7bb6b1b9e profile=0 host=0 job=0 worktree=0 tool=1
FILE results/aie/fused_epilogue_phoenix_20260913T045122Z_18639.log pre_sha256=f2421d95eed6877131c11bbf9fc3bcb084c25adf1a8f075e2fc72627ac027e12 post_sha256=bea0febae0b73b537a027d45e1f35f59eb0464053864337dc000d2bb2c57b133 profile=0 host=0 job=0 worktree=0 tool=2
FILE results/aie/fused_epilogue_phoenix_20260913T045853Z_15742.log pre_sha256=3e9a961b8ea070c82c753b6f20ff7c60dfe492bb6afd3dc1b7ecb1b210436fbf post_sha256=66ddc97e58cd7a1a410cc083c1fb7cd61aa45695d3f78a45d8c1c4438cc4c97c profile=0 host=0 job=0 worktree=0 tool=2
FILE results/aie/fused_epilogue_phoenix_20260913T050015Z_31260.log pre_sha256=7c772c7e6110275f596834f56fd89204f1b7d4c0664a52a109dc32a63c964679 post_sha256=cd6c5b9d6d76a15db0dc01654797d94f101e23096737c7964e3170cd72f86ab5 profile=0 host=0 job=0 worktree=0 tool=2
FILE results/aie/fused_epilogue_phoenix_20260913T050248Z_6808.log pre_sha256=28744b1ca43d2269ae445efab393ac90ececab88a8fd2a0f038f395bb973d098 post_sha256=709bc81493c0ffaf1c0aa0fc02e7a6118b8fa188fa1385c57fafbd7439473c3d profile=0 host=0 job=0 worktree=0 tool=2
FILE results/aie/fused_epilogue_phoenix_20260913T050338Z_12394.log pre_sha256=70c57fbed7ff68458ed5d38447751fd5c677a59bb2f954537fcdf24a784598ce post_sha256=f6cfda73021b3c0161996e138a08ad84212026a1ffbf41de8a50ec8f050d77cc profile=0 host=0 job=0 worktree=0 tool=2
FILE results/aie/fused_epilogue_phoenix_20260913T050521Z_16822.log pre_sha256=1f38476cb4470722a70988acc63ce2aca36e0ed72c5c9c46298d536000596165 post_sha256=7f6e03c87aed0a7eea3a54ca0d9726861241bd25a87790424002eaacea6ae33f profile=0 host=0 job=0 worktree=0 tool=3
FILE results/aie/fused_epilogue_phoenix_20260913T051244Z_8348.log pre_sha256=bde64f23032d8ec9229b9515b7dcd8598fe07e39539dc18fbdcdd852cfc562bd post_sha256=b85ad2ffccc290e9173bb44d8de57df41d5f359cefba643e303610a7439cb8b9 profile=0 host=0 job=0 worktree=0 tool=2
FILE results/aie/fused_epilogue_phoenix_20260913T051401Z_24024.log pre_sha256=e4f364efc8588c7b0802f5c1d3d1d8484f7d608406fa75ab174263ba4241dc76 post_sha256=f93c974d28ccd22f202e1f59e58f2886b8585f84505b30178d004f090d5e23da profile=0 host=0 job=0 worktree=0 tool=2
FILE results/aie/fused_epilogue_phoenix_20260913T051454Z_11109.log pre_sha256=d2341cd1bb32ff81c666f00d4060f906d3c6ea343fbc108c2d2bd1eaf42de70a post_sha256=6fc77feb330159cd4e3b2d6ab3292d7c0ae431c1a7d54628070cddd647ef1f90 profile=0 host=0 job=0 worktree=0 tool=2
FILE results/aie/fused_epilogue_phoenix_20260913T051612Z_23284.log pre_sha256=c3adbb809eb13ce81d41b7c7399029351c5bb16b212e7ee8ac3ed021a719211a post_sha256=5812d2438a294594ddb3602758b3c0e9530aadd14c830395f4949e43a94a4693 profile=0 host=0 job=0 worktree=0 tool=1
FILE results/aie/fused_epilogue_phoenix_20260913T051724Z_12691.log pre_sha256=9dea5de25160d7d504b2c26f181eec1dd3a15f0222d08069ead05f153f1453e2 post_sha256=3d02d85d9c03d92234b7e90c440abda2ae8cab60aafdd5f242ff8563d04f4289 profile=0 host=0 job=0 worktree=0 tool=2
FILE results/aie/fused_epilogue_phoenix_20260913T051822Z_2086.log pre_sha256=9c46564f348dfe0e0b3728702dc090f6a9fafc00b8543fef04b515ea2e29ae42 post_sha256=008fa7a83def3de5509aa3b6ba34cf8a73d1a6863137041244ccaf3a015ee5ed profile=0 host=0 job=0 worktree=0 tool=2
FILE results/aie/fused_epilogue_phoenix_20260913T051913Z_13541.log pre_sha256=754125966145dd1e9fcb41d2a4cff612c509e9554409ba9ac7f9b25945f4086d post_sha256=e2ddb663622447ac0363aa3140fd341ffcb29df532e123f6135444db2d9ce2f4 profile=0 host=0 job=0 worktree=0 tool=2
FILE results/aie/fused_epilogue_phoenix_20260913T051950Z_16177.log pre_sha256=73147b3b34d1c4bef5bacf77367939f007d227b6d117055f5445bf7cfbb7283c post_sha256=d47d9555bfe7f58cb159d9899e2b4ac629fe6b73c31aa6f4f0db1ca4cd66ba0f profile=0 host=0 job=0 worktree=0 tool=2
FILE results/aie/fused_epilogue_phoenix_20260913T052052Z_21267.log pre_sha256=71badab27e99e904b9603540b56febcce8eae9a72a9d1b8d3d2a290906a545d7 post_sha256=24520700f5ebf16ad3cf266a9aad892befdaf96e93b8782b8285728b7389747d profile=0 host=0 job=0 worktree=0 tool=1
FILE results/aie/fused_epilogue_phoenix_20260913T052207Z_2656.log pre_sha256=edb2898aeefb6fc6be9bd47271676cb1d1cb3cb4b753bb32442284d485a6f50e post_sha256=2ddb7a27faef97d76bab1cea55d6c478d5048c8d04d455cb106add3499d1495b profile=0 host=0 job=0 worktree=0 tool=2
FILE results/aie/fused_epilogue_phoenix_20260913T052357Z_20472.log pre_sha256=add9c71197daade18ddd495392dae965a80bcf5012636179aa735e8a05d556ed post_sha256=6b6095956efefd6fff2e5f698ad9e9eab0f0e88b5096b8cd03d1d00b124faa1d profile=0 host=0 job=0 worktree=0 tool=2
FILE results/aie/fused_epilogue_phoenix_20260913T052546Z_8609.log pre_sha256=08c0f3238d056eaf534a0100e2e724358db513b98d2138038836f4eabaadabdb post_sha256=df3f52b2bec943db9617fd8ba5784994e8ae1bcf351993d12849abbab95f524f profile=0 host=0 job=0 worktree=0 tool=3
FILE results/aie/fused_epilogue_phoenix_20260913T052611Z_4050.log pre_sha256=ff1eebd19559ebcc1009d40a82e29ae8d72ac9033da70d259ee979f71adc5dbf post_sha256=0decf0a631a0eacc811135342698fba354ef5fddabec8b36309f35631d789aa3 profile=0 host=0 job=0 worktree=0 tool=2
FILE results/aie/gemm_desktop2_20260909_g01_same_1.log pre_sha256=ed842832e9fbe22d641946be5c4070adc4890a74fd39fe5ef65279109de403f7 post_sha256=00af014bcb3b541a9c0c9900fb24402a102d0e5122fffd27c30ee0d7b2cf032e profile=0 host=0 job=0 worktree=0 tool=4
FILE results/aie/gemm_desktop2_20260909_g01_separate_1.log pre_sha256=37f637192a0c6d08e529f875065c410e73610f772a89a901f35a1dc9a696d862 post_sha256=6f9d25e82b1203755efb0ccf0e5b24ec4ca956a4f41ba338663f83846acf6835 profile=0 host=0 job=0 worktree=0 tool=1
FILE results/aie/gemm_desktop2_20260909_g02_separate_1.log pre_sha256=c6e081e94ecbf86a17c836ec8dce2ba96f140a988572866da99c009087ee5734 post_sha256=dffaf2d961c429cf92f53990147a34829a6ad6ffda29dcf2cd9096a410f4c639 profile=0 host=0 job=0 worktree=0 tool=2
FILE results/aie/gemm_desktop2_20260909_g03_same_1.log pre_sha256=2bda4ea31d8b946fa7260752bb6994f728dc95139ea8ae2df05b5274b87704a5 post_sha256=1f94b19fd0809056a27e0b3576215a71ac7cb067e413c8c014d0af08ac4c7d45 profile=0 host=0 job=0 worktree=0 tool=1
FILE results/aie/gemm_desktop2_20260909_g03_same_2.log pre_sha256=dac523a266ec918c41a8fc11af989776231a75563381566f7711ff3dbb6615cf post_sha256=1c77078007639fdaf52b9e84549ec6f99300c6539c4cd2182c5b832c5684889f profile=0 host=0 job=0 worktree=0 tool=1
FILE results/aie/gemm_desktop2_20260909_g03_same_alternate.log pre_sha256=080510de10692a0aeffd45c7e503461320016d302ec7f766d855b243747a41ac post_sha256=ffa270476cf85a927b120c006b0404b254bb7bfc2d53c8f29ac9f08c5bcb433a profile=0 host=0 job=0 worktree=0 tool=1
FILE results/aie/gemm_desktop2_20260909_g03_separate_1.log pre_sha256=dd75806b159c6a290435d2f9f565771c6c42efad504f439573b8d15b6743f250 post_sha256=44442b8f658ba8526cd9d9bc4a110e3245aaf3febbff32264a950b9a0f6e8b57 profile=0 host=0 job=0 worktree=0 tool=2
FILE results/aie/gemm_desktop2_20260909_g03_separate_2.log pre_sha256=3f63a1fb23426e2d00a8c3be4f2e694e4dfde6571df294feed463a05056d1439 post_sha256=3f2eacbe1ecc373c77bd6ef188f3753b42454b3419d5514ece6101dff1de52de profile=0 host=0 job=0 worktree=0 tool=2
FILE results/aie/gemm_desktop2_20260909_g03_separate_alternate.log pre_sha256=8f52871393458d4fe9ee66336913adf5944c9981ca72547f364561f4b9853e6d post_sha256=7918964b14f74d94264e936f937bfbbffbdb607214a617bec28d45d0f95766e9 profile=0 host=0 job=0 worktree=0 tool=2
FILE results/aie/gemm_placement_same_desktop2_20260909_03.log pre_sha256=694425580222bb7a579005ffde500bbfdc1ac3b2725e9b3e981110d1aed77dc8 post_sha256=891e2732f44b315dfe61e4c55abf52cb6bff4ee978a2c233c7a6ffb61f54bc84 profile=0 host=0 job=0 worktree=0 tool=3
FILE results/aie/gemm_placement_separate_desktop2_20260909_01.log pre_sha256=7bfa7f486e511423dadd0283197cde9bcd63f4ce414a216ea8d2c2d0089987e3 post_sha256=95e12f813381168d98e8652c2bec151702ae3882817967f3fc49fa6c888749e7 profile=0 host=0 job=0 worktree=0 tool=2
FILE results/aie/gemm_placement_separate_desktop2_20260909_02.log pre_sha256=098bb5fbc286468e614c6080bb18775a33e60aaa92d80694d11dfb1cb15004c1 post_sha256=bd7804214ac1dda20872d162e5d823783eb267efa418238ed8521335e7913761 profile=0 host=0 job=0 worktree=0 tool=1
FILE results/aie/gemm_reblock_h11_npu.log pre_sha256=2b041fc05069bf412a9de167122a317f2e33e15bc2df585505b0b441da38f4c1 post_sha256=fcd40428288c42f41cf4be77551d7ca90a7a3ea02089f7990e248eb0f3afedaa profile=0 host=0 job=2 worktree=0 tool=0
FILE results/aie/host_fastpaths_verification/silicon_checks.log pre_sha256=466118436a41e39cdf1e538a5b4441d843b6daeb6b5b41e36f75f28c24176f4f post_sha256=26e44d8420f273a1e3925cd6f3931d4bc6a894162094e0ff202eba6e480814c8 profile=0 host=0 job=0 worktree=0 tool=2
FILE results/aie/int8_matmul_reference_float64_npu.log pre_sha256=7a93c6de9f3de8a29fe17a524e291c6e8fa5d016747a22897f509b3dff771fdc post_sha256=6bd89463d7f215948754dab0173d62f5bc4e7345571d6338e0af0539a34d7902 profile=0 host=0 job=1 worktree=0 tool=2
FILE results/aie/int8_matmul_sweep_npu.log pre_sha256=b04ec8d915f57d6264d767971f70972ad6d2d63411c9745a72cd02d36adf3e3a post_sha256=752f3108504cc7cca7785081b57a7368c7209901a5010b367229fc86925a3ade profile=0 host=0 job=0 worktree=0 tool=1
FILE results/aie/iron_batch_npu.log pre_sha256=08d2a22936570fd197f38e5a2c743c8166e665c1bcf815aab14aa5a2ad4fb7fb post_sha256=17c300bff4a05fe2174064b157d2fbc73ff6af916fc90a161d223c30c7a63834 profile=0 host=0 job=0 worktree=0 tool=1
FILE results/aie/kernel_splice_conv_gn32_phoenix_20260913T040352Z_23328.log pre_sha256=7e4c33f3c4e4cc9492b5d142a344491b8749125214c8e14b128529b7a72c4d6b post_sha256=299c0c4f69e97ec6bbc90c10820bd13419591a821f6bcab2d008955c39ac08ba profile=0 host=0 job=0 worktree=0 tool=1
FILE results/aie/kernel_splice_conv_gn32_phoenix_20260913T040640Z_17573.log pre_sha256=923ed316b6f57739711c97b164b1daa8476e66d082f191918f7fbb848802c8a0 post_sha256=dfccc44ad56daa48da7d30ef1cc8a3a3b3dfa864aa2c4676449073be627aa3d5 profile=0 host=0 job=0 worktree=0 tool=2
FILE results/aie/memory_desktop2_20260909_m01_same_1.log pre_sha256=61488517cb50b4ec6e5bee6ee824d438fa326b699b5cf03c382ca16d0108928d post_sha256=ee519105026b39df0e0287dccdbe4096f0a4cb9aba587885ebe09776ce4c5b00 profile=0 host=0 job=0 worktree=0 tool=1
FILE results/aie/memory_desktop2_20260909_m01_same_2.log pre_sha256=34565fc8524102bd9e2cc0e5022cd23b2d8b5b67f79147557ac1b666465f3efb post_sha256=dd022d9199d5c9c0a04d1d9f1f69fc5799036a54e83cc585dcffd0ba6db68101 profile=0 host=0 job=0 worktree=0 tool=1
FILE results/aie/memory_desktop2_20260909_m01_same_3.log pre_sha256=a6903ebf2e9ef3b44bfedaed1c52fd10d0aa71a60581c0091d799a08b4a7e15f post_sha256=5f22718f2e2477ab752712aea77ca95a70cbf2312e87ceb5f0d3ac9b72f7a3c6 profile=0 host=0 job=0 worktree=0 tool=1
FILE results/aie/memory_desktop2_20260909_m01_same_offset_128.log pre_sha256=6ced969ac845112d7d9d05fc71d5391bff06e2ae6bbb0270c4158620bcbd0323 post_sha256=f7fb2fe088d74aba72dbc3ba6087894322e1ea6211dbc9fb68d5f1ee87ae4de7 profile=0 host=0 job=0 worktree=0 tool=1
FILE results/aie/memory_desktop2_20260909_m01_same_offset_256.log pre_sha256=29b37209ccc00e464ea01af19724032f0f0be4d3f68a8d8ee5d9b1021adbf600 post_sha256=22227f76c33411d1395dd1635a9394ba98a4158816df3ce8cd7f2e07d805d6f3 profile=0 host=0 job=0 worktree=0 tool=2
FILE results/aie/memory_desktop2_20260909_m01_same_offset_64.log pre_sha256=44f27f22bce2b47ce224cb3228262829593e78a7574b5137d8da6a1856963e20 post_sha256=9bca6af2973ec16153cfd6ffcabfe2668cbcc79aeb251d0875b27f5a9ee46207 profile=0 host=0 job=0 worktree=0 tool=1
FILE results/aie/memory_desktop2_20260909_m01_separate_1.log pre_sha256=07a3972480454dcaf183ecdadad8dd32a01e47f2998d3493d96633963145ebdc post_sha256=2c38a7830ed0ceec77c4543969977e3c24c99b55a2f779f1370ebd42e7f4f721 profile=0 host=0 job=0 worktree=0 tool=1
FILE results/aie/memory_desktop2_20260909_m01_separate_2.log pre_sha256=870b53f2fdbac1dae3370647c1d5fb4bdb89bf76c56eeca031bb9ddca3818c4a post_sha256=86631e33624015340214935d9b9a98d81ca7f78512f21627dea72a2435e3c85b profile=0 host=0 job=0 worktree=0 tool=2
FILE results/aie/memory_desktop2_20260909_m01_separate_3.log pre_sha256=2e64a65cecbcab74d397f30814ca760dbaf38f9faa66297c06cfc8857dba2f21 post_sha256=9d40183f2cacce43923edf869ebbea11c616e9fe379498ec82336f30a00f5251 profile=0 host=0 job=0 worktree=0 tool=2
FILE results/aie/memory_desktop2_20260909_m01_single_same.log pre_sha256=98f1fb59416875c5666fe03a7d65a7f2b9625e619394e66b518dff3a4b5780ef post_sha256=407df68230dbc4577ff6cdf932544dbfdad0d6cacaa7c3e984515edf9636e40c profile=0 host=0 job=0 worktree=0 tool=1
FILE results/aie/memory_desktop2_20260909_m01_single_separate.log pre_sha256=c5b1e94750c86ceeb7b3d654d6dff5e14191182530800bc9a6ef7b116262f31e post_sha256=1c6b283d7f42e15e5c89fa5a9be249bf1039c6133e03291c8ab985d413e0388c profile=0 host=0 job=0 worktree=0 tool=2
FILE results/aie/memory_same_dual_desktop2_20260909_01.log pre_sha256=05e2c5394c320322fa8d8f8eb789ca658c7e93b16d6f036c91596ce07d17e9f4 post_sha256=c93488d6f0f63bacfc1ca71661def95c46bd7e106e43e7b4d4ade2e466db999c profile=0 host=0 job=0 worktree=0 tool=2
FILE results/aie/memory_separate_dual_desktop2_20260909_01.log pre_sha256=6843f3b185efd86bfb2f3b833982ffd5af67a7db9b9c2c06f94d3379bf6dc1b6 post_sha256=533c1a2c072706cb53bcf6428711a147bfcb0bd4732ac0c31285e3b3be7d63f9 profile=0 host=0 job=0 worktree=0 tool=1
FILE results/aie/memory_single_separate_desktop2_20260909_02.log pre_sha256=6d250432ff5b6e9903e33baa0daa5415c351fb6f809a894aa2b7ca622ca57415 post_sha256=9b2fb92f9b943827494d5653605429a88800e99a1aca5e6a4eefc8990e1cc33f profile=0 host=0 job=0 worktree=0 tool=12
FILE results/aie/mlir_aie_vision_examples_npu.log pre_sha256=8df704fdc65b5cdf1495c41a2b7f53fdcaa93d533a6d00eac32dbfce07f96490 post_sha256=c938e6f371eaa1f4c9cc9ffc2f7e25d05fdbf8aa35d0dc706c9a52c928dac1ab profile=0 host=0 job=0 worktree=0 tool=1
FILE results/aie/notes_column4_unlock_feasibility.md pre_sha256=7e93a88fdae129275c9937f6b11f14e9f8937362aa355208d04c49f39caa5c61 post_sha256=1b54230ef0c04ae16f976a5ae01973875ae48bf4ba60b8da9f0eaebdda99e069 profile=1 host=0 job=0 worktree=0 tool=0
FILE results/aie/notes_im2col_4d_implementation.md pre_sha256=8be0e95c631c998eb57f362ccf4146de1dbe460fd06785978e53bf2496250bd2 post_sha256=bbc122e8b90ce5dbf0e690d4e7db96a867a161825c07c9ff7fdd54fcb1502b5f profile=3 host=0 job=0 worktree=0 tool=0
FILE results/aie/notes_im2col_kernel_vliw_audit.md pre_sha256=091367e21ea0c2cc1f457debfefcbfcfa532ab473352780b924d629f4901e7a6 post_sha256=b6ca2a87e1e5c006073a15737f7e940ab106253013cdd0c3e1b3552b006ae513 profile=2 host=0 job=0 worktree=0 tool=0
FILE results/aie/notes_im2col_m2_pipeline_integration.md pre_sha256=c6e00b05f5c1ece65c95a6d0052d56df80f2a8d50f4c27114d369fb50f807271 post_sha256=febfde8bc18b68c2615906d9132d2b890fa2d86ac7a5e8f6f28f8e2266c33499 profile=3 host=0 job=0 worktree=0 tool=0
FILE results/aie/npu_monitor_poll_rate_npu.log pre_sha256=58d524fb93b27066ade655728d306694706fc0bb3175096baafb3dc1ae6e030b post_sha256=036db7223ea8e96dc490520cdacc9405f182c8da0e9d8744ddf1ab169a3dcd08 profile=0 host=0 job=1 worktree=0 tool=1
FILE results/aie/pmode_clock_readback_npu.log pre_sha256=abb1aab5f9f689b607b9511b790233c2ad38d1f0c19404a70d9bc8cf182f7d5f post_sha256=57238fb4188bae94d0551433fb4c03f983a591286a01109189594cbeb5ca3c3a profile=0 host=0 job=2 worktree=0 tool=1
FILE results/aie/sppf_20x20x256_phoenix_20260913T055728Z_17341.log pre_sha256=9e7da4f15d30eb413fc034194ddcc1f1540e170c509513a7e81009947f8b7c7f post_sha256=936ce05a1a8e68602a7047f1fa430794b8cfcbde02192bc35efbf37b8d449ab3 profile=0 host=0 job=0 worktree=0 tool=2
FILE results/aie/sppf_20x20x256_phoenix_20260913T055844Z_17082.log pre_sha256=9c8a6d52bfe3b199417774a21c37e6ea98e9b5325fd897585756c79ecdbef194 post_sha256=749ce7fb502a2037b4cc661ae238b0b145277523ddc821f2c4bdb28f4af6d887 profile=0 host=0 job=0 worktree=0 tool=2
FILE results/aie/sppf_20x20x256_phoenix_20260913T055918Z_31764.log pre_sha256=aff9b90eadec71b4088f06d16eb495da4b1fec6874155e4e60d03413dda353b0 post_sha256=f261ac30edec1c8f2f46cc1db531e9208a0ade3080b5d07ec9131e42558eeebd profile=0 host=0 job=0 worktree=0 tool=3
FILE results/aie/sppf_20x20x256_phoenix_20260913T060039Z_31544.log pre_sha256=45c66aa2b736ea5479c00dabf168a3f5158089ebcc6479fb45c4222a441353e5 post_sha256=1c3495b70679b73963eaf05e5d5c2ee06f6c9859ff3ec9584b8483b3c1077f3b profile=0 host=0 job=0 worktree=0 tool=2
FILE results/aie/sppf_20x20x256_phoenix_20260913T060108Z_25708.log pre_sha256=50abc1fc72ae94d5944c35b03d009a292aa0a51b2994b706580d4ed96bb7eaaa post_sha256=f3af10364ec164864b49feb4d96f18514e1390282ce6ba799c75ba04a69894e4 profile=0 host=0 job=0 worktree=0 tool=2
FILE results/aie/sppf_20x20x256_phoenix_20260913T060212Z_22085.log pre_sha256=c99cd6c2d9052108af3a2e7e594520d20b3b6d130528f9378603b51dc948a4c4 post_sha256=c662c1616a22d0fbbe0a7fb323fc314a5670a01f833832fc165bbd6fce1ede64 profile=0 host=0 job=0 worktree=0 tool=2
FILE results/aie/sppf_20x20x256_phoenix_20260913T060331Z_9269.log pre_sha256=4c3cb970e046bc36cc8a9a6e6858d41567f17248c066596d96fd0e3c1b90051b post_sha256=e410ff3322aaf5b9213dcad9d783046a806e88b86dcccdafcad82ef81d503125 profile=0 host=0 job=0 worktree=0 tool=2
FILE results/aie/sppf_20x20x256_phoenix_20260913T060406Z_27214.log pre_sha256=58ccf2201bca3d1a2b6457a720875fce1877f407340c00c00a6871c2af73c846 post_sha256=a725558e9e507486e9f3f74608f6d928b7c53dc9bd869d64e4c004b532f647a2 profile=0 host=0 job=0 worktree=0 tool=2
FILE results/aie/sppf_20x20x256_phoenix_20260913T060610Z_29389.log pre_sha256=bb38325f4eaec9a8073e45af5b8d992bfd8e0a5a04cfaffd97eb665527b531af post_sha256=e118de98e5f22741fd1ec5ee2abe082715205e44d8927a18a8d228786bb9126b profile=0 host=0 job=0 worktree=0 tool=1
FILE results/aie/sppf_20x20x256_phoenix_20260913T060709Z_5346.log pre_sha256=4ce2f8950236ee3bb3f7afdb835b067a62ce9510a9ed9c8c58fbdb423be326fd post_sha256=865342eab7aa31f460cabff068cd2045f6ec3d3c6e85188ff8e4721815b1c2eb profile=0 host=0 job=0 worktree=0 tool=2
FILE results/aie/sppf_20x20x256_phoenix_20260913T060745Z_12004.log pre_sha256=53d6c6c156dd4e8ebafab781a3b9860a704f555b5b44b50ddb66a28020af63f2 post_sha256=00c1f62cbae9d7f861580dcf9d0563ab4f0d1022f56c0d66bf12ddd99baab410 profile=0 host=0 job=0 worktree=0 tool=2
FILE results/aie/sppf_20x20x256_phoenix_20260913T061157Z_990.log pre_sha256=c31a6f0839413d8825d3a361311066b83484a3440542682e1e5f3b00c41b1f02 post_sha256=d649732eb1d8ad815233ea9f9ce0612a1bce01265ca4202289e971285b9c072f profile=0 host=0 job=0 worktree=0 tool=3
FILE results/aie/sppf_20x20x256_phoenix_20260913T061238Z_17350.log pre_sha256=0afa98341d825d06e6fa8fd8428d832f9b618f0229602db453a636b17898c0b9 post_sha256=8ebfa8031ebf8f2587f402e655af09a09c17a127de963e523684680d220d2dcc profile=0 host=0 job=0 worktree=0 tool=2
FILE results/aie/sppf_20x20x256_phoenix_20260913T061627Z_15527.log pre_sha256=36e8d6b8470a95c550bd8028f29cb61a55217223df6d4a1be6582caf412d4cd0 post_sha256=19b4934fbf4ca63b85fc26c6fc3c75da599ded4dba6b19d81d8ebc539ddfb8df profile=0 host=0 job=0 worktree=0 tool=3
FILE results/aie/sppf_20x20x256_phoenix_20260913T061700Z_14567.log pre_sha256=6dd6e67a1e7e49ccd6f5a63e0ddec1fb3c55d7c3aeb232a256aa27cb5bfc9225 post_sha256=96ed7f8a21d8a66cb21a1a26a40ebc02dbf4dfaf2841a89a4fef947417c512b2 profile=0 host=0 job=0 worktree=0 tool=2
FILE results/aie/sppf_20x20x256_phoenix_20260913T062850Z_5253.log pre_sha256=4dc7cbab3df68a8e1e1f97cf4b4604c3729b20c91ceabcb8b9ea81a78a89e29e post_sha256=446959065210ad60972d5b22c8d0a2d071f9599d629af6b1b56518b9346fcf07 profile=0 host=0 job=0 worktree=0 tool=1
FILE results/benchmarks/benchmark_e2e_hostless_results.json pre_sha256=31acacbb64ccdc682ab49d022bc997e2eb9f642c4151995bee9dfbaae13d5835 post_sha256=9281afda0224b3e7897f142035e39e7be8250bcc603f21e65d9a2ca700d539df profile=2 host=0 job=0 worktree=0 tool=0
FILE results/benchmarks/coco_val2017_accuracy.json pre_sha256=a5e3851ecea3be5f0dba0505a6bc46d43b052e00b8d60190787bc83b1fed8d7e post_sha256=c34bd6f3dafd71af0b144264d54252e02679ef5897703dd9279d34b6bf5d8e80 profile=1 host=0 job=0 worktree=0 tool=0
FILE results/demos/demo_width_ladder_npu.log pre_sha256=5c2e1fa53e634e04f5463f55aa74670696892f3d366e1196b72df74872879d60 post_sha256=846278e011eafe75968206bf0241fb5559ff11c8a3b1a84b3dd4991bc883b88b profile=0 host=0 job=0 worktree=0 tool=1
FILE results/dual_stream_detect.log pre_sha256=c1b07b1fdf19316f173efd17bcd21f35dd605cd8c0fe73ed15d8cd0c80f0c93a post_sha256=ddc7258899976e01cbd997755b01175856d17ce4f4f1198c6aac88db8f4f84ac profile=3 host=0 job=0 worktree=0 tool=0
FILE results/dual_stream_pose.log pre_sha256=731fcd98d3a2c6a638e8bd776c7d65019e8cd04bb3c3d8008188464a6786ed6f post_sha256=e1569ed2ff8f7d5d717b6f55fbca84450337e02e92f441b6b48d9fb96e88a3e0 profile=3 host=0 job=0 worktree=0 tool=0
FILE results/gops_yolov8m.log pre_sha256=8ce80b32a44fe4c53f48606b688ecd7bd28b7bfb95bed060c5b2bcc772d0216c post_sha256=42ee4a0e2abfa283d44dd5a11271ec7a560433871d2cd6486c1f7bfb53a0a947 profile=30 host=0 job=0 worktree=0 tool=0
FILE results/gops_yolov8n.log pre_sha256=6b165289de7d20e9e31bfc58cf3607da278fc20addb9a890044afd0bce626a57 post_sha256=885f10ea7bdcd6687e157fba49b723af5254683febcf5d280919118b9c2c82fd profile=30 host=0 job=0 worktree=0 tool=0
FILE results/int4/load_w4a8_diag_desktop2_20260923.log pre_sha256=b5993bd2a2dd6b938765d67178a4e208af3fcd2ab8737cda886640d0b82a60bd post_sha256=c441188e78fd62db841a9a4de129219d41d729ccaab1b5cea93062da98f1cd19 profile=0 host=0 job=0 worktree=0 tool=14
FILE results/int4/load_w4a8_matrix_desktop2_20260923.log pre_sha256=3ddd927bc5a403ccb81940ba64641e4b020f1dcbd7ed2f3be6fdd73981d2beca post_sha256=4784e84381023b897350ffb36f86272c62c4eca85d813f9c6811697ac48b92f1 profile=0 host=0 job=0 worktree=0 tool=11
FILE results/int4/load_w4a8_smoke_desktop2_20260923.log pre_sha256=a9815c758c869d1e1795ca264d3fbb958fc41928d00149a48fe7130e2ba68187 post_sha256=d4194d451f31409ffb475f7c681258b47e2b97a65bd8c6eb57d5f2aa1ab8eeb7 profile=0 host=0 job=0 worktree=0 tool=5
FILE results/load_webcam_single_4x4_yolov8n_cut_xint8_adaround_npu.log pre_sha256=1dc486dd4c580654f59e776ed3766ec9ef90dcf7d751810e8f7af259fe2cb9a8 post_sha256=60a1837ae195dae3d344e315f12469a671427fb05b6d34f0270c643ce03e37f1 profile=0 host=0 job=0 worktree=0 tool=1
FILE results/map_kpts_yolov8n-pose_cut_cpu.log pre_sha256=cf9ec62039dea7b454a10f843c2a0a9e32c1248db0197479a5073b6456fb002a post_sha256=ef8f970c38ecd5e639c38630de799737b04fe15b0116a024331bf44693c1568f profile=1 host=0 job=0 worktree=0 tool=0
FILE results/map_kpts_yolov8n-pose_cut_xint8_npu.log pre_sha256=fefc39f02abb9354c8e37477b894457742cab02be587b1cea93310d66fae9cfc post_sha256=cade2f698d3c538548e02b1c901fb47b57db749fb3b1443c5bae2e666f6d88d5 profile=3 host=0 job=0 worktree=0 tool=0
FILE results/map_yolov8l_cut_xint8_npu.log pre_sha256=67b4210a4c23ef1a1da718f8088826caa6080707e43820970d8278d82db3f436 post_sha256=d9d2f40d0450879a15a21f24a7de9e03fe37f32abfff4e6dba07cffe2bb61c53 profile=2 host=0 job=0 worktree=0 tool=0
FILE results/map_yolov8m_cut_xint8_adaround_npu.log pre_sha256=554b36bd1da28e3d9b719208ad120f053828be231a9a3f8906a611414ca737d9 post_sha256=5b07d1e07f4a24f37bc2ee4a411da93e8ad7d8a101356b2fc7724d8dec49a4fd profile=3 host=0 job=0 worktree=0 tool=0
FILE results/map_yolov8s_cut_xint8_adaround_npu.log pre_sha256=40109bd49eb62ecbd24051909de7e6691460bdf259a1ab9a980c240fe87182fc post_sha256=09a9e3f307af09dd50f26604365bc414678b80ed7f4bef8a96734c064fcfd844 profile=3 host=0 job=0 worktree=0 tool=0
FILE results/map_yolov8x_cut_xint8_npu.log pre_sha256=f2bdcb64cd1eac09ae88cb1699ef7a369537129031b6716b25e78212e9bd22b0 post_sha256=2a99d6576f8e2a558c112edecbd4fa25869cccde005c9cc7de53ed801c2852b2 profile=3 host=0 job=0 worktree=0 tool=0
FILE results/native_video_stream_benchmark.json pre_sha256=ec452c8b3d0e9e387e0be16a10b99a75a0faea52c0fa10934313b64cd88a4b60 post_sha256=f05c138fe3d6f4f6f46cfd140af775ad38ee72d64e1b33cb8d9b191631298807 profile=1 host=0 job=0 worktree=0 tool=0
FILE results/npu_utilization_gops.log pre_sha256=3631e96562a49f59e2cd7855b0cbedc024242658d1982bced2b8ff9cfe9fc85c post_sha256=56a03e3e3147a15731b720fa1ba94560d6ac5430230e221a152f532a1430122d profile=16 host=0 job=0 worktree=0 tool=0
FILE results/nstream_resnet50.log pre_sha256=5c4e000fee0561d97d018ef63cd58bf4f634a0aeb79c8ff2e2f2baeaf89bb469 post_sha256=fa33ddf4645dbf2696be70abbdacbc2a4c98531b5770e969f4570d0961905fab profile=53 host=0 job=0 worktree=0 tool=0
FILE results/nstream_yolov8m.log pre_sha256=2278de92349dab8be0180b876f7e1dad31e7db649247a3bce97483589cce086d post_sha256=36f6f582b9decfe830f5d7b19b426b1b32d3d1e051f33773f53cfed6be160c4d profile=25 host=0 job=0 worktree=0 tool=0
FILE results/nstream_yolov8n.log pre_sha256=2e385e4f7b7300f4375ee31106331363cd69e44dc2468947732b5eb775766b5d post_sha256=47ec444b00d2fbcad1aa9905c213d7d62774b0777acf1a0de1a4c1235a77d562 profile=24 host=0 job=0 worktree=0 tool=0
FILE results/pose_cut_cpu.log pre_sha256=c00048330071923fbdde3c75061cbed3ed178661e5bb2556bcee7f1e3195946f post_sha256=1ce25180bb78b4963dab9bc02c7fd9d77c8c7318879edcf2728f99e68cd1bf16 profile=1 host=0 job=0 worktree=0 tool=0
FILE results/pose_cut_diag.log pre_sha256=d58fc21fca61f4db5d58f00df4edc73a150929c3190cd17d0f5f3329c3c284c8 post_sha256=f5acfa0685d235977b31f4a9ea7da5b9172e63ef23d4d83fa4e96d61f86fa157 profile=1 host=0 job=0 worktree=0 tool=0
FILE results/pose_cut_npu.log pre_sha256=6e70a1da65303951a7ed1d9b6f51808673c8e6b8ebe8026feb8461173876ae3f post_sha256=e3fa69197a353e46c3d3cd7c2f32358a41142abab5aeb357db8f9f7153a96ee1 profile=3 host=0 job=0 worktree=0 tool=0
FILE results/pose_decode_verify.txt pre_sha256=e0c83861117a2d26326a859bccc1cd1f1490ddf4714d602b9ae1faa9b6815197 post_sha256=59e0261d321cb5f6324f923d6f5b1562c4ca5e5514352efc8469acd8b2b0332d profile=1 host=0 job=0 worktree=0 tool=0
FILE results/quant/adaround_device_cpu_parity_20260909_desktop2.log pre_sha256=c1ddfeb227d74ef2b0c69b9900f88d713937eb6fca684d6e8ec70d4dd012d6c9 post_sha256=d71240481239ef2b1ca50662a5d9cc590cce2a667e0578448c9d9012d0336272 profile=0 host=0 job=4 worktree=3 tool=0
FILE results/quant/alphabet_desktop2_20260909_c01_resnet50_cle_dual_1.log pre_sha256=a2e2bb7a15eeb13048963b2eb96028bd3eb15af553d18cd8766292ce8900df3c post_sha256=c7225472d33b04bb0cbea6eab4ee03a64435f8a9a96634f744e998ea732e3446 profile=0 host=0 job=0 worktree=0 tool=6
FILE results/quant/alphabet_desktop2_20260909_t01_resnet50_cle_alphabet_1.log pre_sha256=54ae12bf6cd0de652d6f8d1e72a8400911d183ebb33dd6fb355efedd63e225a1 post_sha256=6edac292cc291b539a43e70606ae9baf9e95886f45e914c025d8ee157075ff67 profile=0 host=0 job=0 worktree=0 tool=2
FILE results/quant/alphabet_desktop2_20260909_t01_resnet50_cle_alphabet_2.log pre_sha256=5a5b00bf07bc45b6f85f637b3d01c026159625580f11b3b31919df3e8c380904 post_sha256=5520fc1da39ff781244aa3c37089ad1ddd70293d6da06e26a06cad8973334837 profile=0 host=0 job=0 worktree=0 tool=2
FILE results/quant/alphabet_desktop2_20260909_t01_resnet50_cle_alphabet_3.log pre_sha256=046122ac2e89ac2fc40f9f81a76183ec40cb3a56ce09d337b49a7ebe57643f62 post_sha256=c8888fc8a559bce0fcd24f3ed69b36cf2d1854e6e8f5c9a9a024937e58eaa4c4 profile=0 host=0 job=0 worktree=0 tool=1
FILE results/quant/alphabet_desktop2_20260909_t01_resnet50_cle_alphabet_4.log pre_sha256=b7e8878a9f201c3a5e914fa0b682bc0aca76215fe30d0036c99a4fc1a96e21a0 post_sha256=87ccf123c2bfe6843edc1951fc141be6657b1816a32060d5adccaa0fe1ff36e7 profile=0 host=0 job=0 worktree=0 tool=2
FILE results/quant/alphabet_desktop2_20260909_t01_resnet50_cle_alphabet_5.log pre_sha256=81d956283776f6a65e2802c9c820ffee929e2cbb33e521828145ba0f0abcb5ac post_sha256=1004356fff92a157570367ec4dce26ce5d355b3f66a2bfa4c59100c43a9b2904 profile=0 host=0 job=0 worktree=0 tool=2
FILE results/quant/alphabet_desktop2_20260909_t01_resnet50_cle_legacy_1.log pre_sha256=040661dc80ab52fad7aace0a6d4f97840c3294c6283eeb7f1459ae0011e4593f post_sha256=db7327e5a56d6355f67ee64d8f7a487b7a57b90318ab381ab38263472cc479a8 profile=0 host=0 job=0 worktree=0 tool=2
FILE results/quant/alphabet_desktop2_20260909_t01_resnet50_cle_legacy_2.log pre_sha256=ff2903e743e6bc65dba530898f92c72d78916e9a9502d1733014f89e99e23eb1 post_sha256=1462b2284d13cec93b0fe5cfdaca470794afa78663099e4d0d747610c1c2a873 profile=0 host=0 job=0 worktree=0 tool=1
FILE results/quant/alphabet_desktop2_20260909_t01_resnet50_cle_legacy_3.log pre_sha256=895ab1c56bcade74600132f4bc697c619607d26a4438c1a97bbe46d439b349ea post_sha256=2a82858fc991ec6545440dd33ff32c50752df4c19efc5f305e91cf3b70cc7292 profile=0 host=0 job=0 worktree=0 tool=1
FILE results/quant/alphabet_desktop2_20260909_t01_resnet50_cle_legacy_4.log pre_sha256=76246e3ffae5b27c3a12d4f8fbe9543cd226c6703122916f38bf84ffb98db811 post_sha256=3cf159a9981c26447399f6ced0d3754496c8c4130de29c601e0c39b35e58763a profile=0 host=0 job=0 worktree=0 tool=1
FILE results/quant/alphabet_desktop2_20260909_t01_resnet50_cle_legacy_5.log pre_sha256=bf88b7e446570557cc8528bad29aaa79726abf8bf7862f7910de465d6e69a0d1 post_sha256=a0f491ba31237a1c7cccef71a0cb08ccc38be2b79e01c343c51ac8aa13b3d2f5 profile=0 host=0 job=0 worktree=0 tool=1
FILE results/quant/alphabet_resnet50_cle_dual_desktop2_20260909_01.log pre_sha256=d85ebb238c57f847dfa1eb957011922b3ac5615e051262905666607050cd3516 post_sha256=c0004325709826b5f463b8d9a133830b184e9d0a06cf8a4edc2d23dc542ab088 profile=0 host=0 job=0 worktree=0 tool=2
FILE results/quant/alphabet_resnet50_cle_dual_desktop2_20260909_02.log pre_sha256=5e9db7ff73f08730f35d991f6ef6ad2a890f28d871fdbe4b57edc92df3bca4c5 post_sha256=636a50d29e83bd15b800458022f05307780790f2357838d40a444128e2b6e55c profile=0 host=0 job=0 worktree=0 tool=8
FILE results/quant/arithmetic_c32_sc1_sb0_desktop2_20260909_01.log pre_sha256=895107286cd5332b8b0ce0530d881b84c55fbe534ff512f6dcd8b109248b24d0 post_sha256=ac506d6eb4aa59157163e6aa2214c5814518f28fe011b3bcdffec853e914178f profile=0 host=0 job=0 worktree=0 tool=5
FILE results/quant/diff_resnet50_ignition_cle_adaround_c64_devices_desktop1.log pre_sha256=41fe4374b234087b999c9dd0a89042fa941eede3dd940c329e9ee113753cd473 post_sha256=eecae3f22594c0de21b8ae4637b0ccd60b85793b033fc76156fd75df2c7d05e1 profile=0 host=5 job=0 worktree=0 tool=0
FILE results/quant/load_cleguard_modnet_after_triples.log pre_sha256=b2982cc63e53c627885c47a8fe32a588e7e641c5e955cba773e0d350379460a2 post_sha256=d65b26577ed6d97b4eb0a9a05179af505f6de72262c12ed8004843bfe9a2d7ed profile=0 host=0 job=0 worktree=0 tool=3
FILE results/quant/load_cleguard_modnet_g2_triplesonly.log pre_sha256=48e141603008ffb7ec0ab3d31ea05b215783722afc5e8a6f8aef640dad30e4e5 post_sha256=1b86c2b57116fffa4358cb33754274a2dfb31d2b6ec0989d9110e1d83636ad5a profile=0 host=0 job=0 worktree=0 tool=1
FILE results/quant/load_cleguard_modnet_guard_4.log pre_sha256=83404698f1e94ac71bcdd20166d3a72d982f025c5adbd1d33273426956030a12 post_sha256=fd4f4049e73ce329ae3c90e78e478a23c38011423c6e05922092a537d2a6962c profile=0 host=0 job=0 worktree=0 tool=2
FILE results/quant/load_cleguard_resnet50_guard_16.log pre_sha256=b1728b391f8e40b707ed354413f2d4acf066ec595960ce7a525aa692da460a4c post_sha256=713511b5d0269019de24cafee08b5fcf3057846953f3e3565cb6f16f7593a304 profile=0 host=0 job=0 worktree=0 tool=1
FILE results/quant/load_cleguard_resnet50_guard_3.log pre_sha256=9fb3a32695bf0f51222294ecd6c9f380d9d385f54d5f5fe63700691a2d77d297 post_sha256=93d89b6970b155485bb625ba094a68cf299eba9b435cd42c1346cb9f3f573a47 profile=0 host=0 job=0 worktree=0 tool=2
FILE results/quant/load_cleguard_resnet50_guard_off.log pre_sha256=ffbf894939e97928a66575a5a20b083fa9eeed2d72122d5d363d480a08a13079 post_sha256=9da187a9e75dad96902109e5bd61161ae941f2226c55fd17752454e1b34675cd profile=0 host=0 job=0 worktree=0 tool=1
FILE results/quant/load_cleguard_rn50_after_triples.log pre_sha256=be4f25d210621f067a5b824ae4009d254b2dc4c1a3ecb871728534157294397f post_sha256=3daac9be442ae02dc213b2ae9a1f5883109be93f960341402ef7ed573b007e45 profile=0 host=0 job=0 worktree=0 tool=4
FILE results/quant/load_cleguard_rn50_g2_triplesonly.log pre_sha256=880a86d75898c76e9f0511a220b0bca89e81402a6259059e46ce20077a956ef3 post_sha256=63da819bc3fe3019592096cb19b845b779b29ed88b0850a7aefcc88da86a23e1 profile=0 host=0 job=0 worktree=0 tool=2
FILE results/quant/load_modnet_cut_ignition_cle_adaround_c64.log pre_sha256=b6fd4e5d21586d9a1da2f619936c8467fa3e74a25b6506179e61d6de75335252 post_sha256=4b9b7bc8f9e996ef884ce1b2027b1e486457e889078524fb2fab1b12774444ba profile=0 host=0 job=0 worktree=0 tool=303
FILE results/quant/load_modnet_cut_quark_cle_adaround_c64.log pre_sha256=2a5dcdc81680a1abe3942c18ccae0b2d65ca54ccc0bcc6963c01d92bd8cd7230 post_sha256=9eb315bbf59f02d6d87d4f8db19ced8d275d93878759e12af2ff4b151fa9ce11 profile=0 host=0 job=0 worktree=0 tool=218
FILE results/quant/load_modnet_cut_quark_cle_adaround_c64_rerun.log pre_sha256=e6755830046100ff8b919d106abeea60578c12ada8921751cf19ecbab877601f post_sha256=85a25eda6f90c1127dd49612aa78009565afa8e5e638bb525099871dd5c595bd profile=0 host=0 job=0 worktree=0 tool=262
FILE results/quant/load_modnet_cut_replay_postmerge_desktop2.log pre_sha256=3eacc3911a007f89c73edc508fe5baeabc3ea5dfe114ea04639058b55a9f6b73 post_sha256=aceb6baf2bb3fd5efb06f6598e7334e2753288949f21b02aab4f6fb678577600 profile=0 host=0 job=0 worktree=0 tool=1
FILE results/quant/load_probe_resnext50_ignition_cle_feasibility.log pre_sha256=ca3c199855bd5990c74a40c1e9e5bd07b52419dbeab2d1e0fe703b9a9a0a4b0d post_sha256=58f5037b778e4e5f1c946d346a81ee8338dcac1c906105511ede5756544b2bef profile=0 host=0 job=0 worktree=0 tool=1
FILE results/quant/load_probe_resnext50_ignition_cle_feasibility2.log pre_sha256=2d2ae2b086e81499c8cbe1e46fc2bc754743d584f3fa427b9d5b8869c34d30ac post_sha256=9712c8ed16cc3d868496b7a2b88c2ebf86d42aeaa2172dc4700b9f25f73fbd2e profile=0 host=0 job=0 worktree=0 tool=1
FILE results/quant/load_regnetx_002_ignition_cle.log pre_sha256=9557b92bc67020c8fe0f23c3a609c67f5eff9a7054e1b3913ce484bf471b443a post_sha256=1ae6cb23e4a7c35e9bfd72cb317c76fd796202a5c0fbb27b6dcaf00770ebff08 profile=0 host=0 job=0 worktree=0 tool=2
FILE results/quant/load_regnetx_002_ignition_cle_c64.log pre_sha256=0fad5432a744bbeb9ef07ef74fd66448b9577f37e525f2d604faff197bad13c9 post_sha256=4b4cc31235b1e11439e41a4d9acd300cffa6b9a72d7d5f78d0b43502fb7333d0 profile=0 host=0 job=0 worktree=0 tool=2
FILE results/quant/load_regnetx_002_ignition_cle_g2.log pre_sha256=211869546cf6c0c4bf03976fa106d3cbb4423a02bd7e7fc4e4eebcf2ce7ab5ac post_sha256=cc54dc297c07993b5e55be7d35cd5ad1e87ea83ee05f95aaa5014a6b70788b1c profile=0 host=0 job=0 worktree=0 tool=2
FILE results/quant/load_regnetx_002_ignition_cle_guard0p5.log pre_sha256=944a5e03e2896feb06c461f0d2cee933c8172e9d9d5309174bd3f5bbdbbb1506 post_sha256=69c6200fc9fa3ac72990d2bede5b50880d84f97f0a7f98bd54bcc1a3a9121665 profile=0 host=0 job=0 worktree=0 tool=1
FILE results/quant/load_regnetx_002_ignition_cle_guard1.log pre_sha256=3000c0dcee2d03faeb2b5a3873586fd23bcd3c5a9fad855b3d9571c6ba3eeede post_sha256=9635f9e757efeb29723276359b7c7659109f58c89e0812332fd26cdad2d1dba7 profile=0 host=0 job=0 worktree=0 tool=1
FILE results/quant/load_regnetx_002_ignition_cle_guard2.log pre_sha256=c4729fd1bb897968c9bf44d3e116bfcac978d4968fa012878f3d07166722c8bd post_sha256=9a2dfa05035d4f109dc28b9f57b2d3a4c147f01d3714beb044714f3e4d79a374 profile=0 host=0 job=0 worktree=0 tool=2
FILE results/quant/load_regnetx_002_ignition_cle_guard4.log pre_sha256=bdea3dc2b946859d9f1aa8e458c7b37a46268d11ab07f69b8c4f7e4f15b0eb50 post_sha256=53eec95b17b0a9d4f9866a224bfb9ab5d49a9edca3999d65cf8acd190316b296 profile=0 host=0 job=0 worktree=0 tool=2
FILE results/quant/load_regnetx_002_ignition_nocle_c64.log pre_sha256=09ecb23070f6dd86ad8b6badc5ce146ba4c26604dd0032cba5dc8a34e9f92507 post_sha256=2566bb13d336ba1c74ffc69349224ce94bf96b6b11cbe79ee2f3460d1a37e0d2 profile=0 host=0 job=0 worktree=0 tool=2
FILE results/quant/load_regnetx_002_quark_nocle_c64.log pre_sha256=882c2805f64ff90306a65b9c04e836b124aa780243876e9dd2cf44871ee9b4a9 post_sha256=e2e1addde8dce9983e30ca0c0231616b3b0e8874929ad70c78c9dd963d092dbd profile=0 host=0 job=0 worktree=0 tool=1
FILE results/quant/load_resnet50_ignition_cle_adaround_lean.log pre_sha256=681074e233ee413d99a14f2babee2042f529b9742741767324166f4ad3519a81 post_sha256=594db896f480bf71abe07da6836c8360bfd768da6629d7080c448d559633e37d profile=0 host=0 job=0 worktree=0 tool=2
FILE results/quant/load_resnet50_ignition_cle_adaround_lean2.log pre_sha256=4c8dee0f05e80c4809534398b2b5a46b71bddeb8b4ec33018c0a044f275e3f56 post_sha256=8cdc5104848bccc2815595895aa8699a6057aa1c91173457cab77a1ff83acfdd profile=0 host=0 job=0 worktree=0 tool=1
FILE results/quant/load_resnet50_replay_postmerge_desktop2.log pre_sha256=b001aeff1102a932b3f6b8217b79bd2dfb028dedc859095aaf4ce2812da6c61d post_sha256=c943ab09896866b1a62be21180c8f96d56167c12ef895d0ff9b9d6087fca2388 profile=0 host=0 job=0 worktree=0 tool=2
FILE results/quant/load_resnext50_32x4d_quark_nocle_c64.log pre_sha256=10339ed1d3fa0b1ee11a3bdad7dce700e746585c1861b8813e6be592e31f87df post_sha256=1891834bda8ca06da2a0b07b8b3d0dd07695a7aab6b2e4c072ccb99d09406a89 profile=0 host=0 job=0 worktree=0 tool=2
FILE results/quant/load_resnext50_ignition_cle_g2.log pre_sha256=b1bb4b7881cd0552adebf02552dfb9c6595a350347e75654fbcdd9615f40615c post_sha256=108fa2c81e0428f52cb9bac25321c1990cbc8df3e5241f82c88a2be91fad8d74 profile=0 host=0 job=0 worktree=0 tool=2
FILE results/quant/load_resnext50_ignition_cle_guard2.log pre_sha256=c004e376dc149c48909ffe7f93b287d2ae1e97d29515884facdb2a64a1e7794c post_sha256=7388043fe25cf7884b3cfb92374ee7704c68af8eb6b56b2415005abd7cd4fa10 profile=0 host=0 job=0 worktree=0 tool=2
FILE results/quant/load_yolov8n_cut_replay_postmerge_desktop2.log pre_sha256=6904b71aacc85d0ce8bc2303ee7347b848987b2123d18ba60d6eb22549136bad post_sha256=78eadeb992166bd3ebe1b3cc598b17459cddd481863994cf0e2af17942b99749 profile=0 host=0 job=0 worktree=0 tool=1
FILE results/quant/quant_resnet50_ignition_cle_adaround_c64_cpu_desktop1.log pre_sha256=4d6abf9319493f8bc1ff6125a13ab782969d569108a00ba5d031c141dbfb48f0 post_sha256=bb61002e567ff983acb4636fa8e85e05bf412ab12c90295786cfa9d7a780baf4 profile=0 host=1 job=0 worktree=0 tool=0
FILE results/quant/quant_resnet50_ignition_cle_adaround_c64_cpu_resnet_env_desktop1.log pre_sha256=02e8ffe39870b83a51f88b12a9a88bfa3a850835677a34f480ba7fdbdf1ced76 post_sha256=d108891e58a93e4fd424cc6256eb057f6b4deab96860393bf5eaf18103d4a56a profile=0 host=1 job=0 worktree=0 tool=0
FILE results/quant/quant_resnet50_ignition_cle_adaround_c64_gpu_desktop1.log pre_sha256=0d8006810d94d44da2415f568cf085a42905c162c9882d73ba2648565e9ff845 post_sha256=f78f57610de72bdb64ba5f5c9b14b404dc04579bb8cb1eab19403480f5f582ae profile=0 host=1 job=0 worktree=0 tool=0
FILE results/quant/quant_resnet50_ignition_cle_adaround_c64_gpu_desktop1_rerun.log pre_sha256=d309de65e3ba770f25b5324839209f088e16e673bfb086ce4a51d1e57054356c post_sha256=105ae0d5d6e931a1614547a8237a48885e42e44719aa8b530fc92fe102088c73 profile=0 host=1 job=0 worktree=0 tool=0
FILE results/quant/sha256_resnet50_ignition_cle_adaround_c64_desktop1_eval.log pre_sha256=dd9943bd9f45f7ef4f1cb3e72c8211002cd562ac8e5add5b8ae8ddfae6bfab9c post_sha256=ffb5629987260c4a42121d7bf93283f31a6b2305d10ec45525d33e818754ed68 profile=0 host=1 job=0 worktree=0 tool=0
FILE results/resnetv2_50x3_export.log pre_sha256=4102817b8b7bfb17f7020cf43e9824e1b37b23d875cc0268236d52b215fc467f post_sha256=4a0f57ffd100ead2cf01fde3d5bdeb3ba454f65f7b3aca8bc9071118e2ff67b3 profile=6 host=0 job=0 worktree=0 tool=0
FILE results/resnetv2_50x3_fetch.log pre_sha256=0bb89a9f59b3f72b6e9a275077a79264f3bfef787d563a07bd4baebb75927594 post_sha256=706a095d5815afd723e75f3bd30dd5c08bb93c471a62a499c9db62c3ba59fa98 profile=4 host=0 job=0 worktree=0 tool=0
FILE results/resnetv2_50x3_quant_adaround.log pre_sha256=3dd72b498cae2cf3e379ef7196d9825ea9e7f97c67518821c420c2e6e5cdc564 post_sha256=5f2f8b847cc2d96ac8081766f6be991038fdeda86fc514fbfc4314f5c7a33504 profile=427 host=1 job=0 worktree=0 tool=0
FILE results/resnetv2_50x3_quant_probe.log pre_sha256=e8fcbb1b64385e1571c2fed90b1b3e3cd5c4f4fa486d35a9e4ce635d27eb163d post_sha256=bb048931e34203bd2af3a18563d7ac229cbeccd639fc21ee7c5876e949668176 profile=15 host=1 job=0 worktree=0 tool=0
FILE results/resnetv2_50x3_quant_probe12.log pre_sha256=ecf53af2063692f6dc5537c822a37b9f45b7816d47b3eaaa946f4ce6efc43544 post_sha256=f56a34eb3ab1d4df9061f73e9dc5236a044befd97e21a52be14d7625d71402ea profile=15 host=1 job=0 worktree=0 tool=0
FILE results/resnetv2_50x3_quant_probe16.log pre_sha256=048cb8ca8ae9bcce53de58857cd87bf0a3adaa5cb24126adb0c133b56182ad07 post_sha256=002a317cf286a846c5d0afe49a6f741788bab47de8f7bacf7383adf2bb6a8b38 profile=15 host=1 job=0 worktree=0 tool=0
FILE results/resnetv2_50x3_quant_probe8.log pre_sha256=b0a7cbd494d1bbaac92c08b621c5f54b009b92037f48f2d605c4f21005d6a117 post_sha256=d2c134243d57f165c5079db5bfc59dfd2ae71587c462039bd9da04554ba9b0dd profile=15 host=1 job=0 worktree=0 tool=0
FILE results/resnetv2_50x3_quant_xint8.log pre_sha256=187cbec2ca348f622085b7dab0769d157d00518a6e2b7e6c85c8b576ace85add post_sha256=ff55f51e1b13c60ba77af325443c521f51ae0a814dc80e8c0b7b7b5b346d5cf5 profile=15 host=1 job=0 worktree=0 tool=0
FILE results/yolo8m_adaround_gpu_compile.log pre_sha256=cd66b24a97f2d7fc0c7667d51dadb12924ffdd4b3c8b128daf91a17006031cf2 post_sha256=e47f267ffb0139068dd674bf45c225ad73e3b524a6691c7bb68d07383d27f914 profile=346 host=1 job=0 worktree=0 tool=0
FILE results/yolo8s_adaround_compile.log pre_sha256=119a970df22a75c284238fb69f6fefc29cbdd9043671fb8d6845244382d973a4 post_sha256=215825075823ed5cc23070b96598df0bafab30a5c9edb95bc0d9744117d15301 profile=51 host=0 job=0 worktree=0 tool=4
FILE results/yolo_cut_l_cpu.log pre_sha256=976fcd3c210981e087f95e1ef3daa0250bffcd554a1ab03f7803f9777bc8151a post_sha256=d51e166d8c6f5fb0aadf5f33b42bb5631073a3d5c31bcb6c2c623be154a6e209 profile=1 host=0 job=0 worktree=0 tool=0
FILE results/yolo_cut_l_diag.log pre_sha256=34e1cc3880f6a085e932f6182499fdcf947278c9302bd793240f1e2601adb839 post_sha256=c223c59268513ebfadae9eb916f4c843f4ab5aef199c11a7dc3573934cb28b06 profile=1 host=0 job=0 worktree=0 tool=0
FILE results/yolo_cut_l_npu.log pre_sha256=753b702e3d0eabde481c3af63b26b8f1ea7f60fc19db9303f80492dec547d75a post_sha256=88fe7c9e1a57954876251088ed4d816a895dcc7662004c2ffa5991f787edd406 profile=3 host=0 job=0 worktree=0 tool=0
FILE results/yolo_cut_m_adaround_cpu.log pre_sha256=44fa532a1c0f01923cdca38da469a82835cd6f87a4894493c8d872b24ef59bb1 post_sha256=9842d7dc55700ef4cdba6bc2168410890c822b29196a4819044177ce72c772f1 profile=1 host=0 job=0 worktree=0 tool=0
FILE results/yolo_cut_m_adaround_diag.log pre_sha256=f09cb65cab9b6cf700bc6d583bb7e63ed74709d1f43c17f34c074403a07e39d7 post_sha256=a8a29712eff24c8c91c54df58fd2bc6765bc417cd670c9c0676896b95fdc1392 profile=1 host=0 job=0 worktree=0 tool=0
FILE results/yolo_cut_m_adaround_npu.log pre_sha256=d1b70b2754285fa4643ef07f54f3ce793b9017a3c31a0ff5e12912c8c040a221 post_sha256=6cfd07df378343d48102f54116df2c7931380ed3e7e79087f48242f964c21142 profile=2 host=0 job=0 worktree=0 tool=0
FILE results/yolo_cut_quantize_xint8_x.log pre_sha256=4a3ffb0015b5b8e1df89ade7d59da43ea5955d3adb48b99d6473cb390c89c777 post_sha256=b10efff2fa9acaa51f9062a06bd3834928507a0dd358a46d234bad5550e98f63 profile=14 host=0 job=0 worktree=0 tool=0
FILE results/yolo_cut_x_cpu.log pre_sha256=08a8c48a9909d9f694676df61e60ca5d4a8b2ffd962a87b696884a7249d8f88d post_sha256=96731d3bb7ee83c5ab763f321ac57d229c29981c14a3922761a194662c4808ee profile=1 host=0 job=0 worktree=0 tool=0
FILE results/yolo_cut_x_diag.log pre_sha256=338380a604a417db56153cd37683678e089bc642eee6901ac223543b4cb692dc post_sha256=76ffded886eb0251018f7f4e3a4d9ae7a65d7cbd8a4adc42b77594bc51e0f21f profile=1 host=0 job=0 worktree=0 tool=0
FILE results/yolo_cut_x_npu.log pre_sha256=2884701c7d2b54100fd200627271ec16222999c82083a6b9d002c3c2ec870905 post_sha256=09398e0890b3d2362c06ef5f2ba963a9a50f92b61d3f94b38c35d016d542dad9 profile=3 host=0 job=0 worktree=0 tool=0
TOTAL files=189 profile=1155 host=17 job=11 worktree=6 tool=1054
