{
  "device_index": 0,
  "device_name": "AMD Phoenix AIE2 [003d:00:01.1]",
  "frequency_ghz": 1.8,
  "num_cores": 16,
  "iterations": 100,
  "warmup": 20,
  "mean_latency_ms": 1.7322419999999998,
  "median_latency_ms": 1.73385,
  "min_latency_ms": 1.416,
  "max_latency_ms": 2.045,
  "p95_latency_ms": 1.8957749999999998,
  "p99_latency_ms": 1.9801550000000003,
  "fps": 577.2865454134007,
  "driver_tax_ms": 0.36513599999999996,
  "hw_compute_ms": 1.21494999,
  "num_stages": 9,
  "intermediate_ddr_bytes": 0,
  "stage_breakdown": {
    "Backbone (Stem + P3 + P4 + P5)": {
      "latency_ms": 0.709,
      "pct": 44.1
    },
    "Neck (FPN + PAN)": {
      "latency_ms": 0.407,
      "pct": 25.3
    },
    "Detect Heads (P3 + P4 + P5 Cls/Box)": {
      "latency_ms": 0.6162419999999997,
      "pct": 35.57482153186447
    }
  },
  "speedup_vs_amd": 3.815864065182579,
  "speedup_vs_unopt": 13.520050893581846,
  "parity": {
    "cosine_similarity": 0.9965051789777095,
    "target_threshold": 0.99,
    "physical_silicon_active": true,
    "parity_passed": true
  }
}