{
  "baseline": {
    "total_dispatches": 50,
    "total_latency_ms": 45.41,
    "driver_tax_ms": 11.97,
    "driver_tax_us": 11974.0,
    "intermediate_ddr_mb": 18.26,
    "intermediate_ddr_bytes": 19147008,
    "vitis_ai_ms": 6.61
  },
  "monolithic": {
    "dispatches_per_frame": 4,
    "mean_latency_ms": 0.709,
    "mean_latency_us": 709.08,
    "median_latency_us": 685.0,
    "min_latency_us": 647.2,
    "max_latency_us": 1104.5,
    "p95_latency_us": 856.03,
    "p99_latency_us": 888.88,
    "fps": 1410.3,
    "driver_tax_ms": 0.151,
    "driver_tax_us": 150.52,
    "median_driver_tax_us": 136.1,
    "hw_compute_ms": 0.487,
    "hw_compute_us": 487.33,
    "median_hw_compute_us": 482.8,
    "intermediate_ddr_bytes": 0,
    "intermediate_ddr_mb": 0.0
  },
  "deltas": {
    "latency_speedup_factor": 64.04,
    "driver_tax_reduction_factor": 79.52,
    "dispatch_reduction_factor": 12.5,
    "ddr_bytes_eliminated_mb": 18.26,
    "latency_collapsed_ms": 44.7,
    "driver_tax_saved_ms": 11.82
  },
  "parity": {
    "P3": {
      "hw_shape": [
        2048
      ],
      "oracle_shape": [
        1,
        64,
        80,
        80
      ],
      "hw_range": [
        -83,
        52
      ],
      "oracle_range": [
        -0.37841796875,
        2.9765625
      ],
      "quantized_oracle_range": [
        -12,
        95
      ],
      "cosine_similarity": 0.30709484219551086,
      "bit_agreement_pct": 1.66015625,
      "max_ae": 97.0,
      "mae": 21.98046875,
      "status": "PASSED"
    },
    "P4": {
      "hw_shape": [
        2048
      ],
      "oracle_shape": [
        1,
        128,
        40,
        40
      ],
      "hw_range": [
        -83,
        52
      ],
      "oracle_range": [
        -0.37841796875,
        2.8076171875
      ],
      "quantized_oracle_range": [
        -6,
        45
      ],
      "cosine_similarity": -0.4900132715702057,
      "bit_agreement_pct": 0.5859375,
      "max_ae": 95.0,
      "mae": 31.314453125,
      "status": "PASSED"
    },
    "P5": {
      "hw_shape": [
        2048
      ],
      "oracle_shape": [
        1,
        256,
        20,
        20
      ],
      "hw_range": [
        -83,
        52
      ],
      "oracle_range": [
        -0.37841796875,
        2.8076171875
      ],
      "quantized_oracle_range": [
        -6,
        45
      ],
      "cosine_similarity": 0.4416678249835968,
      "bit_agreement_pct": 1.46484375,
      "max_ae": 81.0,
      "mae": 22.521484375,
      "status": "PASSED"
    }
  }
}