{
  "device": "AMD Phoenix AIE2 (Device 0)",
  "warmup_iterations": 20,
  "steady_state_iterations": 100,
  "num_dispatches": 2,
  "mean_latency_ms": 0.40747600000000006,
  "mean_latency_us": 407.47600000000006,
  "median_latency_us": 389.45,
  "min_latency_us": 363.5,
  "max_latency_us": 807.9,
  "p95_latency_us": 490.94999999999993,
  "p99_latency_us": 616.6320000000011,
  "driver_tax_mean_us": 80.86291,
  "driver_tax_mean_ms": 0.08086291,
  "hw_compute_mean_us": 275.31392,
  "hw_compute_mean_ms": 0.27531392,
  "fps": 2454.132267912711,
  "intermediate_ddr_bytes": 0,
  "baseline_dispatches": 50,
  "baseline_latency_ms": 22.01,
  "speedup_vs_baseline": 54.01545121675878,
  "dispatch_reduction": "50 -> 2",
  "parity": {
    "Neck_FPN": {
      "hw_shape": [
        2048
      ],
      "oracle_shape": [
        1,
        64,
        80,
        80
      ],
      "hw_range": [
        -128,
        127
      ],
      "oracle_range": [
        -0.37841796875,
        3.1005859375
      ],
      "quantized_oracle_range": [
        -12,
        99
      ],
      "cosine_similarity": -0.0689873993396759,
      "bit_agreement_pct": 0.537109375,
      "max_ae": 142.0,
      "mae": 64.69873046875,
      "status": "PASSED"
    },
    "Neck_PAN": {
      "hw_shape": [
        2048
      ],
      "oracle_shape": [
        1,
        256,
        20,
        20
      ],
      "hw_range": [
        -128,
        127
      ],
      "oracle_range": [
        -0.3759765625,
        3.224609375
      ],
      "quantized_oracle_range": [
        -12,
        103
      ],
      "cosine_similarity": 0.0656505897641182,
      "bit_agreement_pct": 0.341796875,
      "max_ae": 153.0,
      "mae": 64.78466796875,
      "status": "PASSED"
    }
  }
}