$ pipelines/yolow/5_eval_map.py --model <ignite-xdna main>\models\yolov8s-worldv2_cut_xint8_fp32cv2.onnx --ep npu --cache-key yolow_fp32D --log 3 --n 300 --dets <scratch>\yolow\sitting_vs_amd\3_amd_dets.json --images <ignite-xdna main>\data\coco\val2017 --ann <ignite-xdna main>\data\coco\annotations\instances_val2017.json
loading annotations into memory...
Done (t=0.26s)
creating index...
index created!
RYZEN_AI_INSTALLATION_PATH = C:\Program Files\RyzenAI\1.7.1
xclbin: C:\Program Files\RyzenAI\1.7.1\voe-4.0-win_amd64\xclbins\phoenix\4x4.xclbin
onnxruntime 1.23.3.dev20260320  providers: ['VitisAIExecutionProvider', 'DmlExecutionProvider', 'CPUExecutionProvider']
cache:  <ignite-xdna main>\yolow_fp32D
First run compiles the model. It takes a while and looks frozen. It isn't.
model: head-cut (6 outputs), contrastive + numpy decode, input 640x640
eval : 300 images, conf 0.001, iou 0.7, max_det 300, per-class NMS
  [ 300/300]  infer 95.89 ms  elapsed  34.3s

Timing (300 images):
  mean   : 95.89 ms  (10.4 fps)
  median : 96.47 ms
  p95    : 100.14 ms
wrote 76453 detections to <scratch>\yolow\sitting_vs_amd\3_amd_dets.json
Loading and preparing results...
DONE (t=0.20s)
creating index...
index created!
Running per image evaluation...
Evaluate annotation type *bbox*
DONE (t=1.83s).
Accumulating evaluation results...
DONE (t=0.69s).
 Average Precision  (AP) @[ IoU=0.50:0.95 | area=   all | maxDets=100 ] = 0.245
 Average Precision  (AP) @[ IoU=0.50      | area=   all | maxDets=100 ] = 0.354
 Average Precision  (AP) @[ IoU=0.75      | area=   all | maxDets=100 ] = 0.264
 Average Precision  (AP) @[ IoU=0.50:0.95 | area= small | maxDets=100 ] = 0.167
 Average Precision  (AP) @[ IoU=0.50:0.95 | area=medium | maxDets=100 ] = 0.345
 Average Precision  (AP) @[ IoU=0.50:0.95 | area= large | maxDets=100 ] = 0.292
 Average Recall     (AR) @[ IoU=0.50:0.95 | area=   all | maxDets=  1 ] = 0.244
 Average Recall     (AR) @[ IoU=0.50:0.95 | area=   all | maxDets= 10 ] = 0.425
 Average Recall     (AR) @[ IoU=0.50:0.95 | area=   all | maxDets=100 ] = 0.461
 Average Recall     (AR) @[ IoU=0.50:0.95 | area= small | maxDets=100 ] = 0.288
 Average Recall     (AR) @[ IoU=0.50:0.95 | area=medium | maxDets=100 ] = 0.534
 Average Recall     (AR) @[ IoU=0.50:0.95 | area= large | maxDets=100 ] = 0.564
