$ pipelines/yolow/5_eval_map.py --model <ignite-xdna main>\build\yolow.ignite --ep ignite --n 300 --dets <scratch>\yolow\sitting_vs_amd\4_ignite_dets.json --images <ignite-xdna main>\data\coco\val2017 --ann <ignite-xdna main>\data\coco\annotations\instances_val2017.json
loading annotations into memory...
Done (t=0.28s)
creating index...
index created!
model: graph-engine container (9 segments), contrastive + numpy decode, input 640x640
eval : 300 images, conf 0.001, iou 0.7, max_det 300, per-class NMS
  [ 300/300]  infer 47.51 ms  elapsed  19.0s

Timing (300 images):
  mean   : 47.51 ms  (21.1 fps)
  median : 46.79 ms
  p95    : 51.72 ms
wrote 72972 detections to <scratch>\yolow\sitting_vs_amd\4_ignite_dets.json
Loading and preparing results...
DONE (t=0.13s)
creating index...
index created!
Running per image evaluation...
Evaluate annotation type *bbox*
DONE (t=1.77s).
Accumulating evaluation results...
DONE (t=0.68s).
 Average Precision  (AP) @[ IoU=0.50:0.95 | area=   all | maxDets=100 ] = 0.247
 Average Precision  (AP) @[ IoU=0.50      | area=   all | maxDets=100 ] = 0.358
 Average Precision  (AP) @[ IoU=0.75      | area=   all | maxDets=100 ] = 0.258
 Average Precision  (AP) @[ IoU=0.50:0.95 | area= small | maxDets=100 ] = 0.165
 Average Precision  (AP) @[ IoU=0.50:0.95 | area=medium | maxDets=100 ] = 0.330
 Average Precision  (AP) @[ IoU=0.50:0.95 | area= large | maxDets=100 ] = 0.316
 Average Recall     (AR) @[ IoU=0.50:0.95 | area=   all | maxDets=  1 ] = 0.254
 Average Recall     (AR) @[ IoU=0.50:0.95 | area=   all | maxDets= 10 ] = 0.436
 Average Recall     (AR) @[ IoU=0.50:0.95 | area=   all | maxDets=100 ] = 0.475
 Average Recall     (AR) @[ IoU=0.50:0.95 | area= small | maxDets=100 ] = 0.307
 Average Recall     (AR) @[ IoU=0.50:0.95 | area=medium | maxDets=100 ] = 0.543
 Average Recall     (AR) @[ IoU=0.50:0.95 | area= large | maxDets=100 ] = 0.587
