configuration     run totals GB/s    mean  per chip (mean GB/s, share of its solo)
cpu                 60.61 / 61.57   61.09  cpu 61.09 (100%)
dml                 81.11 / 70.95   76.03  dml 76.03 (100%)
npu                 46.21 / 48.11   47.16  npu 47.16 (100%)
cpu+dml             84.48 / 83.89   84.18  cpu 26.39 (43%)  dml 57.79 (76%)
cpu+npu             83.85 / 84.92   84.38  cpu 39.59 (65%)  npu 44.80 (95%)
dml+npu             91.81 / 92.16   91.98  dml 52.81 (69%)  npu 39.18 (83%)
cpu+dml+npu         90.88 / 90.80   90.84  cpu 11.83 (19%)  dml 48.83 (64%)  npu 30.18 (64%)
witness: 1 GPU engine(s) over 1% at a snapshot
witness: 1 GPU engine(s) over 1% at a snapshot
witness: 1 GPU engine(s) over 1% at a snapshot
witness: 1 GPU engine(s) over 1% at a snapshot
witness: 1 GPU engine(s) over 1% at a snapshot
witness: 2 GPU engine(s) over 1% at a snapshot
witness: 2 GPU engine(s) over 1% at a snapshot
witness: 2 GPU engine(s) over 1% at a snapshot
witness: 2 GPU engine(s) over 1% at a snapshot
witness: 1 GPU engine(s) over 1% at a snapshot
witness: 1 GPU engine(s) over 1% at a snapshot
witness: 1 GPU engine(s) over 1% at a snapshot
witness: 1 GPU engine(s) over 1% at a snapshot
PROBLEM dml: run totals 81.11 and 70.95 differ > 10%
VERDICT INCOMPLETE
