STATES (hybrid S1), no chip. 2026-09-25T01:11:21Z
PREREG_TEXT_SHA256 d2e416e5c916ac08816f3071ccd2de37091b6652ed00ac833f50af2e0c81598e
PROTOCOL_JSON_SHA256 9750abf81d27747158e903bd519e1c57ba1168b7c7c6c32e0a1461799cdd02b3
VERDICT_CODE_SHA256 d78b0f48d978b52d773caf11cd228cddc2a46f3c5c8575651c5efeda61df50b7
FROZEN_JSON {"prereg_log": "hybrid_s1_prereg_desktop2_20260924_amended.log", "prereg_log_lf_sha256": "ab62403e4837e5dfb046bd56b2e2ae96be08d82ef621c8c2c676a313f56eb7d3", "equal": true, "PREREG_TEXT_SHA256": "d2e416e5c916ac08816f3071ccd2de37091b6652ed00ac833f50af2e0c81598e", "PROTOCOL_JSON_SHA256": "9750abf81d27747158e903bd519e1c57ba1168b7c7c6c32e0a1461799cdd02b3", "VERDICT_CODE_SHA256": "d78b0f48d978b52d773caf11cd228cddc2a46f3c5c8575651c5efeda61df50b7"}
GATES_READ_JSON {"build_ok": true, "C4": "PASS", "C5": "PASS", "C6": "PASS", "C1": {"N1": true, "N2": true, "N3": true}}
MEMORY_START_JSON {"child": "states R0", "available_gb": 20.0, "min_gb": 15.0}
SESSION_JSON {"arm": "R0", "seconds": 1.8, "wset_gb": 1.93, "peak_wset_gb": 1.94, "private_gb": 2.21, "peak_private_gb": 2.21}
STATE_JSON {"arm": "R0", "seq": 0, "sha256": "a5597e1ffad816ad48a7dfb911883e3ec99bc454018890701fdca1e7a359ae83", "finite": true, "seconds": 18.5}
STATE_JSON {"arm": "R0", "seq": 1, "sha256": "fe9360f376869582517fe66676447cf509dc5163b33bd592d9279a9373839448", "finite": true, "seconds": 18.5}
STATE_JSON {"arm": "R0", "seq": 2, "sha256": "74b69638d222f01e15cb25d42d71592726a4c1a1e53fe60fa98dd0aa798d39c1", "finite": true, "seconds": 18.6}
STATE_JSON {"arm": "R0", "seq": 3, "sha256": "469e8a123e954df3784a72902501cf4e8ccc44af47a63bb2067edfef6a48caf5", "finite": true, "seconds": 18.6}
STATE_JSON {"arm": "R0", "seq": 4, "sha256": "39154b878d7d45f14f168ef98a6bc88dba2a3eb7c65cce19c781cbf30b03dfef", "finite": true, "seconds": 18.4}
STATE_JSON {"arm": "R0", "seq": 5, "sha256": "0ee727ad0fe0b2d85833fb5b7ebc3e67d56ec1775d5afa0e7f01715d21a93693", "finite": true, "seconds": 18.4}
STATE_JSON {"arm": "R0", "seq": 6, "sha256": "db380ae28beec3f3a6e413bbd92837003435b185c4a95a6777187959a655c1d8", "finite": true, "seconds": 18.4}
STATE_JSON {"arm": "R0", "seq": 7, "sha256": "aa2d27e1259b3e42b3e2c13f893274563f805df957030efd0d23f3e6d16a5729", "finite": true, "seconds": 18.5}
STATE_JSON {"arm": "R0", "seq": 8, "sha256": "a099375e2b131c6daaaf4ba021137f5920e9c8252ac3fa7e7ea4d0f88c6b7b3d", "finite": true, "seconds": 18.9}
STATE_JSON {"arm": "R0", "seq": 9, "sha256": "535357d368bb83a2547a5b966829fe533dfc2f75ca20b9f22a6bfcf6c93b4ba4", "finite": true, "seconds": 18.6}
STATE_JSON {"arm": "R0", "seq": 10, "sha256": "32d5883593376db4934bb500f6cc78d94b2b8157f0afbc399956c0c7e96a2ae1", "finite": true, "seconds": 19.2}
STATE_JSON {"arm": "R0", "seq": 11, "sha256": "8a126d3d421a26aaf34fa4cfe464a038f5672a4257c949871d9b8ef864f3c525", "finite": true, "seconds": 20.1}
STATE_JSON {"arm": "R0", "seq": 12, "sha256": "d1fe8acc4e42642112c091bf248335420f6b0b4c004e3d41a0572383d41647b7", "finite": true, "seconds": 18.3}
STATE_JSON {"arm": "R0", "seq": 13, "sha256": "1fcdb792567a39a5151b277e2445a84f37b729f26e9b7b1aaafe880e06ed1225", "finite": true, "seconds": 18.6}
STATE_JSON {"arm": "R0", "seq": 14, "sha256": "4cd6c437f9ca30ca0ed962d653e4103d5d7be3407ed3f432486db709bc5cddbf", "finite": true, "seconds": 18.4}
STATE_JSON {"arm": "R0", "seq": 15, "sha256": "d32025a170839a32f76d1cbe05b863a958d76ec2d5234167bb6e5fbbdda3cca2", "finite": true, "seconds": 18.3}
MEM_JSON {"child": "states R0", "wset_gb": 3.72, "peak_wset_gb": 3.74, "private_gb": 4.44, "peak_private_gb": 4.46}
CHILD _states R0 rc 0 (attempt 1)
MEMORY_START_JSON {"child": "states R", "available_gb": 20.6, "min_gb": 15.0}
SESSION_JSON {"arm": "R", "seconds": 3.4, "wset_gb": 3.13, "peak_wset_gb": 3.14, "private_gb": 3.01, "peak_private_gb": 3.01}
STATE_JSON {"arm": "R", "seq": 0, "sha256": "f85971a4ffdc044959a6866a94cd185bf6c5fb9964002ddcd1b3c3e0139b4b76", "finite": true, "seconds": 18.1}
STATE_JSON {"arm": "R", "seq": 1, "sha256": "e6f5437a661695eb8350b6b659dcb7af1b825e7cb7e96c02ff81042fe3d55e8a", "finite": true, "seconds": 18.1}
STATE_JSON {"arm": "R", "seq": 2, "sha256": "c86942b8e87e6952bd9bbac9667fdb72c290019b1a8f258e481bd1b04fa74ded", "finite": true, "seconds": 17.6}
STATE_JSON {"arm": "R", "seq": 3, "sha256": "51641f30d28c9e1b7dcccde0628d5342f43eabae0f8e626dc9ef43fd6772205d", "finite": true, "seconds": 17.6}
STATE_JSON {"arm": "R", "seq": 4, "sha256": "09d50f84d87211a71e3fbb1d3daa04ffb5e99c1204ad04419f7b93134c49aaee", "finite": true, "seconds": 17.0}
STATE_JSON {"arm": "R", "seq": 5, "sha256": "f385f9986f0cc61ac2b6618928bccbaf4d0bd46483cf846f767127e36d6b151f", "finite": true, "seconds": 17.4}
STATE_JSON {"arm": "R", "seq": 6, "sha256": "854d11734f6dbd2db61d3bfb2bcf0c441fe257ceafaeae516d8a98f83cebb706", "finite": true, "seconds": 17.4}
STATE_JSON {"arm": "R", "seq": 7, "sha256": "4ef39d5abad70ef964163bcd1ae80e07db14db057fc020c3720116ae68cbcb30", "finite": true, "seconds": 17.3}
STATE_JSON {"arm": "R", "seq": 8, "sha256": "6b1d8169b4ad20f55521cc65b57d16d6ef0a7c9b4a1235f921127ace76e8bdb5", "finite": true, "seconds": 17.5}
STATE_JSON {"arm": "R", "seq": 9, "sha256": "c35948a0cdf6f37ed421c6e3721c7388995a305e5154d492f80dc5bc2f0a07e4", "finite": true, "seconds": 17.3}
STATE_JSON {"arm": "R", "seq": 10, "sha256": "9ca5c335f276c430c5f4f8b827702652e92c34c9d296261127b08952c4758d0b", "finite": true, "seconds": 17.1}
STATE_JSON {"arm": "R", "seq": 11, "sha256": "2b0879cd56a8a6bcee074cc49df64a97d7f1a64bdc74293bf9d88a2daf1ea538", "finite": true, "seconds": 17.3}
STATE_JSON {"arm": "R", "seq": 12, "sha256": "43663cd2d5387ceda611b750a28cc9a4bf41cfa3b3cc32208b74b0e6e4409f54", "finite": true, "seconds": 17.2}
STATE_JSON {"arm": "R", "seq": 13, "sha256": "844ec78b160f0fcaebd76c57baa5209c609ab478dbd7bf59a2064e22aa766fba", "finite": true, "seconds": 17.2}
STATE_JSON {"arm": "R", "seq": 14, "sha256": "5d7a02c1339400fbdfc0c9f67917494e41aa0292bfdaa115023d28be70b0fd6d", "finite": true, "seconds": 18.8}
STATE_JSON {"arm": "R", "seq": 15, "sha256": "32aa67c80429cc73ea6d1c16d9c9a8bc6b38ea6f24d4c3bd168c230ff77114ce", "finite": true, "seconds": 17.9}
MEM_JSON {"child": "states R", "wset_gb": 4.51, "peak_wset_gb": 4.53, "private_gb": 5.23, "peak_private_gb": 5.25}
CHILD _states R rc 0 (attempt 1)
MEMORY_START_JSON {"child": "states N1", "available_gb": 21.0, "min_gb": 15.0}
SESSION_JSON {"arm": "N1", "seconds": 3.7, "wset_gb": 3.55, "peak_wset_gb": 3.57, "private_gb": 3.83, "peak_private_gb": 3.83}
STATE_JSON {"arm": "N1", "seq": 0, "sha256": "f008f999c722539095ffc956d45e122c3bb4ff0a0ca0f8a38630a6dee79973ab", "finite": true, "seconds": 14.0}
STATE_JSON {"arm": "N1", "seq": 1, "sha256": "93f509716ba8bf1bae981671ce526b33093a16e5f0cc19bcfe6cbb75154b5368", "finite": true, "seconds": 13.8}
STATE_JSON {"arm": "N1", "seq": 2, "sha256": "1c2f4439b53935cc344e2d78a79a62f07d7c076f6934c1ca88b0792ea4bc9931", "finite": true, "seconds": 14.8}
STATE_JSON {"arm": "N1", "seq": 3, "sha256": "12b8f348c811e995b7166da7bb284e281cc17eafa600b5cb16c8863438c368e9", "finite": true, "seconds": 12.7}
STATE_JSON {"arm": "N1", "seq": 4, "sha256": "e124005e0c6fd772541b5362813403669ca75711662fa5cf28144d8a5ace743f", "finite": true, "seconds": 12.6}
STATE_JSON {"arm": "N1", "seq": 5, "sha256": "f9d9be7e412f449673ef54ab22230a3d314e035577291992fd525af9b9b64204", "finite": true, "seconds": 12.4}
STATE_JSON {"arm": "N1", "seq": 6, "sha256": "5e2a5673ebfe40c87264d210adad3415687aa4ec45eb4e771a551b1e81ee3b72", "finite": true, "seconds": 12.6}
STATE_JSON {"arm": "N1", "seq": 7, "sha256": "60bc777465becfe31b6cf1e94b70527bb0f3667e67fbc1ee246acf7bb862954e", "finite": true, "seconds": 12.5}
STATE_JSON {"arm": "N1", "seq": 8, "sha256": "cdeb7ce5fdbae52f9704748482dffdeda4f9ff68fe4a2d09a8f5d1571497d486", "finite": true, "seconds": 12.5}
STATE_JSON {"arm": "N1", "seq": 9, "sha256": "cc4027448b2f5e2caf8357858bcfe7326ea1a3fd40f1847c77f991f9ec098dbf", "finite": true, "seconds": 12.5}
STATE_JSON {"arm": "N1", "seq": 10, "sha256": "56b446081285d8002f1bf74107b889cffa1a9d31e4c4a4aab92d3a4d36a556cf", "finite": true, "seconds": 12.7}
STATE_JSON {"arm": "N1", "seq": 11, "sha256": "aa5d6c7c98b8d47d37da97f27f7d09f353dc0d5f38a8da1fa7af418fb5e2a011", "finite": true, "seconds": 13.3}
STATE_JSON {"arm": "N1", "seq": 12, "sha256": "21a87869f351cd69d91f2656b408515540631db089db5c83f25bfc48873c2b17", "finite": true, "seconds": 12.8}
STATE_JSON {"arm": "N1", "seq": 13, "sha256": "4061d2be889c6603f33e069453dc7a818468dc1b4e4bf141d8ff4dc9bc56746d", "finite": true, "seconds": 12.6}
STATE_JSON {"arm": "N1", "seq": 14, "sha256": "cb48d53e0c218ec2c0d9668be0f01cc45ad0bc3507434b39356001e5824eda16", "finite": true, "seconds": 12.8}
STATE_JSON {"arm": "N1", "seq": 15, "sha256": "e856bcc550d03b2fcc553813eea5720ac43316f8c8d16745d426615e006082cd", "finite": true, "seconds": 12.7}
MEM_JSON {"child": "states N1", "wset_gb": 5.69, "peak_wset_gb": 5.71, "private_gb": 6.05, "peak_private_gb": 6.07}
CHILD _states N1 rc 0 (attempt 1)
MEMORY_START_JSON {"child": "states N2", "available_gb": 21.8, "min_gb": 15.0}
SESSION_JSON {"arm": "N2", "seconds": 2.6, "wset_gb": 3.55, "peak_wset_gb": 3.57, "private_gb": 3.83, "peak_private_gb": 3.83}
STATE_JSON {"arm": "N2", "seq": 0, "sha256": "5f9fde243e70b8737ad278e687a7842863de691c1f184cde8ef57fa5ff67d264", "finite": true, "seconds": 14.8}
STATE_JSON {"arm": "N2", "seq": 1, "sha256": "b5914f8f681a358ef5082c98d20a7e46fcba58118884e567cb80712b9d8cb12d", "finite": true, "seconds": 12.9}
STATE_JSON {"arm": "N2", "seq": 2, "sha256": "c2212961c10c0cbe1daaf3d4a92b79665cdef95c014253214746d965308a6314", "finite": true, "seconds": 13.0}
STATE_JSON {"arm": "N2", "seq": 3, "sha256": "96f0e519d2894b5662065e15723b309c2b682d0768402d753ae5a6265873b254", "finite": true, "seconds": 12.9}
STATE_JSON {"arm": "N2", "seq": 4, "sha256": "74e378ad03ef210d3c5d12694ef2a190f393f6c9a2fb2218cd861cb724a90322", "finite": true, "seconds": 12.7}
STATE_JSON {"arm": "N2", "seq": 5, "sha256": "8309f1091a27fa036cf816dd5e25fcc4699b88136decc05448ff792d8fe2b9fd", "finite": true, "seconds": 12.6}
STATE_JSON {"arm": "N2", "seq": 6, "sha256": "e4620a7a257b34d7732197e4128bd4ba4d0260ff21939d315b6d482cc70dc971", "finite": true, "seconds": 12.6}
STATE_JSON {"arm": "N2", "seq": 7, "sha256": "438c62cbace2b0e187ca06d13b32972fb4a8d2f20cc9245e65faf5650c7ae6a1", "finite": true, "seconds": 12.7}
STATE_JSON {"arm": "N2", "seq": 8, "sha256": "a6efbf39908e05408ecf86b2e85d0e5888d8b00159b267b6d665feb946c78619", "finite": true, "seconds": 12.8}
STATE_JSON {"arm": "N2", "seq": 9, "sha256": "e66c9f5cd61baab93617c97fe5a16e4b642223fee3bcc16155ecc5da429d8bca", "finite": true, "seconds": 12.8}
STATE_JSON {"arm": "N2", "seq": 10, "sha256": "c1a194482586a2ce65e2444fafd930aada37b2563f8433438afb075762253671", "finite": true, "seconds": 12.7}
STATE_JSON {"arm": "N2", "seq": 11, "sha256": "db3d2adfe63ac99f200a84883b233ef9f2ef97850b825f6ecf29cfc9133bab97", "finite": true, "seconds": 12.7}
STATE_JSON {"arm": "N2", "seq": 12, "sha256": "4ea4e0ddfe78ca1c68386c7062484d5494de1404fecf257cef498d6f9a333f1f", "finite": true, "seconds": 12.6}
STATE_JSON {"arm": "N2", "seq": 13, "sha256": "6b930c8be2eb74b0c48e0bb1c7d8daef6c996a4237809c679d55f4790d5c08b8", "finite": true, "seconds": 12.7}
STATE_JSON {"arm": "N2", "seq": 14, "sha256": "f1f73f025fd497e7d148138333eda6e07d6387c2e7f3872ddbe0799137d1b57b", "finite": true, "seconds": 12.6}
STATE_JSON {"arm": "N2", "seq": 15, "sha256": "134ec50b9fb9c565bcce9577df03b70e3f782478767dd40d55163735d8328f7d", "finite": true, "seconds": 12.7}
MEM_JSON {"child": "states N2", "wset_gb": 5.69, "peak_wset_gb": 5.71, "private_gb": 6.05, "peak_private_gb": 6.07}
CHILD _states N2 rc 0 (attempt 1)
MEMORY_START_JSON {"child": "states N3", "available_gb": 22.1, "min_gb": 15.0}
SESSION_JSON {"arm": "N3", "seconds": 0.1, "wset_gb": 0.32, "peak_wset_gb": 0.65, "private_gb": 0.61, "peak_private_gb": 0.93}
STATE_JSON {"arm": "N3", "seq": 0, "sha256": "f0f74818095c9d3bb382fea60319526e32e5d69f6b0b4bdf165624cb2caf7b59", "finite": true, "seconds": 26.8}
STATE_JSON {"arm": "N3", "seq": 1, "sha256": "758c3590ea835f27fbe1a32e32e1e80bc802d041109610320dc5c648885cbe8c", "finite": true, "seconds": 22.1}
STATE_JSON {"arm": "N3", "seq": 2, "sha256": "b8012c9223f30eb68b62f8e726498bbccd10a5d0a29e3d3db3f47035eb38f406", "finite": true, "seconds": 21.7}
STATE_JSON {"arm": "N3", "seq": 3, "sha256": "8c8f6a2b9be9568cc6d007dda3987cdb886f60b4e205b980f566942e50790775", "finite": true, "seconds": 21.7}
STATE_JSON {"arm": "N3", "seq": 4, "sha256": "209a1cd95bf81b70dca5097dad98953f3ce95c068291106d782c2f96217171e2", "finite": true, "seconds": 21.4}
STATE_JSON {"arm": "N3", "seq": 5, "sha256": "e17a50583789cf3ef198dcd29efdb3e4925aaf563bfe51080ea336fe4a93f0d4", "finite": true, "seconds": 21.5}
STATE_JSON {"arm": "N3", "seq": 6, "sha256": "b19bf69a5a8ca3ed6a31d4a8a9d4fff4c86b07b55c296e2c59d0519042a62be3", "finite": true, "seconds": 21.6}
STATE_JSON {"arm": "N3", "seq": 7, "sha256": "197d9204c00dd35af502c2615ea51cc61f3d2e9a0089340b00d2e7aad53d1fa4", "finite": true, "seconds": 21.7}
STATE_JSON {"arm": "N3", "seq": 8, "sha256": "16a389948b8740b9b65d142d5eb6c0ac06823d57668988c71cf3709309349bdc", "finite": true, "seconds": 21.7}
STATE_JSON {"arm": "N3", "seq": 9, "sha256": "fa65798dfc603ccd1001da168b3836511e0c57a173888820f2911f4b934829ba", "finite": true, "seconds": 21.5}
STATE_JSON {"arm": "N3", "seq": 10, "sha256": "55843016edfb1d16000acc6f5b956c91b7e0e483f446c6ea3d4e5b0e6e48eed5", "finite": true, "seconds": 21.6}
STATE_JSON {"arm": "N3", "seq": 11, "sha256": "5adfc0250c63dbd84b4d94e329c4c15e33109c6113157feb36034e279b9f195b", "finite": true, "seconds": 21.3}
STATE_JSON {"arm": "N3", "seq": 12, "sha256": "6cc29d49517aea8785210510cbf2f5c9dd3331ec00aa92189ba8ac85cb2106ba", "finite": true, "seconds": 21.8}
STATE_JSON {"arm": "N3", "seq": 13, "sha256": "27902f3f21c20ce41ad5159ae1c3714dffd703de1a89d33849be035cddbfb329", "finite": true, "seconds": 21.4}
STATE_JSON {"arm": "N3", "seq": 14, "sha256": "c1db3153699c4729ae2f6d04fe753273f9a6f6975ccb5ad1f109e44a6c3015c4", "finite": true, "seconds": 21.6}
STATE_JSON {"arm": "N3", "seq": 15, "sha256": "1136a11a69ab0db7f4998444ee3bd9dc23b7814004c566248e3207848c6687da", "finite": true, "seconds": 21.5}
MEM_JSON {"child": "states N3", "wset_gb": 9.01, "peak_wset_gb": 9.03, "private_gb": 2.83, "peak_private_gb": 2.85}
CHILD _states N3 rc 0 (attempt 1)
MEMORY_START_JSON {"child": "band C (R0 continuations)", "available_gb": 22.1, "min_gb": 15.0}
ONESHOT_JSON {"c": 0, "sha256": "de82102721c25e7d87259f90fd8bf974815bd0b34eed03bb2410d69e5235f076", "finite": true}
ONESHOT_JSON {"c": 1, "sha256": "7b4a9ada119ce32614a75a22b623e63ce6bdfb447eb07b6231103fd2bdbb1ba8", "finite": true}
ONESHOT_JSON {"c": 2, "sha256": "281cb21981692430c41bf38744d94baa769e486e2e29eeaaf53159b9a69e9578", "finite": true}
ONESHOT_JSON {"c": 3, "sha256": "e8cbaf74736d5b7217c62b79eae0c5ef0480b5cecfa090bab538f8030ea27862", "finite": true}
CONT_JSON {"arm": "R0", "c": 0, "sha256": "0caa84b3b552118e1046e837e5010bbac802ba85ef3a8ed57001f7d015b1e557", "finite": true}
CONT_JSON {"arm": "R0", "c": 1, "sha256": "583b6cdeddc93eed22c4d5ebb7adfd90bbb81d37dc3eb1e93f95ea8ef2101622", "finite": true}
CONT_JSON {"arm": "R0", "c": 2, "sha256": "bcce59af9477c0f7e5447c433b526666c29f27d477845a7229d18d76a8b1dab4", "finite": true}
CONT_JSON {"arm": "R0", "c": 3, "sha256": "4fb7cb0a87c8ce043d621930965e6e0744785cf490b3a9a5c3763af187938a75", "finite": true}
CONT_JSON {"arm": "R", "c": 0, "sha256": "c992c5054081fb54776be5c99386e530a696a2359ffefcda7e43d215233c04c2", "finite": true}
CONT_JSON {"arm": "R", "c": 1, "sha256": "aa16815ccf34ea58b223805c8f032b7e52c381469b5f0017df2596cad9c77042", "finite": true}
CONT_JSON {"arm": "R", "c": 2, "sha256": "1e6aab34c2e51ec35c2c6a08e64e54d5b7628ceb89fe4950a99f0f72da7efc14", "finite": true}
CONT_JSON {"arm": "R", "c": 3, "sha256": "fad7453ad42e0ddebd73402520176157ac4ad82c06349f049d3f17b488040ebc", "finite": true}
CONT_JSON {"arm": "N1", "c": 0, "sha256": "d56cc1c84618ee323620333074b9096ceb9ee1a6fd561f44a76bad09f02ed089", "finite": true}
CONT_JSON {"arm": "N1", "c": 1, "sha256": "d59ee5f33b7180f2a4b441a41465e2ab6a0cbc1ceb50bc9b5aaf1c45057e25a7", "finite": true}
CONT_JSON {"arm": "N1", "c": 2, "sha256": "a4753ad3e37188052e4d4cefe477f40b28523139780297bfcf7f7f5223696206", "finite": true}
CONT_JSON {"arm": "N1", "c": 3, "sha256": "6ed39a7fead630815e4209a38cfd22cbc6f9505c68d0dec656091a217d19fb8c", "finite": true}
CONT_JSON {"arm": "N2", "c": 0, "sha256": "fd6f788c6daea3c46473494761d4c318728d4597e341ac69178683f59d4192e9", "finite": true}
CONT_JSON {"arm": "N2", "c": 1, "sha256": "7f2aed56fff062a6ee9fea02b2acc840ab160bb1d082bcb621ec7638c1a68d54", "finite": true}
CONT_JSON {"arm": "N2", "c": 2, "sha256": "ab372b713f943ecdb0bc83d94b7b3103ba31973b41b640e6ccd856b0012ca099", "finite": true}
CONT_JSON {"arm": "N2", "c": 3, "sha256": "80c3711710d77a6538bd70e511fcab4943bc233652780c5b8b6d9d5c21318603", "finite": true}
CONT_JSON {"arm": "N3", "c": 0, "sha256": "505b2b74a5708b25cf3393fa944df4cc0c325c2bd39d8cf8eebc82c515cb3eed", "finite": true}
CONT_JSON {"arm": "N3", "c": 1, "sha256": "ec631ac5a05cb0289009e80ed1dd381b2470a95af55d743afe42b66b27e37571", "finite": true}
CONT_JSON {"arm": "N3", "c": 2, "sha256": "aa6a9f207e8bf35c3bd06b9b6ceb2327bb32d8d7763da1b00c64a780c7b3cfb8", "finite": true}
CONT_JSON {"arm": "N3", "c": 3, "sha256": "5a9ba07100ef97354879de176c963e8393f5a6469ad7379cce8f06cf809a50be", "finite": true}
MEM_JSON {"child": "band C", "wset_gb": 4.59, "peak_wset_gb": 5.16, "private_gb": 4.45, "peak_private_gb": 5.02}
CHILD _cont rc 0 (attempt 1)
KV_DELETED True
STATES_DONE_JSON {"rc": {"R0": 0, "R": 0, "N1": 0, "N2": 0, "N3": 0, "cont": 0}}
STATES OK
