VERDICT (hybrid S1), no chip. 2026-09-25T01:43:11Z
PREREG_TEXT_SHA256 d2e416e5c916ac08816f3071ccd2de37091b6652ed00ac833f50af2e0c81598e
PROTOCOL_JSON_SHA256 9750abf81d27747158e903bd519e1c57ba1168b7c7c6c32e0a1461799cdd02b3
VERDICT_CODE_SHA256 d78b0f48d978b52d773caf11cd228cddc2a46f3c5c8575651c5efeda61df50b7
FROZEN_JSON {"prereg_log": "hybrid_s1_prereg_desktop2_20260924_amended.log", "prereg_log_lf_sha256": "ab62403e4837e5dfb046bd56b2e2ae96be08d82ef621c8c2c676a313f56eb7d3", "equal": true, "PREREG_TEXT_SHA256": "d2e416e5c916ac08816f3071ccd2de37091b6652ed00ac833f50af2e0c81598e", "PROTOCOL_JSON_SHA256": "9750abf81d27747158e903bd519e1c57ba1168b7c7c6c32e0a1461799cdd02b3", "VERDICT_CODE_SHA256": "d78b0f48d978b52d773caf11cd228cddc2a46f3c5c8575651c5efeda61df50b7"}
MEMORY_START_JSON {"child": "verdict", "available_gb": 22.0, "min_gb": 15.0}
INPUT_LOG hybrid_s1_build_desktop2_20260924_r2.log: LF sha256 cf02c7915dc8c4397d71bf2a2951eb3a32c92a5b7995580ebd332eda0de4738f
INPUT_LOG hybrid_s1_check_desktop2_20260924.log: LF sha256 bde5c9f416b0b91b0a9b8b019f2dc0d3763dd0112874a6e85990aa1bc888e030
INPUT_LOG hybrid_s1_states_desktop2_20260924.log: LF sha256 1a4f8528ed2eeb745f0e2a88609092c3295c49ff74790b939bccccd8b7c59eee
SEQUENCE 0 scored
SEQUENCE 1 scored
SEQUENCE 2 scored
SEQUENCE 3 scored
SEQUENCE 4 scored
SEQUENCE 5 scored
SEQUENCE 6 scored
SEQUENCE 7 scored
SEQUENCE 8 scored
SEQUENCE 9 scored
SEQUENCE 10 scored
SEQUENCE 11 scored
SEQUENCE 12 scored
SEQUENCE 13 scored
SEQUENCE 14 scored
SEQUENCE 15 scored

THE CHECK VALUES: C4 max per-position KL (R0 against torch, sequence 0) 1.56e-09 (<= 0.0001); C6 max KL (R0 chunked against one-shot, positions 2048-3070) 0 (<= 1e-05)
R0's perplexity on the next tokens, band L: 15.8020
R0's perplexity on the next tokens, band H: 11.8125

Against R0 (the rule: mean KL <= 0.0123 and top-1 >= 0.956 in both bands L and H; R is report-only)
  arm  band    mean KL                  95% CI       p50       p99       max   top-1            95% CI      ppl
  N1   L       3.51274 [3.18921, 3.77869]   2.84336   11.8263    28.567  0.2866 [0.2515, 0.3308] 198.4292
  N1   H       3.54095 [3.11125, 3.86334]   2.87697   12.2183    22.383  0.2913 [0.2504, 0.3506] 171.8748
  N2   L       0.06077 [0.05588, 0.06582]   0.01943    0.7191     6.275  0.8949 [0.8889, 0.9015]  15.2771
  N2   H       0.05204 [0.04768, 0.05649]   0.01507    0.6162     9.186  0.9107 [0.9048, 0.9163]  11.6216
  N3   L       0.00008 [0.00008, 0.00009]   0.00002    0.0009     0.027  0.9952 [0.9940, 0.9961]  15.8071
  N3   H       0.00008 [0.00007, 0.00010]   0.00002    0.0010     0.034  0.9954 [0.9946, 0.9963]  11.8071
  R    L       0.00108 [0.00099, 0.00118]   0.00031    0.0124     0.229  0.9868 [0.9849, 0.9885]  15.8021
  R    H       0.00098 [0.00086, 0.00114]   0.00025    0.0117     0.277  0.9862 [0.9844, 0.9882]  11.8183

Outcomes:
  N1: FAIL
  N2: FAIL
  N3: PASS
  R: PASS (report-only; decides nothing)

THE PICK: N3: bf16 (3c: 1.40x on energy above idle, 1.04x with the idle, 2.09x slower than DirectML)

Band C (REPORT-ONLY): the arm's prompt KV, then R0 over positions 2048-3071, against R0 one-shot
  R0   mean KL 0.00000, p99 0.0000, top-1 1.0000 (4092 positions)
  R    mean KL 0.00009, p99 0.0013, top-1 0.9954 (4092 positions)
  N1   mean KL 0.57019, p99 6.1679, top-1 0.7251 (4092 positions)
  N2   mean KL 0.00962, p99 0.1030, top-1 0.9580 (4092 positions)
  N3   mean KL 0.00001, p99 0.0001, top-1 0.9973 (4092 positions)

Layer 16, sequence 0 (report-only): rel-L2 against the exact product on R0's real inputs
  q     R 7.555e-03  N1 5.543e-01  N2 4.682e-02  N3 1.494e-03
  k     R 7.010e-03  N1 5.070e-01  N2 5.569e-02  N3 1.516e-03
  v     R 1.262e-02  N1 7.526e-01  N2 7.485e-02  N3 2.084e-03
  o     R 4.615e-03  N1 2.529e-01  N2 1.326e-02  N3 1.599e-03
  gate  R 6.148e-03  N1 5.098e-01  N2 3.381e-02  N3 1.591e-03
  up    R 9.407e-03  N1 7.686e-01  N2 5.167e-02  N3 2.122e-03
  down  R 8.428e-03  N1 5.876e-01  N2 1.043e-01  N3 1.787e-03
  outlier ratio (per-tensor amax / median per-token amax): x_attn 39.1, x_o 26.2, x_ffn 26.4, x_down 44.8

Predictions (they decide nothing):
  P1 HIT: N1 FAILS: per-tensor int8 over real activations, whose BOS row and outlier channels set the tile's amax
  P2 MISS: N2 PASSES, against R0
  P3 HIT: N3 PASSES, against R0, with mean KL below 0.1 x 0.0123 in both bands
  P4 HIT: KL(R0 || R) is below 0.0123 in both bands
METRICS_JSON {"R": {"finite": true, "complete": true, "L": {"positions": 16384, "kl_mean": 0.001081481555839646, "kl_p50": 0.00030583627201874995, "kl_p99": 0.012432048505199224, "kl_max": 0.22858477297511456, "top1": 0.98681640625, "ppl": 15.802138168582768, "kl_ci": [0.0009899934696188913, 0.0011819109546780692], "top1_ci": [0.98492431640625, 0.988525390625]}, "H": {"positions": 16368, "kl_mean": 0.0009844338725689666, "kl_p50": 0.0002481423984345856, "kl_p99": 0.01166360639907855, "kl_max": 0.2766506712314747, "top1": 0.9861925708699902, "ppl": 11.818345803311031, "kl_ci": [0.000863658761380607, 0.0011423048382758006], "top1_ci": [0.9843597262952102, 0.9882086999022484]}}, "N1": {"finite": true, "complete": true, "L": {"positions": 16384, "kl_mean": 3.5127385783456626, "kl_p50": 2.8433592423088374, "kl_p99": 11.826253633670408, "kl_max": 28.56745697898998, "top1": 0.28656005859375, "ppl": 198.42916087212112, "kl_ci": [3.1892119358700017, 3.7786907970463135], "top1_ci": [0.25146484375, 0.33075103759765623]}, "H": {"positions": 16368, "kl_mean": 3.540952839537783, "kl_p50": 2.8769729923071825, "kl_p99": 12.218283771066899, "kl_max": 22.382741393293752, "top1": 0.2913000977517107, "ppl": 171.87477991358531, "kl_ci": [3.111251772004459, 3.8633394150457643], "top1_ci": [0.25042766373411535, 0.3505635997067449]}}, "N2": {"finite": true, "complete": true, "L": {"positions": 16384, "kl_mean": 0.06077228992522854, "kl_p50": 0.01942837291273654, "kl_p99": 0.7191219101292667, "kl_max": 6.274766660050291, "top1": 0.8948974609375, "ppl": 15.277113748490283, "kl_ci": [0.055876170057159266, 0.06582281983866388], "top1_ci": [0.88885498046875, 0.9014892578125]}, "H": {"positions": 16368, "kl_mean": 0.0520364147209359, "kl_p50": 0.015073972961932159, "kl_p99": 0.616219341950999, "kl_max": 9.186139056691085, "top1": 0.9107404692082112, "ppl": 11.62163788385194, "kl_ci": [0.04768103191364363, 0.05649227381312546], "top1_ci": [0.9048142717497556, 0.9163000977517106]}}, "N3": {"finite": true, "complete": true, "L": {"positions": 16384, "kl_mean": 8.396295357770837e-05, "kl_p50": 2.3082505276567992e-05, "kl_p99": 0.0009366006104901785, "kl_max": 0.026889969127402984, "top1": 0.99517822265625, "ppl": 15.807125808952545, "kl_ci": [7.539838363166364e-05, 9.255260832519693e-05], "top1_ci": [0.99395751953125, 0.99609375]}, "H": {"positions": 16368, "kl_mean": 8.3954836862945e-05, "kl_p50": 2.111401165958683e-05, "kl_p99": 0.0009958201809269378, "kl_max": 0.03403847822843731, "top1": 0.9954178885630498, "ppl": 11.807141934426062, "kl_ci": [7.274369188936808e-05, 9.769929442160556e-05], "top1_ci": [0.9945625610948192, 0.9962732160312806]}}}
BAND_C_JSON {"R0": {"positions": 4092, "kl_mean": 0.0, "kl_p99": 0.0, "top1": 1.0}, "R": {"positions": 4092, "kl_mean": 8.748820897976017e-05, "kl_p99": 0.001299040742622501, "top1": 0.9953567937438905}, "N1": {"positions": 4092, "kl_mean": 0.5701949281617461, "kl_p99": 6.1678511383607715, "top1": 0.7250733137829912}, "N2": {"positions": 4092, "kl_mean": 0.009619574894206914, "kl_p99": 0.10303614839852827, "top1": 0.9579667644183774}, "N3": {"positions": 4092, "kl_mean": 9.350066895046428e-06, "kl_p99": 0.0001252142486558565, "top1": 0.9973118279569892}}
LAYER16_JSON {"rel_l2": {"q": {"R": 0.007554518315008166, "N1": 0.5543472655901209, "N2": 0.04681517010947465, "N3": 0.001494194336712912}, "k": {"R": 0.00701031756360864, "N1": 0.5070146464620897, "N2": 0.05568821265060236, "N3": 0.0015160699600985676}, "v": {"R": 0.012618186081952202, "N1": 0.7525542266634042, "N2": 0.07484975371530254, "N3": 0.0020838334029774732}, "o": {"R": 0.004615123763534595, "N1": 0.25290699678812173, "N2": 0.013261516260155771, "N3": 0.001599259705693405}, "gate": {"R": 0.006147971893123178, "N1": 0.5097821802355691, "N2": 0.03381499602468241, "N3": 0.001591023670689624}, "up": {"R": 0.009407432923475638, "N1": 0.7686335562945473, "N2": 0.05166899720930044, "N3": 0.0021223328292102567}, "down": {"R": 0.008427505755774325, "N1": 0.5876013780759021, "N2": 0.10427495948540819, "N3": 0.001787101172809059}}, "outlier_ratio": {"x_attn": 39.063995361328125, "x_o": 26.231063842773438, "x_ffn": 26.361892700195312, "x_down": 44.82044982910156}}
VERDICT_JSON {"outcomes": {"N1": "FAIL", "N2": "FAIL", "N3": "PASS", "R": "PASS"}, "narrow": {"N1": [], "N2": [], "N3": [], "R": []}, "pick": "N3: bf16 (3c: 1.40x on energy above idle, 1.04x with the idle, 2.09x slower than DirectML)"}
PREDICTIONS_SCORED_JSON {"P1": "HIT", "P2": "MISS", "P3": "HIT", "P4": "HIT"}
