VERDICT (hybrid S1b), no chip. 2026-09-25T06:32:02Z
PREREG_TEXT_SHA256 7fdc89d9acc9c55810edad7ed431bcb3e11f8aef36e537f55898601171226fdc
PROTOCOL_JSON_SHA256 de717533e387da275b4e21faf05771beb6934685b8d94edded1fddcfdaa97df1
VERDICT_CODE_SHA256 3059986ac857146041302e3ab6d84a423bf59278208972a5cb235dafea5c3133
FROZEN_JSON {"prereg_log": "hybrid_s1b_prereg_desktop2_20260924.log", "prereg_log_lf_sha256": "2255ef813ab2e458bd84ec779240dcda13aedad6b5de4299d667bc742888c7bd", "equal": true, "PREREG_TEXT_SHA256": "7fdc89d9acc9c55810edad7ed431bcb3e11f8aef36e537f55898601171226fdc", "PROTOCOL_JSON_SHA256": "de717533e387da275b4e21faf05771beb6934685b8d94edded1fddcfdaa97df1", "VERDICT_CODE_SHA256": "3059986ac857146041302e3ab6d84a423bf59278208972a5cb235dafea5c3133"}
S1_BLOB_JSON {"commit": "c67d6d2", "blob_at_commit": "51fd6829fee90a338599da20e8f273d0c1bfabf7", "blob_now": "51fd6829fee90a338599da20e8f273d0c1bfabf7", "equal": true}
MEMORY_START_JSON {"child": "verdict", "available_gb": 21.5, "min_gb": 15.0}
INPUT_LOG hybrid_s1b_check_desktop2_20260924.log: LF sha256 1d71dd8e7b77031a9ff880d59da856249ba67b7d8baa2ecd68ccb87683c86f2b
INPUT_LOG hybrid_s1b_states_desktop2_20260924.log: LF sha256 6ecc547837fbd0e2779c11346457c816fbc4c0a1aabb81cd14e7312ff8900f3a
WINDOW 0 scored
WINDOW 1 scored
WINDOW 2 scored
WINDOW 3 scored
WINDOW 4 scored
WINDOW 5 scored
WINDOW 6 scored
WINDOW 7 scored
WINDOW 8 scored
WINDOW 9 scored
WINDOW 10 scored
WINDOW 11 scored
WINDOW 12 scored
WINDOW 13 scored
WINDOW 14 scored
WINDOW 15 scored
WINDOW 16 scored
WINDOW 17 scored
WINDOW 18 scored
WINDOW 19 scored
WINDOW 20 scored
WINDOW 21 scored
WINDOW 22 scored
WINDOW 23 scored
WINDOW 24 scored
WINDOW 25 scored
WINDOW 26 scored
WINDOW 27 scored
WINDOW 28 scored
WINDOW 29 scored
WINDOW 30 scored
WINDOW 31 scored
WINDOW 32 scored
WINDOW 33 scored
WINDOW 34 scored
WINDOW 35 scored
WINDOW 36 scored
WINDOW 37 scored
WINDOW 38 scored
WINDOW 39 scored
WINDOW 40 scored
WINDOW 41 scored
WINDOW 42 scored
WINDOW 43 scored
WINDOW 44 scored
WINDOW 45 scored
WINDOW 46 scored
WINDOW 47 scored
WINDOW 48 scored
WINDOW 49 scored
WINDOW 50 scored
WINDOW 51 scored
WINDOW 52 scored
WINDOW 53 scored
WINDOW 54 scored
WINDOW 55 scored
WINDOW 56 scored
WINDOW 57 scored
WINDOW 58 scored
WINDOW 59 scored
WINDOW 60 scored
WINDOW 61 scored
WINDOW 62 scored
WINDOW 63 scored
WINDOW 64 scored
WINDOW 65 scored
WINDOW 66 scored
WINDOW 67 scored
WINDOW 68 scored
WINDOW 69 scored
WINDOW 70 scored
WINDOW 71 scored
WINDOW 72 scored
WINDOW 73 scored
WINDOW 74 scored
WINDOW 75 scored
WINDOW 76 scored
WINDOW 77 scored
WINDOW 78 scored
WINDOW 79 scored
WINDOW 80 scored
WINDOW 81 scored
WINDOW 82 scored
WINDOW 83 scored

THE R0 CONTROL (check log): PASS; sha-equal per path {'a': True, 'b': False, 'c': True}; C5' PASS

Against R0 one-shot (the rule: mean KL <= 0.0123 and top-1 >= 0.956; set C decides N2; the rest is report-only)
  arm  set       mean KL                  95% CI       p50       p99       max   top-1            95% CI      ppl  outcome
  N2   C         0.01012 [0.00959, 0.01068]   0.00297    0.1160     3.511  0.9602 [0.9584, 0.9619]  10.9491  PASS (DECIDING)
  N2   P_arm     0.03703 [0.02050, 0.06336]   0.01324    0.3665     0.932  0.9167 [0.8571, 0.9762]   8.2471  FAIL NARROW (report-only)
  N2   P_R0      0.02342 [0.01032, 0.04629]   0.00560    0.2163     0.869  0.9405 [0.8810, 0.9881]   8.5499  FAIL NARROW (report-only)
  N2   L         0.06227 [0.05967, 0.06503]   0.02019    0.7429     9.729  0.8992 [0.8962, 0.9021]  15.8291  FAIL (report-only)
  N2   H         0.04983 [0.04767, 0.05203]   0.01512    0.6110     4.709  0.9100 [0.9073, 0.9126]  11.2042  FAIL (report-only)
  N3   C         0.00001 [0.00001, 0.00001]   0.00000    0.0002     0.013  0.9988 [0.9986, 0.9990]  11.2143  PASS (report-only)
  N3   P_arm     0.00006 [0.00003, 0.00008]   0.00001    0.0006     0.001  1.0000 [1.0000, 1.0000]   8.4035  PASS (report-only)
  N3   P_R0      0.00003 [0.00002, 0.00005]   0.00001    0.0002     0.001  1.0000 [1.0000, 1.0000]   8.3961  PASS (report-only)
  R    C         0.00012 [0.00011, 0.00013]   0.00002    0.0015     0.087  0.9955 [0.9950, 0.9960]  11.2163  PASS (report-only)
  R    P_arm     0.00080 [0.00044, 0.00131]   0.00025    0.0097     0.017  1.0000 [1.0000, 1.0000]   8.4127  PASS (report-only)
  R    P_R0      0.00040 [0.00021, 0.00072]   0.00014    0.0037     0.012  1.0000 [1.0000, 1.0000]   8.4031  PASS (report-only)

N2 set C by position (Q2): mean KL 0.01265 over 2,048-2,559, 0.00758 over 2,560-3,070

N2 ON SET C: PASS
THE PICK: N3 (S1's pick; S1b does not change it: any change to the hybrid's NPU numerics is the user's decision)

Predictions (they decide nothing):
  Q1 MISS: set C (deciding): N2's mean KL <= 0.0123, its top-1 within 0.956 +/- 0.01, and set C NARROW on top-1; the side of the line is not predicted
  Q2 HIT: set C: N2's mean KL over positions 2,048-2,559 exceeds its mean over 2,560-3,070
  Q3 HIT: P-arm (report-only): N2 FAILS
  Q4 HIT: N2's mean KL orders as set C < P-R0 < P-arm
  Q5 HIT: N3 PASSES set C, and reads within both thresholds on P-arm and P-R0
  Q6 HIT: R PASSES set C
  Q7 HIT: the R0 control passes all three paths on all 8 windows, with paths (a) and (c) sha-equal on every window; path (b)'s sha-equality is not predicted
  Q8 HIT: the replication FAILS N2 again in bands L and H, with mean KL in 0.04-0.08 and top-1 in 0.88-0.93 in each
METRICS_JSON {"N2": {"C": {"positions": 85932, "kl_mean": 0.010117954051357065, "kl_p50": 0.002971941248916944, "kl_p99": 0.11595360457865893, "kl_max": 3.511374238445701, "top1": 0.9602243634501699, "ppl": 10.949125493042706, "kl_ci": [0.009594475421905998, 0.010675639205446265], "top1_ci": [0.9584435949355303, 0.9619466554950427], "finite": true, "windows": 84}, "P_arm": {"positions": 84, "kl_mean": 0.037031567903870334, "kl_p50": 0.013241477202788812, "kl_p99": 0.36654234006090747, "kl_max": 0.9322195365793089, "top1": 0.9166666666666666, "ppl": 8.247091022219214, "kl_ci": [0.020499229871211413, 0.06336448914468482], "top1_ci": [0.8571428571428571, 0.9761904761904762], "finite": true, "windows": 84}, "P_R0": {"positions": 84, "kl_mean": 0.023422693679542767, "kl_p50": 0.005601715115825643, "kl_p99": 0.21633115793491742, "kl_max": 0.8687897796094186, "top1": 0.9404761904761905, "ppl": 8.549857291759174, "kl_ci": [0.010317133311185556, 0.04629257595658618], "top1_ci": [0.8809523809523809, 0.9880952380952381], "finite": true, "windows": 84}, "L": {"positions": 86016, "kl_mean": 0.062274584711404665, "kl_p50": 0.020185997475017453, "kl_p99": 0.742929523588489, "kl_max": 9.729274071630302, "top1": 0.8991582961309523, "ppl": 15.829143938436035, "kl_ci": [0.059672898739158056, 0.06502549446453916], "top1_ci": [0.8961704799107143, 0.9021347772507441], "finite": true, "windows": 84}, "H": {"positions": 85932, "kl_mean": 0.049827664285639985, "kl_p50": 0.015122218807026185, "kl_p99": 0.6110000189994901, "kl_max": 4.709181186068235, "top1": 0.9099869664385793, "ppl": 11.204218588096213, "kl_ci": [0.04767188232238396, 0.05202567091878331], "top1_ci": [0.9073220686123911, 0.9125587673974771], "finite": true, "windows": 84}}, "N3": {"C": {"positions": 85932, "kl_mean": 1.1791847495466437e-05, "kl_p50": 2.1741662137165907e-06, "kl_p99": 0.00015135472968099494, "kl_max": 0.01287098588209025, "top1": 0.9988013778336359, "ppl": 11.214326455006079, "kl_ci": [1.0361297243822319e-05, 1.3506004223031668e-05], "top1_ci": [0.9985802727738212, 0.9990108457850395], "finite": true, "windows": 84}, "P_arm": {"positions": 84, "kl_mean": 5.6212048194944356e-05, "kl_p50": 1.3622179044332175e-05, "kl_p99": 0.000566111700202878, "kl_max": 0.0007193203662805793, "top1": 1.0, "ppl": 8.403475273682353, "kl_ci": [3.379597157286254e-05, 8.313863331885067e-05], "top1_ci": [1.0, 1.0], "finite": true, "windows": 84}, "P_R0": {"positions": 84, "kl_mean": 3.004591083775049e-05, "kl_p50": 1.2248214241234107e-05, "kl_p99": 0.00023652530116878017, "kl_max": 0.0005849410724403672, "top1": 1.0, "ppl": 8.39607699293002, "kl_ci": [1.8180779775830554e-05, 4.7226183499151913e-05], "top1_ci": [1.0, 1.0], "finite": true, "windows": 84}}, "R": {"C": {"positions": 85932, "kl_mean": 0.00011606883968098506, "kl_p50": 2.1197771085495334e-05, "kl_p99": 0.0015183083756504785, "kl_max": 0.08676560800756042, "top1": 0.9955080761532374, "ppl": 11.216322284202505, "kl_ci": [0.00010625419551931389, 0.00012652127606707249], "top1_ci": [0.9949724782386071, 0.9960433831401575], "finite": true, "windows": 84}, "P_arm": {"positions": 84, "kl_mean": 0.0007969868604703152, "kl_p50": 0.00024519878001945025, "kl_p99": 0.00971397368624259, "kl_max": 0.0171923713478173, "top1": 1.0, "ppl": 8.412741942734726, "kl_ci": [0.00043545561621888615, 0.0013083341343980506], "top1_ci": [1.0, 1.0], "finite": true, "windows": 84}, "P_R0": {"positions": 84, "kl_mean": 0.0004021581656945077, "kl_p50": 0.0001428324994778467, "kl_p99": 0.003669562596039729, "kl_max": 0.011581365198289485, "top1": 1.0, "ppl": 8.403132604827258, "kl_ci": [0.00020975647932743372, 0.0007200332593546049], "top1_ci": [1.0, 1.0], "finite": true, "windows": 84}}}
N2_HALVES_JSON [0.012653492988605923, 0.007577453198379738]
VERDICT_JSON {"N2_set_C": "PASS", "narrow": false, "pick": "N3 (S1's pick; S1b does not change it: any change to the hybrid's NPU numerics is the user's decision)", "complete": {"N2": true, "N3": true, "R": true}}
PREDICTIONS_SCORED_JSON {"Q1": "MISS", "Q2": "HIT", "Q3": "HIT", "Q4": "HIT", "Q5": "HIT", "Q6": "HIT", "Q7": "HIT", "Q8": "HIT"}
