CHECK (hybrid S1b), no chip. 2026-09-25T03:12:44Z
PREREG_TEXT_SHA256 7fdc89d9acc9c55810edad7ed431bcb3e11f8aef36e537f55898601171226fdc
PROTOCOL_JSON_SHA256 de717533e387da275b4e21faf05771beb6934685b8d94edded1fddcfdaa97df1
VERDICT_CODE_SHA256 3059986ac857146041302e3ab6d84a423bf59278208972a5cb235dafea5c3133
FROZEN_JSON {"prereg_log": "hybrid_s1b_prereg_desktop2_20260924.log", "prereg_log_lf_sha256": "2255ef813ab2e458bd84ec779240dcda13aedad6b5de4299d667bc742888c7bd", "equal": true, "PREREG_TEXT_SHA256": "7fdc89d9acc9c55810edad7ed431bcb3e11f8aef36e537f55898601171226fdc", "PROTOCOL_JSON_SHA256": "de717533e387da275b4e21faf05771beb6934685b8d94edded1fddcfdaa97df1", "VERDICT_CODE_SHA256": "3059986ac857146041302e3ab6d84a423bf59278208972a5cb235dafea5c3133"}
S1_BLOB_JSON {"commit": "c67d6d2", "blob_at_commit": "51fd6829fee90a338599da20e8f273d0c1bfabf7", "blob_now": "51fd6829fee90a338599da20e8f273d0c1bfabf7", "equal": true}
MODEL_PIN_JSON {"R0.onnx": {"bytes": 432992, "sha256": "a0a7d785e8dafb387189d76e2e3aedcd4425a26a130ec0142b1e13e0049b1904", "ok": true}, "R.onnx": {"bytes": 432992, "sha256": "b960a9193a9ab3e19fe1d823bf828ae52523eb60a3349da27011bc6e7ee1b94e", "ok": true}, "N2.onnx": {"bytes": 903332, "sha256": "7ac950ad4978205e3afcdde62674b09b8efc0787374c4c456810b9b8b626d1ac", "ok": true}, "N3.onnx": {"bytes": 462635, "sha256": "c3ad9f64d469bf7c8c148062bdc26c5d1e9269579049c8e33764d78a63abfef6", "ok": true}, "int8.onnx.data": {"bytes": 3216719872, "sha256": "ceef81a2b70f4651b83bae28e04d18edcddebb26bc409492653cf477de338a5b", "ok": true}, "bf16.onnx.data": {"bytes": 6417285120, "sha256": "5499847b8e9abe29d0ccf8b645424367a961a180d23d44d46adef0570978a1be", "ok": true}, "base.onnx.data": {"bytes": 7644053504, "sha256": "11edd445f01760ab1d44d8197fd75e40ae805b968522848d101373c804fb8380", "ok": true}}
MEMORY_START_JSON {"child": "N2 (C5')", "available_gb": 21.6, "min_gb": 15.0}
C5P_JSON {"sha_run1": "f49759f94af38677ead161fd8c722c242810cb622725c341f7cc0ffa28950f84", "sha_run2": "f49759f94af38677ead161fd8c722c242810cb622725c341f7cc0ffa28950f84", "outcome": "PASS"}
MEM_JSON {"child": "N2 (C5')", "wset_gb": 5.64, "peak_wset_gb": 5.66, "private_gb": 6.05, "peak_private_gb": 6.07}
CHILD _c5 rc 0 (attempt 1)
MEMORY_START_JSON {"child": "R0 control (a, b, c)", "available_gb": 21.7, "min_gb": 15.0}
CONTROL_RUN_JSON {"w": 0, "oneshot": "244331933fd344b61861932655b615e6b4726105af01ffbe1565f0a43f5403f3", "prompt": "d71b94d385f3d9dd6abd211dbf8b02160941f21c8827a2b7e99c9896ff03434c", "cont": "205b058a359bb065f11263f7f022f1e8e01fefb08f0ebbac1d6784362bb90c75", "dec": "2537285c63bf95268c250cab0cc6ff7e15b274b68d1966c45333864d731a37ee", "rows": [3072, 2048, 1024, 1], "seconds": 85.2}
CONTROL_RUN_JSON {"w": 12, "oneshot": "daa3084edc7dbe57cbe4774dfb657910751af9c2d781d3159cb3d0003498252b", "prompt": "5a5488a856ab45cff4acdd2a3f183252eb5c6ab3bc1916ce3ad8e7d6460510ac", "cont": "ec85e23676da4bb8e363aac57cb8ee1996be7a297b16eaf4cbdd375aef2f1bf9", "dec": "c84ecc51845bd7ab37386f82f21215c237ffe1c2fdac9bf9048a0168d8f6998b", "rows": [3072, 2048, 1024, 1], "seconds": 87.8}
CONTROL_RUN_JSON {"w": 24, "oneshot": "4adc500824cdb3bcc90f3cc94da8bb0594fbe2f64cf44dcb79de73356b9f5828", "prompt": "e61af88d6f381a08defa0d65f14288f6a3d339cfe820fd495a4c80e113cc7891", "cont": "031f5c46191ac02eed9cc7ae454516a94022428e3e8deb9baa11056b871fede5", "dec": "3ba2830a254871175af915e89b0c61beabd70fd1791ba3c783451f2d01fe813a", "rows": [3072, 2048, 1024, 1], "seconds": 86.8}
CONTROL_RUN_JSON {"w": 36, "oneshot": "36076fc98313148604fef48ddd51e16e0f2a25b04d2b227144f33c0bcf8b13ae", "prompt": "85a92589ce6abccee93e6e89885a86ea492239bab45886cc1ecd9503761711b2", "cont": "c76ae5b6cb9152908a4ce10c0b168ed0f83768835248221eb23039d4b006a585", "dec": "9f82a57b448de3b01ce6bfa7bd5eadfd94ad5a620dd4b75883ad0777433f9d81", "rows": [3072, 2048, 1024, 1], "seconds": 93.3}
CONTROL_RUN_JSON {"w": 48, "oneshot": "3e6be00e666d1e16af8bb51e81e1742d80d5b1a33d24bf167d7778f27106834d", "prompt": "1a92d38e42e6b9513abb77281eeb26c5f0afb21d3ed02d470901b07b17f87464", "cont": "1e99056514c9767e16f03f287dcd24459c6f9e95ee1a8a2db694680f5fde61c6", "dec": "f00fec8acc52c732914b9a40556e3b45a08916228a1137fa6313b41ca33ccbd7", "rows": [3072, 2048, 1024, 1], "seconds": 89.2}
CONTROL_RUN_JSON {"w": 60, "oneshot": "842d8ff44fa49a2b89fdd5e47bae1f2cef714621238bface3da90ca4d5ed471f", "prompt": "b8ee8ad26fa740a60a5629a06c91e0a41c9efda19a30ddb8baf716b2299d8453", "cont": "11dcbdffff21aac31d2aa158232d02b3a91ffd11affacdb24c270f13a4bb3dd2", "dec": "52262558de7877cdd2b558b2595ab562c4c9f32af97264d49fddde32c68e4a98", "rows": [3072, 2048, 1024, 1], "seconds": 86.0}
CONTROL_RUN_JSON {"w": 72, "oneshot": "1e0741d9d023756f8a4b30e536ac8d1f613d747e6248006dfe6701b47c383fb3", "prompt": "d6090962f286c062c5ef2b05afde5a628e98f5fbda07a1e02960d00014e78a38", "cont": "2e50d0d879103f60c65d023a7cbd413bf47dda83723efd3d272d75c7020169ac", "dec": "0aaf2f625a7dfc7611b8450ecd3983e35861c67c605eeb59749a838471683970", "rows": [3072, 2048, 1024, 1], "seconds": 86.3}
CONTROL_RUN_JSON {"w": 83, "oneshot": "26f389d8a91031ce937bffd6b892dbe27192fa1a4a04270a6767eb0e8773c9ca", "prompt": "f86fc9820550035e456b4c2ecbfb7c6867bd372507657102a48927c36d769ed0", "cont": "01d7a2ebd942ca7d9d5ca387d316f35782f0d36b88d397c39ee4720c33bf400a", "dec": "297e0a5157ff20212f1ead78da5c7b90dbe528d5dafb028dcf1235b14e7fd851", "rows": [3072, 2048, 1024, 1], "seconds": 86.5}
MEM_JSON {"child": "R0 control", "wset_gb": 5.73, "peak_wset_gb": 6.3, "private_gb": 5.56, "peak_private_gb": 6.13}
CHILD _control rc 0 (attempt 1)
MEMORY_START_JSON {"child": "control compare (head)", "available_gb": 22.0, "min_gb": 15.0}
CONTROL_JSON {"w": 0, "a": {"max_kl": 0.0, "sha_equal": true, "rows": 1023}, "b": {"max_kl": 1.067417465269299e-12, "sha_equal": false, "rows": 1}, "c": {"max_kl": 0.0, "sha_equal": true, "rows": 2048}}
CONTROL_JSON {"w": 12, "a": {"max_kl": 0.0, "sha_equal": true, "rows": 1023}, "b": {"max_kl": 1.0163042050609009e-11, "sha_equal": false, "rows": 1}, "c": {"max_kl": 0.0, "sha_equal": true, "rows": 2048}}
CONTROL_JSON {"w": 24, "a": {"max_kl": 0.0, "sha_equal": true, "rows": 1023}, "b": {"max_kl": 8.881359289651622e-11, "sha_equal": false, "rows": 1}, "c": {"max_kl": 0.0, "sha_equal": true, "rows": 2048}}
CONTROL_JSON {"w": 36, "a": {"max_kl": 0.0, "sha_equal": true, "rows": 1023}, "b": {"max_kl": 1.4370551121802325e-11, "sha_equal": false, "rows": 1}, "c": {"max_kl": 0.0, "sha_equal": true, "rows": 2048}}
CONTROL_JSON {"w": 48, "a": {"max_kl": 0.0, "sha_equal": true, "rows": 1023}, "b": {"max_kl": 4.327141552080307e-12, "sha_equal": false, "rows": 1}, "c": {"max_kl": 0.0, "sha_equal": true, "rows": 2048}}
CONTROL_JSON {"w": 60, "a": {"max_kl": 0.0, "sha_equal": true, "rows": 1023}, "b": {"max_kl": 1.9258734798232654e-11, "sha_equal": false, "rows": 1}, "c": {"max_kl": 0.0, "sha_equal": true, "rows": 2048}}
CONTROL_JSON {"w": 72, "a": {"max_kl": 0.0, "sha_equal": true, "rows": 1023}, "b": {"max_kl": 2.25598305000806e-12, "sha_equal": false, "rows": 1}, "c": {"max_kl": 0.0, "sha_equal": true, "rows": 2048}}
CONTROL_JSON {"w": 83, "a": {"max_kl": 0.0, "sha_equal": true, "rows": 1023}, "b": {"max_kl": 3.777789296559555e-11, "sha_equal": false, "rows": 1}, "c": {"max_kl": 0.0, "sha_equal": true, "rows": 2048}}
CHILD _ccompare rc 0 (attempt 1)
CHECK_JSON {"pins": true, "C5p": "PASS", "control": {"outcome": "PASS", "failed": [], "missing": [], "sha_equal": {"a": true, "b": false, "c": true}}, "rc": {"_c5": 0, "_control": 0, "_ccompare": 0}, "stop": false}
CHECK OK
