UTC: 2026-09-24T01:23:28.271876+00:00
MACHINE: DESKTOP-CBL5NUA AMD64 Family 25 Model 117 Stepping 2, AuthenticAMD
COMMAND: python tools/llm_prefill_bench.py ort --ep dml
COMMIT: c6c37e34ecf09230d9d44bec617da1bf077d297f
PRE_DEVICE_WITNESS

-----------------------------
[003d:00:01.1] : NPU Phoenix
-----------------------------
AIE Partitions
  No hardware contexts running on device


HEADER {"env": "resnet_env17", "ep": "dml", "host": "DESKTOP-CBL5NUA", "numpy": "1.26.4", "onnx": "1.18.0", "onnxruntime": "1.23.3.dev20260320", "python": "3.12.11", "sessions": "one per row, opened before and released after it"}
HOST_LOAD busy_cores=0.06 logical_cores=16 free_ram_gb=18.3 sample_sec=1 peer_busy_cores []
GPU_ENGINES_OVER_1PCT 0
INPUTS_MANIFEST_SHA256 9c5454169184a4b307059fbcbb8519cc31403b48d902918ea66c8023e43dbaf1
SESSION {"ep": "dml", "arm": "fp16", "threads": 0, "shape": "S1", "form": "", "providers": ["DmlExecutionProvider", "CPUExecutionProvider"]}
SESSION {"ep": "dml", "arm": "fp16", "threads": 0, "shape": "S2", "form": "", "providers": ["DmlExecutionProvider", "CPUExecutionProvider"]}
SESSION {"ep": "dml", "arm": "fp16", "threads": 0, "shape": "S3", "form": "", "providers": ["DmlExecutionProvider", "CPUExecutionProvider"]}
SESSION {"ep": "dml", "arm": "fp32", "threads": 0, "shape": "S1", "form": "", "providers": ["DmlExecutionProvider", "CPUExecutionProvider"]}
SESSION {"ep": "dml", "arm": "fp32", "threads": 0, "shape": "S2", "form": "", "providers": ["DmlExecutionProvider", "CPUExecutionProvider"]}
SESSION {"ep": "dml", "arm": "fp32", "threads": 0, "shape": "S3", "form": "", "providers": ["DmlExecutionProvider", "CPUExecutionProvider"]}
SESSION {"ep": "dml", "arm": "int8", "threads": 0, "shape": "S1", "form": "s8", "providers": ["DmlExecutionProvider", "CPUExecutionProvider"]}
SESSION {"ep": "dml", "arm": "int8", "threads": 0, "shape": "S2", "form": "s8", "providers": ["DmlExecutionProvider", "CPUExecutionProvider"]}
SESSION {"ep": "dml", "arm": "int8", "threads": 0, "shape": "S3", "form": "s8", "providers": ["DmlExecutionProvider", "CPUExecutionProvider"]}
ROW_JSON {"chip": "dml", "arm": "fp16", "threads": 0, "form": "", "config": "", "shape": "S1", "M": 512, "K": 4096, "N": 4096, "pass": 1, "median_ms": 5.5286, "ms": [6.3941, 6.4776, 6.4776, 6.2268, 5.6902, 5.3669, 5.0562, 5.1907, 5.2656, 4.494], "rel_l2": 0.00035982668334130595, "max_abs_rel": 0.00046711680329743644, "finite": true}
ROW_JSON {"chip": "dml", "arm": "fp16", "threads": 0, "form": "", "config": "", "shape": "S1", "M": 2048, "K": 4096, "N": 4096, "pass": 1, "median_ms": 18.8593, "ms": [18.5864, 18.9085, 17.359, 18.588, 18.3514, 19.6907, 22.008, 21.9213, 18.8102, 20.0139], "rel_l2": 0.0003596331537899604, "max_abs_rel": 0.0004478978304636298, "finite": true}
ROW_JSON {"chip": "dml", "arm": "fp16", "threads": 0, "form": "", "config": "", "shape": "S2", "M": 512, "K": 4096, "N": 11008, "pass": 1, "median_ms": 9.8128, "ms": [12.7292, 10.6368, 10.7935, 9.6547, 9.3583, 9.3647, 9.2792, 10.0229, 9.4214, 9.9708], "rel_l2": 0.00035947664684477215, "max_abs_rel": 0.0004740630060562682, "finite": true}
ROW_JSON {"chip": "dml", "arm": "fp16", "threads": 0, "form": "", "config": "", "shape": "S2", "M": 2048, "K": 4096, "N": 11008, "pass": 1, "median_ms": 39.9634, "ms": [40.2196, 39.6735, 40.2085, 40.049, 39.1012, 39.8778, 39.2365, 40.1161, 39.019, 40.0891], "rel_l2": 0.0003595033490495021, "max_abs_rel": 0.00042467877207629727, "finite": true}
ROW_JSON {"chip": "dml", "arm": "fp16", "threads": 0, "form": "", "config": "", "shape": "S3", "M": 512, "K": 11008, "N": 4096, "pass": 1, "median_ms": 10.3548, "ms": [13.4554, 13.2299, 10.9511, 9.1194, 10.2804, 11.1331, 10.4293, 9.7839, 9.1917, 9.5215], "rel_l2": 0.00036115005370718483, "max_abs_rel": 0.00044934242565865566, "finite": true}
ROW_JSON {"chip": "dml", "arm": "fp16", "threads": 0, "form": "", "config": "", "shape": "S3", "M": 2048, "K": 11008, "N": 4096, "pass": 1, "median_ms": 72.6158, "ms": [76.7273, 67.553, 76.9402, 66.1751, 68.3785, 67.854, 79.4952, 75.1894, 74.1606, 71.071], "rel_l2": 0.0003611449329282446, "max_abs_rel": 0.0004885251814029058, "finite": true}
ROW_JSON {"chip": "dml", "arm": "fp32", "threads": 0, "form": "", "config": "", "shape": "S1", "M": 512, "K": 4096, "N": 4096, "pass": 1, "median_ms": 13.7209, "ms": [19.2009, 17.8762, 16.7608, 14.7966, 13.641, 12.9313, 12.1003, 12.2937, 13.1224, 13.8007], "rel_l2": 1.1454648029224567e-06, "max_abs_rel": 2.7682412942563923e-06, "finite": true}
ROW_JSON {"chip": "dml", "arm": "fp32", "threads": 0, "form": "", "config": "", "shape": "S1", "M": 2048, "K": 4096, "N": 4096, "pass": 1, "median_ms": 49.7435, "ms": [51.0378, 49.7601, 49.727, 51.3909, 51.523, 48.1376, 48.7905, 51.7604, 48.8142, 48.0405], "rel_l2": 1.1473147248484916e-06, "max_abs_rel": 2.79162721992237e-06, "finite": true}
ROW_JSON {"chip": "dml", "arm": "fp32", "threads": 0, "form": "", "config": "", "shape": "S2", "M": 512, "K": 4096, "N": 11008, "pass": 1, "median_ms": 25.6821, "ms": [26.131, 25.1449, 25.609, 25.7311, 25.64, 25.7241, 25.5687, 25.1406, 26.6154, 26.8073], "rel_l2": 1.1464904905550871e-06, "max_abs_rel": 3.2556868038447456e-06, "finite": true}
ROW_JSON {"chip": "dml", "arm": "fp32", "threads": 0, "form": "", "config": "", "shape": "S2", "M": 2048, "K": 4096, "N": 11008, "pass": 1, "median_ms": 141.7109, "ms": [139.5328, 142.9464, 140.869, 138.9211, 143.3303, 142.5529, 139.2958, 144.3062, 143.7501, 139.9187], "rel_l2": 1.1472632273548629e-06, "max_abs_rel": 2.861245449852558e-06, "finite": true}
ROW_JSON {"chip": "dml", "arm": "fp32", "threads": 0, "form": "", "config": "", "shape": "S3", "M": 512, "K": 11008, "N": 4096, "pass": 1, "median_ms": 31.0259, "ms": [31.2226, 31.002, 31.0148, 30.383, 31.3692, 30.3561, 31.1872, 30.8044, 31.037, 31.0536], "rel_l2": 1.327808377224386e-06, "max_abs_rel": 2.5512453421689854e-06, "finite": true}
ROW_JSON {"chip": "dml", "arm": "fp32", "threads": 0, "form": "", "config": "", "shape": "S3", "M": 2048, "K": 11008, "N": 4096, "pass": 1, "median_ms": 125.8683, "ms": [121.5613, 129.0849, 123.5841, 127.3061, 124.2257, 126.7972, 127.6294, 128.8661, 123.697, 124.9395], "rel_l2": 1.3277725509170842e-06, "max_abs_rel": 2.828048465944851e-06, "finite": true}
ROW_JSON {"chip": "dml", "arm": "int8", "threads": 0, "form": "s8", "config": "", "shape": "S1", "M": 512, "K": 4096, "N": 4096, "pass": 1, "median_ms": 30.5511, "ms": [29.0419, 28.8017, 30.1987, 30.3652, 33.7602, 36.6765, 30.7665, 32.0943, 30.7369, 30.0245], "int32_sha": "934bbb68fe8adc3da97411aaa607062f27f75ac89370aa3a0bb92da52785d1d9", "rel_l2": 0.014681032453893713, "max_abs_rel": 0.014370140690866996, "finite": true}
ROW_JSON {"chip": "dml", "arm": "int8", "threads": 0, "form": "s8", "config": "", "shape": "S1", "M": 2048, "K": 4096, "N": 4096, "pass": 1, "median_ms": 132.1893, "ms": [122.951, 130.9854, 128.9974, 134.3209, 132.6563, 134.6294, 131.7223, 136.7688, 135.2104, 131.3736], "int32_sha": "f141a36d43f6c1bf5f6899616e0875cb40b434e6c53813aea25ce345ecf6e1f8", "rel_l2": 0.01468136287395951, "max_abs_rel": 0.015557361392458733, "finite": true}
ROW_JSON {"chip": "dml", "arm": "int8", "threads": 0, "form": "s8", "config": "", "shape": "S2", "M": 512, "K": 4096, "N": 11008, "pass": 1, "median_ms": 68.4055, "ms": [69.9285, 67.9487, 68.4471, 68.3638, 68.2621, 69.199, 68.6306, 68.7424, 68.2358, 67.3289], "int32_sha": "21d4f7e1ac7c556fa371588edcf4b03af62bd81c5c7a34cca2b5997b2786585c", "rel_l2": 0.014672223460813342, "max_abs_rel": 0.01530352729209696, "finite": true}
ROW_JSON {"chip": "dml", "arm": "int8", "threads": 0, "form": "s8", "config": "", "shape": "S2", "M": 2048, "K": 4096, "N": 11008, "pass": 1, "median_ms": 262.7246, "ms": [258.0458, 263.1183, 267.3476, 263.5487, 260.4283, 264.4247, 259.1793, 262.3309, 258.5485, 263.2764], "int32_sha": "78d63458a978d0cde7b087246865ee333fe616b087cbaa29a436b0e7258cc74e", "rel_l2": 0.014672217477719305, "max_abs_rel": 0.014204905433066442, "finite": true}
ROW_JSON {"chip": "dml", "arm": "int8", "threads": 0, "form": "s8", "config": "", "shape": "S3", "M": 512, "K": 11008, "N": 4096, "pass": 1, "median_ms": 90.2338, "ms": [96.7275, 88.7954, 87.7564, 89.1837, 92.9476, 91.2839, 93.7117, 88.7309, 88.1585, 109.5629], "int32_sha": "4ccb6cb7e1776e74d1ec592a6553dce648c0a86228d66bb280ca433651215f1a", "rel_l2": 0.015382928228998807, "max_abs_rel": 0.014946259397185978, "finite": true}
ROW_JSON {"chip": "dml", "arm": "int8", "threads": 0, "form": "s8", "config": "", "shape": "S3", "M": 2048, "K": 11008, "N": 4096, "pass": 1, "median_ms": 306.1534, "ms": [318.1074, 297.8725, 305.771, 313.2529, 301.9325, 317.4912, 303.8178, 308.8826, 305.1093, 306.5358], "int32_sha": "6ca25656bed5f24c936906c360efbd48db82d9de6a8114ed0c10812b10ad5969", "rel_l2": 0.01538738044947507, "max_abs_rel": 0.015815713929425376, "finite": true}
ROW_JSON {"chip": "dml", "arm": "int8", "threads": 0, "form": "s8", "config": "", "shape": "S3", "M": 2048, "K": 11008, "N": 4096, "pass": 2, "median_ms": 312.1939, "ms": [316.4772, 305.7479, 320.315, 311.0477, 308.6302, 313.1977, 298.2117, 317.4044, 315.3935, 311.1902], "int32_sha": "6ca25656bed5f24c936906c360efbd48db82d9de6a8114ed0c10812b10ad5969", "rel_l2": 0.01538738044947507, "max_abs_rel": 0.015815713929425376, "finite": true}
ROW_JSON {"chip": "dml", "arm": "int8", "threads": 0, "form": "s8", "config": "", "shape": "S3", "M": 512, "K": 11008, "N": 4096, "pass": 2, "median_ms": 72.7985, "ms": [98.81, 71.6444, 73.5523, 70.7345, 72.9638, 73.3064, 73.2137, 72.6332, 72.4408, 71.7832], "int32_sha": "4ccb6cb7e1776e74d1ec592a6553dce648c0a86228d66bb280ca433651215f1a", "rel_l2": 0.015382928228998807, "max_abs_rel": 0.014946259397185978, "finite": true}
ROW_JSON {"chip": "dml", "arm": "int8", "threads": 0, "form": "s8", "config": "", "shape": "S2", "M": 2048, "K": 4096, "N": 11008, "pass": 2, "median_ms": 263.8674, "ms": [259.9613, 270.0607, 263.1674, 270.4685, 263.1844, 270.0121, 261.1215, 263.1528, 264.5504, 271.2565], "int32_sha": "78d63458a978d0cde7b087246865ee333fe616b087cbaa29a436b0e7258cc74e", "rel_l2": 0.014672217477719305, "max_abs_rel": 0.014204905433066442, "finite": true}
ROW_JSON {"chip": "dml", "arm": "int8", "threads": 0, "form": "s8", "config": "", "shape": "S2", "M": 512, "K": 4096, "N": 11008, "pass": 2, "median_ms": 73.3509, "ms": [76.2621, 72.5746, 73.2726, 75.6438, 73.4293, 68.7549, 75.2394, 68.7986, 73.9344, 70.7005], "int32_sha": "21d4f7e1ac7c556fa371588edcf4b03af62bd81c5c7a34cca2b5997b2786585c", "rel_l2": 0.014672223460813342, "max_abs_rel": 0.01530352729209696, "finite": true}
ROW_JSON {"chip": "dml", "arm": "int8", "threads": 0, "form": "s8", "config": "", "shape": "S1", "M": 2048, "K": 4096, "N": 4096, "pass": 2, "median_ms": 121.1127, "ms": [120.4549, 121.1933, 121.2314, 120.1053, 121.0321, 121.8853, 120.5888, 133.2678, 117.4314, 134.2476], "int32_sha": "f141a36d43f6c1bf5f6899616e0875cb40b434e6c53813aea25ce345ecf6e1f8", "rel_l2": 0.01468136287395951, "max_abs_rel": 0.015557361392458733, "finite": true}
ROW_JSON {"chip": "dml", "arm": "int8", "threads": 0, "form": "s8", "config": "", "shape": "S1", "M": 512, "K": 4096, "N": 4096, "pass": 2, "median_ms": 29.4265, "ms": [29.4354, 30.0112, 29.1642, 36.9105, 29.3482, 29.302, 29.4175, 29.6737, 29.5213, 29.0565], "int32_sha": "934bbb68fe8adc3da97411aaa607062f27f75ac89370aa3a0bb92da52785d1d9", "rel_l2": 0.014681032453893713, "max_abs_rel": 0.014370140690866996, "finite": true}
ROW_JSON {"chip": "dml", "arm": "fp32", "threads": 0, "form": "", "config": "", "shape": "S3", "M": 2048, "K": 11008, "N": 4096, "pass": 2, "median_ms": 123.1814, "ms": [123.0975, 119.7142, 125.4553, 123.6151, 116.7732, 125.9101, 123.2653, 121.3675, 123.3278, 121.6211], "rel_l2": 1.3277725509170842e-06, "max_abs_rel": 2.828048465944851e-06, "finite": true}
ROW_JSON {"chip": "dml", "arm": "fp32", "threads": 0, "form": "", "config": "", "shape": "S3", "M": 512, "K": 11008, "N": 4096, "pass": 2, "median_ms": 34.6611, "ms": [35.411, 34.8947, 36.0176, 34.4031, 33.6005, 34.6645, 35.1674, 34.6576, 34.2812, 33.7752], "rel_l2": 1.327808377224386e-06, "max_abs_rel": 2.5512453421689854e-06, "finite": true}
ROW_JSON {"chip": "dml", "arm": "fp32", "threads": 0, "form": "", "config": "", "shape": "S2", "M": 2048, "K": 4096, "N": 11008, "pass": 2, "median_ms": 107.0247, "ms": [104.9772, 106.5718, 105.6146, 114.2859, 110.8307, 106.7149, 108.4135, 106.913, 111.2979, 107.1363], "rel_l2": 1.1472632273548629e-06, "max_abs_rel": 2.861245449852558e-06, "finite": true}
ROW_JSON {"chip": "dml", "arm": "fp32", "threads": 0, "form": "", "config": "", "shape": "S2", "M": 512, "K": 4096, "N": 11008, "pass": 2, "median_ms": 27.7056, "ms": [28.9235, 27.2799, 27.1756, 27.7466, 27.8583, 27.9627, 27.6646, 27.1216, 28.2087, 27.4081], "rel_l2": 1.1464904905550871e-06, "max_abs_rel": 3.2556868038447456e-06, "finite": true}
ROW_JSON {"chip": "dml", "arm": "fp32", "threads": 0, "form": "", "config": "", "shape": "S1", "M": 2048, "K": 4096, "N": 4096, "pass": 2, "median_ms": 50.7441, "ms": [48.4043, 49.9466, 52.0964, 48.4832, 49.0307, 47.9618, 52.683, 51.5416, 52.6482, 52.2797], "rel_l2": 1.1473147248484916e-06, "max_abs_rel": 2.79162721992237e-06, "finite": true}
ROW_JSON {"chip": "dml", "arm": "fp32", "threads": 0, "form": "", "config": "", "shape": "S1", "M": 512, "K": 4096, "N": 4096, "pass": 2, "median_ms": 13.4702, "ms": [18.7346, 16.6325, 14.2245, 13.2747, 12.4149, 12.7277, 12.2216, 12.6021, 13.6656, 13.836], "rel_l2": 1.1454648029224567e-06, "max_abs_rel": 2.7682412942563923e-06, "finite": true}
ROW_JSON {"chip": "dml", "arm": "fp16", "threads": 0, "form": "", "config": "", "shape": "S3", "M": 2048, "K": 11008, "N": 4096, "pass": 2, "median_ms": 70.4075, "ms": [74.7744, 77.6716, 68.3014, 68.6065, 69.3796, 62.0204, 79.8361, 81.6216, 71.4354, 64.5151], "rel_l2": 0.0003611449329282446, "max_abs_rel": 0.0004885251814029058, "finite": true}
ROW_JSON {"chip": "dml", "arm": "fp16", "threads": 0, "form": "", "config": "", "shape": "S3", "M": 512, "K": 11008, "N": 4096, "pass": 2, "median_ms": 11.7667, "ms": [14.046, 12.357, 12.6858, 11.005, 11.9577, 12.1633, 11.5756, 10.6765, 9.3802, 9.4457], "rel_l2": 0.00036115005370718483, "max_abs_rel": 0.00044934242565865566, "finite": true}
ROW_JSON {"chip": "dml", "arm": "fp16", "threads": 0, "form": "", "config": "", "shape": "S2", "M": 2048, "K": 4096, "N": 11008, "pass": 2, "median_ms": 45.1021, "ms": [44.15, 45.4206, 44.89, 45.2934, 44.4576, 45.1823, 45.8762, 44.3098, 45.0252, 45.179], "rel_l2": 0.0003595033490495021, "max_abs_rel": 0.00042467877207629727, "finite": true}
ROW_JSON {"chip": "dml", "arm": "fp16", "threads": 0, "form": "", "config": "", "shape": "S2", "M": 512, "K": 4096, "N": 11008, "pass": 2, "median_ms": 10.2164, "ms": [13.011, 11.5666, 10.4774, 10.1008, 9.9535, 10.2139, 10.4251, 10.1654, 10.2188, 10.08], "rel_l2": 0.00035947664684477215, "max_abs_rel": 0.0004740630060562682, "finite": true}
ROW_JSON {"chip": "dml", "arm": "fp16", "threads": 0, "form": "", "config": "", "shape": "S1", "M": 2048, "K": 4096, "N": 4096, "pass": 2, "median_ms": 21.331, "ms": [21.6767, 20.0865, 19.0178, 22.3481, 22.7254, 20.0445, 21.8805, 20.9852, 23.4288, 20.8022], "rel_l2": 0.0003596331537899604, "max_abs_rel": 0.0004478978304636298, "finite": true}
ROW_JSON {"chip": "dml", "arm": "fp16", "threads": 0, "form": "", "config": "", "shape": "S1", "M": 512, "K": 4096, "N": 4096, "pass": 2, "median_ms": 5.8673, "ms": [7.5864, 7.0243, 6.8385, 6.6938, 5.7422, 5.4951, 5.9924, 5.3177, 5.2523, 5.5111], "rel_l2": 0.00035982668334130595, "max_abs_rel": 0.00046711680329743644, "finite": true}
GPU_ENGINES_OVER_1PCT 0

EXIT_CODE: 0
POST_DEVICE_WITNESS

-----------------------------
[003d:00:01.1] : NPU Phoenix
-----------------------------
AIE Partitions
  No hardware contexts running on device


