UTC: 2026-09-24T01:20:54.668371+00:00
MACHINE: DESKTOP-CBL5NUA AMD64 Family 25 Model 117 Stepping 2, AuthenticAMD
COMMAND: bash scripts/research-iron.sh tools/llm_prefill_bench.py npu
COMMIT: c6c37e34ecf09230d9d44bec617da1bf077d297f
PRE_DEVICE_WITNESS

-----------------------------
[003d:00:01.1] : NPU Phoenix
-----------------------------
AIE Partitions
  No hardware contexts running on device


HEADER {"host": "DESKTOP-CBL5NUA", "ml_dtypes": "0.6.0", "mm_cc_sha256": "7c7b4638be1c8fe6b5e262ab4916613784b283189c329e8921c536fba1cb2aba", "numpy": "2.5.3", "python": "3.13.15", "whole_array_sha256": "92db1cad98aa2ec0670f0f39a3cd3e93d12ebe0d91ee0bc457adb16dbd51c01e"}
HOST_LOAD busy_cores=0.7 logical_cores=16 free_ram_gb=18.3 sample_sec=1 peer_busy_cores []
ARTIFACT bf16_M512_K4096_N4096_m32k64n128cs1 insts_sha256 5baacc78aeefa2e37593582b431bef9efd0f0f1764c6ee5bc632b44b6cb462ca
ARTIFACT bf16_M512_K4096_N4096_m64k64n64cs1 insts_sha256 c4b0cceb88502ad04852144bb2bdf9301d22aed1f2b51aa14cc9e9284690d502
ARTIFACT bf16_M512_K4096_N11008_m16k64n64cs0 insts_sha256 64bfb894b90bcc98af46a2b1d9a296cb1a7c4cac4eee9cba0c2eded491afd76b
ARTIFACT bf16_M512_K4096_N2816_m64k64n64cs1 insts_sha256 fc15164162b566d0c2b324481b13b618940970f88f1b40b061ee0209bac0d2d9
ARTIFACT bf16_M512_K11008_N4096_m32k64n128cs1 insts_sha256 1a8afacb3cf0120ff1bc5f7c24f132bb8698718b292bf940a7ccaf0e1ac93a83
ARTIFACT bf16_M512_K11008_N4096_m64k64n32cs0 insts_sha256 6f06ed0f40b475e948850beaa5dac29fab636d6244abb30adc7e4d0c5488c9d8
ARTIFACT i8_M512_K4096_N4096_m64k128n64cs1 insts_sha256 6af535ccc56df09ab238a957c2d85d1b43ac998ed9256ed3e24938e8e40c596c
ARTIFACT i8_M512_K4096_N4096_m64k64n64cs0 insts_sha256 25804b1675fe6e7065d5cac9fc879dcb42c8691f799e06009f6d186230649d68
ARTIFACT i8_M512_K4096_N11008_m16k64n64cs0 insts_sha256 99839efa966cdc2f01a349d7da68f5de99d3e8f02729aab76a137e29066eb836
ARTIFACT i8_M512_K4096_N2816_m64k128n64cs1 insts_sha256 ca67570858ef825efd2acad641e8e676cd76f8afa498a7bcd800f2698c142267
ARTIFACT i8_M512_K4096_N2816_m64k64n64cs0 insts_sha256 9b6a547affd1050d74fc42a418edcfe58a2e54d824ed17b1153b4ef244ebeb74
ARTIFACT i8_M512_K11008_N4096_m64k128n64cs1 insts_sha256 d99f617f8e2b02f891e9b59ed78ac35bebc408165e4c92c0638bcec57676ff44
ARTIFACT i8_M512_K11008_N4096_m64k64n64cs0 insts_sha256 3a306eaf72550e8d24de05d7cb3746ef67b34249bc48f4d4671bc80eb5a70c69
ARTIFACT bf16_M2048_K4096_N4096_m32k64n128cs1 insts_sha256 e67727d58b83dd9f996a765ef10d9924f56984bc21a655693d1d30f169c3ea86
ARTIFACT bf16_M2048_K4096_N4096_m64k64n64cs1 insts_sha256 4eadf965b5605656f0409f70f1e89b0e7ad2ace5750b9fabd63c2eeada2a7f45
ARTIFACT bf16_M2048_K4096_N11008_m16k64n64cs0 insts_sha256 48c0f5591297f8c1d3989463add0fb6d4a08b7f8e2b818a4f3af4ccc55d0aaa4
ARTIFACT bf16_M2048_K4096_N2816_m64k64n64cs1 insts_sha256 710963ee81a933725e539e62ffacba8b6288e9090374da5d282773b6eea40159
ARTIFACT bf16_M2048_K11008_N4096_m32k64n128cs1 insts_sha256 d470bb5e1de26230a46deb286649632d54e7220750f86d85ea9bfb6f04ad6b4d
ARTIFACT bf16_M2048_K11008_N4096_m64k64n32cs0 insts_sha256 0693bae1b3d4a67a0c83c4c87deba6a1736502b0ac94a0a5d83aec16b44cef2d
ARTIFACT i8_M2048_K4096_N4096_m64k128n64cs1 insts_sha256 d94fdd6e4f89886bdb0609bf8b68adf517ce9fdfe1378e70fe772646a2203f5d
ARTIFACT i8_M2048_K4096_N4096_m64k64n64cs0 insts_sha256 932821fa50f2cca4a733645a189a53ea02e468696bb29159df2a656ae06a67b7
ARTIFACT i8_M2048_K4096_N11008_m16k64n64cs0 insts_sha256 aca4f1a9ac4a0640fce2556cfadcf302f55fb487a567a2744906cf608cf44acc
ARTIFACT i8_M2048_K4096_N2816_m64k128n64cs1 insts_sha256 aafac9feae8d12c04f0c13696bae7bab77e2460209e5dfe21dedfefecf760efd
ARTIFACT i8_M2048_K4096_N2816_m64k64n64cs0 insts_sha256 3ef06643271a44a3e71bf3963eacca8d19c087b7ba0dfb7d6116237bbdb82572
ARTIFACT i8_M2048_K11008_N4096_m64k128n64cs1 insts_sha256 0faad118071d2d35bff782725aba073587700cbb732a839175ec1cca275c870a
ARTIFACT i8_M2048_K11008_N4096_m64k64n64cs0 insts_sha256 05aeb1c3bbe61d96e7b3b3384f9b562c12a6cbc8fa8b3e2fb3becf88b7cd2551
ARTIFACT bf16_M512_K512_N512_m64k64n64cs1 insts_sha256 24552d6b26c5c8a19c0a785acb258b459e1bed183531d7a048858135a168f306
ARTIFACT i8_M512_K512_N512_m64k64n64cs0 insts_sha256 ada233edffcd99a3bde5ad62837d40f1e575dfa57fa42958f247ec70806c2165
INPUTS_MANIFEST_SHA256 9c5454169184a4b307059fbcbb8519cc31403b48d902918ea66c8023e43dbaf1
REFERENCES 4.3 s
SMOKE_JSON {"dtype": "bf16", "ok": true, "runs": [true, true], "rel_l2_own": 1.5698380178379933e-07}
SMOKE_JSON {"dtype": "i8", "ok": true, "runs": [true, true], "rel_l2_own": 0.0}
ROW_JSON {"chip": "npu", "arm": "bf16", "threads": 0, "form": "", "config": "S1-P", "shape": "S1", "M": 512, "K": 4096, "N": 4096, "pass": 1, "tiles": ["bf16_M512_K4096_N4096_m32k64n128cs1"], "median_ms": 6.8018, "ms": [6.6262, 6.7431, 6.8606, 6.8873, 6.8964, 6.9168, 6.9845, 6.5449, 6.5233, 6.5264], "ok": true, "acc_rel_l2": 6.092703262854099e-07, "rel_l2": 0.002346009468034319, "max_abs_rel": 0.00252687477244263, "finite": true}
ROW_JSON {"chip": "npu", "arm": "bf16", "threads": 0, "form": "", "config": "S1-P", "shape": "S1", "M": 2048, "K": 4096, "N": 4096, "pass": 1, "tiles": ["bf16_M2048_K4096_N4096_m32k64n128cs1"], "median_ms": 25.885, "ms": [25.8399, 26.1507, 25.9302, 25.6847, 25.6168, 25.6765, 26.136, 25.9462, 26.5125, 25.6914], "ok": true, "acc_rel_l2": 6.09320500951682e-07, "rel_l2": 0.0023483656707342206, "max_abs_rel": 0.002327633647194099, "finite": true}
ROW_JSON {"chip": "npu", "arm": "bf16", "threads": 0, "form": "", "config": "S1-F", "shape": "S1", "M": 512, "K": 4096, "N": 4096, "pass": 1, "tiles": ["bf16_M512_K4096_N4096_m64k64n64cs1"], "median_ms": 7.2634, "ms": [7.2652, 7.2786, 7.2461, 7.4588, 7.2616, 7.2593, 7.0032, 7.4004, 7.0312, 7.2824], "ok": true, "acc_rel_l2": 6.092703262854099e-07, "rel_l2": 0.002346009468034319, "max_abs_rel": 0.00252687477244263, "finite": true}
ROW_JSON {"chip": "npu", "arm": "bf16", "threads": 0, "form": "", "config": "S1-F", "shape": "S1", "M": 2048, "K": 4096, "N": 4096, "pass": 1, "tiles": ["bf16_M2048_K4096_N4096_m64k64n64cs1"], "median_ms": 26.5906, "ms": [26.5126, 26.5954, 26.7984, 26.6947, 26.5571, 26.5627, 26.6074, 26.6052, 26.5857, 26.3814], "ok": true, "acc_rel_l2": 6.09320500951682e-07, "rel_l2": 0.0023483656707342206, "max_abs_rel": 0.002327633647194099, "finite": true}
ROW_JSON {"chip": "npu", "arm": "bf16", "threads": 0, "form": "", "config": "S2u", "shape": "S2", "M": 512, "K": 4096, "N": 11008, "pass": 1, "tiles": ["bf16_M512_K4096_N11008_m16k64n64cs0"], "median_ms": 54.4361, "ms": [54.1388, 53.9603, 54.5775, 53.3803, 53.9395, 54.8481, 54.9119, 54.8834, 55.0015, 54.2948], "ok": true, "acc_rel_l2": 6.086912776310756e-07, "rel_l2": 0.002347721230444027, "max_abs_rel": 0.002399834820922136, "finite": true}
ROW_JSON {"chip": "npu", "arm": "bf16", "threads": 0, "form": "", "config": "S2u", "shape": "S2", "M": 2048, "K": 4096, "N": 11008, "pass": 1, "tiles": ["bf16_M2048_K4096_N11008_m16k64n64cs0"], "median_ms": 219.0027, "ms": [217.5342, 218.9314, 219.5923, 219.0997, 221.3179, 218.0198, 219.9111, 218.3806, 218.7956, 219.0739], "ok": true, "acc_rel_l2": 6.089877201953541e-07, "rel_l2": 0.002347435280117753, "max_abs_rel": 0.0022806937803999763, "finite": true}
ROW_JSON {"chip": "npu", "arm": "bf16", "threads": 0, "form": "", "config": "S2s-P", "shape": "S2", "M": 512, "K": 4096, "N": 11008, "pass": 1, "tiles": ["bf16_M512_K4096_N4096_m32k64n128cs1", "bf16_M512_K4096_N2816_m64k64n64cs1"], "concat_ms": 7.1192, "median_ms": 21.7423, "ms": [21.5597, 21.6638, 21.8905, 21.6272, 21.8709, 21.8171, 21.4329, 21.8382, 21.6675, 21.852], "ok": true, "acc_rel_l2": 6.086912776310756e-07, "rel_l2": 0.002347721230444027, "max_abs_rel": 0.002399834820922136, "finite": true}
ROW_JSON {"chip": "npu", "arm": "bf16", "threads": 0, "form": "", "config": "S2s-P", "shape": "S2", "M": 2048, "K": 4096, "N": 11008, "pass": 1, "tiles": ["bf16_M2048_K4096_N4096_m32k64n128cs1", "bf16_M2048_K4096_N2816_m64k64n64cs1"], "concat_ms": 26.1221, "median_ms": 73.906, "ms": [73.5581, 73.661, 76.1459, 74.0153, 74.1426, 74.0287, 73.7865, 73.8835, 73.6469, 73.9285], "ok": true, "acc_rel_l2": 6.089877201953541e-07, "rel_l2": 0.002347435280117753, "max_abs_rel": 0.0022806937803999763, "finite": true}
ROW_JSON {"chip": "npu", "arm": "bf16", "threads": 0, "form": "", "config": "S2s-F", "shape": "S2", "M": 512, "K": 4096, "N": 11008, "pass": 1, "tiles": ["bf16_M512_K4096_N4096_m64k64n64cs1", "bf16_M512_K4096_N2816_m64k64n64cs1"], "concat_ms": 6.3896, "median_ms": 21.7705, "ms": [21.9362, 21.7312, 21.5831, 22.0354, 22.1859, 22.1919, 21.8098, 21.0595, 21.0957, 21.6617], "ok": true, "acc_rel_l2": 6.086912776310756e-07, "rel_l2": 0.002347721230444027, "max_abs_rel": 0.002399834820922136, "finite": true}
ROW_JSON {"chip": "npu", "arm": "bf16", "threads": 0, "form": "", "config": "S2s-F", "shape": "S2", "M": 2048, "K": 4096, "N": 11008, "pass": 1, "tiles": ["bf16_M2048_K4096_N4096_m64k64n64cs1", "bf16_M2048_K4096_N2816_m64k64n64cs1"], "concat_ms": 25.8157, "median_ms": 74.1354, "ms": [74.0487, 74.2139, 74.3885, 74.4207, 74.4349, 74.4637, 74.0552, 73.9586, 74.0257, 74.0569], "ok": true, "acc_rel_l2": 6.089877201953541e-07, "rel_l2": 0.002347435280117753, "max_abs_rel": 0.0022806937803999763, "finite": true}
ROW_JSON {"chip": "npu", "arm": "bf16", "threads": 0, "form": "", "config": "S3-P", "shape": "S3", "M": 512, "K": 11008, "N": 4096, "pass": 1, "tiles": ["bf16_M512_K11008_N4096_m32k64n128cs1"], "median_ms": 18.6378, "ms": [18.5769, 18.4201, 18.6989, 18.3117, 18.7466, 18.6336, 18.642, 18.611, 18.7612, 18.6617], "ok": true, "acc_rel_l2": 1.1552444617846913e-06, "rel_l2": 0.002345608942315214, "max_abs_rel": 0.00250711633801321, "finite": true}
ROW_JSON {"chip": "npu", "arm": "bf16", "threads": 0, "form": "", "config": "S3-P", "shape": "S3", "M": 2048, "K": 11008, "N": 4096, "pass": 1, "tiles": ["bf16_M2048_K11008_N4096_m32k64n128cs1"], "median_ms": 72.5134, "ms": [72.4897, 72.3074, 72.5147, 72.2537, 72.8651, 72.5139, 72.4178, 72.5129, 72.8059, 72.6298], "ok": true, "acc_rel_l2": 1.1544947588402918e-06, "rel_l2": 0.0023462578964250744, "max_abs_rel": 0.002390554781977219, "finite": true}
ROW_JSON {"chip": "npu", "arm": "bf16", "threads": 0, "form": "", "config": "S3-F", "shape": "S3", "M": 512, "K": 11008, "N": 4096, "pass": 1, "tiles": ["bf16_M512_K11008_N4096_m64k64n32cs0"], "median_ms": 31.8854, "ms": [31.8141, 31.9207, 31.8774, 31.8217, 31.9347, 31.9551, 31.8933, 32.1218, 31.6278, 31.8555], "ok": true, "acc_rel_l2": 1.1552444617846913e-06, "rel_l2": 0.002345608942315214, "max_abs_rel": 0.00250711633801321, "finite": true}
ROW_JSON {"chip": "npu", "arm": "bf16", "threads": 0, "form": "", "config": "S3-F", "shape": "S3", "M": 2048, "K": 11008, "N": 4096, "pass": 1, "tiles": ["bf16_M2048_K11008_N4096_m64k64n32cs0"], "median_ms": 126.1833, "ms": [125.9854, 126.1677, 126.3254, 126.2415, 125.9852, 126.254, 126.0617, 126.6355, 125.7864, 126.1988], "ok": true, "acc_rel_l2": 1.1544947588402918e-06, "rel_l2": 0.0023462578964250744, "max_abs_rel": 0.002390554781977219, "finite": true}
ROW_JSON {"chip": "npu", "arm": "int8", "threads": 0, "form": "", "config": "S1-P", "shape": "S1", "M": 512, "K": 4096, "N": 4096, "pass": 1, "tiles": ["i8_M512_K4096_N4096_m64k128n64cs1"], "median_ms": 5.2873, "ms": [4.8918, 4.9639, 5.0041, 5.2678, 5.572, 5.3067, 5.3999, 5.1576, 5.4034, 5.3794], "ok": true, "int32_sha": "934bbb68fe8adc3da97411aaa607062f27f75ac89370aa3a0bb92da52785d1d9", "rel_l2": 0.014681032453893713, "max_abs_rel": 0.014370140690866996, "finite": true}
ROW_JSON {"chip": "npu", "arm": "int8", "threads": 0, "form": "", "config": "S1-P", "shape": "S1", "M": 2048, "K": 4096, "N": 4096, "pass": 1, "tiles": ["i8_M2048_K4096_N4096_m64k128n64cs1"], "median_ms": 18.7338, "ms": [18.9203, 18.9327, 18.6436, 18.6148, 19.1603, 18.6321, 18.8239, 18.6049, 18.9946, 18.49], "ok": true, "int32_sha": "f141a36d43f6c1bf5f6899616e0875cb40b434e6c53813aea25ce345ecf6e1f8", "rel_l2": 0.01468136287395951, "max_abs_rel": 0.015557361392458733, "finite": true}
ROW_JSON {"chip": "npu", "arm": "int8", "threads": 0, "form": "", "config": "S1-F", "shape": "S1", "M": 512, "K": 4096, "N": 4096, "pass": 1, "tiles": ["i8_M512_K4096_N4096_m64k64n64cs0"], "median_ms": 6.4047, "ms": [6.3661, 6.5298, 6.5203, 6.1598, 6.0602, 6.498, 6.4433, 6.0587, 6.2298, 6.65], "ok": true, "int32_sha": "934bbb68fe8adc3da97411aaa607062f27f75ac89370aa3a0bb92da52785d1d9", "rel_l2": 0.014681032453893713, "max_abs_rel": 0.014370140690866996, "finite": true}
ROW_JSON {"chip": "npu", "arm": "int8", "threads": 0, "form": "", "config": "S1-F", "shape": "S1", "M": 2048, "K": 4096, "N": 4096, "pass": 1, "tiles": ["i8_M2048_K4096_N4096_m64k64n64cs0"], "median_ms": 22.6746, "ms": [22.4478, 22.883, 22.9919, 22.5547, 23.0109, 22.9034, 22.2629, 22.6936, 22.6557, 22.6357], "ok": true, "int32_sha": "f141a36d43f6c1bf5f6899616e0875cb40b434e6c53813aea25ce345ecf6e1f8", "rel_l2": 0.01468136287395951, "max_abs_rel": 0.015557361392458733, "finite": true}
ROW_JSON {"chip": "npu", "arm": "int8", "threads": 0, "form": "", "config": "S2u", "shape": "S2", "M": 512, "K": 4096, "N": 11008, "pass": 1, "tiles": ["i8_M512_K4096_N11008_m16k64n64cs0"], "median_ms": 42.1855, "ms": [42.6172, 42.1329, 42.1648, 42.1809, 42.0456, 42.1915, 42.3448, 42.1901, 42.5619, 42.041], "ok": true, "int32_sha": "21d4f7e1ac7c556fa371588edcf4b03af62bd81c5c7a34cca2b5997b2786585c", "rel_l2": 0.014672223460813342, "max_abs_rel": 0.01530352729209696, "finite": true}
ROW_JSON {"chip": "npu", "arm": "int8", "threads": 0, "form": "", "config": "S2u", "shape": "S2", "M": 2048, "K": 4096, "N": 11008, "pass": 1, "tiles": ["i8_M2048_K4096_N11008_m16k64n64cs0"], "median_ms": 164.8513, "ms": [167.1866, 164.3479, 164.6947, 165.0215, 164.124, 165.2929, 165.0079, 165.6877, 164.1982, 164.5779], "ok": true, "int32_sha": "78d63458a978d0cde7b087246865ee333fe616b087cbaa29a436b0e7258cc74e", "rel_l2": 0.014672217477719305, "max_abs_rel": 0.014204905433066442, "finite": true}
ROW_JSON {"chip": "npu", "arm": "int8", "threads": 0, "form": "", "config": "S2s-P", "shape": "S2", "M": 512, "K": 4096, "N": 11008, "pass": 1, "tiles": ["i8_M512_K4096_N4096_m64k128n64cs1", "i8_M512_K4096_N2816_m64k128n64cs1"], "concat_ms": 6.7361, "median_ms": 15.5419, "ms": [15.3538, 15.4976, 15.7521, 15.1429, 15.5759, 15.8353, 15.5079, 15.3344, 15.8752, 15.864], "ok": true, "int32_sha": "21d4f7e1ac7c556fa371588edcf4b03af62bd81c5c7a34cca2b5997b2786585c", "rel_l2": 0.014672223460813342, "max_abs_rel": 0.01530352729209696, "finite": true}
ROW_JSON {"chip": "npu", "arm": "int8", "threads": 0, "form": "", "config": "S2s-P", "shape": "S2", "M": 2048, "K": 4096, "N": 11008, "pass": 1, "tiles": ["i8_M2048_K4096_N4096_m64k128n64cs1", "i8_M2048_K4096_N2816_m64k128n64cs1"], "concat_ms": 26.5149, "median_ms": 49.809, "ms": [50.6029, 50.2657, 49.0592, 48.9357, 49.5209, 50.4067, 49.6638, 49.9542, 50.4313, 48.4251], "ok": true, "int32_sha": "78d63458a978d0cde7b087246865ee333fe616b087cbaa29a436b0e7258cc74e", "rel_l2": 0.014672217477719305, "max_abs_rel": 0.014204905433066442, "finite": true}
ROW_JSON {"chip": "npu", "arm": "int8", "threads": 0, "form": "", "config": "S2s-F", "shape": "S2", "M": 512, "K": 4096, "N": 11008, "pass": 1, "tiles": ["i8_M512_K4096_N4096_m64k64n64cs0", "i8_M512_K4096_N2816_m64k64n64cs0"], "concat_ms": 6.5177, "median_ms": 18.5503, "ms": [17.3767, 18.5486, 18.5713, 18.6179, 18.8087, 18.552, 18.1557, 18.1478, 18.8378, 17.7459], "ok": true, "int32_sha": "21d4f7e1ac7c556fa371588edcf4b03af62bd81c5c7a34cca2b5997b2786585c", "rel_l2": 0.014672223460813342, "max_abs_rel": 0.01530352729209696, "finite": true}
ROW_JSON {"chip": "npu", "arm": "int8", "threads": 0, "form": "", "config": "S2s-F", "shape": "S2", "M": 2048, "K": 4096, "N": 11008, "pass": 1, "tiles": ["i8_M2048_K4096_N4096_m64k64n64cs0", "i8_M2048_K4096_N2816_m64k64n64cs0"], "concat_ms": 26.3953, "median_ms": 59.6781, "ms": [59.8247, 59.699, 59.6572, 59.4731, 59.3363, 59.8998, 59.7807, 59.4735, 61.0046, 59.6316], "ok": true, "int32_sha": "78d63458a978d0cde7b087246865ee333fe616b087cbaa29a436b0e7258cc74e", "rel_l2": 0.014672217477719305, "max_abs_rel": 0.014204905433066442, "finite": true}
ROW_JSON {"chip": "npu", "arm": "int8", "threads": 0, "form": "", "config": "S3-P", "shape": "S3", "M": 512, "K": 11008, "N": 4096, "pass": 1, "tiles": ["i8_M512_K11008_N4096_m64k128n64cs1"], "median_ms": 12.6942, "ms": [12.6401, 12.1906, 12.63, 12.5195, 12.5212, 12.9869, 12.7482, 12.873, 12.8434, 12.9362], "ok": true, "int32_sha": "4ccb6cb7e1776e74d1ec592a6553dce648c0a86228d66bb280ca433651215f1a", "rel_l2": 0.015382928228998807, "max_abs_rel": 0.014946259397185978, "finite": true}
ROW_JSON {"chip": "npu", "arm": "int8", "threads": 0, "form": "", "config": "S3-P", "shape": "S3", "M": 2048, "K": 11008, "N": 4096, "pass": 1, "tiles": ["i8_M2048_K11008_N4096_m64k128n64cs1"], "median_ms": 46.4532, "ms": [46.2223, 48.2015, 47.7094, 46.6663, 45.4907, 46.2727, 45.6388, 46.6336, 47.3128, 46.1642], "ok": true, "int32_sha": "6ca25656bed5f24c936906c360efbd48db82d9de6a8114ed0c10812b10ad5969", "rel_l2": 0.01538738044947507, "max_abs_rel": 0.015815713929425376, "finite": true}
ROW_JSON {"chip": "npu", "arm": "int8", "threads": 0, "form": "", "config": "S3-F", "shape": "S3", "M": 512, "K": 11008, "N": 4096, "pass": 1, "tiles": ["i8_M512_K11008_N4096_m64k64n64cs0"], "median_ms": 15.4726, "ms": [15.1401, 15.1775, 15.4005, 15.4968, 15.6977, 14.3914, 15.8814, 15.5752, 15.4484, 15.5902], "ok": true, "int32_sha": "4ccb6cb7e1776e74d1ec592a6553dce648c0a86228d66bb280ca433651215f1a", "rel_l2": 0.015382928228998807, "max_abs_rel": 0.014946259397185978, "finite": true}
ROW_JSON {"chip": "npu", "arm": "int8", "threads": 0, "form": "", "config": "S3-F", "shape": "S3", "M": 2048, "K": 11008, "N": 4096, "pass": 1, "tiles": ["i8_M2048_K11008_N4096_m64k64n64cs0"], "median_ms": 60.5836, "ms": [61.2487, 61.2303, 60.6778, 60.3959, 61.5228, 60.1122, 60.2518, 61.964, 60.4895, 59.8945], "ok": true, "int32_sha": "6ca25656bed5f24c936906c360efbd48db82d9de6a8114ed0c10812b10ad5969", "rel_l2": 0.01538738044947507, "max_abs_rel": 0.015815713929425376, "finite": true}
ROW_JSON {"chip": "npu", "arm": "int8", "threads": 0, "form": "", "config": "S3-F", "shape": "S3", "M": 2048, "K": 11008, "N": 4096, "pass": 2, "tiles": ["i8_M2048_K11008_N4096_m64k64n64cs0"], "median_ms": 60.5331, "ms": [60.7757, 60.2855, 60.4848, 60.1425, 60.7393, 60.5814, 60.725, 60.1632, 61.8234, 60.3298], "ok": true, "int32_sha": "6ca25656bed5f24c936906c360efbd48db82d9de6a8114ed0c10812b10ad5969", "rel_l2": 0.01538738044947507, "max_abs_rel": 0.015815713929425376, "finite": true}
ROW_JSON {"chip": "npu", "arm": "int8", "threads": 0, "form": "", "config": "S3-F", "shape": "S3", "M": 512, "K": 11008, "N": 4096, "pass": 2, "tiles": ["i8_M512_K11008_N4096_m64k64n64cs0"], "median_ms": 14.8384, "ms": [14.1853, 15.1944, 14.0564, 15.6959, 15.0508, 15.2145, 14.0459, 14.6813, 14.2198, 14.9956], "ok": true, "int32_sha": "4ccb6cb7e1776e74d1ec592a6553dce648c0a86228d66bb280ca433651215f1a", "rel_l2": 0.015382928228998807, "max_abs_rel": 0.014946259397185978, "finite": true}
ROW_JSON {"chip": "npu", "arm": "int8", "threads": 0, "form": "", "config": "S3-P", "shape": "S3", "M": 2048, "K": 11008, "N": 4096, "pass": 2, "tiles": ["i8_M2048_K11008_N4096_m64k128n64cs1"], "median_ms": 47.5913, "ms": [46.4556, 47.5749, 48.2664, 47.8783, 46.928, 48.497, 45.6195, 47.4398, 47.7763, 47.6078], "ok": true, "int32_sha": "6ca25656bed5f24c936906c360efbd48db82d9de6a8114ed0c10812b10ad5969", "rel_l2": 0.01538738044947507, "max_abs_rel": 0.015815713929425376, "finite": true}
ROW_JSON {"chip": "npu", "arm": "int8", "threads": 0, "form": "", "config": "S3-P", "shape": "S3", "M": 512, "K": 11008, "N": 4096, "pass": 2, "tiles": ["i8_M512_K11008_N4096_m64k128n64cs1"], "median_ms": 11.6807, "ms": [11.4927, 12.1356, 11.3562, 11.4566, 12.0147, 11.7775, 11.6297, 11.7317, 12.1318, 11.4171], "ok": true, "int32_sha": "4ccb6cb7e1776e74d1ec592a6553dce648c0a86228d66bb280ca433651215f1a", "rel_l2": 0.015382928228998807, "max_abs_rel": 0.014946259397185978, "finite": true}
ROW_JSON {"chip": "npu", "arm": "int8", "threads": 0, "form": "", "config": "S2s-F", "shape": "S2", "M": 2048, "K": 4096, "N": 11008, "pass": 2, "tiles": ["i8_M2048_K4096_N4096_m64k64n64cs0", "i8_M2048_K4096_N2816_m64k64n64cs0"], "concat_ms": 26.6953, "median_ms": 59.9848, "ms": [60.697, 59.9832, 60.8105, 59.9865, 59.842, 59.6776, 61.3832, 60.2226, 59.0298, 59.9384], "ok": true, "int32_sha": "78d63458a978d0cde7b087246865ee333fe616b087cbaa29a436b0e7258cc74e", "rel_l2": 0.014672217477719305, "max_abs_rel": 0.014204905433066442, "finite": true}
ROW_JSON {"chip": "npu", "arm": "int8", "threads": 0, "form": "", "config": "S2s-F", "shape": "S2", "M": 512, "K": 4096, "N": 11008, "pass": 2, "tiles": ["i8_M512_K4096_N4096_m64k64n64cs0", "i8_M512_K4096_N2816_m64k64n64cs0"], "concat_ms": 6.4563, "median_ms": 18.2397, "ms": [18.4303, 18.5707, 18.2943, 18.049, 18.6414, 18.1533, 18.4071, 18.1851, 18.1802, 18.1122], "ok": true, "int32_sha": "21d4f7e1ac7c556fa371588edcf4b03af62bd81c5c7a34cca2b5997b2786585c", "rel_l2": 0.014672223460813342, "max_abs_rel": 0.01530352729209696, "finite": true}
ROW_JSON {"chip": "npu", "arm": "int8", "threads": 0, "form": "", "config": "S2s-P", "shape": "S2", "M": 2048, "K": 4096, "N": 11008, "pass": 2, "tiles": ["i8_M2048_K4096_N4096_m64k128n64cs1", "i8_M2048_K4096_N2816_m64k128n64cs1"], "concat_ms": 26.2669, "median_ms": 49.4555, "ms": [49.4101, 48.7008, 49.3566, 49.2174, 49.9853, 49.5009, 50.2882, 49.2356, 50.004, 50.3536], "ok": true, "int32_sha": "78d63458a978d0cde7b087246865ee333fe616b087cbaa29a436b0e7258cc74e", "rel_l2": 0.014672217477719305, "max_abs_rel": 0.014204905433066442, "finite": true}
ROW_JSON {"chip": "npu", "arm": "int8", "threads": 0, "form": "", "config": "S2s-P", "shape": "S2", "M": 512, "K": 4096, "N": 11008, "pass": 2, "tiles": ["i8_M512_K4096_N4096_m64k128n64cs1", "i8_M512_K4096_N2816_m64k128n64cs1"], "concat_ms": 6.5583, "median_ms": 15.695, "ms": [15.5549, 14.8904, 14.7966, 14.9689, 15.1736, 15.9513, 15.9813, 15.8372, 16.1633, 15.8351], "ok": true, "int32_sha": "21d4f7e1ac7c556fa371588edcf4b03af62bd81c5c7a34cca2b5997b2786585c", "rel_l2": 0.014672223460813342, "max_abs_rel": 0.01530352729209696, "finite": true}
ROW_JSON {"chip": "npu", "arm": "int8", "threads": 0, "form": "", "config": "S2u", "shape": "S2", "M": 2048, "K": 4096, "N": 11008, "pass": 2, "tiles": ["i8_M2048_K4096_N11008_m16k64n64cs0"], "median_ms": 161.3382, "ms": [161.6774, 160.8463, 161.3823, 161.4393, 161.5968, 161.2942, 160.806, 160.9735, 161.2644, 161.4523], "ok": true, "int32_sha": "78d63458a978d0cde7b087246865ee333fe616b087cbaa29a436b0e7258cc74e", "rel_l2": 0.014672217477719305, "max_abs_rel": 0.014204905433066442, "finite": true}
ROW_JSON {"chip": "npu", "arm": "int8", "threads": 0, "form": "", "config": "S2u", "shape": "S2", "M": 512, "K": 4096, "N": 11008, "pass": 2, "tiles": ["i8_M512_K4096_N11008_m16k64n64cs0"], "median_ms": 40.9531, "ms": [40.8988, 41.263, 39.8877, 39.7348, 39.9572, 41.0985, 40.6993, 41.0074, 42.9961, 43.1371], "ok": true, "int32_sha": "21d4f7e1ac7c556fa371588edcf4b03af62bd81c5c7a34cca2b5997b2786585c", "rel_l2": 0.014672223460813342, "max_abs_rel": 0.01530352729209696, "finite": true}
ROW_JSON {"chip": "npu", "arm": "int8", "threads": 0, "form": "", "config": "S1-F", "shape": "S1", "M": 2048, "K": 4096, "N": 4096, "pass": 2, "tiles": ["i8_M2048_K4096_N4096_m64k64n64cs0"], "median_ms": 22.2188, "ms": [22.134, 22.2098, 22.3453, 22.5978, 22.4959, 22.1408, 22.2526, 22.2278, 21.2126, 21.6922], "ok": true, "int32_sha": "f141a36d43f6c1bf5f6899616e0875cb40b434e6c53813aea25ce345ecf6e1f8", "rel_l2": 0.01468136287395951, "max_abs_rel": 0.015557361392458733, "finite": true}
ROW_JSON {"chip": "npu", "arm": "int8", "threads": 0, "form": "", "config": "S1-F", "shape": "S1", "M": 512, "K": 4096, "N": 4096, "pass": 2, "tiles": ["i8_M512_K4096_N4096_m64k64n64cs0"], "median_ms": 6.3722, "ms": [6.0141, 6.5798, 6.1403, 6.3525, 6.4808, 6.3828, 6.4602, 6.3473, 6.4194, 6.3616], "ok": true, "int32_sha": "934bbb68fe8adc3da97411aaa607062f27f75ac89370aa3a0bb92da52785d1d9", "rel_l2": 0.014681032453893713, "max_abs_rel": 0.014370140690866996, "finite": true}
ROW_JSON {"chip": "npu", "arm": "int8", "threads": 0, "form": "", "config": "S1-P", "shape": "S1", "M": 2048, "K": 4096, "N": 4096, "pass": 2, "tiles": ["i8_M2048_K4096_N4096_m64k128n64cs1"], "median_ms": 18.4785, "ms": [18.6079, 18.5009, 18.5369, 18.3546, 18.2464, 17.9104, 18.1128, 18.7809, 18.4562, 18.5102], "ok": true, "int32_sha": "f141a36d43f6c1bf5f6899616e0875cb40b434e6c53813aea25ce345ecf6e1f8", "rel_l2": 0.01468136287395951, "max_abs_rel": 0.015557361392458733, "finite": true}
ROW_JSON {"chip": "npu", "arm": "int8", "threads": 0, "form": "", "config": "S1-P", "shape": "S1", "M": 512, "K": 4096, "N": 4096, "pass": 2, "tiles": ["i8_M512_K4096_N4096_m64k128n64cs1"], "median_ms": 4.8308, "ms": [4.7774, 4.675, 4.8544, 4.8072, 4.7864, 4.7878, 5.1154, 5.2296, 4.9679, 4.9448], "ok": true, "int32_sha": "934bbb68fe8adc3da97411aaa607062f27f75ac89370aa3a0bb92da52785d1d9", "rel_l2": 0.014681032453893713, "max_abs_rel": 0.014370140690866996, "finite": true}
ROW_JSON {"chip": "npu", "arm": "bf16", "threads": 0, "form": "", "config": "S3-F", "shape": "S3", "M": 2048, "K": 11008, "N": 4096, "pass": 2, "tiles": ["bf16_M2048_K11008_N4096_m64k64n32cs0"], "median_ms": 121.7882, "ms": [121.6534, 122.1287, 121.8409, 121.678, 121.731, 122.8494, 121.7266, 121.8329, 121.7434, 121.9707], "ok": true, "acc_rel_l2": 1.1544947588402918e-06, "rel_l2": 0.0023462578964250744, "max_abs_rel": 0.002390554781977219, "finite": true}
ROW_JSON {"chip": "npu", "arm": "bf16", "threads": 0, "form": "", "config": "S3-F", "shape": "S3", "M": 512, "K": 11008, "N": 4096, "pass": 2, "tiles": ["bf16_M512_K11008_N4096_m64k64n32cs0"], "median_ms": 31.0251, "ms": [31.0056, 31.0316, 30.7373, 31.0142, 31.1294, 31.026, 31.0242, 31.089, 30.8781, 31.078], "ok": true, "acc_rel_l2": 1.1552444617846913e-06, "rel_l2": 0.002345608942315214, "max_abs_rel": 0.00250711633801321, "finite": true}
ROW_JSON {"chip": "npu", "arm": "bf16", "threads": 0, "form": "", "config": "S3-P", "shape": "S3", "M": 2048, "K": 11008, "N": 4096, "pass": 2, "tiles": ["bf16_M2048_K11008_N4096_m32k64n128cs1"], "median_ms": 70.7703, "ms": [70.534, 71.0045, 70.6362, 70.9032, 71.1007, 70.6114, 70.8132, 70.7243, 70.911, 70.7273], "ok": true, "acc_rel_l2": 1.1544947588402918e-06, "rel_l2": 0.0023462578964250744, "max_abs_rel": 0.002390554781977219, "finite": true}
ROW_JSON {"chip": "npu", "arm": "bf16", "threads": 0, "form": "", "config": "S3-P", "shape": "S3", "M": 512, "K": 11008, "N": 4096, "pass": 2, "tiles": ["bf16_M512_K11008_N4096_m32k64n128cs1"], "median_ms": 18.2, "ms": [18.3736, 17.9436, 18.1939, 18.3896, 18.2061, 17.999, 18.3506, 18.0765, 18.3126, 18.1918], "ok": true, "acc_rel_l2": 1.1552444617846913e-06, "rel_l2": 0.002345608942315214, "max_abs_rel": 0.00250711633801321, "finite": true}
ROW_JSON {"chip": "npu", "arm": "bf16", "threads": 0, "form": "", "config": "S2s-F", "shape": "S2", "M": 2048, "K": 4096, "N": 11008, "pass": 2, "tiles": ["bf16_M2048_K4096_N4096_m64k64n64cs1", "bf16_M2048_K4096_N2816_m64k64n64cs1"], "concat_ms": 26.6499, "median_ms": 74.119, "ms": [73.6583, 73.9751, 74.1211, 73.9818, 74.1169, 74.3459, 74.2148, 74.4108, 74.0964, 74.2433], "ok": true, "acc_rel_l2": 6.089877201953541e-07, "rel_l2": 0.002347435280117753, "max_abs_rel": 0.0022806937803999763, "finite": true}
ROW_JSON {"chip": "npu", "arm": "bf16", "threads": 0, "form": "", "config": "S2s-F", "shape": "S2", "M": 512, "K": 4096, "N": 11008, "pass": 2, "tiles": ["bf16_M512_K4096_N4096_m64k64n64cs1", "bf16_M512_K4096_N2816_m64k64n64cs1"], "concat_ms": 6.3865, "median_ms": 21.8752, "ms": [22.3006, 21.7694, 21.8943, 21.856, 22.2259, 22.248, 21.6493, 21.5429, 21.4027, 22.16], "ok": true, "acc_rel_l2": 6.086912776310756e-07, "rel_l2": 0.002347721230444027, "max_abs_rel": 0.002399834820922136, "finite": true}
ROW_JSON {"chip": "npu", "arm": "bf16", "threads": 0, "form": "", "config": "S2s-P", "shape": "S2", "M": 2048, "K": 4096, "N": 11008, "pass": 2, "tiles": ["bf16_M2048_K4096_N4096_m32k64n128cs1", "bf16_M2048_K4096_N2816_m64k64n64cs1"], "concat_ms": 26.922, "median_ms": 73.9153, "ms": [73.9887, 74.0019, 73.8535, 73.6384, 74.1552, 73.935, 73.66, 73.8955, 73.5632, 74.1869], "ok": true, "acc_rel_l2": 6.089877201953541e-07, "rel_l2": 0.002347435280117753, "max_abs_rel": 0.0022806937803999763, "finite": true}
ROW_JSON {"chip": "npu", "arm": "bf16", "threads": 0, "form": "", "config": "S2s-P", "shape": "S2", "M": 512, "K": 4096, "N": 11008, "pass": 2, "tiles": ["bf16_M512_K4096_N4096_m32k64n128cs1", "bf16_M512_K4096_N2816_m64k64n64cs1"], "concat_ms": 6.6773, "median_ms": 21.6308, "ms": [21.5442, 21.3276, 21.4549, 21.7339, 21.8471, 21.5954, 21.9424, 21.3594, 21.6662, 21.688], "ok": true, "acc_rel_l2": 6.086912776310756e-07, "rel_l2": 0.002347721230444027, "max_abs_rel": 0.002399834820922136, "finite": true}
ROW_JSON {"chip": "npu", "arm": "bf16", "threads": 0, "form": "", "config": "S2u", "shape": "S2", "M": 2048, "K": 4096, "N": 11008, "pass": 2, "tiles": ["bf16_M2048_K4096_N11008_m16k64n64cs0"], "median_ms": 209.0605, "ms": [210.076, 210.9173, 208.8133, 207.4257, 207.9181, 207.4086, 208.8013, 210.1666, 209.3076, 209.4679], "ok": true, "acc_rel_l2": 6.089877201953541e-07, "rel_l2": 0.002347435280117753, "max_abs_rel": 0.0022806937803999763, "finite": true}
ROW_JSON {"chip": "npu", "arm": "bf16", "threads": 0, "form": "", "config": "S2u", "shape": "S2", "M": 512, "K": 4096, "N": 11008, "pass": 2, "tiles": ["bf16_M512_K4096_N11008_m16k64n64cs0"], "median_ms": 54.9481, "ms": [55.0755, 54.5614, 55.0856, 54.6765, 55.0656, 54.8306, 54.5701, 55.1189, 55.1733, 54.5821], "ok": true, "acc_rel_l2": 6.086912776310756e-07, "rel_l2": 0.002347721230444027, "max_abs_rel": 0.002399834820922136, "finite": true}
ROW_JSON {"chip": "npu", "arm": "bf16", "threads": 0, "form": "", "config": "S1-F", "shape": "S1", "M": 2048, "K": 4096, "N": 4096, "pass": 2, "tiles": ["bf16_M2048_K4096_N4096_m64k64n64cs1"], "median_ms": 26.5342, "ms": [26.494, 26.5681, 26.715, 26.3078, 26.7089, 26.5448, 26.505, 26.5719, 26.5236, 26.328], "ok": true, "acc_rel_l2": 6.09320500951682e-07, "rel_l2": 0.0023483656707342206, "max_abs_rel": 0.002327633647194099, "finite": true}
ROW_JSON {"chip": "npu", "arm": "bf16", "threads": 0, "form": "", "config": "S1-F", "shape": "S1", "M": 512, "K": 4096, "N": 4096, "pass": 2, "tiles": ["bf16_M512_K4096_N4096_m64k64n64cs1"], "median_ms": 7.2245, "ms": [7.2285, 7.2929, 7.2205, 7.1372, 7.2517, 6.9342, 6.9121, 7.251, 7.2005, 7.3142], "ok": true, "acc_rel_l2": 6.092703262854099e-07, "rel_l2": 0.002346009468034319, "max_abs_rel": 0.00252687477244263, "finite": true}
ROW_JSON {"chip": "npu", "arm": "bf16", "threads": 0, "form": "", "config": "S1-P", "shape": "S1", "M": 2048, "K": 4096, "N": 4096, "pass": 2, "tiles": ["bf16_M2048_K4096_N4096_m32k64n128cs1"], "median_ms": 26.1083, "ms": [26.016, 26.1052, 25.9106, 26.1114, 26.129, 26.1301, 25.939, 26.0648, 26.1855, 26.4171], "ok": true, "acc_rel_l2": 6.09320500951682e-07, "rel_l2": 0.0023483656707342206, "max_abs_rel": 0.002327633647194099, "finite": true}
ROW_JSON {"chip": "npu", "arm": "bf16", "threads": 0, "form": "", "config": "S1-P", "shape": "S1", "M": 512, "K": 4096, "N": 4096, "pass": 2, "tiles": ["bf16_M512_K4096_N4096_m32k64n128cs1"], "median_ms": 6.9886, "ms": [6.6127, 6.7197, 7.2003, 7.0913, 6.7596, 6.9922, 6.985, 7.0192, 6.9076, 7.1159], "ok": true, "acc_rel_l2": 6.092703262854099e-07, "rel_l2": 0.002346009468034319, "max_abs_rel": 0.00252687477244263, "finite": true}

EXIT_CODE: 0
POST_DEVICE_WITNESS

-----------------------------
[003d:00:01.1] : NPU Phoenix
-----------------------------
AIE Partitions
  No hardware contexts running on device


