
### cpu nbits acc 0 block 32 4096 4096
HEADER {"cpu": "AMD64 Family 25 Model 117 Stepping 2, AuthenticAMD", "env": "resnet_env17", "ep": "cpu", "host": "DESKTOP-CBL5NUA", "numpy": "1.26.4", "onnx": "1.18.0", "onnxruntime": "1.23.3.dev20260320", "python": "3.12.11"}
gemv cpu nbits K=4096 N=4096 block=32 t1=fp32 acc=0 threads=8: 100 copies, 1.001 GiB/run, median 30.38 ms (min 26.55, max 35.90) -> 0.3038 ms/GEMV, 35.37 GB/s; rel_l2 2.703e-07, max_abs_rel 3.449e-07
ROW_JSON {"acc": 0, "arm": "nbits", "block": 32, "copies": 100, "copy_bytes": 10747904, "ep": "cpu", "finite": true, "gbps": 35.37455467320538, "gen": "rtn-asym-uint4-v1", "k": 4096, "kind": "gemv", "load_s": 1.15, "max_abs_rel": 3.44936635779853e-07, "max_ms": 35.900200018659234, "median_ms": 30.383149976842105, "min_ms": 26.5518999658525, "ms_per_gemv": 0.30383149976842105, "n": 4096, "rel_l2": 2.703115810283112e-07, "reps": 20, "run_bytes": 1074790400, "seed": 20260923, "t1": "fp32", "threads": 8, "warmup": 3, "weights_sha256_first16mib": "45b10aefbb503d4bd56639675b8e4eca3360feba6e6ceea38639380d31f635dc"}

### cpu nbits acc 0 block 32 4096 11008
HEADER {"cpu": "AMD64 Family 25 Model 117 Stepping 2, AuthenticAMD", "env": "resnet_env17", "ep": "cpu", "host": "DESKTOP-CBL5NUA", "numpy": "1.26.4", "onnx": "1.18.0", "onnxruntime": "1.23.3.dev20260320", "python": "3.12.11"}
gemv cpu nbits K=4096 N=11008 block=32 t1=fp32 acc=0 threads=8: 38 copies, 1.022 GiB/run, median 24.95 ms (min 21.37, max 27.40) -> 0.6565 ms/GEMV, 44.00 GB/s; rel_l2 2.730e-07, max_abs_rel 3.373e-07
ROW_JSON {"acc": 0, "arm": "nbits", "block": 32, "copies": 38, "copy_bytes": 28884992, "ep": "cpu", "finite": true, "gbps": 43.99890546417354, "gen": "rtn-asym-uint4-v1", "k": 4096, "kind": "gemv", "load_s": 0.9, "max_abs_rel": 3.372723254995875e-07, "max_ms": 27.396899997256696, "median_ms": 24.94675002526492, "min_ms": 21.37199998833239, "ms_per_gemv": 0.6564934217174979, "n": 11008, "rel_l2": 2.729961743913927e-07, "reps": 20, "run_bytes": 1097629696, "seed": 20260923, "t1": "fp32", "threads": 8, "warmup": 3, "weights_sha256_first16mib": "9c28849ae05b509cba28435df318c283800ee08deb511e78073a0a0c6b2f0ab3"}

### cpu nbits acc 0 block 32 11008 4096
HEADER {"cpu": "AMD64 Family 25 Model 117 Stepping 2, AuthenticAMD", "env": "resnet_env17", "ep": "cpu", "host": "DESKTOP-CBL5NUA", "numpy": "1.26.4", "onnx": "1.18.0", "onnxruntime": "1.23.3.dev20260320", "python": "3.12.11"}
gemv cpu nbits K=11008 N=4096 block=32 t1=fp32 acc=0 threads=8: 38 copies, 1.022 GiB/run, median 21.36 ms (min 20.04, max 25.60) -> 0.5622 ms/GEMV, 51.38 GB/s; rel_l2 4.499e-07, max_abs_rel 6.584e-07
ROW_JSON {"acc": 0, "arm": "nbits", "block": 32, "copies": 38, "copy_bytes": 28884992, "ep": "cpu", "finite": true, "gbps": 51.375973698810625, "gen": "rtn-asym-uint4-v1", "k": 11008, "kind": "gemv", "load_s": 0.87, "max_abs_rel": 6.584002805875154e-07, "max_ms": 25.604599970392883, "median_ms": 21.364649990573525, "min_ms": 20.035000052303076, "ms_per_gemv": 0.5622276313308823, "n": 4096, "rel_l2": 4.4988289729695554e-07, "reps": 20, "run_bytes": 1097629696, "seed": 20260923, "t1": "fp32", "threads": 8, "warmup": 3, "weights_sha256_first16mib": "9c28849ae05b509cba28435df318c283800ee08deb511e78073a0a0c6b2f0ab3"}

### cpu nbits acc 0 block 128 4096 4096
HEADER {"cpu": "AMD64 Family 25 Model 117 Stepping 2, AuthenticAMD", "env": "resnet_env17", "ep": "cpu", "host": "DESKTOP-CBL5NUA", "numpy": "1.26.4", "onnx": "1.18.0", "onnxruntime": "1.23.3.dev20260320", "python": "3.12.11"}
gemv cpu nbits K=4096 N=4096 block=128 t1=fp32 acc=0 threads=8: 120 copies, 1.003 GiB/run, median 24.27 ms (min 22.75, max 25.93) -> 0.2022 ms/GEMV, 44.39 GB/s; rel_l2 2.665e-07, max_abs_rel 3.430e-07
ROW_JSON {"acc": 0, "arm": "nbits", "block": 128, "copies": 120, "copy_bytes": 8978432, "ep": "cpu", "finite": true, "gbps": 44.39374760652203, "gen": "rtn-asym-uint4-v1", "k": 4096, "kind": "gemv", "load_s": 1.01, "max_abs_rel": 3.4295404189351105e-07, "max_ms": 25.9327000239864, "median_ms": 24.26945004845038, "min_ms": 22.754300036467612, "ms_per_gemv": 0.20224541707041985, "n": 4096, "rel_l2": 2.6647498458755e-07, "reps": 20, "run_bytes": 1077411840, "seed": 20260923, "t1": "fp32", "threads": 8, "warmup": 3, "weights_sha256_first16mib": "cc527456d70def586d6729ad4ff0b478d1a89be1d47da9155f68fd3830f8291f"}

### cpu nbits acc 0 block 128 4096 11008
HEADER {"cpu": "AMD64 Family 25 Model 117 Stepping 2, AuthenticAMD", "env": "resnet_env17", "ep": "cpu", "host": "DESKTOP-CBL5NUA", "numpy": "1.26.4", "onnx": "1.18.0", "onnxruntime": "1.23.3.dev20260320", "python": "3.12.11"}
gemv cpu nbits K=4096 N=11008 block=128 t1=fp32 acc=0 threads=8: 45 copies, 1.011 GiB/run, median 22.53 ms (min 20.80, max 25.15) -> 0.5007 ms/GEMV, 48.19 GB/s; rel_l2 2.669e-07, max_abs_rel 3.320e-07
ROW_JSON {"acc": 0, "arm": "nbits", "block": 128, "copies": 45, "copy_bytes": 24129536, "ep": "cpu", "finite": true, "gbps": 48.18786108592653, "gen": "rtn-asym-uint4-v1", "k": 4096, "kind": "gemv", "load_s": 0.91, "max_abs_rel": 3.3203248193063885e-07, "max_ms": 25.15139989554882, "median_ms": 22.533249983098358, "min_ms": 20.800800062716007, "ms_per_gemv": 0.5007388885132968, "n": 11008, "rel_l2": 2.669222350908565e-07, "reps": 20, "run_bytes": 1085829120, "seed": 20260923, "t1": "fp32", "threads": 8, "warmup": 3, "weights_sha256_first16mib": "75e06541e17148f7c4d26b0336cb92efe74451d996de349899f8a8edcaefb405"}

### cpu nbits acc 0 block 128 11008 4096
HEADER {"cpu": "AMD64 Family 25 Model 117 Stepping 2, AuthenticAMD", "env": "resnet_env17", "ep": "cpu", "host": "DESKTOP-CBL5NUA", "numpy": "1.26.4", "onnx": "1.18.0", "onnxruntime": "1.23.3.dev20260320", "python": "3.12.11"}
gemv cpu nbits K=11008 N=4096 block=128 t1=fp32 acc=0 threads=8: 45 copies, 1.011 GiB/run, median 22.54 ms (min 19.83, max 26.57) -> 0.5008 ms/GEMV, 48.18 GB/s; rel_l2 4.366e-07, max_abs_rel 4.930e-07
ROW_JSON {"acc": 0, "arm": "nbits", "block": 128, "copies": 45, "copy_bytes": 24129536, "ep": "cpu", "finite": true, "gbps": 48.1817670213011, "gen": "rtn-asym-uint4-v1", "k": 11008, "kind": "gemv", "load_s": 0.89, "max_abs_rel": 4.929668385380814e-07, "max_ms": 26.568800094537437, "median_ms": 22.536100004799664, "min_ms": 19.832100020721555, "ms_per_gemv": 0.5008022223288814, "n": 4096, "rel_l2": 4.365754126557308e-07, "reps": 20, "run_bytes": 1085829120, "seed": 20260923, "t1": "fp32", "threads": 8, "warmup": 3, "weights_sha256_first16mib": "75e06541e17148f7c4d26b0336cb92efe74451d996de349899f8a8edcaefb405"}

### cpu nbits acc 4 block 32 4096 4096
HEADER {"cpu": "AMD64 Family 25 Model 117 Stepping 2, AuthenticAMD", "env": "resnet_env17", "ep": "cpu", "host": "DESKTOP-CBL5NUA", "numpy": "1.26.4", "onnx": "1.18.0", "onnxruntime": "1.23.3.dev20260320", "python": "3.12.11"}
gemv cpu nbits K=4096 N=4096 block=32 t1=fp32 acc=4 threads=8: 100 copies, 1.001 GiB/run, median 21.36 ms (min 21.12, max 25.43) -> 0.2136 ms/GEMV, 50.32 GB/s; rel_l2 5.574e-03, max_abs_rel 6.249e-03
ROW_JSON {"acc": 4, "arm": "nbits", "block": 32, "copies": 100, "copy_bytes": 10747904, "ep": "cpu", "finite": true, "gbps": 50.32014049136153, "gen": "rtn-asym-uint4-v1", "k": 4096, "kind": "gemv", "load_s": 1.25, "max_abs_rel": 0.006248720561723319, "max_ms": 25.432399939745665, "median_ms": 21.359050064347684, "min_ms": 21.123499958775938, "ms_per_gemv": 0.21359050064347684, "n": 4096, "rel_l2": 0.005574025383922003, "reps": 20, "run_bytes": 1074790400, "seed": 20260923, "t1": "fp32", "threads": 8, "warmup": 3, "weights_sha256_first16mib": "45b10aefbb503d4bd56639675b8e4eca3360feba6e6ceea38639380d31f635dc"}

### cpu nbits acc 4 block 32 4096 11008
HEADER {"cpu": "AMD64 Family 25 Model 117 Stepping 2, AuthenticAMD", "env": "resnet_env17", "ep": "cpu", "host": "DESKTOP-CBL5NUA", "numpy": "1.26.4", "onnx": "1.18.0", "onnxruntime": "1.23.3.dev20260320", "python": "3.12.11"}
gemv cpu nbits K=4096 N=11008 block=32 t1=fp32 acc=4 threads=8: 38 copies, 1.022 GiB/run, median 21.45 ms (min 21.13, max 23.39) -> 0.5644 ms/GEMV, 51.17 GB/s; rel_l2 5.639e-03, max_abs_rel 7.890e-03
ROW_JSON {"acc": 4, "arm": "nbits", "block": 32, "copies": 38, "copy_bytes": 28884992, "ep": "cpu", "finite": true, "gbps": 51.17393334794777, "gen": "rtn-asym-uint4-v1", "k": 4096, "kind": "gemv", "load_s": 1.29, "max_abs_rel": 0.007889899739565661, "max_ms": 23.390599992126226, "median_ms": 21.44899999257177, "min_ms": 21.131600020453334, "ms_per_gemv": 0.564447368225573, "n": 11008, "rel_l2": 0.005638764719027998, "reps": 20, "run_bytes": 1097629696, "seed": 20260923, "t1": "fp32", "threads": 8, "warmup": 3, "weights_sha256_first16mib": "9c28849ae05b509cba28435df318c283800ee08deb511e78073a0a0c6b2f0ab3"}

### cpu nbits acc 4 block 32 11008 4096
HEADER {"cpu": "AMD64 Family 25 Model 117 Stepping 2, AuthenticAMD", "env": "resnet_env17", "ep": "cpu", "host": "DESKTOP-CBL5NUA", "numpy": "1.26.4", "onnx": "1.18.0", "onnxruntime": "1.23.3.dev20260320", "python": "3.12.11"}
gemv cpu nbits K=11008 N=4096 block=32 t1=fp32 acc=4 threads=8: 38 copies, 1.022 GiB/run, median 21.54 ms (min 21.23, max 25.07) -> 0.5669 ms/GEMV, 50.96 GB/s; rel_l2 5.396e-03, max_abs_rel 6.831e-03
ROW_JSON {"acc": 4, "arm": "nbits", "block": 32, "copies": 38, "copy_bytes": 28884992, "ep": "cpu", "finite": true, "gbps": 50.956201110191664, "gen": "rtn-asym-uint4-v1", "k": 11008, "kind": "gemv", "load_s": 1.27, "max_abs_rel": 0.006830626702235518, "max_ms": 25.06739995442331, "median_ms": 21.54065005015582, "min_ms": 21.229399950243533, "ms_per_gemv": 0.5668592118462058, "n": 4096, "rel_l2": 0.005396226494256133, "reps": 20, "run_bytes": 1097629696, "seed": 20260923, "t1": "fp32", "threads": 8, "warmup": 3, "weights_sha256_first16mib": "9c28849ae05b509cba28435df318c283800ee08deb511e78073a0a0c6b2f0ab3"}

### cpu nbits acc 4 block 128 4096 4096
HEADER {"cpu": "AMD64 Family 25 Model 117 Stepping 2, AuthenticAMD", "env": "resnet_env17", "ep": "cpu", "host": "DESKTOP-CBL5NUA", "numpy": "1.26.4", "onnx": "1.18.0", "onnxruntime": "1.23.3.dev20260320", "python": "3.12.11"}
gemv cpu nbits K=4096 N=4096 block=128 t1=fp32 acc=4 threads=8: 120 copies, 1.003 GiB/run, median 19.39 ms (min 19.16, max 23.32) -> 0.1615 ms/GEMV, 55.58 GB/s; rel_l2 6.794e-03, max_abs_rel 7.682e-03
ROW_JSON {"acc": 4, "arm": "nbits", "block": 128, "copies": 120, "copy_bytes": 8978432, "ep": "cpu", "finite": true, "gbps": 55.57880663696491, "gen": "rtn-asym-uint4-v1", "k": 4096, "kind": "gemv", "load_s": 0.94, "max_abs_rel": 0.007681954701314248, "max_ms": 23.318299907259643, "median_ms": 19.38529999461025, "min_ms": 19.16310004889965, "ms_per_gemv": 0.16154416662175208, "n": 4096, "rel_l2": 0.0067937704717562835, "reps": 20, "run_bytes": 1077411840, "seed": 20260923, "t1": "fp32", "threads": 8, "warmup": 3, "weights_sha256_first16mib": "cc527456d70def586d6729ad4ff0b478d1a89be1d47da9155f68fd3830f8291f"}

### cpu nbits acc 4 block 128 4096 11008
HEADER {"cpu": "AMD64 Family 25 Model 117 Stepping 2, AuthenticAMD", "env": "resnet_env17", "ep": "cpu", "host": "DESKTOP-CBL5NUA", "numpy": "1.26.4", "onnx": "1.18.0", "onnxruntime": "1.23.3.dev20260320", "python": "3.12.11"}
gemv cpu nbits K=4096 N=11008 block=128 t1=fp32 acc=4 threads=8: 45 copies, 1.011 GiB/run, median 19.06 ms (min 18.87, max 21.64) -> 0.4235 ms/GEMV, 56.97 GB/s; rel_l2 6.786e-03, max_abs_rel 7.544e-03
ROW_JSON {"acc": 4, "arm": "nbits", "block": 128, "copies": 45, "copy_bytes": 24129536, "ep": "cpu", "finite": true, "gbps": 56.97019449532353, "gen": "rtn-asym-uint4-v1", "k": 4096, "kind": "gemv", "load_s": 0.95, "max_abs_rel": 0.007543618884905976, "max_ms": 21.635500015690923, "median_ms": 19.05960001749918, "min_ms": 18.87430006172508, "ms_per_gemv": 0.4235466670555373, "n": 11008, "rel_l2": 0.0067858464833542645, "reps": 20, "run_bytes": 1085829120, "seed": 20260923, "t1": "fp32", "threads": 8, "warmup": 3, "weights_sha256_first16mib": "75e06541e17148f7c4d26b0336cb92efe74451d996de349899f8a8edcaefb405"}

### cpu nbits acc 4 block 128 11008 4096
HEADER {"cpu": "AMD64 Family 25 Model 117 Stepping 2, AuthenticAMD", "env": "resnet_env17", "ep": "cpu", "host": "DESKTOP-CBL5NUA", "numpy": "1.26.4", "onnx": "1.18.0", "onnxruntime": "1.23.3.dev20260320", "python": "3.12.11"}
gemv cpu nbits K=11008 N=4096 block=128 t1=fp32 acc=4 threads=8: 45 copies, 1.011 GiB/run, median 19.08 ms (min 18.91, max 19.42) -> 0.4239 ms/GEMV, 56.92 GB/s; rel_l2 6.484e-03, max_abs_rel 6.812e-03
ROW_JSON {"acc": 4, "arm": "nbits", "block": 128, "copies": 45, "copy_bytes": 24129536, "ep": "cpu", "finite": true, "gbps": 56.921663705011305, "gen": "rtn-asym-uint4-v1", "k": 11008, "kind": "gemv", "load_s": 0.94, "max_abs_rel": 0.006811988565550166, "max_ms": 19.420600030571222, "median_ms": 19.075850024819374, "min_ms": 18.90870009083301, "ms_per_gemv": 0.4239077783293194, "n": 4096, "rel_l2": 0.006484335440501163, "reps": 20, "run_bytes": 1085829120, "seed": 20260923, "t1": "fp32", "threads": 8, "warmup": 3, "weights_sha256_first16mib": "75e06541e17148f7c4d26b0336cb92efe74451d996de349899f8a8edcaefb405"}
