UTC: 2026-09-24T17:53:25.027019+00:00
MACHINE: DESKTOP-CBL5NUA AMD64 Family 25 Model 117 Stepping 2, AuthenticAMD
COMMAND: python tools/llm_prefill3c.py loadcheck
COMMIT: ced2b191daa02c12f946dadb569dd026923b8841
PRE_DEVICE_WITNESS

-----------------------------
[003d:00:01.1] : NPU Phoenix
-----------------------------
AIE Partitions
  No hardware contexts running on device


LOADCHECK (3c step 6), pre-sitting, enters no rule, 2026-09-24T17:53:25Z
PREREG_TEXT_SHA256 f7fa696b608d22b7ad2a5b228b1b93d2e617a40b34385c1e85f361faf5fca6d9
PROTOCOL_JSON_SHA256 a997580c4e04dbe8e1506d7033031bb098e696ef3d8e788a1251fa9b8292868c
VERDICT_CODE_SHA256 6e459e560c838909295e554994c950ad3ce32cf0b15a150123ab5481d17dc549
PROTOCOL_JSON {"stage": "3c", "plan": "v2", "layer": 16, "linears": [["q", "attn_q", 2560, 2048, "x_attn"], ["k", "attn_k", 2560, 1024, "x_attn"], ["v", "attn_v", 2560, 1024, "x_attn"], ["o", "attn_output", 2048, 2560, "x_o"], ["gate", "ffn_gate", 2560, 10240, "x_ffn"], ["up", "ffn_up", 2560, 10240, "x_ffn"], ["down", "ffn_down", 10240, 2560, "x_down"]], "inputs": {"x_attn": 2560, "x_o": 2048, "x_ffn": 2560, "x_down": 10240}, "layers": 34, "ms": [2048, 8192], "seed": 20260924, "order": ["C-fp32@8", "C-fp32@16", "C-i8@8", "C-i8@16", "C-nb0@8", "C-nb0@16", "C-nb4@8", "C-nb4@16", "D-fp16", "D-fp32", "D-i8", "D-nb16", "N-bf16", "N-i8", "N-w4"], "report_only": ["N-w4"], "npu_arms": ["N-bf16", "N-i8"], "model_of": {"C-fp32": "fp32", "C-i8": "i8_u8", "C-nb0": "nb0", "C-nb4": "nb4", "D-fp16": "fp16", "D-fp32": "fp32", "D-i8": "i8_s8", "D-nb16": "nb16"}, "threads": [8, 16], "zp": 128, "cpu_pin": "8: one logical CPU per physical core; 16: every logical CPU; the caller pinned to the first", "idle_s": 60, "warmup_s": 20, "window_s": 60, "settle_s": 10, "trim_s": 1, "min_rows": 50, "min_iterations": 5, "repeat_max": 0.1, "margin": 1.1, "acc_tie": 1.1, "bf16_acc_max": 0.0001, "hf_max": 25.0, "pages_max": 1000.0, "rerun_void": 1, "npu_tiles": {"bf16": {"P": [32, 64, 128, 1], "F": [64, 64, 64, 1]}, "i8": {"P": [64, 128, 64, 1], "F": [64, 64, 64, 0]}, "w4": {"P": [64, 128, 64, 1]}}, "npu_piece": 2560, "npu_contexts": 4, "insts_fit": [16, 2576], "e_unit": "J per prompt token per layer, above idle (printed in mJ)", "t_unit": "ms per layer iteration, median over the window", "npu_shapes": [[2560, 2048], [2560, 1024], [2048, 2560], [2560, 2560]], "wiring_max": {"fp32": 0.0001, "nb0": 0.0001, "fp16": 0.01, "nb16": 0.01, "nb4": 0.2, "i8_u8": 0.2, "i8_s8": 0.2}, "void_rel_l2_max": {"C-fp32@8": 0.0001, "C-fp32@16": 0.0001, "C-i8@8": 0.2, "C-i8@16": 0.2, "C-nb0@8": 0.0001, "C-nb0@16": 0.0001, "C-nb4@8": 0.2, "C-nb4@16": 0.2, "D-fp16": 0.01, "D-fp32": 0.0001, "D-i8": 0.2, "D-nb16": 0.01, "N-bf16": null, "N-i8": 0.2, "N-w4": null}}
NEUTRAL_NAMES 4 (a local, git-ignored list; the names themselves are not logged)
HOST_LOAD busy_cores=0.4 logical_cores=16 free_ram_gb=19.3 sample_sec=1
HOST_LOAD_TOP 0.11 <tool>:83816 ws_mb=282
HOST_LOAD_TOP 0.06 Code:31316 ws_mb=75
HOST_LOAD_TOP 0.05 <tool>:51624 ws_mb=547
HOST_LOAD_TOP 0.03 Code:57420 ws_mb=286
HOST_LOAD_TOP 0.03 Code:18328 ws_mb=52
HOST_LOAD_VERDICT CLEAR
HOST_GATE CLEAR
MEMORY_START_JSON {"available_gb": 20.74, "processes_over_1gb": [{"pid": 51624, "name": "<tool>.exe", "private_gb": 1.06}], "refuse": []}

-----------------------------
[003d:00:01.1] : NPU Phoenix
-----------------------------
AIE Partitions
  No hardware contexts running on device


ADAPTERS_JSON {"adapters": [{"index": 0, "description": "AMD Radeon 780M Graphics", "vendor": 4098, "device": 5567, "flags": 0, "luid": "0x00000000_0x0000badf"}, {"index": 1, "description": "Microsoft Basic Render Driver", "vendor": 5140, "device": 140, "flags": 2, "luid": "0x00000000_0x0000d6b0"}], "luids_780m": ["0x00000000_0x0000badf"]}
PINS_CHECK_JSON {"mismatches": [], "seconds": 3.9}
LAYER_MS_LABEL every layer_ms below: load check, 2 s go, not T and not a 3c result; never cited as one
READER_CMD python[resnet_env17] tools/llm_prefill3c.py reader C-fp32@8 8192 --loadcheck
reader| CHECK_JSON {"arm": "C-fp32@8", "M": 8192, "ok": true, "why": [], "bound": 0.0001, "i8_sha": null, "w4_sha": null}
reader| PIN_JSON {"before_ready": {"cpus": [0, 2, 4, 6, 8, 10, 12, 14], "pool": [[2], [4], [6], [8], [10], [12], [14]], "main": [0], "cpu_sets": 0, "ok": true}, "ok": true}
reader| READY {"pid": 50272, "arm": "C-fp32@8", "M": 8192, "load_s": 4.6, "python": "3.12.11", "numpy": "1.26.4", "model": "fp32", "threads": 8, "onnxruntime": "1.23.3.dev20260320"}
reader| READER_JSON {"iterations": 2, "wall_offset": 1789215818.547629, "pin": {"before_ready": {"cpus": [0, 2, 4, 6, 8, 10, 12, 14], "pool": [[2], [4], [6], [8], [10], [12], [14]], "main": [0], "cpu_sets": 0, "ok": true}, "ok": true, "after_loop": {"cpus": [0, 2, 4, 6, 8, 10, 12, 14], "pool": [[2], [4], [6], [8], [10], [12], [14]], "main": [0], "cpu_sets": 0, "ok": true}}}
LOADCHECK_ARM_JSON {"arm": "C-fp32@8", "M": 8192, "share_xattn": false, "ready": true, "exit": 0, "check_ok": true, "check_why": [], "placement": null, "pin": {"before_ready": {"cpus": [0, 2, 4, 6, 8, 10, 12, 14], "pool": [[2], [4], [6], [8], [10], [12], [14]], "main": [0], "cpu_sets": 0, "ok": true}, "ok": true, "after_loop": {"cpus": [0, 2, 4, 6, 8, 10, 12, 14], "pool": [[2], [4], [6], [8], [10], [12], [14]], "main": [0], "cpu_sets": 0, "ok": true}}, "load_s": 4.6, "contexts": null, "layers": 2, "layer_ms": [1753.4, 1725.2], "layer_ms_label": "load check, 2 s go, not T and not a 3c result; never cited as one", "reader": {"iterations": 2, "wall_offset": 1789215818.547629}, "window_code": {"ran": true, "verdict_fields": true}, "ok": true}
READER_CMD python[resnet_env17] tools/llm_prefill3c.py reader C-fp32@16 8192 --loadcheck
reader| CHECK_JSON {"arm": "C-fp32@16", "M": 8192, "ok": true, "why": [], "bound": 0.0001, "i8_sha": null, "w4_sha": null}
reader| PIN_JSON {"before_ready": {"cpus": [0, 1, 2, 3, 4, 5, 6, 7, 8, 9, 10, 11, 12, 13, 14, 15], "pool": [[1], [2], [3], [4], [5], [6], [7], [8], [9], [10], [11], [12], [13], [14], [15]], "main": [0], "cpu_sets": 0, "ok": true}, "ok": true}
reader| READY {"pid": 83484, "arm": "C-fp32@16", "M": 8192, "load_s": 4.6, "python": "3.12.11", "numpy": "1.26.4", "model": "fp32", "threads": 16, "onnxruntime": "1.23.3.dev20260320"}
reader| READER_JSON {"iterations": 2, "wall_offset": 1789215818.547629, "pin": {"before_ready": {"cpus": [0, 1, 2, 3, 4, 5, 6, 7, 8, 9, 10, 11, 12, 13, 14, 15], "pool": [[1], [2], [3], [4], [5], [6], [7], [8], [9], [10], [11], [12], [13], [14], [15]], "main": [0], "cpu_sets": 0, "ok": true}, "ok": true, "after_loop": {"cpus": [0, 1, 2, 3, 4, 5, 6, 7, 8, 9, 10, 11, 12, 13, 14, 15], "pool": [[1], [2], [3], [4], [5], [6], [7], [8], [9], [10], [11], [12], [13], [14], [15]], "main": [0], "cpu_sets": 0, "ok": true}}}
LOADCHECK_ARM_JSON {"arm": "C-fp32@16", "M": 8192, "share_xattn": false, "ready": true, "exit": 0, "check_ok": true, "check_why": [], "placement": null, "pin": {"before_ready": {"cpus": [0, 1, 2, 3, 4, 5, 6, 7, 8, 9, 10, 11, 12, 13, 14, 15], "pool": [[1], [2], [3], [4], [5], [6], [7], [8], [9], [10], [11], [12], [13], [14], [15]], "main": [0], "cpu_sets": 0, "ok": true}, "ok": true, "after_loop": {"cpus": [0, 1, 2, 3, 4, 5, 6, 7, 8, 9, 10, 11, 12, 13, 14, 15], "pool": [[1], [2], [3], [4], [5], [6], [7], [8], [9], [10], [11], [12], [13], [14], [15]], "main": [0], "cpu_sets": 0, "ok": true}}, "load_s": 4.6, "contexts": null, "layers": 2, "layer_ms": [1847.2, 1747.3], "layer_ms_label": "load check, 2 s go, not T and not a 3c result; never cited as one", "reader": {"iterations": 2, "wall_offset": 1789215818.547629}, "window_code": {"ran": true, "verdict_fields": true}, "ok": true}
READER_CMD python[resnet_env17] tools/llm_prefill3c.py reader C-i8@8 8192 --loadcheck
reader| CHECK_JSON {"arm": "C-i8@8", "M": 8192, "ok": true, "why": [], "bound": 0.2, "i8_sha": ["fc2015936756b493d2a241d5a70b0f6632acc1a811267c833e1d19f37e7f6f36", "7fed30f2fea5206c1934ff0ee125e8e7e0ecdd0259d6089ea334f92c46b15723", "fa0b1bda6988deae90d20017d57114e2850e588db1d4f68d5ee15874ea7af89e", "f85ef53852f299fa5c2f66d550a95547bb7e1c71cff060cee8c166c3c6452106", "b7ca302bc63f0fbf55aff3450cd3e3edcb035059ed2aea3fad7a8cbcd1cb5c75", "95155f03a7cfd897a7d02e78d5a5f47490ee0a3c7d87412bae0ea69672e8a671", "94fa553444983506460f3462bbc9a3320b5731d1e50079b1655d2ea5647c92f3"], "w4_sha": null}
reader| PIN_JSON {"before_ready": {"cpus": [0, 2, 4, 6, 8, 10, 12, 14], "pool": [[2], [4], [6], [8], [10], [12], [14]], "main": [0], "cpu_sets": 0, "ok": true}, "ok": true}
reader| READY {"pid": 86068, "arm": "C-i8@8", "M": 8192, "load_s": 3.7, "python": "3.12.11", "numpy": "1.26.4", "model": "i8_u8", "threads": 8, "onnxruntime": "1.23.3.dev20260320"}
reader| READER_JSON {"iterations": 5, "wall_offset": 1789215818.547629, "pin": {"before_ready": {"cpus": [0, 2, 4, 6, 8, 10, 12, 14], "pool": [[2], [4], [6], [8], [10], [12], [14]], "main": [0], "cpu_sets": 0, "ok": true}, "ok": true, "after_loop": {"cpus": [0, 2, 4, 6, 8, 10, 12, 14], "pool": [[2], [4], [6], [8], [10], [12], [14]], "main": [0], "cpu_sets": 0, "ok": true}}}
LOADCHECK_ARM_JSON {"arm": "C-i8@8", "M": 8192, "share_xattn": false, "ready": true, "exit": 0, "check_ok": true, "check_why": [], "placement": null, "pin": {"before_ready": {"cpus": [0, 2, 4, 6, 8, 10, 12, 14], "pool": [[2], [4], [6], [8], [10], [12], [14]], "main": [0], "cpu_sets": 0, "ok": true}, "ok": true, "after_loop": {"cpus": [0, 2, 4, 6, 8, 10, 12, 14], "pool": [[2], [4], [6], [8], [10], [12], [14]], "main": [0], "cpu_sets": 0, "ok": true}}, "load_s": 3.7, "contexts": null, "layers": 5, "layer_ms": [455.8, 455.7, 453.8, 454.6, 497.3], "layer_ms_label": "load check, 2 s go, not T and not a 3c result; never cited as one", "reader": {"iterations": 5, "wall_offset": 1789215818.547629}, "window_code": {"ran": true, "verdict_fields": true}, "ok": true}
READER_CMD python[resnet_env17] tools/llm_prefill3c.py reader C-i8@16 8192 --loadcheck
reader| CHECK_JSON {"arm": "C-i8@16", "M": 8192, "ok": true, "why": [], "bound": 0.2, "i8_sha": ["fc2015936756b493d2a241d5a70b0f6632acc1a811267c833e1d19f37e7f6f36", "7fed30f2fea5206c1934ff0ee125e8e7e0ecdd0259d6089ea334f92c46b15723", "fa0b1bda6988deae90d20017d57114e2850e588db1d4f68d5ee15874ea7af89e", "f85ef53852f299fa5c2f66d550a95547bb7e1c71cff060cee8c166c3c6452106", "b7ca302bc63f0fbf55aff3450cd3e3edcb035059ed2aea3fad7a8cbcd1cb5c75", "95155f03a7cfd897a7d02e78d5a5f47490ee0a3c7d87412bae0ea69672e8a671", "94fa553444983506460f3462bbc9a3320b5731d1e50079b1655d2ea5647c92f3"], "w4_sha": null}
reader| PIN_JSON {"before_ready": {"cpus": [0, 1, 2, 3, 4, 5, 6, 7, 8, 9, 10, 11, 12, 13, 14, 15], "pool": [[1], [2], [3], [4], [5], [6], [7], [8], [9], [10], [11], [12], [13], [14], [15]], "main": [0], "cpu_sets": 0, "ok": true}, "ok": true}
reader| READY {"pid": 81032, "arm": "C-i8@16", "M": 8192, "load_s": 3.6, "python": "3.12.11", "numpy": "1.26.4", "model": "i8_u8", "threads": 16, "onnxruntime": "1.23.3.dev20260320"}
reader| READER_JSON {"iterations": 5, "wall_offset": 1789215818.547629, "pin": {"before_ready": {"cpus": [0, 1, 2, 3, 4, 5, 6, 7, 8, 9, 10, 11, 12, 13, 14, 15], "pool": [[1], [2], [3], [4], [5], [6], [7], [8], [9], [10], [11], [12], [13], [14], [15]], "main": [0], "cpu_sets": 0, "ok": true}, "ok": true, "after_loop": {"cpus": [0, 1, 2, 3, 4, 5, 6, 7, 8, 9, 10, 11, 12, 13, 14, 15], "pool": [[1], [2], [3], [4], [5], [6], [7], [8], [9], [10], [11], [12], [13], [14], [15]], "main": [0], "cpu_sets": 0, "ok": true}}}
LOADCHECK_ARM_JSON {"arm": "C-i8@16", "M": 8192, "share_xattn": false, "ready": true, "exit": 0, "check_ok": true, "check_why": [], "placement": null, "pin": {"before_ready": {"cpus": [0, 1, 2, 3, 4, 5, 6, 7, 8, 9, 10, 11, 12, 13, 14, 15], "pool": [[1], [2], [3], [4], [5], [6], [7], [8], [9], [10], [11], [12], [13], [14], [15]], "main": [0], "cpu_sets": 0, "ok": true}, "ok": true, "after_loop": {"cpus": [0, 1, 2, 3, 4, 5, 6, 7, 8, 9, 10, 11, 12, 13, 14, 15], "pool": [[1], [2], [3], [4], [5], [6], [7], [8], [9], [10], [11], [12], [13], [14], [15]], "main": [0], "cpu_sets": 0, "ok": true}}, "load_s": 3.6, "contexts": null, "layers": 5, "layer_ms": [435.5, 431.1, 442.2, 434.1, 436.2], "layer_ms_label": "load check, 2 s go, not T and not a 3c result; never cited as one", "reader": {"iterations": 5, "wall_offset": 1789215818.547629}, "window_code": {"ran": true, "verdict_fields": true}, "ok": true}
READER_CMD python[resnet_env17] tools/llm_prefill3c.py reader C-nb0@8 8192 --loadcheck
reader| CHECK_JSON {"arm": "C-nb0@8", "M": 8192, "ok": true, "why": [], "bound": 0.0001, "i8_sha": null, "w4_sha": null}
reader| PIN_JSON {"before_ready": {"cpus": [0, 2, 4, 6, 8, 10, 12, 14], "pool": [[2], [4], [6], [8], [10], [12], [14]], "main": [0], "cpu_sets": 0, "ok": true}, "ok": true}
reader| READY {"pid": 42836, "arm": "C-nb0@8", "M": 8192, "load_s": 3.9, "python": "3.12.11", "numpy": "1.26.4", "model": "nb0", "threads": 8, "onnxruntime": "1.23.3.dev20260320"}
reader| READER_JSON {"iterations": 2, "wall_offset": 1789215818.547629, "pin": {"before_ready": {"cpus": [0, 2, 4, 6, 8, 10, 12, 14], "pool": [[2], [4], [6], [8], [10], [12], [14]], "main": [0], "cpu_sets": 0, "ok": true}, "ok": true, "after_loop": {"cpus": [0, 2, 4, 6, 8, 10, 12, 14], "pool": [[2], [4], [6], [8], [10], [12], [14]], "main": [0], "cpu_sets": 0, "ok": true}}}
LOADCHECK_ARM_JSON {"arm": "C-nb0@8", "M": 8192, "share_xattn": false, "ready": true, "exit": 0, "check_ok": true, "check_why": [], "placement": null, "pin": {"before_ready": {"cpus": [0, 2, 4, 6, 8, 10, 12, 14], "pool": [[2], [4], [6], [8], [10], [12], [14]], "main": [0], "cpu_sets": 0, "ok": true}, "ok": true, "after_loop": {"cpus": [0, 2, 4, 6, 8, 10, 12, 14], "pool": [[2], [4], [6], [8], [10], [12], [14]], "main": [0], "cpu_sets": 0, "ok": true}}, "load_s": 3.9, "contexts": null, "layers": 2, "layer_ms": [1674.0, 1680.8], "layer_ms_label": "load check, 2 s go, not T and not a 3c result; never cited as one", "reader": {"iterations": 2, "wall_offset": 1789215818.547629}, "window_code": {"ran": true, "verdict_fields": true}, "ok": true}
READER_CMD python[resnet_env17] tools/llm_prefill3c.py reader C-nb0@16 8192 --loadcheck
reader| CHECK_JSON {"arm": "C-nb0@16", "M": 8192, "ok": true, "why": [], "bound": 0.0001, "i8_sha": null, "w4_sha": null}
reader| PIN_JSON {"before_ready": {"cpus": [0, 1, 2, 3, 4, 5, 6, 7, 8, 9, 10, 11, 12, 13, 14, 15], "pool": [[1], [2], [3], [4], [5], [6], [7], [8], [9], [10], [11], [12], [13], [14], [15]], "main": [0], "cpu_sets": 0, "ok": true}, "ok": true}
reader| READY {"pid": 61788, "arm": "C-nb0@16", "M": 8192, "load_s": 4.3, "python": "3.12.11", "numpy": "1.26.4", "model": "nb0", "threads": 16, "onnxruntime": "1.23.3.dev20260320"}
reader| READER_JSON {"iterations": 1, "wall_offset": 1789215818.547629, "pin": {"before_ready": {"cpus": [0, 1, 2, 3, 4, 5, 6, 7, 8, 9, 10, 11, 12, 13, 14, 15], "pool": [[1], [2], [3], [4], [5], [6], [7], [8], [9], [10], [11], [12], [13], [14], [15]], "main": [0], "cpu_sets": 0, "ok": true}, "ok": true, "after_loop": {"cpus": [0, 1, 2, 3, 4, 5, 6, 7, 8, 9, 10, 11, 12, 13, 14, 15], "pool": [[1], [2], [3], [4], [5], [6], [7], [8], [9], [10], [11], [12], [13], [14], [15]], "main": [0], "cpu_sets": 0, "ok": true}}}
LOADCHECK_ARM_JSON {"arm": "C-nb0@16", "M": 8192, "share_xattn": false, "ready": true, "exit": 0, "check_ok": true, "check_why": [], "placement": null, "pin": {"before_ready": {"cpus": [0, 1, 2, 3, 4, 5, 6, 7, 8, 9, 10, 11, 12, 13, 14, 15], "pool": [[1], [2], [3], [4], [5], [6], [7], [8], [9], [10], [11], [12], [13], [14], [15]], "main": [0], "cpu_sets": 0, "ok": true}, "ok": true, "after_loop": {"cpus": [0, 1, 2, 3, 4, 5, 6, 7, 8, 9, 10, 11, 12, 13, 14, 15], "pool": [[1], [2], [3], [4], [5], [6], [7], [8], [9], [10], [11], [12], [13], [14], [15]], "main": [0], "cpu_sets": 0, "ok": true}}, "load_s": 4.3, "contexts": null, "layers": 1, "layer_ms": [2191.5], "layer_ms_label": "load check, 2 s go, not T and not a 3c result; never cited as one", "reader": {"iterations": 1, "wall_offset": 1789215818.547629}, "window_code": {"ran": true, "verdict_fields": true}, "ok": true}
READER_CMD python[resnet_env17] tools/llm_prefill3c.py reader C-nb4@8 8192 --loadcheck
reader| CHECK_JSON {"arm": "C-nb4@8", "M": 8192, "ok": true, "why": [], "bound": 0.2, "i8_sha": null, "w4_sha": null}
reader| PIN_JSON {"before_ready": {"cpus": [0, 2, 4, 6, 8, 10, 12, 14], "pool": [[2], [4], [6], [8], [10], [12], [14]], "main": [0], "cpu_sets": 0, "ok": true}, "ok": true}
reader| READY {"pid": 27188, "arm": "C-nb4@8", "M": 8192, "load_s": 3.9, "python": "3.12.11", "numpy": "1.26.4", "model": "nb4", "threads": 8, "onnxruntime": "1.23.3.dev20260320"}
reader| READER_JSON {"iterations": 2, "wall_offset": 1789215818.547629, "pin": {"before_ready": {"cpus": [0, 2, 4, 6, 8, 10, 12, 14], "pool": [[2], [4], [6], [8], [10], [12], [14]], "main": [0], "cpu_sets": 0, "ok": true}, "ok": true, "after_loop": {"cpus": [0, 2, 4, 6, 8, 10, 12, 14], "pool": [[2], [4], [6], [8], [10], [12], [14]], "main": [0], "cpu_sets": 0, "ok": true}}}
LOADCHECK_ARM_JSON {"arm": "C-nb4@8", "M": 8192, "share_xattn": false, "ready": true, "exit": 0, "check_ok": true, "check_why": [], "placement": null, "pin": {"before_ready": {"cpus": [0, 2, 4, 6, 8, 10, 12, 14], "pool": [[2], [4], [6], [8], [10], [12], [14]], "main": [0], "cpu_sets": 0, "ok": true}, "ok": true, "after_loop": {"cpus": [0, 2, 4, 6, 8, 10, 12, 14], "pool": [[2], [4], [6], [8], [10], [12], [14]], "main": [0], "cpu_sets": 0, "ok": true}}, "load_s": 3.9, "contexts": null, "layers": 2, "layer_ms": [1526.8, 1520.9], "layer_ms_label": "load check, 2 s go, not T and not a 3c result; never cited as one", "reader": {"iterations": 2, "wall_offset": 1789215818.547629}, "window_code": {"ran": true, "verdict_fields": true}, "ok": true}
READER_CMD python[resnet_env17] tools/llm_prefill3c.py reader C-nb4@16 8192 --loadcheck
reader| CHECK_JSON {"arm": "C-nb4@16", "M": 8192, "ok": true, "why": [], "bound": 0.2, "i8_sha": null, "w4_sha": null}
reader| PIN_JSON {"before_ready": {"cpus": [0, 1, 2, 3, 4, 5, 6, 7, 8, 9, 10, 11, 12, 13, 14, 15], "pool": [[1], [2], [3], [4], [5], [6], [7], [8], [9], [10], [11], [12], [13], [14], [15]], "main": [0], "cpu_sets": 0, "ok": true}, "ok": true}
reader| READY {"pid": 84988, "arm": "C-nb4@16", "M": 8192, "load_s": 3.8, "python": "3.12.11", "numpy": "1.26.4", "model": "nb4", "threads": 16, "onnxruntime": "1.23.3.dev20260320"}
reader| READER_JSON {"iterations": 2, "wall_offset": 1789215818.547629, "pin": {"before_ready": {"cpus": [0, 1, 2, 3, 4, 5, 6, 7, 8, 9, 10, 11, 12, 13, 14, 15], "pool": [[1], [2], [3], [4], [5], [6], [7], [8], [9], [10], [11], [12], [13], [14], [15]], "main": [0], "cpu_sets": 0, "ok": true}, "ok": true, "after_loop": {"cpus": [0, 1, 2, 3, 4, 5, 6, 7, 8, 9, 10, 11, 12, 13, 14, 15], "pool": [[1], [2], [3], [4], [5], [6], [7], [8], [9], [10], [11], [12], [13], [14], [15]], "main": [0], "cpu_sets": 0, "ok": true}}}
LOADCHECK_ARM_JSON {"arm": "C-nb4@16", "M": 8192, "share_xattn": false, "ready": true, "exit": 0, "check_ok": true, "check_why": [], "placement": null, "pin": {"before_ready": {"cpus": [0, 1, 2, 3, 4, 5, 6, 7, 8, 9, 10, 11, 12, 13, 14, 15], "pool": [[1], [2], [3], [4], [5], [6], [7], [8], [9], [10], [11], [12], [13], [14], [15]], "main": [0], "cpu_sets": 0, "ok": true}, "ok": true, "after_loop": {"cpus": [0, 1, 2, 3, 4, 5, 6, 7, 8, 9, 10, 11, 12, 13, 14, 15], "pool": [[1], [2], [3], [4], [5], [6], [7], [8], [9], [10], [11], [12], [13], [14], [15]], "main": [0], "cpu_sets": 0, "ok": true}}, "load_s": 3.8, "contexts": null, "layers": 2, "layer_ms": [1507.1, 1508.0], "layer_ms_label": "load check, 2 s go, not T and not a 3c result; never cited as one", "reader": {"iterations": 2, "wall_offset": 1789215818.547629}, "window_code": {"ran": true, "verdict_fields": true}, "ok": true}
READER_CMD python[resnet_env17] tools/llm_prefill3c.py reader D-fp16 8192 --loadcheck
reader| PLACEMENT_JSON {"verbose_read": {"status": "ALL_DML", "placed": {"DmlExecutionProvider": 7}, "cpu_nodes": [], "exit": 0}, "strict_session": "OPENED", "all_dml": true}
reader| CHECK_JSON {"arm": "D-fp16", "M": 8192, "ok": true, "why": [], "bound": 0.01, "i8_sha": null, "w4_sha": null}
reader| READY {"pid": 13056, "arm": "D-fp16", "M": 8192, "load_s": 5.1, "python": "3.12.11", "numpy": "1.26.4", "model": "fp16", "threads": null, "onnxruntime": "1.23.3.dev20260320"}
reader| READER_JSON {"iterations": 3, "wall_offset": 1789215818.546897, "placement": {"verbose_read": {"status": "ALL_DML", "placed": {"DmlExecutionProvider": 7}, "cpu_nodes": [], "exit": 0}, "strict_session": "OPENED", "all_dml": true}}
LOADCHECK_ARM_JSON {"arm": "D-fp16", "M": 8192, "share_xattn": false, "ready": true, "exit": 0, "check_ok": true, "check_why": [], "placement": {"verbose_read": {"status": "ALL_DML", "placed": {"DmlExecutionProvider": 7}, "cpu_nodes": [], "exit": 0}, "strict_session": "OPENED", "all_dml": true}, "pin": null, "load_s": 5.1, "contexts": null, "layers": 3, "layer_ms": [689.2, 731.0, 658.5], "layer_ms_label": "load check, 2 s go, not T and not a 3c result; never cited as one", "reader": {"iterations": 3, "wall_offset": 1789215818.546897, "placement": {"verbose_read": {"status": "ALL_DML", "placed": {"DmlExecutionProvider": 7}, "cpu_nodes": [], "exit": 0}, "strict_session": "OPENED", "all_dml": true}}, "window_code": {"ran": true, "verdict_fields": true}, "ok": true}
READER_CMD python[resnet_env17] tools/llm_prefill3c.py reader D-fp32 8192 --loadcheck
reader| PLACEMENT_JSON {"verbose_read": {"status": "ALL_DML", "placed": {"DmlExecutionProvider": 7}, "cpu_nodes": [], "exit": 0}, "strict_session": "OPENED", "all_dml": true}
reader| CHECK_JSON {"arm": "D-fp32", "M": 8192, "ok": true, "why": [], "bound": 0.0001, "i8_sha": null, "w4_sha": null}
reader| READY {"pid": 84000, "arm": "D-fp32", "M": 8192, "load_s": 5.3, "python": "3.12.11", "numpy": "1.26.4", "model": "fp32", "threads": null, "onnxruntime": "1.23.3.dev20260320"}
reader| READER_JSON {"iterations": 2, "wall_offset": 1789215818.547621, "placement": {"verbose_read": {"status": "ALL_DML", "placed": {"DmlExecutionProvider": 7}, "cpu_nodes": [], "exit": 0}, "strict_session": "OPENED", "all_dml": true}}
LOADCHECK_ARM_JSON {"arm": "D-fp32", "M": 8192, "share_xattn": false, "ready": true, "exit": 0, "check_ok": true, "check_why": [], "placement": {"verbose_read": {"status": "ALL_DML", "placed": {"DmlExecutionProvider": 7}, "cpu_nodes": [], "exit": 0}, "strict_session": "OPENED", "all_dml": true}, "pin": null, "load_s": 5.3, "contexts": null, "layers": 2, "layer_ms": [1055.2, 1052.3], "layer_ms_label": "load check, 2 s go, not T and not a 3c result; never cited as one", "reader": {"iterations": 2, "wall_offset": 1789215818.547621, "placement": {"verbose_read": {"status": "ALL_DML", "placed": {"DmlExecutionProvider": 7}, "cpu_nodes": [], "exit": 0}, "strict_session": "OPENED", "all_dml": true}}, "window_code": {"ran": true, "verdict_fields": true}, "ok": true}
READER_CMD python[resnet_env17] tools/llm_prefill3c.py reader D-i8 8192 --loadcheck
reader| PLACEMENT_JSON {"verbose_read": {"status": "ALL_DML", "placed": {"DmlExecutionProvider": 7}, "cpu_nodes": [], "exit": 0}, "strict_session": "OPENED", "all_dml": true}
reader| CHECK_JSON {"arm": "D-i8", "M": 8192, "ok": true, "why": [], "bound": 0.2, "i8_sha": ["fc2015936756b493d2a241d5a70b0f6632acc1a811267c833e1d19f37e7f6f36", "7fed30f2fea5206c1934ff0ee125e8e7e0ecdd0259d6089ea334f92c46b15723", "fa0b1bda6988deae90d20017d57114e2850e588db1d4f68d5ee15874ea7af89e", "f85ef53852f299fa5c2f66d550a95547bb7e1c71cff060cee8c166c3c6452106", "b7ca302bc63f0fbf55aff3450cd3e3edcb035059ed2aea3fad7a8cbcd1cb5c75", "95155f03a7cfd897a7d02e78d5a5f47490ee0a3c7d87412bae0ea69672e8a671", "94fa553444983506460f3462bbc9a3320b5731d1e50079b1655d2ea5647c92f3"], "w4_sha": null}
reader| READY {"pid": 84792, "arm": "D-i8", "M": 8192, "load_s": 5.8, "python": "3.12.11", "numpy": "1.26.4", "model": "i8_s8", "threads": null, "onnxruntime": "1.23.3.dev20260320"}
reader| READER_JSON {"iterations": 1, "wall_offset": 1789215818.547629, "placement": {"verbose_read": {"status": "ALL_DML", "placed": {"DmlExecutionProvider": 7}, "cpu_nodes": [], "exit": 0}, "strict_session": "OPENED", "all_dml": true}}
LOADCHECK_ARM_JSON {"arm": "D-i8", "M": 8192, "share_xattn": false, "ready": true, "exit": 0, "check_ok": true, "check_why": [], "placement": {"verbose_read": {"status": "ALL_DML", "placed": {"DmlExecutionProvider": 7}, "cpu_nodes": [], "exit": 0}, "strict_session": "OPENED", "all_dml": true}, "pin": null, "load_s": 5.8, "contexts": null, "layers": 1, "layer_ms": [2289.6], "layer_ms_label": "load check, 2 s go, not T and not a 3c result; never cited as one", "reader": {"iterations": 1, "wall_offset": 1789215818.547629, "placement": {"verbose_read": {"status": "ALL_DML", "placed": {"DmlExecutionProvider": 7}, "cpu_nodes": [], "exit": 0}, "strict_session": "OPENED", "all_dml": true}}, "window_code": {"ran": true, "verdict_fields": true}, "ok": true}
READER_CMD python[resnet_env17] tools/llm_prefill3c.py reader D-nb16 8192 --loadcheck
reader| PLACEMENT_JSON {"verbose_read": {"status": "ALL_DML", "placed": {"DmlExecutionProvider": 7}, "cpu_nodes": [], "exit": 0}, "strict_session": "OPENED", "all_dml": true}
reader| CHECK_JSON {"arm": "D-nb16", "M": 8192, "ok": true, "why": [], "bound": 0.01, "i8_sha": null, "w4_sha": null}
reader| READY {"pid": 82032, "arm": "D-nb16", "M": 8192, "load_s": 3.9, "python": "3.12.11", "numpy": "1.26.4", "model": "nb16", "threads": null, "onnxruntime": "1.23.3.dev20260320"}
reader| READER_JSON {"iterations": 6, "wall_offset": 1789215818.547629, "placement": {"verbose_read": {"status": "ALL_DML", "placed": {"DmlExecutionProvider": 7}, "cpu_nodes": [], "exit": 0}, "strict_session": "OPENED", "all_dml": true}}
LOADCHECK_ARM_JSON {"arm": "D-nb16", "M": 8192, "share_xattn": false, "ready": true, "exit": 0, "check_ok": true, "check_why": [], "placement": {"verbose_read": {"status": "ALL_DML", "placed": {"DmlExecutionProvider": 7}, "cpu_nodes": [], "exit": 0}, "strict_session": "OPENED", "all_dml": true}, "pin": null, "load_s": 3.9, "contexts": null, "layers": 6, "layer_ms": [349.8, 344.5, 346.4, 342.3, 348.2, 344.3], "layer_ms_label": "load check, 2 s go, not T and not a 3c result; never cited as one", "reader": {"iterations": 6, "wall_offset": 1789215818.547629, "placement": {"verbose_read": {"status": "ALL_DML", "placed": {"DmlExecutionProvider": 7}, "cpu_nodes": [], "exit": 0}, "strict_session": "OPENED", "all_dml": true}}, "window_code": {"ran": true, "verdict_fields": true}, "ok": true}
READER_CMD bash scripts/research-iron.sh tools/llm_prefill3c.py reader N-bf16 8192 --loadcheck
reader| CHECK_JSON {"arm": "N-bf16", "M": 8192, "ok": true, "why": [], "bound": null, "i8_sha": null, "w4_sha": null}
reader| READY {"pid": 48992, "arm": "N-bf16", "M": 8192, "load_s": 5.5, "python": "3.13.15", "numpy": "2.5.3", "contexts": 4, "share_xattn": false, "ml_dtypes": "0.6.0", "builds": {"q": "bf16_M8192_K2560_N2048_m32k64n128cs1", "kv": "bf16_M8192_K2560_N1024_m32k64n128cs1", "o": "bf16_M8192_K2048_N2560_m32k64n128cs1", "piece": "bf16_M8192_K2560_N2560_m32k64n128cs1"}}
reader| READER_JSON {"iterations": 4, "wall_offset": 1789215818.547629, "dispatch_ms_median": {"q": 35.033, "k": 19.118, "v": 17.649, "o": 35.068, "gate0": 44.654, "gate1": 41.18, "gate2": 41.119, "gate3": 40.932, "up0": 41.175, "up1": 41.279, "up2": 42.0, "up3": 42.096, "down0": 41.905, "down1": 41.846, "down2": 41.655, "down3": 41.148, "down_sum": 13.314}, "concat_3b_ms": 203.69, "contexts": 4, "share_xattn": false}
LOADCHECK_ARM_JSON {"arm": "N-bf16", "M": 8192, "share_xattn": false, "ready": true, "exit": 0, "check_ok": true, "check_why": [], "placement": null, "pin": null, "load_s": 5.5, "contexts": 4, "layers": 4, "layer_ms": [621.8, 622.2, 622.1, 621.8], "layer_ms_label": "load check, 2 s go, not T and not a 3c result; never cited as one", "reader": {"iterations": 4, "wall_offset": 1789215818.547629, "dispatch_ms_median": {"q": 35.033, "k": 19.118, "v": 17.649, "o": 35.068, "gate0": 44.654, "gate1": 41.18, "gate2": 41.119, "gate3": 40.932, "up0": 41.175, "up1": 41.279, "up2": 42.0, "up3": 42.096, "down0": 41.905, "down1": 41.846, "down2": 41.655, "down3": 41.148, "down_sum": 13.314}, "concat_3b_ms": 203.69, "contexts": 4, "share_xattn": false, "dispatch_ms_label": "load check, 2 s go, not T and not a 3c result; never cited as one"}, "window_code": {"ran": true, "verdict_fields": true}, "ok": true}

-----------------------------
[003d:00:01.1] : NPU Phoenix
-----------------------------
AIE Partitions
  No hardware contexts running on device


READER_CMD bash scripts/research-iron.sh tools/llm_prefill3c.py reader N-i8 8192 --loadcheck
reader| CHECK_JSON {"arm": "N-i8", "M": 8192, "ok": true, "why": [], "bound": 0.2, "i8_sha": ["fc2015936756b493d2a241d5a70b0f6632acc1a811267c833e1d19f37e7f6f36", "7fed30f2fea5206c1934ff0ee125e8e7e0ecdd0259d6089ea334f92c46b15723", "fa0b1bda6988deae90d20017d57114e2850e588db1d4f68d5ee15874ea7af89e", "f85ef53852f299fa5c2f66d550a95547bb7e1c71cff060cee8c166c3c6452106", "b7ca302bc63f0fbf55aff3450cd3e3edcb035059ed2aea3fad7a8cbcd1cb5c75", "95155f03a7cfd897a7d02e78d5a5f47490ee0a3c7d87412bae0ea69672e8a671", "94fa553444983506460f3462bbc9a3320b5731d1e50079b1655d2ea5647c92f3"], "w4_sha": null}
reader| READY {"pid": 50108, "arm": "N-i8", "M": 8192, "load_s": 3.5, "python": "3.13.15", "numpy": "2.5.3", "contexts": 4, "share_xattn": false, "ml_dtypes": "0.6.0", "builds": {"q": "i8_M8192_K2560_N2048_m64k128n64cs1", "kv": "i8_M8192_K2560_N1024_m64k128n64cs1", "o": "i8_M8192_K2048_N2560_m64k128n64cs1", "piece": "i8_M8192_K2560_N2560_m64k128n64cs1"}}
reader| READER_JSON {"iterations": 6, "wall_offset": 1789215818.547629, "dispatch_ms_median": {"q": 18.377, "k": 9.391, "v": 7.932, "o": 18.997, "gate0": 22.666, "gate1": 21.336, "gate2": 21.582, "gate3": 21.431, "up0": 21.939, "up1": 21.448, "up2": 22.017, "up3": 21.684, "down0": 21.558, "down1": 22.024, "down2": 22.347, "down3": 22.223, "down_sum": 22.592}, "concat_3b_ms": 202.93, "contexts": 4, "share_xattn": false}
LOADCHECK_ARM_JSON {"arm": "N-i8", "M": 8192, "share_xattn": false, "ready": true, "exit": 0, "check_ok": true, "check_why": [], "placement": null, "pin": null, "load_s": 3.5, "contexts": 4, "layers": 6, "layer_ms": [341.4, 340.8, 340.8, 339.8, 340.3, 339.8], "layer_ms_label": "load check, 2 s go, not T and not a 3c result; never cited as one", "reader": {"iterations": 6, "wall_offset": 1789215818.547629, "dispatch_ms_median": {"q": 18.377, "k": 9.391, "v": 7.932, "o": 18.997, "gate0": 22.666, "gate1": 21.336, "gate2": 21.582, "gate3": 21.431, "up0": 21.939, "up1": 21.448, "up2": 22.017, "up3": 21.684, "down0": 21.558, "down1": 22.024, "down2": 22.347, "down3": 22.223, "down_sum": 22.592}, "concat_3b_ms": 202.93, "contexts": 4, "share_xattn": false, "dispatch_ms_label": "load check, 2 s go, not T and not a 3c result; never cited as one"}, "window_code": {"ran": true, "verdict_fields": true}, "ok": true}

-----------------------------
[003d:00:01.1] : NPU Phoenix
-----------------------------
AIE Partitions
  No hardware contexts running on device


READER_CMD bash scripts/research-iron.sh tools/llm_prefill3c.py reader N-w4 8192 --loadcheck
reader| CHECK_JSON {"arm": "N-w4", "M": 8192, "ok": true, "why": [], "bound": null, "i8_sha": null, "w4_sha": ["e78728d4ff383dbba757d20ec520387d3f58585650a6f20c43b6def65666b684", "7129006c5dc12129da0e6d22e0a6a5ff89148c3931e9e920811a9ad812b02970", "2718bb9a8df4631aa9a23dd652f7dbccb5c58242d348537ccd0f5a728e42fdd2", "fba2e93e346b1786fb5b6d5419b93b7e5362b41f36274c45e3c9e2867ba98ea2", "ac36ac4889b7e28e36a8a98d82f1f90c887c1264890a7dd900399c841a0225f0", "4dd795d1521480f626997b57202f8cc19f9ad2058d51dac6518fc5273678572f", "305766de7744f462ed2effa998f8c850edb0b50097feb923e8ccaedf8b3e5888"]}
reader| READY {"pid": 78604, "arm": "N-w4", "M": 8192, "load_s": 2.2, "python": "3.13.15", "numpy": "2.5.3", "contexts": 4, "share_xattn": false, "ml_dtypes": "0.6.0", "builds": {"q": "w4_M8192_K2560_N2048_m64k128n64cs1_native_unroll2", "kv": "w4_M8192_K2560_N1024_m64k128n64cs1_native_unroll2", "o": "w4_M8192_K2048_N2560_m64k128n64cs1_native_unroll2", "piece": "w4_M8192_K2560_N2560_m64k128n64cs1_native_unroll2"}}
reader| READER_JSON {"iterations": 7, "wall_offset": 1789215818.547629, "dispatch_ms_median": {"q": 15.541, "k": 7.706, "v": 6.155, "o": 16.271, "gate0": 20.242, "gate1": 18.221, "gate2": 18.274, "gate3": 18.349, "up0": 19.071, "up1": 18.296, "up2": 18.238, "up3": 18.889, "down0": 18.232, "down1": 18.184, "down2": 18.528, "down3": 18.372, "down_sum": 22.695}, "concat_3b_ms": 202.75, "contexts": 4, "share_xattn": false}
LOADCHECK_ARM_JSON {"arm": "N-w4", "M": 8192, "share_xattn": false, "ready": true, "exit": 0, "check_ok": true, "check_why": [], "placement": null, "pin": null, "load_s": 2.2, "contexts": 4, "layers": 7, "layer_ms": [291.9, 293.1, 293.5, 293.0, 292.2, 292.1, 292.0], "layer_ms_label": "load check, 2 s go, not T and not a 3c result; never cited as one", "reader": {"iterations": 7, "wall_offset": 1789215818.547629, "dispatch_ms_median": {"q": 15.541, "k": 7.706, "v": 6.155, "o": 16.271, "gate0": 20.242, "gate1": 18.221, "gate2": 18.274, "gate3": 18.349, "up0": 19.071, "up1": 18.296, "up2": 18.238, "up3": 18.889, "down0": 18.232, "down1": 18.184, "down2": 18.528, "down3": 18.372, "down_sum": 22.695}, "concat_3b_ms": 202.75, "contexts": 4, "share_xattn": false, "dispatch_ms_label": "load check, 2 s go, not T and not a 3c result; never cited as one"}, "window_code": {"ran": true, "verdict_fields": true}, "ok": true}

-----------------------------
[003d:00:01.1] : NPU Phoenix
-----------------------------
AIE Partitions
  No hardware contexts running on device


READER_CMD bash scripts/research-iron.sh tools/llm_prefill3c.py reader N-bf16 2048 --loadcheck
reader| CHECK_JSON {"arm": "N-bf16", "M": 2048, "ok": true, "why": [], "bound": null, "i8_sha": null, "w4_sha": null}
reader| READY {"pid": 48076, "arm": "N-bf16", "M": 2048, "load_s": 1.9, "python": "3.13.15", "numpy": "2.5.3", "contexts": 4, "share_xattn": false, "ml_dtypes": "0.6.0", "builds": {"q": "bf16_M2048_K2560_N2048_m32k64n128cs1", "kv": "bf16_M2048_K2560_N1024_m32k64n128cs1", "o": "bf16_M2048_K2048_N2560_m32k64n128cs1", "piece": "bf16_M2048_K2560_N2560_m32k64n128cs1"}}
reader| READER_JSON {"iterations": 12, "wall_offset": 1789215818.547629, "dispatch_ms_median": {"q": 10.361, "k": 6.144, "v": 4.824, "o": 10.284, "gate0": 12.157, "gate1": 10.942, "gate2": 11.149, "gate3": 10.98, "up0": 10.897, "up1": 10.839, "up2": 11.031, "up3": 11.049, "down0": 11.079, "down1": 11.1, "down2": 11.064, "down3": 11.033, "down_sum": 3.311}, "concat_3b_ms": 51.03, "contexts": 4, "share_xattn": false}
LOADCHECK_ARM_JSON {"arm": "N-bf16", "M": 2048, "share_xattn": false, "ready": true, "exit": 0, "check_ok": true, "check_why": [], "placement": null, "pin": null, "load_s": 1.9, "contexts": 4, "layers": 12, "layer_ms": [170.1, 169.4, 169.2, 167.4, 169.2, 169.6, 168.5, 169.2, 168.7, 169.3, 169.8, 169.5], "layer_ms_label": "load check, 2 s go, not T and not a 3c result; never cited as one", "reader": {"iterations": 12, "wall_offset": 1789215818.547629, "dispatch_ms_median": {"q": 10.361, "k": 6.144, "v": 4.824, "o": 10.284, "gate0": 12.157, "gate1": 10.942, "gate2": 11.149, "gate3": 10.98, "up0": 10.897, "up1": 10.839, "up2": 11.031, "up3": 11.049, "down0": 11.079, "down1": 11.1, "down2": 11.064, "down3": 11.033, "down_sum": 3.311}, "concat_3b_ms": 51.03, "contexts": 4, "share_xattn": false, "dispatch_ms_label": "load check, 2 s go, not T and not a 3c result; never cited as one"}, "window_code": {"ran": true, "verdict_fields": true}, "ok": true}

-----------------------------
[003d:00:01.1] : NPU Phoenix
-----------------------------
AIE Partitions
  No hardware contexts running on device


READER_CMD bash scripts/research-iron.sh tools/llm_prefill3c.py reader N-i8 2048 --loadcheck
reader| CHECK_JSON {"arm": "N-i8", "M": 2048, "ok": true, "why": [], "bound": 0.2, "i8_sha": ["b46d7865bac504b609de60ee519db8d3d5a7c21fdcc01711038cf212b6a742f7", "6ca9cdcff6cd9a7c218dbdb4c0b781f25fdf6debd8210d6ca177c8af83d5b2eb", "8ccb00acdc4aa52952b37f5e0dbcef1abfca1be74ff068e89dd278c410b6683b", "4a0bdf62236d5d16c926cb68080d37c5ae954aaaf06cc2c72ec06b8d10ce429c", "75853f13de3eaa236633e6a316f29e4aaa76eefa42d010f3678694d20acc0abd", "b203737f17a28458be0431694ff5019d676337b98a7c35d49570a1273109d668", "69b86a3e345b37a22d2f5e879baca1b49f4fae118cbf58ef5972eba70294b6d0"], "w4_sha": null}
reader| READY {"pid": 48384, "arm": "N-i8", "M": 2048, "load_s": 1.1, "python": "3.13.15", "numpy": "2.5.3", "contexts": 4, "share_xattn": false, "ml_dtypes": "0.6.0", "builds": {"q": "i8_M2048_K2560_N2048_m64k128n64cs1", "kv": "i8_M2048_K2560_N1024_m64k128n64cs1", "o": "i8_M2048_K2048_N2560_m64k128n64cs1", "piece": "i8_M2048_K2560_N2560_m64k128n64cs1"}}
reader| READER_JSON {"iterations": 21, "wall_offset": 1789215818.547629, "dispatch_ms_median": {"q": 6.03, "k": 3.698, "v": 2.418, "o": 6.129, "gate0": 7.276, "gate1": 5.935, "gate2": 6.01, "gate3": 5.997, "up0": 5.949, "up1": 6.194, "up2": 5.86, "up3": 5.936, "down0": 5.985, "down1": 5.952, "down2": 5.93, "down3": 5.912, "down_sum": 6.374}, "concat_3b_ms": 50.35, "contexts": 4, "share_xattn": false}
LOADCHECK_ARM_JSON {"arm": "N-i8", "M": 2048, "share_xattn": false, "ready": true, "exit": 0, "check_ok": true, "check_why": [], "placement": null, "pin": null, "load_s": 1.1, "contexts": 4, "layers": 21, "layer_ms": [98.0, 98.5, 98.0, 98.8, 97.3, 97.2, 98.3, 98.0, 98.6, 97.6, 96.6, 97.7, 98.0, 97.5, 99.7, 98.9, 97.8, 99.1, 97.2, 97.8, 98.4], "layer_ms_label": "load check, 2 s go, not T and not a 3c result; never cited as one", "reader": {"iterations": 21, "wall_offset": 1789215818.547629, "dispatch_ms_median": {"q": 6.03, "k": 3.698, "v": 2.418, "o": 6.129, "gate0": 7.276, "gate1": 5.935, "gate2": 6.01, "gate3": 5.997, "up0": 5.949, "up1": 6.194, "up2": 5.86, "up3": 5.936, "down0": 5.985, "down1": 5.952, "down2": 5.93, "down3": 5.912, "down_sum": 6.374}, "concat_3b_ms": 50.35, "contexts": 4, "share_xattn": false, "dispatch_ms_label": "load check, 2 s go, not T and not a 3c result; never cited as one"}, "window_code": {"ran": true, "verdict_fields": true}, "ok": true}

-----------------------------
[003d:00:01.1] : NPU Phoenix
-----------------------------
AIE Partitions
  No hardware contexts running on device


READER_CMD bash scripts/research-iron.sh tools/llm_prefill3c.py reader N-w4 2048 --loadcheck
reader| CHECK_JSON {"arm": "N-w4", "M": 2048, "ok": true, "why": [], "bound": null, "i8_sha": null, "w4_sha": ["f2d17bf780d87c51fd53cfb99497e0df1bd887b39d8009ec7e7d4fcf5d0b3b39", "7e09e80a4789da82446c7549b656fc976fd4590bbb88f6892642344610134016", "9d560df4b70542354e751a9ff17ed1efcf7c0f02e2791d9372d822e72b30c6b0", "d0baa371bdbd8990723c85bf5dcda47db7ca1f439c0e6aef86e77db222b2aa1e", "b3527e87af9406106eac81d5641d086a8fa8bd2d7f0f3358304cc6351ebfa293", "12feb7a23253171010a1a2dfed32ac533c84a42b5173772c02f3153f3a0301f8", "043d10bf7ddb60cf0868159821aaee7503e2b8d51b6515f603905f68080f1b72"]}
reader| READY {"pid": 86148, "arm": "N-w4", "M": 2048, "load_s": 1.3, "python": "3.13.15", "numpy": "2.5.3", "contexts": 4, "share_xattn": false, "ml_dtypes": "0.6.0", "builds": {"q": "w4_M2048_K2560_N2048_m64k128n64cs1_native_unroll2", "kv": "w4_M2048_K2560_N1024_m64k128n64cs1_native_unroll2", "o": "w4_M2048_K2048_N2560_m64k128n64cs1_native_unroll2", "piece": "w4_M2048_K2560_N2560_m64k128n64cs1_native_unroll2"}}
reader| READER_JSON {"iterations": 24, "wall_offset": 1789215818.547629, "dispatch_ms_median": {"q": 5.353, "k": 3.338, "v": 1.919, "o": 5.316, "gate0": 6.115, "gate1": 5.008, "gate2": 5.042, "gate3": 5.08, "up0": 5.051, "up1": 5.009, "up2": 5.043, "up3": 5.076, "down0": 5.055, "down1": 5.027, "down2": 5.065, "down3": 5.029, "down_sum": 6.203}, "concat_3b_ms": 50.18, "contexts": 4, "share_xattn": false}
LOADCHECK_ARM_JSON {"arm": "N-w4", "M": 2048, "share_xattn": false, "ready": true, "exit": 0, "check_ok": true, "check_why": [], "placement": null, "pin": null, "load_s": 1.3, "contexts": 4, "layers": 24, "layer_ms": [84.6, 84.4, 84.0, 84.2, 84.0, 83.5, 85.3, 85.4, 84.1, 83.8, 84.3, 84.0, 84.1, 85.1, 84.6, 84.3, 83.7, 83.6, 85.7, 84.5, 85.3, 85.1, 83.9, 84.6], "layer_ms_label": "load check, 2 s go, not T and not a 3c result; never cited as one", "reader": {"iterations": 24, "wall_offset": 1789215818.547629, "dispatch_ms_median": {"q": 5.353, "k": 3.338, "v": 1.919, "o": 5.316, "gate0": 6.115, "gate1": 5.008, "gate2": 5.042, "gate3": 5.08, "up0": 5.051, "up1": 5.009, "up2": 5.043, "up3": 5.076, "down0": 5.055, "down1": 5.027, "down2": 5.065, "down3": 5.029, "down_sum": 6.203}, "concat_3b_ms": 50.18, "contexts": 4, "share_xattn": false, "dispatch_ms_label": "load check, 2 s go, not T and not a 3c result; never cited as one"}, "window_code": {"ran": true, "verdict_fields": true}, "ok": true}

-----------------------------
[003d:00:01.1] : NPU Phoenix
-----------------------------
AIE Partitions
  No hardware contexts running on device


READER_CMD bash scripts/research-iron.sh tools/llm_prefill3c.py reader N-i8 8192 --share-xattn --loadcheck
reader| CHECK_JSON {"arm": "N-i8", "M": 8192, "ok": true, "why": [], "bound": 0.2, "i8_sha": ["fc2015936756b493d2a241d5a70b0f6632acc1a811267c833e1d19f37e7f6f36", "7fed30f2fea5206c1934ff0ee125e8e7e0ecdd0259d6089ea334f92c46b15723", "fa0b1bda6988deae90d20017d57114e2850e588db1d4f68d5ee15874ea7af89e", "f85ef53852f299fa5c2f66d550a95547bb7e1c71cff060cee8c166c3c6452106", "b7ca302bc63f0fbf55aff3450cd3e3edcb035059ed2aea3fad7a8cbcd1cb5c75", "95155f03a7cfd897a7d02e78d5a5f47490ee0a3c7d87412bae0ea69672e8a671", "94fa553444983506460f3462bbc9a3320b5731d1e50079b1655d2ea5647c92f3"], "w4_sha": null}
reader| READY {"pid": 81148, "arm": "N-i8", "M": 8192, "load_s": 3.5, "python": "3.13.15", "numpy": "2.5.3", "contexts": 4, "share_xattn": true, "ml_dtypes": "0.6.0", "builds": {"q": "i8_M8192_K2560_N2048_m64k128n64cs1", "kv": "i8_M8192_K2560_N1024_m64k128n64cs1", "o": "i8_M8192_K2048_N2560_m64k128n64cs1", "piece": "i8_M8192_K2560_N2560_m64k128n64cs1"}}
reader| READER_JSON {"iterations": 6, "wall_offset": 1789215818.547629, "dispatch_ms_median": {"q": 18.42, "k": 9.213, "v": 8.236, "o": 20.154, "gate0": 23.496, "gate1": 21.838, "gate2": 22.085, "gate3": 21.967, "up0": 21.936, "up1": 21.744, "up2": 22.486, "up3": 22.046, "down0": 21.89, "down1": 21.868, "down2": 21.643, "down3": 21.685, "down_sum": 23.015}, "concat_3b_ms": 204.66, "contexts": 4, "share_xattn": true}
LOADCHECK_ARM_JSON {"arm": "N-i8", "M": 8192, "share_xattn": true, "ready": true, "exit": 0, "check_ok": true, "check_why": [], "placement": null, "pin": null, "load_s": 3.5, "contexts": 4, "layers": 6, "layer_ms": [345.4, 345.1, 344.4, 343.9, 345.0, 345.2], "layer_ms_label": "load check, 2 s go, not T and not a 3c result; never cited as one", "reader": {"iterations": 6, "wall_offset": 1789215818.547629, "dispatch_ms_median": {"q": 18.42, "k": 9.213, "v": 8.236, "o": 20.154, "gate0": 23.496, "gate1": 21.838, "gate2": 22.085, "gate3": 21.967, "up0": 21.936, "up1": 21.744, "up2": 22.486, "up3": 22.046, "down0": 21.89, "down1": 21.868, "down2": 21.643, "down3": 21.685, "down_sum": 23.015}, "concat_3b_ms": 204.66, "contexts": 4, "share_xattn": true, "dispatch_ms_label": "load check, 2 s go, not T and not a 3c result; never cited as one"}, "window_code": {"ran": true, "verdict_fields": true}, "ok": true}

-----------------------------
[003d:00:01.1] : NPU Phoenix
-----------------------------
AIE Partitions
  No hardware contexts running on device


LOADCHECK_SUMMARY_JSON {"M": 8192, "contexts": true, "buffers_8192": true, "shared_buffer": true, "arms_ok": {"C-fp32@8": true, "C-fp32@16": true, "C-i8@8": true, "C-i8@16": true, "C-nb0@8": true, "C-nb0@16": true, "C-nb4@8": true, "C-nb4@16": true, "D-fp16": true, "D-fp32": true, "D-i8": true, "D-nb16": true, "N-bf16": true, "N-i8": true, "N-w4": true}, "npu_2048_ok": {"N-bf16": true, "N-i8": true, "N-w4": true}, "dropped": [], "go": true, "note": "enters no rule; Q2 reads contexts, buffers_8192 and shared_buffer (M = 8192); the NPU readers also ran at M = 2048, and a failure there is NO-GO too; the sitting refuses without go; N-w4 is dropped from both sittings and stated if it fails at either M (v2 \u00a73); layer_ms: load check, 2 s go, not T and not a 3c result; never cited as one"}
LOADCHECK GO

EXIT_CODE: 0
POST_DEVICE_WITNESS

-----------------------------
[003d:00:01.1] : NPU Phoenix
-----------------------------
AIE Partitions
  No hardware contexts running on device


