
### dml nbits fp32 block 32 4096 4096
HEADER {"cpu": "AMD64 Family 25 Model 117 Stepping 2, AuthenticAMD", "env": "resnet_env17", "ep": "dml", "host": "DESKTOP-CBL5NUA", "numpy": "1.26.4", "onnx": "1.18.0", "onnxruntime": "1.23.3.dev20260320", "python": "3.12.11"}
gemv dml nbits K=4096 N=4096 block=32 t1=fp32 acc=0 threads=None: 100 copies, 1.001 GiB/run, median 18.10 ms (min 17.91, max 19.36) -> 0.1810 ms/GEMV, 59.37 GB/s; rel_l2 9.987e-08, max_abs_rel 1.179e-07
ROW_JSON {"acc": 0, "arm": "nbits", "block": 32, "copies": 100, "copy_bytes": 10747904, "ep": "dml", "finite": true, "gbps": 59.371336530314075, "gen": "rtn-asym-uint4-v1", "k": 4096, "kind": "gemv", "load_s": 1.45, "max_abs_rel": 1.1793317176012015e-07, "max_ms": 19.35740001499653, "median_ms": 18.10285000829026, "min_ms": 17.912000068463385, "ms_per_gemv": 0.1810285000829026, "n": 4096, "rel_l2": 9.986614466612117e-08, "reps": 20, "run_bytes": 1074790400, "seed": 20260923, "t1": "fp32", "threads": null, "warmup": 3, "weights_sha256_first16mib": "45b10aefbb503d4bd56639675b8e4eca3360feba6e6ceea38639380d31f635dc"}

### dml nbits fp32 block 32 4096 11008
HEADER {"cpu": "AMD64 Family 25 Model 117 Stepping 2, AuthenticAMD", "env": "resnet_env17", "ep": "dml", "host": "DESKTOP-CBL5NUA", "numpy": "1.26.4", "onnx": "1.18.0", "onnxruntime": "1.23.3.dev20260320", "python": "3.12.11"}
gemv dml nbits K=4096 N=11008 block=32 t1=fp32 acc=0 threads=None: 38 copies, 1.022 GiB/run, median 17.06 ms (min 16.86, max 18.65) -> 0.4490 ms/GEMV, 64.33 GB/s; rel_l2 1.009e-07, max_abs_rel 1.634e-07
ROW_JSON {"acc": 0, "arm": "nbits", "block": 32, "copies": 38, "copy_bytes": 28884992, "ep": "dml", "finite": true, "gbps": 64.3344701991115, "gen": "rtn-asym-uint4-v1", "k": 4096, "kind": "gemv", "load_s": 0.69, "max_abs_rel": 1.6338966790176837e-07, "max_ms": 18.652900005690753, "median_ms": 17.061299993656576, "min_ms": 16.86189998872578, "ms_per_gemv": 0.4489815787804362, "n": 11008, "rel_l2": 1.0093783878581198e-07, "reps": 20, "run_bytes": 1097629696, "seed": 20260923, "t1": "fp32", "threads": null, "warmup": 3, "weights_sha256_first16mib": "9c28849ae05b509cba28435df318c283800ee08deb511e78073a0a0c6b2f0ab3"}

### dml nbits fp32 block 32 11008 4096
HEADER {"cpu": "AMD64 Family 25 Model 117 Stepping 2, AuthenticAMD", "env": "resnet_env17", "ep": "dml", "host": "DESKTOP-CBL5NUA", "numpy": "1.26.4", "onnx": "1.18.0", "onnxruntime": "1.23.3.dev20260320", "python": "3.12.11"}
gemv dml nbits K=11008 N=4096 block=32 t1=fp32 acc=0 threads=None: 38 copies, 1.022 GiB/run, median 20.99 ms (min 20.69, max 22.64) -> 0.5523 ms/GEMV, 52.30 GB/s; rel_l2 1.377e-07, max_abs_rel 1.476e-07
ROW_JSON {"acc": 0, "arm": "nbits", "block": 32, "copies": 38, "copy_bytes": 28884992, "ep": "dml", "finite": true, "gbps": 52.302575653820135, "gen": "rtn-asym-uint4-v1", "k": 11008, "kind": "gemv", "load_s": 0.72, "max_abs_rel": 1.4758208196080555e-07, "max_ms": 22.644299897365272, "median_ms": 20.98614996066317, "min_ms": 20.691400044597685, "ms_per_gemv": 0.5522671042279782, "n": 4096, "rel_l2": 1.376503718993615e-07, "reps": 20, "run_bytes": 1097629696, "seed": 20260923, "t1": "fp32", "threads": null, "warmup": 3, "weights_sha256_first16mib": "9c28849ae05b509cba28435df318c283800ee08deb511e78073a0a0c6b2f0ab3"}

### dml nbits fp32 block 128 4096 4096
HEADER {"cpu": "AMD64 Family 25 Model 117 Stepping 2, AuthenticAMD", "env": "resnet_env17", "ep": "dml", "host": "DESKTOP-CBL5NUA", "numpy": "1.26.4", "onnx": "1.18.0", "onnxruntime": "1.23.3.dev20260320", "python": "3.12.11"}
gemv dml nbits K=4096 N=4096 block=128 t1=fp32 acc=0 threads=None: 120 copies, 1.003 GiB/run, median 21.39 ms (min 20.08, max 24.29) -> 0.1783 ms/GEMV, 50.36 GB/s; rel_l2 1.004e-07, max_abs_rel 1.742e-07
ROW_JSON {"acc": 0, "arm": "nbits", "block": 128, "copies": 120, "copy_bytes": 8978432, "ep": "dml", "finite": true, "gbps": 50.36070272611942, "gen": "rtn-asym-uint4-v1", "k": 4096, "kind": "gemv", "load_s": 0.88, "max_abs_rel": 1.741678327138677e-07, "max_ms": 24.294800008647144, "median_ms": 21.393900038674474, "min_ms": 20.079199923202395, "ms_per_gemv": 0.1782825003222873, "n": 4096, "rel_l2": 1.0036530564462584e-07, "reps": 20, "run_bytes": 1077411840, "seed": 20260923, "t1": "fp32", "threads": null, "warmup": 3, "weights_sha256_first16mib": "cc527456d70def586d6729ad4ff0b478d1a89be1d47da9155f68fd3830f8291f"}

### dml nbits fp32 block 128 4096 11008
HEADER {"cpu": "AMD64 Family 25 Model 117 Stepping 2, AuthenticAMD", "env": "resnet_env17", "ep": "dml", "host": "DESKTOP-CBL5NUA", "numpy": "1.26.4", "onnx": "1.18.0", "onnxruntime": "1.23.3.dev20260320", "python": "3.12.11"}
gemv dml nbits K=4096 N=11008 block=128 t1=fp32 acc=0 threads=None: 45 copies, 1.011 GiB/run, median 19.19 ms (min 18.82, max 20.58) -> 0.4265 ms/GEMV, 56.57 GB/s; rel_l2 9.932e-08, max_abs_rel 1.668e-07
ROW_JSON {"acc": 0, "arm": "nbits", "block": 128, "copies": 45, "copy_bytes": 24129536, "ep": "dml", "finite": true, "gbps": 56.57407867935643, "gen": "rtn-asym-uint4-v1", "k": 4096, "kind": "gemv", "load_s": 0.68, "max_abs_rel": 1.6683998028102521e-07, "max_ms": 20.578700001351535, "median_ms": 19.193049985915422, "min_ms": 18.8207000028342, "ms_per_gemv": 0.4265122219092316, "n": 11008, "rel_l2": 9.932304029212656e-08, "reps": 20, "run_bytes": 1085829120, "seed": 20260923, "t1": "fp32", "threads": null, "warmup": 3, "weights_sha256_first16mib": "75e06541e17148f7c4d26b0336cb92efe74451d996de349899f8a8edcaefb405"}

### dml nbits fp32 block 128 11008 4096
HEADER {"cpu": "AMD64 Family 25 Model 117 Stepping 2, AuthenticAMD", "env": "resnet_env17", "ep": "dml", "host": "DESKTOP-CBL5NUA", "numpy": "1.26.4", "onnx": "1.18.0", "onnxruntime": "1.23.3.dev20260320", "python": "3.12.11"}
gemv dml nbits K=11008 N=4096 block=128 t1=fp32 acc=0 threads=None: 45 copies, 1.011 GiB/run, median 20.40 ms (min 19.84, max 21.64) -> 0.4533 ms/GEMV, 53.23 GB/s; rel_l2 1.384e-07, max_abs_rel 1.527e-07
ROW_JSON {"acc": 0, "arm": "nbits", "block": 128, "copies": 45, "copy_bytes": 24129536, "ep": "dml", "finite": true, "gbps": 53.22756985250383, "gen": "rtn-asym-uint4-v1", "k": 11008, "kind": "gemv", "load_s": 0.75, "max_abs_rel": 1.5272033066846245e-07, "max_ms": 21.639500046148896, "median_ms": 20.39975003572181, "min_ms": 19.836400053463876, "ms_per_gemv": 0.45332777857159573, "n": 4096, "rel_l2": 1.384017387194491e-07, "reps": 20, "run_bytes": 1085829120, "seed": 20260923, "t1": "fp32", "threads": null, "warmup": 3, "weights_sha256_first16mib": "75e06541e17148f7c4d26b0336cb92efe74451d996de349899f8a8edcaefb405"}

### dml nbits fp16 block 32 4096 4096
HEADER {"cpu": "AMD64 Family 25 Model 117 Stepping 2, AuthenticAMD", "env": "resnet_env17", "ep": "dml", "host": "DESKTOP-CBL5NUA", "numpy": "1.26.4", "onnx": "1.18.0", "onnxruntime": "1.23.3.dev20260320", "python": "3.12.11"}
gemv dml nbits K=4096 N=4096 block=32 t1=fp16 acc=0 threads=None: 100 copies, 0.903 GiB/run, median 16.08 ms (min 15.94, max 17.69) -> 0.1608 ms/GEMV, 60.32 GB/s; rel_l2 4.089e-04, max_abs_rel 6.623e-04
ROW_JSON {"acc": 0, "arm": "nbits", "block": 32, "copies": 100, "copy_bytes": 9699328, "ep": "dml", "finite": true, "gbps": 60.32483144385212, "gen": "rtn-asym-uint4-v1", "k": 4096, "kind": "gemv", "load_s": 1.16, "max_abs_rel": 0.0006622973721250725, "max_ms": 17.69200002308935, "median_ms": 16.07849996071309, "min_ms": 15.942499972879887, "ms_per_gemv": 0.16078499960713089, "n": 4096, "rel_l2": 0.0004089247310845193, "reps": 20, "run_bytes": 969932800, "seed": 20260923, "t1": "fp16", "threads": null, "warmup": 3, "weights_sha256_first16mib": "a34be4968d4113f5d545b6591bf1a26e60125da9a88d00c81318392dfd9cd526"}

### dml nbits fp16 block 32 4096 11008
HEADER {"cpu": "AMD64 Family 25 Model 117 Stepping 2, AuthenticAMD", "env": "resnet_env17", "ep": "dml", "host": "DESKTOP-CBL5NUA", "numpy": "1.26.4", "onnx": "1.18.0", "onnxruntime": "1.23.3.dev20260320", "python": "3.12.11"}
gemv dml nbits K=4096 N=11008 block=32 t1=fp16 acc=0 threads=None: 38 copies, 0.923 GiB/run, median 14.99 ms (min 13.71, max 15.48) -> 0.3945 ms/GEMV, 66.08 GB/s; rel_l2 4.091e-04, max_abs_rel 8.195e-04
ROW_JSON {"acc": 0, "arm": "nbits", "block": 32, "copies": 38, "copy_bytes": 26066944, "ep": "dml", "finite": true, "gbps": 66.0818543856473, "gen": "rtn-asym-uint4-v1", "k": 4096, "kind": "gemv", "load_s": 0.75, "max_abs_rel": 0.0008194936885429716, "max_ms": 15.483399969525635, "median_ms": 14.989650051575154, "min_ms": 13.705799938179553, "ms_per_gemv": 0.39446447504145143, "n": 11008, "rel_l2": 0.0004090922638876653, "reps": 20, "run_bytes": 990543872, "seed": 20260923, "t1": "fp16", "threads": null, "warmup": 3, "weights_sha256_first16mib": "9c28849ae05b509cba28435df318c283800ee08deb511e78073a0a0c6b2f0ab3"}

### dml nbits fp16 block 32 11008 4096
HEADER {"cpu": "AMD64 Family 25 Model 117 Stepping 2, AuthenticAMD", "env": "resnet_env17", "ep": "dml", "host": "DESKTOP-CBL5NUA", "numpy": "1.26.4", "onnx": "1.18.0", "onnxruntime": "1.23.3.dev20260320", "python": "3.12.11"}
gemv dml nbits K=11008 N=4096 block=32 t1=fp16 acc=0 threads=None: 38 copies, 0.923 GiB/run, median 16.14 ms (min 15.93, max 16.72) -> 0.4247 ms/GEMV, 61.37 GB/s; rel_l2 4.134e-04, max_abs_rel 5.520e-04
ROW_JSON {"acc": 0, "arm": "nbits", "block": 32, "copies": 38, "copy_bytes": 26066944, "ep": "dml", "finite": true, "gbps": 61.37426861951098, "gen": "rtn-asym-uint4-v1", "k": 11008, "kind": "gemv", "load_s": 0.67, "max_abs_rel": 0.0005520243783342593, "max_ms": 16.716399928554893, "median_ms": 16.13940001698211, "min_ms": 15.93009999487549, "ms_per_gemv": 0.4247210530784765, "n": 4096, "rel_l2": 0.00041341376364153836, "reps": 20, "run_bytes": 990543872, "seed": 20260923, "t1": "fp16", "threads": null, "warmup": 3, "weights_sha256_first16mib": "9c28849ae05b509cba28435df318c283800ee08deb511e78073a0a0c6b2f0ab3"}

### dml nbits fp16 block 128 4096 4096
HEADER {"cpu": "AMD64 Family 25 Model 117 Stepping 2, AuthenticAMD", "env": "resnet_env17", "ep": "dml", "host": "DESKTOP-CBL5NUA", "numpy": "1.26.4", "onnx": "1.18.0", "onnxruntime": "1.23.3.dev20260320", "python": "3.12.11"}
gemv dml nbits K=4096 N=4096 block=128 t1=fp16 acc=0 threads=None: 120 copies, 0.974 GiB/run, median 17.69 ms (min 17.53, max 19.11) -> 0.1474 ms/GEMV, 59.11 GB/s; rel_l2 4.164e-04, max_abs_rel 8.402e-04
ROW_JSON {"acc": 0, "arm": "nbits", "block": 128, "copies": 120, "copy_bytes": 8716288, "ep": "dml", "finite": true, "gbps": 59.11401765264521, "gen": "rtn-asym-uint4-v1", "k": 4096, "kind": "gemv", "load_s": 1.75, "max_abs_rel": 0.0008402178188509394, "max_ms": 19.111600005999207, "median_ms": 17.6938499789685, "min_ms": 17.528199939988554, "ms_per_gemv": 0.14744874982473752, "n": 4096, "rel_l2": 0.00041638588183844565, "reps": 20, "run_bytes": 1045954560, "seed": 20260923, "t1": "fp16", "threads": null, "warmup": 3, "weights_sha256_first16mib": "03cc498be5b5f0065eb1167272b60665416f792a7a89ab14cb166f0b254cbe42"}

### dml nbits fp16 block 128 4096 11008
HEADER {"cpu": "AMD64 Family 25 Model 117 Stepping 2, AuthenticAMD", "env": "resnet_env17", "ep": "dml", "host": "DESKTOP-CBL5NUA", "numpy": "1.26.4", "onnx": "1.18.0", "onnxruntime": "1.23.3.dev20260320", "python": "3.12.11"}
gemv dml nbits K=4096 N=11008 block=128 t1=fp16 acc=0 threads=None: 45 copies, 0.982 GiB/run, median 15.98 ms (min 15.77, max 16.48) -> 0.3550 ms/GEMV, 65.98 GB/s; rel_l2 4.187e-04, max_abs_rel 8.459e-04
ROW_JSON {"acc": 0, "arm": "nbits", "block": 128, "copies": 45, "copy_bytes": 23425024, "ep": "dml", "finite": true, "gbps": 65.98226557067755, "gen": "rtn-asym-uint4-v1", "k": 4096, "kind": "gemv", "load_s": 0.76, "max_abs_rel": 0.0008458678167157326, "max_ms": 16.475100070238113, "median_ms": 15.975900052580982, "min_ms": 15.769699937663972, "ms_per_gemv": 0.35502000116846627, "n": 11008, "rel_l2": 0.0004187166977639189, "reps": 20, "run_bytes": 1054126080, "seed": 20260923, "t1": "fp16", "threads": null, "warmup": 3, "weights_sha256_first16mib": "75e06541e17148f7c4d26b0336cb92efe74451d996de349899f8a8edcaefb405"}

### dml nbits fp16 block 128 11008 4096
HEADER {"cpu": "AMD64 Family 25 Model 117 Stepping 2, AuthenticAMD", "env": "resnet_env17", "ep": "dml", "host": "DESKTOP-CBL5NUA", "numpy": "1.26.4", "onnx": "1.18.0", "onnxruntime": "1.23.3.dev20260320", "python": "3.12.11"}
gemv dml nbits K=11008 N=4096 block=128 t1=fp16 acc=0 threads=None: 45 copies, 0.982 GiB/run, median 16.63 ms (min 16.13, max 17.20) -> 0.3696 ms/GEMV, 63.38 GB/s; rel_l2 4.307e-04, max_abs_rel 5.323e-04
ROW_JSON {"acc": 0, "arm": "nbits", "block": 128, "copies": 45, "copy_bytes": 23425024, "ep": "dml", "finite": true, "gbps": 63.37501197516626, "gen": "rtn-asym-uint4-v1", "k": 11008, "kind": "gemv", "load_s": 0.7, "max_abs_rel": 0.0005322949054483319, "max_ms": 17.1973000979051, "median_ms": 16.63314999314025, "min_ms": 16.130700008943677, "ms_per_gemv": 0.3696255554031167, "n": 4096, "rel_l2": 0.0004307393988497629, "reps": 20, "run_bytes": 1054126080, "seed": 20260923, "t1": "fp16", "threads": null, "warmup": 3, "weights_sha256_first16mib": "75e06541e17148f7c4d26b0336cb92efe74451d996de349899f8a8edcaefb405"}
