UTC: 2026-09-24T01:21:50.864567+00:00
MACHINE: DESKTOP-CBL5NUA AMD64 Family 25 Model 117 Stepping 2, AuthenticAMD
COMMAND: python tools/llm_prefill_bench.py ort --ep cpu
COMMIT: c6c37e34ecf09230d9d44bec617da1bf077d297f
PRE_DEVICE_WITNESS

-----------------------------
[003d:00:01.1] : NPU Phoenix
-----------------------------
AIE Partitions
  No hardware contexts running on device


HEADER {"env": "resnet_env17", "ep": "cpu", "host": "DESKTOP-CBL5NUA", "numpy": "1.26.4", "onnx": "1.18.0", "onnxruntime": "1.23.3.dev20260320", "python": "3.12.11", "sessions": "one per row, opened before and released after it"}
HOST_LOAD busy_cores=0.18 logical_cores=16 free_ram_gb=18.4 sample_sec=1 peer_busy_cores []
INPUTS_MANIFEST_SHA256 9c5454169184a4b307059fbcbb8519cc31403b48d902918ea66c8023e43dbaf1
SESSION {"ep": "cpu", "arm": "fp32", "threads": 8, "shape": "S1", "form": "", "providers": ["CPUExecutionProvider"]}
SESSION {"ep": "cpu", "arm": "fp32", "threads": 8, "shape": "S2", "form": "", "providers": ["CPUExecutionProvider"]}
SESSION {"ep": "cpu", "arm": "fp32", "threads": 8, "shape": "S3", "form": "", "providers": ["CPUExecutionProvider"]}
SESSION {"ep": "cpu", "arm": "fp32", "threads": 16, "shape": "S1", "form": "", "providers": ["CPUExecutionProvider"]}
SESSION {"ep": "cpu", "arm": "fp32", "threads": 16, "shape": "S2", "form": "", "providers": ["CPUExecutionProvider"]}
SESSION {"ep": "cpu", "arm": "fp32", "threads": 16, "shape": "S3", "form": "", "providers": ["CPUExecutionProvider"]}
SESSION {"ep": "cpu", "arm": "int8", "threads": 8, "shape": "S1", "form": "u8zp", "providers": ["CPUExecutionProvider"]}
SESSION {"ep": "cpu", "arm": "int8", "threads": 8, "shape": "S2", "form": "u8zp", "providers": ["CPUExecutionProvider"]}
SESSION {"ep": "cpu", "arm": "int8", "threads": 8, "shape": "S3", "form": "u8zp", "providers": ["CPUExecutionProvider"]}
SESSION {"ep": "cpu", "arm": "int8", "threads": 16, "shape": "S1", "form": "u8zp", "providers": ["CPUExecutionProvider"]}
SESSION {"ep": "cpu", "arm": "int8", "threads": 16, "shape": "S2", "form": "u8zp", "providers": ["CPUExecutionProvider"]}
SESSION {"ep": "cpu", "arm": "int8", "threads": 16, "shape": "S3", "form": "u8zp", "providers": ["CPUExecutionProvider"]}
ROW_JSON {"chip": "cpu", "arm": "fp32", "threads": 8, "form": "", "config": "", "shape": "S1", "M": 512, "K": 4096, "N": 4096, "pass": 1, "median_ms": 17.4806, "ms": [17.1093, 21.553, 17.1255, 20.8167, 17.2238, 17.4744, 17.496, 17.486, 17.4751, 17.5096], "rel_l2": 2.9704501207073904e-07, "max_abs_rel": 3.443708591594669e-07, "finite": true, "clock_pct": [114.1, 102.8]}
ROW_JSON {"chip": "cpu", "arm": "fp32", "threads": 8, "form": "", "config": "", "shape": "S1", "M": 2048, "K": 4096, "N": 4096, "pass": 1, "median_ms": 87.8594, "ms": [98.9016, 115.1017, 87.7611, 79.1941, 77.2542, 85.9145, 103.5918, 76.9747, 96.9338, 87.9576], "rel_l2": 2.9729941544336096e-07, "max_abs_rel": 3.3497506865785545e-07, "finite": true, "clock_pct": [108.5, 107.8]}
ROW_JSON {"chip": "cpu", "arm": "fp32", "threads": 8, "form": "", "config": "", "shape": "S2", "M": 512, "K": 4096, "N": 11008, "pass": 1, "median_ms": 53.1294, "ms": [49.345, 63.1587, 61.5289, 59.1466, 75.2497, 45.9774, 54.9139, 48.6256, 51.3448, 47.4579], "rel_l2": 2.971275093157118e-07, "max_abs_rel": 3.8345638361537783e-07, "finite": true, "clock_pct": [109.5, 107.2]}
ROW_JSON {"chip": "cpu", "arm": "fp32", "threads": 8, "form": "", "config": "", "shape": "S2", "M": 2048, "K": 4096, "N": 11008, "pass": 1, "median_ms": 230.2024, "ms": [225.9014, 297.5708, 248.6168, 230.3642, 224.4112, 257.6505, 230.0407, 224.6356, 236.3255, 228.4963], "rel_l2": 2.973233694406471e-07, "max_abs_rel": 4.0491917912954473e-07, "finite": true, "clock_pct": [108.4, 107.7, 107.6]}
ROW_JSON {"chip": "cpu", "arm": "fp32", "threads": 8, "form": "", "config": "", "shape": "S3", "M": 512, "K": 11008, "N": 4096, "pass": 1, "median_ms": 50.777, "ms": [62.5628, 57.5874, 61.1035, 55.0698, 41.6798, 44.5072, 41.926, 41.9992, 51.9354, 49.6186], "rel_l2": 3.11634235646662e-07, "max_abs_rel": 4.076025940979302e-07, "finite": true, "clock_pct": [109.8, 106.3]}
ROW_JSON {"chip": "cpu", "arm": "fp32", "threads": 8, "form": "", "config": "", "shape": "S3", "M": 2048, "K": 11008, "N": 4096, "pass": 1, "median_ms": 213.8987, "ms": [214.7372, 230.4874, 239.0942, 213.0602, 191.1431, 225.1128, 209.3429, 201.1759, 215.4959, 185.7462], "rel_l2": 3.118377867291867e-07, "max_abs_rel": 3.8865221996012236e-07, "finite": true, "clock_pct": [108.8, 108.0, 106.4]}
ROW_JSON {"chip": "cpu", "arm": "fp32", "threads": 16, "form": "", "config": "", "shape": "S1", "M": 512, "K": 4096, "N": 4096, "pass": 1, "median_ms": 22.8372, "ms": [26.0174, 23.9389, 22.3425, 22.7299, 22.7712, 23.2267, 22.3415, 22.9031, 23.4098, 22.7254], "rel_l2": 2.9704501207073904e-07, "max_abs_rel": 3.443708591594669e-07, "finite": true, "clock_pct": [107.7]}
ROW_JSON {"chip": "cpu", "arm": "fp32", "threads": 16, "form": "", "config": "", "shape": "S1", "M": 2048, "K": 4096, "N": 4096, "pass": 1, "median_ms": 107.2754, "ms": [115.1744, 98.1055, 106.6318, 110.667, 116.7518, 109.6744, 104.8952, 107.9189, 101.8078, 104.9564], "rel_l2": 2.9729941544336096e-07, "max_abs_rel": 3.3497506865785545e-07, "finite": true, "clock_pct": [108.4, 108.3]}
ROW_JSON {"chip": "cpu", "arm": "fp32", "threads": 16, "form": "", "config": "", "shape": "S2", "M": 512, "K": 4096, "N": 11008, "pass": 1, "median_ms": 60.9864, "ms": [64.7489, 60.1794, 61.0409, 61.3328, 60.6494, 61.7461, 60.9319, 56.0686, 61.5727, 60.2031], "rel_l2": 2.971275093157118e-07, "max_abs_rel": 3.8345638361537783e-07, "finite": true, "clock_pct": [107.5, 106.3]}
ROW_JSON {"chip": "cpu", "arm": "fp32", "threads": 16, "form": "", "config": "", "shape": "S2", "M": 2048, "K": 4096, "N": 11008, "pass": 1, "median_ms": 257.0912, "ms": [254.2762, 272.2825, 258.9456, 254.2007, 281.2135, 256.7199, 257.4625, 248.4641, 243.7131, 264.9105], "rel_l2": 2.973233694406471e-07, "max_abs_rel": 4.0491917912954473e-07, "finite": true, "clock_pct": [106.5, 106.4, 106.0]}
ROW_JSON {"chip": "cpu", "arm": "fp32", "threads": 16, "form": "", "config": "", "shape": "S3", "M": 512, "K": 11008, "N": 4096, "pass": 1, "median_ms": 42.6399, "ms": [52.2303, 42.9079, 42.2294, 47.2161, 42.1938, 45.9852, 42.0771, 43.686, 42.2386, 42.372], "rel_l2": 3.11634235646662e-07, "max_abs_rel": 4.076025940979302e-07, "finite": true, "clock_pct": [106.1, 104.0]}
ROW_JSON {"chip": "cpu", "arm": "fp32", "threads": 16, "form": "", "config": "", "shape": "S3", "M": 2048, "K": 11008, "N": 4096, "pass": 1, "median_ms": 176.939, "ms": [172.6041, 181.1615, 190.2945, 171.4633, 179.1158, 180.9789, 172.7487, 174.7621, 184.4315, 171.6567], "rel_l2": 3.118377867291867e-07, "max_abs_rel": 3.8865221996012236e-07, "finite": true, "clock_pct": [104.6, 104.5]}
ROW_JSON {"chip": "cpu", "arm": "int8", "threads": 8, "form": "u8zp", "config": "", "shape": "S1", "M": 512, "K": 4096, "N": 4096, "pass": 1, "median_ms": 7.186, "ms": [10.2552, 8.1848, 7.1448, 7.149, 7.1496, 7.1317, 7.1925, 7.1794, 7.2182, 7.1949], "int32_sha": "934bbb68fe8adc3da97411aaa607062f27f75ac89370aa3a0bb92da52785d1d9", "rel_l2": 0.014681032453893713, "max_abs_rel": 0.014370140690866996, "finite": true, "clock_pct": [109.0]}
ROW_JSON {"chip": "cpu", "arm": "int8", "threads": 8, "form": "u8zp", "config": "", "shape": "S1", "M": 2048, "K": 4096, "N": 4096, "pass": 1, "median_ms": 30.4521, "ms": [25.6075, 31.1921, 30.7691, 29.088, 31.093, 30.9965, 30.1117, 30.1589, 30.2287, 30.6756], "int32_sha": "f141a36d43f6c1bf5f6899616e0875cb40b434e6c53813aea25ce345ecf6e1f8", "rel_l2": 0.01468136287395951, "max_abs_rel": 0.015557361392458733, "finite": true, "clock_pct": [113.3]}
ROW_JSON {"chip": "cpu", "arm": "int8", "threads": 8, "form": "u8zp", "config": "", "shape": "S2", "M": 512, "K": 4096, "N": 11008, "pass": 1, "median_ms": 15.9704, "ms": [12.664, 20.4777, 18.011, 15.5162, 18.1301, 19.8717, 15.5063, 16.4246, 14.1832, 15.4647], "int32_sha": "21d4f7e1ac7c556fa371588edcf4b03af62bd81c5c7a34cca2b5997b2786585c", "rel_l2": 0.014672223460813342, "max_abs_rel": 0.01530352729209696, "finite": true, "clock_pct": [110.3]}
ROW_JSON {"chip": "cpu", "arm": "int8", "threads": 8, "form": "u8zp", "config": "", "shape": "S2", "M": 2048, "K": 4096, "N": 11008, "pass": 1, "median_ms": 59.8411, "ms": [66.0411, 65.5466, 62.9371, 51.6275, 54.8138, 57.7823, 61.0941, 53.5966, 60.2775, 59.4048], "int32_sha": "78d63458a978d0cde7b087246865ee333fe616b087cbaa29a436b0e7258cc74e", "rel_l2": 0.014672217477719305, "max_abs_rel": 0.014204905433066442, "finite": true, "clock_pct": [110.8, 109.7]}
ROW_JSON {"chip": "cpu", "arm": "int8", "threads": 8, "form": "u8zp", "config": "", "shape": "S3", "M": 512, "K": 11008, "N": 4096, "pass": 1, "median_ms": 14.8324, "ms": [15.8533, 20.1218, 11.0499, 10.8019, 11.0054, 15.3606, 14.3043, 16.9765, 17.0272, 10.8333], "int32_sha": "4ccb6cb7e1776e74d1ec592a6553dce648c0a86228d66bb280ca433651215f1a", "rel_l2": 0.015382928228998807, "max_abs_rel": 0.014946259397185978, "finite": true, "clock_pct": [109.7]}
ROW_JSON {"chip": "cpu", "arm": "int8", "threads": 8, "form": "u8zp", "config": "", "shape": "S3", "M": 2048, "K": 11008, "N": 4096, "pass": 1, "median_ms": 58.207, "ms": [49.5182, 61.7191, 58.2575, 55.9808, 64.1721, 61.79, 59.1507, 54.746, 57.4865, 58.1565], "int32_sha": "6ca25656bed5f24c936906c360efbd48db82d9de6a8114ed0c10812b10ad5969", "rel_l2": 0.01538738044947507, "max_abs_rel": 0.015815713929425376, "finite": true, "clock_pct": [110.3, 109.9]}
ROW_JSON {"chip": "cpu", "arm": "int8", "threads": 16, "form": "u8zp", "config": "", "shape": "S1", "M": 512, "K": 4096, "N": 4096, "pass": 1, "median_ms": 4.2695, "ms": [5.8462, 6.7174, 5.5157, 4.6705, 4.3695, 3.9803, 4.1695, 4.1137, 4.1253, 4.1132], "int32_sha": "934bbb68fe8adc3da97411aaa607062f27f75ac89370aa3a0bb92da52785d1d9", "rel_l2": 0.014681032453893713, "max_abs_rel": 0.014370140690866996, "finite": true, "clock_pct": [105.3]}
ROW_JSON {"chip": "cpu", "arm": "int8", "threads": 16, "form": "u8zp", "config": "", "shape": "S1", "M": 2048, "K": 4096, "N": 4096, "pass": 1, "median_ms": 17.6922, "ms": [17.8733, 22.8237, 20.925, 20.0831, 17.8292, 17.3974, 17.5552, 17.4285, 17.4329, 17.4395], "int32_sha": "f141a36d43f6c1bf5f6899616e0875cb40b434e6c53813aea25ce345ecf6e1f8", "rel_l2": 0.01468136287395951, "max_abs_rel": 0.015557361392458733, "finite": true, "clock_pct": [106.3]}
ROW_JSON {"chip": "cpu", "arm": "int8", "threads": 16, "form": "u8zp", "config": "", "shape": "S2", "M": 512, "K": 4096, "N": 11008, "pass": 1, "median_ms": 12.096, "ms": [12.7309, 12.6548, 11.0925, 11.1182, 11.8545, 11.0647, 13.0435, 14.8731, 12.3374, 11.6063], "int32_sha": "21d4f7e1ac7c556fa371588edcf4b03af62bd81c5c7a34cca2b5997b2786585c", "rel_l2": 0.014672223460813342, "max_abs_rel": 0.01530352729209696, "finite": true, "clock_pct": [105.5]}
ROW_JSON {"chip": "cpu", "arm": "int8", "threads": 16, "form": "u8zp", "config": "", "shape": "S2", "M": 2048, "K": 4096, "N": 11008, "pass": 1, "median_ms": 50.2208, "ms": [52.4977, 53.5955, 48.9331, 50.109, 48.8574, 50.3325, 48.7955, 49.0038, 52.7396, 52.0895], "int32_sha": "78d63458a978d0cde7b087246865ee333fe616b087cbaa29a436b0e7258cc74e", "rel_l2": 0.014672217477719305, "max_abs_rel": 0.014204905433066442, "finite": true, "clock_pct": [105.5, 105.4]}
ROW_JSON {"chip": "cpu", "arm": "int8", "threads": 16, "form": "u8zp", "config": "", "shape": "S3", "M": 512, "K": 11008, "N": 4096, "pass": 1, "median_ms": 10.8414, "ms": [15.1578, 11.9277, 11.0707, 10.7456, 10.8411, 10.8732, 10.7803, 10.8284, 10.8416, 10.7932], "int32_sha": "4ccb6cb7e1776e74d1ec592a6553dce648c0a86228d66bb280ca433651215f1a", "rel_l2": 0.015382928228998807, "max_abs_rel": 0.014946259397185978, "finite": true, "clock_pct": [105.8]}
ROW_JSON {"chip": "cpu", "arm": "int8", "threads": 16, "form": "u8zp", "config": "", "shape": "S3", "M": 2048, "K": 11008, "N": 4096, "pass": 1, "median_ms": 47.7687, "ms": [47.7498, 52.1388, 47.2154, 49.4834, 52.1788, 47.9607, 46.4875, 47.7876, 46.6438, 47.4757], "int32_sha": "6ca25656bed5f24c936906c360efbd48db82d9de6a8114ed0c10812b10ad5969", "rel_l2": 0.01538738044947507, "max_abs_rel": 0.015815713929425376, "finite": true, "clock_pct": [105.6, 103.8]}
ROW_JSON {"chip": "cpu", "arm": "int8", "threads": 16, "form": "u8zp", "config": "", "shape": "S3", "M": 2048, "K": 11008, "N": 4096, "pass": 2, "median_ms": 47.157, "ms": [48.4031, 50.8659, 46.4993, 46.6314, 49.6559, 50.5265, 47.6827, 46.5578, 45.9715, 46.1814], "int32_sha": "6ca25656bed5f24c936906c360efbd48db82d9de6a8114ed0c10812b10ad5969", "rel_l2": 0.01538738044947507, "max_abs_rel": 0.015815713929425376, "finite": true, "clock_pct": [105.8, 103.7]}
ROW_JSON {"chip": "cpu", "arm": "int8", "threads": 16, "form": "u8zp", "config": "", "shape": "S3", "M": 512, "K": 11008, "N": 4096, "pass": 2, "median_ms": 10.8325, "ms": [12.4989, 12.1026, 10.7821, 10.8226, 10.788, 10.9177, 10.8309, 10.8341, 11.0246, 10.8177], "int32_sha": "4ccb6cb7e1776e74d1ec592a6553dce648c0a86228d66bb280ca433651215f1a", "rel_l2": 0.015382928228998807, "max_abs_rel": 0.014946259397185978, "finite": true, "clock_pct": [105.9]}
ROW_JSON {"chip": "cpu", "arm": "int8", "threads": 16, "form": "u8zp", "config": "", "shape": "S2", "M": 2048, "K": 4096, "N": 11008, "pass": 2, "median_ms": 49.7321, "ms": [49.2403, 54.4487, 48.8654, 49.2822, 49.5695, 48.8226, 49.8946, 51.9035, 50.4316, 50.2763], "int32_sha": "78d63458a978d0cde7b087246865ee333fe616b087cbaa29a436b0e7258cc74e", "rel_l2": 0.014672217477719305, "max_abs_rel": 0.014204905433066442, "finite": true, "clock_pct": [105.6, 105.1]}
ROW_JSON {"chip": "cpu", "arm": "int8", "threads": 16, "form": "u8zp", "config": "", "shape": "S2", "M": 512, "K": 4096, "N": 11008, "pass": 2, "median_ms": 11.1406, "ms": [19.7422, 15.4508, 10.8446, 11.1701, 11.0585, 11.083, 11.0899, 11.3557, 11.5683, 11.1111], "int32_sha": "21d4f7e1ac7c556fa371588edcf4b03af62bd81c5c7a34cca2b5997b2786585c", "rel_l2": 0.014672223460813342, "max_abs_rel": 0.01530352729209696, "finite": true, "clock_pct": [106.0]}
ROW_JSON {"chip": "cpu", "arm": "int8", "threads": 16, "form": "u8zp", "config": "", "shape": "S1", "M": 2048, "K": 4096, "N": 4096, "pass": 2, "median_ms": 18.2716, "ms": [18.579, 21.5253, 17.3642, 19.2049, 19.1596, 25.7344, 17.301, 17.4701, 17.9642, 17.2448], "int32_sha": "f141a36d43f6c1bf5f6899616e0875cb40b434e6c53813aea25ce345ecf6e1f8", "rel_l2": 0.01468136287395951, "max_abs_rel": 0.015557361392458733, "finite": true, "clock_pct": [106.5]}
ROW_JSON {"chip": "cpu", "arm": "int8", "threads": 16, "form": "u8zp", "config": "", "shape": "S1", "M": 512, "K": 4096, "N": 4096, "pass": 2, "median_ms": 4.1021, "ms": [5.8244, 5.5404, 3.9627, 4.0013, 4.0943, 4.0858, 4.1, 4.1222, 4.4552, 4.1043], "int32_sha": "934bbb68fe8adc3da97411aaa607062f27f75ac89370aa3a0bb92da52785d1d9", "rel_l2": 0.014681032453893713, "max_abs_rel": 0.014370140690866996, "finite": true, "clock_pct": [104.1]}
ROW_JSON {"chip": "cpu", "arm": "int8", "threads": 8, "form": "u8zp", "config": "", "shape": "S3", "M": 2048, "K": 11008, "N": 4096, "pass": 2, "median_ms": 58.625, "ms": [64.6108, 58.917, 59.704, 53.6909, 50.5348, 56.9515, 58.333, 48.9855, 62.9265, 59.675], "int32_sha": "6ca25656bed5f24c936906c360efbd48db82d9de6a8114ed0c10812b10ad5969", "rel_l2": 0.01538738044947507, "max_abs_rel": 0.015815713929425376, "finite": true, "clock_pct": [109.9, 108.9]}
ROW_JSON {"chip": "cpu", "arm": "int8", "threads": 8, "form": "u8zp", "config": "", "shape": "S3", "M": 512, "K": 11008, "N": 4096, "pass": 2, "median_ms": 14.2234, "ms": [13.0102, 20.5932, 14.6133, 10.6088, 15.5732, 15.7942, 17.9214, 10.5491, 13.8336, 13.486], "int32_sha": "4ccb6cb7e1776e74d1ec592a6553dce648c0a86228d66bb280ca433651215f1a", "rel_l2": 0.015382928228998807, "max_abs_rel": 0.014946259397185978, "finite": true, "clock_pct": [109.4]}
ROW_JSON {"chip": "cpu", "arm": "int8", "threads": 8, "form": "u8zp", "config": "", "shape": "S2", "M": 2048, "K": 4096, "N": 11008, "pass": 2, "median_ms": 68.7142, "ms": [76.1104, 70.4234, 75.9753, 69.2625, 52.1978, 56.7434, 57.6277, 68.1658, 73.5833, 56.0578], "int32_sha": "78d63458a978d0cde7b087246865ee333fe616b087cbaa29a436b0e7258cc74e", "rel_l2": 0.014672217477719305, "max_abs_rel": 0.014204905433066442, "finite": true, "clock_pct": [110.8, 110.5]}
ROW_JSON {"chip": "cpu", "arm": "int8", "threads": 8, "form": "u8zp", "config": "", "shape": "S2", "M": 512, "K": 4096, "N": 11008, "pass": 2, "median_ms": 16.0836, "ms": [15.8809, 20.7754, 15.7456, 19.5324, 11.4476, 11.3588, 11.2961, 19.0226, 16.2862, 19.7759], "int32_sha": "21d4f7e1ac7c556fa371588edcf4b03af62bd81c5c7a34cca2b5997b2786585c", "rel_l2": 0.014672223460813342, "max_abs_rel": 0.01530352729209696, "finite": true, "clock_pct": [110.4]}
ROW_JSON {"chip": "cpu", "arm": "int8", "threads": 8, "form": "u8zp", "config": "", "shape": "S1", "M": 2048, "K": 4096, "N": 4096, "pass": 2, "median_ms": 31.2113, "ms": [31.8236, 34.7134, 31.153, 30.2331, 31.3013, 31.122, 31.3016, 30.9499, 31.2315, 31.1911], "int32_sha": "f141a36d43f6c1bf5f6899616e0875cb40b434e6c53813aea25ce345ecf6e1f8", "rel_l2": 0.01468136287395951, "max_abs_rel": 0.015557361392458733, "finite": true, "clock_pct": [113.8]}
ROW_JSON {"chip": "cpu", "arm": "int8", "threads": 8, "form": "u8zp", "config": "", "shape": "S1", "M": 512, "K": 4096, "N": 4096, "pass": 2, "median_ms": 7.6894, "ms": [9.5203, 10.5371, 8.0419, 7.8912, 6.7492, 8.2876, 7.4876, 7.333, 7.3302, 7.3466], "int32_sha": "934bbb68fe8adc3da97411aaa607062f27f75ac89370aa3a0bb92da52785d1d9", "rel_l2": 0.014681032453893713, "max_abs_rel": 0.014370140690866996, "finite": true, "clock_pct": [108.2]}
ROW_JSON {"chip": "cpu", "arm": "fp32", "threads": 16, "form": "", "config": "", "shape": "S3", "M": 2048, "K": 11008, "N": 4096, "pass": 2, "median_ms": 182.9631, "ms": [193.4889, 181.2056, 191.195, 183.0473, 194.0787, 184.1983, 181.3602, 178.7116, 180.0812, 182.879], "rel_l2": 3.118377867291867e-07, "max_abs_rel": 3.8865221996012236e-07, "finite": true, "clock_pct": [104.8, 104.8]}
ROW_JSON {"chip": "cpu", "arm": "fp32", "threads": 16, "form": "", "config": "", "shape": "S3", "M": 512, "K": 11008, "N": 4096, "pass": 2, "median_ms": 42.7257, "ms": [48.594, 42.7139, 42.3614, 43.1298, 43.123, 42.7374, 43.2345, 42.2355, 42.1235, 42.2246], "rel_l2": 3.11634235646662e-07, "max_abs_rel": 4.076025940979302e-07, "finite": true, "clock_pct": [105.8, 103.5]}
ROW_JSON {"chip": "cpu", "arm": "fp32", "threads": 16, "form": "", "config": "", "shape": "S2", "M": 2048, "K": 4096, "N": 11008, "pass": 2, "median_ms": 255.7344, "ms": [262.4517, 262.9902, 259.0648, 256.8713, 237.9858, 254.5975, 246.147, 250.1334, 261.6948, 253.7796], "rel_l2": 2.973233694406471e-07, "max_abs_rel": 4.0491917912954473e-07, "finite": true, "clock_pct": [106.3, 105.8, 106.3]}
ROW_JSON {"chip": "cpu", "arm": "fp32", "threads": 16, "form": "", "config": "", "shape": "S2", "M": 512, "K": 4096, "N": 11008, "pass": 2, "median_ms": 60.9424, "ms": [70.5016, 56.9401, 62.0613, 60.4493, 60.6452, 60.0975, 61.6008, 61.2395, 58.7437, 67.4912], "rel_l2": 2.971275093157118e-07, "max_abs_rel": 3.8345638361537783e-07, "finite": true, "clock_pct": [107.4, 106.7]}
ROW_JSON {"chip": "cpu", "arm": "fp32", "threads": 16, "form": "", "config": "", "shape": "S1", "M": 2048, "K": 4096, "N": 4096, "pass": 2, "median_ms": 100.874, "ms": [104.9573, 99.7646, 102.5696, 134.1045, 101.7791, 99.9689, 106.5372, 95.144, 92.1811, 93.6529], "rel_l2": 2.9729941544336096e-07, "max_abs_rel": 3.3497506865785545e-07, "finite": true, "clock_pct": [107.8, 107.5]}
ROW_JSON {"chip": "cpu", "arm": "fp32", "threads": 16, "form": "", "config": "", "shape": "S1", "M": 512, "K": 4096, "N": 4096, "pass": 2, "median_ms": 23.2749, "ms": [26.2016, 24.6052, 22.1124, 23.426, 22.3595, 22.3181, 23.4325, 22.6068, 23.3178, 23.232], "rel_l2": 2.9704501207073904e-07, "max_abs_rel": 3.443708591594669e-07, "finite": true, "clock_pct": [107.3]}
ROW_JSON {"chip": "cpu", "arm": "fp32", "threads": 8, "form": "", "config": "", "shape": "S3", "M": 2048, "K": 11008, "N": 4096, "pass": 2, "median_ms": 211.2398, "ms": [198.045, 205.0341, 225.701, 214.4741, 230.657, 202.9366, 208.0056, 239.1434, 198.6744, 237.4496], "rel_l2": 3.118377867291867e-07, "max_abs_rel": 3.8865221996012236e-07, "finite": true, "clock_pct": [108.3, 108.3, 107.5]}
ROW_JSON {"chip": "cpu", "arm": "fp32", "threads": 8, "form": "", "config": "", "shape": "S3", "M": 512, "K": 11008, "N": 4096, "pass": 2, "median_ms": 49.8831, "ms": [53.7413, 66.8353, 47.8512, 51.1245, 46.3196, 54.6856, 49.9301, 49.8361, 44.0996, 42.4337], "rel_l2": 3.11634235646662e-07, "max_abs_rel": 4.076025940979302e-07, "finite": true, "clock_pct": [109.7, 106.8]}
ROW_JSON {"chip": "cpu", "arm": "fp32", "threads": 8, "form": "", "config": "", "shape": "S2", "M": 2048, "K": 4096, "N": 11008, "pass": 2, "median_ms": 243.5276, "ms": [265.5475, 232.5567, 283.7562, 235.0522, 246.8881, 218.8564, 245.5242, 279.5035, 241.5311, 241.4931], "rel_l2": 2.973233694406471e-07, "max_abs_rel": 4.0491917912954473e-07, "finite": true, "clock_pct": [107.9, 107.5, 108.3]}
ROW_JSON {"chip": "cpu", "arm": "fp32", "threads": 8, "form": "", "config": "", "shape": "S2", "M": 512, "K": 4096, "N": 11008, "pass": 2, "median_ms": 55.6355, "ms": [62.0082, 47.6741, 65.3322, 51.6076, 46.6449, 55.3748, 55.8962, 66.5305, 65.0632, 46.2593], "rel_l2": 2.971275093157118e-07, "max_abs_rel": 3.8345638361537783e-07, "finite": true, "clock_pct": [108.7, 106.7]}
ROW_JSON {"chip": "cpu", "arm": "fp32", "threads": 8, "form": "", "config": "", "shape": "S1", "M": 2048, "K": 4096, "N": 4096, "pass": 2, "median_ms": 89.6098, "ms": [85.2339, 90.4588, 90.6733, 88.7609, 98.8718, 97.0246, 82.5342, 85.1488, 83.0904, 101.5419], "rel_l2": 2.9729941544336096e-07, "max_abs_rel": 3.3497506865785545e-07, "finite": true, "clock_pct": [108.3, 107.8]}
ROW_JSON {"chip": "cpu", "arm": "fp32", "threads": 8, "form": "", "config": "", "shape": "S1", "M": 512, "K": 4096, "N": 4096, "pass": 2, "median_ms": 25.624, "ms": [26.8733, 38.2856, 31.0676, 26.4389, 19.1767, 17.3874, 17.5347, 24.809, 17.2707, 27.2487], "rel_l2": 2.9704501207073904e-07, "max_abs_rel": 3.443708591594669e-07, "finite": true, "clock_pct": [109.5]}

EXIT_CODE: 0
POST_DEVICE_WITNESS

-----------------------------
[003d:00:01.1] : NPU Phoenix
-----------------------------
AIE Partitions
  No hardware contexts running on device


