INSTS_ROW {"dt": "bf16", "M": 2048, "K": 11008, "N": 4096, "m": 32, "k": 64, "n": 128, "cs": 1, "insts_bytes": 20624, "fit_bytes": 20624, "sha256": "d470bb5e1de26230a46deb286649632d54e7220750f86d85ea9bfb6f04ad6b4d"}
INSTS_ROW {"dt": "bf16", "M": 2048, "K": 11008, "N": 4096, "m": 64, "k": 64, "n": 32, "cs": 0, "insts_bytes": 10320, "fit_bytes": 10320, "sha256": "0693bae1b3d4a67a0c83c4c87deba6a1736502b0ac94a0a5d83aec16b44cef2d"}
INSTS_ROW {"dt": "bf16", "M": 2048, "K": 4096, "N": 11008, "m": 16, "k": 64, "n": 64, "cs": 0, "insts_bytes": 41232, "fit_bytes": 41232, "sha256": "48c0f5591297f8c1d3989463add0fb6d4a08b7f8e2b818a4f3af4ccc55d0aaa4"}
INSTS_ROW {"dt": "bf16", "M": 2048, "K": 4096, "N": 2816, "m": 64, "k": 64, "n": 64, "cs": 1, "insts_bytes": 10320, "fit_bytes": 10320, "sha256": "710963ee81a933725e539e62ffacba8b6288e9090374da5d282773b6eea40159"}
INSTS_ROW {"dt": "bf16", "M": 2048, "K": 4096, "N": 4096, "m": 32, "k": 64, "n": 128, "cs": 1, "insts_bytes": 20624, "fit_bytes": 20624, "sha256": "e67727d58b83dd9f996a765ef10d9924f56984bc21a655693d1d30f169c3ea86"}
INSTS_ROW {"dt": "bf16", "M": 2048, "K": 4096, "N": 4096, "m": 64, "k": 64, "n": 64, "cs": 1, "insts_bytes": 10320, "fit_bytes": 10320, "sha256": "4eadf965b5605656f0409f70f1e89b0e7ad2ace5750b9fabd63c2eeada2a7f45"}
INSTS_ROW {"dt": "bf16", "M": 512, "K": 11008, "N": 4096, "m": 32, "k": 64, "n": 128, "cs": 1, "insts_bytes": 5168, "fit_bytes": 5168, "sha256": "1a8afacb3cf0120ff1bc5f7c24f132bb8698718b292bf940a7ccaf0e1ac93a83"}
INSTS_ROW {"dt": "bf16", "M": 512, "K": 11008, "N": 4096, "m": 64, "k": 64, "n": 32, "cs": 0, "insts_bytes": 2592, "fit_bytes": 2592, "sha256": "6f06ed0f40b475e948850beaa5dac29fab636d6244abb30adc7e4d0c5488c9d8"}
INSTS_ROW {"dt": "bf16", "M": 512, "K": 4096, "N": 11008, "m": 16, "k": 64, "n": 64, "cs": 0, "insts_bytes": 10320, "fit_bytes": 10320, "sha256": "64bfb894b90bcc98af46a2b1d9a296cb1a7c4cac4eee9cba0c2eded491afd76b"}
INSTS_ROW {"dt": "bf16", "M": 512, "K": 4096, "N": 2816, "m": 64, "k": 64, "n": 64, "cs": 1, "insts_bytes": 2592, "fit_bytes": 2592, "sha256": "fc15164162b566d0c2b324481b13b618940970f88f1b40b061ee0209bac0d2d9"}
INSTS_ROW {"dt": "bf16", "M": 512, "K": 4096, "N": 4096, "m": 32, "k": 64, "n": 128, "cs": 1, "insts_bytes": 5168, "fit_bytes": 5168, "sha256": "5baacc78aeefa2e37593582b431bef9efd0f0f1764c6ee5bc632b44b6cb462ca"}
INSTS_ROW {"dt": "bf16", "M": 512, "K": 4096, "N": 4096, "m": 64, "k": 64, "n": 64, "cs": 1, "insts_bytes": 2592, "fit_bytes": 2592, "sha256": "c4b0cceb88502ad04852144bb2bdf9301d22aed1f2b51aa14cc9e9284690d502"}
INSTS_ROW {"dt": "bf16", "M": 512, "K": 512, "N": 512, "m": 64, "k": 64, "n": 64, "cs": 1, "insts_bytes": 2592, "fit_bytes": 2592, "sha256": "24552d6b26c5c8a19c0a785acb258b459e1bed183531d7a048858135a168f306"}
INSTS_ROW {"dt": "i8", "M": 2048, "K": 11008, "N": 4096, "m": 64, "k": 128, "n": 64, "cs": 1, "insts_bytes": 10320, "fit_bytes": 10320, "sha256": "0faad118071d2d35bff782725aba073587700cbb732a839175ec1cca275c870a"}
INSTS_ROW {"dt": "i8", "M": 2048, "K": 11008, "N": 4096, "m": 64, "k": 64, "n": 64, "cs": 0, "insts_bytes": 10320, "fit_bytes": 10320, "sha256": "05aeb1c3bbe61d96e7b3b3384f9b562c12a6cbc8fa8b3e2fb3becf88b7cd2551"}
INSTS_ROW {"dt": "i8", "M": 2048, "K": 4096, "N": 11008, "m": 16, "k": 64, "n": 64, "cs": 0, "insts_bytes": 41232, "fit_bytes": 41232, "sha256": "aca4f1a9ac4a0640fce2556cfadcf302f55fb487a567a2744906cf608cf44acc"}
INSTS_ROW {"dt": "i8", "M": 2048, "K": 4096, "N": 2816, "m": 64, "k": 128, "n": 64, "cs": 1, "insts_bytes": 10320, "fit_bytes": 10320, "sha256": "aafac9feae8d12c04f0c13696bae7bab77e2460209e5dfe21dedfefecf760efd"}
INSTS_ROW {"dt": "i8", "M": 2048, "K": 4096, "N": 2816, "m": 64, "k": 64, "n": 64, "cs": 0, "insts_bytes": 10320, "fit_bytes": 10320, "sha256": "3ef06643271a44a3e71bf3963eacca8d19c087b7ba0dfb7d6116237bbdb82572"}
INSTS_ROW {"dt": "i8", "M": 2048, "K": 4096, "N": 4096, "m": 64, "k": 128, "n": 64, "cs": 1, "insts_bytes": 10320, "fit_bytes": 10320, "sha256": "d94fdd6e4f89886bdb0609bf8b68adf517ce9fdfe1378e70fe772646a2203f5d"}
INSTS_ROW {"dt": "i8", "M": 2048, "K": 4096, "N": 4096, "m": 64, "k": 64, "n": 64, "cs": 0, "insts_bytes": 10320, "fit_bytes": 10320, "sha256": "932821fa50f2cca4a733645a189a53ea02e468696bb29159df2a656ae06a67b7"}
INSTS_ROW {"dt": "i8", "M": 512, "K": 11008, "N": 4096, "m": 64, "k": 128, "n": 64, "cs": 1, "insts_bytes": 2592, "fit_bytes": 2592, "sha256": "d99f617f8e2b02f891e9b59ed78ac35bebc408165e4c92c0638bcec57676ff44"}
INSTS_ROW {"dt": "i8", "M": 512, "K": 11008, "N": 4096, "m": 64, "k": 64, "n": 64, "cs": 0, "insts_bytes": 2592, "fit_bytes": 2592, "sha256": "3a306eaf72550e8d24de05d7cb3746ef67b34249bc48f4d4671bc80eb5a70c69"}
INSTS_ROW {"dt": "i8", "M": 512, "K": 4096, "N": 11008, "m": 16, "k": 64, "n": 64, "cs": 0, "insts_bytes": 10320, "fit_bytes": 10320, "sha256": "99839efa966cdc2f01a349d7da68f5de99d3e8f02729aab76a137e29066eb836"}
INSTS_ROW {"dt": "i8", "M": 512, "K": 4096, "N": 2816, "m": 64, "k": 128, "n": 64, "cs": 1, "insts_bytes": 2592, "fit_bytes": 2592, "sha256": "ca67570858ef825efd2acad641e8e676cd76f8afa498a7bcd800f2698c142267"}
INSTS_ROW {"dt": "i8", "M": 512, "K": 4096, "N": 2816, "m": 64, "k": 64, "n": 64, "cs": 0, "insts_bytes": 2592, "fit_bytes": 2592, "sha256": "9b6a547affd1050d74fc42a418edcfe58a2e54d824ed17b1153b4ef244ebeb74"}
INSTS_ROW {"dt": "i8", "M": 512, "K": 4096, "N": 4096, "m": 64, "k": 128, "n": 64, "cs": 1, "insts_bytes": 2592, "fit_bytes": 2592, "sha256": "6af535ccc56df09ab238a957c2d85d1b43ac998ed9256ed3e24938e8e40c596c"}
INSTS_ROW {"dt": "i8", "M": 512, "K": 4096, "N": 4096, "m": 64, "k": 64, "n": 64, "cs": 0, "insts_bytes": 2592, "fit_bytes": 2592, "sha256": "25804b1675fe6e7065d5cac9fc879dcb42c8691f799e06009f6d186230649d68"}
INSTS_ROW {"dt": "i8", "M": 512, "K": 512, "N": 512, "m": 64, "k": 64, "n": 64, "cs": 0, "insts_bytes": 2592, "fit_bytes": 2592, "sha256": "ada233edffcd99a3bde5ad62837d40f1e575dfa57fa42958f247ec70806c2165"}
INSTS_FIT_JSON {"builds": 28, "exact": 28, "largest": 41232, "largest_builds": ["bf16 M2048 K4096 N11008 m16", "i8 M2048 K4096 N11008 m16"]}
INSTS_PREDICTED_3C {"dt": "i8", "M": 8192, "tile": "P", "m": 64, "insts_bytes": 41232}
INSTS_PREDICTED_3C {"dt": "bf16", "M": 8192, "tile": "P", "m": 32, "insts_bytes": 82448}
INSTS_PREDICTED_3C {"dt": "i8", "M": 2048, "tile": "P", "m": 64, "insts_bytes": 10320}
INSTS_PREDICTED_3C {"dt": "bf16", "M": 2048, "tile": "P", "m": 32, "insts_bytes": 20624}
