UTC: 2026-09-24T02:10:20.520756+00:00
MACHINE: DESKTOP-CBL5NUA AMD64 Family 25 Model 117 Stepping 2, AuthenticAMD
COMMAND: python tools/measure_noise.py dml
COMMIT: 67790e88d50537b6d3c4dbbc8b51a66666872245
PRE_DEVICE_WITNESS

-----------------------------
[003d:00:01.1] : NPU Phoenix
-----------------------------
AIE Partitions
  No hardware contexts running on device


HEADER {"env": "resnet_env17", "host": "DESKTOP-CBL5NUA", "numpy": "1.26.4", "onnxruntime": "1.23.3.dev20260320", "python": "3.12.11"}
HOST_LOAD busy_cores=0.11 logical_cores=16 free_ram_gb=18.4 sample_sec=1 peer_busy_cores []
GPU_ENGINES_OVER_1PCT 0
INPUTS_MANIFEST_SHA256 9c5454169184a4b307059fbcbb8519cc31403b48d902918ea66c8023e43dbaf1
SESSION_JSON {"row": "fp32 S2 M=2048", "i": 0, "create_ms": 174.6, "ms": [121.032, 124.726, 120.959, 121.147, 123.525, 126.276, 128.489, 126.988, 131.596, 126.612], "providers": ["DmlExecutionProvider"], "dedicated_mb": 5.9, "shared_mb": 494.9}
SESSION_JSON {"row": "fp32 S2 M=2048", "i": 1, "create_ms": 133.2, "ms": [121.32, 118.949, 121.149, 124.195, 122.87, 120.192, 121.195, 117.825, 118.571, 118.482], "providers": ["DmlExecutionProvider"], "dedicated_mb": 5.9, "shared_mb": 494.9}
SESSION_JSON {"row": "fp32 S2 M=2048", "i": 2, "create_ms": 113.2, "ms": [123.127, 122.14, 127.089, 126.449, 126.787, 128.099, 121.314, 131.789, 123.994, 129.046], "providers": ["DmlExecutionProvider"], "dedicated_mb": 5.9, "shared_mb": 494.9}
SESSION_JSON {"row": "fp32 S2 M=2048", "i": 3, "create_ms": 130.0, "ms": [126.138, 126.384, 129.321, 125.149, 126.069, 127.625, 125.16, 131.239, 122.99, 129.197], "providers": ["DmlExecutionProvider"], "dedicated_mb": 5.9, "shared_mb": 494.9}
SESSION_JSON {"row": "fp32 S2 M=2048", "i": 4, "create_ms": 115.6, "ms": [123.977, 124.33, 121.372, 124.111, 120.914, 121.03, 121.287, 122.421, 123.096, 124.288], "providers": ["DmlExecutionProvider"], "dedicated_mb": 5.9, "shared_mb": 494.9}
SESSION_JSON {"row": "fp32 S2 M=2048", "i": 5, "create_ms": 130.8, "ms": [125.831, 129.625, 122.958, 130.98, 128.313, 123.001, 125.32, 124.269, 121.374, 121.669], "providers": ["DmlExecutionProvider"], "dedicated_mb": 5.9, "shared_mb": 494.9}
SESSION_JSON {"row": "fp32 S2 M=2048", "i": 6, "create_ms": 120.6, "ms": [129.139, 120.672, 123.096, 121.984, 129.635, 119.612, 121.786, 125.592, 129.136, 121.101], "providers": ["DmlExecutionProvider"], "dedicated_mb": 5.9, "shared_mb": 494.9}
SESSION_JSON {"row": "fp32 S2 M=2048", "i": 7, "create_ms": 136.2, "ms": [125.059, 122.667, 131.038, 125.55, 123.844, 124.243, 133.959, 121.955, 123.007, 125.173], "providers": ["DmlExecutionProvider"], "dedicated_mb": 5.9, "shared_mb": 494.9}
SESSION_JSON {"row": "fp32 S2 M=2048", "i": 8, "create_ms": 116.3, "ms": [131.61, 128.67, 127.711, 131.097, 130.535, 128.396, 131.39, 128.151, 129.573, 127.106], "providers": ["DmlExecutionProvider"], "dedicated_mb": 5.9, "shared_mb": 494.9}
SESSION_JSON {"row": "fp32 S2 M=2048", "i": 9, "create_ms": 128.5, "ms": [121.121, 119.778, 120.442, 118.947, 119.963, 122.534, 121.71, 120.277, 118.26, 120.15], "providers": ["DmlExecutionProvider"], "dedicated_mb": 5.9, "shared_mb": 494.9}
SESSION_JSON {"row": "fp32 S2 M=2048", "i": 10, "create_ms": 115.4, "ms": [110.829, 112.852, 117.906, 110.6, 113.155, 110.809, 110.943, 114.287, 111.895, 112.28], "providers": ["DmlExecutionProvider"], "dedicated_mb": 5.9, "shared_mb": 494.9}
SESSION_JSON {"row": "fp32 S2 M=2048", "i": 11, "create_ms": 129.0, "ms": [117.353, 116.031, 114.678, 115.101, 116.111, 114.095, 119.129, 113.206, 118.031, 113.624], "providers": ["DmlExecutionProvider"], "dedicated_mb": 5.9, "shared_mb": 494.9}
SESSION_JSON {"row": "fp32 S2 M=2048", "i": 12, "create_ms": 120.3, "ms": [127.295, 128.996, 128.525, 129.477, 131.183, 129.626, 129.912, 130.356, 131.441, 127.292], "providers": ["DmlExecutionProvider"], "dedicated_mb": 5.9, "shared_mb": 494.9}
SESSION_JSON {"row": "fp32 S2 M=2048", "i": 13, "create_ms": 140.3, "ms": [126.683, 126.647, 127.615, 129.175, 127.405, 129.038, 127.652, 127.91, 131.152, 127.787], "providers": ["DmlExecutionProvider"], "dedicated_mb": 5.9, "shared_mb": 494.9}
SESSION_JSON {"row": "fp32 S2 M=2048", "i": 14, "create_ms": 132.3, "ms": [129.263, 126.819, 128.714, 129.654, 130.06, 129.664, 128.686, 128.561, 129.438, 130.606], "providers": ["DmlExecutionProvider"], "dedicated_mb": 5.9, "shared_mb": 494.9}
SESSION_JSON {"row": "fp32 S2 M=2048", "i": 15, "create_ms": 139.5, "ms": [129.975, 128.956, 129.609, 133.234, 128.235, 129.567, 129.85, 130.094, 128.273, 130.918], "providers": ["DmlExecutionProvider"], "dedicated_mb": 5.9, "shared_mb": 494.9}
SESSION_JSON {"row": "fp32 S2 M=2048", "i": 16, "create_ms": 115.3, "ms": [124.823, 123.122, 125.28, 127.884, 123.741, 123.518, 126.021, 122.487, 129.052, 126.132], "providers": ["DmlExecutionProvider"], "dedicated_mb": 5.9, "shared_mb": 494.9}
SESSION_JSON {"row": "fp32 S2 M=2048", "i": 17, "create_ms": 131.2, "ms": [128.243, 130.708, 128.556, 128.122, 135.533, 131.344, 129.65, 128.657, 132.963, 130.936], "providers": ["DmlExecutionProvider"], "dedicated_mb": 5.9, "shared_mb": 494.9}
SESSION_JSON {"row": "fp32 S2 M=2048", "i": 18, "create_ms": 120.3, "ms": [132.734, 132.24, 135.87, 135.644, 131.802, 133.152, 133.687, 134.268, 134.184, 131.732], "providers": ["DmlExecutionProvider"], "dedicated_mb": 5.9, "shared_mb": 494.9}
SESSION_JSON {"row": "fp32 S2 M=2048", "i": 19, "create_ms": 129.0, "ms": [128.919, 132.69, 128.514, 136.133, 128.225, 127.895, 126.736, 133.125, 123.487, 127.513], "providers": ["DmlExecutionProvider"], "dedicated_mb": 5.9, "shared_mb": 494.9}
BLOCK_JSON {"row": "fp32 S2 M=2048", "b": 0, "ms": [106.986, 108.23, 108.047, 108.364, 108.073, 107.806, 107.231, 107.191, 108.941, 108.693], "dedicated_mb": 5.9, "shared_mb": 494.9}
BLOCK_JSON {"row": "fp32 S2 M=2048", "b": 1, "ms": [149.306, 108.208, 109.724, 107.5, 108.26, 107.104, 109.561, 109.536, 106.932, 107.028], "dedicated_mb": 5.9, "shared_mb": 494.9}
BLOCK_JSON {"row": "fp32 S2 M=2048", "b": 2, "ms": [150.904, 108.736, 107.117, 107.656, 107.736, 107.352, 110.231, 108.15, 108.474, 108.183], "dedicated_mb": 5.9, "shared_mb": 494.9}
BLOCK_JSON {"row": "fp32 S2 M=2048", "b": 3, "ms": [148.653, 111.834, 107.448, 107.44, 107.368, 108.486, 107.474, 107.504, 107.204, 107.174], "dedicated_mb": 5.9, "shared_mb": 494.9}
BLOCK_JSON {"row": "fp32 S2 M=2048", "b": 4, "ms": [147.546, 107.862, 106.783, 109.828, 107.064, 106.704, 107.672, 109.395, 107.336, 108.504], "dedicated_mb": 5.9, "shared_mb": 494.9}
BLOCK_JSON {"row": "fp32 S2 M=2048", "b": 5, "ms": [148.657, 107.554, 108.761, 109.662, 107.051, 111.854, 108.507, 107.54, 106.338, 109.227], "dedicated_mb": 5.9, "shared_mb": 494.9}
BLOCK_JSON {"row": "fp32 S2 M=2048", "b": 6, "ms": [147.658, 107.484, 109.268, 107.322, 107.748, 106.552, 107.133, 109.566, 108.444, 106.929], "dedicated_mb": 5.9, "shared_mb": 494.9}
BLOCK_JSON {"row": "fp32 S2 M=2048", "b": 7, "ms": [146.078, 106.852, 107.813, 107.771, 109.345, 106.873, 107.182, 107.387, 107.414, 110.438], "dedicated_mb": 5.9, "shared_mb": 494.9}
BLOCK_JSON {"row": "fp32 S2 M=2048", "b": 8, "ms": [151.336, 109.452, 107.225, 108.436, 106.49, 107.094, 107.494, 107.487, 109.156, 106.501], "dedicated_mb": 5.9, "shared_mb": 494.9}
BLOCK_JSON {"row": "fp32 S2 M=2048", "b": 9, "ms": [147.65, 107.474, 107.897, 109.04, 107.233, 106.804, 108.184, 109.443, 108.382, 108.273], "dedicated_mb": 5.9, "shared_mb": 494.9}
BLOCK_JSON {"row": "fp32 S2 M=2048", "b": 10, "ms": [149.227, 107.564, 107.563, 108.066, 107.342, 109.763, 107.367, 107.12, 109.497, 106.057], "dedicated_mb": 5.9, "shared_mb": 494.9}
BLOCK_JSON {"row": "fp32 S2 M=2048", "b": 11, "ms": [149.082, 108.851, 107.601, 106.986, 106.713, 107.174, 108.398, 107.321, 107.501, 107.626], "dedicated_mb": 5.9, "shared_mb": 494.9}
BLOCK_JSON {"row": "fp32 S2 M=2048", "b": 12, "ms": [149.207, 108.132, 107.216, 106.97, 108.517, 112.059, 107.038, 106.59, 109.284, 107.258], "dedicated_mb": 5.9, "shared_mb": 494.9}
BLOCK_JSON {"row": "fp32 S2 M=2048", "b": 13, "ms": [148.835, 107.743, 106.763, 107.579, 115.388, 108.075, 107.864, 107.201, 107.103, 109.07], "dedicated_mb": 5.9, "shared_mb": 494.9}
BLOCK_JSON {"row": "fp32 S2 M=2048", "b": 14, "ms": [146.493, 107.236, 107.289, 107.807, 111.101, 107.526, 109.025, 108.425, 110.49, 108.531], "dedicated_mb": 5.9, "shared_mb": 494.9}
BLOCK_JSON {"row": "fp32 S2 M=2048", "b": 15, "ms": [148.209, 109.606, 108.507, 107.476, 107.575, 107.111, 109.983, 107.916, 107.946, 107.343], "dedicated_mb": 5.9, "shared_mb": 494.9}
BLOCK_JSON {"row": "fp32 S2 M=2048", "b": 16, "ms": [148.506, 107.424, 107.838, 111.358, 108.346, 107.238, 109.378, 107.373, 109.675, 107.7], "dedicated_mb": 5.9, "shared_mb": 494.9}
BLOCK_JSON {"row": "fp32 S2 M=2048", "b": 17, "ms": [148.645, 107.124, 107.938, 107.046, 107.484, 109.811, 106.465, 107.511, 108.234, 106.966], "dedicated_mb": 5.9, "shared_mb": 494.9}
BLOCK_JSON {"row": "fp32 S2 M=2048", "b": 18, "ms": [150.996, 108.366, 109.672, 106.779, 108.088, 107.279, 108.871, 108.956, 107.582, 106.222], "dedicated_mb": 5.9, "shared_mb": 494.9}
BLOCK_JSON {"row": "fp32 S2 M=2048", "b": 19, "ms": [146.861, 106.583, 108.409, 108.051, 108.61, 107.023, 107.706, 108.001, 107.399, 109.907], "dedicated_mb": 5.9, "shared_mb": 494.9}
SESSION_JSON {"row": "fp16 S1 M=2048", "i": 0, "create_ms": 30.9, "ms": [22.451, 22.838, 22.708, 24.797, 22.708, 21.206, 24.194, 22.925, 21.048, 24.471], "providers": ["DmlExecutionProvider"], "dedicated_mb": 4.3, "shared_mb": 98.9}
SESSION_JSON {"row": "fp16 S1 M=2048", "i": 1, "create_ms": 30.7, "ms": [26.822, 24.92, 22.444, 22.147, 25.501, 24.4, 25.898, 23.374, 21.781, 25.144], "providers": ["DmlExecutionProvider"], "dedicated_mb": 4.3, "shared_mb": 99.4}
SESSION_JSON {"row": "fp16 S1 M=2048", "i": 2, "create_ms": 31.8, "ms": [22.954, 22.066, 24.248, 26.466, 25.048, 22.405, 23.061, 22.663, 23.106, 23.194], "providers": ["DmlExecutionProvider"], "dedicated_mb": 4.3, "shared_mb": 99.4}
SESSION_JSON {"row": "fp16 S1 M=2048", "i": 3, "create_ms": 31.6, "ms": [19.786, 20.499, 20.269, 20.383, 26.024, 21.055, 21.835, 26.173, 22.407, 20.879], "providers": ["DmlExecutionProvider"], "dedicated_mb": 4.3, "shared_mb": 99.4}
SESSION_JSON {"row": "fp16 S1 M=2048", "i": 4, "create_ms": 31.5, "ms": [20.359, 22.296, 22.049, 24.315, 25.518, 21.287, 21.464, 22.687, 19.72, 21.118], "providers": ["DmlExecutionProvider"], "dedicated_mb": 4.3, "shared_mb": 99.4}
SESSION_JSON {"row": "fp16 S1 M=2048", "i": 5, "create_ms": 30.7, "ms": [21.032, 20.264, 19.873, 20.374, 25.977, 19.16, 20.686, 21.369, 21.07, 17.827], "providers": ["DmlExecutionProvider"], "dedicated_mb": 4.3, "shared_mb": 99.4}
SESSION_JSON {"row": "fp16 S1 M=2048", "i": 6, "create_ms": 30.8, "ms": [22.517, 19.12, 23.064, 19.512, 21.21, 19.027, 25.23, 22.156, 20.051, 19.359], "providers": ["DmlExecutionProvider"], "dedicated_mb": 4.3, "shared_mb": 99.4}
SESSION_JSON {"row": "fp16 S1 M=2048", "i": 7, "create_ms": 29.9, "ms": [25.164, 25.503, 20.407, 20.18, 20.761, 18.58, 20.109, 22.895, 22.52, 21.539], "providers": ["DmlExecutionProvider"], "dedicated_mb": 4.3, "shared_mb": 99.4}
SESSION_JSON {"row": "fp16 S1 M=2048", "i": 8, "create_ms": 35.0, "ms": [20.196, 21.45, 23.255, 21.023, 19.753, 19.82, 18.347, 21.373, 21.254, 19.017], "providers": ["DmlExecutionProvider"], "dedicated_mb": 4.3, "shared_mb": 99.4}
SESSION_JSON {"row": "fp16 S1 M=2048", "i": 9, "create_ms": 36.1, "ms": [21.452, 20.002, 21.484, 19.389, 23.031, 20.216, 22.146, 22.069, 17.6, 20.646], "providers": ["DmlExecutionProvider"], "dedicated_mb": 4.3, "shared_mb": 99.4}
SESSION_JSON {"row": "fp16 S1 M=2048", "i": 10, "create_ms": 32.7, "ms": [21.143, 20.823, 20.535, 21.175, 18.135, 21.208, 20.216, 21.224, 23.303, 20.124], "providers": ["DmlExecutionProvider"], "dedicated_mb": 4.3, "shared_mb": 99.4}
SESSION_JSON {"row": "fp16 S1 M=2048", "i": 11, "create_ms": 30.8, "ms": [21.98, 21.917, 20.246, 19.372, 20.306, 20.73, 23.532, 19.284, 20.883, 19.081], "providers": ["DmlExecutionProvider"], "dedicated_mb": 4.3, "shared_mb": 99.4}
SESSION_JSON {"row": "fp16 S1 M=2048", "i": 12, "create_ms": 32.3, "ms": [21.076, 20.502, 19.077, 20.7, 21.329, 21.091, 22.871, 18.251, 20.875, 19.331], "providers": ["DmlExecutionProvider"], "dedicated_mb": 4.3, "shared_mb": 99.4}
SESSION_JSON {"row": "fp16 S1 M=2048", "i": 13, "create_ms": 35.7, "ms": [23.891, 19.565, 19.024, 19.544, 22.093, 18.588, 22.303, 21.698, 22.985, 20.312], "providers": ["DmlExecutionProvider"], "dedicated_mb": 4.3, "shared_mb": 99.4}
SESSION_JSON {"row": "fp16 S1 M=2048", "i": 14, "create_ms": 35.0, "ms": [21.267, 22.739, 20.203, 24.664, 20.267, 20.255, 20.692, 19.783, 21.907, 20.103], "providers": ["DmlExecutionProvider"], "dedicated_mb": 4.3, "shared_mb": 99.4}
SESSION_JSON {"row": "fp16 S1 M=2048", "i": 15, "create_ms": 32.3, "ms": [20.915, 22.768, 21.78, 19.613, 20.125, 22.679, 22.29, 21.376, 20.92, 23.516], "providers": ["DmlExecutionProvider"], "dedicated_mb": 4.3, "shared_mb": 99.4}
SESSION_JSON {"row": "fp16 S1 M=2048", "i": 16, "create_ms": 33.3, "ms": [20.651, 19.832, 19.983, 19.848, 19.683, 22.764, 18.058, 19.765, 21.049, 25.033], "providers": ["DmlExecutionProvider"], "dedicated_mb": 4.3, "shared_mb": 99.4}
SESSION_JSON {"row": "fp16 S1 M=2048", "i": 17, "create_ms": 41.3, "ms": [23.014, 20.093, 21.131, 19.245, 21.039, 20.842, 22.932, 20.036, 21.938, 22.348], "providers": ["DmlExecutionProvider"], "dedicated_mb": 4.3, "shared_mb": 99.4}
SESSION_JSON {"row": "fp16 S1 M=2048", "i": 18, "create_ms": 33.7, "ms": [22.08, 22.18, 19.764, 20.325, 19.813, 24.512, 19.223, 22.227, 21.594, 23.99], "providers": ["DmlExecutionProvider"], "dedicated_mb": 4.3, "shared_mb": 99.4}
SESSION_JSON {"row": "fp16 S1 M=2048", "i": 19, "create_ms": 33.4, "ms": [21.953, 21.094, 20.361, 20.634, 19.227, 22.253, 20.194, 24.279, 20.913, 19.017], "providers": ["DmlExecutionProvider"], "dedicated_mb": 4.3, "shared_mb": 99.4}
BLOCK_JSON {"row": "fp16 S1 M=2048", "b": 0, "ms": [20.966, 18.996, 22.436, 20.525, 23.669, 19.262, 19.713, 19.787, 22.367, 23.839], "dedicated_mb": 4.3, "shared_mb": 99.4}
BLOCK_JSON {"row": "fp16 S1 M=2048", "b": 1, "ms": [27.651, 27.307, 23.011, 22.394, 21.979, 22.152, 20.932, 20.061, 21.814, 22.631], "dedicated_mb": 4.3, "shared_mb": 99.4}
BLOCK_JSON {"row": "fp16 S1 M=2048", "b": 2, "ms": [26.33, 30.505, 24.576, 21.658, 22.224, 20.776, 20.489, 24.938, 22.498, 23.786], "dedicated_mb": 4.3, "shared_mb": 99.4}
BLOCK_JSON {"row": "fp16 S1 M=2048", "b": 3, "ms": [27.541, 26.689, 23.821, 19.858, 19.963, 20.124, 18.073, 19.699, 23.641, 19.802], "dedicated_mb": 4.3, "shared_mb": 99.4}
BLOCK_JSON {"row": "fp16 S1 M=2048", "b": 4, "ms": [27.965, 27.404, 23.218, 19.889, 20.496, 21.587, 21.325, 25.011, 21.223, 20.047], "dedicated_mb": 4.3, "shared_mb": 99.4}
BLOCK_JSON {"row": "fp16 S1 M=2048", "b": 5, "ms": [29.417, 26.487, 22.92, 21.325, 20.689, 18.148, 20.492, 23.825, 21.904, 22.469], "dedicated_mb": 4.3, "shared_mb": 99.4}
BLOCK_JSON {"row": "fp16 S1 M=2048", "b": 6, "ms": [28.02, 25.854, 22.46, 22.162, 21.6, 22.423, 19.07, 19.961, 19.776, 19.842], "dedicated_mb": 4.3, "shared_mb": 99.4}
BLOCK_JSON {"row": "fp16 S1 M=2048", "b": 7, "ms": [27.993, 25.93, 23.26, 24.033, 20.663, 23.479, 20.218, 22.513, 21.667, 20.447], "dedicated_mb": 4.3, "shared_mb": 99.4}
BLOCK_JSON {"row": "fp16 S1 M=2048", "b": 8, "ms": [26.983, 28.001, 22.676, 19.377, 20.684, 21.74, 19.518, 19.468, 20.311, 23.356], "dedicated_mb": 4.3, "shared_mb": 99.4}
BLOCK_JSON {"row": "fp16 S1 M=2048", "b": 9, "ms": [28.282, 25.477, 21.874, 20.733, 21.46, 18.346, 19.613, 23.133, 22.498, 18.841], "dedicated_mb": 4.3, "shared_mb": 99.4}
BLOCK_JSON {"row": "fp16 S1 M=2048", "b": 10, "ms": [28.301, 27.283, 24.29, 21.144, 21.554, 20.709, 20.385, 22.458, 20.64, 21.128], "dedicated_mb": 4.3, "shared_mb": 99.4}
BLOCK_JSON {"row": "fp16 S1 M=2048", "b": 11, "ms": [27.672, 25.573, 24.288, 21.274, 20.528, 19.466, 20.8, 22.742, 20.197, 23.119], "dedicated_mb": 4.3, "shared_mb": 99.4}
BLOCK_JSON {"row": "fp16 S1 M=2048", "b": 12, "ms": [27.74, 25.466, 23.15, 21.372, 21.539, 21.695, 23.006, 21.421, 23.255, 20.388], "dedicated_mb": 4.3, "shared_mb": 99.4}
BLOCK_JSON {"row": "fp16 S1 M=2048", "b": 13, "ms": [26.731, 26.246, 24.038, 21.871, 18.289, 19.296, 23.202, 19.455, 21.098, 23.637], "dedicated_mb": 4.3, "shared_mb": 99.4}
BLOCK_JSON {"row": "fp16 S1 M=2048", "b": 14, "ms": [30.486, 25.125, 22.494, 22.307, 22.23, 21.326, 24.903, 19.7, 19.172, 23.113], "dedicated_mb": 4.3, "shared_mb": 99.4}
BLOCK_JSON {"row": "fp16 S1 M=2048", "b": 15, "ms": [27.529, 26.925, 21.316, 21.426, 20.441, 20.25, 22.618, 18.896, 22.925, 23.584], "dedicated_mb": 4.3, "shared_mb": 99.4}
BLOCK_JSON {"row": "fp16 S1 M=2048", "b": 16, "ms": [29.191, 24.818, 22.089, 19.4, 21.725, 22.749, 19.381, 22.955, 20.926, 20.129], "dedicated_mb": 4.3, "shared_mb": 99.4}
BLOCK_JSON {"row": "fp16 S1 M=2048", "b": 17, "ms": [27.583, 24.749, 23.919, 20.274, 21.365, 20.603, 22.535, 22.125, 19.948, 19.455], "dedicated_mb": 4.3, "shared_mb": 99.4}
BLOCK_JSON {"row": "fp16 S1 M=2048", "b": 18, "ms": [26.447, 27.051, 23.247, 22.015, 20.056, 20.275, 21.827, 20.471, 22.386, 23.386], "dedicated_mb": 4.3, "shared_mb": 99.4}
BLOCK_JSON {"row": "fp16 S1 M=2048", "b": 19, "ms": [29.451, 26.98, 23.015, 21.179, 19.808, 19.239, 18.684, 19.286, 22.385, 18.199], "dedicated_mb": 4.3, "shared_mb": 99.4}
GPU_ENGINES_OVER_1PCT 0

EXIT_CODE: 0
POST_DEVICE_WITNESS

-----------------------------
[003d:00:01.1] : NPU Phoenix
-----------------------------
AIE Partitions
  No hardware contexts running on device


