MODELS (3c step 2), no timing, enters no rule. 2026-09-24T16:43:01Z
onnxruntime 1.23.3.dev20260320; providers ['VitisAIExecutionProvider', 'DmlExecutionProvider', 'CPUExecutionProvider']
PROTOCOL_JSON {"stage": "3c", "plan": "v2", "layer": 16, "linears": [["q", "attn_q", 2560, 2048, "x_attn"], ["k", "attn_k", 2560, 1024, "x_attn"], ["v", "attn_v", 2560, 1024, "x_attn"], ["o", "attn_output", 2048, 2560, "x_o"], ["gate", "ffn_gate", 2560, 10240, "x_ffn"], ["up", "ffn_up", 2560, 10240, "x_ffn"], ["down", "ffn_down", 10240, 2560, "x_down"]], "inputs": {"x_attn": 2560, "x_o": 2048, "x_ffn": 2560, "x_down": 10240}, "layers": 34, "ms": [2048, 8192], "seed": 20260924, "order": ["C-fp32@8", "C-fp32@16", "C-i8@8", "C-i8@16", "C-nb0@8", "C-nb0@16", "C-nb4@8", "C-nb4@16", "D-fp16", "D-fp32", "D-i8", "D-nb16", "N-bf16", "N-i8", "N-w4"], "report_only": ["N-w4"], "npu_arms": ["N-bf16", "N-i8"], "model_of": {"C-fp32": "fp32", "C-i8": "i8_u8", "C-nb0": "nb0", "C-nb4": "nb4", "D-fp16": "fp16", "D-fp32": "fp32", "D-i8": "i8_s8", "D-nb16": "nb16"}, "threads": [8, 16], "zp": 128, "cpu_pin": "8: one logical CPU per physical core; 16: every logical CPU; the caller pinned to the first", "idle_s": 60, "warmup_s": 20, "window_s": 60, "settle_s": 10, "trim_s": 1, "min_rows": 50, "min_iterations": 5, "repeat_max": 0.1, "margin": 1.1, "acc_tie": 1.1, "bf16_acc_max": 0.0001, "hf_max": 25.0, "pages_max": 1000.0, "rerun_void": 1, "npu_tiles": {"bf16": {"P": [32, 64, 128, 1], "F": [64, 64, 64, 1]}, "i8": {"P": [64, 128, 64, 1], "F": [64, 64, 64, 0]}, "w4": {"P": [64, 128, 64, 1]}}, "npu_piece": 2560, "npu_contexts": 4, "insts_fit": [16, 2576], "e_unit": "J per prompt token per layer, above idle (printed in mJ)", "t_unit": "ms per layer iteration, median over the window"}
GGUF_JSON {"file": "gemma-3-4b-it-q4_0.gguf", "revision": "15f73f5eee9c28f53afefef5723e29680c2fc78a", "size": 3155051328, "sha256": "76aed0a8285b83102f18b5d60e53c70d09eb4e9917a20ce8956bd546452b56e2", "ok": true}
LINEAR_JSON {"name": "q", "tensor": "blk.16.attn_q.weight", "type": "Q4_0", "K": 2560, "N": 2048}
LINEAR_JSON {"name": "k", "tensor": "blk.16.attn_k.weight", "type": "Q4_0", "K": 2560, "N": 1024}
LINEAR_JSON {"name": "v", "tensor": "blk.16.attn_v.weight", "type": "Q4_0", "K": 2560, "N": 1024}
LINEAR_JSON {"name": "o", "tensor": "blk.16.attn_output.weight", "type": "Q4_0", "K": 2048, "N": 2560}
LINEAR_JSON {"name": "gate", "tensor": "blk.16.ffn_gate.weight", "type": "Q4_0", "K": 2560, "N": 10240}
LINEAR_JSON {"name": "up", "tensor": "blk.16.ffn_up.weight", "type": "Q4_0", "K": 2560, "N": 10240}
LINEAR_JSON {"name": "down", "tensor": "blk.16.ffn_down.weight", "type": "Q4_0", "K": 10240, "N": 2560}
MODEL_JSON {"model": "fp16", "bytes": 188744426, "sha256": "cacd13e05587bb9045b9fc5d9952f2b8dcaca99cc65a668776391175faa3e73c", "seconds": 1.6}
MODEL_JSON {"model": "fp32", "bytes": 377488107, "sha256": "57ceee004ab471597b72e82f2ba2f64b3e8bf0543d2594fedf57cf6d85970258", "seconds": 1.8}
MODEL_JSON {"model": "i8_s8", "bytes": 94372636, "sha256": "072be6e51fb0f6437aac27233dceec0a8130bfb23fcc7e33c5ff59466a2675b9", "seconds": 1.7}
MODEL_JSON {"model": "i8_u8", "bytes": 94372683, "sha256": "343223937be00c54b9d2e657ca7d3a41e8098d262a4dc341ab3cfb45c7679d7e", "seconds": 1.7}
MODEL_JSON {"model": "nb0", "bytes": 58984042, "sha256": "c1ebc7d8204b4544b35220091635772bbf74c483ed14adb5c54da42bb121c227", "seconds": 0.2}
MODEL_JSON {"model": "nb16", "bytes": 53085797, "sha256": "75ff71f938c17f55631927592528950ca98d67d431b0c25f0c8229d3ee4a4083", "seconds": 0.2}
MODEL_JSON {"model": "nb4", "bytes": 58984042, "sha256": "83393758184cbfb02cd42bb5787af196e7835909f6d9128c0a8f4a6bf641a486", "seconds": 0.2}
PLACEMENT_JSON {"model": "fp16", "exit": 0, "status": "ALL_DML", "placed": {"DmlExecutionProvider": 7}, "cpu_nodes": [], "lines": ["All nodes placed on [DmlExecutionProvider]. Number of nodes: 7"], "strict_session": "OPENED"}
PLACEMENT_JSON {"model": "fp32", "exit": 0, "status": "ALL_DML", "placed": {"DmlExecutionProvider": 7}, "cpu_nodes": [], "lines": ["All nodes placed on [DmlExecutionProvider]. Number of nodes: 7"], "strict_session": "OPENED"}
PLACEMENT_JSON {"model": "i8_s8", "exit": 0, "status": "ALL_DML", "placed": {"DmlExecutionProvider": 7}, "cpu_nodes": [], "lines": ["All nodes placed on [DmlExecutionProvider]. Number of nodes: 7"], "strict_session": "OPENED"}
PLACEMENT_JSON {"model": "nb16", "exit": 0, "status": "ALL_DML", "placed": {"DmlExecutionProvider": 7}, "cpu_nodes": [], "lines": ["All nodes placed on [DmlExecutionProvider]. Number of nodes: 7"], "strict_session": "OPENED"}
[1;31m2026-09-24 12:43:15.4064606 [E:onnxruntime:, inference_session.cc:2431 onnxruntime::InferenceSession::Initialize] This session contains graph nodes that are assigned to the default CPU EP, but fallback to CPU EP has been explicitly disabled by the user.[m
NEGATIVE_CONTROL_JSON {"result": "PASS: refused (Fail)"}
MODEL_CHECK_JSON {"arm": "C-fp32", "model": "fp32", "ep": "cpu", "M": 64, "rel_l2": {"q": 2.776499585829762e-07, "k": 2.766119697380573e-07, "v": 2.733270193858515e-07, "o": 2.743447648321898e-07, "gate": 2.7606262750914774e-07, "up": 2.755528508835003e-07, "down": 2.9340618132822664e-07}, "finite": true, "wiring_max": 0.0001, "ok": true}
MODEL_CHECK_JSON {"arm": "C-i8", "model": "i8_u8", "ep": "cpu", "M": 64, "rel_l2": {"q": 0.014288516035265778, "k": 0.014046289319855323, "v": 0.013772377462213324, "o": 0.013099470510037833, "gate": 0.01331883546510116, "up": 0.013360709156506787, "down": 0.01615099495964276}, "finite": true, "wiring_max": 0.2, "int32_exact": true, "ok": true}
MODEL_CHECK_JSON {"arm": "C-nb0", "model": "nb0", "ep": "cpu", "M": 64, "rel_l2": {"q": 8.515540361674494e-07, "k": 8.47848024333879e-07, "v": 8.448127514771559e-07, "o": 7.712540933336312e-07, "gate": 8.478765695368874e-07, "up": 8.461757012815553e-07, "down": 1.707953765406826e-06}, "finite": true, "wiring_max": 0.0001, "ok": true}
MODEL_CHECK_JSON {"arm": "C-nb4", "model": "nb4", "ep": "cpu", "M": 64, "rel_l2": {"q": 0.005367742197570766, "k": 0.005302487948798112, "v": 0.00529981036806151, "o": 0.005363890236932259, "gate": 0.005311725397505025, "up": 0.005310873598984844, "down": 0.005360604399827549}, "finite": true, "wiring_max": 0.2, "ok": true}
MODEL_CHECK_JSON {"arm": "D-fp16", "model": "fp16", "ep": "dml", "M": 64, "rel_l2": {"q": 0.00033616187268568074, "k": 0.00033587210090143724, "v": 0.00033365312447067986, "o": 0.00033737842932509907, "gate": 0.00033514352252219146, "up": 0.0003359536475453224, "down": 0.000338158069317174}, "finite": true, "wiring_max": 0.01, "ok": true}
MODEL_CHECK_JSON {"arm": "D-fp32", "model": "fp32", "ep": "dml", "M": 64, "rel_l2": {"q": 6.001183553833785e-07, "k": 4.264621253670526e-07, "v": 4.2461981595366356e-07, "o": 7.712540933336312e-07, "gate": 8.478765695368874e-07, "up": 8.461757012815553e-07, "down": 1.707953765406826e-06}, "finite": true, "wiring_max": 0.0001, "ok": true}
MODEL_CHECK_JSON {"arm": "D-i8", "model": "i8_s8", "ep": "dml", "M": 64, "rel_l2": {"q": 0.014288516035265778, "k": 0.014046289319855323, "v": 0.013772377462213324, "o": 0.013099470510037833, "gate": 0.01331883546510116, "up": 0.013360709156506787, "down": 0.01615099495964276}, "finite": true, "wiring_max": 0.2, "int32_exact": true, "ok": true}
MODEL_CHECK_JSON {"arm": "D-nb16", "model": "nb16", "ep": "dml", "M": 64, "rel_l2": {"q": 0.0004664425190001927, "k": 0.0004630550665218522, "v": 0.0004666493067216439, "o": 0.00046569019583358274, "gate": 0.00046281069115074386, "up": 0.00046187642546077464, "down": 0.0004642261517201847}, "finite": true, "wiring_max": 0.01, "ok": true}
DROPPED_ARMS_JSON {}
MODELS OK (dropped: none)
