
### cpu dense fp32 4096 4096
HEADER {"cpu": "AMD64 Family 25 Model 117 Stepping 2, AuthenticAMD", "env": "resnet_env17", "ep": "cpu", "host": "DESKTOP-CBL5NUA", "numpy": "1.26.4", "onnx": "1.18.0", "onnxruntime": "1.23.3.dev20260320", "python": "3.12.11"}
gemv cpu dense K=4096 N=4096 block=None t1=fp32 acc=None threads=8: 16 copies, 1.000 GiB/run, median 18.34 ms (min 17.78, max 19.65) -> 1.1461 ms/GEMV, 58.55 GB/s; rel_l2 2.768e-07, max_abs_rel 3.047e-07
ROW_JSON {"acc": null, "arm": "dense", "block": null, "copies": 16, "copy_bytes": 67108864, "ep": "cpu", "finite": true, "gbps": 58.55426821577486, "gen": "rtn-asym-uint4-v1", "k": 4096, "kind": "gemv", "load_s": 1.36, "max_abs_rel": 3.0473137567399027e-07, "max_ms": 19.651099923066795, "median_ms": 18.337550049182028, "min_ms": 17.78100000228733, "ms_per_gemv": 1.1460968780738767, "n": 4096, "rel_l2": 2.768439549489097e-07, "reps": 20, "run_bytes": 1073741824, "seed": 20260923, "t1": "fp32", "threads": 8, "warmup": 3, "weights_sha256_first16mib": "e09df7dde740dbd02c363fac5c61c4eece27a3546747de366f42a5dde9ca6979"}

### cpu dense fp32 4096 11008
HEADER {"cpu": "AMD64 Family 25 Model 117 Stepping 2, AuthenticAMD", "env": "resnet_env17", "ep": "cpu", "host": "DESKTOP-CBL5NUA", "numpy": "1.26.4", "onnx": "1.18.0", "onnxruntime": "1.23.3.dev20260320", "python": "3.12.11"}
gemv cpu dense K=4096 N=11008 block=None t1=fp32 acc=None threads=8: 6 copies, 1.008 GiB/run, median 17.92 ms (min 17.63, max 19.09) -> 2.9875 ms/GEMV, 60.37 GB/s; rel_l2 2.782e-07, max_abs_rel 3.538e-07
ROW_JSON {"acc": null, "arm": "dense", "block": null, "copies": 6, "copy_bytes": 180355072, "ep": "cpu", "finite": true, "gbps": 60.370740794816804, "gen": "rtn-asym-uint4-v1", "k": 4096, "kind": "gemv", "load_s": 2.59, "max_abs_rel": 3.538190960203627e-07, "max_ms": 19.09189997240901, "median_ms": 17.924749932717532, "min_ms": 17.634499934501946, "ms_per_gemv": 2.9874583221195885, "n": 11008, "rel_l2": 2.781969184353224e-07, "reps": 20, "run_bytes": 1082130432, "seed": 20260923, "t1": "fp32", "threads": 8, "warmup": 3, "weights_sha256_first16mib": "f6702c6b3facdd9b6e78280f8e881795ef03c81acbbd86e1326377a40f00e1b9"}

### cpu dense fp32 11008 4096
HEADER {"cpu": "AMD64 Family 25 Model 117 Stepping 2, AuthenticAMD", "env": "resnet_env17", "ep": "cpu", "host": "DESKTOP-CBL5NUA", "numpy": "1.26.4", "onnx": "1.18.0", "onnxruntime": "1.23.3.dev20260320", "python": "3.12.11"}
gemv cpu dense K=11008 N=4096 block=None t1=fp32 acc=None threads=8: 6 copies, 1.008 GiB/run, median 17.94 ms (min 17.73, max 18.87) -> 2.9908 ms/GEMV, 60.30 GB/s; rel_l2 2.976e-07, max_abs_rel 3.530e-07
ROW_JSON {"acc": null, "arm": "dense", "block": null, "copies": 6, "copy_bytes": 180355072, "ep": "cpu", "finite": true, "gbps": 60.30278344615895, "gen": "rtn-asym-uint4-v1", "k": 11008, "kind": "gemv", "load_s": 1.2, "max_abs_rel": 3.529867569883591e-07, "max_ms": 18.866200000047684, "median_ms": 17.944949970114976, "min_ms": 17.72600004915148, "ms_per_gemv": 2.9908249950191625, "n": 4096, "rel_l2": 2.975788992279297e-07, "reps": 20, "run_bytes": 1082130432, "seed": 20260923, "t1": "fp32", "threads": 8, "warmup": 3, "weights_sha256_first16mib": "3e83f0abf1e28fcdf76d0b5160aa7c4f7b86b0ad75edd73bfd9147f716ea4fd2"}

### dml dense fp16 4096 4096
HEADER {"cpu": "AMD64 Family 25 Model 117 Stepping 2, AuthenticAMD", "env": "resnet_env17", "ep": "dml", "host": "DESKTOP-CBL5NUA", "numpy": "1.26.4", "onnx": "1.18.0", "onnxruntime": "1.23.3.dev20260320", "python": "3.12.11"}
gemv dml dense K=4096 N=4096 block=None t1=fp16 acc=None threads=None: 32 copies, 1.000 GiB/run, median 14.54 ms (min 14.32, max 15.98) -> 0.4543 ms/GEMV, 73.85 GB/s; rel_l2 4.624e-04, max_abs_rel 6.623e-04
ROW_JSON {"acc": null, "arm": "dense", "block": null, "copies": 32, "copy_bytes": 33554432, "ep": "dml", "finite": true, "gbps": 73.85379241166338, "gen": "rtn-asym-uint4-v1", "k": 4096, "kind": "gemv", "load_s": 1.67, "max_abs_rel": 0.0006622973721250725, "max_ms": 15.978300012648106, "median_ms": 14.538749994244426, "min_ms": 14.322600094601512, "ms_per_gemv": 0.45433593732013833, "n": 4096, "rel_l2": 0.00046237315598433745, "reps": 20, "run_bytes": 1073741824, "seed": 20260923, "t1": "fp16", "threads": null, "warmup": 3, "weights_sha256_first16mib": "a78a23714eb8851ef7a8455005d7d581682c754ccebd6533093f059e14bcb52d"}

### dml dense fp16 4096 11008
HEADER {"cpu": "AMD64 Family 25 Model 117 Stepping 2, AuthenticAMD", "env": "resnet_env17", "ep": "dml", "host": "DESKTOP-CBL5NUA", "numpy": "1.26.4", "onnx": "1.18.0", "onnxruntime": "1.23.3.dev20260320", "python": "3.12.11"}
gemv dml dense K=4096 N=11008 block=None t1=fp16 acc=None threads=None: 12 copies, 1.008 GiB/run, median 14.51 ms (min 14.02, max 15.34) -> 1.2095 ms/GEMV, 74.56 GB/s; rel_l2 4.627e-04, max_abs_rel 9.619e-04
ROW_JSON {"acc": null, "arm": "dense", "block": null, "copies": 12, "copy_bytes": 90177536, "ep": "dml", "finite": true, "gbps": 74.55949601371744, "gen": "rtn-asym-uint4-v1", "k": 4096, "kind": "gemv", "load_s": 1.6, "max_abs_rel": 0.0009619446807457246, "max_ms": 15.340699930675328, "median_ms": 14.513650035951287, "min_ms": 14.021300012245774, "ms_per_gemv": 1.2094708363292739, "n": 11008, "rel_l2": 0.0004626588564580423, "reps": 20, "run_bytes": 1082130432, "seed": 20260923, "t1": "fp16", "threads": null, "warmup": 3, "weights_sha256_first16mib": "711e61adb2000b7f5cb524dda84fe6a08371f7b7cd63bf053b9c299533254616"}

### dml dense fp16 11008 4096
HEADER {"cpu": "AMD64 Family 25 Model 117 Stepping 2, AuthenticAMD", "env": "resnet_env17", "ep": "dml", "host": "DESKTOP-CBL5NUA", "numpy": "1.26.4", "onnx": "1.18.0", "onnxruntime": "1.23.3.dev20260320", "python": "3.12.11"}
gemv dml dense K=11008 N=4096 block=None t1=fp16 acc=None threads=None: 12 copies, 1.008 GiB/run, median 15.33 ms (min 14.90, max 15.82) -> 1.2774 ms/GEMV, 70.59 GB/s; rel_l2 4.621e-04, max_abs_rel 6.737e-04
ROW_JSON {"acc": null, "arm": "dense", "block": null, "copies": 12, "copy_bytes": 90177536, "ep": "dml", "finite": true, "gbps": 70.59298335362023, "gen": "rtn-asym-uint4-v1", "k": 11008, "kind": "gemv", "load_s": 1.49, "max_abs_rel": 0.0006737350096879209, "max_ms": 15.824999893084168, "median_ms": 15.329150017350912, "min_ms": 14.9007000727579, "ms_per_gemv": 1.277429168112576, "n": 4096, "rel_l2": 0.0004620881128074382, "reps": 20, "run_bytes": 1082130432, "seed": 20260923, "t1": "fp16", "threads": null, "warmup": 3, "weights_sha256_first16mib": "74056f57ae15493ea93b936e152926bc545fef80081548d4efbb075bac8ce084"}
