UTC: 2026-09-24T01:13:50.404821+00:00
MACHINE: DESKTOP-CBL5NUA AMD64 Family 25 Model 117 Stepping 2, AuthenticAMD
COMMAND: python tools/llm_prefill_bench.py ort --ep dml
COMMIT: d51a427015c96022ff3577f3d89380f85978815c
PRE_DEVICE_WITNESS

-----------------------------
[003d:00:01.1] : NPU Phoenix
-----------------------------
AIE Partitions
  No hardware contexts running on device


HEADER {"env": "resnet_env17", "ep": "dml", "host": "DESKTOP-CBL5NUA", "numpy": "1.26.4", "onnx": "1.18.0", "onnxruntime": "1.23.3.dev20260320", "python": "3.12.11"}
HOST_LOAD busy_cores=0.18 logical_cores=16 free_ram_gb=18.4 sample_sec=1 peer_busy_cores []
GPU_ENGINES_OVER_1PCT 0
INPUTS_MANIFEST_SHA256 9c5454169184a4b307059fbcbb8519cc31403b48d902918ea66c8023e43dbaf1
SESSION {"ep": "dml", "arm": "fp16", "threads": 0, "shape": "S1", "form": "", "providers": ["DmlExecutionProvider", "CPUExecutionProvider"]}
SESSION {"ep": "dml", "arm": "fp16", "threads": 0, "shape": "S2", "form": "", "providers": ["DmlExecutionProvider", "CPUExecutionProvider"]}
SESSION {"ep": "dml", "arm": "fp16", "threads": 0, "shape": "S3", "form": "", "providers": ["DmlExecutionProvider", "CPUExecutionProvider"]}
SESSION {"ep": "dml", "arm": "fp32", "threads": 0, "shape": "S1", "form": "", "providers": ["DmlExecutionProvider", "CPUExecutionProvider"]}
SESSION {"ep": "dml", "arm": "fp32", "threads": 0, "shape": "S2", "form": "", "providers": ["DmlExecutionProvider", "CPUExecutionProvider"]}
SESSION {"ep": "dml", "arm": "fp32", "threads": 0, "shape": "S3", "form": "", "providers": ["DmlExecutionProvider", "CPUExecutionProvider"]}
SESSION {"ep": "dml", "arm": "int8", "threads": 0, "shape": "S1", "form": "s8", "providers": ["DmlExecutionProvider", "CPUExecutionProvider"]}
SESSION {"ep": "dml", "arm": "int8", "threads": 0, "shape": "S2", "form": "s8", "providers": ["DmlExecutionProvider", "CPUExecutionProvider"]}
SESSION {"ep": "dml", "arm": "int8", "threads": 0, "shape": "S3", "form": "s8", "providers": ["DmlExecutionProvider", "CPUExecutionProvider"]}
ROW_JSON {"chip": "dml", "arm": "fp16", "threads": 0, "form": "", "config": "", "shape": "S1", "M": 512, "K": 4096, "N": 4096, "pass": 1, "median_ms": 6.6325, "ms": [7.2391, 7.2182, 7.2711, 6.7087, 6.8232, 6.5562, 6.1931, 6.079, 5.8465, 5.6411], "rel_l2": 0.00035982668334130595, "max_abs_rel": 0.00046711680329743644, "finite": true}
ROW_JSON {"chip": "dml", "arm": "fp16", "threads": 0, "form": "", "config": "", "shape": "S1", "M": 2048, "K": 4096, "N": 4096, "pass": 1, "median_ms": 23.4058, "ms": [24.4093, 23.6385, 23.437, 23.0652, 23.3865, 23.4784, 22.3757, 23.425, 23.1435, 22.369], "rel_l2": 0.0003596331537899604, "max_abs_rel": 0.0004478978304636298, "finite": true}
ROW_JSON {"chip": "dml", "arm": "fp16", "threads": 0, "form": "", "config": "", "shape": "S2", "M": 512, "K": 4096, "N": 11008, "pass": 1, "median_ms": 11.5112, "ms": [13.759, 13.1243, 11.6745, 11.8013, 11.6435, 11.3789, 10.4653, 10.1705, 10.3231, 10.1223], "rel_l2": 0.00035947664684477215, "max_abs_rel": 0.0004740630060562682, "finite": true}
ROW_JSON {"chip": "dml", "arm": "fp16", "threads": 0, "form": "", "config": "", "shape": "S2", "M": 2048, "K": 4096, "N": 11008, "pass": 1, "median_ms": 44.7438, "ms": [43.751, 44.8856, 44.2418, 43.0451, 45.5854, 45.429, 44.6021, 46.2619, 42.4798, 45.3528], "rel_l2": 0.0003595033490495021, "max_abs_rel": 0.00042467877207629727, "finite": true}
ROW_JSON {"chip": "dml", "arm": "fp16", "threads": 0, "form": "", "config": "", "shape": "S3", "M": 512, "K": 11008, "N": 4096, "pass": 1, "median_ms": 11.7473, "ms": [15.0695, 14.6008, 12.33, 12.3817, 11.6333, 10.9864, 10.892, 9.6919, 11.2774, 11.8612], "rel_l2": 0.00036115005370718483, "max_abs_rel": 0.00044934242565865566, "finite": true}
ROW_JSON {"chip": "dml", "arm": "fp16", "threads": 0, "form": "", "config": "", "shape": "S3", "M": 2048, "K": 11008, "N": 4096, "pass": 1, "median_ms": 69.3887, "ms": [65.0145, 71.2522, 57.7015, 73.4784, 71.0384, 84.4904, 73.3862, 67.0006, 67.7391, 58.0782], "rel_l2": 0.0003611449329282446, "max_abs_rel": 0.0004885251814029058, "finite": true}
ROW_JSON {"chip": "dml", "arm": "fp32", "threads": 0, "form": "", "config": "", "shape": "S1", "M": 512, "K": 4096, "N": 4096, "pass": 1, "median_ms": 11.9209, "ms": [17.5777, 14.6874, 13.6135, 11.9588, 11.9283, 10.7507, 10.5572, 10.6324, 11.0722, 11.9135], "rel_l2": 1.1454648029224567e-06, "max_abs_rel": 2.7682412942563923e-06, "finite": true}
ROW_JSON {"chip": "dml", "arm": "fp32", "threads": 0, "form": "", "config": "", "shape": "S1", "M": 2048, "K": 4096, "N": 4096, "pass": 1, "median_ms": 49.4325, "ms": [49.1354, 50.6319, 49.7121, 46.5335, 48.4725, 50.4726, 49.6795, 49.1856, 48.2816, 50.6311], "rel_l2": 1.1473147248484916e-06, "max_abs_rel": 2.79162721992237e-06, "finite": true}
ROW_JSON {"chip": "dml", "arm": "fp32", "threads": 0, "form": "", "config": "", "shape": "S2", "M": 512, "K": 4096, "N": 11008, "pass": 1, "median_ms": 39.3511, "ms": [37.986, 38.8551, 39.2967, 38.8372, 38.5345, 39.4054, 40.0747, 39.4677, 39.6079, 39.9184], "rel_l2": 1.1464904905550871e-06, "max_abs_rel": 3.2556868038447456e-06, "finite": true}
ROW_JSON {"chip": "dml", "arm": "fp32", "threads": 0, "form": "", "config": "", "shape": "S2", "M": 2048, "K": 4096, "N": 11008, "pass": 1, "median_ms": 152.0188, "ms": [149.003, 152.6694, 151.6432, 151.5257, 149.0916, 155.6128, 199.5914, 181.269, 152.3944, 149.9977], "rel_l2": 1.1472632273548629e-06, "max_abs_rel": 2.861245449852558e-06, "finite": true}
ROW_JSON {"chip": "dml", "arm": "fp32", "threads": 0, "form": "", "config": "", "shape": "S3", "M": 512, "K": 11008, "N": 4096, "pass": 1, "median_ms": 30.7277, "ms": [32.1765, 32.3887, 30.3722, 30.2119, 30.6815, 30.7738, 29.6226, 35.7001, 31.0087, 30.2248], "rel_l2": 1.327808377224386e-06, "max_abs_rel": 2.5512453421689854e-06, "finite": true}
ROW_JSON {"chip": "dml", "arm": "fp32", "threads": 0, "form": "", "config": "", "shape": "S3", "M": 2048, "K": 11008, "N": 4096, "pass": 1, "median_ms": 120.3962, "ms": [118.6105, 117.5517, 121.075, 120.4376, 134.3323, 117.5204, 123.3274, 129.1978, 119.3225, 120.3547], "rel_l2": 1.3277725509170842e-06, "max_abs_rel": 2.828048465944851e-06, "finite": true}
ROW_JSON {"chip": "dml", "arm": "int8", "threads": 0, "form": "s8", "config": "", "shape": "S1", "M": 512, "K": 4096, "N": 4096, "pass": 1, "median_ms": 29.7555, "ms": [30.3967, 29.6772, 28.8245, 36.514, 28.8601, 30.177, 29.6187, 29.9378, 29.0829, 29.8338], "int32_sha": "934bbb68fe8adc3da97411aaa607062f27f75ac89370aa3a0bb92da52785d1d9", "rel_l2": 0.014681032453893713, "max_abs_rel": 0.014370140690866996, "finite": true}
ROW_JSON {"chip": "dml", "arm": "int8", "threads": 0, "form": "s8", "config": "", "shape": "S1", "M": 2048, "K": 4096, "N": 4096, "pass": 1, "median_ms": 114.9451, "ms": [114.8253, 114.7911, 116.1292, 133.5843, 117.6711, 111.952, 115.1957, 115.0648, 114.1443, 108.6726], "int32_sha": "f141a36d43f6c1bf5f6899616e0875cb40b434e6c53813aea25ce345ecf6e1f8", "rel_l2": 0.01468136287395951, "max_abs_rel": 0.015557361392458733, "finite": true}
ROW_JSON {"chip": "dml", "arm": "int8", "threads": 0, "form": "s8", "config": "", "shape": "S2", "M": 512, "K": 4096, "N": 11008, "pass": 1, "median_ms": 74.3776, "ms": [73.6938, 78.0311, 79.0874, 76.01, 74.4292, 74.1837, 74.3261, 73.8259, 74.1284, 88.6866], "int32_sha": "21d4f7e1ac7c556fa371588edcf4b03af62bd81c5c7a34cca2b5997b2786585c", "rel_l2": 0.014672223460813342, "max_abs_rel": 0.01530352729209696, "finite": true}
ROW_JSON {"chip": "dml", "arm": "int8", "threads": 0, "form": "s8", "config": "", "shape": "S2", "M": 2048, "K": 4096, "N": 11008, "pass": 1, "median_ms": 295.8126, "ms": [300.3077, 293.8568, 300.6417, 294.2221, 291.435, 297.264, 290.791, 295.7289, 295.8963, 309.0095], "int32_sha": "78d63458a978d0cde7b087246865ee333fe616b087cbaa29a436b0e7258cc74e", "rel_l2": 0.014672217477719305, "max_abs_rel": 0.014204905433066442, "finite": true}
ROW_JSON {"chip": "dml", "arm": "int8", "threads": 0, "form": "s8", "config": "", "shape": "S3", "M": 512, "K": 11008, "N": 4096, "pass": 1, "median_ms": 103.1741, "ms": [111.8551, 100.511, 101.0329, 121.37, 102.9173, 103.2761, 102.3563, 107.14, 103.5428, 103.0721], "int32_sha": "4ccb6cb7e1776e74d1ec592a6553dce648c0a86228d66bb280ca433651215f1a", "rel_l2": 0.015382928228998807, "max_abs_rel": 0.014946259397185978, "finite": true}
ROW_JSON {"chip": "dml", "arm": "int8", "threads": 0, "form": "s8", "config": "", "shape": "S3", "M": 2048, "K": 11008, "N": 4096, "pass": 1, "median_ms": 381.6059, "ms": [383.3882, 358.2805, 389.6267, 379.8236, 387.993, 367.9136, 390.7462, 372.2224, 372.1947, 385.9018], "int32_sha": "6ca25656bed5f24c936906c360efbd48db82d9de6a8114ed0c10812b10ad5969", "rel_l2": 0.01538738044947507, "max_abs_rel": 0.015815713929425376, "finite": true}
ROW_JSON {"chip": "dml", "arm": "int8", "threads": 0, "form": "s8", "config": "", "shape": "S3", "M": 2048, "K": 11008, "N": 4096, "pass": 2, "median_ms": 381.3352, "ms": [374.7551, 382.4548, 371.761, 373.2993, 392.0518, 385.7728, 393.584, 380.2156, 394.1148, 377.5344], "int32_sha": "6ca25656bed5f24c936906c360efbd48db82d9de6a8114ed0c10812b10ad5969", "rel_l2": 0.01538738044947507, "max_abs_rel": 0.015815713929425376, "finite": true}
ROW_JSON {"chip": "dml", "arm": "int8", "threads": 0, "form": "s8", "config": "", "shape": "S3", "M": 512, "K": 11008, "N": 4096, "pass": 2, "median_ms": 102.8812, "ms": [104.683, 102.8829, 100.1743, 106.5167, 100.2808, 105.6689, 101.4184, 102.8796, 103.234, 101.4375], "int32_sha": "4ccb6cb7e1776e74d1ec592a6553dce648c0a86228d66bb280ca433651215f1a", "rel_l2": 0.015382928228998807, "max_abs_rel": 0.014946259397185978, "finite": true}
ROW_JSON {"chip": "dml", "arm": "int8", "threads": 0, "form": "s8", "config": "", "shape": "S2", "M": 2048, "K": 4096, "N": 11008, "pass": 2, "median_ms": 298.6551, "ms": [349.8789, 297.2126, 292.1183, 301.9069, 300.0976, 302.1078, 295.0695, 300.32, 296.0283, 292.2203], "int32_sha": "78d63458a978d0cde7b087246865ee333fe616b087cbaa29a436b0e7258cc74e", "rel_l2": 0.014672217477719305, "max_abs_rel": 0.014204905433066442, "finite": true}
ROW_JSON {"chip": "dml", "arm": "int8", "threads": 0, "form": "s8", "config": "", "shape": "S2", "M": 512, "K": 4096, "N": 11008, "pass": 2, "median_ms": 75.9903, "ms": [78.7748, 75.0365, 82.3265, 76.2168, 77.5165, 74.9502, 75.4236, 74.194, 75.7638, 77.6011], "int32_sha": "21d4f7e1ac7c556fa371588edcf4b03af62bd81c5c7a34cca2b5997b2786585c", "rel_l2": 0.014672223460813342, "max_abs_rel": 0.01530352729209696, "finite": true}
ROW_JSON {"chip": "dml", "arm": "int8", "threads": 0, "form": "s8", "config": "", "shape": "S1", "M": 2048, "K": 4096, "N": 4096, "pass": 2, "median_ms": 115.0149, "ms": [109.2587, 114.1627, 114.9493, 114.8645, 117.7294, 115.8384, 116.4069, 116.4385, 114.7387, 115.0805], "int32_sha": "f141a36d43f6c1bf5f6899616e0875cb40b434e6c53813aea25ce345ecf6e1f8", "rel_l2": 0.01468136287395951, "max_abs_rel": 0.015557361392458733, "finite": true}
ROW_JSON {"chip": "dml", "arm": "int8", "threads": 0, "form": "s8", "config": "", "shape": "S1", "M": 512, "K": 4096, "N": 4096, "pass": 2, "median_ms": 29.7887, "ms": [30.4934, 30.1179, 29.3024, 29.0087, 35.6246, 29.4566, 30.6496, 30.5958, 29.3414, 29.4595], "int32_sha": "934bbb68fe8adc3da97411aaa607062f27f75ac89370aa3a0bb92da52785d1d9", "rel_l2": 0.014681032453893713, "max_abs_rel": 0.014370140690866996, "finite": true}
ROW_JSON {"chip": "dml", "arm": "fp32", "threads": 0, "form": "", "config": "", "shape": "S3", "M": 2048, "K": 11008, "N": 4096, "pass": 2, "median_ms": 121.5288, "ms": [128.7019, 121.1444, 129.0928, 121.9132, 120.1349, 117.1849, 118.9316, 127.8486, 129.5867, 119.3913], "rel_l2": 1.3277725509170842e-06, "max_abs_rel": 2.828048465944851e-06, "finite": true}
ROW_JSON {"chip": "dml", "arm": "fp32", "threads": 0, "form": "", "config": "", "shape": "S3", "M": 512, "K": 11008, "N": 4096, "pass": 2, "median_ms": 30.9483, "ms": [30.5626, 32.2959, 31.8567, 29.9506, 30.3093, 30.7776, 30.6872, 31.8292, 31.1189, 32.7399], "rel_l2": 1.327808377224386e-06, "max_abs_rel": 2.5512453421689854e-06, "finite": true}
ROW_JSON {"chip": "dml", "arm": "fp32", "threads": 0, "form": "", "config": "", "shape": "S2", "M": 2048, "K": 4096, "N": 11008, "pass": 2, "median_ms": 150.7918, "ms": [150.2061, 147.1259, 142.9714, 149.5133, 154.4281, 153.2181, 153.9255, 153.5459, 150.8084, 150.7751], "rel_l2": 1.1472632273548629e-06, "max_abs_rel": 2.861245449852558e-06, "finite": true}
ROW_JSON {"chip": "dml", "arm": "fp32", "threads": 0, "form": "", "config": "", "shape": "S2", "M": 512, "K": 4096, "N": 11008, "pass": 2, "median_ms": 39.4877, "ms": [39.284, 38.7218, 39.6157, 39.467, 39.9048, 39.4946, 39.2495, 40.0448, 39.8917, 39.4808], "rel_l2": 1.1464904905550871e-06, "max_abs_rel": 3.2556868038447456e-06, "finite": true}
ROW_JSON {"chip": "dml", "arm": "fp32", "threads": 0, "form": "", "config": "", "shape": "S1", "M": 2048, "K": 4096, "N": 4096, "pass": 2, "median_ms": 48.9993, "ms": [48.9283, 50.5267, 49.4898, 48.3196, 50.169, 48.9158, 47.5386, 47.9654, 49.0703, 50.8886], "rel_l2": 1.1473147248484916e-06, "max_abs_rel": 2.79162721992237e-06, "finite": true}
ROW_JSON {"chip": "dml", "arm": "fp32", "threads": 0, "form": "", "config": "", "shape": "S1", "M": 512, "K": 4096, "N": 4096, "pass": 2, "median_ms": 12.0181, "ms": [18.526, 15.45, 12.3446, 11.4631, 11.4289, 10.8496, 11.3292, 11.7333, 13.0768, 12.3029], "rel_l2": 1.1454648029224567e-06, "max_abs_rel": 2.7682412942563923e-06, "finite": true}
ROW_JSON {"chip": "dml", "arm": "fp16", "threads": 0, "form": "", "config": "", "shape": "S3", "M": 2048, "K": 11008, "N": 4096, "pass": 2, "median_ms": 74.2084, "ms": [72.7529, 68.7299, 91.1339, 82.9419, 79.6, 53.7613, 80.1432, 73.9169, 74.2405, 74.1764], "rel_l2": 0.0003611449329282446, "max_abs_rel": 0.0004885251814029058, "finite": true}
ROW_JSON {"chip": "dml", "arm": "fp16", "threads": 0, "form": "", "config": "", "shape": "S3", "M": 512, "K": 11008, "N": 4096, "pass": 2, "median_ms": 12.2058, "ms": [14.2707, 15.1367, 13.3046, 11.8887, 11.8482, 12.4426, 12.9095, 10.3069, 10.9795, 11.969], "rel_l2": 0.00036115005370718483, "max_abs_rel": 0.00044934242565865566, "finite": true}
ROW_JSON {"chip": "dml", "arm": "fp16", "threads": 0, "form": "", "config": "", "shape": "S2", "M": 2048, "K": 4096, "N": 11008, "pass": 2, "median_ms": 44.0591, "ms": [42.9021, 43.8613, 43.2062, 45.1291, 45.59, 44.7922, 44.1128, 44.0884, 44.0298, 43.9847], "rel_l2": 0.0003595033490495021, "max_abs_rel": 0.00042467877207629727, "finite": true}
ROW_JSON {"chip": "dml", "arm": "fp16", "threads": 0, "form": "", "config": "", "shape": "S2", "M": 512, "K": 4096, "N": 11008, "pass": 2, "median_ms": 11.3045, "ms": [15.2452, 13.2604, 11.6867, 11.252, 11.357, 11.2379, 11.0417, 11.6954, 10.7702, 10.1545], "rel_l2": 0.00035947664684477215, "max_abs_rel": 0.0004740630060562682, "finite": true}
ROW_JSON {"chip": "dml", "arm": "fp16", "threads": 0, "form": "", "config": "", "shape": "S1", "M": 2048, "K": 4096, "N": 4096, "pass": 2, "median_ms": 21.9714, "ms": [22.0675, 21.7131, 23.8022, 20.2662, 24.5908, 21.6167, 22.3149, 23.4741, 21.8752, 20.9276], "rel_l2": 0.0003596331537899604, "max_abs_rel": 0.0004478978304636298, "finite": true}
ROW_JSON {"chip": "dml", "arm": "fp16", "threads": 0, "form": "", "config": "", "shape": "S1", "M": 512, "K": 4096, "N": 4096, "pass": 2, "median_ms": 6.6279, "ms": [7.8123, 7.384, 7.9567, 7.1959, 6.522, 6.7338, 5.7692, 6.3774, 6.0279, 5.963], "rel_l2": 0.00035982668334130595, "max_abs_rel": 0.00046711680329743644, "finite": true}
GPU_ENGINES_OVER_1PCT 0

EXIT_CODE: 0
POST_DEVICE_WITNESS

-----------------------------
[003d:00:01.1] : NPU Phoenix
-----------------------------
AIE Partitions
  No hardware contexts running on device


