UTC: 2026-09-24T11:59:28.785666+00:00
MACHINE: DESKTOP-CBL5NUA AMD64 Family 25 Model 117 Stepping 2, AuthenticAMD
COMMAND: python tools/llm_freeing.py dryrun
COMMIT: 74d9684b3838034e2768d4dbcf7457365e112622
PRE_DEVICE_WITNESS

-----------------------------
[003d:00:01.1] : NPU Phoenix
-----------------------------
AIE Partitions
  No hardware contexts running on device


DRYRUN: the (e) proxy, pre-prereg, go/no-go only (plan v4 as approved 2026-09-24)
HOST_LOAD busy_cores=0.44 logical_cores=16 free_ram_gb=21.2 sample_sec=1
HOST_LOAD_TOP 0.11 Code:18328 ws_mb=50
HOST_LOAD_TOP 0.11 powershell:85292 ws_mb=81
HOST_LOAD_TOP 0.03 Code:59788 ws_mb=101
HOST_LOAD_TOP 0.03 Code:19508 ws_mb=190
HOST_LOAD_TOP 0.03 <tool>:61164 ws_mb=46
HOST_LOAD_VERDICT CLEAR
RUNNER_JSON {"cpp": "kernels/dispatch_floor/dispatch_runner.cpp", "cpp_sha256": "27be3db3328ce7ec3c4188bf37c70aa908b024f796f2b49070e1909f2ee6fdc9", "exe": "kernels/dispatch_floor/dispatch_runner.exe", "exe_sha256": "f904c4709aecf40a954ab051ae874a3e38e08c73104d90d942b97e018951aec8"}
PROXY_CMD kernels/dispatch_floor/dispatch_runner.exe --xclbin build/llm_freeing/proxy_c4x2_w286720/probe.xclbin --insts build/llm_freeing/proxy_c4x2_w286720/insts.bin --paced --per-token 238 --words 2293760 --period-ms 190 --seconds 60 --warmup-tokens 3
== dispatch_runner (C++ XRT host)
   xclbin: build/llm_freeing/proxy_c4x2_w286720/probe.xclbin
   insts:  build/llm_freeing/proxy_c4x2_w286720/insts.bin
   cache entry: (given on the command line)
   payload: 4096 int32 (16384 B) per buffer
   iters: 100   warmup: 5

   kernel: MLIR_AIE   instruction words: 332
PACED_SETUP_JSON {"per_token": 238, "bytes_per_dispatch": 9175040, "bytes_per_token": 2183659520, "period_ms": 190, "seconds": 60, "warmup_tokens": 3, "alloc_s": 0.163}
READY
TOKEN_JSON {"k": 0, "t0_ns": 1790251171256753600, "t1_ns": 1790251171332739700, "work_us": 75984.9}
TOKEN_JSON {"k": 1, "t0_ns": 1790251171460904600, "t1_ns": 1790251171539308400, "work_us": 78402.3}
TOKEN_JSON {"k": 2, "t0_ns": 1790251171651971600, "t1_ns": 1790251171728939900, "work_us": 76966.8}
TOKEN_JSON {"k": 3, "t0_ns": 1790251171841334900, "t1_ns": 1790251171917415400, "work_us": 76079.1}
TOKEN_JSON {"k": 4, "t0_ns": 1790251172030565300, "t1_ns": 1790251172106400500, "work_us": 75833.9}
TOKEN_JSON {"k": 5, "t0_ns": 1790251172219715300, "t1_ns": 1790251172295726200, "work_us": 76009.5}
TOKEN_JSON {"k": 6, "t0_ns": 1790251172407416700, "t1_ns": 1790251172483282600, "work_us": 75864.7}
TOKEN_JSON {"k": 7, "t0_ns": 1790251172595297400, "t1_ns": 1790251172672133200, "work_us": 76834.3}
TOKEN_JSON {"k": 8, "t0_ns": 1790251172785052700, "t1_ns": 1790251172861837600, "work_us": 76783.6}
TOKEN_JSON {"k": 9, "t0_ns": 1790251172973847800, "t1_ns": 1790251173048577300, "work_us": 74728.3}
TOKEN_JSON {"k": 10, "t0_ns": 1790251173162436400, "t1_ns": 1790251173239213100, "work_us": 76775.3}
TOKEN_JSON {"k": 11, "t0_ns": 1790251173349145300, "t1_ns": 1790251173423997600, "work_us": 74851.0}
TOKEN_JSON {"k": 12, "t0_ns": 1790251173539182000, "t1_ns": 1790251173617587300, "work_us": 78404.1}
TOKEN_JSON {"k": 13, "t0_ns": 1790251173741140100, "t1_ns": 1790251173815673400, "work_us": 74532.1}
TOKEN_JSON {"k": 14, "t0_ns": 1790251173929202400, "t1_ns": 1790251174006429900, "work_us": 77225.9}
TOKEN_JSON {"k": 15, "t0_ns": 1790251174120377100, "t1_ns": 1790251174195437100, "work_us": 75058.3}
TOKEN_JSON {"k": 16, "t0_ns": 1790251174309021200, "t1_ns": 1790251174385535000, "work_us": 76512.4}
TOKEN_JSON {"k": 17, "t0_ns": 1790251174497639500, "t1_ns": 1790251174572498200, "work_us": 74857.3}
TOKEN_JSON {"k": 18, "t0_ns": 1790251174686499700, "t1_ns": 1790251174761632700, "work_us": 75132.2}
TOKEN_JSON {"k": 19, "t0_ns": 1790251174874426300, "t1_ns": 1790251174955627600, "work_us": 81200.0}
TOKEN_JSON {"k": 20, "t0_ns": 1790251175061541800, "t1_ns": 1790251175136161600, "work_us": 74618.4}
TOKEN_JSON {"k": 21, "t0_ns": 1790251175251394200, "t1_ns": 1790251175351288800, "work_us": 99893.5}
TOKEN_JSON {"k": 22, "t0_ns": 1790251175439762900, "t1_ns": 1790251175514656400, "work_us": 74892.2}
TOKEN_JSON {"k": 23, "t0_ns": 1790251175628069900, "t1_ns": 1790251175705914400, "work_us": 77843.2}
TOKEN_JSON {"k": 24, "t0_ns": 1790251175829463500, "t1_ns": 1790251175906090900, "work_us": 76626.2}
TOKEN_JSON {"k": 25, "t0_ns": 1790251176017855500, "t1_ns": 1790251176093769500, "work_us": 75912.9}
TOKEN_JSON {"k": 26, "t0_ns": 1790251176205537900, "t1_ns": 1790251176281244600, "work_us": 75705.8}
TOKEN_JSON {"k": 27, "t0_ns": 1790251176390426900, "t1_ns": 1790251176465435500, "work_us": 75007.4}
TOKEN_JSON {"k": 28, "t0_ns": 1790251176582164400, "t1_ns": 1790251176656776600, "work_us": 74611.0}
TOKEN_JSON {"k": 29, "t0_ns": 1790251176770285300, "t1_ns": 1790251176846705600, "work_us": 76418.8}
TOKEN_JSON {"k": 30, "t0_ns": 1790251176958083100, "t1_ns": 1790251177032725000, "work_us": 74640.6}
TOKEN_JSON {"k": 31, "t0_ns": 1790251177162378600, "t1_ns": 1790251177244589500, "work_us": 82209.6}
TOKEN_JSON {"k": 32, "t0_ns": 1790251177350870700, "t1_ns": 1790251177426862300, "work_us": 75990.4}
TOKEN_JSON {"k": 33, "t0_ns": 1790251177539464000, "t1_ns": 1790251177614490000, "work_us": 75024.7}
TOKEN_JSON {"k": 34, "t0_ns": 1790251177727124300, "t1_ns": 1790251177823463000, "work_us": 96337.4}
TOKEN_JSON {"k": 35, "t0_ns": 1790251177914515700, "t1_ns": 1790251177989690400, "work_us": 75173.5}
TOKEN_JSON {"k": 36, "t0_ns": 1790251178102243900, "t1_ns": 1790251178178437400, "work_us": 76192.1}
TOKEN_JSON {"k": 37, "t0_ns": 1790251178290083100, "t1_ns": 1790251178364731100, "work_us": 74646.7}
TOKEN_JSON {"k": 38, "t0_ns": 1790251178480174500, "t1_ns": 1790251178554595000, "work_us": 74419.1}
TOKEN_JSON {"k": 39, "t0_ns": 1790251178669614400, "t1_ns": 1790251178752501700, "work_us": 82886.1}
TOKEN_JSON {"k": 40, "t0_ns": 1790251178873210700, "t1_ns": 1790251178949698100, "work_us": 76486.1}
TOKEN_JSON {"k": 41, "t0_ns": 1790251179062189400, "t1_ns": 1790251179142302900, "work_us": 80112.3}
TOKEN_JSON {"k": 42, "t0_ns": 1790251179252471600, "t1_ns": 1790251179330584800, "work_us": 78112.2}
TOKEN_JSON {"k": 43, "t0_ns": 1790251179440238900, "t1_ns": 1790251179514921300, "work_us": 74681.3}
TOKEN_JSON {"k": 44, "t0_ns": 1790251179629064600, "t1_ns": 1790251179710343500, "work_us": 81277.6}
TOKEN_JSON {"k": 45, "t0_ns": 1790251179816157400, "t1_ns": 1790251179891612900, "work_us": 75454.0}
TOKEN_JSON {"k": 46, "t0_ns": 1790251180002545000, "t1_ns": 1790251180078637500, "work_us": 76091.1}
TOKEN_JSON {"k": 47, "t0_ns": 1790251180190678200, "t1_ns": 1790251180265674100, "work_us": 74994.4}
TOKEN_JSON {"k": 48, "t0_ns": 1790251180379931700, "t1_ns": 1790251180454859600, "work_us": 74926.7}
TOKEN_JSON {"k": 49, "t0_ns": 1790251180570584800, "t1_ns": 1790251180647050500, "work_us": 76464.4}
TOKEN_JSON {"k": 50, "t0_ns": 1790251180758801300, "t1_ns": 1790251180833407800, "work_us": 74605.0}
TOKEN_JSON {"k": 51, "t0_ns": 1790251180962477300, "t1_ns": 1790251181037276300, "work_us": 74798.0}
TOKEN_JSON {"k": 52, "t0_ns": 1790251181152065900, "t1_ns": 1790251181227517300, "work_us": 75450.1}
TOKEN_JSON {"k": 53, "t0_ns": 1790251181343633600, "t1_ns": 1790251181428686200, "work_us": 85051.1}
TOKEN_JSON {"k": 54, "t0_ns": 1790251181531274000, "t1_ns": 1790251181625262500, "work_us": 93987.4}
TOKEN_JSON {"k": 55, "t0_ns": 1790251181719892800, "t1_ns": 1790251181794945400, "work_us": 75051.3}
TOKEN_JSON {"k": 56, "t0_ns": 1790251181908253800, "t1_ns": 1790251181984039600, "work_us": 75784.3}
TOKEN_JSON {"k": 57, "t0_ns": 1790251182095627100, "t1_ns": 1790251182170985800, "work_us": 75357.3}
TOKEN_JSON {"k": 58, "t0_ns": 1790251182282636000, "t1_ns": 1790251182365666100, "work_us": 83028.7}
TOKEN_JSON {"k": 59, "t0_ns": 1790251182469795100, "t1_ns": 1790251182545264900, "work_us": 75468.6}
TOKEN_JSON {"k": 60, "t0_ns": 1790251182672252300, "t1_ns": 1790251182747402900, "work_us": 75149.2}
TOKEN_JSON {"k": 61, "t0_ns": 1790251182861961400, "t1_ns": 1790251182937722300, "work_us": 75759.6}
TOKEN_JSON {"k": 62, "t0_ns": 1790251183049079500, "t1_ns": 1790251183123992600, "work_us": 74911.7}
TOKEN_JSON {"k": 63, "t0_ns": 1790251183237343000, "t1_ns": 1790251183321417500, "work_us": 84073.1}
TOKEN_JSON {"k": 64, "t0_ns": 1790251183427774300, "t1_ns": 1790251183513043500, "work_us": 85268.0}
TOKEN_JSON {"k": 65, "t0_ns": 1790251183613677600, "t1_ns": 1790251183688415500, "work_us": 74736.9}
TOKEN_JSON {"k": 66, "t0_ns": 1790251183801426500, "t1_ns": 1790251183875718500, "work_us": 74290.8}
TOKEN_JSON {"k": 67, "t0_ns": 1790251183989616200, "t1_ns": 1790251184081939300, "work_us": 92322.0}
TOKEN_JSON {"k": 68, "t0_ns": 1790251184178251900, "t1_ns": 1790251184253123600, "work_us": 74870.2}
TOKEN_JSON {"k": 69, "t0_ns": 1790251184379861100, "t1_ns": 1790251184453859400, "work_us": 73997.2}
TOKEN_JSON {"k": 70, "t0_ns": 1790251184567822100, "t1_ns": 1790251184649439900, "work_us": 81616.5}
TOKEN_JSON {"k": 71, "t0_ns": 1790251184756837800, "t1_ns": 1790251184834308700, "work_us": 77469.6}
TOKEN_JSON {"k": 72, "t0_ns": 1790251184944339200, "t1_ns": 1790251185022244800, "work_us": 77904.1}
TOKEN_JSON {"k": 73, "t0_ns": 1790251185130444400, "t1_ns": 1790251185213040700, "work_us": 82595.0}
TOKEN_JSON {"k": 74, "t0_ns": 1790251185318552400, "t1_ns": 1790251185402644900, "work_us": 84091.3}
TOKEN_JSON {"k": 75, "t0_ns": 1790251185507834100, "t1_ns": 1790251185587171100, "work_us": 79335.7}
TOKEN_JSON {"k": 76, "t0_ns": 1790251185709549400, "t1_ns": 1790251185784443000, "work_us": 74892.3}
TOKEN_JSON {"k": 77, "t0_ns": 1790251185896217900, "t1_ns": 1790251185973416700, "work_us": 77197.2}
TOKEN_JSON {"k": 78, "t0_ns": 1790251186081830200, "t1_ns": 1790251186163036000, "work_us": 81204.6}
TOKEN_JSON {"k": 79, "t0_ns": 1790251186270669700, "t1_ns": 1790251186355981500, "work_us": 85310.7}
TOKEN_JSON {"k": 80, "t0_ns": 1790251186459677400, "t1_ns": 1790251186534403000, "work_us": 74724.2}
TOKEN_JSON {"k": 81, "t0_ns": 1790251186662717100, "t1_ns": 1790251186737096100, "work_us": 74377.8}
TOKEN_JSON {"k": 82, "t0_ns": 1790251186851942600, "t1_ns": 1790251186936584800, "work_us": 84641.0}
TOKEN_JSON {"k": 83, "t0_ns": 1790251187041185600, "t1_ns": 1790251187115647500, "work_us": 74460.7}
TOKEN_JSON {"k": 84, "t0_ns": 1790251187230023300, "t1_ns": 1790251187305450400, "work_us": 75425.9}
TOKEN_JSON {"k": 85, "t0_ns": 1790251187418887800, "t1_ns": 1790251187493841900, "work_us": 74952.8}
TOKEN_JSON {"k": 86, "t0_ns": 1790251187607522900, "t1_ns": 1790251187683356200, "work_us": 75832.0}
TOKEN_JSON {"k": 87, "t0_ns": 1790251187794480700, "t1_ns": 1790251187874014800, "work_us": 79533.0}
TOKEN_JSON {"k": 88, "t0_ns": 1790251187982547600, "t1_ns": 1790251188057352300, "work_us": 74803.5}
TOKEN_JSON {"k": 89, "t0_ns": 1790251188169764300, "t1_ns": 1790251188245624100, "work_us": 75858.4}
TOKEN_JSON {"k": 90, "t0_ns": 1790251188372772700, "t1_ns": 1790251188451078900, "work_us": 78304.8}
TOKEN_JSON {"k": 91, "t0_ns": 1790251188561783000, "t1_ns": 1790251188636554500, "work_us": 74770.2}
TOKEN_JSON {"k": 92, "t0_ns": 1790251188751331200, "t1_ns": 1790251188842139700, "work_us": 90807.2}
TOKEN_JSON {"k": 93, "t0_ns": 1790251188937818000, "t1_ns": 1790251189012701600, "work_us": 74882.2}
TOKEN_JSON {"k": 94, "t0_ns": 1790251189125762600, "t1_ns": 1790251189201361700, "work_us": 75597.7}
TOKEN_JSON {"k": 95, "t0_ns": 1790251189314016900, "t1_ns": 1790251189389616600, "work_us": 75598.2}
TOKEN_JSON {"k": 96, "t0_ns": 1790251189502959900, "t1_ns": 1790251189577801000, "work_us": 74839.8}
TOKEN_JSON {"k": 97, "t0_ns": 1790251189690823500, "t1_ns": 1790251189765150500, "work_us": 74325.8}
TOKEN_JSON {"k": 98, "t0_ns": 1790251189877444900, "t1_ns": 1790251189953548900, "work_us": 76102.9}
TOKEN_JSON {"k": 99, "t0_ns": 1790251190082247200, "t1_ns": 1790251190158993700, "work_us": 76745.1}
TOKEN_JSON {"k": 100, "t0_ns": 1790251190270990200, "t1_ns": 1790251190346591700, "work_us": 75600.3}
TOKEN_JSON {"k": 101, "t0_ns": 1790251190459511100, "t1_ns": 1790251190541570800, "work_us": 82058.6}
TOKEN_JSON {"k": 102, "t0_ns": 1790251190646128100, "t1_ns": 1790251190720231800, "work_us": 74102.5}
TOKEN_JSON {"k": 103, "t0_ns": 1790251190833554200, "t1_ns": 1790251190911689200, "work_us": 78133.4}
TOKEN_JSON {"k": 104, "t0_ns": 1790251191022135000, "t1_ns": 1790251191097426300, "work_us": 75290.2}
TOKEN_JSON {"k": 105, "t0_ns": 1790251191210769700, "t1_ns": 1790251191286805400, "work_us": 76034.2}
TOKEN_JSON {"k": 106, "t0_ns": 1790251191398822500, "t1_ns": 1790251191485784400, "work_us": 86960.7}
TOKEN_JSON {"k": 107, "t0_ns": 1790251191599574500, "t1_ns": 1790251191674473000, "work_us": 74897.4}
TOKEN_JSON {"k": 108, "t0_ns": 1790251191789256600, "t1_ns": 1790251191863593900, "work_us": 74335.9}
TOKEN_JSON {"k": 109, "t0_ns": 1790251191976862700, "t1_ns": 1790251192058618700, "work_us": 81754.8}
TOKEN_JSON {"k": 110, "t0_ns": 1790251192165022600, "t1_ns": 1790251192239772800, "work_us": 74749.0}
TOKEN_JSON {"k": 111, "t0_ns": 1790251192352182100, "t1_ns": 1790251192426807300, "work_us": 74623.9}
TOKEN_JSON {"k": 112, "t0_ns": 1790251192541712200, "t1_ns": 1790251192619088000, "work_us": 77374.7}
TOKEN_JSON {"k": 113, "t0_ns": 1790251192731751100, "t1_ns": 1790251192806686600, "work_us": 74934.4}
TOKEN_JSON {"k": 114, "t0_ns": 1790251192918824400, "t1_ns": 1790251192994835500, "work_us": 76009.9}
TOKEN_JSON {"k": 115, "t0_ns": 1790251193122561600, "t1_ns": 1790251193199660600, "work_us": 77097.6}
TOKEN_JSON {"k": 116, "t0_ns": 1790251193312158100, "t1_ns": 1790251193387027200, "work_us": 74867.7}
TOKEN_JSON {"k": 117, "t0_ns": 1790251193501432300, "t1_ns": 1790251193582379700, "work_us": 80946.2}
TOKEN_JSON {"k": 118, "t0_ns": 1790251193691062300, "t1_ns": 1790251193766069100, "work_us": 75005.4}
TOKEN_JSON {"k": 119, "t0_ns": 1790251193877545300, "t1_ns": 1790251193956523400, "work_us": 78977.1}
TOKEN_JSON {"k": 120, "t0_ns": 1790251194064775700, "t1_ns": 1790251194142197600, "work_us": 77420.6}
TOKEN_JSON {"k": 121, "t0_ns": 1790251194253860100, "t1_ns": 1790251194329987900, "work_us": 76126.5}
TOKEN_JSON {"k": 122, "t0_ns": 1790251194441042700, "t1_ns": 1790251194522744600, "work_us": 81700.4}
TOKEN_JSON {"k": 123, "t0_ns": 1790251194629076200, "t1_ns": 1790251194704198400, "work_us": 75120.9}
TOKEN_JSON {"k": 124, "t0_ns": 1790251194832093000, "t1_ns": 1790251194908093700, "work_us": 75999.2}
TOKEN_JSON {"k": 125, "t0_ns": 1790251195020393400, "t1_ns": 1790251195095011900, "work_us": 74617.0}
TOKEN_JSON {"k": 126, "t0_ns": 1790251195209055900, "t1_ns": 1790251195284252400, "work_us": 75195.2}
TOKEN_JSON {"k": 127, "t0_ns": 1790251195395540000, "t1_ns": 1790251195496126100, "work_us": 100584.8}
TOKEN_JSON {"k": 128, "t0_ns": 1790251195582311800, "t1_ns": 1790251195656679700, "work_us": 74366.7}
TOKEN_JSON {"k": 129, "t0_ns": 1790251195783710400, "t1_ns": 1790251195862095800, "work_us": 78384.2}
TOKEN_JSON {"k": 130, "t0_ns": 1790251195973454900, "t1_ns": 1790251196057026100, "work_us": 83569.8}
TOKEN_JSON {"k": 131, "t0_ns": 1790251196161353500, "t1_ns": 1790251196236081800, "work_us": 74727.0}
TOKEN_JSON {"k": 132, "t0_ns": 1790251196351631000, "t1_ns": 1790251196426477100, "work_us": 74844.8}
TOKEN_JSON {"k": 133, "t0_ns": 1790251196541874800, "t1_ns": 1790251196616878700, "work_us": 75002.5}
TOKEN_JSON {"k": 134, "t0_ns": 1790251196727839800, "t1_ns": 1790251196802049300, "work_us": 74208.8}
TOKEN_JSON {"k": 135, "t0_ns": 1790251196917425300, "t1_ns": 1790251196996434100, "work_us": 79007.5}
TOKEN_JSON {"k": 136, "t0_ns": 1790251197105767200, "t1_ns": 1790251197182318200, "work_us": 76549.7}
TOKEN_JSON {"k": 137, "t0_ns": 1790251197292488900, "t1_ns": 1790251197369077600, "work_us": 76587.4}
TOKEN_JSON {"k": 138, "t0_ns": 1790251197480373800, "t1_ns": 1790251197554748400, "work_us": 74373.2}
TOKEN_JSON {"k": 139, "t0_ns": 1790251197668609800, "t1_ns": 1790251197744090900, "work_us": 75479.8}
TOKEN_JSON {"k": 140, "t0_ns": 1790251197871510200, "t1_ns": 1790251197946524000, "work_us": 75012.4}
TOKEN_JSON {"k": 141, "t0_ns": 1790251198060664300, "t1_ns": 1790251198135397300, "work_us": 74731.6}
TOKEN_JSON {"k": 142, "t0_ns": 1790251198248815200, "t1_ns": 1790251198325251900, "work_us": 76435.4}
TOKEN_JSON {"k": 143, "t0_ns": 1790251198437037300, "t1_ns": 1790251198511763900, "work_us": 74725.2}
TOKEN_JSON {"k": 144, "t0_ns": 1790251198624068400, "t1_ns": 1790251198698087300, "work_us": 74017.6}
TOKEN_JSON {"k": 145, "t0_ns": 1790251198812133500, "t1_ns": 1790251198886768800, "work_us": 74634.1}
TOKEN_JSON {"k": 146, "t0_ns": 1790251198999936200, "t1_ns": 1790251199076119100, "work_us": 76181.5}
TOKEN_JSON {"k": 147, "t0_ns": 1790251199189281000, "t1_ns": 1790251199266434300, "work_us": 77151.9}
TOKEN_JSON {"k": 148, "t0_ns": 1790251199379398800, "t1_ns": 1790251199454834900, "work_us": 75434.8}
TOKEN_JSON {"k": 149, "t0_ns": 1790251199568963400, "t1_ns": 1790251199649478600, "work_us": 80514.2}
TOKEN_JSON {"k": 150, "t0_ns": 1790251199772308700, "t1_ns": 1790251199847196600, "work_us": 74886.8}
TOKEN_JSON {"k": 151, "t0_ns": 1790251199960387200, "t1_ns": 1790251200038117800, "work_us": 77729.0}
TOKEN_JSON {"k": 152, "t0_ns": 1790251200148617200, "t1_ns": 1790251200228053600, "work_us": 79435.1}
TOKEN_JSON {"k": 153, "t0_ns": 1790251200335962300, "t1_ns": 1790251200411210000, "work_us": 75246.3}
TOKEN_JSON {"k": 154, "t0_ns": 1790251200525049800, "t1_ns": 1790251200609325700, "work_us": 84274.2}
TOKEN_JSON {"k": 155, "t0_ns": 1790251200714425000, "t1_ns": 1790251200792829400, "work_us": 78403.2}
TOKEN_JSON {"k": 156, "t0_ns": 1790251200902887800, "t1_ns": 1790251200978625100, "work_us": 75735.9}
TOKEN_JSON {"k": 157, "t0_ns": 1790251201091708500, "t1_ns": 1790251201166905700, "work_us": 75196.0}
TOKEN_JSON {"k": 158, "t0_ns": 1790251201279690300, "t1_ns": 1790251201357593600, "work_us": 77901.9}
TOKEN_JSON {"k": 159, "t0_ns": 1790251201468270300, "t1_ns": 1790251201549803600, "work_us": 81532.2}
TOKEN_JSON {"k": 160, "t0_ns": 1790251201657128600, "t1_ns": 1790251201737104300, "work_us": 79974.6}
TOKEN_JSON {"k": 161, "t0_ns": 1790251201861849300, "t1_ns": 1790251201936654200, "work_us": 74803.7}
TOKEN_JSON {"k": 162, "t0_ns": 1790251202047948400, "t1_ns": 1790251202122379000, "work_us": 74429.5}
TOKEN_JSON {"k": 163, "t0_ns": 1790251202235070700, "t1_ns": 1790251202309834600, "work_us": 74762.6}
TOKEN_JSON {"k": 164, "t0_ns": 1790251202422903500, "t1_ns": 1790251202497732600, "work_us": 74827.6}
TOKEN_JSON {"k": 165, "t0_ns": 1790251202609384000, "t1_ns": 1790251202689886100, "work_us": 80501.1}
TOKEN_JSON {"k": 166, "t0_ns": 1790251202799170300, "t1_ns": 1790251202874070400, "work_us": 74898.7}
TOKEN_JSON {"k": 167, "t0_ns": 1790251202987621900, "t1_ns": 1790251203062668100, "work_us": 75045.1}
TOKEN_JSON {"k": 168, "t0_ns": 1790251203191841300, "t1_ns": 1790251203266980100, "work_us": 75137.5}
TOKEN_JSON {"k": 169, "t0_ns": 1790251203379826700, "t1_ns": 1790251203459443900, "work_us": 79615.9}
TOKEN_JSON {"k": 170, "t0_ns": 1790251203568290300, "t1_ns": 1790251203647025500, "work_us": 78733.8}
TOKEN_JSON {"k": 171, "t0_ns": 1790251203758790400, "t1_ns": 1790251203836123500, "work_us": 77330.8}
TOKEN_JSON {"k": 172, "t0_ns": 1790251203947794000, "t1_ns": 1790251204026623000, "work_us": 78827.7}
TOKEN_JSON {"k": 173, "t0_ns": 1790251204136130400, "t1_ns": 1790251204224899900, "work_us": 88768.4}
TOKEN_JSON {"k": 174, "t0_ns": 1790251204323763500, "t1_ns": 1790251204398265200, "work_us": 74500.5}
TOKEN_JSON {"k": 175, "t0_ns": 1790251204511717900, "t1_ns": 1790251204588792100, "work_us": 77073.1}
TOKEN_JSON {"k": 176, "t0_ns": 1790251204697741500, "t1_ns": 1790251204771706200, "work_us": 73963.5}
TOKEN_JSON {"k": 177, "t0_ns": 1790251204899556700, "t1_ns": 1790251204973985500, "work_us": 74427.6}
TOKEN_JSON {"k": 178, "t0_ns": 1790251205088283800, "t1_ns": 1790251205171103100, "work_us": 82818.0}
TOKEN_JSON {"k": 179, "t0_ns": 1790251205275901800, "t1_ns": 1790251205350924100, "work_us": 75020.9}
TOKEN_JSON {"k": 180, "t0_ns": 1790251205465909100, "t1_ns": 1790251205541859100, "work_us": 75948.8}
TOKEN_JSON {"k": 181, "t0_ns": 1790251205651899100, "t1_ns": 1790251205726228200, "work_us": 74327.8}
TOKEN_JSON {"k": 182, "t0_ns": 1790251205839736400, "t1_ns": 1790251205917001000, "work_us": 77263.3}
TOKEN_JSON {"k": 183, "t0_ns": 1790251206042677400, "t1_ns": 1790251206123129100, "work_us": 80450.4}
TOKEN_JSON {"k": 184, "t0_ns": 1790251206229552200, "t1_ns": 1790251206303774300, "work_us": 74221.0}
TOKEN_JSON {"k": 185, "t0_ns": 1790251206420193300, "t1_ns": 1790251206497664700, "work_us": 77470.0}
TOKEN_JSON {"k": 186, "t0_ns": 1790251206610460100, "t1_ns": 1790251206685811300, "work_us": 75350.1}
TOKEN_JSON {"k": 187, "t0_ns": 1790251206802181800, "t1_ns": 1790251206876550600, "work_us": 74367.5}
TOKEN_JSON {"k": 188, "t0_ns": 1790251206988639500, "t1_ns": 1790251207066061500, "work_us": 77420.7}
TOKEN_JSON {"k": 189, "t0_ns": 1790251207176523800, "t1_ns": 1790251207251919400, "work_us": 75394.4}
TOKEN_JSON {"k": 190, "t0_ns": 1790251207363230700, "t1_ns": 1790251207437871700, "work_us": 74639.6}
TOKEN_JSON {"k": 191, "t0_ns": 1790251207551957400, "t1_ns": 1790251207626780400, "work_us": 74821.7}
TOKEN_JSON {"k": 192, "t0_ns": 1790251207739004400, "t1_ns": 1790251207813946800, "work_us": 74941.1}
TOKEN_JSON {"k": 193, "t0_ns": 1790251207930272800, "t1_ns": 1790251208005618600, "work_us": 75344.4}
TOKEN_JSON {"k": 194, "t0_ns": 1790251208118063800, "t1_ns": 1790251208193162300, "work_us": 75097.3}
TOKEN_JSON {"k": 195, "t0_ns": 1790251208321640000, "t1_ns": 1790251208399503400, "work_us": 77862.0}
TOKEN_JSON {"k": 196, "t0_ns": 1790251208508813800, "t1_ns": 1790251208583727600, "work_us": 74912.4}
TOKEN_JSON {"k": 197, "t0_ns": 1790251208696109200, "t1_ns": 1790251208770773800, "work_us": 74663.2}
TOKEN_JSON {"k": 198, "t0_ns": 1790251208881815600, "t1_ns": 1790251208968220100, "work_us": 86403.2}
TOKEN_JSON {"k": 199, "t0_ns": 1790251209068582500, "t1_ns": 1790251209145370300, "work_us": 76786.5}
TOKEN_JSON {"k": 200, "t0_ns": 1790251209272776800, "t1_ns": 1790251209348180600, "work_us": 75402.5}
TOKEN_JSON {"k": 201, "t0_ns": 1790251209461715500, "t1_ns": 1790251209537331100, "work_us": 75614.2}
TOKEN_JSON {"k": 202, "t0_ns": 1790251209648499900, "t1_ns": 1790251209723261800, "work_us": 74760.7}
TOKEN_JSON {"k": 203, "t0_ns": 1790251209835828200, "t1_ns": 1790251209910634600, "work_us": 74805.2}
TOKEN_JSON {"k": 204, "t0_ns": 1790251210022146100, "t1_ns": 1790251210099702000, "work_us": 77554.6}
TOKEN_JSON {"k": 205, "t0_ns": 1790251210209250000, "t1_ns": 1790251210298013200, "work_us": 88761.9}
TOKEN_JSON {"k": 206, "t0_ns": 1790251210410843200, "t1_ns": 1790251210486184900, "work_us": 75340.4}
TOKEN_JSON {"k": 207, "t0_ns": 1790251210598751800, "t1_ns": 1790251210673731400, "work_us": 74978.3}
TOKEN_JSON {"k": 208, "t0_ns": 1790251210785932600, "t1_ns": 1790251210865659300, "work_us": 79725.4}
TOKEN_JSON {"k": 209, "t0_ns": 1790251210974181100, "t1_ns": 1790251211049326000, "work_us": 75143.7}
TOKEN_JSON {"k": 210, "t0_ns": 1790251211163129700, "t1_ns": 1790251211245299900, "work_us": 82168.9}
TOKEN_JSON {"k": 211, "t0_ns": 1790251211354607500, "t1_ns": 1790251211430090400, "work_us": 75481.4}
TOKEN_JSON {"k": 212, "t0_ns": 1790251211542422200, "t1_ns": 1790251211617430600, "work_us": 75007.0}
TOKEN_JSON {"k": 213, "t0_ns": 1790251211731514700, "t1_ns": 1790251211806177500, "work_us": 74661.5}
TOKEN_JSON {"k": 214, "t0_ns": 1790251211917714600, "t1_ns": 1790251211996331200, "work_us": 78615.3}
TOKEN_JSON {"k": 215, "t0_ns": 1790251212119229600, "t1_ns": 1790251212206670000, "work_us": 87439.2}
TOKEN_JSON {"k": 216, "t0_ns": 1790251212306326800, "t1_ns": 1790251212381252000, "work_us": 74923.8}
TOKEN_JSON {"k": 217, "t0_ns": 1790251212494038900, "t1_ns": 1790251212568198800, "work_us": 74158.6}
TOKEN_JSON {"k": 218, "t0_ns": 1790251212680798600, "t1_ns": 1790251212754881800, "work_us": 74082.1}
TOKEN_JSON {"k": 219, "t0_ns": 1790251212870602800, "t1_ns": 1790251212945389400, "work_us": 74785.3}
TOKEN_JSON {"k": 220, "t0_ns": 1790251213057872800, "t1_ns": 1790251213134577100, "work_us": 76703.2}
TOKEN_JSON {"k": 221, "t0_ns": 1790251213247675500, "t1_ns": 1790251213322239200, "work_us": 74562.6}
TOKEN_JSON {"k": 222, "t0_ns": 1790251213451365900, "t1_ns": 1790251213526648200, "work_us": 75281.1}
TOKEN_JSON {"k": 223, "t0_ns": 1790251213638949400, "t1_ns": 1790251213713502200, "work_us": 74551.6}
TOKEN_JSON {"k": 224, "t0_ns": 1790251213825249700, "t1_ns": 1790251213899604100, "work_us": 74353.3}
TOKEN_JSON {"k": 225, "t0_ns": 1790251214014179800, "t1_ns": 1790251214088709300, "work_us": 74528.2}
TOKEN_JSON {"k": 226, "t0_ns": 1790251214202049700, "t1_ns": 1790251214287909900, "work_us": 85859.0}
TOKEN_JSON {"k": 227, "t0_ns": 1790251214388576200, "t1_ns": 1790251214463601600, "work_us": 75024.1}
TOKEN_JSON {"k": 228, "t0_ns": 1790251214590742000, "t1_ns": 1790251214665639700, "work_us": 74896.2}
TOKEN_JSON {"k": 229, "t0_ns": 1790251214778260600, "t1_ns": 1790251214853933400, "work_us": 75671.3}
TOKEN_JSON {"k": 230, "t0_ns": 1790251214966029400, "t1_ns": 1790251215042136000, "work_us": 76105.4}
TOKEN_JSON {"k": 231, "t0_ns": 1790251215154276300, "t1_ns": 1790251215229517500, "work_us": 75240.1}
TOKEN_JSON {"k": 232, "t0_ns": 1790251215341931700, "t1_ns": 1790251215416765200, "work_us": 74831.9}
TOKEN_JSON {"k": 233, "t0_ns": 1790251215528577700, "t1_ns": 1790251215607329000, "work_us": 78750.1}
TOKEN_JSON {"k": 234, "t0_ns": 1790251215731385500, "t1_ns": 1790251215807180700, "work_us": 75793.9}
TOKEN_JSON {"k": 235, "t0_ns": 1790251215921530000, "t1_ns": 1790251215996524700, "work_us": 74993.3}
TOKEN_JSON {"k": 236, "t0_ns": 1790251216110596400, "t1_ns": 1790251216199353100, "work_us": 88755.4}
TOKEN_JSON {"k": 237, "t0_ns": 1790251216297310600, "t1_ns": 1790251216372573400, "work_us": 75261.6}
TOKEN_JSON {"k": 238, "t0_ns": 1790251216485635000, "t1_ns": 1790251216562616000, "work_us": 76979.8}
TOKEN_JSON {"k": 239, "t0_ns": 1790251216674367400, "t1_ns": 1790251216749306700, "work_us": 74938.0}
TOKEN_JSON {"k": 240, "t0_ns": 1790251216864546600, "t1_ns": 1790251216939014100, "work_us": 74466.3}
TOKEN_JSON {"k": 241, "t0_ns": 1790251217051106400, "t1_ns": 1790251217126865000, "work_us": 75757.2}
TOKEN_JSON {"k": 242, "t0_ns": 1790251217239989300, "t1_ns": 1790251217316779900, "work_us": 76789.3}
TOKEN_JSON {"k": 243, "t0_ns": 1790251217427600300, "t1_ns": 1790251217508070900, "work_us": 80469.1}
TOKEN_JSON {"k": 244, "t0_ns": 1790251217632286800, "t1_ns": 1790251217707030800, "work_us": 74742.7}
TOKEN_JSON {"k": 245, "t0_ns": 1790251217822052100, "t1_ns": 1790251217898737100, "work_us": 76683.8}
TOKEN_JSON {"k": 246, "t0_ns": 1790251218009204500, "t1_ns": 1790251218085827700, "work_us": 76622.0}
TOKEN_JSON {"k": 247, "t0_ns": 1790251218197044000, "t1_ns": 1790251218272580600, "work_us": 75535.3}
TOKEN_JSON {"k": 248, "t0_ns": 1790251218383236400, "t1_ns": 1790251218461197600, "work_us": 77959.8}
TOKEN_JSON {"k": 249, "t0_ns": 1790251218571552500, "t1_ns": 1790251218651191400, "work_us": 79637.5}
TOKEN_JSON {"k": 250, "t0_ns": 1790251218758055700, "t1_ns": 1790251218834167000, "work_us": 76110.2}
TOKEN_JSON {"k": 251, "t0_ns": 1790251218962216000, "t1_ns": 1790251219037622400, "work_us": 75405.0}
TOKEN_JSON {"k": 252, "t0_ns": 1790251219149295300, "t1_ns": 1790251219225035800, "work_us": 75739.3}
TOKEN_JSON {"k": 253, "t0_ns": 1790251219336063900, "t1_ns": 1790251219410383900, "work_us": 74318.6}
TOKEN_JSON {"k": 254, "t0_ns": 1790251219524935700, "t1_ns": 1790251219602086900, "work_us": 77149.9}
TOKEN_JSON {"k": 255, "t0_ns": 1790251219712934500, "t1_ns": 1790251219787398100, "work_us": 74462.6}
TOKEN_JSON {"k": 256, "t0_ns": 1790251219902308700, "t1_ns": 1790251219990121900, "work_us": 87812.0}
TOKEN_JSON {"k": 257, "t0_ns": 1790251220088116400, "t1_ns": 1790251220162676100, "work_us": 74558.4}
TOKEN_JSON {"k": 258, "t0_ns": 1790251220292446900, "t1_ns": 1790251220368440400, "work_us": 75992.1}
TOKEN_JSON {"k": 259, "t0_ns": 1790251220481073100, "t1_ns": 1790251220556417300, "work_us": 75342.8}
TOKEN_JSON {"k": 260, "t0_ns": 1790251220668866400, "t1_ns": 1790251220744487400, "work_us": 75619.6}
TOKEN_JSON {"k": 261, "t0_ns": 1790251220856727900, "t1_ns": 1790251220935144900, "work_us": 78415.9}
TOKEN_JSON {"k": 262, "t0_ns": 1790251221045496800, "t1_ns": 1790251221126667100, "work_us": 81169.2}
TOKEN_JSON {"k": 263, "t0_ns": 1790251221232987500, "t1_ns": 1790251221308452000, "work_us": 75463.3}
TOKEN_JSON {"k": 264, "t0_ns": 1790251221421126500, "t1_ns": 1790251221498347800, "work_us": 77220.2}
TOKEN_JSON {"k": 265, "t0_ns": 1790251221609743500, "t1_ns": 1790251221684415400, "work_us": 74670.8}
TOKEN_JSON {"k": 266, "t0_ns": 1790251221798157900, "t1_ns": 1790251221888561600, "work_us": 90402.5}
TOKEN_JSON {"k": 267, "t0_ns": 1790251222001953300, "t1_ns": 1790251222078202600, "work_us": 76248.0}
TOKEN_JSON {"k": 268, "t0_ns": 1790251222190888800, "t1_ns": 1790251222265674700, "work_us": 74784.8}
TOKEN_JSON {"k": 269, "t0_ns": 1790251222378728200, "t1_ns": 1790251222467911500, "work_us": 89182.0}
TOKEN_JSON {"k": 270, "t0_ns": 1790251222566046200, "t1_ns": 1790251222641502200, "work_us": 75454.6}
TOKEN_JSON {"k": 271, "t0_ns": 1790251222753647900, "t1_ns": 1790251222827797500, "work_us": 74148.8}
TOKEN_JSON {"k": 272, "t0_ns": 1790251222942115100, "t1_ns": 1790251223017415000, "work_us": 75298.7}
TOKEN_JSON {"k": 273, "t0_ns": 1790251223128893600, "t1_ns": 1790251223209569800, "work_us": 80675.0}
TOKEN_JSON {"k": 274, "t0_ns": 1790251223318150800, "t1_ns": 1790251223394569800, "work_us": 76418.0}
TOKEN_JSON {"k": 275, "t0_ns": 1790251223519750800, "t1_ns": 1790251223594574000, "work_us": 74821.8}
TOKEN_JSON {"k": 276, "t0_ns": 1790251223706714300, "t1_ns": 1790251223782310600, "work_us": 75595.1}
TOKEN_JSON {"k": 277, "t0_ns": 1790251223895478000, "t1_ns": 1790251223970111700, "work_us": 74632.7}
TOKEN_JSON {"k": 278, "t0_ns": 1790251224082417700, "t1_ns": 1790251224157233400, "work_us": 74814.1}
TOKEN_JSON {"k": 279, "t0_ns": 1790251224269924200, "t1_ns": 1790251224351077800, "work_us": 81152.6}
TOKEN_JSON {"k": 280, "t0_ns": 1790251224472583500, "t1_ns": 1790251224546987000, "work_us": 74402.1}
TOKEN_JSON {"k": 281, "t0_ns": 1790251224658873400, "t1_ns": 1790251224744070400, "work_us": 85195.6}
TOKEN_JSON {"k": 282, "t0_ns": 1790251224846020700, "t1_ns": 1790251224920946400, "work_us": 74924.4}
TOKEN_JSON {"k": 283, "t0_ns": 1790251225034671000, "t1_ns": 1790251225112036900, "work_us": 77364.6}
TOKEN_JSON {"k": 284, "t0_ns": 1790251225221848700, "t1_ns": 1790251225296020400, "work_us": 74170.6}
TOKEN_JSON {"k": 285, "t0_ns": 1790251225410299900, "t1_ns": 1790251225484984000, "work_us": 74682.9}
TOKEN_JSON {"k": 286, "t0_ns": 1790251225598359500, "t1_ns": 1790251225673420100, "work_us": 75059.4}
TOKEN_JSON {"k": 287, "t0_ns": 1790251225787628200, "t1_ns": 1790251225862413400, "work_us": 74784.2}
TOKEN_JSON {"k": 288, "t0_ns": 1790251225992812900, "t1_ns": 1790251226067325800, "work_us": 74511.7}
TOKEN_JSON {"k": 289, "t0_ns": 1790251226178767900, "t1_ns": 1790251226253520300, "work_us": 74751.2}
TOKEN_JSON {"k": 290, "t0_ns": 1790251226367436400, "t1_ns": 1790251226444353200, "work_us": 76915.5}
TOKEN_JSON {"k": 291, "t0_ns": 1790251226556631200, "t1_ns": 1790251226638340000, "work_us": 81707.5}
TOKEN_JSON {"k": 292, "t0_ns": 1790251226745662300, "t1_ns": 1790251226821278300, "work_us": 75614.7}
TOKEN_JSON {"k": 293, "t0_ns": 1790251226935071700, "t1_ns": 1790251227011083400, "work_us": 76010.5}
TOKEN_JSON {"k": 294, "t0_ns": 1790251227123362000, "t1_ns": 1790251227206764500, "work_us": 83401.1}
TOKEN_JSON {"k": 295, "t0_ns": 1790251227310029700, "t1_ns": 1790251227389536900, "work_us": 79505.9}
TOKEN_JSON {"k": 296, "t0_ns": 1790251227512403500, "t1_ns": 1790251227587238000, "work_us": 74833.2}
TOKEN_JSON {"k": 297, "t0_ns": 1790251227700830100, "t1_ns": 1790251227775542200, "work_us": 74710.9}
TOKEN_JSON {"k": 298, "t0_ns": 1790251227888492200, "t1_ns": 1790251227964821400, "work_us": 76327.9}
TOKEN_JSON {"k": 299, "t0_ns": 1790251228075469400, "t1_ns": 1790251228152077800, "work_us": 76607.1}
TOKEN_JSON {"k": 300, "t0_ns": 1790251228262976800, "t1_ns": 1790251228339746200, "work_us": 76768.2}
TOKEN_JSON {"k": 301, "t0_ns": 1790251228449494400, "t1_ns": 1790251228546296500, "work_us": 96800.7}
TOKEN_JSON {"k": 302, "t0_ns": 1790251228648929600, "t1_ns": 1790251228723544600, "work_us": 74613.6}
TOKEN_JSON {"k": 303, "t0_ns": 1790251228838475100, "t1_ns": 1790251228912491700, "work_us": 74015.3}
TOKEN_JSON {"k": 304, "t0_ns": 1790251229024314200, "t1_ns": 1790251229100049800, "work_us": 75734.1}
TOKEN_JSON {"k": 305, "t0_ns": 1790251229213786500, "t1_ns": 1790251229288012300, "work_us": 74224.5}
TOKEN_JSON {"k": 306, "t0_ns": 1790251229404698500, "t1_ns": 1790251229480564400, "work_us": 75864.6}
TOKEN_JSON {"k": 307, "t0_ns": 1790251229593070000, "t1_ns": 1790251229672254400, "work_us": 79183.0}
TOKEN_JSON {"k": 308, "t0_ns": 1790251229783850800, "t1_ns": 1790251229858783000, "work_us": 74930.9}
TOKEN_JSON {"k": 309, "t0_ns": 1790251229972141300, "t1_ns": 1790251230046958800, "work_us": 74816.2}
TOKEN_JSON {"k": 310, "t0_ns": 1790251230160771800, "t1_ns": 1790251230236431900, "work_us": 75658.9}
TOKEN_JSON {"k": 311, "t0_ns": 1790251230348693700, "t1_ns": 1790251230426235200, "work_us": 77540.1}
TOKEN_JSON {"k": 312, "t0_ns": 1790251230552679400, "t1_ns": 1790251230627766700, "work_us": 75086.2}
TOKEN_JSON {"k": 313, "t0_ns": 1790251230739262000, "t1_ns": 1790251230813900300, "work_us": 74636.9}
TOKEN_JSON {"k": 314, "t0_ns": 1790251230926185100, "t1_ns": 1790251231004814100, "work_us": 78627.8}
TOKEN_JSON {"k": 315, "t0_ns": 1790251231112406900, "t1_ns": 1790251231187271500, "work_us": 74863.2}
PACED_DONE_JSON {"tokens": 316, "late_starts": 0, "work_max_us": 100584.8}
RUNNER_EXIT 0
DRYRUN_JSON {"tokens": 316, "work_ms_median": 75.61445, "work_ms_max": 100.5848, "work_ms_min": 73.9635, "over_period": 0, "achieved_tokps": 5.26266224556629, "late_starts": 0}
work per token: median 75.6 ms, max 100.6 ms against the 190 ms period; achieved 5.263 tok/s against the 5 floor
DRYRUN GO

EXIT_CODE: 0
POST_DEVICE_WITNESS

-----------------------------
[003d:00:01.1] : NPU Phoenix
-----------------------------
AIE Partitions
  No hardware contexts running on device


