
### cpu nbits acc 0 block 32 4096 4096
HEADER {"cpu": "AMD64 Family 25 Model 117 Stepping 2, AuthenticAMD", "env": "mlir-aie-iron", "ep": "cpu", "host": "DESKTOP-CBL5NUA", "numpy": "2.5.3", "onnx": "1.22.0", "onnxruntime": "1.30.0", "python": "3.13.15"}
gemv cpu nbits K=4096 N=4096 block=32 t1=fp32 acc=0 threads=8: 100 copies, 1.001 GiB/run, median 26.16 ms (min 24.19, max 30.47) -> 0.2616 ms/GEMV, 41.08 GB/s; rel_l2 2.703e-07, max_abs_rel 3.449e-07
ROW_JSON {"acc": 0, "arm": "nbits", "block": 32, "copies": 100, "copy_bytes": 10747904, "ep": "cpu", "finite": true, "gbps": 41.079135787125395, "gen": "rtn-asym-uint4-v1", "k": 4096, "kind": "gemv", "load_s": 1.37, "max_abs_rel": 3.44936635779853e-07, "max_ms": 30.471000005491078, "median_ms": 26.163899980019778, "min_ms": 24.190900032408535, "ms_per_gemv": 0.2616389998001978, "n": 4096, "rel_l2": 2.703115810283112e-07, "reps": 20, "run_bytes": 1074790400, "seed": 20260923, "t1": "fp32", "threads": 8, "warmup": 3, "weights_sha256_first16mib": "45b10aefbb503d4bd56639675b8e4eca3360feba6e6ceea38639380d31f635dc"}

### cpu nbits acc 0 block 32 4096 11008
HEADER {"cpu": "AMD64 Family 25 Model 117 Stepping 2, AuthenticAMD", "env": "mlir-aie-iron", "ep": "cpu", "host": "DESKTOP-CBL5NUA", "numpy": "2.5.3", "onnx": "1.22.0", "onnxruntime": "1.30.0", "python": "3.13.15"}
gemv cpu nbits K=4096 N=11008 block=32 t1=fp32 acc=0 threads=8: 38 copies, 1.022 GiB/run, median 23.70 ms (min 22.16, max 26.57) -> 0.6238 ms/GEMV, 46.31 GB/s; rel_l2 2.730e-07, max_abs_rel 3.373e-07
ROW_JSON {"acc": 0, "arm": "nbits", "block": 32, "copies": 38, "copy_bytes": 28884992, "ep": "cpu", "finite": true, "gbps": 46.30713917438211, "gen": "rtn-asym-uint4-v1", "k": 4096, "kind": "gemv", "load_s": 1.05, "max_abs_rel": 3.372723254995875e-07, "max_ms": 26.572900009341538, "median_ms": 23.70324998628348, "min_ms": 22.16200006660074, "ms_per_gemv": 0.6237697364811442, "n": 11008, "rel_l2": 2.729961743913927e-07, "reps": 20, "run_bytes": 1097629696, "seed": 20260923, "t1": "fp32", "threads": 8, "warmup": 3, "weights_sha256_first16mib": "9c28849ae05b509cba28435df318c283800ee08deb511e78073a0a0c6b2f0ab3"}

### cpu nbits acc 0 block 32 11008 4096
HEADER {"cpu": "AMD64 Family 25 Model 117 Stepping 2, AuthenticAMD", "env": "mlir-aie-iron", "ep": "cpu", "host": "DESKTOP-CBL5NUA", "numpy": "2.5.3", "onnx": "1.22.0", "onnxruntime": "1.30.0", "python": "3.13.15"}
gemv cpu nbits K=11008 N=4096 block=32 t1=fp32 acc=0 threads=8: 38 copies, 1.022 GiB/run, median 26.00 ms (min 23.97, max 28.91) -> 0.6842 ms/GEMV, 42.22 GB/s; rel_l2 4.499e-07, max_abs_rel 6.584e-07
ROW_JSON {"acc": 0, "arm": "nbits", "block": 32, "copies": 38, "copy_bytes": 28884992, "ep": "cpu", "finite": true, "gbps": 42.21806943838367, "gen": "rtn-asym-uint4-v1", "k": 11008, "kind": "gemv", "load_s": 1.18, "max_abs_rel": 6.584002805875154e-07, "max_ms": 28.911500005051494, "median_ms": 25.999049947131425, "min_ms": 23.97489990107715, "ms_per_gemv": 0.6841855249245112, "n": 4096, "rel_l2": 4.4988289729695554e-07, "reps": 20, "run_bytes": 1097629696, "seed": 20260923, "t1": "fp32", "threads": 8, "warmup": 3, "weights_sha256_first16mib": "9c28849ae05b509cba28435df318c283800ee08deb511e78073a0a0c6b2f0ab3"}

### cpu nbits acc 0 block 128 4096 4096
HEADER {"cpu": "AMD64 Family 25 Model 117 Stepping 2, AuthenticAMD", "env": "mlir-aie-iron", "ep": "cpu", "host": "DESKTOP-CBL5NUA", "numpy": "2.5.3", "onnx": "1.22.0", "onnxruntime": "1.30.0", "python": "3.13.15"}
gemv cpu nbits K=4096 N=4096 block=128 t1=fp32 acc=0 threads=8: 120 copies, 1.003 GiB/run, median 27.28 ms (min 26.19, max 29.65) -> 0.2274 ms/GEMV, 39.49 GB/s; rel_l2 2.665e-07, max_abs_rel 3.430e-07
ROW_JSON {"acc": 0, "arm": "nbits", "block": 128, "copies": 120, "copy_bytes": 8978432, "ep": "cpu", "finite": true, "gbps": 39.49116700261501, "gen": "rtn-asym-uint4-v1", "k": 4096, "kind": "gemv", "load_s": 1.31, "max_abs_rel": 3.4295404189351105e-07, "max_ms": 29.653599951416254, "median_ms": 27.282349998131394, "min_ms": 26.19320002850145, "ms_per_gemv": 0.22735291665109494, "n": 4096, "rel_l2": 2.6647498458755e-07, "reps": 20, "run_bytes": 1077411840, "seed": 20260923, "t1": "fp32", "threads": 8, "warmup": 3, "weights_sha256_first16mib": "cc527456d70def586d6729ad4ff0b478d1a89be1d47da9155f68fd3830f8291f"}

### cpu nbits acc 0 block 128 4096 11008
HEADER {"cpu": "AMD64 Family 25 Model 117 Stepping 2, AuthenticAMD", "env": "mlir-aie-iron", "ep": "cpu", "host": "DESKTOP-CBL5NUA", "numpy": "2.5.3", "onnx": "1.22.0", "onnxruntime": "1.30.0", "python": "3.13.15"}
gemv cpu nbits K=4096 N=11008 block=128 t1=fp32 acc=0 threads=8: 45 copies, 1.011 GiB/run, median 24.53 ms (min 21.89, max 27.06) -> 0.5452 ms/GEMV, 44.26 GB/s; rel_l2 2.669e-07, max_abs_rel 3.320e-07
ROW_JSON {"acc": 0, "arm": "nbits", "block": 128, "copies": 45, "copy_bytes": 24129536, "ep": "cpu", "finite": true, "gbps": 44.25976004542518, "gen": "rtn-asym-uint4-v1", "k": 4096, "kind": "gemv", "load_s": 1.24, "max_abs_rel": 3.3203248193063885e-07, "max_ms": 27.05829998012632, "median_ms": 24.533100018743426, "min_ms": 21.894800011068583, "ms_per_gemv": 0.5451800004165206, "n": 11008, "rel_l2": 2.669222350908565e-07, "reps": 20, "run_bytes": 1085829120, "seed": 20260923, "t1": "fp32", "threads": 8, "warmup": 3, "weights_sha256_first16mib": "75e06541e17148f7c4d26b0336cb92efe74451d996de349899f8a8edcaefb405"}

### cpu nbits acc 0 block 128 11008 4096
HEADER {"cpu": "AMD64 Family 25 Model 117 Stepping 2, AuthenticAMD", "env": "mlir-aie-iron", "ep": "cpu", "host": "DESKTOP-CBL5NUA", "numpy": "2.5.3", "onnx": "1.22.0", "onnxruntime": "1.30.0", "python": "3.13.15"}
gemv cpu nbits K=11008 N=4096 block=128 t1=fp32 acc=0 threads=8: 45 copies, 1.011 GiB/run, median 25.70 ms (min 24.30, max 27.64) -> 0.5712 ms/GEMV, 42.24 GB/s; rel_l2 4.366e-07, max_abs_rel 4.930e-07
ROW_JSON {"acc": 0, "arm": "nbits", "block": 128, "copies": 45, "copy_bytes": 24129536, "ep": "cpu", "finite": true, "gbps": 42.24448941367824, "gen": "rtn-asym-uint4-v1", "k": 11008, "kind": "gemv", "load_s": 1.29, "max_abs_rel": 4.929668385380814e-07, "max_ms": 27.638500090688467, "median_ms": 25.70344996638596, "min_ms": 24.303399957716465, "ms_per_gemv": 0.5711877770307991, "n": 4096, "rel_l2": 4.365754126557308e-07, "reps": 20, "run_bytes": 1085829120, "seed": 20260923, "t1": "fp32", "threads": 8, "warmup": 3, "weights_sha256_first16mib": "75e06541e17148f7c4d26b0336cb92efe74451d996de349899f8a8edcaefb405"}

### cpu nbits acc 4 block 32 4096 4096
HEADER {"cpu": "AMD64 Family 25 Model 117 Stepping 2, AuthenticAMD", "env": "mlir-aie-iron", "ep": "cpu", "host": "DESKTOP-CBL5NUA", "numpy": "2.5.3", "onnx": "1.22.0", "onnxruntime": "1.30.0", "python": "3.13.15"}
gemv cpu nbits K=4096 N=4096 block=32 t1=fp32 acc=4 threads=8: 100 copies, 1.001 GiB/run, median 21.34 ms (min 21.14, max 23.39) -> 0.2134 ms/GEMV, 50.37 GB/s; rel_l2 5.574e-03, max_abs_rel 6.249e-03
ROW_JSON {"acc": 4, "arm": "nbits", "block": 32, "copies": 100, "copy_bytes": 10747904, "ep": "cpu", "finite": true, "gbps": 50.36954550452864, "gen": "rtn-asym-uint4-v1", "k": 4096, "kind": "gemv", "load_s": 1.46, "max_abs_rel": 0.006248720561723319, "max_ms": 23.38869997765869, "median_ms": 21.33810002123937, "min_ms": 21.144400001503527, "ms_per_gemv": 0.2133810002123937, "n": 4096, "rel_l2": 0.005574025383922003, "reps": 20, "run_bytes": 1074790400, "seed": 20260923, "t1": "fp32", "threads": 8, "warmup": 3, "weights_sha256_first16mib": "45b10aefbb503d4bd56639675b8e4eca3360feba6e6ceea38639380d31f635dc"}

### cpu nbits acc 4 block 32 4096 11008
HEADER {"cpu": "AMD64 Family 25 Model 117 Stepping 2, AuthenticAMD", "env": "mlir-aie-iron", "ep": "cpu", "host": "DESKTOP-CBL5NUA", "numpy": "2.5.3", "onnx": "1.22.0", "onnxruntime": "1.30.0", "python": "3.13.15"}
gemv cpu nbits K=4096 N=11008 block=32 t1=fp32 acc=4 threads=8: 38 copies, 1.022 GiB/run, median 21.22 ms (min 21.06, max 23.90) -> 0.5585 ms/GEMV, 51.72 GB/s; rel_l2 5.639e-03, max_abs_rel 7.890e-03
ROW_JSON {"acc": 4, "arm": "nbits", "block": 32, "copies": 38, "copy_bytes": 28884992, "ep": "cpu", "finite": true, "gbps": 51.71522049954025, "gen": "rtn-asym-uint4-v1", "k": 4096, "kind": "gemv", "load_s": 1.43, "max_abs_rel": 0.007889899739565661, "max_ms": 23.90450006350875, "median_ms": 21.224499971140176, "min_ms": 21.059799939393997, "ms_per_gemv": 0.5585394729247415, "n": 11008, "rel_l2": 0.005638764719027998, "reps": 20, "run_bytes": 1097629696, "seed": 20260923, "t1": "fp32", "threads": 8, "warmup": 3, "weights_sha256_first16mib": "9c28849ae05b509cba28435df318c283800ee08deb511e78073a0a0c6b2f0ab3"}

### cpu nbits acc 4 block 32 11008 4096
HEADER {"cpu": "AMD64 Family 25 Model 117 Stepping 2, AuthenticAMD", "env": "mlir-aie-iron", "ep": "cpu", "host": "DESKTOP-CBL5NUA", "numpy": "2.5.3", "onnx": "1.22.0", "onnxruntime": "1.30.0", "python": "3.13.15"}
gemv cpu nbits K=11008 N=4096 block=32 t1=fp32 acc=4 threads=8: 38 copies, 1.022 GiB/run, median 21.23 ms (min 21.11, max 24.83) -> 0.5586 ms/GEMV, 51.71 GB/s; rel_l2 5.396e-03, max_abs_rel 6.831e-03
ROW_JSON {"acc": 4, "arm": "nbits", "block": 32, "copies": 38, "copy_bytes": 28884992, "ep": "cpu", "finite": true, "gbps": 51.7053540108973, "gen": "rtn-asym-uint4-v1", "k": 11008, "kind": "gemv", "load_s": 1.42, "max_abs_rel": 0.006830626702235518, "max_ms": 24.829800007864833, "median_ms": 21.228550060186535, "min_ms": 21.105599938891828, "ms_per_gemv": 0.5586460542154351, "n": 4096, "rel_l2": 0.005396226494256133, "reps": 20, "run_bytes": 1097629696, "seed": 20260923, "t1": "fp32", "threads": 8, "warmup": 3, "weights_sha256_first16mib": "9c28849ae05b509cba28435df318c283800ee08deb511e78073a0a0c6b2f0ab3"}

### cpu nbits acc 4 block 128 4096 4096
HEADER {"cpu": "AMD64 Family 25 Model 117 Stepping 2, AuthenticAMD", "env": "mlir-aie-iron", "ep": "cpu", "host": "DESKTOP-CBL5NUA", "numpy": "2.5.3", "onnx": "1.22.0", "onnxruntime": "1.30.0", "python": "3.13.15"}
gemv cpu nbits K=4096 N=4096 block=128 t1=fp32 acc=4 threads=8: 120 copies, 1.003 GiB/run, median 19.31 ms (min 19.20, max 23.11) -> 0.1610 ms/GEMV, 55.78 GB/s; rel_l2 6.794e-03, max_abs_rel 7.682e-03
ROW_JSON {"acc": 4, "arm": "nbits", "block": 128, "copies": 120, "copy_bytes": 8978432, "ep": "cpu", "finite": true, "gbps": 55.78326061104251, "gen": "rtn-asym-uint4-v1", "k": 4096, "kind": "gemv", "load_s": 1.1, "max_abs_rel": 0.007681954701314248, "max_ms": 23.10999995097518, "median_ms": 19.314249977469444, "min_ms": 19.19709995854646, "ms_per_gemv": 0.1609520831455787, "n": 4096, "rel_l2": 0.0067937704717562835, "reps": 20, "run_bytes": 1077411840, "seed": 20260923, "t1": "fp32", "threads": 8, "warmup": 3, "weights_sha256_first16mib": "cc527456d70def586d6729ad4ff0b478d1a89be1d47da9155f68fd3830f8291f"}

### cpu nbits acc 4 block 128 4096 11008
HEADER {"cpu": "AMD64 Family 25 Model 117 Stepping 2, AuthenticAMD", "env": "mlir-aie-iron", "ep": "cpu", "host": "DESKTOP-CBL5NUA", "numpy": "2.5.3", "onnx": "1.22.0", "onnxruntime": "1.30.0", "python": "3.13.15"}
gemv cpu nbits K=4096 N=11008 block=128 t1=fp32 acc=4 threads=8: 45 copies, 1.011 GiB/run, median 19.07 ms (min 18.86, max 19.72) -> 0.4237 ms/GEMV, 56.95 GB/s; rel_l2 6.786e-03, max_abs_rel 7.544e-03
ROW_JSON {"acc": 4, "arm": "nbits", "block": 128, "copies": 45, "copy_bytes": 24129536, "ep": "cpu", "finite": true, "gbps": 56.95346057606526, "gen": "rtn-asym-uint4-v1", "k": 4096, "kind": "gemv", "load_s": 1.1, "max_abs_rel": 0.007543618884905976, "max_ms": 19.71579995006323, "median_ms": 19.06520006014034, "min_ms": 18.856699927709997, "ms_per_gemv": 0.42367111244756317, "n": 11008, "rel_l2": 0.0067858464833542645, "reps": 20, "run_bytes": 1085829120, "seed": 20260923, "t1": "fp32", "threads": 8, "warmup": 3, "weights_sha256_first16mib": "75e06541e17148f7c4d26b0336cb92efe74451d996de349899f8a8edcaefb405"}

### cpu nbits acc 4 block 128 11008 4096
HEADER {"cpu": "AMD64 Family 25 Model 117 Stepping 2, AuthenticAMD", "env": "mlir-aie-iron", "ep": "cpu", "host": "DESKTOP-CBL5NUA", "numpy": "2.5.3", "onnx": "1.22.0", "onnxruntime": "1.30.0", "python": "3.13.15"}
gemv cpu nbits K=11008 N=4096 block=128 t1=fp32 acc=4 threads=8: 45 copies, 1.011 GiB/run, median 19.26 ms (min 18.95, max 21.43) -> 0.4280 ms/GEMV, 56.38 GB/s; rel_l2 6.484e-03, max_abs_rel 6.812e-03
ROW_JSON {"acc": 4, "arm": "nbits", "block": 128, "copies": 45, "copy_bytes": 24129536, "ep": "cpu", "finite": true, "gbps": 56.37624961758297, "gen": "rtn-asym-uint4-v1", "k": 11008, "kind": "gemv", "load_s": 1.11, "max_abs_rel": 0.006811988565550166, "max_ms": 21.4325999841094, "median_ms": 19.260400033090264, "min_ms": 18.95089994650334, "ms_per_gemv": 0.42800888962422806, "n": 4096, "rel_l2": 0.006484335440501163, "reps": 20, "run_bytes": 1085829120, "seed": 20260923, "t1": "fp32", "threads": 8, "warmup": 3, "weights_sha256_first16mib": "75e06541e17148f7c4d26b0336cb92efe74451d996de349899f8a8edcaefb405"}
