(A) cores [[0, 1], [2, 3], [4, 5], [6, 7], [8, 9], [10, 11], [12, 13], [14, 15]]; core parking on AC: {'CPMINCORES': 100, 'CPMAXCORES': 100, 'scheme': 'Balanced'}
  int8 S1 M=512    A0  pass 1  n  1768  p10/p50/p90    4.03    5.65    7.34 ms  bimodal  slow 0.53  levels 4.08/7.16  busy CPUs 8-12  doubled cores 1-4  clock 111-114%
      sessions 5: p50 [7.07, 6.63, 4.36, 6.92, 4.15] ms; pool sizes [7, 7, 7, 7, 7]; cores holding two ideal processors [0, 1, 1, 1, 1]; first session's pool affinities [[0, 1, 2, 3, 4, 5, 6, 7, 8, 9, 10, 11, 12, 13, 14, 15]], main [0, 1, 2, 3, 4, 5, 6, 7, 8, 9, 10, 11, 12, 13, 14, 15]; threads with CPU sets 0
  int8 S1 M=512    A1  pass 1  n   720  p10/p50/p90    4.06    4.11    4.28 ms  unimodal slow 0.01  levels 4.11/6.92  busy CPUs 8-8  doubled cores 0-0  clock 109-109%
      sessions 3: p50 [4.08, 4.13, 4.11] ms; pool sizes [7, 7, 7]; cores holding two ideal processors [0, 0, 0]; first session's pool affinities [[2], [4], [6], [8], [10], [12], [14]], main [0]; threads with CPU sets 0
  int8 S1 M=512    A3  pass 1  n   415  p10/p50/p90    7.14    7.18    7.38 ms  unimodal slow 0.00  levels 7.18/0.00  busy CPUs 8-8  doubled cores 1-1  clock 115-115%
      sessions 3: p50 [7.18, 7.17, 7.2] ms; pool sizes [7, 7, 7]; cores holding two ideal processors [1, 1, 1]; first session's pool affinities [[1], [2], [4], [6], [8], [10], [12]], main [0]; threads with CPU sets 0
  int8 S1 M=512    A2  pass 1  n   417  p10/p50/p90    7.10    7.15    7.38 ms  unimodal slow 0.00  levels 7.15/9.68  busy CPUs 8-8  doubled cores 4-4  clock 115-116%
      sessions 3: p50 [7.13, 7.15, 7.16] ms; pool sizes [7, 7, 7]; cores holding two ideal processors [4, 4, 4]; first session's pool affinities [[1], [2], [3], [4], [5], [6], [7]], main [0]; threads with CPU sets 0
  int8 S1 M=512    A16 pass 1  n   708  p10/p50/p90    4.04    4.09    4.27 ms  unimodal slow 0.04  levels 4.08/6.97  busy CPUs 16-16  doubled cores 8-8  clock 106-107%
      sessions 3: p50 [4.09, 4.09, 4.09] ms; pool sizes [15, 15, 15]; cores holding two ideal processors [7, 7, 7]; first session's pool affinities [[0, 1, 2, 3, 4, 5, 6, 7, 8, 9, 10, 11, 12, 13, 14, 15]], main [0, 1, 2, 3, 4, 5, 6, 7, 8, 9, 10, 11, 12, 13, 14, 15]; threads with CPU sets 0
  int8 S1 M=512    AD  pass 1  n  1962  p10/p50/p90    4.00    4.14    7.26 ms  bimodal  slow 0.35  levels 4.09/7.16  busy CPUs 7-10  doubled cores 0-3  clock 111-112%
      sessions 5: p50 [4.1, 4.13, 4.13, 4.36, 4.29] ms; pool sizes [7, 7, 7, 7, 7]; cores holding two ideal processors [0, 1, 1, 1, 1]; first session's pool affinities [[0, 1, 2, 3, 4, 5, 6, 7, 8, 9, 10, 11, 12, 13, 14, 15]], main [0, 1, 2, 3, 4, 5, 6, 7, 8, 9, 10, 11, 12, 13, 14, 15]; threads with CPU sets 0
  fp32 S1 M=512    A0  pass 1  n   453  p10/p50/p90   17.28   21.00   29.56 ms  bimodal  slow 0.42  levels 17.53/26.80  busy CPUs 6-10  doubled cores 0-3  clock 108-110%
      sessions 5: p50 [20.28, 23.19, 19.62, 21.07, 21.0] ms; pool sizes [7, 7, 7, 7, 7]; cores holding two ideal processors [1, 1, 1, 0, 1]; first session's pool affinities [[0, 1, 2, 3, 4, 5, 6, 7, 8, 9, 10, 11, 12, 13, 14, 15]], main [0, 1, 2, 3, 4, 5, 6, 7, 8, 9, 10, 11, 12, 13, 14, 15]; threads with CPU sets 0
  fp32 S1 M=512    A1  pass 1  n   168  p10/p50/p90   17.49   17.66   19.39 ms  unimodal slow 0.01  levels 17.63/22.84  busy CPUs 8-8  doubled cores 0-0  clock 106-106%
      sessions 3: p50 [17.59, 17.67, 17.67] ms; pool sizes [7, 7, 7]; cores holding two ideal processors [0, 0, 0]; first session's pool affinities [[2], [4], [6], [8], [10], [12], [14]], main [0]; threads with CPU sets 0
  fp32 S1 M=512    A3  pass 1  n    73  p10/p50/p90   39.86   41.79   43.41 ms  unimodal slow 0.00  levels 41.79/0.00  busy CPUs 8-8  doubled cores 1-1  clock 113-113%
      sessions 3: p50 [41.7, 42.11, 42.07] ms; pool sizes [7, 7, 7]; cores holding two ideal processors [1, 1, 1]; first session's pool affinities [[1], [2], [4], [6], [8], [10], [12]], main [0]; threads with CPU sets 0
  fp32 S1 M=512    A2  pass 1  n    73  p10/p50/p90   40.19   41.44   43.58 ms  unimodal slow 0.00  levels 41.44/0.00  busy CPUs 8-8  doubled cores 4-4  clock 116-116%
      sessions 3: p50 [41.39, 40.58, 42.05] ms; pool sizes [7, 7, 7]; cores holding two ideal processors [4, 4, 4]; first session's pool affinities [[1], [2], [3], [4], [5], [6], [7]], main [0]; threads with CPU sets 0
  fp32 S1 M=512    A16 pass 1  n   132  p10/p50/p90   22.31   23.04   23.82 ms  unimodal slow 0.01  levels 23.03/34.12  busy CPUs 16-16  doubled cores 8-8  clock 107-107%
      sessions 3: p50 [22.96, 23.2, 23.0] ms; pool sizes [15, 15, 15]; cores holding two ideal processors [7, 7, 7]; first session's pool affinities [[0, 1, 2, 3, 4, 5, 6, 7, 8, 9, 10, 11, 12, 13, 14, 15]], main [0, 1, 2, 3, 4, 5, 6, 7, 8, 9, 10, 11, 12, 13, 14, 15]; threads with CPU sets 0
  fp32 S1 M=512    AD  pass 1  n   444  p10/p50/p90   17.34   21.04   30.26 ms  bimodal  slow 0.43  levels 17.58/27.16  busy CPUs 5-10  doubled cores 0-3  clock 108-110%
      sessions 5: p50 [20.76, 22.49, 19.33, 22.72, 20.83] ms; pool sizes [7, 7, 7, 7, 7]; cores holding two ideal processors [1, 1, 0, 1, 1]; first session's pool affinities [[0, 1, 2, 3, 4, 5, 6, 7, 8, 9, 10, 11, 12, 13, 14, 15]], main [0, 1, 2, 3, 4, 5, 6, 7, 8, 9, 10, 11, 12, 13, 14, 15]; threads with CPU sets 0
  fp32 S1 M=512    AD  pass 2  n   462  p10/p50/p90   17.28   20.89   28.21 ms  bimodal  slow 0.38  levels 17.54/26.10  busy CPUs 6-10  doubled cores 0-2  clock 108-109%
      sessions 5: p50 [21.1, 20.94, 20.51, 21.71, 19.93] ms; pool sizes [7, 7, 7, 7, 7]; cores holding two ideal processors [1, 1, 1, 1, 1]; first session's pool affinities [[0, 1, 2, 3, 4, 5, 6, 7, 8, 9, 10, 11, 12, 13, 14, 15]], main [0, 1, 2, 3, 4, 5, 6, 7, 8, 9, 10, 11, 12, 13, 14, 15]; threads with CPU sets 0
  fp32 S1 M=512    A16 pass 2  n   130  p10/p50/p90   22.24   22.92   24.09 ms  unimodal slow 0.03  levels 22.89/34.35  busy CPUs 16-16  doubled cores 8-8  clock 106-107%
      sessions 3: p50 [22.81, 22.97, 23.09] ms; pool sizes [15, 15, 15]; cores holding two ideal processors [8, 7, 7]; first session's pool affinities [[0, 1, 2, 3, 4, 5, 6, 7, 8, 9, 10, 11, 12, 13, 14, 15]], main [0, 1, 2, 3, 4, 5, 6, 7, 8, 9, 10, 11, 12, 13, 14, 15]; threads with CPU sets 0
  fp32 S1 M=512    A2  pass 2  n    74  p10/p50/p90   39.69   41.53   43.46 ms  unimodal slow 0.00  levels 41.53/0.00  busy CPUs 8-8  doubled cores 4-4  clock 115-116%
      sessions 3: p50 [41.48, 41.48, 41.59] ms; pool sizes [7, 7, 7]; cores holding two ideal processors [4, 4, 4]; first session's pool affinities [[1], [2], [3], [4], [5], [6], [7]], main [0]; threads with CPU sets 0
  fp32 S1 M=512    A3  pass 2  n    75  p10/p50/p90   39.27   41.73   42.93 ms  unimodal slow 0.00  levels 41.73/0.00  busy CPUs 8-8  doubled cores 1-1  clock 112-113%
      sessions 3: p50 [41.83, 41.9, 41.56] ms; pool sizes [7, 7, 7]; cores holding two ideal processors [1, 1, 1]; first session's pool affinities [[1], [2], [4], [6], [8], [10], [12]], main [0]; threads with CPU sets 0
  fp32 S1 M=512    A1  pass 2  n   168  p10/p50/p90   17.50   17.63   19.20 ms  unimodal slow 0.01  levels 17.62/23.25  busy CPUs 8-8  doubled cores 0-0  clock 106-106%
      sessions 3: p50 [17.64, 17.63, 17.62] ms; pool sizes [7, 7, 7]; cores holding two ideal processors [0, 0, 0]; first session's pool affinities [[2], [4], [6], [8], [10], [12], [14]], main [0]; threads with CPU sets 0
  fp32 S1 M=512    A0  pass 2  n   452  p10/p50/p90   17.31   20.26   29.92 ms  bimodal  slow 0.40  levels 17.57/27.27  busy CPUs 6-10  doubled cores 0-3  clock 108-110%
      sessions 5: p50 [20.2, 20.9, 21.0, 22.86, 18.57] ms; pool sizes [7, 7, 7, 7, 7]; cores holding two ideal processors [1, 1, 1, 1, 0]; first session's pool affinities [[0, 1, 2, 3, 4, 5, 6, 7, 8, 9, 10, 11, 12, 13, 14, 15]], main [0, 1, 2, 3, 4, 5, 6, 7, 8, 9, 10, 11, 12, 13, 14, 15]; threads with CPU sets 0
  int8 S1 M=512    AD  pass 2  n  1968  p10/p50/p90    4.04    4.15    7.30 ms  bimodal  slow 0.33  levels 4.12/7.18  busy CPUs 6-10  doubled cores 0-3  clock 110-111%
      sessions 5: p50 [4.16, 4.14, 4.16, 4.14, 4.18] ms; pool sizes [7, 7, 7, 7, 7]; cores holding two ideal processors [1, 1, 1, 1, 1]; first session's pool affinities [[0, 1, 2, 3, 4, 5, 6, 7, 8, 9, 10, 11, 12, 13, 14, 15]], main [0, 1, 2, 3, 4, 5, 6, 7, 8, 9, 10, 11, 12, 13, 14, 15]; threads with CPU sets 0
  int8 S1 M=512    A16 pass 2  n   720  p10/p50/p90    4.07    4.10    4.22 ms  unimodal slow 0.02  levels 4.10/6.10  busy CPUs 16-16  doubled cores 8-8  clock 106-106%
      sessions 3: p50 [4.1, 4.09, 4.11] ms; pool sizes [15, 15, 15]; cores holding two ideal processors [7, 7, 8]; first session's pool affinities [[0, 1, 2, 3, 4, 5, 6, 7, 8, 9, 10, 11, 12, 13, 14, 15]], main [0, 1, 2, 3, 4, 5, 6, 7, 8, 9, 10, 11, 12, 13, 14, 15]; threads with CPU sets 0
  int8 S1 M=512    A2  pass 2  n   414  p10/p50/p90    7.14    7.18    7.46 ms  unimodal slow 0.00  levels 7.18/9.79  busy CPUs 8-8  doubled cores 4-4  clock 115-115%
      sessions 3: p50 [7.17, 7.19, 7.18] ms; pool sizes [7, 7, 7]; cores holding two ideal processors [4, 4, 4]; first session's pool affinities [[1], [2], [3], [4], [5], [6], [7]], main [0]; threads with CPU sets 0
  int8 S1 M=512    A3  pass 2  n   414  p10/p50/p90    7.18    7.21    7.40 ms  unimodal slow 0.00  levels 7.21/10.28  busy CPUs 8-8  doubled cores 1-1  clock 114-115%
      sessions 3: p50 [7.21, 7.21, 7.21] ms; pool sizes [7, 7, 7]; cores holding two ideal processors [1, 1, 1]; first session's pool affinities [[1], [2], [4], [6], [8], [10], [12]], main [0]; threads with CPU sets 0
  int8 S1 M=512    A1  pass 2  n   713  p10/p50/p90    4.10    4.13    4.33 ms  unimodal slow 0.01  levels 4.13/7.21  busy CPUs 8-8  doubled cores 0-0  clock 108-108%
      sessions 3: p50 [4.13, 4.14, 4.13] ms; pool sizes [7, 7, 7]; cores holding two ideal processors [0, 0, 0]; first session's pool affinities [[2], [4], [6], [8], [10], [12], [14]], main [0]; threads with CPU sets 0
  int8 S1 M=512    A0  pass 2  n  1980  p10/p50/p90    4.05    4.17    7.28 ms  bimodal  slow 0.31  levels 4.13/7.19  busy CPUs 6-10  doubled cores 0-2  clock 110-111%
      sessions 5: p50 [4.16, 4.15, 4.16, 4.25, 4.17] ms; pool sizes [7, 7, 7, 7, 7]; cores holding two ideal processors [1, 1, 1, 1, 1]; first session's pool affinities [[0, 1, 2, 3, 4, 5, 6, 7, 8, 9, 10, 11, 12, 13, 14, 15]], main [0, 1, 2, 3, 4, 5, 6, 7, 8, 9, 10, 11, 12, 13, 14, 15]; threads with CPU sets 0
  pinning control A1 pass 1: busy outside its CPUs: none
  pinning control A1 pass 2: busy outside its CPUs: none
  pinning control A3 pass 1: busy outside its CPUs: none
  pinning control A3 pass 2: busy outside its CPUs: none
  pinning control A2 pass 1: busy outside its CPUs: none
  pinning control A2 pass 2: busy outside its CPUs: none
(A) ATTRIBUTED to where ORT's own threads land, not the clock and not a thread outside ORT: A0 is bimodal and A1 (8 distinct cores, pinned, their siblings free) is unimodal.
  SMT sufficiency: A3 (one doubled core) p50 7.18, 7.21 ms against A0's slow level 7.17: matches within 15%
  association in A0: slow share 0.44 in 17 seconds with a doubled core, 0.24 in 2 without: does not hold
(A) VERDICT: placement. A doubled core can give the slow level, but the busy map does not tie it to the slow reps: doubling and scheduler migration are not separated.
  control A16 (16 threads): pass 1 unimodal p50 4.09 ms, pass 2 unimodal p50 4.10 ms
  control AD (ORT's default threading): pass 1 bimodal p50 4.14 ms, pass 2 bimodal p50 4.15 ms
  reported: unpinned sessions (A0 and AD) with a core holding two ideal processors: 18, median p50 4.16 ms; without: 2, median p50 5.59 ms

(B) fp32 S2 M=2048  (decides)
  session  0  level   125.50 ms  steady  create   174.6 ms  dedicated     5.9 MB  shared   494.9 MB
  session  1  level   120.67 ms  steady  create   133.2 ms  dedicated     5.9 MB  shared   494.9 MB
  session  2  level   126.62 ms  steady  create   113.2 ms  dedicated     5.9 MB  shared   494.9 MB
  session  3  level   126.26 ms  steady  create   130.0 ms  dedicated     5.9 MB  shared   494.9 MB
  session  4  level   122.76 ms  steady  create   115.6 ms  dedicated     5.9 MB  shared   494.9 MB
  session  5  level   124.79 ms  steady  create   130.8 ms  dedicated     5.9 MB  shared   494.9 MB
  session  6  level   122.54 ms  steady  create   120.6 ms  dedicated     5.9 MB  shared   494.9 MB
  session  7  level   124.65 ms  steady  create   136.2 ms  dedicated     5.9 MB  shared   494.9 MB
  session  8  level   129.12 ms  steady  create   116.3 ms  dedicated     5.9 MB  shared   494.9 MB
  session  9  level   120.21 ms  steady  create   128.5 ms  dedicated     5.9 MB  shared   494.9 MB
  session 10  level   112.09 ms  steady  create   115.4 ms  dedicated     5.9 MB  shared   494.9 MB
  session 11  level   115.57 ms  steady  create   129.0 ms  dedicated     5.9 MB  shared   494.9 MB
  session 12  level   129.55 ms  steady  create   120.3 ms  dedicated     5.9 MB  shared   494.9 MB
  session 13  level   127.72 ms  steady  create   140.3 ms  dedicated     5.9 MB  shared   494.9 MB
  session 14  level   129.35 ms  steady  create   132.3 ms  dedicated     5.9 MB  shared   494.9 MB
  session 15  level   129.73 ms  steady  create   139.5 ms  dedicated     5.9 MB  shared   494.9 MB
  session 16  level   125.05 ms  steady  create   115.3 ms  dedicated     5.9 MB  shared   494.9 MB
  session 17  level   130.18 ms  steady  create   131.2 ms  dedicated     5.9 MB  shared   494.9 MB
  session 18  level   133.42 ms  steady  create   120.3 ms  dedicated     5.9 MB  shared   494.9 MB
  session 19  level   128.37 ms  steady  create   129.0 ms  dedicated     5.9 MB  shared   494.9 MB
  block    0  level   108.06 ms  steady  dedicated     5.9 MB  shared   494.9 MB
  block    1  level   108.23 ms  steady  dedicated     5.9 MB  shared   494.9 MB
  block    2  level   108.17 ms  steady  dedicated     5.9 MB  shared   494.9 MB
  block    3  level   107.46 ms  steady  dedicated     5.9 MB  shared   494.9 MB
  block    4  level   107.77 ms  steady  dedicated     5.9 MB  shared   494.9 MB
  block    5  level   108.63 ms  steady  dedicated     5.9 MB  shared   494.9 MB
  block    6  level   107.62 ms  steady  dedicated     5.9 MB  shared   494.9 MB
  block    7  level   107.59 ms  steady  dedicated     5.9 MB  shared   494.9 MB
  block    8  level   107.49 ms  steady  dedicated     5.9 MB  shared   494.9 MB
  block    9  level   108.23 ms  steady  dedicated     5.9 MB  shared   494.9 MB
  block   10  level   107.56 ms  steady  dedicated     5.9 MB  shared   494.9 MB
  block   11  level   107.55 ms  steady  dedicated     5.9 MB  shared   494.9 MB
  block   12  level   107.69 ms  steady  dedicated     5.9 MB  shared   494.9 MB
  block   13  level   107.80 ms  unsteady  dedicated     5.9 MB  shared   494.9 MB
  block   14  level   108.48 ms  steady  dedicated     5.9 MB  shared   494.9 MB
  block   15  level   107.93 ms  steady  dedicated     5.9 MB  shared   494.9 MB
  block   16  level   108.09 ms  steady  dedicated     5.9 MB  shared   494.9 MB
  block   17  level   107.50 ms  steady  dedicated     5.9 MB  shared   494.9 MB
  block   18  level   108.23 ms  steady  dedicated     5.9 MB  shared   494.9 MB
  block   19  level   108.03 ms  steady  dedicated     5.9 MB  shared   494.9 MB
  across steady sessions (20 of 20): max/min 1.190; across blocks of one session: 1.011
(B) VERDICT: per-session state. Fresh sessions land at different levels and one session holds its level, but the memory witness does not separate slow sessions from fast: the cause inside session creation is unattributed.
(B) fp16 S1 M=2048  (reported)
  session  0  level    22.77 ms  unsteady  create    30.9 ms  dedicated     4.3 MB  shared    98.9 MB
  session  1  level    24.66 ms  unsteady  create    30.7 ms  dedicated     4.3 MB  shared    99.4 MB
  session  2  level    23.08 ms  unsteady  create    31.8 ms  dedicated     4.3 MB  shared    99.4 MB
  session  3  level    20.97 ms  unsteady  create    31.6 ms  dedicated     4.3 MB  shared    99.4 MB
  session  4  level    21.76 ms  unsteady  create    31.5 ms  dedicated     4.3 MB  shared    99.4 MB
  session  5  level    20.53 ms  unsteady  create    30.7 ms  dedicated     4.3 MB  shared    99.4 MB
  session  6  level    20.63 ms  unsteady  create    30.8 ms  dedicated     4.3 MB  shared    99.4 MB
  session  7  level    21.15 ms  unsteady  create    29.9 ms  dedicated     4.3 MB  shared    99.4 MB
  session  8  level    20.61 ms  unsteady  create    35.0 ms  dedicated     4.3 MB  shared    99.4 MB
  session  9  level    21.05 ms  unsteady  create    36.1 ms  dedicated     4.3 MB  shared    99.4 MB
  session 10  level    20.98 ms  steady  create    32.7 ms  dedicated     4.3 MB  shared    99.4 MB
  session 11  level    20.52 ms  unsteady  create    30.8 ms  dedicated     4.3 MB  shared    99.4 MB
  session 12  level    20.79 ms  unsteady  create    32.3 ms  dedicated     4.3 MB  shared    99.4 MB
  session 13  level    21.01 ms  unsteady  create    35.7 ms  dedicated     4.3 MB  shared    99.4 MB
  session 14  level    20.48 ms  unsteady  create    35.0 ms  dedicated     4.3 MB  shared    99.4 MB
  session 15  level    21.58 ms  unsteady  create    32.3 ms  dedicated     4.3 MB  shared    99.4 MB
  session 16  level    19.92 ms  unsteady  create    33.3 ms  dedicated     4.3 MB  shared    99.4 MB
  session 17  level    21.09 ms  unsteady  create    41.3 ms  dedicated     4.3 MB  shared    99.4 MB
  session 18  level    21.84 ms  unsteady  create    33.7 ms  dedicated     4.3 MB  shared    99.4 MB
  session 19  level    20.77 ms  unsteady  create    33.4 ms  dedicated     4.3 MB  shared    99.4 MB
  block    0  level    20.75 ms  unsteady  dedicated     4.3 MB  shared    99.4 MB
  block    1  level    22.27 ms  unsteady  dedicated     4.3 MB  shared    99.4 MB
  block    2  level    23.14 ms  unsteady  dedicated     4.3 MB  shared    99.4 MB
  block    3  level    20.04 ms  unsteady  dedicated     4.3 MB  shared    99.4 MB
  block    4  level    21.46 ms  unsteady  dedicated     4.3 MB  shared    99.4 MB
  block    5  level    22.19 ms  unsteady  dedicated     4.3 MB  shared    99.4 MB
  block    6  level    21.88 ms  unsteady  dedicated     4.3 MB  shared    99.4 MB
  block    7  level    22.89 ms  unsteady  dedicated     4.3 MB  shared    99.4 MB
  block    8  level    21.21 ms  unsteady  dedicated     4.3 MB  shared    99.4 MB
  block    9  level    21.67 ms  unsteady  dedicated     4.3 MB  shared    99.4 MB
  block   10  level    21.35 ms  unsteady  dedicated     4.3 MB  shared    99.4 MB
  block   11  level    22.01 ms  unsteady  dedicated     4.3 MB  shared    99.4 MB
  block   12  level    22.35 ms  unsteady  dedicated     4.3 MB  shared    99.4 MB
  block   13  level    22.54 ms  unsteady  dedicated     4.3 MB  shared    99.4 MB
  block   14  level    22.40 ms  unsteady  dedicated     4.3 MB  shared    99.4 MB
  block   15  level    22.02 ms  unsteady  dedicated     4.3 MB  shared    99.4 MB
  block   16  level    21.91 ms  unsteady  dedicated     4.3 MB  shared    99.4 MB
  block   17  level    21.74 ms  unsteady  dedicated     4.3 MB  shared    99.4 MB
  block   18  level    22.20 ms  unsteady  dedicated     4.3 MB  shared    99.4 MB
  block   19  level    20.49 ms  unsteady  dedicated     4.3 MB  shared    99.4 MB
  across steady sessions (1 of 20): max/min 1.000; across blocks of one session: 1.155
