UTC: 2026-09-24T01:11:38.839910+00:00
MACHINE: DESKTOP-CBL5NUA AMD64 Family 25 Model 117 Stepping 2, AuthenticAMD
COMMAND: bash scripts/research-iron.sh tools/llm_prefill_bench.py npu
COMMIT: d51a427015c96022ff3577f3d89380f85978815c
PRE_DEVICE_WITNESS

-----------------------------
[003d:00:01.1] : NPU Phoenix
-----------------------------
AIE Partitions
  No hardware contexts running on device


HEADER {"host": "DESKTOP-CBL5NUA", "ml_dtypes": "0.6.0", "mm_cc_sha256": "7c7b4638be1c8fe6b5e262ab4916613784b283189c329e8921c536fba1cb2aba", "numpy": "2.5.3", "python": "3.13.15", "whole_array_sha256": "92db1cad98aa2ec0670f0f39a3cd3e93d12ebe0d91ee0bc457adb16dbd51c01e"}
HOST_LOAD busy_cores=1 logical_cores=16 free_ram_gb=18.2 sample_sec=1 peer_busy_cores []
ARTIFACT bf16_M512_K4096_N4096_m32k64n128cs1 insts_sha256 5baacc78aeefa2e37593582b431bef9efd0f0f1764c6ee5bc632b44b6cb462ca
ARTIFACT bf16_M512_K4096_N4096_m64k64n64cs1 insts_sha256 c4b0cceb88502ad04852144bb2bdf9301d22aed1f2b51aa14cc9e9284690d502
ARTIFACT bf16_M512_K4096_N11008_m16k64n64cs0 insts_sha256 64bfb894b90bcc98af46a2b1d9a296cb1a7c4cac4eee9cba0c2eded491afd76b
ARTIFACT bf16_M512_K4096_N2816_m64k64n64cs1 insts_sha256 fc15164162b566d0c2b324481b13b618940970f88f1b40b061ee0209bac0d2d9
ARTIFACT bf16_M512_K11008_N4096_m32k64n128cs1 insts_sha256 1a8afacb3cf0120ff1bc5f7c24f132bb8698718b292bf940a7ccaf0e1ac93a83
ARTIFACT bf16_M512_K11008_N4096_m64k64n32cs0 insts_sha256 6f06ed0f40b475e948850beaa5dac29fab636d6244abb30adc7e4d0c5488c9d8
ARTIFACT i8_M512_K4096_N4096_m64k128n64cs1 insts_sha256 6af535ccc56df09ab238a957c2d85d1b43ac998ed9256ed3e24938e8e40c596c
ARTIFACT i8_M512_K4096_N4096_m64k64n64cs0 insts_sha256 25804b1675fe6e7065d5cac9fc879dcb42c8691f799e06009f6d186230649d68
ARTIFACT i8_M512_K4096_N11008_m16k64n64cs0 insts_sha256 99839efa966cdc2f01a349d7da68f5de99d3e8f02729aab76a137e29066eb836
ARTIFACT i8_M512_K4096_N2816_m64k128n64cs1 insts_sha256 ca67570858ef825efd2acad641e8e676cd76f8afa498a7bcd800f2698c142267
ARTIFACT i8_M512_K4096_N2816_m64k64n64cs0 insts_sha256 9b6a547affd1050d74fc42a418edcfe58a2e54d824ed17b1153b4ef244ebeb74
ARTIFACT i8_M512_K11008_N4096_m64k128n64cs1 insts_sha256 d99f617f8e2b02f891e9b59ed78ac35bebc408165e4c92c0638bcec57676ff44
ARTIFACT i8_M512_K11008_N4096_m64k64n64cs0 insts_sha256 3a306eaf72550e8d24de05d7cb3746ef67b34249bc48f4d4671bc80eb5a70c69
ARTIFACT bf16_M2048_K4096_N4096_m32k64n128cs1 insts_sha256 e67727d58b83dd9f996a765ef10d9924f56984bc21a655693d1d30f169c3ea86
ARTIFACT bf16_M2048_K4096_N4096_m64k64n64cs1 insts_sha256 4eadf965b5605656f0409f70f1e89b0e7ad2ace5750b9fabd63c2eeada2a7f45
ARTIFACT bf16_M2048_K4096_N11008_m16k64n64cs0 insts_sha256 48c0f5591297f8c1d3989463add0fb6d4a08b7f8e2b818a4f3af4ccc55d0aaa4
ARTIFACT bf16_M2048_K4096_N2816_m64k64n64cs1 insts_sha256 710963ee81a933725e539e62ffacba8b6288e9090374da5d282773b6eea40159
ARTIFACT bf16_M2048_K11008_N4096_m32k64n128cs1 insts_sha256 d470bb5e1de26230a46deb286649632d54e7220750f86d85ea9bfb6f04ad6b4d
ARTIFACT bf16_M2048_K11008_N4096_m64k64n32cs0 insts_sha256 0693bae1b3d4a67a0c83c4c87deba6a1736502b0ac94a0a5d83aec16b44cef2d
ARTIFACT i8_M2048_K4096_N4096_m64k128n64cs1 insts_sha256 d94fdd6e4f89886bdb0609bf8b68adf517ce9fdfe1378e70fe772646a2203f5d
ARTIFACT i8_M2048_K4096_N4096_m64k64n64cs0 insts_sha256 932821fa50f2cca4a733645a189a53ea02e468696bb29159df2a656ae06a67b7
ARTIFACT i8_M2048_K4096_N11008_m16k64n64cs0 insts_sha256 aca4f1a9ac4a0640fce2556cfadcf302f55fb487a567a2744906cf608cf44acc
ARTIFACT i8_M2048_K4096_N2816_m64k128n64cs1 insts_sha256 aafac9feae8d12c04f0c13696bae7bab77e2460209e5dfe21dedfefecf760efd
ARTIFACT i8_M2048_K4096_N2816_m64k64n64cs0 insts_sha256 3ef06643271a44a3e71bf3963eacca8d19c087b7ba0dfb7d6116237bbdb82572
ARTIFACT i8_M2048_K11008_N4096_m64k128n64cs1 insts_sha256 0faad118071d2d35bff782725aba073587700cbb732a839175ec1cca275c870a
ARTIFACT i8_M2048_K11008_N4096_m64k64n64cs0 insts_sha256 05aeb1c3bbe61d96e7b3b3384f9b562c12a6cbc8fa8b3e2fb3becf88b7cd2551
ARTIFACT bf16_M512_K512_N512_m64k64n64cs1 insts_sha256 24552d6b26c5c8a19c0a785acb258b459e1bed183531d7a048858135a168f306
ARTIFACT i8_M512_K512_N512_m64k64n64cs0 insts_sha256 ada233edffcd99a3bde5ad62837d40f1e575dfa57fa42958f247ec70806c2165
INPUTS_MANIFEST_SHA256 9c5454169184a4b307059fbcbb8519cc31403b48d902918ea66c8023e43dbaf1
REFERENCES 4.8 s
SMOKE_JSON {"dtype": "bf16", "ok": true, "runs": [true, true], "rel_l2_own": 1.5698380178379933e-07}
SMOKE_JSON {"dtype": "i8", "ok": true, "runs": [true, true], "rel_l2_own": 0.0}
ROW_JSON {"chip": "npu", "arm": "bf16", "threads": 0, "form": "", "config": "S1-P", "shape": "S1", "M": 512, "K": 4096, "N": 4096, "pass": 1, "tiles": ["bf16_M512_K4096_N4096_m32k64n128cs1"], "median_ms": 6.5457, "ms": [6.4944, 6.5235, 6.5716, 6.553, 7.2102, 6.5389, 6.5861, 6.5525, 6.4959, 6.5372], "ok": true, "acc_rel_l2": 6.092703262854099e-07, "rel_l2": 0.002346009468034319, "max_abs_rel": 0.00252687477244263, "finite": true}
ROW_JSON {"chip": "npu", "arm": "bf16", "threads": 0, "form": "", "config": "S1-P", "shape": "S1", "M": 2048, "K": 4096, "N": 4096, "pass": 1, "tiles": ["bf16_M2048_K4096_N4096_m32k64n128cs1"], "median_ms": 25.5414, "ms": [25.4881, 25.533, 25.5405, 25.6688, 25.4798, 25.5985, 25.5565, 25.4951, 25.5422, 26.3267], "ok": true, "acc_rel_l2": 6.09320500951682e-07, "rel_l2": 0.0023483656707342206, "max_abs_rel": 0.002327633647194099, "finite": true}
ROW_JSON {"chip": "npu", "arm": "bf16", "threads": 0, "form": "", "config": "S1-F", "shape": "S1", "M": 512, "K": 4096, "N": 4096, "pass": 1, "tiles": ["bf16_M512_K4096_N4096_m64k64n64cs1"], "median_ms": 6.8312, "ms": [6.8918, 6.7789, 6.7981, 6.8325, 6.7854, 6.83, 6.8375, 6.8432, 6.8437, 6.8004], "ok": true, "acc_rel_l2": 6.092703262854099e-07, "rel_l2": 0.002346009468034319, "max_abs_rel": 0.00252687477244263, "finite": true}
ROW_JSON {"chip": "npu", "arm": "bf16", "threads": 0, "form": "", "config": "S1-F", "shape": "S1", "M": 2048, "K": 4096, "N": 4096, "pass": 1, "tiles": ["bf16_M2048_K4096_N4096_m64k64n64cs1"], "median_ms": 26.3072, "ms": [26.3731, 26.1303, 26.1586, 26.4515, 26.106, 26.3797, 26.1483, 26.8014, 26.6987, 26.2413], "ok": true, "acc_rel_l2": 6.09320500951682e-07, "rel_l2": 0.0023483656707342206, "max_abs_rel": 0.002327633647194099, "finite": true}
ROW_JSON {"chip": "npu", "arm": "bf16", "threads": 0, "form": "", "config": "S2u", "shape": "S2", "M": 512, "K": 4096, "N": 11008, "pass": 1, "tiles": ["bf16_M512_K4096_N11008_m16k64n64cs0"], "median_ms": 52.4194, "ms": [51.8664, 53.3512, 52.9437, 51.1648, 51.8152, 52.5608, 52.1753, 52.5901, 52.6628, 52.2781], "ok": true, "acc_rel_l2": 6.086912776310756e-07, "rel_l2": 0.002347721230444027, "max_abs_rel": 0.002399834820922136, "finite": true}
ROW_JSON {"chip": "npu", "arm": "bf16", "threads": 0, "form": "", "config": "S2u", "shape": "S2", "M": 2048, "K": 4096, "N": 11008, "pass": 1, "tiles": ["bf16_M2048_K4096_N11008_m16k64n64cs0"], "median_ms": 189.8934, "ms": [191.3704, 193.8746, 191.913, 190.0852, 190.5803, 189.5766, 188.7959, 189.7017, 189.154, 188.4237], "ok": true, "acc_rel_l2": 6.089877201953541e-07, "rel_l2": 0.002347435280117753, "max_abs_rel": 0.0022806937803999763, "finite": true}
ROW_JSON {"chip": "npu", "arm": "bf16", "threads": 0, "form": "", "config": "S2s-P", "shape": "S2", "M": 512, "K": 4096, "N": 11008, "pass": 1, "tiles": ["bf16_M512_K4096_N4096_m32k64n128cs1", "bf16_M512_K4096_N2816_m64k64n64cs1"], "concat_ms": 6.7843, "median_ms": 21.4357, "ms": [21.5369, 20.989, 21.361, 21.6519, 21.68, 21.2074, 21.5105, 21.6766, 21.1455, 21.3067], "ok": true, "acc_rel_l2": 6.086912776310756e-07, "rel_l2": 0.002347721230444027, "max_abs_rel": 0.002399834820922136, "finite": true}
ROW_JSON {"chip": "npu", "arm": "bf16", "threads": 0, "form": "", "config": "S2s-P", "shape": "S2", "M": 2048, "K": 4096, "N": 11008, "pass": 1, "tiles": ["bf16_M2048_K4096_N4096_m32k64n128cs1", "bf16_M2048_K4096_N2816_m64k64n64cs1"], "concat_ms": 29.4426, "median_ms": 72.0375, "ms": [72.0164, 71.675, 72.5172, 72.311, 72.3469, 71.8505, 71.9348, 72.2926, 72.0585, 71.9378], "ok": true, "acc_rel_l2": 6.089877201953541e-07, "rel_l2": 0.002347435280117753, "max_abs_rel": 0.0022806937803999763, "finite": true}
ROW_JSON {"chip": "npu", "arm": "bf16", "threads": 0, "form": "", "config": "S2s-F", "shape": "S2", "M": 512, "K": 4096, "N": 11008, "pass": 1, "tiles": ["bf16_M512_K4096_N4096_m64k64n64cs1", "bf16_M512_K4096_N2816_m64k64n64cs1"], "concat_ms": 6.9816, "median_ms": 21.6944, "ms": [21.8494, 21.6194, 21.6578, 21.4064, 21.8114, 22.078, 21.0208, 20.8959, 21.7309, 21.8337], "ok": true, "acc_rel_l2": 6.086912776310756e-07, "rel_l2": 0.002347721230444027, "max_abs_rel": 0.002399834820922136, "finite": true}
ROW_JSON {"chip": "npu", "arm": "bf16", "threads": 0, "form": "", "config": "S2s-F", "shape": "S2", "M": 2048, "K": 4096, "N": 11008, "pass": 1, "tiles": ["bf16_M2048_K4096_N4096_m64k64n64cs1", "bf16_M2048_K4096_N2816_m64k64n64cs1"], "concat_ms": 28.4185, "median_ms": 73.328, "ms": [73.7521, 73.5517, 73.1973, 73.7585, 73.4876, 73.1881, 73.1626, 73.0319, 73.1574, 73.4587], "ok": true, "acc_rel_l2": 6.089877201953541e-07, "rel_l2": 0.002347435280117753, "max_abs_rel": 0.0022806937803999763, "finite": true}
ROW_JSON {"chip": "npu", "arm": "bf16", "threads": 0, "form": "", "config": "S3-P", "shape": "S3", "M": 512, "K": 11008, "N": 4096, "pass": 1, "tiles": ["bf16_M512_K11008_N4096_m32k64n128cs1"], "median_ms": 17.2103, "ms": [17.1108, 17.1193, 17.232, 17.2812, 17.3798, 16.816, 17.0968, 17.3627, 17.2071, 17.2136], "ok": true, "acc_rel_l2": 1.1552444617846913e-06, "rel_l2": 0.002345608942315214, "max_abs_rel": 0.00250711633801321, "finite": true}
ROW_JSON {"chip": "npu", "arm": "bf16", "threads": 0, "form": "", "config": "S3-P", "shape": "S3", "M": 2048, "K": 11008, "N": 4096, "pass": 1, "tiles": ["bf16_M2048_K11008_N4096_m32k64n128cs1"], "median_ms": 66.4698, "ms": [66.6501, 66.9364, 66.3373, 66.618, 66.4605, 66.211, 66.7647, 66.4494, 66.4791, 66.2573], "ok": true, "acc_rel_l2": 1.1544947588402918e-06, "rel_l2": 0.0023462578964250744, "max_abs_rel": 0.002390554781977219, "finite": true}
ROW_JSON {"chip": "npu", "arm": "bf16", "threads": 0, "form": "", "config": "S3-F", "shape": "S3", "M": 512, "K": 11008, "N": 4096, "pass": 1, "tiles": ["bf16_M512_K11008_N4096_m64k64n32cs0"], "median_ms": 26.0848, "ms": [25.8231, 26.1641, 26.2506, 25.8667, 26.1016, 26.0985, 25.8864, 26.0711, 25.9233, 26.2023], "ok": true, "acc_rel_l2": 1.1552444617846913e-06, "rel_l2": 0.002345608942315214, "max_abs_rel": 0.00250711633801321, "finite": true}
ROW_JSON {"chip": "npu", "arm": "bf16", "threads": 0, "form": "", "config": "S3-F", "shape": "S3", "M": 2048, "K": 11008, "N": 4096, "pass": 1, "tiles": ["bf16_M2048_K11008_N4096_m64k64n32cs0"], "median_ms": 102.7323, "ms": [102.6385, 104.1345, 102.7522, 102.7671, 102.5023, 102.7124, 103.0153, 102.6398, 102.7545, 102.5487], "ok": true, "acc_rel_l2": 1.1544947588402918e-06, "rel_l2": 0.0023462578964250744, "max_abs_rel": 0.002390554781977219, "finite": true}
ROW_JSON {"chip": "npu", "arm": "int8", "threads": 0, "form": "", "config": "S1-P", "shape": "S1", "M": 512, "K": 4096, "N": 4096, "pass": 1, "tiles": ["i8_M512_K4096_N4096_m64k128n64cs1"], "median_ms": 4.8126, "ms": [4.7443, 4.6498, 4.711, 4.6856, 5.1151, 4.8756, 4.7845, 4.8554, 4.8407, 5.1238], "ok": true, "int32_sha": "934bbb68fe8adc3da97411aaa607062f27f75ac89370aa3a0bb92da52785d1d9", "rel_l2": 0.014681032453893713, "max_abs_rel": 0.014370140690866996, "finite": true}
ROW_JSON {"chip": "npu", "arm": "int8", "threads": 0, "form": "", "config": "S1-P", "shape": "S1", "M": 2048, "K": 4096, "N": 4096, "pass": 1, "tiles": ["i8_M2048_K4096_N4096_m64k128n64cs1"], "median_ms": 17.7972, "ms": [17.6235, 17.7226, 17.8654, 18.033, 18.1206, 17.9945, 17.7289, 17.1804, 17.9372, 17.6572], "ok": true, "int32_sha": "f141a36d43f6c1bf5f6899616e0875cb40b434e6c53813aea25ce345ecf6e1f8", "rel_l2": 0.01468136287395951, "max_abs_rel": 0.015557361392458733, "finite": true}
ROW_JSON {"chip": "npu", "arm": "int8", "threads": 0, "form": "", "config": "S1-F", "shape": "S1", "M": 512, "K": 4096, "N": 4096, "pass": 1, "tiles": ["i8_M512_K4096_N4096_m64k64n64cs0"], "median_ms": 6.0534, "ms": [5.9037, 5.8775, 6.0815, 5.5323, 6.1585, 5.9789, 6.3473, 6.3465, 6.412, 6.0252], "ok": true, "int32_sha": "934bbb68fe8adc3da97411aaa607062f27f75ac89370aa3a0bb92da52785d1d9", "rel_l2": 0.014681032453893713, "max_abs_rel": 0.014370140690866996, "finite": true}
ROW_JSON {"chip": "npu", "arm": "int8", "threads": 0, "form": "", "config": "S1-F", "shape": "S1", "M": 2048, "K": 4096, "N": 4096, "pass": 1, "tiles": ["i8_M2048_K4096_N4096_m64k64n64cs0"], "median_ms": 21.9797, "ms": [21.8725, 22.1433, 21.996, 21.6977, 21.7758, 22.1126, 22.1746, 22.2221, 21.5992, 21.9634], "ok": true, "int32_sha": "f141a36d43f6c1bf5f6899616e0875cb40b434e6c53813aea25ce345ecf6e1f8", "rel_l2": 0.01468136287395951, "max_abs_rel": 0.015557361392458733, "finite": true}
ROW_JSON {"chip": "npu", "arm": "int8", "threads": 0, "form": "", "config": "S2u", "shape": "S2", "M": 512, "K": 4096, "N": 11008, "pass": 1, "tiles": ["i8_M512_K4096_N11008_m16k64n64cs0"], "median_ms": 38.7113, "ms": [38.765, 38.7591, 38.1252, 39.071, 38.8579, 38.7117, 38.1319, 38.7109, 38.5811, 37.1469], "ok": true, "int32_sha": "21d4f7e1ac7c556fa371588edcf4b03af62bd81c5c7a34cca2b5997b2786585c", "rel_l2": 0.014672223460813342, "max_abs_rel": 0.01530352729209696, "finite": true}
ROW_JSON {"chip": "npu", "arm": "int8", "threads": 0, "form": "", "config": "S2u", "shape": "S2", "M": 2048, "K": 4096, "N": 11008, "pass": 1, "tiles": ["i8_M2048_K4096_N11008_m16k64n64cs0"], "median_ms": 149.7481, "ms": [149.7476, 151.602, 150.1941, 149.7485, 150.4066, 150.6244, 148.8558, 149.7362, 149.6109, 149.186], "ok": true, "int32_sha": "78d63458a978d0cde7b087246865ee333fe616b087cbaa29a436b0e7258cc74e", "rel_l2": 0.014672217477719305, "max_abs_rel": 0.014204905433066442, "finite": true}
ROW_JSON {"chip": "npu", "arm": "int8", "threads": 0, "form": "", "config": "S2s-P", "shape": "S2", "M": 512, "K": 4096, "N": 11008, "pass": 1, "tiles": ["i8_M512_K4096_N4096_m64k128n64cs1", "i8_M512_K4096_N2816_m64k128n64cs1"], "concat_ms": 7.6341, "median_ms": 15.4369, "ms": [15.6032, 15.6046, 14.661, 14.4943, 15.3198, 15.1853, 18.3314, 15.554, 15.3068, 15.6659], "ok": true, "int32_sha": "21d4f7e1ac7c556fa371588edcf4b03af62bd81c5c7a34cca2b5997b2786585c", "rel_l2": 0.014672223460813342, "max_abs_rel": 0.01530352729209696, "finite": true}
ROW_JSON {"chip": "npu", "arm": "int8", "threads": 0, "form": "", "config": "S2s-P", "shape": "S2", "M": 2048, "K": 4096, "N": 11008, "pass": 1, "tiles": ["i8_M2048_K4096_N4096_m64k128n64cs1", "i8_M2048_K4096_N2816_m64k128n64cs1"], "concat_ms": 26.9003, "median_ms": 48.5674, "ms": [48.5615, 48.4582, 48.7455, 47.961, 49.2159, 48.9868, 48.5732, 48.0754, 48.1175, 48.6699], "ok": true, "int32_sha": "78d63458a978d0cde7b087246865ee333fe616b087cbaa29a436b0e7258cc74e", "rel_l2": 0.014672217477719305, "max_abs_rel": 0.014204905433066442, "finite": true}
ROW_JSON {"chip": "npu", "arm": "int8", "threads": 0, "form": "", "config": "S2s-F", "shape": "S2", "M": 512, "K": 4096, "N": 11008, "pass": 1, "tiles": ["i8_M512_K4096_N4096_m64k64n64cs0", "i8_M512_K4096_N2816_m64k64n64cs0"], "concat_ms": 6.893, "median_ms": 17.6373, "ms": [18.0635, 16.9861, 17.5036, 17.2576, 17.0926, 17.087, 18.2699, 18.5394, 18.1878, 17.7709], "ok": true, "int32_sha": "21d4f7e1ac7c556fa371588edcf4b03af62bd81c5c7a34cca2b5997b2786585c", "rel_l2": 0.014672223460813342, "max_abs_rel": 0.01530352729209696, "finite": true}
ROW_JSON {"chip": "npu", "arm": "int8", "threads": 0, "form": "", "config": "S2s-F", "shape": "S2", "M": 2048, "K": 4096, "N": 11008, "pass": 1, "tiles": ["i8_M2048_K4096_N4096_m64k64n64cs0", "i8_M2048_K4096_N2816_m64k64n64cs0"], "concat_ms": 27.1478, "median_ms": 58.3003, "ms": [59.1898, 58.2567, 57.7678, 58.462, 58.2619, 58.9053, 58.3387, 58.9017, 57.9704, 57.8428], "ok": true, "int32_sha": "78d63458a978d0cde7b087246865ee333fe616b087cbaa29a436b0e7258cc74e", "rel_l2": 0.014672217477719305, "max_abs_rel": 0.014204905433066442, "finite": true}
ROW_JSON {"chip": "npu", "arm": "int8", "threads": 0, "form": "", "config": "S3-P", "shape": "S3", "M": 512, "K": 11008, "N": 4096, "pass": 1, "tiles": ["i8_M512_K11008_N4096_m64k128n64cs1"], "median_ms": 11.5243, "ms": [11.4011, 11.6145, 11.6972, 11.324, 11.5176, 11.6613, 11.5799, 11.5309, 11.2709, 11.2948], "ok": true, "int32_sha": "4ccb6cb7e1776e74d1ec592a6553dce648c0a86228d66bb280ca433651215f1a", "rel_l2": 0.015382928228998807, "max_abs_rel": 0.014946259397185978, "finite": true}
ROW_JSON {"chip": "npu", "arm": "int8", "threads": 0, "form": "", "config": "S3-P", "shape": "S3", "M": 2048, "K": 11008, "N": 4096, "pass": 1, "tiles": ["i8_M2048_K11008_N4096_m64k128n64cs1"], "median_ms": 43.7616, "ms": [43.6113, 43.9531, 42.4431, 43.9394, 44.4204, 42.7704, 43.2095, 43.9119, 42.7551, 44.2685], "ok": true, "int32_sha": "6ca25656bed5f24c936906c360efbd48db82d9de6a8114ed0c10812b10ad5969", "rel_l2": 0.01538738044947507, "max_abs_rel": 0.015815713929425376, "finite": true}
ROW_JSON {"chip": "npu", "arm": "int8", "threads": 0, "form": "", "config": "S3-F", "shape": "S3", "M": 512, "K": 11008, "N": 4096, "pass": 1, "tiles": ["i8_M512_K11008_N4096_m64k64n64cs0"], "median_ms": 14.1555, "ms": [14.2602, 14.2017, 14.2396, 13.988, 13.708, 14.0539, 13.9101, 14.1092, 14.3811, 14.8297], "ok": true, "int32_sha": "4ccb6cb7e1776e74d1ec592a6553dce648c0a86228d66bb280ca433651215f1a", "rel_l2": 0.015382928228998807, "max_abs_rel": 0.014946259397185978, "finite": true}
ROW_JSON {"chip": "npu", "arm": "int8", "threads": 0, "form": "", "config": "S3-F", "shape": "S3", "M": 2048, "K": 11008, "N": 4096, "pass": 1, "tiles": ["i8_M2048_K11008_N4096_m64k64n64cs0"], "median_ms": 54.4186, "ms": [54.0289, 55.383, 53.9214, 55.0341, 54.5467, 53.8656, 54.2905, 55.0623, 53.8129, 54.8674], "ok": true, "int32_sha": "6ca25656bed5f24c936906c360efbd48db82d9de6a8114ed0c10812b10ad5969", "rel_l2": 0.01538738044947507, "max_abs_rel": 0.015815713929425376, "finite": true}
ROW_JSON {"chip": "npu", "arm": "int8", "threads": 0, "form": "", "config": "S3-F", "shape": "S3", "M": 2048, "K": 11008, "N": 4096, "pass": 2, "tiles": ["i8_M2048_K11008_N4096_m64k64n64cs0"], "median_ms": 54.6019, "ms": [54.5131, 54.7089, 54.5134, 54.9367, 54.7481, 53.937, 54.798, 54.6904, 54.2959, 54.5014], "ok": true, "int32_sha": "6ca25656bed5f24c936906c360efbd48db82d9de6a8114ed0c10812b10ad5969", "rel_l2": 0.01538738044947507, "max_abs_rel": 0.015815713929425376, "finite": true}
ROW_JSON {"chip": "npu", "arm": "int8", "threads": 0, "form": "", "config": "S3-F", "shape": "S3", "M": 512, "K": 11008, "N": 4096, "pass": 2, "tiles": ["i8_M512_K11008_N4096_m64k64n64cs0"], "median_ms": 14.1418, "ms": [14.1406, 14.0267, 14.4059, 14.3465, 14.231, 14.1204, 14.143, 13.9891, 14.4364, 14.1357], "ok": true, "int32_sha": "4ccb6cb7e1776e74d1ec592a6553dce648c0a86228d66bb280ca433651215f1a", "rel_l2": 0.015382928228998807, "max_abs_rel": 0.014946259397185978, "finite": true}
ROW_JSON {"chip": "npu", "arm": "int8", "threads": 0, "form": "", "config": "S3-P", "shape": "S3", "M": 2048, "K": 11008, "N": 4096, "pass": 2, "tiles": ["i8_M2048_K11008_N4096_m64k128n64cs1"], "median_ms": 42.4878, "ms": [44.0478, 42.8147, 43.2599, 41.3981, 41.7837, 43.5678, 42.1608, 41.3646, 43.706, 41.8881], "ok": true, "int32_sha": "6ca25656bed5f24c936906c360efbd48db82d9de6a8114ed0c10812b10ad5969", "rel_l2": 0.01538738044947507, "max_abs_rel": 0.015815713929425376, "finite": true}
ROW_JSON {"chip": "npu", "arm": "int8", "threads": 0, "form": "", "config": "S3-P", "shape": "S3", "M": 512, "K": 11008, "N": 4096, "pass": 2, "tiles": ["i8_M512_K11008_N4096_m64k128n64cs1"], "median_ms": 11.0089, "ms": [10.701, 10.8207, 10.7464, 11.1059, 11.3293, 10.8929, 11.6456, 11.7978, 11.3236, 10.9119], "ok": true, "int32_sha": "4ccb6cb7e1776e74d1ec592a6553dce648c0a86228d66bb280ca433651215f1a", "rel_l2": 0.015382928228998807, "max_abs_rel": 0.014946259397185978, "finite": true}
ROW_JSON {"chip": "npu", "arm": "int8", "threads": 0, "form": "", "config": "S2s-F", "shape": "S2", "M": 2048, "K": 4096, "N": 11008, "pass": 2, "tiles": ["i8_M2048_K4096_N4096_m64k64n64cs0", "i8_M2048_K4096_N2816_m64k64n64cs0"], "concat_ms": 27.2954, "median_ms": 58.6646, "ms": [58.1437, 59.4763, 59.0267, 58.5951, 58.4979, 59.2734, 58.5387, 58.2306, 58.9325, 58.7341], "ok": true, "int32_sha": "78d63458a978d0cde7b087246865ee333fe616b087cbaa29a436b0e7258cc74e", "rel_l2": 0.014672217477719305, "max_abs_rel": 0.014204905433066442, "finite": true}
ROW_JSON {"chip": "npu", "arm": "int8", "threads": 0, "form": "", "config": "S2s-F", "shape": "S2", "M": 512, "K": 4096, "N": 11008, "pass": 2, "tiles": ["i8_M512_K4096_N4096_m64k64n64cs0", "i8_M512_K4096_N2816_m64k64n64cs0"], "concat_ms": 6.8785, "median_ms": 17.994, "ms": [18.2712, 17.9465, 17.724, 17.6063, 18.5311, 18.1668, 17.7398, 18.0415, 17.8595, 18.3419], "ok": true, "int32_sha": "21d4f7e1ac7c556fa371588edcf4b03af62bd81c5c7a34cca2b5997b2786585c", "rel_l2": 0.014672223460813342, "max_abs_rel": 0.01530352729209696, "finite": true}
ROW_JSON {"chip": "npu", "arm": "int8", "threads": 0, "form": "", "config": "S2s-P", "shape": "S2", "M": 2048, "K": 4096, "N": 11008, "pass": 2, "tiles": ["i8_M2048_K4096_N4096_m64k128n64cs1", "i8_M2048_K4096_N2816_m64k128n64cs1"], "concat_ms": 27.3223, "median_ms": 48.7563, "ms": [48.038, 48.8477, 48.9221, 48.8316, 48.0105, 48.3264, 48.6811, 49.18, 47.9652, 48.9206], "ok": true, "int32_sha": "78d63458a978d0cde7b087246865ee333fe616b087cbaa29a436b0e7258cc74e", "rel_l2": 0.014672217477719305, "max_abs_rel": 0.014204905433066442, "finite": true}
ROW_JSON {"chip": "npu", "arm": "int8", "threads": 0, "form": "", "config": "S2s-P", "shape": "S2", "M": 512, "K": 4096, "N": 11008, "pass": 2, "tiles": ["i8_M512_K4096_N4096_m64k128n64cs1", "i8_M512_K4096_N2816_m64k128n64cs1"], "concat_ms": 6.583, "median_ms": 15.6646, "ms": [16.1442, 15.7617, 14.5624, 14.4905, 15.1753, 14.8024, 15.5913, 15.7379, 15.7464, 15.8959], "ok": true, "int32_sha": "21d4f7e1ac7c556fa371588edcf4b03af62bd81c5c7a34cca2b5997b2786585c", "rel_l2": 0.014672223460813342, "max_abs_rel": 0.01530352729209696, "finite": true}
ROW_JSON {"chip": "npu", "arm": "int8", "threads": 0, "form": "", "config": "S2u", "shape": "S2", "M": 2048, "K": 4096, "N": 11008, "pass": 2, "tiles": ["i8_M2048_K4096_N11008_m16k64n64cs0"], "median_ms": 152.1927, "ms": [150.2516, 152.6362, 153.1064, 152.1017, 149.5799, 152.4792, 152.2838, 148.9822, 152.304, 151.7067], "ok": true, "int32_sha": "78d63458a978d0cde7b087246865ee333fe616b087cbaa29a436b0e7258cc74e", "rel_l2": 0.014672217477719305, "max_abs_rel": 0.014204905433066442, "finite": true}
ROW_JSON {"chip": "npu", "arm": "int8", "threads": 0, "form": "", "config": "S2u", "shape": "S2", "M": 512, "K": 4096, "N": 11008, "pass": 2, "tiles": ["i8_M512_K4096_N11008_m16k64n64cs0"], "median_ms": 38.2515, "ms": [38.7184, 41.6082, 38.5478, 38.078, 37.7678, 37.1222, 38.739, 38.425, 37.4842, 37.6405], "ok": true, "int32_sha": "21d4f7e1ac7c556fa371588edcf4b03af62bd81c5c7a34cca2b5997b2786585c", "rel_l2": 0.014672223460813342, "max_abs_rel": 0.01530352729209696, "finite": true}
ROW_JSON {"chip": "npu", "arm": "int8", "threads": 0, "form": "", "config": "S1-F", "shape": "S1", "M": 2048, "K": 4096, "N": 4096, "pass": 2, "tiles": ["i8_M2048_K4096_N4096_m64k64n64cs0"], "median_ms": 22.2032, "ms": [22.4218, 22.473, 21.7385, 21.3685, 22.3404, 21.8782, 22.1997, 21.8238, 22.5029, 22.2067], "ok": true, "int32_sha": "f141a36d43f6c1bf5f6899616e0875cb40b434e6c53813aea25ce345ecf6e1f8", "rel_l2": 0.01468136287395951, "max_abs_rel": 0.015557361392458733, "finite": true}
ROW_JSON {"chip": "npu", "arm": "int8", "threads": 0, "form": "", "config": "S1-F", "shape": "S1", "M": 512, "K": 4096, "N": 4096, "pass": 2, "tiles": ["i8_M512_K4096_N4096_m64k64n64cs0"], "median_ms": 5.7701, "ms": [5.1156, 5.6684, 5.7862, 5.9015, 5.6291, 5.7808, 5.8563, 5.6705, 5.7621, 5.7781], "ok": true, "int32_sha": "934bbb68fe8adc3da97411aaa607062f27f75ac89370aa3a0bb92da52785d1d9", "rel_l2": 0.014681032453893713, "max_abs_rel": 0.014370140690866996, "finite": true}
ROW_JSON {"chip": "npu", "arm": "int8", "threads": 0, "form": "", "config": "S1-P", "shape": "S1", "M": 2048, "K": 4096, "N": 4096, "pass": 2, "tiles": ["i8_M2048_K4096_N4096_m64k128n64cs1"], "median_ms": 17.7672, "ms": [17.8937, 17.6367, 17.7942, 18.7146, 17.0692, 17.7401, 18.2857, 17.7185, 17.3992, 17.9813], "ok": true, "int32_sha": "f141a36d43f6c1bf5f6899616e0875cb40b434e6c53813aea25ce345ecf6e1f8", "rel_l2": 0.01468136287395951, "max_abs_rel": 0.015557361392458733, "finite": true}
ROW_JSON {"chip": "npu", "arm": "int8", "threads": 0, "form": "", "config": "S1-P", "shape": "S1", "M": 512, "K": 4096, "N": 4096, "pass": 2, "tiles": ["i8_M512_K4096_N4096_m64k128n64cs1"], "median_ms": 4.8668, "ms": [4.7659, 4.9665, 4.7881, 5.1122, 5.0218, 4.9291, 5.1786, 4.8046, 4.6896, 4.8023], "ok": true, "int32_sha": "934bbb68fe8adc3da97411aaa607062f27f75ac89370aa3a0bb92da52785d1d9", "rel_l2": 0.014681032453893713, "max_abs_rel": 0.014370140690866996, "finite": true}
ROW_JSON {"chip": "npu", "arm": "bf16", "threads": 0, "form": "", "config": "S3-F", "shape": "S3", "M": 2048, "K": 11008, "N": 4096, "pass": 2, "tiles": ["bf16_M2048_K11008_N4096_m64k64n32cs0"], "median_ms": 102.6459, "ms": [102.6718, 102.6806, 102.5765, 102.8823, 103.0451, 102.6201, 102.7702, 102.4883, 102.4127, 102.6163], "ok": true, "acc_rel_l2": 1.1544947588402918e-06, "rel_l2": 0.0023462578964250744, "max_abs_rel": 0.002390554781977219, "finite": true}
ROW_JSON {"chip": "npu", "arm": "bf16", "threads": 0, "form": "", "config": "S3-F", "shape": "S3", "M": 512, "K": 11008, "N": 4096, "pass": 2, "tiles": ["bf16_M512_K11008_N4096_m64k64n32cs0"], "median_ms": 26.2095, "ms": [26.111, 26.1986, 26.2004, 26.2568, 26.1489, 25.9059, 26.3267, 26.2186, 26.3736, 26.2217], "ok": true, "acc_rel_l2": 1.1552444617846913e-06, "rel_l2": 0.002345608942315214, "max_abs_rel": 0.00250711633801321, "finite": true}
ROW_JSON {"chip": "npu", "arm": "bf16", "threads": 0, "form": "", "config": "S3-P", "shape": "S3", "M": 2048, "K": 11008, "N": 4096, "pass": 2, "tiles": ["bf16_M2048_K11008_N4096_m32k64n128cs1"], "median_ms": 66.3535, "ms": [66.5163, 66.3312, 66.3241, 66.0138, 66.3601, 66.383, 66.3562, 66.7709, 66.3509, 66.3195], "ok": true, "acc_rel_l2": 1.1544947588402918e-06, "rel_l2": 0.0023462578964250744, "max_abs_rel": 0.002390554781977219, "finite": true}
ROW_JSON {"chip": "npu", "arm": "bf16", "threads": 0, "form": "", "config": "S3-P", "shape": "S3", "M": 512, "K": 11008, "N": 4096, "pass": 2, "tiles": ["bf16_M512_K11008_N4096_m32k64n128cs1"], "median_ms": 17.0794, "ms": [17.1515, 17.1569, 17.0614, 17.0974, 17.2892, 17.1943, 17.0377, 16.7499, 16.6965, 17.0253], "ok": true, "acc_rel_l2": 1.1552444617846913e-06, "rel_l2": 0.002345608942315214, "max_abs_rel": 0.00250711633801321, "finite": true}
ROW_JSON {"chip": "npu", "arm": "bf16", "threads": 0, "form": "", "config": "S2s-F", "shape": "S2", "M": 2048, "K": 4096, "N": 11008, "pass": 2, "tiles": ["bf16_M2048_K4096_N4096_m64k64n64cs1", "bf16_M2048_K4096_N2816_m64k64n64cs1"], "concat_ms": 27.1078, "median_ms": 73.1011, "ms": [73.478, 72.8895, 72.7775, 73.609, 73.0278, 73.1744, 73.8235, 72.7882, 72.9866, 73.3249], "ok": true, "acc_rel_l2": 6.089877201953541e-07, "rel_l2": 0.002347435280117753, "max_abs_rel": 0.0022806937803999763, "finite": true}
ROW_JSON {"chip": "npu", "arm": "bf16", "threads": 0, "form": "", "config": "S2s-F", "shape": "S2", "M": 512, "K": 4096, "N": 11008, "pass": 2, "tiles": ["bf16_M512_K4096_N4096_m64k64n64cs1", "bf16_M512_K4096_N2816_m64k64n64cs1"], "concat_ms": 6.6806, "median_ms": 21.543, "ms": [21.6333, 21.3417, 21.7078, 21.5286, 21.4665, 22.4851, 21.2891, 21.5573, 21.329, 21.9913], "ok": true, "acc_rel_l2": 6.086912776310756e-07, "rel_l2": 0.002347721230444027, "max_abs_rel": 0.002399834820922136, "finite": true}
ROW_JSON {"chip": "npu", "arm": "bf16", "threads": 0, "form": "", "config": "S2s-P", "shape": "S2", "M": 2048, "K": 4096, "N": 11008, "pass": 2, "tiles": ["bf16_M2048_K4096_N4096_m32k64n128cs1", "bf16_M2048_K4096_N2816_m64k64n64cs1"], "concat_ms": 26.7922, "median_ms": 72.0272, "ms": [72.0003, 72.0553, 72.1005, 72.0542, 71.9633, 71.8905, 72.1632, 71.6772, 72.1827, 71.5927], "ok": true, "acc_rel_l2": 6.089877201953541e-07, "rel_l2": 0.002347435280117753, "max_abs_rel": 0.0022806937803999763, "finite": true}
ROW_JSON {"chip": "npu", "arm": "bf16", "threads": 0, "form": "", "config": "S2s-P", "shape": "S2", "M": 512, "K": 4096, "N": 11008, "pass": 2, "tiles": ["bf16_M512_K4096_N4096_m32k64n128cs1", "bf16_M512_K4096_N2816_m64k64n64cs1"], "concat_ms": 6.9737, "median_ms": 21.2221, "ms": [21.2727, 20.9293, 21.4691, 21.1716, 21.3572, 20.7252, 21.3676, 20.9015, 21.4509, 20.9959], "ok": true, "acc_rel_l2": 6.086912776310756e-07, "rel_l2": 0.002347721230444027, "max_abs_rel": 0.002399834820922136, "finite": true}
ROW_JSON {"chip": "npu", "arm": "bf16", "threads": 0, "form": "", "config": "S2u", "shape": "S2", "M": 2048, "K": 4096, "N": 11008, "pass": 2, "tiles": ["bf16_M2048_K4096_N11008_m16k64n64cs0"], "median_ms": 188.2472, "ms": [188.2462, 188.7896, 188.2482, 186.4255, 187.2938, 188.6536, 187.6394, 190.6053, 189.3516, 185.4047], "ok": true, "acc_rel_l2": 6.089877201953541e-07, "rel_l2": 0.002347435280117753, "max_abs_rel": 0.0022806937803999763, "finite": true}
ROW_JSON {"chip": "npu", "arm": "bf16", "threads": 0, "form": "", "config": "S2u", "shape": "S2", "M": 512, "K": 4096, "N": 11008, "pass": 2, "tiles": ["bf16_M512_K4096_N11008_m16k64n64cs0"], "median_ms": 50.2927, "ms": [50.0449, 50.1244, 51.5934, 50.2656, 49.1951, 51.4361, 51.0524, 49.454, 50.3199, 50.7508], "ok": true, "acc_rel_l2": 6.086912776310756e-07, "rel_l2": 0.002347721230444027, "max_abs_rel": 0.002399834820922136, "finite": true}
ROW_JSON {"chip": "npu", "arm": "bf16", "threads": 0, "form": "", "config": "S1-F", "shape": "S1", "M": 2048, "K": 4096, "N": 4096, "pass": 2, "tiles": ["bf16_M2048_K4096_N4096_m64k64n64cs1"], "median_ms": 26.1172, "ms": [26.2737, 26.0929, 26.0374, 26.0014, 26.0451, 26.2624, 26.0082, 26.294, 26.298, 26.1416], "ok": true, "acc_rel_l2": 6.09320500951682e-07, "rel_l2": 0.0023483656707342206, "max_abs_rel": 0.002327633647194099, "finite": true}
ROW_JSON {"chip": "npu", "arm": "bf16", "threads": 0, "form": "", "config": "S1-F", "shape": "S1", "M": 512, "K": 4096, "N": 4096, "pass": 2, "tiles": ["bf16_M512_K4096_N4096_m64k64n64cs1"], "median_ms": 7.0523, "ms": [6.8694, 7.1785, 6.795, 6.7376, 7.129, 6.9136, 6.9757, 7.1289, 7.1723, 7.2521], "ok": true, "acc_rel_l2": 6.092703262854099e-07, "rel_l2": 0.002346009468034319, "max_abs_rel": 0.00252687477244263, "finite": true}
ROW_JSON {"chip": "npu", "arm": "bf16", "threads": 0, "form": "", "config": "S1-P", "shape": "S1", "M": 2048, "K": 4096, "N": 4096, "pass": 2, "tiles": ["bf16_M2048_K4096_N4096_m32k64n128cs1"], "median_ms": 25.5575, "ms": [25.5556, 25.3306, 25.1876, 25.7553, 25.9287, 25.6471, 25.5547, 25.5595, 25.3157, 25.6912], "ok": true, "acc_rel_l2": 6.09320500951682e-07, "rel_l2": 0.0023483656707342206, "max_abs_rel": 0.002327633647194099, "finite": true}
ROW_JSON {"chip": "npu", "arm": "bf16", "threads": 0, "form": "", "config": "S1-P", "shape": "S1", "M": 512, "K": 4096, "N": 4096, "pass": 2, "tiles": ["bf16_M512_K4096_N4096_m32k64n128cs1"], "median_ms": 6.8737, "ms": [6.8945, 6.636, 6.6263, 6.7847, 6.9033, 6.9014, 6.9031, 6.9743, 6.6322, 6.8529], "ok": true, "acc_rel_l2": 6.092703262854099e-07, "rel_l2": 0.002346009468034319, "max_abs_rel": 0.00252687477244263, "finite": true}

EXIT_CODE: 0
POST_DEVICE_WITNESS

-----------------------------
[003d:00:01.1] : NPU Phoenix
-----------------------------
AIE Partitions
  No hardware contexts running on device


