UTC: 2026-09-24T00:26:32.937717+00:00
MACHINE: DESKTOP-CBL5NUA AMD64 Family 25 Model 117 Stepping 2, AuthenticAMD
COMMAND: bash scripts/research-iron.sh tools/split_sync_cost.py suite
COMMIT: a81f16deffc1461dd31483b0920d6842c6963a84
PRE_DEVICE_WITNESS

-----------------------------
[003d:00:01.1] : NPU Phoenix
-----------------------------
AIE Partitions
  No hardware contexts running on device


GPU_ENGINES_OVER_1PCT 1
GPU_ENGINE pid_31316_luid_0x00000000_0x0000badf_phys_0_eng_0_engtype_3d 1.8
HOST_LOAD busy_cores=0.7 logical_cores=16 free_ram_gb=18.3 sample_sec=1 peer_busy_cores []
WORKER_ENV resnet_env17 COORDINATOR_PYTHON 3.13.15
ARTIFACT passthrough_w8192_c1024 insts_sha256 94e5a6738cc363f80fe0baa8c8a01c87d3665f24be4e4258035a3dbdfc20d44f

-----------------------------
[003d:00:01.1] : NPU Phoenix
-----------------------------
AIE Partitions
  No hardware contexts running on device


WORKER_CMD tools/split_sync_cost.py dml-worker --shm <name>
worker| B_JSON {"chain_us": [35850.4, 39269.7, 37006.9, 36469.5, 36854.9, 38246.7, 36445.5, 41015.6, 36140.0, 37852.2, 36434.9, 36374.9, 39747.8, 41383.0, 39977.8, 38762.2, 38729.3, 40397.0, 38112.2, 40337.7, 37785.1, 37964.3, 38333.0, 36949.7, 36490.4, 36050.2, 37092.4, 38236.7, 36104.4, 37237.9], "providers": ["DmlExecutionProvider", "CPUExecutionProvider"], "onnxruntime": "1.23.3.dev20260320", "python": "3.12.11", "finite": true}
worker| READY
CHAINS_JSON {"steps": 224, "chain_us": {"a": [31872.3, 31879.0, 31779.1, 28783.1, 27923.0, 28823.5, 29779.9, 30432.8, 27819.2, 33524.8, 27691.9, 28590.6, 30623.9, 29546.1, 29126.0, 28197.2, 28200.4, 31765.0, 29955.1, 28942.5, 29512.2, 28662.1, 31134.5, 30148.3, 29219.9, 31884.3, 36680.7, 28795.8, 27323.3, 27618.2], "e": [736.0, 740.7, 761.7, 741.7, 723.0, 736.1, 739.5, 790.5, 723.3, 737.7, 734.6, 728.8, 728.8, 770.1, 732.1, 730.8, 1144.5, 743.3, 740.5, 796.2, 738.9, 778.8, 964.8, 732.0, 743.8, 743.7, 752.1, 764.7, 726.9, 737.5], "c": [42394.3, 43817.5, 37486.2, 39818.3, 37445.5, 37100.5, 39846.7, 42211.3, 40158.7, 40385.9, 40109.1, 38806.3, 38027.5, 37722.4, 37871.7, 41334.9, 37768.6, 44564.1, 38740.0, 40764.1, 41306.1, 39949.1, 41906.2, 38239.9, 39978.6, 44395.0, 39589.7, 38567.4, 38804.1, 36375.4]}, "npu_mismatches": 0, "words": 8192}

-----------------------------
[003d:00:01.1] : NPU Phoenix
-----------------------------
AIE Partitions
  No hardware contexts running on device


GPU_ENGINES_OVER_1PCT 1
GPU_ENGINE pid_31316_luid_0x00000000_0x0000badf_phys_0_eng_0_engtype_3d 2.6

EXIT_CODE: 0
POST_DEVICE_WITNESS

-----------------------------
[003d:00:01.1] : NPU Phoenix
-----------------------------
AIE Partitions
  No hardware contexts running on device


